Executing workflow step 1 of 4: configure preset "ci-StdShar-GNUC"

Preset CMake variables:

  BLOSC2_PACKAGE_NAME:STRING="blosc2"
  BLOSC2_TGZ_NAME:STRING="c-blosc2-2.14.4.tar.gz"
  BLOSC_PACKAGE_NAME:STRING="blosc"
  BLOSC_TGZ_NAME:STRING="c-blosc-1.21.5.tar.gz"
  BLOSC_ZLIB_PACKAGE_NAME:STRING="zlib"
  BLOSC_ZLIB_TGZ_NAME:STRING="zlib-1.3.tar.gz"
  BSHUF_PACKAGE_NAME:STRING="bshuf"
  BSHUF_TGZ_NAME:STRING="bitshuffle-0.5.1.tar.gz"
  BUILD_LZ4_LIBRARY_SOURCE="ON"
  BZ2_PACKAGE_NAME:STRING="bz2"
  BZ2_TGZ_NAME:STRING="bzip2-bzip2-1.0.8.tar.gz"
  CMAKE_BUILD_TYPE="RelWithDebInfo"
  CMAKE_INSTALL_PREFIX:PATH="/home/byrn/HDF_Projects/hdf5/install/ci-StdShar-GNUC"
  CMAKE_TOOLCHAIN_FILE="config/toolchain/gcc.cmake"
  EXAMPLES_DOWNLOAD="ON"
  FPZIP_PACKAGE_NAME:STRING="fpzip"
  FPZIP_TGZ_NAME:STRING="fpzip-1.3.0.tar.gz"
  H5PL_ALLOW_EXTERNAL_SUPPORT:STRING="TGZ"
  HDF5_ALLOW_EXTERNAL_SUPPORT:STRING="TGZ"
  HDF5_BUILD_CPP_LIB="ON"
  HDF5_BUILD_DOC="ON"
  HDF5_BUILD_FORTRAN="ON"
  HDF5_BUILD_GENERATORS="ON"
  HDF5_BUILD_JAVA="ON"
  HDF5_ENABLE_ALL_WARNINGS="ON"
  HDF5_ENABLE_PLUGIN_SUPPORT="ON"
  HDF5_INSTALL_MOD_FORTRAN="NO"
  HDF5_MINGW_STATIC_GCC_LIBS="ON"
  HDF5_PACKAGE_EXTLIBS="ON"
  HDF5_PACK_EXAMPLES="ON"
  HDF_PACKAGE_NAMESPACE:STRING="hdf5::"
  HDF_TEST_EXPRESS="2"
  JPEG_PACKAGE_NAME:STRING="jpeg"
  JPEG_TGZ_NAME:STRING="jpegsrc.v9e.tar.gz"
  LIBAEC_PACKAGE_NAME:STRING="libaec"
  LIBAEC_TGZ_NAME:STRING="libaec-1.0.6.tar.gz"
  LIBAEC_TGZ_ORIGPATH:STRING="https://github.com/MathisRosenhauer/libaec/releases/download/v1.0.6"
  LIBAEC_USE_LOCALCONTENT="OFF"
  LZ4_PACKAGE_NAME:STRING="lz4"
  LZ4_TGZ_NAME:STRING="lz4-1.9.4.tar.gz"
  LZF_PACKAGE_NAME:STRING="lzf"
  LZF_TGZ_NAME:STRING="liblzf-3.6.tar.gz"
  PLUGIN_PACKAGE_NAME:STRING="pl"
  PLUGIN_TGZ_NAME:STRING="hdf5_plugins-master.tar.gz"
  PLUGIN_TGZ_ORIGPATH:STRING="https://github.com/HDFGroup/hdf5_plugins/releases/download/snapshot"
  PLUGIN_USE_LOCALCONTENT="OFF"
  SZ_PACKAGE_NAME:STRING="SZ"
  SZ_TGZ_NAME:STRING="SZ-2.1.12.5.tar.gz"
  TGZPATH:PATH="/home/byrn/HDF_Projects/hdf5/temp"
  ZFP_PACKAGE_NAME:STRING="zfp"
  ZFP_TGZ_NAME:STRING="zfp-1.0.0.tar.gz"
  ZLIB_PACKAGE_NAME:STRING="zlib"
  ZLIB_TGZ_NAME:STRING="zlib-1.3.tar.gz"
  ZLIB_TGZ_ORIGPATH:STRING="https://github.com/madler/zlib/releases/download/v1.3"
  ZLIB_USE_LOCALCONTENT="OFF"
  ZSTD_PACKAGE_NAME:STRING="zstd"
  ZSTD_TGZ_NAME:STRING="zstd-1.5.5.tar.gz"

-- The C compiler identification is GNU 14.0.1
-- Detecting C compiler ABI info
-- Detecting C compiler ABI info - done
-- Check for working C compiler: /usr/bin/cc - skipped
-- Detecting C compile features
-- Detecting C compile features - done
-- Final: share
-- Looking for include file sys/file.h
-- Looking for include file sys/file.h - found
-- Looking for include files sys/file.h, sys/ioctl.h
-- Looking for include files sys/file.h, sys/ioctl.h - found
-- Looking for 3 include files sys/file.h, ..., sys/resource.h
-- Looking for 3 include files sys/file.h, ..., sys/resource.h - found
-- Looking for 4 include files sys/file.h, ..., sys/socket.h
-- Looking for 4 include files sys/file.h, ..., sys/socket.h - found
-- Looking for 5 include files sys/file.h, ..., sys/stat.h
-- Looking for 5 include files sys/file.h, ..., sys/stat.h - found
-- Looking for 6 include files sys/file.h, ..., sys/time.h
-- Looking for 6 include files sys/file.h, ..., sys/time.h - found
-- Looking for 7 include files sys/file.h, ..., sys/types.h
-- Looking for 7 include files sys/file.h, ..., sys/types.h - found
-- Looking for 8 include files sys/file.h, ..., features.h
-- Looking for 8 include files sys/file.h, ..., features.h - found
-- Looking for 9 include files sys/file.h, ..., dirent.h
-- Looking for 9 include files sys/file.h, ..., dirent.h - found
-- Looking for 10 include files sys/file.h, ..., unistd.h
-- Looking for 10 include files sys/file.h, ..., unistd.h - found
-- Looking for 11 include files sys/file.h, ..., pwd.h
-- Looking for 11 include files sys/file.h, ..., pwd.h - found
-- Looking for 12 include files sys/file.h, ..., pthread.h
-- Looking for 12 include files sys/file.h, ..., pthread.h - found
-- Looking for 13 include files sys/file.h, ..., dlfcn.h
-- Looking for 13 include files sys/file.h, ..., dlfcn.h - found
-- Looking for 14 include files sys/file.h, ..., netinet/in.h
-- Looking for 14 include files sys/file.h, ..., netinet/in.h - found
-- Looking for 15 include files sys/file.h, ..., netdb.h
-- Looking for 15 include files sys/file.h, ..., netdb.h - found
-- Looking for 16 include files sys/file.h, ..., arpa/inet.h
-- Looking for 16 include files sys/file.h, ..., arpa/inet.h - found
-- Looking for include file quadmath.h
-- Looking for include file quadmath.h - found
-- Looking for ceil in m;
-- Looking for ceil in m; - found
-- Looking for dlopen in dl;m
-- Looking for dlopen in dl;m - found
-- Looking for WSAStartup in ws2_32;m;dl
-- Looking for WSAStartup in ws2_32;m;dl - not found
-- Looking for gethostbyname in wsock32;m;dl
-- Looking for gethostbyname in wsock32;m;dl - not found
-- Looking for gethostname in ucb;m;dl
-- Looking for gethostname in ucb;m;dl - not found
-- Looking for sys/types.h
-- Looking for sys/types.h - found
-- Looking for stdint.h
-- Looking for stdint.h - found
-- Looking for stddef.h
-- Looking for stddef.h - found
-- Check size of char
-- Check size of char - done
-- Check size of short
-- Check size of short - done
-- Check size of int
-- Check size of int - done
-- Check size of unsigned
-- Check size of unsigned - done
-- Check size of long
-- Check size of long - done
-- Check size of long long
-- Check size of long long - done
-- Check size of float
-- Check size of float - done
-- Check size of double
-- Check size of double - done
-- Check size of long double
-- Check size of long double - done
-- Check size of int8_t
-- Check size of int8_t - done
-- Check size of uint8_t
-- Check size of uint8_t - done
-- Check size of int_least8_t
-- Check size of int_least8_t - done
-- Check size of uint_least8_t
-- Check size of uint_least8_t - done
-- Check size of int_fast8_t
-- Check size of int_fast8_t - done
-- Check size of uint_fast8_t
-- Check size of uint_fast8_t - done
-- Check size of int16_t
-- Check size of int16_t - done
-- Check size of uint16_t
-- Check size of uint16_t - done
-- Check size of int_least16_t
-- Check size of int_least16_t - done
-- Check size of uint_least16_t
-- Check size of uint_least16_t - done
-- Check size of int_fast16_t
-- Check size of int_fast16_t - done
-- Check size of uint_fast16_t
-- Check size of uint_fast16_t - done
-- Check size of int32_t
-- Check size of int32_t - done
-- Check size of uint32_t
-- Check size of uint32_t - done
-- Check size of int_least32_t
-- Check size of int_least32_t - done
-- Check size of uint_least32_t
-- Check size of uint_least32_t - done
-- Check size of int_fast32_t
-- Check size of int_fast32_t - done
-- Check size of uint_fast32_t
-- Check size of uint_fast32_t - done
-- Check size of int64_t
-- Check size of int64_t - done
-- Check size of uint64_t
-- Check size of uint64_t - done
-- Check size of int_least64_t
-- Check size of int_least64_t - done
-- Check size of uint_least64_t
-- Check size of uint_least64_t - done
-- Check size of int_fast64_t
-- Check size of int_fast64_t - done
-- Check size of uint_fast64_t
-- Check size of uint_fast64_t - done
-- Check size of size_t
-- Check size of size_t - done
-- Check size of ssize_t
-- Check size of ssize_t - done
-- Check size of ptrdiff_t
-- Check size of ptrdiff_t - done
-- Check size of off_t
-- Check size of off_t - done
-- Check size of time_t
-- Check size of time_t - done
-- Check size of _Bool
-- Check size of _Bool - done
-- Looking for CLOCK_MONOTONIC
-- Looking for CLOCK_MONOTONIC - not found
-- Performing Test H5_HAVE_TM_GMTOFF
-- Performing Test H5_HAVE_TM_GMTOFF - Success
-- Performing Test H5_HAVE___TM_GMTOFF
-- Performing Test H5_HAVE___TM_GMTOFF - Failed
-- Performing Test H5_HAVE_STRUCT_TIMEZONE
-- Performing Test H5_HAVE_STRUCT_TIMEZONE - Failed
-- Looking for gettimeofday
-- Looking for gettimeofday - found
-- Performing Test H5_HAVE_STAT_ST_BLOCKS
-- Performing Test H5_HAVE_STAT_ST_BLOCKS - Success
-- Looking for ioctl
-- Looking for ioctl - found
-- Performing Test H5_HAVE_STRUCT_VIDEOCONFIG
-- Performing Test H5_HAVE_STRUCT_VIDEOCONFIG - Failed
-- Performing Test H5_HAVE_STRUCT_TEXT_INFO
-- Performing Test H5_HAVE_STRUCT_TEXT_INFO - Failed
-- Looking for _getvideoconfig
-- Looking for _getvideoconfig - not found
-- Looking for gettextinfo
-- Looking for gettextinfo - not found
-- Looking for _scrsize
-- Looking for _scrsize - not found
-- Looking for GetConsoleScreenBufferInfo
-- Looking for GetConsoleScreenBufferInfo - not found
-- Looking for TIOCGWINSZ
-- Looking for TIOCGWINSZ - found
-- Looking for TIOCGETD
-- Looking for TIOCGETD - found
-- Looking for alarm
-- Looking for alarm - found
-- Looking for fcntl
-- Looking for fcntl - found
-- Looking for flock
-- Looking for flock - found
-- Looking for fork
-- Looking for fork - found
-- Looking for gethostname
-- Looking for gethostname - found
-- Looking for getrusage
-- Looking for getrusage - found
-- Looking for pread
-- Looking for pread - found
-- Looking for pwrite
-- Looking for pwrite - found
-- Looking for strcasestr
-- Looking for strcasestr - found
-- Looking for strdup
-- Looking for strdup - found
-- Looking for symlink
-- Looking for symlink - found
-- Looking for tmpfile
-- Looking for tmpfile - found
-- Looking for asprintf
-- Looking for asprintf - found
-- Looking for vasprintf
-- Looking for vasprintf - found
-- Looking for waitpid
-- Looking for waitpid - found
-- Looking for sigsetjmp
-- Looking for sigsetjmp - found
-- Looking for clock_gettime
-- Looking for clock_gettime - found
-- Looking for clock_gettime in rt
-- Looking for clock_gettime in rt - found
-- Looking for clock_gettime in posix4
-- Looking for clock_gettime in posix4 - not found
-- Check size of CLOCK_MONOTONIC_COARSE
-- Check size of CLOCK_MONOTONIC_COARSE - done
-- Check size of __float128
-- Check size of __float128 - done
-- Check size of _Quad
-- Check size of _Quad - failed
-- Testing maximum decimal precision for C - 21;33
-- maximum decimal precision for C var - 33
-- Checking if _Float16 support is available
-- Check size of _Float16
-- Check size of _Float16 - done
-- Looking for FLT16_EPSILON
-- Looking for FLT16_EPSILON - found
-- Looking for FLT16_MIN
-- Looking for FLT16_MIN - found
-- Looking for FLT16_MAX
-- Looking for FLT16_MAX - found
-- Looking for FLT16_MIN_10_EXP
-- Looking for FLT16_MIN_10_EXP - found
-- Looking for FLT16_MAX_10_EXP
-- Looking for FLT16_MAX_10_EXP - found
-- Looking for FLT16_MANT_DIG
-- Looking for FLT16_MANT_DIG - found
-- Looking for fabsf16
-- Looking for fabsf16 - not found
-- Found Perl: /usr/bin/perl (found version "5.38.2") 
-- ... disable color and URL extended diagnostic messages
-- ....All Warnings are enabled
-- Looking for unistd.h
-- Looking for unistd.h - found
-- Looking for memcpy
-- Looking for memcpy - found
-- Looking for vsnprintf
-- Looking for vsnprintf - found
-- Final: share
-- Performing Test HAVE_DECL___BUILTIN_CLZLL
-- Performing Test HAVE_DECL___BUILTIN_CLZLL - Success
-- Final: share
-- Generating 'H5Epubgen.h'
Generating 'H5Einit.h'
Generating 'H5Eterm.h'
Generating 'H5Edefin.h'

-- Generating 'H5version.h'

-- Generating 'H5overflow.h'

-- Found Doxygen: /usr/bin/doxygen (found version "1.10.0") found components: doxygen dot 
-- Doxygen version: 1.10.0
-- Filter PLUGIN file is https://github.com/HDFGroup/hdf5_plugins/releases/download/snapshot/hdf5_plugins-master.tar.gz
-- Final: lib/plugin
-- HDF5 link libs: hdf5-shared Includes: /home/byrn/HDF_Projects/hdf5/dev/src;/home/byrn/HDF_Projects/hdf5/dev/src/H5FDsubfiling;/home/byrn/HDF_Projects/hdf5/build/ci-StdShar-GNUC/src
-- HDF5 link libs: hdf5-shared
-- Final: lib/plugin
-- Configuring for bshuf HDF5 Plugin version: h5bshuf 1.0
-- Looking for include file sys/stat.h
-- Looking for include file sys/stat.h - found
-- Looking for 5 include files sys/stat.h, ..., unistd.h
-- Looking for 5 include files sys/stat.h, ..., unistd.h - found
-- Looking for 6 include files sys/stat.h, ..., io.h
-- Looking for 6 include files sys/stat.h, ..., io.h - not found
-- Looking for 6 include files sys/stat.h, ..., winsock2.h
-- Looking for 6 include files sys/stat.h, ..., winsock2.h - not found
-- Looking for 6 include files sys/stat.h, ..., pthread.h
-- Looking for 6 include files sys/stat.h, ..., pthread.h - found
-- Looking for 7 include files sys/stat.h, ..., string.h
-- Looking for 7 include files sys/stat.h, ..., string.h - found
-- Looking for 8 include files sys/stat.h, ..., strings.h
-- Looking for 8 include files sys/stat.h, ..., strings.h - found
-- Looking for 9 include files sys/stat.h, ..., stdlib.h
-- Looking for 9 include files sys/stat.h, ..., stdlib.h - found
-- Looking for 10 include files sys/stat.h, ..., memory.h
-- Looking for 10 include files sys/stat.h, ..., memory.h - found
-- Looking for 11 include files sys/stat.h, ..., dlfcn.h
-- Looking for 11 include files sys/stat.h, ..., dlfcn.h - found
-- Looking for 12 include files sys/stat.h, ..., fcntl.h
-- Looking for 12 include files sys/stat.h, ..., fcntl.h - found
-- Looking for 13 include files sys/stat.h, ..., inttypes.h
-- Looking for 13 include files sys/stat.h, ..., inttypes.h - found
-- Looking for 14 include files sys/stat.h, ..., stdbool.h
-- Looking for 14 include files sys/stat.h, ..., stdbool.h - found
-- Looking for ceil in m;
-- Looking for ceil in m; - found
-- Looking for dlopen in dl;m
-- Looking for dlopen in dl;m - found
-- Looking for WSAStartup in ws2_32;m;dl
-- Looking for WSAStartup in ws2_32;m;dl - not found
-- Looking for gethostbyname in wsock32;m;dl
-- Looking for gethostbyname in wsock32;m;dl - not found
-- Looking for gethostname in ucb;m;dl
-- Looking for gethostname in ucb;m;dl - not found
-- Check size of char
-- Check size of char - done
-- Check size of short
-- Check size of short - done
-- Check size of int
-- Check size of int - done
-- Check size of unsigned
-- Check size of unsigned - done
-- Check size of long
-- Check size of long - done
-- Check size of long long
-- Check size of long long - done
-- Check size of __int64
-- Check size of __int64 - failed
-- Check size of float
-- Check size of float - done
-- Check size of double
-- Check size of double - done
-- Check size of long double
-- Check size of long double - done
-- Check size of int8_t
-- Check size of int8_t - done
-- Check size of uint8_t
-- Check size of uint8_t - done
-- Check size of int_least8_t
-- Check size of int_least8_t - done
-- Check size of uint_least8_t
-- Check size of uint_least8_t - done
-- Check size of int_fast8_t
-- Check size of int_fast8_t - done
-- Check size of uint_fast8_t
-- Check size of uint_fast8_t - done
-- Check size of int16_t
-- Check size of int16_t - done
-- Check size of uint16_t
-- Check size of uint16_t - done
-- Check size of int_least16_t
-- Check size of int_least16_t - done
-- Check size of uint_least16_t
-- Check size of uint_least16_t - done
-- Check size of int_fast16_t
-- Check size of int_fast16_t - done
-- Check size of uint_fast16_t
-- Check size of uint_fast16_t - done
-- Check size of int32_t
-- Check size of int32_t - done
-- Check size of uint32_t
-- Check size of uint32_t - done
-- Check size of int_least32_t
-- Check size of int_least32_t - done
-- Check size of uint_least32_t
-- Check size of uint_least32_t - done
-- Check size of int_fast32_t
-- Check size of int_fast32_t - done
-- Check size of uint_fast32_t
-- Check size of uint_fast32_t - done
-- Check size of int64_t
-- Check size of int64_t - done
-- Check size of uint64_t
-- Check size of uint64_t - done
-- Check size of int_least64_t
-- Check size of int_least64_t - done
-- Check size of uint_least64_t
-- Check size of uint_least64_t - done
-- Check size of int_fast64_t
-- Check size of int_fast64_t - done
-- Check size of uint_fast64_t
-- Check size of uint_fast64_t - done
-- Check size of size_t
-- Check size of size_t - done
-- Check size of ssize_t
-- Check size of ssize_t - done
-- Check size of ptrdiff_t
-- Check size of ptrdiff_t - done
-- Check size of off_t
-- Check size of off_t - done
-- Check size of off64_t
-- Check size of off64_t - done
-- Check size of time_t
-- Check size of time_t - done
-- Check size of bool
-- Check size of bool - done
-- Looking for vprintf
-- Looking for vprintf - found
-- Looking for _doprnt
-- Looking for _doprnt - not found
-- Looking for memset
-- Looking for memset - found
-- HDF5 link libs: hdf5-shared Includes: /home/byrn/HDF_Projects/hdf5/dev/src;/home/byrn/HDF_Projects/hdf5/dev/src/H5FDsubfiling;/home/byrn/HDF_Projects/hdf5/build/ci-StdShar-GNUC/src
-- H5BSHUF link libs: m;dl;hdf5-shared
-- Final: lib/plugin
-- Configuring for blosc HDF5 Plugin version: h5blosc 1.0.0
-- HDF5 link libs: hdf5-shared Includes: /home/byrn/HDF_Projects/hdf5/dev/src;/home/byrn/HDF_Projects/hdf5/dev/src/H5FDsubfiling;/home/byrn/HDF_Projects/hdf5/build/ci-StdShar-GNUC/src
-- H5BLOSC link libs: m;dl;hdf5-shared
-- Performing Test CMAKE_HAVE_LIBC_PTHREAD
-- Performing Test CMAKE_HAVE_LIBC_PTHREAD - Success
-- Found Threads: TRUE  
-- The ASM compiler identification is GNU
-- Found assembler: /usr/bin/cc
-- Using LZ4 internal sources.
-- Using zlib internal sources.
-- Using ZSTD internal sources.
-- Building for system processor x86_64
-- Adding run-time support for SSE2
-- Adding run-time support for AVX2
-- Adding support for assembly sources in ZSTD
-- BLOSC is built
-- BLOSC is ON
-- Final: lib/plugin
-- Configuring for bz2 HDF5 Plugin version: h5bz2 1.0.0
-- HDF5 link libs: hdf5-shared Includes: /home/byrn/HDF_Projects/hdf5/dev/src;/home/byrn/HDF_Projects/hdf5/dev/src/H5FDsubfiling;/home/byrn/HDF_Projects/hdf5/build/ci-StdShar-GNUC/src
-- H5BZ2 link libs: m;dl;hdf5-shared
-- VERSION: 1.0.8
-- Filter BZ2 is built
-- bz2 found: INC=/home/byrn/HDF_Projects/hdf5/build/ci-StdShar-GNUC/_deps/bz2-src LIBS=bz2-static
-- Final: lib/plugin
-- Configuring for jpeg HDF5 Plugin version: h5jpeg 1.0.0
-- HDF5 link libs: hdf5-shared Includes: /home/byrn/HDF_Projects/hdf5/dev/src;/home/byrn/HDF_Projects/hdf5/dev/src/H5FDsubfiling;/home/byrn/HDF_Projects/hdf5/build/ci-StdShar-GNUC/src
-- H5JPEG link libs: m;dl;hdf5-shared
-- Filter JPEG is built
-- jpeg found: INC=/home/byrn/HDF_Projects/hdf5/build/ci-StdShar-GNUC/_deps/jpeg-src LIBS=jpeg-static
-- Final: lib/plugin
-- Configuring for lzf HDF5 Plugin version: h5lzf 1.0
-- HDF5 link libs: hdf5-shared Includes: /home/byrn/HDF_Projects/hdf5/dev/src;/home/byrn/HDF_Projects/hdf5/dev/src/H5FDsubfiling;/home/byrn/HDF_Projects/hdf5/build/ci-StdShar-GNUC/src
-- H5LZF link libs: m;dl;hdf5-shared
-- Filter LZF is built
-- lzf found: INC=/home/byrn/HDF_Projects/hdf5/build/ci-StdShar-GNUC/_deps/lzf-src TOOLS=lzf-static
-- Final: lib/plugin
-- Configuring for zfp HDF5 Plugin version: h5zfp 1.0
-- HDF5 link libs: hdf5-shared Includes: /home/byrn/HDF_Projects/hdf5/dev/src;/home/byrn/HDF_Projects/hdf5/dev/src/H5FDsubfiling;/home/byrn/HDF_Projects/hdf5/build/ci-StdShar-GNUC/src
-- H5ZFP link libs: m;dl;hdf5-shared
-- The CXX compiler identification is GNU 14.0.1
-- Detecting CXX compiler ABI info
-- Detecting CXX compiler ABI info - done
-- Check for working CXX compiler: /usr/bin/c++ - skipped
-- Detecting CXX compile features
-- Detecting CXX compile features - done
-- Compiling with C standard: 99
-- Compiling with C++ standard: 98
-- Performing Test HAVE_MATH
-- Performing Test HAVE_MATH - Failed
-- Performing Test HAVE_LIBM_MATH
-- Performing Test HAVE_LIBM_MATH - Success
-- Filter ZFP is built
-- zfp found: INC=/home/byrn/HDF_Projects/hdf5/build/ci-StdShar-GNUC/_deps/zfp-src/include TOOLS=zfp
-- Final: lib/plugin
-- Configuring for zstd HDF5 Plugin version: h5zstd 1.0.0
-- HDF5 link libs: hdf5-shared Includes: /home/byrn/HDF_Projects/hdf5/dev/src;/home/byrn/HDF_Projects/hdf5/dev/src/H5FDsubfiling;/home/byrn/HDF_Projects/hdf5/build/ci-StdShar-GNUC/src
-- H5ZSTD link libs: m;dl;hdf5-shared
-- ZSTD VERSION: 1.5.5
-- Performing Test C_FLAG_WALL
-- Performing Test C_FLAG_WALL - Success
-- Performing Test CXX_FLAG_WALL
-- Performing Test CXX_FLAG_WALL - Success
-- Performing Test C_FLAG_WEXTRA
-- Performing Test C_FLAG_WEXTRA - Success
-- Performing Test CXX_FLAG_WEXTRA
-- Performing Test CXX_FLAG_WEXTRA - Success
-- Performing Test C_FLAG_WUNDEF
-- Performing Test C_FLAG_WUNDEF - Success
-- Performing Test CXX_FLAG_WUNDEF
-- Performing Test CXX_FLAG_WUNDEF - Success
-- Performing Test C_FLAG_WSHADOW
-- Performing Test C_FLAG_WSHADOW - Success
-- Performing Test CXX_FLAG_WSHADOW
-- Performing Test CXX_FLAG_WSHADOW - Success
-- Performing Test C_FLAG_WCAST_ALIGN
-- Performing Test C_FLAG_WCAST_ALIGN - Success
-- Performing Test CXX_FLAG_WCAST_ALIGN
-- Performing Test CXX_FLAG_WCAST_ALIGN - Success
-- Performing Test C_FLAG_WCAST_QUAL
-- Performing Test C_FLAG_WCAST_QUAL - Success
-- Performing Test CXX_FLAG_WCAST_QUAL
-- Performing Test CXX_FLAG_WCAST_QUAL - Success
-- Performing Test C_FLAG_WSTRICT_PROTOTYPES
-- Performing Test C_FLAG_WSTRICT_PROTOTYPES - Success
-- Performing Test LD_FLAG_Z_NOEXECSTACK
-- Performing Test LD_FLAG_Z_NOEXECSTACK - Success
-- Performing Test C_FLAG_QUNUSED_ARGUMENTS
-- Performing Test C_FLAG_QUNUSED_ARGUMENTS - Failed
-- Performing Test CXX_FLAG_QUNUSED_ARGUMENTS
-- Performing Test CXX_FLAG_QUNUSED_ARGUMENTS - Failed
-- Performing Test C_FLAG_WA_NOEXECSTACK
-- Performing Test C_FLAG_WA_NOEXECSTACK - Success
-- Performing Test CXX_FLAG_WA_NOEXECSTACK
-- Performing Test CXX_FLAG_WA_NOEXECSTACK - Success
-- CMAKE_INSTALL_PREFIX: /home/byrn/HDF_Projects/hdf5/install/ci-StdShar-GNUC
-- CMAKE_INSTALL_LIBDIR: lib64
-- ZSTD_LEGACY_SUPPORT defined!
-- ZSTD_MULTITHREAD_SUPPORT is enabled
-- Filter ZSTD is built
-- zstd found: INC=/home/byrn/HDF_Projects/hdf5/build/ci-StdShar-GNUC/_deps/zstd-src/lib LIBS=libzstd_static
-- Filter PLUGIN is built
-- Filter PLUGIN is ON
-- Filter PLUGIN is to be packaged
-- The Fortran compiler identification is GNU 14.0.1
-- Detecting Fortran compiler ABI info
-- Detecting Fortran compiler ABI info - done
-- Check for working Fortran compiler: /usr/bin/gfortran - skipped
-- Detecting Fortran/C Interface
-- Detecting Fortran/C Interface - Found GLOBAL and MODULE mangling
-- Verifying Fortran/C Compiler Compatibility
-- Verifying Fortran/C Compiler Compatibility - Success
-- Performing Test H5_FORTRAN_HAVE_SIZEOF
-- Performing Test H5_FORTRAN_HAVE_SIZEOF - Success
-- Performing Test H5_FORTRAN_HAVE_C_SIZEOF
-- Performing Test H5_FORTRAN_HAVE_C_SIZEOF - Success
-- Performing Test H5_FORTRAN_HAVE_STORAGE_SIZE
-- Performing Test H5_FORTRAN_HAVE_STORAGE_SIZE - Success
-- Performing Test H5_FORTRAN_HAVE_ISO_C_BINDING
-- Performing Test H5_FORTRAN_HAVE_ISO_C_BINDING - Success
-- Performing Test FORTRAN_HAVE_C_LONG_DOUBLE
-- Performing Test FORTRAN_HAVE_C_LONG_DOUBLE - Success
-- Performing Test FORTRAN_C_LONG_DOUBLE_IS_UNIQUE
-- Performing Test FORTRAN_C_LONG_DOUBLE_IS_UNIQUE - Success
-- Performing Test FORTRAN_C_BOOL_IS_UNIQUE
-- Performing Test FORTRAN_C_BOOL_IS_UNIQUE - Success
-- Performing Test HAVE_ISO_FORTRAN_ENV
-- Performing Test HAVE_ISO_FORTRAN_ENV - Success
-- Performing Test FORTRAN_CHAR_ALLOC
-- Performing Test FORTRAN_CHAR_ALLOC - Success
-- ....NUMBER OF INTEGER KINDS FOUND 5
-- ....REAL KINDS FOUND {4,8,10,16}
-- ....INTEGER KINDS FOUND {1,2,4,8,16}
-- ....MAX DECIMAL PRECISION 33
-- ....LOGICAL KINDS FOUND {1,2,4,8,16}
-- ....FOUND SIZEOF for REAL KINDs {4,8,16,16}
-- ... disable color and URL extended diagnostic messages
-- ....All Warnings are enabled
-- Found Java: /usr/lib/jvm/java-22-openjdk-22.0.0.0.36-2.rolling.fc40.x86_64/bin/java (found version "22.0.0") 
-- Found JNI: /usr/lib/jvm/java-22-openjdk-22.0.0.0.36-2.rolling.fc40.x86_64/include  found components: AWT JVM 
-- HDF5 Example H5EX_RESOURCES_DIR: /home/byrn/HDF_Projects/hdf5/dev/config/cmake
-- HDF5 H5_LIBVER_DIR: 115 HDF5_API_VERSION: v116
-- HDF5 Example java lib: hdf5_java jars: /home/byrn/HDF_Projects/hdf5/build/ci-StdShar-GNUC/java/src/hdf/hdf5lib/jarhdf5-1.15.0.jar;/home/byrn/HDF_Projects/hdf5/dev/java/lib/slf4j-api-2.0.6.jar
-- HDF5 Example link libs: hdf5-shared;hdf5_fortran-shared Includes: /home/byrn/HDF_Projects/hdf5/dev/src;/home/byrn/HDF_Projects/hdf5/dev/src/H5FDsubfiling;/home/byrn/HDF_Projects/hdf5/build/ci-StdShar-GNUC/src
-- HDF5 link libs: hdf5-shared;hdf5_fortran-shared
-- HDF5 H5_LIBVER_DIR: 115 HDF5_VERSION_MAJOR: 1.15
-- H5EX_HDF5_PLUGIN_PATH=/home/byrn/HDF_Projects/hdf5/build/ci-StdShar-GNUC/plugins
-- Configuring done (14.8s)
-- Generating done (0.4s)
-- Build files have been written to: /home/byrn/HDF_Projects/hdf5/build/ci-StdShar-GNUC

Executing workflow step 2 of 4: build preset "ci-StdShar-GNUC"

Change Dir: '/home/byrn/HDF_Projects/hdf5/build/ci-StdShar-GNUC'

Run Build Command(s): /usr/bin/ninja-build -v -j 8
[1/4114] /usr/bin/cc  -I/home/byrn/HDF_Projects/hdf5/build/ci-StdShar-GNUC/_deps/hdf5_zlib-build -I/home/byrn/HDF_Projects/hdf5/build/ci-StdShar-GNUC/_deps/hdf5_zlib-src -I/home/byrn/HDF_Projects/hdf5/build/ci-StdShar-GNUC/bin -I/home/byrn/HDF_Projects/hdf5/build/ci-StdShar-GNUC -std=c99  -fstdarg-opt -fdiagnostics-urls=never -fno-diagnostics-color -fmessage-length=0 -Wno-strict-prototypes -Wno-implicit-function-declaration -fmessage-length=0 -O2 -g -DNDEBUG -std=gnu99 -fPIC -MD -MT _deps/hdf5_zlib-build/CMakeFiles/zlib-static.dir/gzclose.c.o -MF _deps/hdf5_zlib-build/CMakeFiles/zlib-static.dir/gzclose.c.o.d -o _deps/hdf5_zlib-build/CMakeFiles/zlib-static.dir/gzclose.c.o -c /home/byrn/HDF_Projects/hdf5/build/ci-StdShar-GNUC/_deps/hdf5_zlib-src/gzclose.c
[2/4114] /usr/bin/cc  -I/home/byrn/HDF_Projects/hdf5/build/ci-StdShar-GNUC/_deps/hdf5_zlib-build -I/home/byrn/HDF_Projects/hdf5/build/ci-StdShar-GNUC/_deps/hdf5_zlib-src -I/home/byrn/HDF_Projects/hdf5/build/ci-StdShar-GNUC/bin -I/home/byrn/HDF_Projects/hdf5/build/ci-StdShar-GNUC -std=c99  -fstdarg-opt -fdiagnostics-urls=never -fno-diagnostics-color -fmessage-length=0 -Wno-strict-prototypes -Wno-implicit-function-declaration -fmessage-length=0 -O2 -g -DNDEBUG -std=gnu99 -fPIC -MD -MT _deps/hdf5_zlib-build/CMakeFiles/zlib-static.dir/compress.c.o -MF _deps/hdf5_zlib-build/CMakeFiles/zlib-static.dir/compress.c.o.d -o _deps/hdf5_zlib-build/CMakeFiles/zlib-static.dir/compress.c.o -c /home/byrn/HDF_Projects/hdf5/build/ci-StdShar-GNUC/_deps/hdf5_zlib-src/compress.c
[3/4114] /usr/bin/cc  -I/home/byrn/HDF_Projects/hdf5/build/ci-StdShar-GNUC/_deps/hdf5_zlib-build -I/home/byrn/HDF_Projects/hdf5/build/ci-StdShar-GNUC/_deps/hdf5_zlib-src -I/home/byrn/HDF_Projects/hdf5/build/ci-StdShar-GNUC/bin -I/home/byrn/HDF_Projects/hdf5/build/ci-StdShar-GNUC -std=c99  -fstdarg-opt -fdiagnostics-urls=never -fno-diagnostics-color -fmessage-length=0 -Wno-strict-prototypes -Wno-implicit-function-declaration -fmessage-length=0 -O2 -g -DNDEBUG -std=gnu99 -fPIC -MD -MT _deps/hdf5_zlib-build/CMakeFiles/zlib-static.dir/adler32.c.o -MF _deps/hdf5_zlib-build/CMakeFiles/zlib-static.dir/adler32.c.o.d -o _deps/hdf5_zlib-build/CMakeFiles/zlib-static.dir/adler32.c.o -c /home/byrn/HDF_Projects/hdf5/build/ci-StdShar-GNUC/_deps/hdf5_zlib-src/adler32.c
[4/4114] /usr/bin/cc  -I/home/byrn/HDF_Projects/hdf5/build/ci-StdShar-GNUC/_deps/hdf5_zlib-build -I/home/byrn/HDF_Projects/hdf5/build/ci-StdShar-GNUC/_deps/hdf5_zlib-src -I/home/byrn/HDF_Projects/hdf5/build/ci-StdShar-GNUC/bin -I/home/byrn/HDF_Projects/hdf5/build/ci-StdShar-GNUC -std=c99  -fstdarg-opt -fdiagnostics-urls=never -fno-diagnostics-color -fmessage-length=0 -Wno-strict-prototypes -Wno-implicit-function-declaration -fmessage-length=0 -O2 -g -DNDEBUG -std=gnu99 -fPIC -MD -MT _deps/hdf5_zlib-build/CMakeFiles/zlib-static.dir/gzlib.c.o -MF _deps/hdf5_zlib-build/CMakeFiles/zlib-static.dir/gzlib.c.o.d -o _deps/hdf5_zlib-build/CMakeFiles/zlib-static.dir/gzlib.c.o -c /home/byrn/HDF_Projects/hdf5/build/ci-StdShar-GNUC/_deps/hdf5_zlib-src/gzlib.c
[5/4114] /usr/bin/cc  -I/home/byrn/HDF_Projects/hdf5/build/ci-StdShar-GNUC/_deps/hdf5_zlib-build -I/home/byrn/HDF_Projects/hdf5/build/ci-StdShar-GNUC/_deps/hdf5_zlib-src -I/home/byrn/HDF_Projects/hdf5/build/ci-StdShar-GNUC/bin -I/home/byrn/HDF_Projects/hdf5/build/ci-StdShar-GNUC -std=c99  -fstdarg-opt -fdiagnostics-urls=never -fno-diagnostics-color -fmessage-length=0 -Wno-strict-prototypes -Wno-implicit-function-declaration -fmessage-length=0 -O2 -g -DNDEBUG -std=gnu99 -fPIC -MD -MT _deps/hdf5_zlib-build/CMakeFiles/zlib-static.dir/gzwrite.c.o -MF _deps/hdf5_zlib-build/CMakeFiles/zlib-static.dir/gzwrite.c.o.d -o _deps/hdf5_zlib-build/CMakeFiles/zlib-static.dir/gzwrite.c.o -c /home/byrn/HDF_Projects/hdf5/build/ci-StdShar-GNUC/_deps/hdf5_zlib-src/gzwrite.c
[6/4114] /usr/bin/cc  -I/home/byrn/HDF_Projects/hdf5/build/ci-StdShar-GNUC/_deps/hdf5_zlib-build -I/home/byrn/HDF_Projects/hdf5/build/ci-StdShar-GNUC/_deps/hdf5_zlib-src -I/home/byrn/HDF_Projects/hdf5/build/ci-StdShar-GNUC/bin -I/home/byrn/HDF_Projects/hdf5/build/ci-StdShar-GNUC -std=c99  -fstdarg-opt -fdiagnostics-urls=never -fno-diagnostics-color -fmessage-length=0 -Wno-strict-prototypes -Wno-implicit-function-declaration -fmessage-length=0 -O2 -g -DNDEBUG -std=gnu99 -fPIC -MD -MT _deps/hdf5_zlib-build/CMakeFiles/zlib-static.dir/inftrees.c.o -MF _deps/hdf5_zlib-build/CMakeFiles/zlib-static.dir/inftrees.c.o.d -o _deps/hdf5_zlib-build/CMakeFiles/zlib-static.dir/inftrees.c.o -c /home/byrn/HDF_Projects/hdf5/build/ci-StdShar-GNUC/_deps/hdf5_zlib-src/inftrees.c
[7/4114] /usr/bin/cc  -I/home/byrn/HDF_Projects/hdf5/build/ci-StdShar-GNUC/_deps/hdf5_zlib-build -I/home/byrn/HDF_Projects/hdf5/build/ci-StdShar-GNUC/_deps/hdf5_zlib-src -I/home/byrn/HDF_Projects/hdf5/build/ci-StdShar-GNUC/bin -I/home/byrn/HDF_Projects/hdf5/build/ci-StdShar-GNUC -std=c99  -fstdarg-opt -fdiagnostics-urls=never -fno-diagnostics-color -fmessage-length=0 -Wno-strict-prototypes -Wno-implicit-function-declaration -fmessage-length=0 -O2 -g -DNDEBUG -std=gnu99 -fPIC -MD -MT _deps/hdf5_zlib-build/CMakeFiles/zlib-static.dir/crc32.c.o -MF _deps/hdf5_zlib-build/CMakeFiles/zlib-static.dir/crc32.c.o.d -o _deps/hdf5_zlib-build/CMakeFiles/zlib-static.dir/crc32.c.o -c /home/byrn/HDF_Projects/hdf5/build/ci-StdShar-GNUC/_deps/hdf5_zlib-src/crc32.c
[8/4114] /usr/bin/cc  -I/home/byrn/HDF_Projects/hdf5/build/ci-StdShar-GNUC/_deps/hdf5_zlib-build -I/home/byrn/HDF_Projects/hdf5/build/ci-StdShar-GNUC/_deps/hdf5_zlib-src -I/home/byrn/HDF_Projects/hdf5/build/ci-StdShar-GNUC/bin -I/home/byrn/HDF_Projects/hdf5/build/ci-StdShar-GNUC -std=c99  -fstdarg-opt -fdiagnostics-urls=never -fno-diagnostics-color -fmessage-length=0 -Wno-strict-prototypes -Wno-implicit-function-declaration -fmessage-length=0 -O2 -g -DNDEBUG -std=gnu99 -fPIC -MD -MT _deps/hdf5_zlib-build/CMakeFiles/zlib-static.dir/gzread.c.o -MF _deps/hdf5_zlib-build/CMakeFiles/zlib-static.dir/gzread.c.o.d -o _deps/hdf5_zlib-build/CMakeFiles/zlib-static.dir/gzread.c.o -c /home/byrn/HDF_Projects/hdf5/build/ci-StdShar-GNUC/_deps/hdf5_zlib-src/gzread.c
[9/4114] /usr/bin/cc  -I/home/byrn/HDF_Projects/hdf5/build/ci-StdShar-GNUC/_deps/hdf5_zlib-build -I/home/byrn/HDF_Projects/hdf5/build/ci-StdShar-GNUC/_deps/hdf5_zlib-src -I/home/byrn/HDF_Projects/hdf5/build/ci-StdShar-GNUC/bin -I/home/byrn/HDF_Projects/hdf5/build/ci-StdShar-GNUC -std=c99  -fstdarg-opt -fdiagnostics-urls=never -fno-diagnostics-color -fmessage-length=0 -Wno-strict-prototypes -Wno-implicit-function-declaration -fmessage-length=0 -O2 -g -DNDEBUG -std=gnu99 -fPIC -MD -MT _deps/hdf5_zlib-build/CMakeFiles/zlib-static.dir/uncompr.c.o -MF _deps/hdf5_zlib-build/CMakeFiles/zlib-static.dir/uncompr.c.o.d -o _deps/hdf5_zlib-build/CMakeFiles/zlib-static.dir/uncompr.c.o -c /home/byrn/HDF_Projects/hdf5/build/ci-StdShar-GNUC/_deps/hdf5_zlib-src/uncompr.c
[10/4114] /usr/bin/cc  -I/home/byrn/HDF_Projects/hdf5/build/ci-StdShar-GNUC/_deps/hdf5_zlib-build -I/home/byrn/HDF_Projects/hdf5/build/ci-StdShar-GNUC/_deps/hdf5_zlib-src -I/home/byrn/HDF_Projects/hdf5/build/ci-StdShar-GNUC/bin -I/home/byrn/HDF_Projects/hdf5/build/ci-StdShar-GNUC -std=c99  -fstdarg-opt -fdiagnostics-urls=never -fno-diagnostics-color -fmessage-length=0 -Wno-strict-prototypes -Wno-implicit-function-declaration -fmessage-length=0 -O2 -g -DNDEBUG -std=gnu99 -fPIC -MD -MT _deps/hdf5_zlib-build/CMakeFiles/zlib-static.dir/inffast.c.o -MF _deps/hdf5_zlib-build/CMakeFiles/zlib-static.dir/inffast.c.o.d -o _deps/hdf5_zlib-build/CMakeFiles/zlib-static.dir/inffast.c.o -c /home/byrn/HDF_Projects/hdf5/build/ci-StdShar-GNUC/_deps/hdf5_zlib-src/inffast.c
[11/4114] /usr/bin/cc  -I/home/byrn/HDF_Projects/hdf5/build/ci-StdShar-GNUC/_deps/hdf5_zlib-build -I/home/byrn/HDF_Projects/hdf5/build/ci-StdShar-GNUC/_deps/hdf5_zlib-src -I/home/byrn/HDF_Projects/hdf5/build/ci-StdShar-GNUC/bin -I/home/byrn/HDF_Projects/hdf5/build/ci-StdShar-GNUC -std=c99  -fstdarg-opt -fdiagnostics-urls=never -fno-diagnostics-color -fmessage-length=0 -Wno-strict-prototypes -Wno-implicit-function-declaration -fmessage-length=0 -O2 -g -DNDEBUG -std=gnu99 -fPIC -MD -MT _deps/hdf5_zlib-build/CMakeFiles/zlib-static.dir/zutil.c.o -MF _deps/hdf5_zlib-build/CMakeFiles/zlib-static.dir/zutil.c.o.d -o _deps/hdf5_zlib-build/CMakeFiles/zlib-static.dir/zutil.c.o -c /home/byrn/HDF_Projects/hdf5/build/ci-StdShar-GNUC/_deps/hdf5_zlib-src/zutil.c
[12/4114] /usr/bin/cc  -I/home/byrn/HDF_Projects/hdf5/build/ci-StdShar-GNUC/_deps/hdf5_zlib-build -I/home/byrn/HDF_Projects/hdf5/build/ci-StdShar-GNUC/_deps/hdf5_zlib-src -I/home/byrn/HDF_Projects/hdf5/build/ci-StdShar-GNUC/bin -I/home/byrn/HDF_Projects/hdf5/build/ci-StdShar-GNUC -std=c99  -fstdarg-opt -fdiagnostics-urls=never -fno-diagnostics-color -fmessage-length=0 -Wno-strict-prototypes -Wno-implicit-function-declaration -fmessage-length=0 -O2 -g -DNDEBUG -std=gnu99 -fPIC -MD -MT _deps/hdf5_zlib-build/CMakeFiles/zlib-static.dir/infback.c.o -MF _deps/hdf5_zlib-build/CMakeFiles/zlib-static.dir/infback.c.o.d -o _deps/hdf5_zlib-build/CMakeFiles/zlib-static.dir/infback.c.o -c /home/byrn/HDF_Projects/hdf5/build/ci-StdShar-GNUC/_deps/hdf5_zlib-src/infback.c
[13/4114] /usr/bin/cc  -I/home/byrn/HDF_Projects/hdf5/build/ci-StdShar-GNUC/_deps/szip-build -I/home/byrn/HDF_Projects/hdf5/build/ci-StdShar-GNUC/_deps/szip-src/src -I/home/byrn/HDF_Projects/hdf5/build/ci-StdShar-GNUC/bin -I/home/byrn/HDF_Projects/hdf5/build/ci-StdShar-GNUC/_deps/szip-src -I/home/byrn/HDF_Projects/hdf5/build/ci-StdShar-GNUC/_deps/szip-src/include -I/home/byrn/HDF_Projects/hdf5/build/ci-StdShar-GNUC -std=c99  -fstdarg-opt -fdiagnostics-urls=never -fno-diagnostics-color -fmessage-length=0 -fmessage-length=0 -O2 -g -DNDEBUG -std=gnu99 -fPIC -MD -MT _deps/szip-build/CMakeFiles/aec-static.dir/src/encode_accessors.c.o -MF _deps/szip-build/CMakeFiles/aec-static.dir/src/encode_accessors.c.o.d -o _deps/szip-build/CMakeFiles/aec-static.dir/src/encode_accessors.c.o -c /home/byrn/HDF_Projects/hdf5/build/ci-StdShar-GNUC/_deps/szip-src/src/encode_accessors.c
[14/4114] /usr/bin/cc  -I/home/byrn/HDF_Projects/hdf5/build/ci-StdShar-GNUC/_deps/szip-build -I/home/byrn/HDF_Projects/hdf5/build/ci-StdShar-GNUC/_deps/szip-src/src -I/home/byrn/HDF_Projects/hdf5/build/ci-StdShar-GNUC/bin -I/home/byrn/HDF_Projects/hdf5/build/ci-StdShar-GNUC/_deps/szip-src -I/home/byrn/HDF_Projects/hdf5/build/ci-StdShar-GNUC/_deps/szip-src/include -I/home/byrn/HDF_Projects/hdf5/build/ci-StdShar-GNUC -std=c99  -fstdarg-opt -fdiagnostics-urls=never -fno-diagnostics-color -fmessage-length=0 -fmessage-length=0 -O2 -g -DNDEBUG -std=gnu99 -fPIC -MD -MT _deps/szip-build/CMakeFiles/szaec-static.dir/src/sz_compat.c.o -MF _deps/szip-build/CMakeFiles/szaec-static.dir/src/sz_compat.c.o.d -o _deps/szip-build/CMakeFiles/szaec-static.dir/src/sz_compat.c.o -c /home/byrn/HDF_Projects/hdf5/build/ci-StdShar-GNUC/_deps/szip-src/src/sz_compat.c
[15/4114] /usr/bin/cc -D_FILE_OFFSET_BITS=64 -D_GNU_SOURCE -D_LARGEFILE_SOURCE -D_POSIX_C_SOURCE=200809L -I/home/byrn/HDF_Projects/hdf5/dev/src -I/home/byrn/HDF_Projects/hdf5/dev/src/H5FDsubfiling -I/home/byrn/HDF_Projects/hdf5/build/ci-StdShar-GNUC/src -I/home/byrn/HDF_Projects/hdf5/build/ci-StdShar-GNUC/_deps/hdf5_zlib-build -I/home/byrn/HDF_Projects/hdf5/build/ci-StdShar-GNUC/_deps/hdf5_zlib-src -I/home/byrn/HDF_Projects/hdf5/build/ci-StdShar-GNUC/_deps/szip-build -I/home/byrn/HDF_Projects/hdf5/build/ci-StdShar-GNUC/_deps/szip-src/include -I/home/byrn/HDF_Projects/hdf5/build/ci-StdShar-GNUC/_deps/szip-src -std=c99  -fstdarg-opt -fdiagnostics-urls=never -fno-diagnostics-color -fmessage-length=0 -O2 -g -DNDEBUG -std=gnu99 -fPIC -Wall -Wcast-qual -Wconversion -Wextra -Wfloat-equal -Wformat=2 -Winit-self -Winvalid-pch -Wmissing-include-dirs -Wshadow -Wundef -Wwrite-strings -pedantic -Wno-c++-compat -Wbad-function-cast -Wcast-align -Wformat -Wimplicit-function-declaration -Wint-to-pointer-cast -Wmissing-declarations -Wmissing-prototypes -Wnested-externs -Wold-style-definition -Wpacked -Wpointer-sign -Wpointer-to-int-cast -Wredundant-decls -Wstrict-prototypes -Wswitch -Wunused-but-set-variable -Wunused-variable -Wunused-function -Wunused-parameter -finline-functions -Wno-aggregate-return -Wno-inline -Wno-missing-format-attribute -Wno-missing-noreturn -Wno-overlength-strings -Wlarger-than=2560 -Wlogical-op -Wframe-larger-than=16384 -Wpacked-bitfield-compat -Wsync-nand -Wno-unsuffixed-float-constants -Wdouble-promotion -Wtrampolines -Wstack-usage=8192 -Wmaybe-uninitialized -Wno-jump-misses-init -Wstrict-overflow=2 -Wno-suggest-attribute=const -Wno-suggest-attribute=noreturn -Wno-suggest-attribute=pure -Wno-suggest-attribute=format -Wdate-time -Warray-bounds=2 -Wc99-c11-compat -Wincompatible-pointer-types -Wint-conversion -Wduplicated-cond -Whsa -Wnormalized -Wnull-dereference -Wunused-const-variable -Walloca -Walloc-zero -Wduplicated-branches -Wformat-overflow=2 -Wformat-truncation=1 -Wrestrict -Wattribute-alias -Wshift-overflow=2 -Wcast-function-type -Wcast-align=strict -Wno-suggest-attribute=cold -Wno-suggest-attribute=malloc -Wattribute-alias=2 -Wmissing-profile -Wc11-c2x-compat -MD -MT src/CMakeFiles/hdf5-static.dir/H5build_settings.c.o -MF src/CMakeFiles/hdf5-static.dir/H5build_settings.c.o.d -o src/CMakeFiles/hdf5-static.dir/H5build_settings.c.o -c /home/byrn/HDF_Projects/hdf5/build/ci-StdShar-GNUC/src/H5build_settings.c
[16/4114] /usr/bin/cc  -I/home/byrn/HDF_Projects/hdf5/build/ci-StdShar-GNUC/_deps/hdf5_zlib-build -I/home/byrn/HDF_Projects/hdf5/build/ci-StdShar-GNUC/_deps/hdf5_zlib-src -I/home/byrn/HDF_Projects/hdf5/build/ci-StdShar-GNUC/bin -I/home/byrn/HDF_Projects/hdf5/build/ci-StdShar-GNUC -std=c99  -fstdarg-opt -fdiagnostics-urls=never -fno-diagnostics-color -fmessage-length=0 -Wno-strict-prototypes -Wno-implicit-function-declaration -fmessage-length=0 -O2 -g -DNDEBUG -std=gnu99 -fPIC -MD -MT _deps/hdf5_zlib-build/CMakeFiles/zlib-static.dir/trees.c.o -MF _deps/hdf5_zlib-build/CMakeFiles/zlib-static.dir/trees.c.o.d -o _deps/hdf5_zlib-build/CMakeFiles/zlib-static.dir/trees.c.o -c /home/byrn/HDF_Projects/hdf5/build/ci-StdShar-GNUC/_deps/hdf5_zlib-src/trees.c
[17/4114] /usr/bin/cc  -I/home/byrn/HDF_Projects/hdf5/build/ci-StdShar-GNUC/_deps/szip-build -I/home/byrn/HDF_Projects/hdf5/build/ci-StdShar-GNUC/_deps/szip-src/src -I/home/byrn/HDF_Projects/hdf5/build/ci-StdShar-GNUC/bin -I/home/byrn/HDF_Projects/hdf5/build/ci-StdShar-GNUC/_deps/szip-src -I/home/byrn/HDF_Projects/hdf5/build/ci-StdShar-GNUC/_deps/szip-src/include -I/home/byrn/HDF_Projects/hdf5/build/ci-StdShar-GNUC -std=c99  -fstdarg-opt -fdiagnostics-urls=never -fno-diagnostics-color -fmessage-length=0 -fmessage-length=0 -O2 -g -DNDEBUG -std=gnu99 -fPIC -MD -MT _deps/szip-build/CMakeFiles/aec-static.dir/src/encode.c.o -MF _deps/szip-build/CMakeFiles/aec-static.dir/src/encode.c.o.d -o _deps/szip-build/CMakeFiles/aec-static.dir/src/encode.c.o -c /home/byrn/HDF_Projects/hdf5/build/ci-StdShar-GNUC/_deps/szip-src/src/encode.c
[18/4114] /usr/bin/cc -D_FILE_OFFSET_BITS=64 -D_GNU_SOURCE -D_LARGEFILE_SOURCE -D_POSIX_C_SOURCE=200809L -I/home/byrn/HDF_Projects/hdf5/dev/src -I/home/byrn/HDF_Projects/hdf5/dev/src/H5FDsubfiling -I/home/byrn/HDF_Projects/hdf5/build/ci-StdShar-GNUC/src -I/home/byrn/HDF_Projects/hdf5/build/ci-StdShar-GNUC/_deps/hdf5_zlib-build -I/home/byrn/HDF_Projects/hdf5/build/ci-StdShar-GNUC/_deps/hdf5_zlib-src -I/home/byrn/HDF_Projects/hdf5/build/ci-StdShar-GNUC/_deps/szip-build -I/home/byrn/HDF_Projects/hdf5/build/ci-StdShar-GNUC/_deps/szip-src/include -I/home/byrn/HDF_Projects/hdf5/build/ci-StdShar-GNUC/_deps/szip-src -std=c99  -fstdarg-opt -fdiagnostics-urls=never -fno-diagnostics-color -fmessage-length=0 -O2 -g -DNDEBUG -std=gnu99 -fPIC -Wall -Wcast-qual -Wconversion -Wextra -Wfloat-equal -Wformat=2 -Winit-self -Winvalid-pch -Wmissing-include-dirs -Wshadow -Wundef -Wwrite-strings -pedantic -Wno-c++-compat -Wbad-function-cast -Wcast-align -Wformat -Wimplicit-function-declaration -Wint-to-pointer-cast -Wmissing-declarations -Wmissing-prototypes -Wnested-externs -Wold-style-definition -Wpacked -Wpointer-sign -Wpointer-to-int-cast -Wredundant-decls -Wstrict-prototypes -Wswitch -Wunused-but-set-variable -Wunused-variable -Wunused-function -Wunused-parameter -finline-functions -Wno-aggregate-return -Wno-inline -Wno-missing-format-attribute -Wno-missing-noreturn -Wno-overlength-strings -Wlarger-than=2560 -Wlogical-op -Wframe-larger-than=16384 -Wpacked-bitfield-compat -Wsync-nand -Wno-unsuffixed-float-constants -Wdouble-promotion -Wtrampolines -Wstack-usage=8192 -Wmaybe-uninitialized -Wno-jump-misses-init -Wstrict-overflow=2 -Wno-suggest-attribute=const -Wno-suggest-attribute=noreturn -Wno-suggest-attribute=pure -Wno-suggest-attribute=format -Wdate-time -Warray-bounds=2 -Wc99-c11-compat -Wincompatible-pointer-types -Wint-conversion -Wduplicated-cond -Whsa -Wnormalized -Wnull-dereference -Wunused-const-variable -Walloca -Walloc-zero -Wduplicated-branches -Wformat-overflow=2 -Wformat-truncation=1 -Wrestrict -Wattribute-alias -Wshift-overflow=2 -Wcast-function-type -Wcast-align=strict -Wno-suggest-attribute=cold -Wno-suggest-attribute=malloc -Wattribute-alias=2 -Wmissing-profile -Wc11-c2x-compat -MD -MT src/CMakeFiles/hdf5-static.dir/H5.c.o -MF src/CMakeFiles/hdf5-static.dir/H5.c.o.d -o src/CMakeFiles/hdf5-static.dir/H5.c.o -c /home/byrn/HDF_Projects/hdf5/dev/src/H5.c
[19/4114] /usr/bin/cc -D_FILE_OFFSET_BITS=64 -D_GNU_SOURCE -D_LARGEFILE_SOURCE -D_POSIX_C_SOURCE=200809L -I/home/byrn/HDF_Projects/hdf5/dev/src -I/home/byrn/HDF_Projects/hdf5/dev/src/H5FDsubfiling -I/home/byrn/HDF_Projects/hdf5/build/ci-StdShar-GNUC/src -I/home/byrn/HDF_Projects/hdf5/build/ci-StdShar-GNUC/_deps/hdf5_zlib-build -I/home/byrn/HDF_Projects/hdf5/build/ci-StdShar-GNUC/_deps/hdf5_zlib-src -I/home/byrn/HDF_Projects/hdf5/build/ci-StdShar-GNUC/_deps/szip-build -I/home/byrn/HDF_Projects/hdf5/build/ci-StdShar-GNUC/_deps/szip-src/include -I/home/byrn/HDF_Projects/hdf5/build/ci-StdShar-GNUC/_deps/szip-src -std=c99  -fstdarg-opt -fdiagnostics-urls=never -fno-diagnostics-color -fmessage-length=0 -O2 -g -DNDEBUG -std=gnu99 -fPIC -Wall -Wcast-qual -Wconversion -Wextra -Wfloat-equal -Wformat=2 -Winit-self -Winvalid-pch -Wmissing-include-dirs -Wshadow -Wundef -Wwrite-strings -pedantic -Wno-c++-compat -Wbad-function-cast -Wcast-align -Wformat -Wimplicit-function-declaration -Wint-to-pointer-cast -Wmissing-declarations -Wmissing-prototypes -Wnested-externs -Wold-style-definition -Wpacked -Wpointer-sign -Wpointer-to-int-cast -Wredundant-decls -Wstrict-prototypes -Wswitch -Wunused-but-set-variable -Wunused-variable -Wunused-function -Wunused-parameter -finline-functions -Wno-aggregate-return -Wno-inline -Wno-missing-format-attribute -Wno-missing-noreturn -Wno-overlength-strings -Wlarger-than=2560 -Wlogical-op -Wframe-larger-than=16384 -Wpacked-bitfield-compat -Wsync-nand -Wno-unsuffixed-float-constants -Wdouble-promotion -Wtrampolines -Wstack-usage=8192 -Wmaybe-uninitialized -Wno-jump-misses-init -Wstrict-overflow=2 -Wno-suggest-attribute=const -Wno-suggest-attribute=noreturn -Wno-suggest-attribute=pure -Wno-suggest-attribute=format -Wdate-time -Warray-bounds=2 -Wc99-c11-compat -Wincompatible-pointer-types -Wint-conversion -Wduplicated-cond -Whsa -Wnormalized -Wnull-dereference -Wunused-const-variable -Walloca -Walloc-zero -Wduplicated-branches -Wformat-overflow=2 -Wformat-truncation=1 -Wrestrict -Wattribute-alias -Wshift-overflow=2 -Wcast-function-type -Wcast-align=strict -Wno-suggest-attribute=cold -Wno-suggest-attribute=malloc -Wattribute-alias=2 -Wmissing-profile -Wc11-c2x-compat -MD -MT src/CMakeFiles/hdf5-static.dir/H5mpi.c.o -MF src/CMakeFiles/hdf5-static.dir/H5mpi.c.o.d -o src/CMakeFiles/hdf5-static.dir/H5mpi.c.o -c /home/byrn/HDF_Projects/hdf5/dev/src/H5mpi.c
[20/4114] /usr/bin/cc -D_FILE_OFFSET_BITS=64 -D_GNU_SOURCE -D_LARGEFILE_SOURCE -D_POSIX_C_SOURCE=200809L -I/home/byrn/HDF_Projects/hdf5/dev/src -I/home/byrn/HDF_Projects/hdf5/dev/src/H5FDsubfiling -I/home/byrn/HDF_Projects/hdf5/build/ci-StdShar-GNUC/src -I/home/byrn/HDF_Projects/hdf5/build/ci-StdShar-GNUC/_deps/hdf5_zlib-build -I/home/byrn/HDF_Projects/hdf5/build/ci-StdShar-GNUC/_deps/hdf5_zlib-src -I/home/byrn/HDF_Projects/hdf5/build/ci-StdShar-GNUC/_deps/szip-build -I/home/byrn/HDF_Projects/hdf5/build/ci-StdShar-GNUC/_deps/szip-src/include -I/home/byrn/HDF_Projects/hdf5/build/ci-StdShar-GNUC/_deps/szip-src -std=c99  -fstdarg-opt -fdiagnostics-urls=never -fno-diagnostics-color -fmessage-length=0 -O2 -g -DNDEBUG -std=gnu99 -fPIC -Wall -Wcast-qual -Wconversion -Wextra -Wfloat-equal -Wformat=2 -Winit-self -Winvalid-pch -Wmissing-include-dirs -Wshadow -Wundef -Wwrite-strings -pedantic -Wno-c++-compat -Wbad-function-cast -Wcast-align -Wformat -Wimplicit-function-declaration -Wint-to-pointer-cast -Wmissing-declarations -Wmissing-prototypes -Wnested-externs -Wold-style-definition -Wpacked -Wpointer-sign -Wpointer-to-int-cast -Wredundant-decls -Wstrict-prototypes -Wswitch -Wunused-but-set-variable -Wunused-variable -Wunused-function -Wunused-parameter -finline-functions -Wno-aggregate-return -Wno-inline -Wno-missing-format-attribute -Wno-missing-noreturn -Wno-overlength-strings -Wlarger-than=2560 -Wlogical-op -Wframe-larger-than=16384 -Wpacked-bitfield-compat -Wsync-nand -Wno-unsuffixed-float-constants -Wdouble-promotion -Wtrampolines -Wstack-usage=8192 -Wmaybe-uninitialized -Wno-jump-misses-init -Wstrict-overflow=2 -Wno-suggest-attribute=const -Wno-suggest-attribute=noreturn -Wno-suggest-attribute=pure -Wno-suggest-attribute=format -Wdate-time -Warray-bounds=2 -Wc99-c11-compat -Wincompatible-pointer-types -Wint-conversion -Wduplicated-cond -Whsa -Wnormalized -Wnull-dereference -Wunused-const-variable -Walloca -Walloc-zero -Wduplicated-branches -Wformat-overflow=2 -Wformat-truncation=1 -Wrestrict -Wattribute-alias -Wshift-overflow=2 -Wcast-function-type -Wcast-align=strict -Wno-suggest-attribute=cold -Wno-suggest-attribute=malloc -Wattribute-alias=2 -Wmissing-profile -Wc11-c2x-compat -MD -MT src/CMakeFiles/hdf5-static.dir/H5checksum.c.o -MF src/CMakeFiles/hdf5-static.dir/H5checksum.c.o.d -o src/CMakeFiles/hdf5-static.dir/H5checksum.c.o -c /home/byrn/HDF_Projects/hdf5/dev/src/H5checksum.c
[21/4114] /usr/bin/cc  -I/home/byrn/HDF_Projects/hdf5/build/ci-StdShar-GNUC/_deps/hdf5_zlib-build -I/home/byrn/HDF_Projects/hdf5/build/ci-StdShar-GNUC/_deps/hdf5_zlib-src -I/home/byrn/HDF_Projects/hdf5/build/ci-StdShar-GNUC/bin -I/home/byrn/HDF_Projects/hdf5/build/ci-StdShar-GNUC -std=c99  -fstdarg-opt -fdiagnostics-urls=never -fno-diagnostics-color -fmessage-length=0 -Wno-strict-prototypes -Wno-implicit-function-declaration -fmessage-length=0 -O2 -g -DNDEBUG -std=gnu99 -fPIC -MD -MT _deps/hdf5_zlib-build/CMakeFiles/zlib-static.dir/deflate.c.o -MF _deps/hdf5_zlib-build/CMakeFiles/zlib-static.dir/deflate.c.o.d -o _deps/hdf5_zlib-build/CMakeFiles/zlib-static.dir/deflate.c.o -c /home/byrn/HDF_Projects/hdf5/build/ci-StdShar-GNUC/_deps/hdf5_zlib-src/deflate.c
[22/4114] /usr/bin/cc -D_FILE_OFFSET_BITS=64 -D_GNU_SOURCE -D_LARGEFILE_SOURCE -D_POSIX_C_SOURCE=200809L -I/home/byrn/HDF_Projects/hdf5/dev/src -I/home/byrn/HDF_Projects/hdf5/dev/src/H5FDsubfiling -I/home/byrn/HDF_Projects/hdf5/build/ci-StdShar-GNUC/src -I/home/byrn/HDF_Projects/hdf5/build/ci-StdShar-GNUC/_deps/hdf5_zlib-build -I/home/byrn/HDF_Projects/hdf5/build/ci-StdShar-GNUC/_deps/hdf5_zlib-src -I/home/byrn/HDF_Projects/hdf5/build/ci-StdShar-GNUC/_deps/szip-build -I/home/byrn/HDF_Projects/hdf5/build/ci-StdShar-GNUC/_deps/szip-src/include -I/home/byrn/HDF_Projects/hdf5/build/ci-StdShar-GNUC/_deps/szip-src -std=c99  -fstdarg-opt -fdiagnostics-urls=never -fno-diagnostics-color -fmessage-length=0 -O2 -g -DNDEBUG -std=gnu99 -fPIC -Wall -Wcast-qual -Wconversion -Wextra -Wfloat-equal -Wformat=2 -Winit-self -Winvalid-pch -Wmissing-include-dirs -Wshadow -Wundef -Wwrite-strings -pedantic -Wno-c++-compat -Wbad-function-cast -Wcast-align -Wformat -Wimplicit-function-declaration -Wint-to-pointer-cast -Wmissing-declarations -Wmissing-prototypes -Wnested-externs -Wold-style-definition -Wpacked -Wpointer-sign -Wpointer-to-int-cast -Wredundant-decls -Wstrict-prototypes -Wswitch -Wunused-but-set-variable -Wunused-variable -Wunused-function -Wunused-parameter -finline-functions -Wno-aggregate-return -Wno-inline -Wno-missing-format-attribute -Wno-missing-noreturn -Wno-overlength-strings -Wlarger-than=2560 -Wlogical-op -Wframe-larger-than=16384 -Wpacked-bitfield-compat -Wsync-nand -Wno-unsuffixed-float-constants -Wdouble-promotion -Wtrampolines -Wstack-usage=8192 -Wmaybe-uninitialized -Wno-jump-misses-init -Wstrict-overflow=2 -Wno-suggest-attribute=const -Wno-suggest-attribute=noreturn -Wno-suggest-attribute=pure -Wno-suggest-attribute=format -Wdate-time -Warray-bounds=2 -Wc99-c11-compat -Wincompatible-pointer-types -Wint-conversion -Wduplicated-cond -Whsa -Wnormalized -Wnull-dereference -Wunused-const-variable -Walloca -Walloc-zero -Wduplicated-branches -Wformat-overflow=2 -Wformat-truncation=1 -Wrestrict -Wattribute-alias -Wshift-overflow=2 -Wcast-function-type -Wcast-align=strict -Wno-suggest-attribute=cold -Wno-suggest-attribute=malloc -Wattribute-alias=2 -Wmissing-profile -Wc11-c2x-compat -MD -MT src/CMakeFiles/hdf5-static.dir/H5dbg.c.o -MF src/CMakeFiles/hdf5-static.dir/H5dbg.c.o.d -o src/CMakeFiles/hdf5-static.dir/H5dbg.c.o -c /home/byrn/HDF_Projects/hdf5/dev/src/H5dbg.c
[23/4114] /usr/bin/cc  -I/home/byrn/HDF_Projects/hdf5/build/ci-StdShar-GNUC/_deps/hdf5_zlib-build -I/home/byrn/HDF_Projects/hdf5/build/ci-StdShar-GNUC/_deps/hdf5_zlib-src -I/home/byrn/HDF_Projects/hdf5/build/ci-StdShar-GNUC/bin -I/home/byrn/HDF_Projects/hdf5/build/ci-StdShar-GNUC -std=c99  -fstdarg-opt -fdiagnostics-urls=never -fno-diagnostics-color -fmessage-length=0 -Wno-strict-prototypes -Wno-implicit-function-declaration -fmessage-length=0 -O2 -g -DNDEBUG -std=gnu99 -fPIC -MD -MT _deps/hdf5_zlib-build/CMakeFiles/zlib-static.dir/inflate.c.o -MF _deps/hdf5_zlib-build/CMakeFiles/zlib-static.dir/inflate.c.o.d -o _deps/hdf5_zlib-build/CMakeFiles/zlib-static.dir/inflate.c.o -c /home/byrn/HDF_Projects/hdf5/build/ci-StdShar-GNUC/_deps/hdf5_zlib-src/inflate.c
[24/4114] : && /usr/bin/cmake -E rm -f bin/libzlib.a && /usr/bin/ar qc bin/libzlib.a  _deps/hdf5_zlib-build/CMakeFiles/zlib-static.dir/adler32.c.o _deps/hdf5_zlib-build/CMakeFiles/zlib-static.dir/compress.c.o _deps/hdf5_zlib-build/CMakeFiles/zlib-static.dir/crc32.c.o _deps/hdf5_zlib-build/CMakeFiles/zlib-static.dir/deflate.c.o _deps/hdf5_zlib-build/CMakeFiles/zlib-static.dir/gzclose.c.o _deps/hdf5_zlib-build/CMakeFiles/zlib-static.dir/gzlib.c.o _deps/hdf5_zlib-build/CMakeFiles/zlib-static.dir/gzread.c.o _deps/hdf5_zlib-build/CMakeFiles/zlib-static.dir/gzwrite.c.o _deps/hdf5_zlib-build/CMakeFiles/zlib-static.dir/inflate.c.o _deps/hdf5_zlib-build/CMakeFiles/zlib-static.dir/infback.c.o _deps/hdf5_zlib-build/CMakeFiles/zlib-static.dir/inftrees.c.o _deps/hdf5_zlib-build/CMakeFiles/zlib-static.dir/inffast.c.o _deps/hdf5_zlib-build/CMakeFiles/zlib-static.dir/trees.c.o _deps/hdf5_zlib-build/CMakeFiles/zlib-static.dir/uncompr.c.o _deps/hdf5_zlib-build/CMakeFiles/zlib-static.dir/zutil.c.o && /usr/bin/ranlib bin/libzlib.a && :
[25/4114] /usr/bin/cc  -I/home/byrn/HDF_Projects/hdf5/build/ci-StdShar-GNUC/_deps/szip-build -I/home/byrn/HDF_Projects/hdf5/build/ci-StdShar-GNUC/_deps/szip-src/src -I/home/byrn/HDF_Projects/hdf5/build/ci-StdShar-GNUC/bin -I/home/byrn/HDF_Projects/hdf5/build/ci-StdShar-GNUC/_deps/szip-src -I/home/byrn/HDF_Projects/hdf5/build/ci-StdShar-GNUC/_deps/szip-src/include -I/home/byrn/HDF_Projects/hdf5/build/ci-StdShar-GNUC -std=c99  -fstdarg-opt -fdiagnostics-urls=never -fno-diagnostics-color -fmessage-length=0 -fmessage-length=0 -O2 -g -DNDEBUG -std=gnu99 -fPIC -MD -MT _deps/szip-build/CMakeFiles/aec-static.dir/src/decode.c.o -MF _deps/szip-build/CMakeFiles/aec-static.dir/src/decode.c.o.d -o _deps/szip-build/CMakeFiles/aec-static.dir/src/decode.c.o -c /home/byrn/HDF_Projects/hdf5/build/ci-StdShar-GNUC/_deps/szip-src/src/decode.c
[26/4114] /usr/bin/cc -D_FILE_OFFSET_BITS=64 -D_GNU_SOURCE -D_LARGEFILE_SOURCE -D_POSIX_C_SOURCE=200809L -I/home/byrn/HDF_Projects/hdf5/dev/src -I/home/byrn/HDF_Projects/hdf5/dev/src/H5FDsubfiling -I/home/byrn/HDF_Projects/hdf5/build/ci-StdShar-GNUC/src -I/home/byrn/HDF_Projects/hdf5/build/ci-StdShar-GNUC/_deps/hdf5_zlib-build -I/home/byrn/HDF_Projects/hdf5/build/ci-StdShar-GNUC/_deps/hdf5_zlib-src -I/home/byrn/HDF_Projects/hdf5/build/ci-StdShar-GNUC/_deps/szip-build -I/home/byrn/HDF_Projects/hdf5/build/ci-StdShar-GNUC/_deps/szip-src/include -I/home/byrn/HDF_Projects/hdf5/build/ci-StdShar-GNUC/_deps/szip-src -std=c99  -fstdarg-opt -fdiagnostics-urls=never -fno-diagnostics-color -fmessage-length=0 -O2 -g -DNDEBUG -std=gnu99 -fPIC -Wall -Wcast-qual -Wconversion -Wextra -Wfloat-equal -Wformat=2 -Winit-self -Winvalid-pch -Wmissing-include-dirs -Wshadow -Wundef -Wwrite-strings -pedantic -Wno-c++-compat -Wbad-function-cast -Wcast-align -Wformat -Wimplicit-function-declaration -Wint-to-pointer-cast -Wmissing-declarations -Wmissing-prototypes -Wnested-externs -Wold-style-definition -Wpacked -Wpointer-sign -Wpointer-to-int-cast -Wredundant-decls -Wstrict-prototypes -Wswitch -Wunused-but-set-variable -Wunused-variable -Wunused-function -Wunused-parameter -finline-functions -Wno-aggregate-return -Wno-inline -Wno-missing-format-attribute -Wno-missing-noreturn -Wno-overlength-strings -Wlarger-than=2560 -Wlogical-op -Wframe-larger-than=16384 -Wpacked-bitfield-compat -Wsync-nand -Wno-unsuffixed-float-constants -Wdouble-promotion -Wtrampolines -Wstack-usage=8192 -Wmaybe-uninitialized -Wno-jump-misses-init -Wstrict-overflow=2 -Wno-suggest-attribute=const -Wno-suggest-attribute=noreturn -Wno-suggest-attribute=pure -Wno-suggest-attribute=format -Wdate-time -Warray-bounds=2 -Wc99-c11-compat -Wincompatible-pointer-types -Wint-conversion -Wduplicated-cond -Whsa -Wnormalized -Wnull-dereference -Wunused-const-variable -Walloca -Walloc-zero -Wduplicated-branches -Wformat-overflow=2 -Wformat-truncation=1 -Wrestrict -Wattribute-alias -Wshift-overflow=2 -Wcast-function-type -Wcast-align=strict -Wno-suggest-attribute=cold -Wno-suggest-attribute=malloc -Wattribute-alias=2 -Wmissing-profile -Wc11-c2x-compat -MD -MT src/CMakeFiles/hdf5-static.dir/H5system.c.o -MF src/CMakeFiles/hdf5-static.dir/H5system.c.o.d -o src/CMakeFiles/hdf5-static.dir/H5system.c.o -c /home/byrn/HDF_Projects/hdf5/dev/src/H5system.c
[27/4114] : && /usr/bin/cmake -E rm -f bin/libaec.a && /usr/bin/ar qc bin/libaec.a  _deps/szip-build/CMakeFiles/aec-static.dir/src/encode.c.o _deps/szip-build/CMakeFiles/aec-static.dir/src/encode_accessors.c.o _deps/szip-build/CMakeFiles/aec-static.dir/src/decode.c.o && /usr/bin/ranlib bin/libaec.a && :
[28/4114] /usr/bin/cc -D_FILE_OFFSET_BITS=64 -D_GNU_SOURCE -D_LARGEFILE_SOURCE -D_POSIX_C_SOURCE=200809L -I/home/byrn/HDF_Projects/hdf5/dev/src -I/home/byrn/HDF_Projects/hdf5/dev/src/H5FDsubfiling -I/home/byrn/HDF_Projects/hdf5/build/ci-StdShar-GNUC/src -I/home/byrn/HDF_Projects/hdf5/build/ci-StdShar-GNUC/_deps/hdf5_zlib-build -I/home/byrn/HDF_Projects/hdf5/build/ci-StdShar-GNUC/_deps/hdf5_zlib-src -I/home/byrn/HDF_Projects/hdf5/build/ci-StdShar-GNUC/_deps/szip-build -I/home/byrn/HDF_Projects/hdf5/build/ci-StdShar-GNUC/_deps/szip-src/include -I/home/byrn/HDF_Projects/hdf5/build/ci-StdShar-GNUC/_deps/szip-src -std=c99  -fstdarg-opt -fdiagnostics-urls=never -fno-diagnostics-color -fmessage-length=0 -O2 -g -DNDEBUG -std=gnu99 -fPIC -Wall -Wcast-qual -Wconversion -Wextra -Wfloat-equal -Wformat=2 -Winit-self -Winvalid-pch -Wmissing-include-dirs -Wshadow -Wundef -Wwrite-strings -pedantic -Wno-c++-compat -Wbad-function-cast -Wcast-align -Wformat -Wimplicit-function-declaration -Wint-to-pointer-cast -Wmissing-declarations -Wmissing-prototypes -Wnested-externs -Wold-style-definition -Wpacked -Wpointer-sign -Wpointer-to-int-cast -Wredundant-decls -Wstrict-prototypes -Wswitch -Wunused-but-set-variable -Wunused-variable -Wunused-function -Wunused-parameter -finline-functions -Wno-aggregate-return -Wno-inline -Wno-missing-format-attribute -Wno-missing-noreturn -Wno-overlength-strings -Wlarger-than=2560 -Wlogical-op -Wframe-larger-than=16384 -Wpacked-bitfield-compat -Wsync-nand -Wno-unsuffixed-float-constants -Wdouble-promotion -Wtrampolines -Wstack-usage=8192 -Wmaybe-uninitialized -Wno-jump-misses-init -Wstrict-overflow=2 -Wno-suggest-attribute=const -Wno-suggest-attribute=noreturn -Wno-suggest-attribute=pure -Wno-suggest-attribute=format -Wdate-time -Warray-bounds=2 -Wc99-c11-compat -Wincompatible-pointer-types -Wint-conversion -Wduplicated-cond -Whsa -Wnormalized -Wnull-dereference -Wunused-const-variable -Walloca -Walloc-zero -Wduplicated-branches -Wformat-overflow=2 -Wformat-truncation=1 -Wrestrict -Wattribute-alias -Wshift-overflow=2 -Wcast-function-type -Wcast-align=strict -Wno-suggest-attribute=cold -Wno-suggest-attribute=malloc -Wattribute-alias=2 -Wmissing-profile -Wc11-c2x-compat -MD -MT src/CMakeFiles/hdf5-static.dir/H5timer.c.o -MF src/CMakeFiles/hdf5-static.dir/H5timer.c.o.d -o src/CMakeFiles/hdf5-static.dir/H5timer.c.o -c /home/byrn/HDF_Projects/hdf5/dev/src/H5timer.c
[29/4114] : && /usr/bin/cmake -E rm -f bin/libszaec.a && /usr/bin/ar qc bin/libszaec.a  _deps/szip-build/CMakeFiles/szaec-static.dir/src/sz_compat.c.o && /usr/bin/ranlib bin/libszaec.a && :
[30/4114] /usr/bin/cc -D_FILE_OFFSET_BITS=64 -D_GNU_SOURCE -D_LARGEFILE_SOURCE -D_POSIX_C_SOURCE=200809L -I/home/byrn/HDF_Projects/hdf5/dev/src -I/home/byrn/HDF_Projects/hdf5/dev/src/H5FDsubfiling -I/home/byrn/HDF_Projects/hdf5/build/ci-StdShar-GNUC/src -I/home/byrn/HDF_Projects/hdf5/build/ci-StdShar-GNUC/_deps/hdf5_zlib-build -I/home/byrn/HDF_Projects/hdf5/build/ci-StdShar-GNUC/_deps/hdf5_zlib-src -I/home/byrn/HDF_Projects/hdf5/build/ci-StdShar-GNUC/_deps/szip-build -I/home/byrn/HDF_Projects/hdf5/build/ci-StdShar-GNUC/_deps/szip-src/include -I/home/byrn/HDF_Projects/hdf5/build/ci-StdShar-GNUC/_deps/szip-src -std=c99  -fstdarg-opt -fdiagnostics-urls=never -fno-diagnostics-color -fmessage-length=0 -O2 -g -DNDEBUG -std=gnu99 -fPIC -Wall -Wcast-qual -Wconversion -Wextra -Wfloat-equal -Wformat=2 -Winit-self -Winvalid-pch -Wmissing-include-dirs -Wshadow -Wundef -Wwrite-strings -pedantic -Wno-c++-compat -Wbad-function-cast -Wcast-align -Wformat -Wimplicit-function-declaration -Wint-to-pointer-cast -Wmissing-declarations -Wmissing-prototypes -Wnested-externs -Wold-style-definition -Wpacked -Wpointer-sign -Wpointer-to-int-cast -Wredundant-decls -Wstrict-prototypes -Wswitch -Wunused-but-set-variable -Wunused-variable -Wunused-function -Wunused-parameter -finline-functions -Wno-aggregate-return -Wno-inline -Wno-missing-format-attribute -Wno-missing-noreturn -Wno-overlength-strings -Wlarger-than=2560 -Wlogical-op -Wframe-larger-than=16384 -Wpacked-bitfield-compat -Wsync-nand -Wno-unsuffixed-float-constants -Wdouble-promotion -Wtrampolines -Wstack-usage=8192 -Wmaybe-uninitialized -Wno-jump-misses-init -Wstrict-overflow=2 -Wno-suggest-attribute=const -Wno-suggest-attribute=noreturn -Wno-suggest-attribute=pure -Wno-suggest-attribute=format -Wdate-time -Warray-bounds=2 -Wc99-c11-compat -Wincompatible-pointer-types -Wint-conversion -Wduplicated-cond -Whsa -Wnormalized -Wnull-dereference -Wunused-const-variable -Walloca -Walloc-zero -Wduplicated-branches -Wformat-overflow=2 -Wformat-truncation=1 -Wrestrict -Wattribute-alias -Wshift-overflow=2 -Wcast-function-type -Wcast-align=strict -Wno-suggest-attribute=cold -Wno-suggest-attribute=malloc -Wattribute-alias=2 -Wmissing-profile -Wc11-c2x-compat -MD -MT src/CMakeFiles/hdf5-static.dir/H5Abtree2.c.o -MF src/CMakeFiles/hdf5-static.dir/H5Abtree2.c.o.d -o src/CMakeFiles/hdf5-static.dir/H5Abtree2.c.o -c /home/byrn/HDF_Projects/hdf5/dev/src/H5Abtree2.c
[31/4114] /usr/bin/cc -D_FILE_OFFSET_BITS=64 -D_GNU_SOURCE -D_LARGEFILE_SOURCE -D_POSIX_C_SOURCE=200809L -I/home/byrn/HDF_Projects/hdf5/dev/src -I/home/byrn/HDF_Projects/hdf5/dev/src/H5FDsubfiling -I/home/byrn/HDF_Projects/hdf5/build/ci-StdShar-GNUC/src -I/home/byrn/HDF_Projects/hdf5/build/ci-StdShar-GNUC/_deps/hdf5_zlib-build -I/home/byrn/HDF_Projects/hdf5/build/ci-StdShar-GNUC/_deps/hdf5_zlib-src -I/home/byrn/HDF_Projects/hdf5/build/ci-StdShar-GNUC/_deps/szip-build -I/home/byrn/HDF_Projects/hdf5/build/ci-StdShar-GNUC/_deps/szip-src/include -I/home/byrn/HDF_Projects/hdf5/build/ci-StdShar-GNUC/_deps/szip-src -std=c99  -fstdarg-opt -fdiagnostics-urls=never -fno-diagnostics-color -fmessage-length=0 -O2 -g -DNDEBUG -std=gnu99 -fPIC -Wall -Wcast-qual -Wconversion -Wextra -Wfloat-equal -Wformat=2 -Winit-self -Winvalid-pch -Wmissing-include-dirs -Wshadow -Wundef -Wwrite-strings -pedantic -Wno-c++-compat -Wbad-function-cast -Wcast-align -Wformat -Wimplicit-function-declaration -Wint-to-pointer-cast -Wmissing-declarations -Wmissing-prototypes -Wnested-externs -Wold-style-definition -Wpacked -Wpointer-sign -Wpointer-to-int-cast -Wredundant-decls -Wstrict-prototypes -Wswitch -Wunused-but-set-variable -Wunused-variable -Wunused-function -Wunused-parameter -finline-functions -Wno-aggregate-return -Wno-inline -Wno-missing-format-attribute -Wno-missing-noreturn -Wno-overlength-strings -Wlarger-than=2560 -Wlogical-op -Wframe-larger-than=16384 -Wpacked-bitfield-compat -Wsync-nand -Wno-unsuffixed-float-constants -Wdouble-promotion -Wtrampolines -Wstack-usage=8192 -Wmaybe-uninitialized -Wno-jump-misses-init -Wstrict-overflow=2 -Wno-suggest-attribute=const -Wno-suggest-attribute=noreturn -Wno-suggest-attribute=pure -Wno-suggest-attribute=format -Wdate-time -Warray-bounds=2 -Wc99-c11-compat -Wincompatible-pointer-types -Wint-conversion -Wduplicated-cond -Whsa -Wnormalized -Wnull-dereference -Wunused-const-variable -Walloca -Walloc-zero -Wduplicated-branches -Wformat-overflow=2 -Wformat-truncation=1 -Wrestrict -Wattribute-alias -Wshift-overflow=2 -Wcast-function-type -Wcast-align=strict -Wno-suggest-attribute=cold -Wno-suggest-attribute=malloc -Wattribute-alias=2 -Wmissing-profile -Wc11-c2x-compat -MD -MT src/CMakeFiles/hdf5-static.dir/H5Adeprec.c.o -MF src/CMakeFiles/hdf5-static.dir/H5Adeprec.c.o.d -o src/CMakeFiles/hdf5-static.dir/H5Adeprec.c.o -c /home/byrn/HDF_Projects/hdf5/dev/src/H5Adeprec.c
[32/4114] /usr/bin/cc -D_FILE_OFFSET_BITS=64 -D_GNU_SOURCE -D_LARGEFILE_SOURCE -D_POSIX_C_SOURCE=200809L -I/home/byrn/HDF_Projects/hdf5/dev/src -I/home/byrn/HDF_Projects/hdf5/dev/src/H5FDsubfiling -I/home/byrn/HDF_Projects/hdf5/build/ci-StdShar-GNUC/src -I/home/byrn/HDF_Projects/hdf5/build/ci-StdShar-GNUC/_deps/hdf5_zlib-build -I/home/byrn/HDF_Projects/hdf5/build/ci-StdShar-GNUC/_deps/hdf5_zlib-src -I/home/byrn/HDF_Projects/hdf5/build/ci-StdShar-GNUC/_deps/szip-build -I/home/byrn/HDF_Projects/hdf5/build/ci-StdShar-GNUC/_deps/szip-src/include -I/home/byrn/HDF_Projects/hdf5/build/ci-StdShar-GNUC/_deps/szip-src -std=c99  -fstdarg-opt -fdiagnostics-urls=never -fno-diagnostics-color -fmessage-length=0 -O2 -g -DNDEBUG -std=gnu99 -fPIC -Wall -Wcast-qual -Wconversion -Wextra -Wfloat-equal -Wformat=2 -Winit-self -Winvalid-pch -Wmissing-include-dirs -Wshadow -Wundef -Wwrite-strings -pedantic -Wno-c++-compat -Wbad-function-cast -Wcast-align -Wformat -Wimplicit-function-declaration -Wint-to-pointer-cast -Wmissing-declarations -Wmissing-prototypes -Wnested-externs -Wold-style-definition -Wpacked -Wpointer-sign -Wpointer-to-int-cast -Wredundant-decls -Wstrict-prototypes -Wswitch -Wunused-but-set-variable -Wunused-variable -Wunused-function -Wunused-parameter -finline-functions -Wno-aggregate-return -Wno-inline -Wno-missing-format-attribute -Wno-missing-noreturn -Wno-overlength-strings -Wlarger-than=2560 -Wlogical-op -Wframe-larger-than=16384 -Wpacked-bitfield-compat -Wsync-nand -Wno-unsuffixed-float-constants -Wdouble-promotion -Wtrampolines -Wstack-usage=8192 -Wmaybe-uninitialized -Wno-jump-misses-init -Wstrict-overflow=2 -Wno-suggest-attribute=const -Wno-suggest-attribute=noreturn -Wno-suggest-attribute=pure -Wno-suggest-attribute=format -Wdate-time -Warray-bounds=2 -Wc99-c11-compat -Wincompatible-pointer-types -Wint-conversion -Wduplicated-cond -Whsa -Wnormalized -Wnull-dereference -Wunused-const-variable -Walloca -Walloc-zero -Wduplicated-branches -Wformat-overflow=2 -Wformat-truncation=1 -Wrestrict -Wattribute-alias -Wshift-overflow=2 -Wcast-function-type -Wcast-align=strict -Wno-suggest-attribute=cold -Wno-suggest-attribute=malloc -Wattribute-alias=2 -Wmissing-profile -Wc11-c2x-compat -MD -MT src/CMakeFiles/hdf5-static.dir/H5Atest.c.o -MF src/CMakeFiles/hdf5-static.dir/H5Atest.c.o.d -o src/CMakeFiles/hdf5-static.dir/H5Atest.c.o -c /home/byrn/HDF_Projects/hdf5/dev/src/H5Atest.c
[33/4114] /usr/bin/cc -D_FILE_OFFSET_BITS=64 -D_GNU_SOURCE -D_LARGEFILE_SOURCE -D_POSIX_C_SOURCE=200809L -I/home/byrn/HDF_Projects/hdf5/dev/src -I/home/byrn/HDF_Projects/hdf5/dev/src/H5FDsubfiling -I/home/byrn/HDF_Projects/hdf5/build/ci-StdShar-GNUC/src -I/home/byrn/HDF_Projects/hdf5/build/ci-StdShar-GNUC/_deps/hdf5_zlib-build -I/home/byrn/HDF_Projects/hdf5/build/ci-StdShar-GNUC/_deps/hdf5_zlib-src -I/home/byrn/HDF_Projects/hdf5/build/ci-StdShar-GNUC/_deps/szip-build -I/home/byrn/HDF_Projects/hdf5/build/ci-StdShar-GNUC/_deps/szip-src/include -I/home/byrn/HDF_Projects/hdf5/build/ci-StdShar-GNUC/_deps/szip-src -std=c99  -fstdarg-opt -fdiagnostics-urls=never -fno-diagnostics-color -fmessage-length=0 -O2 -g -DNDEBUG -std=gnu99 -fPIC -Wall -Wcast-qual -Wconversion -Wextra -Wfloat-equal -Wformat=2 -Winit-self -Winvalid-pch -Wmissing-include-dirs -Wshadow -Wundef -Wwrite-strings -pedantic -Wno-c++-compat -Wbad-function-cast -Wcast-align -Wformat -Wimplicit-function-declaration -Wint-to-pointer-cast -Wmissing-declarations -Wmissing-prototypes -Wnested-externs -Wold-style-definition -Wpacked -Wpointer-sign -Wpointer-to-int-cast -Wredundant-decls -Wstrict-prototypes -Wswitch -Wunused-but-set-variable -Wunused-variable -Wunused-function -Wunused-parameter -finline-functions -Wno-aggregate-return -Wno-inline -Wno-missing-format-attribute -Wno-missing-noreturn -Wno-overlength-strings -Wlarger-than=2560 -Wlogical-op -Wframe-larger-than=16384 -Wpacked-bitfield-compat -Wsync-nand -Wno-unsuffixed-float-constants -Wdouble-promotion -Wtrampolines -Wstack-usage=8192 -Wmaybe-uninitialized -Wno-jump-misses-init -Wstrict-overflow=2 -Wno-suggest-attribute=const -Wno-suggest-attribute=noreturn -Wno-suggest-attribute=pure -Wno-suggest-attribute=format -Wdate-time -Warray-bounds=2 -Wc99-c11-compat -Wincompatible-pointer-types -Wint-conversion -Wduplicated-cond -Whsa -Wnormalized -Wnull-dereference -Wunused-const-variable -Walloca -Walloc-zero -Wduplicated-branches -Wformat-overflow=2 -Wformat-truncation=1 -Wrestrict -Wattribute-alias -Wshift-overflow=2 -Wcast-function-type -Wcast-align=strict -Wno-suggest-attribute=cold -Wno-suggest-attribute=malloc -Wattribute-alias=2 -Wmissing-profile -Wc11-c2x-compat -MD -MT src/CMakeFiles/hdf5-static.dir/H5ACmpio.c.o -MF src/CMakeFiles/hdf5-static.dir/H5ACmpio.c.o.d -o src/CMakeFiles/hdf5-static.dir/H5ACmpio.c.o -c /home/byrn/HDF_Projects/hdf5/dev/src/H5ACmpio.c
[34/4114] /usr/bin/cc -D_FILE_OFFSET_BITS=64 -D_GNU_SOURCE -D_LARGEFILE_SOURCE -D_POSIX_C_SOURCE=200809L -I/home/byrn/HDF_Projects/hdf5/dev/src -I/home/byrn/HDF_Projects/hdf5/dev/src/H5FDsubfiling -I/home/byrn/HDF_Projects/hdf5/build/ci-StdShar-GNUC/src -I/home/byrn/HDF_Projects/hdf5/build/ci-StdShar-GNUC/_deps/hdf5_zlib-build -I/home/byrn/HDF_Projects/hdf5/build/ci-StdShar-GNUC/_deps/hdf5_zlib-src -I/home/byrn/HDF_Projects/hdf5/build/ci-StdShar-GNUC/_deps/szip-build -I/home/byrn/HDF_Projects/hdf5/build/ci-StdShar-GNUC/_deps/szip-src/include -I/home/byrn/HDF_Projects/hdf5/build/ci-StdShar-GNUC/_deps/szip-src -std=c99  -fstdarg-opt -fdiagnostics-urls=never -fno-diagnostics-color -fmessage-length=0 -O2 -g -DNDEBUG -std=gnu99 -fPIC -Wall -Wcast-qual -Wconversion -Wextra -Wfloat-equal -Wformat=2 -Winit-self -Winvalid-pch -Wmissing-include-dirs -Wshadow -Wundef -Wwrite-strings -pedantic -Wno-c++-compat -Wbad-function-cast -Wcast-align -Wformat -Wimplicit-function-declaration -Wint-to-pointer-cast -Wmissing-declarations -Wmissing-prototypes -Wnested-externs -Wold-style-definition -Wpacked -Wpointer-sign -Wpointer-to-int-cast -Wredundant-decls -Wstrict-prototypes -Wswitch -Wunused-but-set-variable -Wunused-variable -Wunused-function -Wunused-parameter -finline-functions -Wno-aggregate-return -Wno-inline -Wno-missing-format-attribute -Wno-missing-noreturn -Wno-overlength-strings -Wlarger-than=2560 -Wlogical-op -Wframe-larger-than=16384 -Wpacked-bitfield-compat -Wsync-nand -Wno-unsuffixed-float-constants -Wdouble-promotion -Wtrampolines -Wstack-usage=8192 -Wmaybe-uninitialized -Wno-jump-misses-init -Wstrict-overflow=2 -Wno-suggest-attribute=const -Wno-suggest-attribute=noreturn -Wno-suggest-attribute=pure -Wno-suggest-attribute=format -Wdate-time -Warray-bounds=2 -Wc99-c11-compat -Wincompatible-pointer-types -Wint-conversion -Wduplicated-cond -Whsa -Wnormalized -Wnull-dereference -Wunused-const-variable -Walloca -Walloc-zero -Wduplicated-branches -Wformat-overflow=2 -Wformat-truncation=1 -Wrestrict -Wattribute-alias -Wshift-overflow=2 -Wcast-function-type -Wcast-align=strict -Wno-suggest-attribute=cold -Wno-suggest-attribute=malloc -Wattribute-alias=2 -Wmissing-profile -Wc11-c2x-compat -MD -MT src/CMakeFiles/hdf5-static.dir/H5ACdbg.c.o -MF src/CMakeFiles/hdf5-static.dir/H5ACdbg.c.o.d -o src/CMakeFiles/hdf5-static.dir/H5ACdbg.c.o -c /home/byrn/HDF_Projects/hdf5/dev/src/H5ACdbg.c
[35/4114] /usr/bin/cc -D_FILE_OFFSET_BITS=64 -D_GNU_SOURCE -D_LARGEFILE_SOURCE -D_POSIX_C_SOURCE=200809L -I/home/byrn/HDF_Projects/hdf5/dev/src -I/home/byrn/HDF_Projects/hdf5/dev/src/H5FDsubfiling -I/home/byrn/HDF_Projects/hdf5/build/ci-StdShar-GNUC/src -I/home/byrn/HDF_Projects/hdf5/build/ci-StdShar-GNUC/_deps/hdf5_zlib-build -I/home/byrn/HDF_Projects/hdf5/build/ci-StdShar-GNUC/_deps/hdf5_zlib-src -I/home/byrn/HDF_Projects/hdf5/build/ci-StdShar-GNUC/_deps/szip-build -I/home/byrn/HDF_Projects/hdf5/build/ci-StdShar-GNUC/_deps/szip-src/include -I/home/byrn/HDF_Projects/hdf5/build/ci-StdShar-GNUC/_deps/szip-src -std=c99  -fstdarg-opt -fdiagnostics-urls=never -fno-diagnostics-color -fmessage-length=0 -O2 -g -DNDEBUG -std=gnu99 -fPIC -Wall -Wcast-qual -Wconversion -Wextra -Wfloat-equal -Wformat=2 -Winit-self -Winvalid-pch -Wmissing-include-dirs -Wshadow -Wundef -Wwrite-strings -pedantic -Wno-c++-compat -Wbad-function-cast -Wcast-align -Wformat -Wimplicit-function-declaration -Wint-to-pointer-cast -Wmissing-declarations -Wmissing-prototypes -Wnested-externs -Wold-style-definition -Wpacked -Wpointer-sign -Wpointer-to-int-cast -Wredundant-decls -Wstrict-prototypes -Wswitch -Wunused-but-set-variable -Wunused-variable -Wunused-function -Wunused-parameter -finline-functions -Wno-aggregate-return -Wno-inline -Wno-missing-format-attribute -Wno-missing-noreturn -Wno-overlength-strings -Wlarger-than=2560 -Wlogical-op -Wframe-larger-than=16384 -Wpacked-bitfield-compat -Wsync-nand -Wno-unsuffixed-float-constants -Wdouble-promotion -Wtrampolines -Wstack-usage=8192 -Wmaybe-uninitialized -Wno-jump-misses-init -Wstrict-overflow=2 -Wno-suggest-attribute=const -Wno-suggest-attribute=noreturn -Wno-suggest-attribute=pure -Wno-suggest-attribute=format -Wdate-time -Warray-bounds=2 -Wc99-c11-compat -Wincompatible-pointer-types -Wint-conversion -Wduplicated-cond -Whsa -Wnormalized -Wnull-dereference -Wunused-const-variable -Walloca -Walloc-zero -Wduplicated-branches -Wformat-overflow=2 -Wformat-truncation=1 -Wrestrict -Wattribute-alias -Wshift-overflow=2 -Wcast-function-type -Wcast-align=strict -Wno-suggest-attribute=cold -Wno-suggest-attribute=malloc -Wattribute-alias=2 -Wmissing-profile -Wc11-c2x-compat -MD -MT src/CMakeFiles/hdf5-static.dir/H5ACproxy_entry.c.o -MF src/CMakeFiles/hdf5-static.dir/H5ACproxy_entry.c.o.d -o src/CMakeFiles/hdf5-static.dir/H5ACproxy_entry.c.o -c /home/byrn/HDF_Projects/hdf5/dev/src/H5ACproxy_entry.c
[36/4114] /usr/bin/cc -D_FILE_OFFSET_BITS=64 -D_GNU_SOURCE -D_LARGEFILE_SOURCE -D_POSIX_C_SOURCE=200809L -I/home/byrn/HDF_Projects/hdf5/dev/src -I/home/byrn/HDF_Projects/hdf5/dev/src/H5FDsubfiling -I/home/byrn/HDF_Projects/hdf5/build/ci-StdShar-GNUC/src -I/home/byrn/HDF_Projects/hdf5/build/ci-StdShar-GNUC/_deps/hdf5_zlib-build -I/home/byrn/HDF_Projects/hdf5/build/ci-StdShar-GNUC/_deps/hdf5_zlib-src -I/home/byrn/HDF_Projects/hdf5/build/ci-StdShar-GNUC/_deps/szip-build -I/home/byrn/HDF_Projects/hdf5/build/ci-StdShar-GNUC/_deps/szip-src/include -I/home/byrn/HDF_Projects/hdf5/build/ci-StdShar-GNUC/_deps/szip-src -std=c99  -fstdarg-opt -fdiagnostics-urls=never -fno-diagnostics-color -fmessage-length=0 -O2 -g -DNDEBUG -std=gnu99 -fPIC -Wall -Wcast-qual -Wconversion -Wextra -Wfloat-equal -Wformat=2 -Winit-self -Winvalid-pch -Wmissing-include-dirs -Wshadow -Wundef -Wwrite-strings -pedantic -Wno-c++-compat -Wbad-function-cast -Wcast-align -Wformat -Wimplicit-function-declaration -Wint-to-pointer-cast -Wmissing-declarations -Wmissing-prototypes -Wnested-externs -Wold-style-definition -Wpacked -Wpointer-sign -Wpointer-to-int-cast -Wredundant-decls -Wstrict-prototypes -Wswitch -Wunused-but-set-variable -Wunused-variable -Wunused-function -Wunused-parameter -finline-functions -Wno-aggregate-return -Wno-inline -Wno-missing-format-attribute -Wno-missing-noreturn -Wno-overlength-strings -Wlarger-than=2560 -Wlogical-op -Wframe-larger-than=16384 -Wpacked-bitfield-compat -Wsync-nand -Wno-unsuffixed-float-constants -Wdouble-promotion -Wtrampolines -Wstack-usage=8192 -Wmaybe-uninitialized -Wno-jump-misses-init -Wstrict-overflow=2 -Wno-suggest-attribute=const -Wno-suggest-attribute=noreturn -Wno-suggest-attribute=pure -Wno-suggest-attribute=format -Wdate-time -Warray-bounds=2 -Wc99-c11-compat -Wincompatible-pointer-types -Wint-conversion -Wduplicated-cond -Whsa -Wnormalized -Wnull-dereference -Wunused-const-variable -Walloca -Walloc-zero -Wduplicated-branches -Wformat-overflow=2 -Wformat-truncation=1 -Wrestrict -Wattribute-alias -Wshift-overflow=2 -Wcast-function-type -Wcast-align=strict -Wno-suggest-attribute=cold -Wno-suggest-attribute=malloc -Wattribute-alias=2 -Wmissing-profile -Wc11-c2x-compat -MD -MT src/CMakeFiles/hdf5-static.dir/H5Bcache.c.o -MF src/CMakeFiles/hdf5-static.dir/H5Bcache.c.o.d -o src/CMakeFiles/hdf5-static.dir/H5Bcache.c.o -c /home/byrn/HDF_Projects/hdf5/dev/src/H5Bcache.c
[37/4114] /usr/bin/cc -D_FILE_OFFSET_BITS=64 -D_GNU_SOURCE -D_LARGEFILE_SOURCE -D_POSIX_C_SOURCE=200809L -I/home/byrn/HDF_Projects/hdf5/dev/src -I/home/byrn/HDF_Projects/hdf5/dev/src/H5FDsubfiling -I/home/byrn/HDF_Projects/hdf5/build/ci-StdShar-GNUC/src -I/home/byrn/HDF_Projects/hdf5/build/ci-StdShar-GNUC/_deps/hdf5_zlib-build -I/home/byrn/HDF_Projects/hdf5/build/ci-StdShar-GNUC/_deps/hdf5_zlib-src -I/home/byrn/HDF_Projects/hdf5/build/ci-StdShar-GNUC/_deps/szip-build -I/home/byrn/HDF_Projects/hdf5/build/ci-StdShar-GNUC/_deps/szip-src/include -I/home/byrn/HDF_Projects/hdf5/build/ci-StdShar-GNUC/_deps/szip-src -std=c99  -fstdarg-opt -fdiagnostics-urls=never -fno-diagnostics-color -fmessage-length=0 -O2 -g -DNDEBUG -std=gnu99 -fPIC -Wall -Wcast-qual -Wconversion -Wextra -Wfloat-equal -Wformat=2 -Winit-self -Winvalid-pch -Wmissing-include-dirs -Wshadow -Wundef -Wwrite-strings -pedantic -Wno-c++-compat -Wbad-function-cast -Wcast-align -Wformat -Wimplicit-function-declaration -Wint-to-pointer-cast -Wmissing-declarations -Wmissing-prototypes -Wnested-externs -Wold-style-definition -Wpacked -Wpointer-sign -Wpointer-to-int-cast -Wredundant-decls -Wstrict-prototypes -Wswitch -Wunused-but-set-variable -Wunused-variable -Wunused-function -Wunused-parameter -finline-functions -Wno-aggregate-return -Wno-inline -Wno-missing-format-attribute -Wno-missing-noreturn -Wno-overlength-strings -Wlarger-than=2560 -Wlogical-op -Wframe-larger-than=16384 -Wpacked-bitfield-compat -Wsync-nand -Wno-unsuffixed-float-constants -Wdouble-promotion -Wtrampolines -Wstack-usage=8192 -Wmaybe-uninitialized -Wno-jump-misses-init -Wstrict-overflow=2 -Wno-suggest-attribute=const -Wno-suggest-attribute=noreturn -Wno-suggest-attribute=pure -Wno-suggest-attribute=format -Wdate-time -Warray-bounds=2 -Wc99-c11-compat -Wincompatible-pointer-types -Wint-conversion -Wduplicated-cond -Whsa -Wnormalized -Wnull-dereference -Wunused-const-variable -Walloca -Walloc-zero -Wduplicated-branches -Wformat-overflow=2 -Wformat-truncation=1 -Wrestrict -Wattribute-alias -Wshift-overflow=2 -Wcast-function-type -Wcast-align=strict -Wno-suggest-attribute=cold -Wno-suggest-attribute=malloc -Wattribute-alias=2 -Wmissing-profile -Wc11-c2x-compat -MD -MT src/CMakeFiles/hdf5-static.dir/H5AC.c.o -MF src/CMakeFiles/hdf5-static.dir/H5AC.c.o.d -o src/CMakeFiles/hdf5-static.dir/H5AC.c.o -c /home/byrn/HDF_Projects/hdf5/dev/src/H5AC.c
[38/4114] /usr/bin/cc -D_FILE_OFFSET_BITS=64 -D_GNU_SOURCE -D_LARGEFILE_SOURCE -D_POSIX_C_SOURCE=200809L -I/home/byrn/HDF_Projects/hdf5/dev/src -I/home/byrn/HDF_Projects/hdf5/dev/src/H5FDsubfiling -I/home/byrn/HDF_Projects/hdf5/build/ci-StdShar-GNUC/src -I/home/byrn/HDF_Projects/hdf5/build/ci-StdShar-GNUC/_deps/hdf5_zlib-build -I/home/byrn/HDF_Projects/hdf5/build/ci-StdShar-GNUC/_deps/hdf5_zlib-src -I/home/byrn/HDF_Projects/hdf5/build/ci-StdShar-GNUC/_deps/szip-build -I/home/byrn/HDF_Projects/hdf5/build/ci-StdShar-GNUC/_deps/szip-src/include -I/home/byrn/HDF_Projects/hdf5/build/ci-StdShar-GNUC/_deps/szip-src -std=c99  -fstdarg-opt -fdiagnostics-urls=never -fno-diagnostics-color -fmessage-length=0 -O2 -g -DNDEBUG -std=gnu99 -fPIC -Wall -Wcast-qual -Wconversion -Wextra -Wfloat-equal -Wformat=2 -Winit-self -Winvalid-pch -Wmissing-include-dirs -Wshadow -Wundef -Wwrite-strings -pedantic -Wno-c++-compat -Wbad-function-cast -Wcast-align -Wformat -Wimplicit-function-declaration -Wint-to-pointer-cast -Wmissing-declarations -Wmissing-prototypes -Wnested-externs -Wold-style-definition -Wpacked -Wpointer-sign -Wpointer-to-int-cast -Wredundant-decls -Wstrict-prototypes -Wswitch -Wunused-but-set-variable -Wunused-variable -Wunused-function -Wunused-parameter -finline-functions -Wno-aggregate-return -Wno-inline -Wno-missing-format-attribute -Wno-missing-noreturn -Wno-overlength-strings -Wlarger-than=2560 -Wlogical-op -Wframe-larger-than=16384 -Wpacked-bitfield-compat -Wsync-nand -Wno-unsuffixed-float-constants -Wdouble-promotion -Wtrampolines -Wstack-usage=8192 -Wmaybe-uninitialized -Wno-jump-misses-init -Wstrict-overflow=2 -Wno-suggest-attribute=const -Wno-suggest-attribute=noreturn -Wno-suggest-attribute=pure -Wno-suggest-attribute=format -Wdate-time -Warray-bounds=2 -Wc99-c11-compat -Wincompatible-pointer-types -Wint-conversion -Wduplicated-cond -Whsa -Wnormalized -Wnull-dereference -Wunused-const-variable -Walloca -Walloc-zero -Wduplicated-branches -Wformat-overflow=2 -Wformat-truncation=1 -Wrestrict -Wattribute-alias -Wshift-overflow=2 -Wcast-function-type -Wcast-align=strict -Wno-suggest-attribute=cold -Wno-suggest-attribute=malloc -Wattribute-alias=2 -Wmissing-profile -Wc11-c2x-compat -MD -MT src/CMakeFiles/hdf5-static.dir/H5Adense.c.o -MF src/CMakeFiles/hdf5-static.dir/H5Adense.c.o.d -o src/CMakeFiles/hdf5-static.dir/H5Adense.c.o -c /home/byrn/HDF_Projects/hdf5/dev/src/H5Adense.c
[39/4114] /usr/bin/cc -D_FILE_OFFSET_BITS=64 -D_GNU_SOURCE -D_LARGEFILE_SOURCE -D_POSIX_C_SOURCE=200809L -I/home/byrn/HDF_Projects/hdf5/dev/src -I/home/byrn/HDF_Projects/hdf5/dev/src/H5FDsubfiling -I/home/byrn/HDF_Projects/hdf5/build/ci-StdShar-GNUC/src -I/home/byrn/HDF_Projects/hdf5/build/ci-StdShar-GNUC/_deps/hdf5_zlib-build -I/home/byrn/HDF_Projects/hdf5/build/ci-StdShar-GNUC/_deps/hdf5_zlib-src -I/home/byrn/HDF_Projects/hdf5/build/ci-StdShar-GNUC/_deps/szip-build -I/home/byrn/HDF_Projects/hdf5/build/ci-StdShar-GNUC/_deps/szip-src/include -I/home/byrn/HDF_Projects/hdf5/build/ci-StdShar-GNUC/_deps/szip-src -std=c99  -fstdarg-opt -fdiagnostics-urls=never -fno-diagnostics-color -fmessage-length=0 -O2 -g -DNDEBUG -std=gnu99 -fPIC -Wall -Wcast-qual -Wconversion -Wextra -Wfloat-equal -Wformat=2 -Winit-self -Winvalid-pch -Wmissing-include-dirs -Wshadow -Wundef -Wwrite-strings -pedantic -Wno-c++-compat -Wbad-function-cast -Wcast-align -Wformat -Wimplicit-function-declaration -Wint-to-pointer-cast -Wmissing-declarations -Wmissing-prototypes -Wnested-externs -Wold-style-definition -Wpacked -Wpointer-sign -Wpointer-to-int-cast -Wredundant-decls -Wstrict-prototypes -Wswitch -Wunused-but-set-variable -Wunused-variable -Wunused-function -Wunused-parameter -finline-functions -Wno-aggregate-return -Wno-inline -Wno-missing-format-attribute -Wno-missing-noreturn -Wno-overlength-strings -Wlarger-than=2560 -Wlogical-op -Wframe-larger-than=16384 -Wpacked-bitfield-compat -Wsync-nand -Wno-unsuffixed-float-constants -Wdouble-promotion -Wtrampolines -Wstack-usage=8192 -Wmaybe-uninitialized -Wno-jump-misses-init -Wstrict-overflow=2 -Wno-suggest-attribute=const -Wno-suggest-attribute=noreturn -Wno-suggest-attribute=pure -Wno-suggest-attribute=format -Wdate-time -Warray-bounds=2 -Wc99-c11-compat -Wincompatible-pointer-types -Wint-conversion -Wduplicated-cond -Whsa -Wnormalized -Wnull-dereference -Wunused-const-variable -Walloca -Walloc-zero -Wduplicated-branches -Wformat-overflow=2 -Wformat-truncation=1 -Wrestrict -Wattribute-alias -Wshift-overflow=2 -Wcast-function-type -Wcast-align=strict -Wno-suggest-attribute=cold -Wno-suggest-attribute=malloc -Wattribute-alias=2 -Wmissing-profile -Wc11-c2x-compat -MD -MT src/CMakeFiles/hdf5-static.dir/H5Bdbg.c.o -MF src/CMakeFiles/hdf5-static.dir/H5Bdbg.c.o.d -o src/CMakeFiles/hdf5-static.dir/H5Bdbg.c.o -c /home/byrn/HDF_Projects/hdf5/dev/src/H5Bdbg.c
[40/4114] /usr/bin/cc -D_FILE_OFFSET_BITS=64 -D_GNU_SOURCE -D_LARGEFILE_SOURCE -D_POSIX_C_SOURCE=200809L -I/home/byrn/HDF_Projects/hdf5/dev/src -I/home/byrn/HDF_Projects/hdf5/dev/src/H5FDsubfiling -I/home/byrn/HDF_Projects/hdf5/build/ci-StdShar-GNUC/src -I/home/byrn/HDF_Projects/hdf5/build/ci-StdShar-GNUC/_deps/hdf5_zlib-build -I/home/byrn/HDF_Projects/hdf5/build/ci-StdShar-GNUC/_deps/hdf5_zlib-src -I/home/byrn/HDF_Projects/hdf5/build/ci-StdShar-GNUC/_deps/szip-build -I/home/byrn/HDF_Projects/hdf5/build/ci-StdShar-GNUC/_deps/szip-src/include -I/home/byrn/HDF_Projects/hdf5/build/ci-StdShar-GNUC/_deps/szip-src -std=c99  -fstdarg-opt -fdiagnostics-urls=never -fno-diagnostics-color -fmessage-length=0 -O2 -g -DNDEBUG -std=gnu99 -fPIC -Wall -Wcast-qual -Wconversion -Wextra -Wfloat-equal -Wformat=2 -Winit-self -Winvalid-pch -Wmissing-include-dirs -Wshadow -Wundef -Wwrite-strings -pedantic -Wno-c++-compat -Wbad-function-cast -Wcast-align -Wformat -Wimplicit-function-declaration -Wint-to-pointer-cast -Wmissing-declarations -Wmissing-prototypes -Wnested-externs -Wold-style-definition -Wpacked -Wpointer-sign -Wpointer-to-int-cast -Wredundant-decls -Wstrict-prototypes -Wswitch -Wunused-but-set-variable -Wunused-variable -Wunused-function -Wunused-parameter -finline-functions -Wno-aggregate-return -Wno-inline -Wno-missing-format-attribute -Wno-missing-noreturn -Wno-overlength-strings -Wlarger-than=2560 -Wlogical-op -Wframe-larger-than=16384 -Wpacked-bitfield-compat -Wsync-nand -Wno-unsuffixed-float-constants -Wdouble-promotion -Wtrampolines -Wstack-usage=8192 -Wmaybe-uninitialized -Wno-jump-misses-init -Wstrict-overflow=2 -Wno-suggest-attribute=const -Wno-suggest-attribute=noreturn -Wno-suggest-attribute=pure -Wno-suggest-attribute=format -Wdate-time -Warray-bounds=2 -Wc99-c11-compat -Wincompatible-pointer-types -Wint-conversion -Wduplicated-cond -Whsa -Wnormalized -Wnull-dereference -Wunused-const-variable -Walloca -Walloc-zero -Wduplicated-branches -Wformat-overflow=2 -Wformat-truncation=1 -Wrestrict -Wattribute-alias -Wshift-overflow=2 -Wcast-function-type -Wcast-align=strict -Wno-suggest-attribute=cold -Wno-suggest-attribute=malloc -Wattribute-alias=2 -Wmissing-profile -Wc11-c2x-compat -MD -MT src/CMakeFiles/hdf5-static.dir/H5Aint.c.o -MF src/CMakeFiles/hdf5-static.dir/H5Aint.c.o.d -o src/CMakeFiles/hdf5-static.dir/H5Aint.c.o -c /home/byrn/HDF_Projects/hdf5/dev/src/H5Aint.c
[41/4114] /usr/bin/cc -D_FILE_OFFSET_BITS=64 -D_GNU_SOURCE -D_LARGEFILE_SOURCE -D_POSIX_C_SOURCE=200809L -I/home/byrn/HDF_Projects/hdf5/dev/src -I/home/byrn/HDF_Projects/hdf5/dev/src/H5FDsubfiling -I/home/byrn/HDF_Projects/hdf5/build/ci-StdShar-GNUC/src -I/home/byrn/HDF_Projects/hdf5/build/ci-StdShar-GNUC/_deps/hdf5_zlib-build -I/home/byrn/HDF_Projects/hdf5/build/ci-StdShar-GNUC/_deps/hdf5_zlib-src -I/home/byrn/HDF_Projects/hdf5/build/ci-StdShar-GNUC/_deps/szip-build -I/home/byrn/HDF_Projects/hdf5/build/ci-StdShar-GNUC/_deps/szip-src/include -I/home/byrn/HDF_Projects/hdf5/build/ci-StdShar-GNUC/_deps/szip-src -std=c99  -fstdarg-opt -fdiagnostics-urls=never -fno-diagnostics-color -fmessage-length=0 -O2 -g -DNDEBUG -std=gnu99 -fPIC -Wall -Wcast-qual -Wconversion -Wextra -Wfloat-equal -Wformat=2 -Winit-self -Winvalid-pch -Wmissing-include-dirs -Wshadow -Wundef -Wwrite-strings -pedantic -Wno-c++-compat -Wbad-function-cast -Wcast-align -Wformat -Wimplicit-function-declaration -Wint-to-pointer-cast -Wmissing-declarations -Wmissing-prototypes -Wnested-externs -Wold-style-definition -Wpacked -Wpointer-sign -Wpointer-to-int-cast -Wredundant-decls -Wstrict-prototypes -Wswitch -Wunused-but-set-variable -Wunused-variable -Wunused-function -Wunused-parameter -finline-functions -Wno-aggregate-return -Wno-inline -Wno-missing-format-attribute -Wno-missing-noreturn -Wno-overlength-strings -Wlarger-than=2560 -Wlogical-op -Wframe-larger-than=16384 -Wpacked-bitfield-compat -Wsync-nand -Wno-unsuffixed-float-constants -Wdouble-promotion -Wtrampolines -Wstack-usage=8192 -Wmaybe-uninitialized -Wno-jump-misses-init -Wstrict-overflow=2 -Wno-suggest-attribute=const -Wno-suggest-attribute=noreturn -Wno-suggest-attribute=pure -Wno-suggest-attribute=format -Wdate-time -Warray-bounds=2 -Wc99-c11-compat -Wincompatible-pointer-types -Wint-conversion -Wduplicated-cond -Whsa -Wnormalized -Wnull-dereference -Wunused-const-variable -Walloca -Walloc-zero -Wduplicated-branches -Wformat-overflow=2 -Wformat-truncation=1 -Wrestrict -Wattribute-alias -Wshift-overflow=2 -Wcast-function-type -Wcast-align=strict -Wno-suggest-attribute=cold -Wno-suggest-attribute=malloc -Wattribute-alias=2 -Wmissing-profile -Wc11-c2x-compat -MD -MT src/CMakeFiles/hdf5-static.dir/H5B2dbg.c.o -MF src/CMakeFiles/hdf5-static.dir/H5B2dbg.c.o.d -o src/CMakeFiles/hdf5-static.dir/H5B2dbg.c.o -c /home/byrn/HDF_Projects/hdf5/dev/src/H5B2dbg.c
[42/4114] /usr/bin/cc -D_FILE_OFFSET_BITS=64 -D_GNU_SOURCE -D_LARGEFILE_SOURCE -D_POSIX_C_SOURCE=200809L -I/home/byrn/HDF_Projects/hdf5/dev/src -I/home/byrn/HDF_Projects/hdf5/dev/src/H5FDsubfiling -I/home/byrn/HDF_Projects/hdf5/build/ci-StdShar-GNUC/src -I/home/byrn/HDF_Projects/hdf5/build/ci-StdShar-GNUC/_deps/hdf5_zlib-build -I/home/byrn/HDF_Projects/hdf5/build/ci-StdShar-GNUC/_deps/hdf5_zlib-src -I/home/byrn/HDF_Projects/hdf5/build/ci-StdShar-GNUC/_deps/szip-build -I/home/byrn/HDF_Projects/hdf5/build/ci-StdShar-GNUC/_deps/szip-src/include -I/home/byrn/HDF_Projects/hdf5/build/ci-StdShar-GNUC/_deps/szip-src -std=c99  -fstdarg-opt -fdiagnostics-urls=never -fno-diagnostics-color -fmessage-length=0 -O2 -g -DNDEBUG -std=gnu99 -fPIC -Wall -Wcast-qual -Wconversion -Wextra -Wfloat-equal -Wformat=2 -Winit-self -Winvalid-pch -Wmissing-include-dirs -Wshadow -Wundef -Wwrite-strings -pedantic -Wno-c++-compat -Wbad-function-cast -Wcast-align -Wformat -Wimplicit-function-declaration -Wint-to-pointer-cast -Wmissing-declarations -Wmissing-prototypes -Wnested-externs -Wold-style-definition -Wpacked -Wpointer-sign -Wpointer-to-int-cast -Wredundant-decls -Wstrict-prototypes -Wswitch -Wunused-but-set-variable -Wunused-variable -Wunused-function -Wunused-parameter -finline-functions -Wno-aggregate-return -Wno-inline -Wno-missing-format-attribute -Wno-missing-noreturn -Wno-overlength-strings -Wlarger-than=2560 -Wlogical-op -Wframe-larger-than=16384 -Wpacked-bitfield-compat -Wsync-nand -Wno-unsuffixed-float-constants -Wdouble-promotion -Wtrampolines -Wstack-usage=8192 -Wmaybe-uninitialized -Wno-jump-misses-init -Wstrict-overflow=2 -Wno-suggest-attribute=const -Wno-suggest-attribute=noreturn -Wno-suggest-attribute=pure -Wno-suggest-attribute=format -Wdate-time -Warray-bounds=2 -Wc99-c11-compat -Wincompatible-pointer-types -Wint-conversion -Wduplicated-cond -Whsa -Wnormalized -Wnull-dereference -Wunused-const-variable -Walloca -Walloc-zero -Wduplicated-branches -Wformat-overflow=2 -Wformat-truncation=1 -Wrestrict -Wattribute-alias -Wshift-overflow=2 -Wcast-function-type -Wcast-align=strict -Wno-suggest-attribute=cold -Wno-suggest-attribute=malloc -Wattribute-alias=2 -Wmissing-profile -Wc11-c2x-compat -MD -MT src/CMakeFiles/hdf5-static.dir/H5B.c.o -MF src/CMakeFiles/hdf5-static.dir/H5B.c.o.d -o src/CMakeFiles/hdf5-static.dir/H5B.c.o -c /home/byrn/HDF_Projects/hdf5/dev/src/H5B.c
In file included from /home/byrn/HDF_Projects/hdf5/dev/src/H5B.c:100:
/home/byrn/HDF_Projects/hdf5/dev/src/H5B.c: In function ‘H5B__remove_helper’:
/home/byrn/HDF_Projects/hdf5/dev/src/H5B.c:1429:46: warning: potential null pointer dereference [-Wnull-dereference]
 1429 |     if (*lt_key_changed && H5_addr_defined(bt->left)) {
/home/byrn/HDF_Projects/hdf5/dev/src/H5private.h:449:36: note: in definition of macro ‘H5_addr_defined’
  449 | #define H5_addr_defined(X)       ((X) != HADDR_UNDEF)
      |                                    ^
/home/byrn/HDF_Projects/hdf5/dev/src/H5B.c:1444:51: warning: potential null pointer dereference [-Wnull-dereference]
 1444 |     else if (*rt_key_changed && H5_addr_defined(bt->right)) {
/home/byrn/HDF_Projects/hdf5/dev/src/H5private.h:449:36: note: in definition of macro ‘H5_addr_defined’
  449 | #define H5_addr_defined(X)       ((X) != HADDR_UNDEF)
      |                                    ^
[43/4114] /usr/bin/cc -D_FILE_OFFSET_BITS=64 -D_GNU_SOURCE -D_LARGEFILE_SOURCE -D_POSIX_C_SOURCE=200809L -I/home/byrn/HDF_Projects/hdf5/dev/src -I/home/byrn/HDF_Projects/hdf5/dev/src/H5FDsubfiling -I/home/byrn/HDF_Projects/hdf5/build/ci-StdShar-GNUC/src -I/home/byrn/HDF_Projects/hdf5/build/ci-StdShar-GNUC/_deps/hdf5_zlib-build -I/home/byrn/HDF_Projects/hdf5/build/ci-StdShar-GNUC/_deps/hdf5_zlib-src -I/home/byrn/HDF_Projects/hdf5/build/ci-StdShar-GNUC/_deps/szip-build -I/home/byrn/HDF_Projects/hdf5/build/ci-StdShar-GNUC/_deps/szip-src/include -I/home/byrn/HDF_Projects/hdf5/build/ci-StdShar-GNUC/_deps/szip-src -std=c99  -fstdarg-opt -fdiagnostics-urls=never -fno-diagnostics-color -fmessage-length=0 -O2 -g -DNDEBUG -std=gnu99 -fPIC -Wall -Wcast-qual -Wconversion -Wextra -Wfloat-equal -Wformat=2 -Winit-self -Winvalid-pch -Wmissing-include-dirs -Wshadow -Wundef -Wwrite-strings -pedantic -Wno-c++-compat -Wbad-function-cast -Wcast-align -Wformat -Wimplicit-function-declaration -Wint-to-pointer-cast -Wmissing-declarations -Wmissing-prototypes -Wnested-externs -Wold-style-definition -Wpacked -Wpointer-sign -Wpointer-to-int-cast -Wredundant-decls -Wstrict-prototypes -Wswitch -Wunused-but-set-variable -Wunused-variable -Wunused-function -Wunused-parameter -finline-functions -Wno-aggregate-return -Wno-inline -Wno-missing-format-attribute -Wno-missing-noreturn -Wno-overlength-strings -Wlarger-than=2560 -Wlogical-op -Wframe-larger-than=16384 -Wpacked-bitfield-compat -Wsync-nand -Wno-unsuffixed-float-constants -Wdouble-promotion -Wtrampolines -Wstack-usage=8192 -Wmaybe-uninitialized -Wno-jump-misses-init -Wstrict-overflow=2 -Wno-suggest-attribute=const -Wno-suggest-attribute=noreturn -Wno-suggest-attribute=pure -Wno-suggest-attribute=format -Wdate-time -Warray-bounds=2 -Wc99-c11-compat -Wincompatible-pointer-types -Wint-conversion -Wduplicated-cond -Whsa -Wnormalized -Wnull-dereference -Wunused-const-variable -Walloca -Walloc-zero -Wduplicated-branches -Wformat-overflow=2 -Wformat-truncation=1 -Wrestrict -Wattribute-alias -Wshift-overflow=2 -Wcast-function-type -Wcast-align=strict -Wno-suggest-attribute=cold -Wno-suggest-attribute=malloc -Wattribute-alias=2 -Wmissing-profile -Wc11-c2x-compat -MD -MT src/CMakeFiles/hdf5-static.dir/H5B2hdr.c.o -MF src/CMakeFiles/hdf5-static.dir/H5B2hdr.c.o.d -o src/CMakeFiles/hdf5-static.dir/H5B2hdr.c.o -c /home/byrn/HDF_Projects/hdf5/dev/src/H5B2hdr.c
[44/4114] /usr/bin/cc -D_FILE_OFFSET_BITS=64 -D_GNU_SOURCE -D_LARGEFILE_SOURCE -D_POSIX_C_SOURCE=200809L -I/home/byrn/HDF_Projects/hdf5/dev/src -I/home/byrn/HDF_Projects/hdf5/dev/src/H5FDsubfiling -I/home/byrn/HDF_Projects/hdf5/build/ci-StdShar-GNUC/src -I/home/byrn/HDF_Projects/hdf5/build/ci-StdShar-GNUC/_deps/hdf5_zlib-build -I/home/byrn/HDF_Projects/hdf5/build/ci-StdShar-GNUC/_deps/hdf5_zlib-src -I/home/byrn/HDF_Projects/hdf5/build/ci-StdShar-GNUC/_deps/szip-build -I/home/byrn/HDF_Projects/hdf5/build/ci-StdShar-GNUC/_deps/szip-src/include -I/home/byrn/HDF_Projects/hdf5/build/ci-StdShar-GNUC/_deps/szip-src -std=c99  -fstdarg-opt -fdiagnostics-urls=never -fno-diagnostics-color -fmessage-length=0 -O2 -g -DNDEBUG -std=gnu99 -fPIC -Wall -Wcast-qual -Wconversion -Wextra -Wfloat-equal -Wformat=2 -Winit-self -Winvalid-pch -Wmissing-include-dirs -Wshadow -Wundef -Wwrite-strings -pedantic -Wno-c++-compat -Wbad-function-cast -Wcast-align -Wformat -Wimplicit-function-declaration -Wint-to-pointer-cast -Wmissing-declarations -Wmissing-prototypes -Wnested-externs -Wold-style-definition -Wpacked -Wpointer-sign -Wpointer-to-int-cast -Wredundant-decls -Wstrict-prototypes -Wswitch -Wunused-but-set-variable -Wunused-variable -Wunused-function -Wunused-parameter -finline-functions -Wno-aggregate-return -Wno-inline -Wno-missing-format-attribute -Wno-missing-noreturn -Wno-overlength-strings -Wlarger-than=2560 -Wlogical-op -Wframe-larger-than=16384 -Wpacked-bitfield-compat -Wsync-nand -Wno-unsuffixed-float-constants -Wdouble-promotion -Wtrampolines -Wstack-usage=8192 -Wmaybe-uninitialized -Wno-jump-misses-init -Wstrict-overflow=2 -Wno-suggest-attribute=const -Wno-suggest-attribute=noreturn -Wno-suggest-attribute=pure -Wno-suggest-attribute=format -Wdate-time -Warray-bounds=2 -Wc99-c11-compat -Wincompatible-pointer-types -Wint-conversion -Wduplicated-cond -Whsa -Wnormalized -Wnull-dereference -Wunused-const-variable -Walloca -Walloc-zero -Wduplicated-branches -Wformat-overflow=2 -Wformat-truncation=1 -Wrestrict -Wattribute-alias -Wshift-overflow=2 -Wcast-function-type -Wcast-align=strict -Wno-suggest-attribute=cold -Wno-suggest-attribute=malloc -Wattribute-alias=2 -Wmissing-profile -Wc11-c2x-compat -MD -MT src/CMakeFiles/hdf5-static.dir/H5B2cache.c.o -MF src/CMakeFiles/hdf5-static.dir/H5B2cache.c.o.d -o src/CMakeFiles/hdf5-static.dir/H5B2cache.c.o -c /home/byrn/HDF_Projects/hdf5/dev/src/H5B2cache.c
[45/4114] /usr/bin/cc -D_FILE_OFFSET_BITS=64 -D_GNU_SOURCE -D_LARGEFILE_SOURCE -D_POSIX_C_SOURCE=200809L -I/home/byrn/HDF_Projects/hdf5/dev/src -I/home/byrn/HDF_Projects/hdf5/dev/src/H5FDsubfiling -I/home/byrn/HDF_Projects/hdf5/build/ci-StdShar-GNUC/src -I/home/byrn/HDF_Projects/hdf5/build/ci-StdShar-GNUC/_deps/hdf5_zlib-build -I/home/byrn/HDF_Projects/hdf5/build/ci-StdShar-GNUC/_deps/hdf5_zlib-src -I/home/byrn/HDF_Projects/hdf5/build/ci-StdShar-GNUC/_deps/szip-build -I/home/byrn/HDF_Projects/hdf5/build/ci-StdShar-GNUC/_deps/szip-src/include -I/home/byrn/HDF_Projects/hdf5/build/ci-StdShar-GNUC/_deps/szip-src -std=c99  -fstdarg-opt -fdiagnostics-urls=never -fno-diagnostics-color -fmessage-length=0 -O2 -g -DNDEBUG -std=gnu99 -fPIC -Wall -Wcast-qual -Wconversion -Wextra -Wfloat-equal -Wformat=2 -Winit-self -Winvalid-pch -Wmissing-include-dirs -Wshadow -Wundef -Wwrite-strings -pedantic -Wno-c++-compat -Wbad-function-cast -Wcast-align -Wformat -Wimplicit-function-declaration -Wint-to-pointer-cast -Wmissing-declarations -Wmissing-prototypes -Wnested-externs -Wold-style-definition -Wpacked -Wpointer-sign -Wpointer-to-int-cast -Wredundant-decls -Wstrict-prototypes -Wswitch -Wunused-but-set-variable -Wunused-variable -Wunused-function -Wunused-parameter -finline-functions -Wno-aggregate-return -Wno-inline -Wno-missing-format-attribute -Wno-missing-noreturn -Wno-overlength-strings -Wlarger-than=2560 -Wlogical-op -Wframe-larger-than=16384 -Wpacked-bitfield-compat -Wsync-nand -Wno-unsuffixed-float-constants -Wdouble-promotion -Wtrampolines -Wstack-usage=8192 -Wmaybe-uninitialized -Wno-jump-misses-init -Wstrict-overflow=2 -Wno-suggest-attribute=const -Wno-suggest-attribute=noreturn -Wno-suggest-attribute=pure -Wno-suggest-attribute=format -Wdate-time -Warray-bounds=2 -Wc99-c11-compat -Wincompatible-pointer-types -Wint-conversion -Wduplicated-cond -Whsa -Wnormalized -Wnull-dereference -Wunused-const-variable -Walloca -Walloc-zero -Wduplicated-branches -Wformat-overflow=2 -Wformat-truncation=1 -Wrestrict -Wattribute-alias -Wshift-overflow=2 -Wcast-function-type -Wcast-align=strict -Wno-suggest-attribute=cold -Wno-suggest-attribute=malloc -Wattribute-alias=2 -Wmissing-profile -Wc11-c2x-compat -MD -MT src/CMakeFiles/hdf5-static.dir/H5A.c.o -MF src/CMakeFiles/hdf5-static.dir/H5A.c.o.d -o src/CMakeFiles/hdf5-static.dir/H5A.c.o -c /home/byrn/HDF_Projects/hdf5/dev/src/H5A.c
[46/4114] /usr/bin/cc -D_FILE_OFFSET_BITS=64 -D_GNU_SOURCE -D_LARGEFILE_SOURCE -D_POSIX_C_SOURCE=200809L -I/home/byrn/HDF_Projects/hdf5/dev/src -I/home/byrn/HDF_Projects/hdf5/dev/src/H5FDsubfiling -I/home/byrn/HDF_Projects/hdf5/build/ci-StdShar-GNUC/src -I/home/byrn/HDF_Projects/hdf5/build/ci-StdShar-GNUC/_deps/hdf5_zlib-build -I/home/byrn/HDF_Projects/hdf5/build/ci-StdShar-GNUC/_deps/hdf5_zlib-src -I/home/byrn/HDF_Projects/hdf5/build/ci-StdShar-GNUC/_deps/szip-build -I/home/byrn/HDF_Projects/hdf5/build/ci-StdShar-GNUC/_deps/szip-src/include -I/home/byrn/HDF_Projects/hdf5/build/ci-StdShar-GNUC/_deps/szip-src -std=c99  -fstdarg-opt -fdiagnostics-urls=never -fno-diagnostics-color -fmessage-length=0 -O2 -g -DNDEBUG -std=gnu99 -fPIC -Wall -Wcast-qual -Wconversion -Wextra -Wfloat-equal -Wformat=2 -Winit-self -Winvalid-pch -Wmissing-include-dirs -Wshadow -Wundef -Wwrite-strings -pedantic -Wno-c++-compat -Wbad-function-cast -Wcast-align -Wformat -Wimplicit-function-declaration -Wint-to-pointer-cast -Wmissing-declarations -Wmissing-prototypes -Wnested-externs -Wold-style-definition -Wpacked -Wpointer-sign -Wpointer-to-int-cast -Wredundant-decls -Wstrict-prototypes -Wswitch -Wunused-but-set-variable -Wunused-variable -Wunused-function -Wunused-parameter -finline-functions -Wno-aggregate-return -Wno-inline -Wno-missing-format-attribute -Wno-missing-noreturn -Wno-overlength-strings -Wlarger-than=2560 -Wlogical-op -Wframe-larger-than=16384 -Wpacked-bitfield-compat -Wsync-nand -Wno-unsuffixed-float-constants -Wdouble-promotion -Wtrampolines -Wstack-usage=8192 -Wmaybe-uninitialized -Wno-jump-misses-init -Wstrict-overflow=2 -Wno-suggest-attribute=const -Wno-suggest-attribute=noreturn -Wno-suggest-attribute=pure -Wno-suggest-attribute=format -Wdate-time -Warray-bounds=2 -Wc99-c11-compat -Wincompatible-pointer-types -Wint-conversion -Wduplicated-cond -Whsa -Wnormalized -Wnull-dereference -Wunused-const-variable -Walloca -Walloc-zero -Wduplicated-branches -Wformat-overflow=2 -Wformat-truncation=1 -Wrestrict -Wattribute-alias -Wshift-overflow=2 -Wcast-function-type -Wcast-align=strict -Wno-suggest-attribute=cold -Wno-suggest-attribute=malloc -Wattribute-alias=2 -Wmissing-profile -Wc11-c2x-compat -MD -MT src/CMakeFiles/hdf5-static.dir/H5B2.c.o -MF src/CMakeFiles/hdf5-static.dir/H5B2.c.o.d -o src/CMakeFiles/hdf5-static.dir/H5B2.c.o -c /home/byrn/HDF_Projects/hdf5/dev/src/H5B2.c
[47/4114] /usr/bin/cc -D_FILE_OFFSET_BITS=64 -D_GNU_SOURCE -D_LARGEFILE_SOURCE -D_POSIX_C_SOURCE=200809L -I/home/byrn/HDF_Projects/hdf5/dev/src -I/home/byrn/HDF_Projects/hdf5/dev/src/H5FDsubfiling -I/home/byrn/HDF_Projects/hdf5/build/ci-StdShar-GNUC/src -I/home/byrn/HDF_Projects/hdf5/build/ci-StdShar-GNUC/_deps/hdf5_zlib-build -I/home/byrn/HDF_Projects/hdf5/build/ci-StdShar-GNUC/_deps/hdf5_zlib-src -I/home/byrn/HDF_Projects/hdf5/build/ci-StdShar-GNUC/_deps/szip-build -I/home/byrn/HDF_Projects/hdf5/build/ci-StdShar-GNUC/_deps/szip-src/include -I/home/byrn/HDF_Projects/hdf5/build/ci-StdShar-GNUC/_deps/szip-src -std=c99  -fstdarg-opt -fdiagnostics-urls=never -fno-diagnostics-color -fmessage-length=0 -O2 -g -DNDEBUG -std=gnu99 -fPIC -Wall -Wcast-qual -Wconversion -Wextra -Wfloat-equal -Wformat=2 -Winit-self -Winvalid-pch -Wmissing-include-dirs -Wshadow -Wundef -Wwrite-strings -pedantic -Wno-c++-compat -Wbad-function-cast -Wcast-align -Wformat -Wimplicit-function-declaration -Wint-to-pointer-cast -Wmissing-declarations -Wmissing-prototypes -Wnested-externs -Wold-style-definition -Wpacked -Wpointer-sign -Wpointer-to-int-cast -Wredundant-decls -Wstrict-prototypes -Wswitch -Wunused-but-set-variable -Wunused-variable -Wunused-function -Wunused-parameter -finline-functions -Wno-aggregate-return -Wno-inline -Wno-missing-format-attribute -Wno-missing-noreturn -Wno-overlength-strings -Wlarger-than=2560 -Wlogical-op -Wframe-larger-than=16384 -Wpacked-bitfield-compat -Wsync-nand -Wno-unsuffixed-float-constants -Wdouble-promotion -Wtrampolines -Wstack-usage=8192 -Wmaybe-uninitialized -Wno-jump-misses-init -Wstrict-overflow=2 -Wno-suggest-attribute=const -Wno-suggest-attribute=noreturn -Wno-suggest-attribute=pure -Wno-suggest-attribute=format -Wdate-time -Warray-bounds=2 -Wc99-c11-compat -Wincompatible-pointer-types -Wint-conversion -Wduplicated-cond -Whsa -Wnormalized -Wnull-dereference -Wunused-const-variable -Walloca -Walloc-zero -Wduplicated-branches -Wformat-overflow=2 -Wformat-truncation=1 -Wrestrict -Wattribute-alias -Wshift-overflow=2 -Wcast-function-type -Wcast-align=strict -Wno-suggest-attribute=cold -Wno-suggest-attribute=malloc -Wattribute-alias=2 -Wmissing-profile -Wc11-c2x-compat -MD -MT src/CMakeFiles/hdf5-static.dir/H5trace.c.o -MF src/CMakeFiles/hdf5-static.dir/H5trace.c.o.d -o src/CMakeFiles/hdf5-static.dir/H5trace.c.o -c /home/byrn/HDF_Projects/hdf5/dev/src/H5trace.c
[48/4114] /usr/bin/cc -D_FILE_OFFSET_BITS=64 -D_GNU_SOURCE -D_LARGEFILE_SOURCE -D_POSIX_C_SOURCE=200809L -I/home/byrn/HDF_Projects/hdf5/dev/src -I/home/byrn/HDF_Projects/hdf5/dev/src/H5FDsubfiling -I/home/byrn/HDF_Projects/hdf5/build/ci-StdShar-GNUC/src -I/home/byrn/HDF_Projects/hdf5/build/ci-StdShar-GNUC/_deps/hdf5_zlib-build -I/home/byrn/HDF_Projects/hdf5/build/ci-StdShar-GNUC/_deps/hdf5_zlib-src -I/home/byrn/HDF_Projects/hdf5/build/ci-StdShar-GNUC/_deps/szip-build -I/home/byrn/HDF_Projects/hdf5/build/ci-StdShar-GNUC/_deps/szip-src/include -I/home/byrn/HDF_Projects/hdf5/build/ci-StdShar-GNUC/_deps/szip-src -std=c99  -fstdarg-opt -fdiagnostics-urls=never -fno-diagnostics-color -fmessage-length=0 -O2 -g -DNDEBUG -std=gnu99 -fPIC -Wall -Wcast-qual -Wconversion -Wextra -Wfloat-equal -Wformat=2 -Winit-self -Winvalid-pch -Wmissing-include-dirs -Wshadow -Wundef -Wwrite-strings -pedantic -Wno-c++-compat -Wbad-function-cast -Wcast-align -Wformat -Wimplicit-function-declaration -Wint-to-pointer-cast -Wmissing-declarations -Wmissing-prototypes -Wnested-externs -Wold-style-definition -Wpacked -Wpointer-sign -Wpointer-to-int-cast -Wredundant-decls -Wstrict-prototypes -Wswitch -Wunused-but-set-variable -Wunused-variable -Wunused-function -Wunused-parameter -finline-functions -Wno-aggregate-return -Wno-inline -Wno-missing-format-attribute -Wno-missing-noreturn -Wno-overlength-strings -Wlarger-than=2560 -Wlogical-op -Wframe-larger-than=16384 -Wpacked-bitfield-compat -Wsync-nand -Wno-unsuffixed-float-constants -Wdouble-promotion -Wtrampolines -Wstack-usage=8192 -Wmaybe-uninitialized -Wno-jump-misses-init -Wstrict-overflow=2 -Wno-suggest-attribute=const -Wno-suggest-attribute=noreturn -Wno-suggest-attribute=pure -Wno-suggest-attribute=format -Wdate-time -Warray-bounds=2 -Wc99-c11-compat -Wincompatible-pointer-types -Wint-conversion -Wduplicated-cond -Whsa -Wnormalized -Wnull-dereference -Wunused-const-variable -Walloca -Walloc-zero -Wduplicated-branches -Wformat-overflow=2 -Wformat-truncation=1 -Wrestrict -Wattribute-alias -Wshift-overflow=2 -Wcast-function-type -Wcast-align=strict -Wno-suggest-attribute=cold -Wno-suggest-attribute=malloc -Wattribute-alias=2 -Wmissing-profile -Wc11-c2x-compat -MD -MT src/CMakeFiles/hdf5-static.dir/H5B2stat.c.o -MF src/CMakeFiles/hdf5-static.dir/H5B2stat.c.o.d -o src/CMakeFiles/hdf5-static.dir/H5B2stat.c.o -c /home/byrn/HDF_Projects/hdf5/dev/src/H5B2stat.c
[49/4114] /usr/bin/cc -D_FILE_OFFSET_BITS=64 -D_GNU_SOURCE -D_LARGEFILE_SOURCE -D_POSIX_C_SOURCE=200809L -I/home/byrn/HDF_Projects/hdf5/dev/src -I/home/byrn/HDF_Projects/hdf5/dev/src/H5FDsubfiling -I/home/byrn/HDF_Projects/hdf5/build/ci-StdShar-GNUC/src -I/home/byrn/HDF_Projects/hdf5/build/ci-StdShar-GNUC/_deps/hdf5_zlib-build -I/home/byrn/HDF_Projects/hdf5/build/ci-StdShar-GNUC/_deps/hdf5_zlib-src -I/home/byrn/HDF_Projects/hdf5/build/ci-StdShar-GNUC/_deps/szip-build -I/home/byrn/HDF_Projects/hdf5/build/ci-StdShar-GNUC/_deps/szip-src/include -I/home/byrn/HDF_Projects/hdf5/build/ci-StdShar-GNUC/_deps/szip-src -std=c99  -fstdarg-opt -fdiagnostics-urls=never -fno-diagnostics-color -fmessage-length=0 -O2 -g -DNDEBUG -std=gnu99 -fPIC -Wall -Wcast-qual -Wconversion -Wextra -Wfloat-equal -Wformat=2 -Winit-self -Winvalid-pch -Wmissing-include-dirs -Wshadow -Wundef -Wwrite-strings -pedantic -Wno-c++-compat -Wbad-function-cast -Wcast-align -Wformat -Wimplicit-function-declaration -Wint-to-pointer-cast -Wmissing-declarations -Wmissing-prototypes -Wnested-externs -Wold-style-definition -Wpacked -Wpointer-sign -Wpointer-to-int-cast -Wredundant-decls -Wstrict-prototypes -Wswitch -Wunused-but-set-variable -Wunused-variable -Wunused-function -Wunused-parameter -finline-functions -Wno-aggregate-return -Wno-inline -Wno-missing-format-attribute -Wno-missing-noreturn -Wno-overlength-strings -Wlarger-than=2560 -Wlogical-op -Wframe-larger-than=16384 -Wpacked-bitfield-compat -Wsync-nand -Wno-unsuffixed-float-constants -Wdouble-promotion -Wtrampolines -Wstack-usage=8192 -Wmaybe-uninitialized -Wno-jump-misses-init -Wstrict-overflow=2 -Wno-suggest-attribute=const -Wno-suggest-attribute=noreturn -Wno-suggest-attribute=pure -Wno-suggest-attribute=format -Wdate-time -Warray-bounds=2 -Wc99-c11-compat -Wincompatible-pointer-types -Wint-conversion -Wduplicated-cond -Whsa -Wnormalized -Wnull-dereference -Wunused-const-variable -Walloca -Walloc-zero -Wduplicated-branches -Wformat-overflow=2 -Wformat-truncation=1 -Wrestrict -Wattribute-alias -Wshift-overflow=2 -Wcast-function-type -Wcast-align=strict -Wno-suggest-attribute=cold -Wno-suggest-attribute=malloc -Wattribute-alias=2 -Wmissing-profile -Wc11-c2x-compat -MD -MT src/CMakeFiles/hdf5-static.dir/H5Cdbg.c.o -MF src/CMakeFiles/hdf5-static.dir/H5Cdbg.c.o.d -o src/CMakeFiles/hdf5-static.dir/H5Cdbg.c.o -c /home/byrn/HDF_Projects/hdf5/dev/src/H5Cdbg.c
[50/4114] /usr/bin/cc -D_FILE_OFFSET_BITS=64 -D_GNU_SOURCE -D_LARGEFILE_SOURCE -D_POSIX_C_SOURCE=200809L -I/home/byrn/HDF_Projects/hdf5/dev/src -I/home/byrn/HDF_Projects/hdf5/dev/src/H5FDsubfiling -I/home/byrn/HDF_Projects/hdf5/build/ci-StdShar-GNUC/src -I/home/byrn/HDF_Projects/hdf5/build/ci-StdShar-GNUC/_deps/hdf5_zlib-build -I/home/byrn/HDF_Projects/hdf5/build/ci-StdShar-GNUC/_deps/hdf5_zlib-src -I/home/byrn/HDF_Projects/hdf5/build/ci-StdShar-GNUC/_deps/szip-build -I/home/byrn/HDF_Projects/hdf5/build/ci-StdShar-GNUC/_deps/szip-src/include -I/home/byrn/HDF_Projects/hdf5/build/ci-StdShar-GNUC/_deps/szip-src -std=c99  -fstdarg-opt -fdiagnostics-urls=never -fno-diagnostics-color -fmessage-length=0 -O2 -g -DNDEBUG -std=gnu99 -fPIC -Wall -Wcast-qual -Wconversion -Wextra -Wfloat-equal -Wformat=2 -Winit-self -Winvalid-pch -Wmissing-include-dirs -Wshadow -Wundef -Wwrite-strings -pedantic -Wno-c++-compat -Wbad-function-cast -Wcast-align -Wformat -Wimplicit-function-declaration -Wint-to-pointer-cast -Wmissing-declarations -Wmissing-prototypes -Wnested-externs -Wold-style-definition -Wpacked -Wpointer-sign -Wpointer-to-int-cast -Wredundant-decls -Wstrict-prototypes -Wswitch -Wunused-but-set-variable -Wunused-variable -Wunused-function -Wunused-parameter -finline-functions -Wno-aggregate-return -Wno-inline -Wno-missing-format-attribute -Wno-missing-noreturn -Wno-overlength-strings -Wlarger-than=2560 -Wlogical-op -Wframe-larger-than=16384 -Wpacked-bitfield-compat -Wsync-nand -Wno-unsuffixed-float-constants -Wdouble-promotion -Wtrampolines -Wstack-usage=8192 -Wmaybe-uninitialized -Wno-jump-misses-init -Wstrict-overflow=2 -Wno-suggest-attribute=const -Wno-suggest-attribute=noreturn -Wno-suggest-attribute=pure -Wno-suggest-attribute=format -Wdate-time -Warray-bounds=2 -Wc99-c11-compat -Wincompatible-pointer-types -Wint-conversion -Wduplicated-cond -Whsa -Wnormalized -Wnull-dereference -Wunused-const-variable -Walloca -Walloc-zero -Wduplicated-branches -Wformat-overflow=2 -Wformat-truncation=1 -Wrestrict -Wattribute-alias -Wshift-overflow=2 -Wcast-function-type -Wcast-align=strict -Wno-suggest-attribute=cold -Wno-suggest-attribute=malloc -Wattribute-alias=2 -Wmissing-profile -Wc11-c2x-compat -MD -MT src/CMakeFiles/hdf5-static.dir/H5B2test.c.o -MF src/CMakeFiles/hdf5-static.dir/H5B2test.c.o.d -o src/CMakeFiles/hdf5-static.dir/H5B2test.c.o -c /home/byrn/HDF_Projects/hdf5/dev/src/H5B2test.c
[51/4114] /usr/bin/cc -D_FILE_OFFSET_BITS=64 -D_GNU_SOURCE -D_LARGEFILE_SOURCE -D_POSIX_C_SOURCE=200809L -I/home/byrn/HDF_Projects/hdf5/dev/src -I/home/byrn/HDF_Projects/hdf5/dev/src/H5FDsubfiling -I/home/byrn/HDF_Projects/hdf5/build/ci-StdShar-GNUC/src -I/home/byrn/HDF_Projects/hdf5/build/ci-StdShar-GNUC/_deps/hdf5_zlib-build -I/home/byrn/HDF_Projects/hdf5/build/ci-StdShar-GNUC/_deps/hdf5_zlib-src -I/home/byrn/HDF_Projects/hdf5/build/ci-StdShar-GNUC/_deps/szip-build -I/home/byrn/HDF_Projects/hdf5/build/ci-StdShar-GNUC/_deps/szip-src/include -I/home/byrn/HDF_Projects/hdf5/build/ci-StdShar-GNUC/_deps/szip-src -std=c99  -fstdarg-opt -fdiagnostics-urls=never -fno-diagnostics-color -fmessage-length=0 -O2 -g -DNDEBUG -std=gnu99 -fPIC -Wall -Wcast-qual -Wconversion -Wextra -Wfloat-equal -Wformat=2 -Winit-self -Winvalid-pch -Wmissing-include-dirs -Wshadow -Wundef -Wwrite-strings -pedantic -Wno-c++-compat -Wbad-function-cast -Wcast-align -Wformat -Wimplicit-function-declaration -Wint-to-pointer-cast -Wmissing-declarations -Wmissing-prototypes -Wnested-externs -Wold-style-definition -Wpacked -Wpointer-sign -Wpointer-to-int-cast -Wredundant-decls -Wstrict-prototypes -Wswitch -Wunused-but-set-variable -Wunused-variable -Wunused-function -Wunused-parameter -finline-functions -Wno-aggregate-return -Wno-inline -Wno-missing-format-attribute -Wno-missing-noreturn -Wno-overlength-strings -Wlarger-than=2560 -Wlogical-op -Wframe-larger-than=16384 -Wpacked-bitfield-compat -Wsync-nand -Wno-unsuffixed-float-constants -Wdouble-promotion -Wtrampolines -Wstack-usage=8192 -Wmaybe-uninitialized -Wno-jump-misses-init -Wstrict-overflow=2 -Wno-suggest-attribute=const -Wno-suggest-attribute=noreturn -Wno-suggest-attribute=pure -Wno-suggest-attribute=format -Wdate-time -Warray-bounds=2 -Wc99-c11-compat -Wincompatible-pointer-types -Wint-conversion -Wduplicated-cond -Whsa -Wnormalized -Wnull-dereference -Wunused-const-variable -Walloca -Walloc-zero -Wduplicated-branches -Wformat-overflow=2 -Wformat-truncation=1 -Wrestrict -Wattribute-alias -Wshift-overflow=2 -Wcast-function-type -Wcast-align=strict -Wno-suggest-attribute=cold -Wno-suggest-attribute=malloc -Wattribute-alias=2 -Wmissing-profile -Wc11-c2x-compat -MD -MT src/CMakeFiles/hdf5-static.dir/H5B2leaf.c.o -MF src/CMakeFiles/hdf5-static.dir/H5B2leaf.c.o.d -o src/CMakeFiles/hdf5-static.dir/H5B2leaf.c.o -c /home/byrn/HDF_Projects/hdf5/dev/src/H5B2leaf.c
[52/4114] /usr/bin/cc -D_FILE_OFFSET_BITS=64 -D_GNU_SOURCE -D_LARGEFILE_SOURCE -D_POSIX_C_SOURCE=200809L -I/home/byrn/HDF_Projects/hdf5/dev/src -I/home/byrn/HDF_Projects/hdf5/dev/src/H5FDsubfiling -I/home/byrn/HDF_Projects/hdf5/build/ci-StdShar-GNUC/src -I/home/byrn/HDF_Projects/hdf5/build/ci-StdShar-GNUC/_deps/hdf5_zlib-build -I/home/byrn/HDF_Projects/hdf5/build/ci-StdShar-GNUC/_deps/hdf5_zlib-src -I/home/byrn/HDF_Projects/hdf5/build/ci-StdShar-GNUC/_deps/szip-build -I/home/byrn/HDF_Projects/hdf5/build/ci-StdShar-GNUC/_deps/szip-src/include -I/home/byrn/HDF_Projects/hdf5/build/ci-StdShar-GNUC/_deps/szip-src -std=c99  -fstdarg-opt -fdiagnostics-urls=never -fno-diagnostics-color -fmessage-length=0 -O2 -g -DNDEBUG -std=gnu99 -fPIC -Wall -Wcast-qual -Wconversion -Wextra -Wfloat-equal -Wformat=2 -Winit-self -Winvalid-pch -Wmissing-include-dirs -Wshadow -Wundef -Wwrite-strings -pedantic -Wno-c++-compat -Wbad-function-cast -Wcast-align -Wformat -Wimplicit-function-declaration -Wint-to-pointer-cast -Wmissing-declarations -Wmissing-prototypes -Wnested-externs -Wold-style-definition -Wpacked -Wpointer-sign -Wpointer-to-int-cast -Wredundant-decls -Wstrict-prototypes -Wswitch -Wunused-but-set-variable -Wunused-variable -Wunused-function -Wunused-parameter -finline-functions -Wno-aggregate-return -Wno-inline -Wno-missing-format-attribute -Wno-missing-noreturn -Wno-overlength-strings -Wlarger-than=2560 -Wlogical-op -Wframe-larger-than=16384 -Wpacked-bitfield-compat -Wsync-nand -Wno-unsuffixed-float-constants -Wdouble-promotion -Wtrampolines -Wstack-usage=8192 -Wmaybe-uninitialized -Wno-jump-misses-init -Wstrict-overflow=2 -Wno-suggest-attribute=const -Wno-suggest-attribute=noreturn -Wno-suggest-attribute=pure -Wno-suggest-attribute=format -Wdate-time -Warray-bounds=2 -Wc99-c11-compat -Wincompatible-pointer-types -Wint-conversion -Wduplicated-cond -Whsa -Wnormalized -Wnull-dereference -Wunused-const-variable -Walloca -Walloc-zero -Wduplicated-branches -Wformat-overflow=2 -Wformat-truncation=1 -Wrestrict -Wattribute-alias -Wshift-overflow=2 -Wcast-function-type -Wcast-align=strict -Wno-suggest-attribute=cold -Wno-suggest-attribute=malloc -Wattribute-alias=2 -Wmissing-profile -Wc11-c2x-compat -MD -MT src/CMakeFiles/hdf5-static.dir/H5Cepoch.c.o -MF src/CMakeFiles/hdf5-static.dir/H5Cepoch.c.o.d -o src/CMakeFiles/hdf5-static.dir/H5Cepoch.c.o -c /home/byrn/HDF_Projects/hdf5/dev/src/H5Cepoch.c
[53/4114] /usr/bin/cc -D_FILE_OFFSET_BITS=64 -D_GNU_SOURCE -D_LARGEFILE_SOURCE -D_POSIX_C_SOURCE=200809L -I/home/byrn/HDF_Projects/hdf5/dev/src -I/home/byrn/HDF_Projects/hdf5/dev/src/H5FDsubfiling -I/home/byrn/HDF_Projects/hdf5/build/ci-StdShar-GNUC/src -I/home/byrn/HDF_Projects/hdf5/build/ci-StdShar-GNUC/_deps/hdf5_zlib-build -I/home/byrn/HDF_Projects/hdf5/build/ci-StdShar-GNUC/_deps/hdf5_zlib-src -I/home/byrn/HDF_Projects/hdf5/build/ci-StdShar-GNUC/_deps/szip-build -I/home/byrn/HDF_Projects/hdf5/build/ci-StdShar-GNUC/_deps/szip-src/include -I/home/byrn/HDF_Projects/hdf5/build/ci-StdShar-GNUC/_deps/szip-src -std=c99  -fstdarg-opt -fdiagnostics-urls=never -fno-diagnostics-color -fmessage-length=0 -O2 -g -DNDEBUG -std=gnu99 -fPIC -Wall -Wcast-qual -Wconversion -Wextra -Wfloat-equal -Wformat=2 -Winit-self -Winvalid-pch -Wmissing-include-dirs -Wshadow -Wundef -Wwrite-strings -pedantic -Wno-c++-compat -Wbad-function-cast -Wcast-align -Wformat -Wimplicit-function-declaration -Wint-to-pointer-cast -Wmissing-declarations -Wmissing-prototypes -Wnested-externs -Wold-style-definition -Wpacked -Wpointer-sign -Wpointer-to-int-cast -Wredundant-decls -Wstrict-prototypes -Wswitch -Wunused-but-set-variable -Wunused-variable -Wunused-function -Wunused-parameter -finline-functions -Wno-aggregate-return -Wno-inline -Wno-missing-format-attribute -Wno-missing-noreturn -Wno-overlength-strings -Wlarger-than=2560 -Wlogical-op -Wframe-larger-than=16384 -Wpacked-bitfield-compat -Wsync-nand -Wno-unsuffixed-float-constants -Wdouble-promotion -Wtrampolines -Wstack-usage=8192 -Wmaybe-uninitialized -Wno-jump-misses-init -Wstrict-overflow=2 -Wno-suggest-attribute=const -Wno-suggest-attribute=noreturn -Wno-suggest-attribute=pure -Wno-suggest-attribute=format -Wdate-time -Warray-bounds=2 -Wc99-c11-compat -Wincompatible-pointer-types -Wint-conversion -Wduplicated-cond -Whsa -Wnormalized -Wnull-dereference -Wunused-const-variable -Walloca -Walloc-zero -Wduplicated-branches -Wformat-overflow=2 -Wformat-truncation=1 -Wrestrict -Wattribute-alias -Wshift-overflow=2 -Wcast-function-type -Wcast-align=strict -Wno-suggest-attribute=cold -Wno-suggest-attribute=malloc -Wattribute-alias=2 -Wmissing-profile -Wc11-c2x-compat -MD -MT src/CMakeFiles/hdf5-static.dir/H5B2internal.c.o -MF src/CMakeFiles/hdf5-static.dir/H5B2internal.c.o.d -o src/CMakeFiles/hdf5-static.dir/H5B2internal.c.o -c /home/byrn/HDF_Projects/hdf5/dev/src/H5B2internal.c
[54/4114] /usr/bin/cc -D_FILE_OFFSET_BITS=64 -D_GNU_SOURCE -D_LARGEFILE_SOURCE -D_POSIX_C_SOURCE=200809L -I/home/byrn/HDF_Projects/hdf5/dev/src -I/home/byrn/HDF_Projects/hdf5/dev/src/H5FDsubfiling -I/home/byrn/HDF_Projects/hdf5/build/ci-StdShar-GNUC/src -I/home/byrn/HDF_Projects/hdf5/build/ci-StdShar-GNUC/_deps/hdf5_zlib-build -I/home/byrn/HDF_Projects/hdf5/build/ci-StdShar-GNUC/_deps/hdf5_zlib-src -I/home/byrn/HDF_Projects/hdf5/build/ci-StdShar-GNUC/_deps/szip-build -I/home/byrn/HDF_Projects/hdf5/build/ci-StdShar-GNUC/_deps/szip-src/include -I/home/byrn/HDF_Projects/hdf5/build/ci-StdShar-GNUC/_deps/szip-src -std=c99  -fstdarg-opt -fdiagnostics-urls=never -fno-diagnostics-color -fmessage-length=0 -O2 -g -DNDEBUG -std=gnu99 -fPIC -Wall -Wcast-qual -Wconversion -Wextra -Wfloat-equal -Wformat=2 -Winit-self -Winvalid-pch -Wmissing-include-dirs -Wshadow -Wundef -Wwrite-strings -pedantic -Wno-c++-compat -Wbad-function-cast -Wcast-align -Wformat -Wimplicit-function-declaration -Wint-to-pointer-cast -Wmissing-declarations -Wmissing-prototypes -Wnested-externs -Wold-style-definition -Wpacked -Wpointer-sign -Wpointer-to-int-cast -Wredundant-decls -Wstrict-prototypes -Wswitch -Wunused-but-set-variable -Wunused-variable -Wunused-function -Wunused-parameter -finline-functions -Wno-aggregate-return -Wno-inline -Wno-missing-format-attribute -Wno-missing-noreturn -Wno-overlength-strings -Wlarger-than=2560 -Wlogical-op -Wframe-larger-than=16384 -Wpacked-bitfield-compat -Wsync-nand -Wno-unsuffixed-float-constants -Wdouble-promotion -Wtrampolines -Wstack-usage=8192 -Wmaybe-uninitialized -Wno-jump-misses-init -Wstrict-overflow=2 -Wno-suggest-attribute=const -Wno-suggest-attribute=noreturn -Wno-suggest-attribute=pure -Wno-suggest-attribute=format -Wdate-time -Warray-bounds=2 -Wc99-c11-compat -Wincompatible-pointer-types -Wint-conversion -Wduplicated-cond -Whsa -Wnormalized -Wnull-dereference -Wunused-const-variable -Walloca -Walloc-zero -Wduplicated-branches -Wformat-overflow=2 -Wformat-truncation=1 -Wrestrict -Wattribute-alias -Wshift-overflow=2 -Wcast-function-type -Wcast-align=strict -Wno-suggest-attribute=cold -Wno-suggest-attribute=malloc -Wattribute-alias=2 -Wmissing-profile -Wc11-c2x-compat -MD -MT src/CMakeFiles/hdf5-static.dir/H5C.c.o -MF src/CMakeFiles/hdf5-static.dir/H5C.c.o.d -o src/CMakeFiles/hdf5-static.dir/H5C.c.o -c /home/byrn/HDF_Projects/hdf5/dev/src/H5C.c
[55/4114] /usr/bin/cc -D_FILE_OFFSET_BITS=64 -D_GNU_SOURCE -D_LARGEFILE_SOURCE -D_POSIX_C_SOURCE=200809L -I/home/byrn/HDF_Projects/hdf5/dev/src -I/home/byrn/HDF_Projects/hdf5/dev/src/H5FDsubfiling -I/home/byrn/HDF_Projects/hdf5/build/ci-StdShar-GNUC/src -I/home/byrn/HDF_Projects/hdf5/build/ci-StdShar-GNUC/_deps/hdf5_zlib-build -I/home/byrn/HDF_Projects/hdf5/build/ci-StdShar-GNUC/_deps/hdf5_zlib-src -I/home/byrn/HDF_Projects/hdf5/build/ci-StdShar-GNUC/_deps/szip-build -I/home/byrn/HDF_Projects/hdf5/build/ci-StdShar-GNUC/_deps/szip-src/include -I/home/byrn/HDF_Projects/hdf5/build/ci-StdShar-GNUC/_deps/szip-src -std=c99  -fstdarg-opt -fdiagnostics-urls=never -fno-diagnostics-color -fmessage-length=0 -O2 -g -DNDEBUG -std=gnu99 -fPIC -Wall -Wcast-qual -Wconversion -Wextra -Wfloat-equal -Wformat=2 -Winit-self -Winvalid-pch -Wmissing-include-dirs -Wshadow -Wundef -Wwrite-strings -pedantic -Wno-c++-compat -Wbad-function-cast -Wcast-align -Wformat -Wimplicit-function-declaration -Wint-to-pointer-cast -Wmissing-declarations -Wmissing-prototypes -Wnested-externs -Wold-style-definition -Wpacked -Wpointer-sign -Wpointer-to-int-cast -Wredundant-decls -Wstrict-prototypes -Wswitch -Wunused-but-set-variable -Wunused-variable -Wunused-function -Wunused-parameter -finline-functions -Wno-aggregate-return -Wno-inline -Wno-missing-format-attribute -Wno-missing-noreturn -Wno-overlength-strings -Wlarger-than=2560 -Wlogical-op -Wframe-larger-than=16384 -Wpacked-bitfield-compat -Wsync-nand -Wno-unsuffixed-float-constants -Wdouble-promotion -Wtrampolines -Wstack-usage=8192 -Wmaybe-uninitialized -Wno-jump-misses-init -Wstrict-overflow=2 -Wno-suggest-attribute=const -Wno-suggest-attribute=noreturn -Wno-suggest-attribute=pure -Wno-suggest-attribute=format -Wdate-time -Warray-bounds=2 -Wc99-c11-compat -Wincompatible-pointer-types -Wint-conversion -Wduplicated-cond -Whsa -Wnormalized -Wnull-dereference -Wunused-const-variable -Walloca -Walloc-zero -Wduplicated-branches -Wformat-overflow=2 -Wformat-truncation=1 -Wrestrict -Wattribute-alias -Wshift-overflow=2 -Wcast-function-type -Wcast-align=strict -Wno-suggest-attribute=cold -Wno-suggest-attribute=malloc -Wattribute-alias=2 -Wmissing-profile -Wc11-c2x-compat -MD -MT src/CMakeFiles/hdf5-static.dir/H5Clog.c.o -MF src/CMakeFiles/hdf5-static.dir/H5Clog.c.o.d -o src/CMakeFiles/hdf5-static.dir/H5Clog.c.o -c /home/byrn/HDF_Projects/hdf5/dev/src/H5Clog.c
[56/4114] /usr/bin/cc -D_FILE_OFFSET_BITS=64 -D_GNU_SOURCE -D_LARGEFILE_SOURCE -D_POSIX_C_SOURCE=200809L -I/home/byrn/HDF_Projects/hdf5/dev/src -I/home/byrn/HDF_Projects/hdf5/dev/src/H5FDsubfiling -I/home/byrn/HDF_Projects/hdf5/build/ci-StdShar-GNUC/src -I/home/byrn/HDF_Projects/hdf5/build/ci-StdShar-GNUC/_deps/hdf5_zlib-build -I/home/byrn/HDF_Projects/hdf5/build/ci-StdShar-GNUC/_deps/hdf5_zlib-src -I/home/byrn/HDF_Projects/hdf5/build/ci-StdShar-GNUC/_deps/szip-build -I/home/byrn/HDF_Projects/hdf5/build/ci-StdShar-GNUC/_deps/szip-src/include -I/home/byrn/HDF_Projects/hdf5/build/ci-StdShar-GNUC/_deps/szip-src -std=c99  -fstdarg-opt -fdiagnostics-urls=never -fno-diagnostics-color -fmessage-length=0 -O2 -g -DNDEBUG -std=gnu99 -fPIC -Wall -Wcast-qual -Wconversion -Wextra -Wfloat-equal -Wformat=2 -Winit-self -Winvalid-pch -Wmissing-include-dirs -Wshadow -Wundef -Wwrite-strings -pedantic -Wno-c++-compat -Wbad-function-cast -Wcast-align -Wformat -Wimplicit-function-declaration -Wint-to-pointer-cast -Wmissing-declarations -Wmissing-prototypes -Wnested-externs -Wold-style-definition -Wpacked -Wpointer-sign -Wpointer-to-int-cast -Wredundant-decls -Wstrict-prototypes -Wswitch -Wunused-but-set-variable -Wunused-variable -Wunused-function -Wunused-parameter -finline-functions -Wno-aggregate-return -Wno-inline -Wno-missing-format-attribute -Wno-missing-noreturn -Wno-overlength-strings -Wlarger-than=2560 -Wlogical-op -Wframe-larger-than=16384 -Wpacked-bitfield-compat -Wsync-nand -Wno-unsuffixed-float-constants -Wdouble-promotion -Wtrampolines -Wstack-usage=8192 -Wmaybe-uninitialized -Wno-jump-misses-init -Wstrict-overflow=2 -Wno-suggest-attribute=const -Wno-suggest-attribute=noreturn -Wno-suggest-attribute=pure -Wno-suggest-attribute=format -Wdate-time -Warray-bounds=2 -Wc99-c11-compat -Wincompatible-pointer-types -Wint-conversion -Wduplicated-cond -Whsa -Wnormalized -Wnull-dereference -Wunused-const-variable -Walloca -Walloc-zero -Wduplicated-branches -Wformat-overflow=2 -Wformat-truncation=1 -Wrestrict -Wattribute-alias -Wshift-overflow=2 -Wcast-function-type -Wcast-align=strict -Wno-suggest-attribute=cold -Wno-suggest-attribute=malloc -Wattribute-alias=2 -Wmissing-profile -Wc11-c2x-compat -MD -MT src/CMakeFiles/hdf5-static.dir/H5B2int.c.o -MF src/CMakeFiles/hdf5-static.dir/H5B2int.c.o.d -o src/CMakeFiles/hdf5-static.dir/H5B2int.c.o -c /home/byrn/HDF_Projects/hdf5/dev/src/H5B2int.c
[57/4114] /usr/bin/cc -D_FILE_OFFSET_BITS=64 -D_GNU_SOURCE -D_LARGEFILE_SOURCE -D_POSIX_C_SOURCE=200809L -I/home/byrn/HDF_Projects/hdf5/dev/src -I/home/byrn/HDF_Projects/hdf5/dev/src/H5FDsubfiling -I/home/byrn/HDF_Projects/hdf5/build/ci-StdShar-GNUC/src -I/home/byrn/HDF_Projects/hdf5/build/ci-StdShar-GNUC/_deps/hdf5_zlib-build -I/home/byrn/HDF_Projects/hdf5/build/ci-StdShar-GNUC/_deps/hdf5_zlib-src -I/home/byrn/HDF_Projects/hdf5/build/ci-StdShar-GNUC/_deps/szip-build -I/home/byrn/HDF_Projects/hdf5/build/ci-StdShar-GNUC/_deps/szip-src/include -I/home/byrn/HDF_Projects/hdf5/build/ci-StdShar-GNUC/_deps/szip-src -std=c99  -fstdarg-opt -fdiagnostics-urls=never -fno-diagnostics-color -fmessage-length=0 -O2 -g -DNDEBUG -std=gnu99 -fPIC -Wall -Wcast-qual -Wconversion -Wextra -Wfloat-equal -Wformat=2 -Winit-self -Winvalid-pch -Wmissing-include-dirs -Wshadow -Wundef -Wwrite-strings -pedantic -Wno-c++-compat -Wbad-function-cast -Wcast-align -Wformat -Wimplicit-function-declaration -Wint-to-pointer-cast -Wmissing-declarations -Wmissing-prototypes -Wnested-externs -Wold-style-definition -Wpacked -Wpointer-sign -Wpointer-to-int-cast -Wredundant-decls -Wstrict-prototypes -Wswitch -Wunused-but-set-variable -Wunused-variable -Wunused-function -Wunused-parameter -finline-functions -Wno-aggregate-return -Wno-inline -Wno-missing-format-attribute -Wno-missing-noreturn -Wno-overlength-strings -Wlarger-than=2560 -Wlogical-op -Wframe-larger-than=16384 -Wpacked-bitfield-compat -Wsync-nand -Wno-unsuffixed-float-constants -Wdouble-promotion -Wtrampolines -Wstack-usage=8192 -Wmaybe-uninitialized -Wno-jump-misses-init -Wstrict-overflow=2 -Wno-suggest-attribute=const -Wno-suggest-attribute=noreturn -Wno-suggest-attribute=pure -Wno-suggest-attribute=format -Wdate-time -Warray-bounds=2 -Wc99-c11-compat -Wincompatible-pointer-types -Wint-conversion -Wduplicated-cond -Whsa -Wnormalized -Wnull-dereference -Wunused-const-variable -Walloca -Walloc-zero -Wduplicated-branches -Wformat-overflow=2 -Wformat-truncation=1 -Wrestrict -Wattribute-alias -Wshift-overflow=2 -Wcast-function-type -Wcast-align=strict -Wno-suggest-attribute=cold -Wno-suggest-attribute=malloc -Wattribute-alias=2 -Wmissing-profile -Wc11-c2x-compat -MD -MT src/CMakeFiles/hdf5-static.dir/H5Clog_json.c.o -MF src/CMakeFiles/hdf5-static.dir/H5Clog_json.c.o.d -o src/CMakeFiles/hdf5-static.dir/H5Clog_json.c.o -c /home/byrn/HDF_Projects/hdf5/dev/src/H5Clog_json.c
[58/4114] /usr/bin/cc -D_FILE_OFFSET_BITS=64 -D_GNU_SOURCE -D_LARGEFILE_SOURCE -D_POSIX_C_SOURCE=200809L -I/home/byrn/HDF_Projects/hdf5/dev/src -I/home/byrn/HDF_Projects/hdf5/dev/src/H5FDsubfiling -I/home/byrn/HDF_Projects/hdf5/build/ci-StdShar-GNUC/src -I/home/byrn/HDF_Projects/hdf5/build/ci-StdShar-GNUC/_deps/hdf5_zlib-build -I/home/byrn/HDF_Projects/hdf5/build/ci-StdShar-GNUC/_deps/hdf5_zlib-src -I/home/byrn/HDF_Projects/hdf5/build/ci-StdShar-GNUC/_deps/szip-build -I/home/byrn/HDF_Projects/hdf5/build/ci-StdShar-GNUC/_deps/szip-src/include -I/home/byrn/HDF_Projects/hdf5/build/ci-StdShar-GNUC/_deps/szip-src -std=c99  -fstdarg-opt -fdiagnostics-urls=never -fno-diagnostics-color -fmessage-length=0 -O2 -g -DNDEBUG -std=gnu99 -fPIC -Wall -Wcast-qual -Wconversion -Wextra -Wfloat-equal -Wformat=2 -Winit-self -Winvalid-pch -Wmissing-include-dirs -Wshadow -Wundef -Wwrite-strings -pedantic -Wno-c++-compat -Wbad-function-cast -Wcast-align -Wformat -Wimplicit-function-declaration -Wint-to-pointer-cast -Wmissing-declarations -Wmissing-prototypes -Wnested-externs -Wold-style-definition -Wpacked -Wpointer-sign -Wpointer-to-int-cast -Wredundant-decls -Wstrict-prototypes -Wswitch -Wunused-but-set-variable -Wunused-variable -Wunused-function -Wunused-parameter -finline-functions -Wno-aggregate-return -Wno-inline -Wno-missing-format-attribute -Wno-missing-noreturn -Wno-overlength-strings -Wlarger-than=2560 -Wlogical-op -Wframe-larger-than=16384 -Wpacked-bitfield-compat -Wsync-nand -Wno-unsuffixed-float-constants -Wdouble-promotion -Wtrampolines -Wstack-usage=8192 -Wmaybe-uninitialized -Wno-jump-misses-init -Wstrict-overflow=2 -Wno-suggest-attribute=const -Wno-suggest-attribute=noreturn -Wno-suggest-attribute=pure -Wno-suggest-attribute=format -Wdate-time -Warray-bounds=2 -Wc99-c11-compat -Wincompatible-pointer-types -Wint-conversion -Wduplicated-cond -Whsa -Wnormalized -Wnull-dereference -Wunused-const-variable -Walloca -Walloc-zero -Wduplicated-branches -Wformat-overflow=2 -Wformat-truncation=1 -Wrestrict -Wattribute-alias -Wshift-overflow=2 -Wcast-function-type -Wcast-align=strict -Wno-suggest-attribute=cold -Wno-suggest-attribute=malloc -Wattribute-alias=2 -Wmissing-profile -Wc11-c2x-compat -MD -MT src/CMakeFiles/hdf5-static.dir/H5Cmpio.c.o -MF src/CMakeFiles/hdf5-static.dir/H5Cmpio.c.o.d -o src/CMakeFiles/hdf5-static.dir/H5Cmpio.c.o -c /home/byrn/HDF_Projects/hdf5/dev/src/H5Cmpio.c
[59/4114] /usr/bin/cc -D_FILE_OFFSET_BITS=64 -D_GNU_SOURCE -D_LARGEFILE_SOURCE -D_POSIX_C_SOURCE=200809L -I/home/byrn/HDF_Projects/hdf5/dev/src -I/home/byrn/HDF_Projects/hdf5/dev/src/H5FDsubfiling -I/home/byrn/HDF_Projects/hdf5/build/ci-StdShar-GNUC/src -I/home/byrn/HDF_Projects/hdf5/build/ci-StdShar-GNUC/_deps/hdf5_zlib-build -I/home/byrn/HDF_Projects/hdf5/build/ci-StdShar-GNUC/_deps/hdf5_zlib-src -I/home/byrn/HDF_Projects/hdf5/build/ci-StdShar-GNUC/_deps/szip-build -I/home/byrn/HDF_Projects/hdf5/build/ci-StdShar-GNUC/_deps/szip-src/include -I/home/byrn/HDF_Projects/hdf5/build/ci-StdShar-GNUC/_deps/szip-src -std=c99  -fstdarg-opt -fdiagnostics-urls=never -fno-diagnostics-color -fmessage-length=0 -O2 -g -DNDEBUG -std=gnu99 -fPIC -Wall -Wcast-qual -Wconversion -Wextra -Wfloat-equal -Wformat=2 -Winit-self -Winvalid-pch -Wmissing-include-dirs -Wshadow -Wundef -Wwrite-strings -pedantic -Wno-c++-compat -Wbad-function-cast -Wcast-align -Wformat -Wimplicit-function-declaration -Wint-to-pointer-cast -Wmissing-declarations -Wmissing-prototypes -Wnested-externs -Wold-style-definition -Wpacked -Wpointer-sign -Wpointer-to-int-cast -Wredundant-decls -Wstrict-prototypes -Wswitch -Wunused-but-set-variable -Wunused-variable -Wunused-function -Wunused-parameter -finline-functions -Wno-aggregate-return -Wno-inline -Wno-missing-format-attribute -Wno-missing-noreturn -Wno-overlength-strings -Wlarger-than=2560 -Wlogical-op -Wframe-larger-than=16384 -Wpacked-bitfield-compat -Wsync-nand -Wno-unsuffixed-float-constants -Wdouble-promotion -Wtrampolines -Wstack-usage=8192 -Wmaybe-uninitialized -Wno-jump-misses-init -Wstrict-overflow=2 -Wno-suggest-attribute=const -Wno-suggest-attribute=noreturn -Wno-suggest-attribute=pure -Wno-suggest-attribute=format -Wdate-time -Warray-bounds=2 -Wc99-c11-compat -Wincompatible-pointer-types -Wint-conversion -Wduplicated-cond -Whsa -Wnormalized -Wnull-dereference -Wunused-const-variable -Walloca -Walloc-zero -Wduplicated-branches -Wformat-overflow=2 -Wformat-truncation=1 -Wrestrict -Wattribute-alias -Wshift-overflow=2 -Wcast-function-type -Wcast-align=strict -Wno-suggest-attribute=cold -Wno-suggest-attribute=malloc -Wattribute-alias=2 -Wmissing-profile -Wc11-c2x-compat -MD -MT src/CMakeFiles/hdf5-static.dir/H5Clog_trace.c.o -MF src/CMakeFiles/hdf5-static.dir/H5Clog_trace.c.o.d -o src/CMakeFiles/hdf5-static.dir/H5Clog_trace.c.o -c /home/byrn/HDF_Projects/hdf5/dev/src/H5Clog_trace.c
[60/4114] /usr/bin/cc -D_FILE_OFFSET_BITS=64 -D_GNU_SOURCE -D_LARGEFILE_SOURCE -D_POSIX_C_SOURCE=200809L -I/home/byrn/HDF_Projects/hdf5/dev/src -I/home/byrn/HDF_Projects/hdf5/dev/src/H5FDsubfiling -I/home/byrn/HDF_Projects/hdf5/build/ci-StdShar-GNUC/src -I/home/byrn/HDF_Projects/hdf5/build/ci-StdShar-GNUC/_deps/hdf5_zlib-build -I/home/byrn/HDF_Projects/hdf5/build/ci-StdShar-GNUC/_deps/hdf5_zlib-src -I/home/byrn/HDF_Projects/hdf5/build/ci-StdShar-GNUC/_deps/szip-build -I/home/byrn/HDF_Projects/hdf5/build/ci-StdShar-GNUC/_deps/szip-src/include -I/home/byrn/HDF_Projects/hdf5/build/ci-StdShar-GNUC/_deps/szip-src -std=c99  -fstdarg-opt -fdiagnostics-urls=never -fno-diagnostics-color -fmessage-length=0 -O2 -g -DNDEBUG -std=gnu99 -fPIC -Wall -Wcast-qual -Wconversion -Wextra -Wfloat-equal -Wformat=2 -Winit-self -Winvalid-pch -Wmissing-include-dirs -Wshadow -Wundef -Wwrite-strings -pedantic -Wno-c++-compat -Wbad-function-cast -Wcast-align -Wformat -Wimplicit-function-declaration -Wint-to-pointer-cast -Wmissing-declarations -Wmissing-prototypes -Wnested-externs -Wold-style-definition -Wpacked -Wpointer-sign -Wpointer-to-int-cast -Wredundant-decls -Wstrict-prototypes -Wswitch -Wunused-but-set-variable -Wunused-variable -Wunused-function -Wunused-parameter -finline-functions -Wno-aggregate-return -Wno-inline -Wno-missing-format-attribute -Wno-missing-noreturn -Wno-overlength-strings -Wlarger-than=2560 -Wlogical-op -Wframe-larger-than=16384 -Wpacked-bitfield-compat -Wsync-nand -Wno-unsuffixed-float-constants -Wdouble-promotion -Wtrampolines -Wstack-usage=8192 -Wmaybe-uninitialized -Wno-jump-misses-init -Wstrict-overflow=2 -Wno-suggest-attribute=const -Wno-suggest-attribute=noreturn -Wno-suggest-attribute=pure -Wno-suggest-attribute=format -Wdate-time -Warray-bounds=2 -Wc99-c11-compat -Wincompatible-pointer-types -Wint-conversion -Wduplicated-cond -Whsa -Wnormalized -Wnull-dereference -Wunused-const-variable -Walloca -Walloc-zero -Wduplicated-branches -Wformat-overflow=2 -Wformat-truncation=1 -Wrestrict -Wattribute-alias -Wshift-overflow=2 -Wcast-function-type -Wcast-align=strict -Wno-suggest-attribute=cold -Wno-suggest-attribute=malloc -Wattribute-alias=2 -Wmissing-profile -Wc11-c2x-compat -MD -MT src/CMakeFiles/hdf5-static.dir/H5Cprefetched.c.o -MF src/CMakeFiles/hdf5-static.dir/H5Cprefetched.c.o.d -o src/CMakeFiles/hdf5-static.dir/H5Cprefetched.c.o -c /home/byrn/HDF_Projects/hdf5/dev/src/H5Cprefetched.c
[61/4114] /usr/bin/cc -D_FILE_OFFSET_BITS=64 -D_GNU_SOURCE -D_LARGEFILE_SOURCE -D_POSIX_C_SOURCE=200809L -I/home/byrn/HDF_Projects/hdf5/dev/src -I/home/byrn/HDF_Projects/hdf5/dev/src/H5FDsubfiling -I/home/byrn/HDF_Projects/hdf5/build/ci-StdShar-GNUC/src -I/home/byrn/HDF_Projects/hdf5/build/ci-StdShar-GNUC/_deps/hdf5_zlib-build -I/home/byrn/HDF_Projects/hdf5/build/ci-StdShar-GNUC/_deps/hdf5_zlib-src -I/home/byrn/HDF_Projects/hdf5/build/ci-StdShar-GNUC/_deps/szip-build -I/home/byrn/HDF_Projects/hdf5/build/ci-StdShar-GNUC/_deps/szip-src/include -I/home/byrn/HDF_Projects/hdf5/build/ci-StdShar-GNUC/_deps/szip-src -std=c99  -fstdarg-opt -fdiagnostics-urls=never -fno-diagnostics-color -fmessage-length=0 -O2 -g -DNDEBUG -std=gnu99 -fPIC -Wall -Wcast-qual -Wconversion -Wextra -Wfloat-equal -Wformat=2 -Winit-self -Winvalid-pch -Wmissing-include-dirs -Wshadow -Wundef -Wwrite-strings -pedantic -Wno-c++-compat -Wbad-function-cast -Wcast-align -Wformat -Wimplicit-function-declaration -Wint-to-pointer-cast -Wmissing-declarations -Wmissing-prototypes -Wnested-externs -Wold-style-definition -Wpacked -Wpointer-sign -Wpointer-to-int-cast -Wredundant-decls -Wstrict-prototypes -Wswitch -Wunused-but-set-variable -Wunused-variable -Wunused-function -Wunused-parameter -finline-functions -Wno-aggregate-return -Wno-inline -Wno-missing-format-attribute -Wno-missing-noreturn -Wno-overlength-strings -Wlarger-than=2560 -Wlogical-op -Wframe-larger-than=16384 -Wpacked-bitfield-compat -Wsync-nand -Wno-unsuffixed-float-constants -Wdouble-promotion -Wtrampolines -Wstack-usage=8192 -Wmaybe-uninitialized -Wno-jump-misses-init -Wstrict-overflow=2 -Wno-suggest-attribute=const -Wno-suggest-attribute=noreturn -Wno-suggest-attribute=pure -Wno-suggest-attribute=format -Wdate-time -Warray-bounds=2 -Wc99-c11-compat -Wincompatible-pointer-types -Wint-conversion -Wduplicated-cond -Whsa -Wnormalized -Wnull-dereference -Wunused-const-variable -Walloca -Walloc-zero -Wduplicated-branches -Wformat-overflow=2 -Wformat-truncation=1 -Wrestrict -Wattribute-alias -Wshift-overflow=2 -Wcast-function-type -Wcast-align=strict -Wno-suggest-attribute=cold -Wno-suggest-attribute=malloc -Wattribute-alias=2 -Wmissing-profile -Wc11-c2x-compat -MD -MT src/CMakeFiles/hdf5-static.dir/H5Ctest.c.o -MF src/CMakeFiles/hdf5-static.dir/H5Ctest.c.o.d -o src/CMakeFiles/hdf5-static.dir/H5Ctest.c.o -c /home/byrn/HDF_Projects/hdf5/dev/src/H5Ctest.c
[62/4114] /usr/bin/cc -D_FILE_OFFSET_BITS=64 -D_GNU_SOURCE -D_LARGEFILE_SOURCE -D_POSIX_C_SOURCE=200809L -I/home/byrn/HDF_Projects/hdf5/dev/src -I/home/byrn/HDF_Projects/hdf5/dev/src/H5FDsubfiling -I/home/byrn/HDF_Projects/hdf5/build/ci-StdShar-GNUC/src -I/home/byrn/HDF_Projects/hdf5/build/ci-StdShar-GNUC/_deps/hdf5_zlib-build -I/home/byrn/HDF_Projects/hdf5/build/ci-StdShar-GNUC/_deps/hdf5_zlib-src -I/home/byrn/HDF_Projects/hdf5/build/ci-StdShar-GNUC/_deps/szip-build -I/home/byrn/HDF_Projects/hdf5/build/ci-StdShar-GNUC/_deps/szip-src/include -I/home/byrn/HDF_Projects/hdf5/build/ci-StdShar-GNUC/_deps/szip-src -std=c99  -fstdarg-opt -fdiagnostics-urls=never -fno-diagnostics-color -fmessage-length=0 -O2 -g -DNDEBUG -std=gnu99 -fPIC -Wall -Wcast-qual -Wconversion -Wextra -Wfloat-equal -Wformat=2 -Winit-self -Winvalid-pch -Wmissing-include-dirs -Wshadow -Wundef -Wwrite-strings -pedantic -Wno-c++-compat -Wbad-function-cast -Wcast-align -Wformat -Wimplicit-function-declaration -Wint-to-pointer-cast -Wmissing-declarations -Wmissing-prototypes -Wnested-externs -Wold-style-definition -Wpacked -Wpointer-sign -Wpointer-to-int-cast -Wredundant-decls -Wstrict-prototypes -Wswitch -Wunused-but-set-variable -Wunused-variable -Wunused-function -Wunused-parameter -finline-functions -Wno-aggregate-return -Wno-inline -Wno-missing-format-attribute -Wno-missing-noreturn -Wno-overlength-strings -Wlarger-than=2560 -Wlogical-op -Wframe-larger-than=16384 -Wpacked-bitfield-compat -Wsync-nand -Wno-unsuffixed-float-constants -Wdouble-promotion -Wtrampolines -Wstack-usage=8192 -Wmaybe-uninitialized -Wno-jump-misses-init -Wstrict-overflow=2 -Wno-suggest-attribute=const -Wno-suggest-attribute=noreturn -Wno-suggest-attribute=pure -Wno-suggest-attribute=format -Wdate-time -Warray-bounds=2 -Wc99-c11-compat -Wincompatible-pointer-types -Wint-conversion -Wduplicated-cond -Whsa -Wnormalized -Wnull-dereference -Wunused-const-variable -Walloca -Walloc-zero -Wduplicated-branches -Wformat-overflow=2 -Wformat-truncation=1 -Wrestrict -Wattribute-alias -Wshift-overflow=2 -Wcast-function-type -Wcast-align=strict -Wno-suggest-attribute=cold -Wno-suggest-attribute=malloc -Wattribute-alias=2 -Wmissing-profile -Wc11-c2x-compat -MD -MT src/CMakeFiles/hdf5-static.dir/H5Cint.c.o -MF src/CMakeFiles/hdf5-static.dir/H5Cint.c.o.d -o src/CMakeFiles/hdf5-static.dir/H5Cint.c.o -c /home/byrn/HDF_Projects/hdf5/dev/src/H5Cint.c
[63/4114] /usr/bin/cc -D_FILE_OFFSET_BITS=64 -D_GNU_SOURCE -D_LARGEFILE_SOURCE -D_POSIX_C_SOURCE=200809L -I/home/byrn/HDF_Projects/hdf5/dev/src -I/home/byrn/HDF_Projects/hdf5/dev/src/H5FDsubfiling -I/home/byrn/HDF_Projects/hdf5/build/ci-StdShar-GNUC/src -I/home/byrn/HDF_Projects/hdf5/build/ci-StdShar-GNUC/_deps/hdf5_zlib-build -I/home/byrn/HDF_Projects/hdf5/build/ci-StdShar-GNUC/_deps/hdf5_zlib-src -I/home/byrn/HDF_Projects/hdf5/build/ci-StdShar-GNUC/_deps/szip-build -I/home/byrn/HDF_Projects/hdf5/build/ci-StdShar-GNUC/_deps/szip-src/include -I/home/byrn/HDF_Projects/hdf5/build/ci-StdShar-GNUC/_deps/szip-src -std=c99  -fstdarg-opt -fdiagnostics-urls=never -fno-diagnostics-color -fmessage-length=0 -O2 -g -DNDEBUG -std=gnu99 -fPIC -Wall -Wcast-qual -Wconversion -Wextra -Wfloat-equal -Wformat=2 -Winit-self -Winvalid-pch -Wmissing-include-dirs -Wshadow -Wundef -Wwrite-strings -pedantic -Wno-c++-compat -Wbad-function-cast -Wcast-align -Wformat -Wimplicit-function-declaration -Wint-to-pointer-cast -Wmissing-declarations -Wmissing-prototypes -Wnested-externs -Wold-style-definition -Wpacked -Wpointer-sign -Wpointer-to-int-cast -Wredundant-decls -Wstrict-prototypes -Wswitch -Wunused-but-set-variable -Wunused-variable -Wunused-function -Wunused-parameter -finline-functions -Wno-aggregate-return -Wno-inline -Wno-missing-format-attribute -Wno-missing-noreturn -Wno-overlength-strings -Wlarger-than=2560 -Wlogical-op -Wframe-larger-than=16384 -Wpacked-bitfield-compat -Wsync-nand -Wno-unsuffixed-float-constants -Wdouble-promotion -Wtrampolines -Wstack-usage=8192 -Wmaybe-uninitialized -Wno-jump-misses-init -Wstrict-overflow=2 -Wno-suggest-attribute=const -Wno-suggest-attribute=noreturn -Wno-suggest-attribute=pure -Wno-suggest-attribute=format -Wdate-time -Warray-bounds=2 -Wc99-c11-compat -Wincompatible-pointer-types -Wint-conversion -Wduplicated-cond -Whsa -Wnormalized -Wnull-dereference -Wunused-const-variable -Walloca -Walloc-zero -Wduplicated-branches -Wformat-overflow=2 -Wformat-truncation=1 -Wrestrict -Wattribute-alias -Wshift-overflow=2 -Wcast-function-type -Wcast-align=strict -Wno-suggest-attribute=cold -Wno-suggest-attribute=malloc -Wattribute-alias=2 -Wmissing-profile -Wc11-c2x-compat -MD -MT src/CMakeFiles/hdf5-static.dir/H5Cquery.c.o -MF src/CMakeFiles/hdf5-static.dir/H5Cquery.c.o.d -o src/CMakeFiles/hdf5-static.dir/H5Cquery.c.o -c /home/byrn/HDF_Projects/hdf5/dev/src/H5Cquery.c
[64/4114] /usr/bin/cc -D_FILE_OFFSET_BITS=64 -D_GNU_SOURCE -D_LARGEFILE_SOURCE -D_POSIX_C_SOURCE=200809L -I/home/byrn/HDF_Projects/hdf5/dev/src -I/home/byrn/HDF_Projects/hdf5/dev/src/H5FDsubfiling -I/home/byrn/HDF_Projects/hdf5/build/ci-StdShar-GNUC/src -I/home/byrn/HDF_Projects/hdf5/build/ci-StdShar-GNUC/_deps/hdf5_zlib-build -I/home/byrn/HDF_Projects/hdf5/build/ci-StdShar-GNUC/_deps/hdf5_zlib-src -I/home/byrn/HDF_Projects/hdf5/build/ci-StdShar-GNUC/_deps/szip-build -I/home/byrn/HDF_Projects/hdf5/build/ci-StdShar-GNUC/_deps/szip-src/include -I/home/byrn/HDF_Projects/hdf5/build/ci-StdShar-GNUC/_deps/szip-src -std=c99  -fstdarg-opt -fdiagnostics-urls=never -fno-diagnostics-color -fmessage-length=0 -O2 -g -DNDEBUG -std=gnu99 -fPIC -Wall -Wcast-qual -Wconversion -Wextra -Wfloat-equal -Wformat=2 -Winit-self -Winvalid-pch -Wmissing-include-dirs -Wshadow -Wundef -Wwrite-strings -pedantic -Wno-c++-compat -Wbad-function-cast -Wcast-align -Wformat -Wimplicit-function-declaration -Wint-to-pointer-cast -Wmissing-declarations -Wmissing-prototypes -Wnested-externs -Wold-style-definition -Wpacked -Wpointer-sign -Wpointer-to-int-cast -Wredundant-decls -Wstrict-prototypes -Wswitch -Wunused-but-set-variable -Wunused-variable -Wunused-function -Wunused-parameter -finline-functions -Wno-aggregate-return -Wno-inline -Wno-missing-format-attribute -Wno-missing-noreturn -Wno-overlength-strings -Wlarger-than=2560 -Wlogical-op -Wframe-larger-than=16384 -Wpacked-bitfield-compat -Wsync-nand -Wno-unsuffixed-float-constants -Wdouble-promotion -Wtrampolines -Wstack-usage=8192 -Wmaybe-uninitialized -Wno-jump-misses-init -Wstrict-overflow=2 -Wno-suggest-attribute=const -Wno-suggest-attribute=noreturn -Wno-suggest-attribute=pure -Wno-suggest-attribute=format -Wdate-time -Warray-bounds=2 -Wc99-c11-compat -Wincompatible-pointer-types -Wint-conversion -Wduplicated-cond -Whsa -Wnormalized -Wnull-dereference -Wunused-const-variable -Walloca -Walloc-zero -Wduplicated-branches -Wformat-overflow=2 -Wformat-truncation=1 -Wrestrict -Wattribute-alias -Wshift-overflow=2 -Wcast-function-type -Wcast-align=strict -Wno-suggest-attribute=cold -Wno-suggest-attribute=malloc -Wattribute-alias=2 -Wmissing-profile -Wc11-c2x-compat -MD -MT src/CMakeFiles/hdf5-static.dir/H5Cimage.c.o -MF src/CMakeFiles/hdf5-static.dir/H5Cimage.c.o.d -o src/CMakeFiles/hdf5-static.dir/H5Cimage.c.o -c /home/byrn/HDF_Projects/hdf5/dev/src/H5Cimage.c
[65/4114] /usr/bin/cc -D_FILE_OFFSET_BITS=64 -D_GNU_SOURCE -D_LARGEFILE_SOURCE -D_POSIX_C_SOURCE=200809L -I/home/byrn/HDF_Projects/hdf5/dev/src -I/home/byrn/HDF_Projects/hdf5/dev/src/H5FDsubfiling -I/home/byrn/HDF_Projects/hdf5/build/ci-StdShar-GNUC/src -I/home/byrn/HDF_Projects/hdf5/build/ci-StdShar-GNUC/_deps/hdf5_zlib-build -I/home/byrn/HDF_Projects/hdf5/build/ci-StdShar-GNUC/_deps/hdf5_zlib-src -I/home/byrn/HDF_Projects/hdf5/build/ci-StdShar-GNUC/_deps/szip-build -I/home/byrn/HDF_Projects/hdf5/build/ci-StdShar-GNUC/_deps/szip-src/include -I/home/byrn/HDF_Projects/hdf5/build/ci-StdShar-GNUC/_deps/szip-src -std=c99  -fstdarg-opt -fdiagnostics-urls=never -fno-diagnostics-color -fmessage-length=0 -O2 -g -DNDEBUG -std=gnu99 -fPIC -Wall -Wcast-qual -Wconversion -Wextra -Wfloat-equal -Wformat=2 -Winit-self -Winvalid-pch -Wmissing-include-dirs -Wshadow -Wundef -Wwrite-strings -pedantic -Wno-c++-compat -Wbad-function-cast -Wcast-align -Wformat -Wimplicit-function-declaration -Wint-to-pointer-cast -Wmissing-declarations -Wmissing-prototypes -Wnested-externs -Wold-style-definition -Wpacked -Wpointer-sign -Wpointer-to-int-cast -Wredundant-decls -Wstrict-prototypes -Wswitch -Wunused-but-set-variable -Wunused-variable -Wunused-function -Wunused-parameter -finline-functions -Wno-aggregate-return -Wno-inline -Wno-missing-format-attribute -Wno-missing-noreturn -Wno-overlength-strings -Wlarger-than=2560 -Wlogical-op -Wframe-larger-than=16384 -Wpacked-bitfield-compat -Wsync-nand -Wno-unsuffixed-float-constants -Wdouble-promotion -Wtrampolines -Wstack-usage=8192 -Wmaybe-uninitialized -Wno-jump-misses-init -Wstrict-overflow=2 -Wno-suggest-attribute=const -Wno-suggest-attribute=noreturn -Wno-suggest-attribute=pure -Wno-suggest-attribute=format -Wdate-time -Warray-bounds=2 -Wc99-c11-compat -Wincompatible-pointer-types -Wint-conversion -Wduplicated-cond -Whsa -Wnormalized -Wnull-dereference -Wunused-const-variable -Walloca -Walloc-zero -Wduplicated-branches -Wformat-overflow=2 -Wformat-truncation=1 -Wrestrict -Wattribute-alias -Wshift-overflow=2 -Wcast-function-type -Wcast-align=strict -Wno-suggest-attribute=cold -Wno-suggest-attribute=malloc -Wattribute-alias=2 -Wmissing-profile -Wc11-c2x-compat -MD -MT src/CMakeFiles/hdf5-static.dir/H5Ctag.c.o -MF src/CMakeFiles/hdf5-static.dir/H5Ctag.c.o.d -o src/CMakeFiles/hdf5-static.dir/H5Ctag.c.o -c /home/byrn/HDF_Projects/hdf5/dev/src/H5Ctag.c
[66/4114] /usr/bin/cc -D_FILE_OFFSET_BITS=64 -D_GNU_SOURCE -D_LARGEFILE_SOURCE -D_POSIX_C_SOURCE=200809L -I/home/byrn/HDF_Projects/hdf5/dev/src -I/home/byrn/HDF_Projects/hdf5/dev/src/H5FDsubfiling -I/home/byrn/HDF_Projects/hdf5/build/ci-StdShar-GNUC/src -I/home/byrn/HDF_Projects/hdf5/build/ci-StdShar-GNUC/_deps/hdf5_zlib-build -I/home/byrn/HDF_Projects/hdf5/build/ci-StdShar-GNUC/_deps/hdf5_zlib-src -I/home/byrn/HDF_Projects/hdf5/build/ci-StdShar-GNUC/_deps/szip-build -I/home/byrn/HDF_Projects/hdf5/build/ci-StdShar-GNUC/_deps/szip-src/include -I/home/byrn/HDF_Projects/hdf5/build/ci-StdShar-GNUC/_deps/szip-src -std=c99  -fstdarg-opt -fdiagnostics-urls=never -fno-diagnostics-color -fmessage-length=0 -O2 -g -DNDEBUG -std=gnu99 -fPIC -Wall -Wcast-qual -Wconversion -Wextra -Wfloat-equal -Wformat=2 -Winit-self -Winvalid-pch -Wmissing-include-dirs -Wshadow -Wundef -Wwrite-strings -pedantic -Wno-c++-compat -Wbad-function-cast -Wcast-align -Wformat -Wimplicit-function-declaration -Wint-to-pointer-cast -Wmissing-declarations -Wmissing-prototypes -Wnested-externs -Wold-style-definition -Wpacked -Wpointer-sign -Wpointer-to-int-cast -Wredundant-decls -Wstrict-prototypes -Wswitch -Wunused-but-set-variable -Wunused-variable -Wunused-function -Wunused-parameter -finline-functions -Wno-aggregate-return -Wno-inline -Wno-missing-format-attribute -Wno-missing-noreturn -Wno-overlength-strings -Wlarger-than=2560 -Wlogical-op -Wframe-larger-than=16384 -Wpacked-bitfield-compat -Wsync-nand -Wno-unsuffixed-float-constants -Wdouble-promotion -Wtrampolines -Wstack-usage=8192 -Wmaybe-uninitialized -Wno-jump-misses-init -Wstrict-overflow=2 -Wno-suggest-attribute=const -Wno-suggest-attribute=noreturn -Wno-suggest-attribute=pure -Wno-suggest-attribute=format -Wdate-time -Warray-bounds=2 -Wc99-c11-compat -Wincompatible-pointer-types -Wint-conversion -Wduplicated-cond -Whsa -Wnormalized -Wnull-dereference -Wunused-const-variable -Walloca -Walloc-zero -Wduplicated-branches -Wformat-overflow=2 -Wformat-truncation=1 -Wrestrict -Wattribute-alias -Wshift-overflow=2 -Wcast-function-type -Wcast-align=strict -Wno-suggest-attribute=cold -Wno-suggest-attribute=malloc -Wattribute-alias=2 -Wmissing-profile -Wc11-c2x-compat -MD -MT src/CMakeFiles/hdf5-static.dir/H5Dbtree.c.o -MF src/CMakeFiles/hdf5-static.dir/H5Dbtree.c.o.d -o src/CMakeFiles/hdf5-static.dir/H5Dbtree.c.o -c /home/byrn/HDF_Projects/hdf5/dev/src/H5Dbtree.c
[67/4114] /usr/bin/cc -D_FILE_OFFSET_BITS=64 -D_GNU_SOURCE -D_LARGEFILE_SOURCE -D_POSIX_C_SOURCE=200809L -I/home/byrn/HDF_Projects/hdf5/dev/src -I/home/byrn/HDF_Projects/hdf5/dev/src/H5FDsubfiling -I/home/byrn/HDF_Projects/hdf5/build/ci-StdShar-GNUC/src -I/home/byrn/HDF_Projects/hdf5/build/ci-StdShar-GNUC/_deps/hdf5_zlib-build -I/home/byrn/HDF_Projects/hdf5/build/ci-StdShar-GNUC/_deps/hdf5_zlib-src -I/home/byrn/HDF_Projects/hdf5/build/ci-StdShar-GNUC/_deps/szip-build -I/home/byrn/HDF_Projects/hdf5/build/ci-StdShar-GNUC/_deps/szip-src/include -I/home/byrn/HDF_Projects/hdf5/build/ci-StdShar-GNUC/_deps/szip-src -std=c99  -fstdarg-opt -fdiagnostics-urls=never -fno-diagnostics-color -fmessage-length=0 -O2 -g -DNDEBUG -std=gnu99 -fPIC -Wall -Wcast-qual -Wconversion -Wextra -Wfloat-equal -Wformat=2 -Winit-self -Winvalid-pch -Wmissing-include-dirs -Wshadow -Wundef -Wwrite-strings -pedantic -Wno-c++-compat -Wbad-function-cast -Wcast-align -Wformat -Wimplicit-function-declaration -Wint-to-pointer-cast -Wmissing-declarations -Wmissing-prototypes -Wnested-externs -Wold-style-definition -Wpacked -Wpointer-sign -Wpointer-to-int-cast -Wredundant-decls -Wstrict-prototypes -Wswitch -Wunused-but-set-variable -Wunused-variable -Wunused-function -Wunused-parameter -finline-functions -Wno-aggregate-return -Wno-inline -Wno-missing-format-attribute -Wno-missing-noreturn -Wno-overlength-strings -Wlarger-than=2560 -Wlogical-op -Wframe-larger-than=16384 -Wpacked-bitfield-compat -Wsync-nand -Wno-unsuffixed-float-constants -Wdouble-promotion -Wtrampolines -Wstack-usage=8192 -Wmaybe-uninitialized -Wno-jump-misses-init -Wstrict-overflow=2 -Wno-suggest-attribute=const -Wno-suggest-attribute=noreturn -Wno-suggest-attribute=pure -Wno-suggest-attribute=format -Wdate-time -Warray-bounds=2 -Wc99-c11-compat -Wincompatible-pointer-types -Wint-conversion -Wduplicated-cond -Whsa -Wnormalized -Wnull-dereference -Wunused-const-variable -Walloca -Walloc-zero -Wduplicated-branches -Wformat-overflow=2 -Wformat-truncation=1 -Wrestrict -Wattribute-alias -Wshift-overflow=2 -Wcast-function-type -Wcast-align=strict -Wno-suggest-attribute=cold -Wno-suggest-attribute=malloc -Wattribute-alias=2 -Wmissing-profile -Wc11-c2x-compat -MD -MT src/CMakeFiles/hdf5-static.dir/H5Centry.c.o -MF src/CMakeFiles/hdf5-static.dir/H5Centry.c.o.d -o src/CMakeFiles/hdf5-static.dir/H5Centry.c.o -c /home/byrn/HDF_Projects/hdf5/dev/src/H5Centry.c
[68/4114] /usr/bin/cc -D_FILE_OFFSET_BITS=64 -D_GNU_SOURCE -D_LARGEFILE_SOURCE -D_POSIX_C_SOURCE=200809L -I/home/byrn/HDF_Projects/hdf5/dev/src -I/home/byrn/HDF_Projects/hdf5/dev/src/H5FDsubfiling -I/home/byrn/HDF_Projects/hdf5/build/ci-StdShar-GNUC/src -I/home/byrn/HDF_Projects/hdf5/build/ci-StdShar-GNUC/_deps/hdf5_zlib-build -I/home/byrn/HDF_Projects/hdf5/build/ci-StdShar-GNUC/_deps/hdf5_zlib-src -I/home/byrn/HDF_Projects/hdf5/build/ci-StdShar-GNUC/_deps/szip-build -I/home/byrn/HDF_Projects/hdf5/build/ci-StdShar-GNUC/_deps/szip-src/include -I/home/byrn/HDF_Projects/hdf5/build/ci-StdShar-GNUC/_deps/szip-src -std=c99  -fstdarg-opt -fdiagnostics-urls=never -fno-diagnostics-color -fmessage-length=0 -O2 -g -DNDEBUG -std=gnu99 -fPIC -Wall -Wcast-qual -Wconversion -Wextra -Wfloat-equal -Wformat=2 -Winit-self -Winvalid-pch -Wmissing-include-dirs -Wshadow -Wundef -Wwrite-strings -pedantic -Wno-c++-compat -Wbad-function-cast -Wcast-align -Wformat -Wimplicit-function-declaration -Wint-to-pointer-cast -Wmissing-declarations -Wmissing-prototypes -Wnested-externs -Wold-style-definition -Wpacked -Wpointer-sign -Wpointer-to-int-cast -Wredundant-decls -Wstrict-prototypes -Wswitch -Wunused-but-set-variable -Wunused-variable -Wunused-function -Wunused-parameter -finline-functions -Wno-aggregate-return -Wno-inline -Wno-missing-format-attribute -Wno-missing-noreturn -Wno-overlength-strings -Wlarger-than=2560 -Wlogical-op -Wframe-larger-than=16384 -Wpacked-bitfield-compat -Wsync-nand -Wno-unsuffixed-float-constants -Wdouble-promotion -Wtrampolines -Wstack-usage=8192 -Wmaybe-uninitialized -Wno-jump-misses-init -Wstrict-overflow=2 -Wno-suggest-attribute=const -Wno-suggest-attribute=noreturn -Wno-suggest-attribute=pure -Wno-suggest-attribute=format -Wdate-time -Warray-bounds=2 -Wc99-c11-compat -Wincompatible-pointer-types -Wint-conversion -Wduplicated-cond -Whsa -Wnormalized -Wnull-dereference -Wunused-const-variable -Walloca -Walloc-zero -Wduplicated-branches -Wformat-overflow=2 -Wformat-truncation=1 -Wrestrict -Wattribute-alias -Wshift-overflow=2 -Wcast-function-type -Wcast-align=strict -Wno-suggest-attribute=cold -Wno-suggest-attribute=malloc -Wattribute-alias=2 -Wmissing-profile -Wc11-c2x-compat -MD -MT src/CMakeFiles/hdf5-static.dir/H5Dbtree2.c.o -MF src/CMakeFiles/hdf5-static.dir/H5Dbtree2.c.o.d -o src/CMakeFiles/hdf5-static.dir/H5Dbtree2.c.o -c /home/byrn/HDF_Projects/hdf5/dev/src/H5Dbtree2.c
[69/4114] /usr/bin/cc -D_FILE_OFFSET_BITS=64 -D_GNU_SOURCE -D_LARGEFILE_SOURCE -D_POSIX_C_SOURCE=200809L -I/home/byrn/HDF_Projects/hdf5/dev/src -I/home/byrn/HDF_Projects/hdf5/dev/src/H5FDsubfiling -I/home/byrn/HDF_Projects/hdf5/build/ci-StdShar-GNUC/src -I/home/byrn/HDF_Projects/hdf5/build/ci-StdShar-GNUC/_deps/hdf5_zlib-build -I/home/byrn/HDF_Projects/hdf5/build/ci-StdShar-GNUC/_deps/hdf5_zlib-src -I/home/byrn/HDF_Projects/hdf5/build/ci-StdShar-GNUC/_deps/szip-build -I/home/byrn/HDF_Projects/hdf5/build/ci-StdShar-GNUC/_deps/szip-src/include -I/home/byrn/HDF_Projects/hdf5/build/ci-StdShar-GNUC/_deps/szip-src -std=c99  -fstdarg-opt -fdiagnostics-urls=never -fno-diagnostics-color -fmessage-length=0 -O2 -g -DNDEBUG -std=gnu99 -fPIC -Wall -Wcast-qual -Wconversion -Wextra -Wfloat-equal -Wformat=2 -Winit-self -Winvalid-pch -Wmissing-include-dirs -Wshadow -Wundef -Wwrite-strings -pedantic -Wno-c++-compat -Wbad-function-cast -Wcast-align -Wformat -Wimplicit-function-declaration -Wint-to-pointer-cast -Wmissing-declarations -Wmissing-prototypes -Wnested-externs -Wold-style-definition -Wpacked -Wpointer-sign -Wpointer-to-int-cast -Wredundant-decls -Wstrict-prototypes -Wswitch -Wunused-but-set-variable -Wunused-variable -Wunused-function -Wunused-parameter -finline-functions -Wno-aggregate-return -Wno-inline -Wno-missing-format-attribute -Wno-missing-noreturn -Wno-overlength-strings -Wlarger-than=2560 -Wlogical-op -Wframe-larger-than=16384 -Wpacked-bitfield-compat -Wsync-nand -Wno-unsuffixed-float-constants -Wdouble-promotion -Wtrampolines -Wstack-usage=8192 -Wmaybe-uninitialized -Wno-jump-misses-init -Wstrict-overflow=2 -Wno-suggest-attribute=const -Wno-suggest-attribute=noreturn -Wno-suggest-attribute=pure -Wno-suggest-attribute=format -Wdate-time -Warray-bounds=2 -Wc99-c11-compat -Wincompatible-pointer-types -Wint-conversion -Wduplicated-cond -Whsa -Wnormalized -Wnull-dereference -Wunused-const-variable -Walloca -Walloc-zero -Wduplicated-branches -Wformat-overflow=2 -Wformat-truncation=1 -Wrestrict -Wattribute-alias -Wshift-overflow=2 -Wcast-function-type -Wcast-align=strict -Wno-suggest-attribute=cold -Wno-suggest-attribute=malloc -Wattribute-alias=2 -Wmissing-profile -Wc11-c2x-compat -MD -MT src/CMakeFiles/hdf5-static.dir/H5Dcompact.c.o -MF src/CMakeFiles/hdf5-static.dir/H5Dcompact.c.o.d -o src/CMakeFiles/hdf5-static.dir/H5Dcompact.c.o -c /home/byrn/HDF_Projects/hdf5/dev/src/H5Dcompact.c
[70/4114] /usr/bin/cc -D_FILE_OFFSET_BITS=64 -D_GNU_SOURCE -D_LARGEFILE_SOURCE -D_POSIX_C_SOURCE=200809L -I/home/byrn/HDF_Projects/hdf5/dev/src -I/home/byrn/HDF_Projects/hdf5/dev/src/H5FDsubfiling -I/home/byrn/HDF_Projects/hdf5/build/ci-StdShar-GNUC/src -I/home/byrn/HDF_Projects/hdf5/build/ci-StdShar-GNUC/_deps/hdf5_zlib-build -I/home/byrn/HDF_Projects/hdf5/build/ci-StdShar-GNUC/_deps/hdf5_zlib-src -I/home/byrn/HDF_Projects/hdf5/build/ci-StdShar-GNUC/_deps/szip-build -I/home/byrn/HDF_Projects/hdf5/build/ci-StdShar-GNUC/_deps/szip-src/include -I/home/byrn/HDF_Projects/hdf5/build/ci-StdShar-GNUC/_deps/szip-src -std=c99  -fstdarg-opt -fdiagnostics-urls=never -fno-diagnostics-color -fmessage-length=0 -O2 -g -DNDEBUG -std=gnu99 -fPIC -Wall -Wcast-qual -Wconversion -Wextra -Wfloat-equal -Wformat=2 -Winit-self -Winvalid-pch -Wmissing-include-dirs -Wshadow -Wundef -Wwrite-strings -pedantic -Wno-c++-compat -Wbad-function-cast -Wcast-align -Wformat -Wimplicit-function-declaration -Wint-to-pointer-cast -Wmissing-declarations -Wmissing-prototypes -Wnested-externs -Wold-style-definition -Wpacked -Wpointer-sign -Wpointer-to-int-cast -Wredundant-decls -Wstrict-prototypes -Wswitch -Wunused-but-set-variable -Wunused-variable -Wunused-function -Wunused-parameter -finline-functions -Wno-aggregate-return -Wno-inline -Wno-missing-format-attribute -Wno-missing-noreturn -Wno-overlength-strings -Wlarger-than=2560 -Wlogical-op -Wframe-larger-than=16384 -Wpacked-bitfield-compat -Wsync-nand -Wno-unsuffixed-float-constants -Wdouble-promotion -Wtrampolines -Wstack-usage=8192 -Wmaybe-uninitialized -Wno-jump-misses-init -Wstrict-overflow=2 -Wno-suggest-attribute=const -Wno-suggest-attribute=noreturn -Wno-suggest-attribute=pure -Wno-suggest-attribute=format -Wdate-time -Warray-bounds=2 -Wc99-c11-compat -Wincompatible-pointer-types -Wint-conversion -Wduplicated-cond -Whsa -Wnormalized -Wnull-dereference -Wunused-const-variable -Walloca -Walloc-zero -Wduplicated-branches -Wformat-overflow=2 -Wformat-truncation=1 -Wrestrict -Wattribute-alias -Wshift-overflow=2 -Wcast-function-type -Wcast-align=strict -Wno-suggest-attribute=cold -Wno-suggest-attribute=malloc -Wattribute-alias=2 -Wmissing-profile -Wc11-c2x-compat -MD -MT src/CMakeFiles/hdf5-static.dir/H5Ddbg.c.o -MF src/CMakeFiles/hdf5-static.dir/H5Ddbg.c.o.d -o src/CMakeFiles/hdf5-static.dir/H5Ddbg.c.o -c /home/byrn/HDF_Projects/hdf5/dev/src/H5Ddbg.c
[71/4114] /usr/bin/cc -D_FILE_OFFSET_BITS=64 -D_GNU_SOURCE -D_LARGEFILE_SOURCE -D_POSIX_C_SOURCE=200809L -I/home/byrn/HDF_Projects/hdf5/dev/src -I/home/byrn/HDF_Projects/hdf5/dev/src/H5FDsubfiling -I/home/byrn/HDF_Projects/hdf5/build/ci-StdShar-GNUC/src -I/home/byrn/HDF_Projects/hdf5/build/ci-StdShar-GNUC/_deps/hdf5_zlib-build -I/home/byrn/HDF_Projects/hdf5/build/ci-StdShar-GNUC/_deps/hdf5_zlib-src -I/home/byrn/HDF_Projects/hdf5/build/ci-StdShar-GNUC/_deps/szip-build -I/home/byrn/HDF_Projects/hdf5/build/ci-StdShar-GNUC/_deps/szip-src/include -I/home/byrn/HDF_Projects/hdf5/build/ci-StdShar-GNUC/_deps/szip-src -std=c99  -fstdarg-opt -fdiagnostics-urls=never -fno-diagnostics-color -fmessage-length=0 -O2 -g -DNDEBUG -std=gnu99 -fPIC -Wall -Wcast-qual -Wconversion -Wextra -Wfloat-equal -Wformat=2 -Winit-self -Winvalid-pch -Wmissing-include-dirs -Wshadow -Wundef -Wwrite-strings -pedantic -Wno-c++-compat -Wbad-function-cast -Wcast-align -Wformat -Wimplicit-function-declaration -Wint-to-pointer-cast -Wmissing-declarations -Wmissing-prototypes -Wnested-externs -Wold-style-definition -Wpacked -Wpointer-sign -Wpointer-to-int-cast -Wredundant-decls -Wstrict-prototypes -Wswitch -Wunused-but-set-variable -Wunused-variable -Wunused-function -Wunused-parameter -finline-functions -Wno-aggregate-return -Wno-inline -Wno-missing-format-attribute -Wno-missing-noreturn -Wno-overlength-strings -Wlarger-than=2560 -Wlogical-op -Wframe-larger-than=16384 -Wpacked-bitfield-compat -Wsync-nand -Wno-unsuffixed-float-constants -Wdouble-promotion -Wtrampolines -Wstack-usage=8192 -Wmaybe-uninitialized -Wno-jump-misses-init -Wstrict-overflow=2 -Wno-suggest-attribute=const -Wno-suggest-attribute=noreturn -Wno-suggest-attribute=pure -Wno-suggest-attribute=format -Wdate-time -Warray-bounds=2 -Wc99-c11-compat -Wincompatible-pointer-types -Wint-conversion -Wduplicated-cond -Whsa -Wnormalized -Wnull-dereference -Wunused-const-variable -Walloca -Walloc-zero -Wduplicated-branches -Wformat-overflow=2 -Wformat-truncation=1 -Wrestrict -Wattribute-alias -Wshift-overflow=2 -Wcast-function-type -Wcast-align=strict -Wno-suggest-attribute=cold -Wno-suggest-attribute=malloc -Wattribute-alias=2 -Wmissing-profile -Wc11-c2x-compat -MD -MT src/CMakeFiles/hdf5-static.dir/H5CX.c.o -MF src/CMakeFiles/hdf5-static.dir/H5CX.c.o.d -o src/CMakeFiles/hdf5-static.dir/H5CX.c.o -c /home/byrn/HDF_Projects/hdf5/dev/src/H5CX.c
[72/4114] /usr/bin/cc -D_FILE_OFFSET_BITS=64 -D_GNU_SOURCE -D_LARGEFILE_SOURCE -D_POSIX_C_SOURCE=200809L -I/home/byrn/HDF_Projects/hdf5/dev/src -I/home/byrn/HDF_Projects/hdf5/dev/src/H5FDsubfiling -I/home/byrn/HDF_Projects/hdf5/build/ci-StdShar-GNUC/src -I/home/byrn/HDF_Projects/hdf5/build/ci-StdShar-GNUC/_deps/hdf5_zlib-build -I/home/byrn/HDF_Projects/hdf5/build/ci-StdShar-GNUC/_deps/hdf5_zlib-src -I/home/byrn/HDF_Projects/hdf5/build/ci-StdShar-GNUC/_deps/szip-build -I/home/byrn/HDF_Projects/hdf5/build/ci-StdShar-GNUC/_deps/szip-src/include -I/home/byrn/HDF_Projects/hdf5/build/ci-StdShar-GNUC/_deps/szip-src -std=c99  -fstdarg-opt -fdiagnostics-urls=never -fno-diagnostics-color -fmessage-length=0 -O2 -g -DNDEBUG -std=gnu99 -fPIC -Wall -Wcast-qual -Wconversion -Wextra -Wfloat-equal -Wformat=2 -Winit-self -Winvalid-pch -Wmissing-include-dirs -Wshadow -Wundef -Wwrite-strings -pedantic -Wno-c++-compat -Wbad-function-cast -Wcast-align -Wformat -Wimplicit-function-declaration -Wint-to-pointer-cast -Wmissing-declarations -Wmissing-prototypes -Wnested-externs -Wold-style-definition -Wpacked -Wpointer-sign -Wpointer-to-int-cast -Wredundant-decls -Wstrict-prototypes -Wswitch -Wunused-but-set-variable -Wunused-variable -Wunused-function -Wunused-parameter -finline-functions -Wno-aggregate-return -Wno-inline -Wno-missing-format-attribute -Wno-missing-noreturn -Wno-overlength-strings -Wlarger-than=2560 -Wlogical-op -Wframe-larger-than=16384 -Wpacked-bitfield-compat -Wsync-nand -Wno-unsuffixed-float-constants -Wdouble-promotion -Wtrampolines -Wstack-usage=8192 -Wmaybe-uninitialized -Wno-jump-misses-init -Wstrict-overflow=2 -Wno-suggest-attribute=const -Wno-suggest-attribute=noreturn -Wno-suggest-attribute=pure -Wno-suggest-attribute=format -Wdate-time -Warray-bounds=2 -Wc99-c11-compat -Wincompatible-pointer-types -Wint-conversion -Wduplicated-cond -Whsa -Wnormalized -Wnull-dereference -Wunused-const-variable -Walloca -Walloc-zero -Wduplicated-branches -Wformat-overflow=2 -Wformat-truncation=1 -Wrestrict -Wattribute-alias -Wshift-overflow=2 -Wcast-function-type -Wcast-align=strict -Wno-suggest-attribute=cold -Wno-suggest-attribute=malloc -Wattribute-alias=2 -Wmissing-profile -Wc11-c2x-compat -MD -MT src/CMakeFiles/hdf5-static.dir/H5Defl.c.o -MF src/CMakeFiles/hdf5-static.dir/H5Defl.c.o.d -o src/CMakeFiles/hdf5-static.dir/H5Defl.c.o -c /home/byrn/HDF_Projects/hdf5/dev/src/H5Defl.c
[73/4114] /usr/bin/cc -D_FILE_OFFSET_BITS=64 -D_GNU_SOURCE -D_LARGEFILE_SOURCE -D_POSIX_C_SOURCE=200809L -I/home/byrn/HDF_Projects/hdf5/dev/src -I/home/byrn/HDF_Projects/hdf5/dev/src/H5FDsubfiling -I/home/byrn/HDF_Projects/hdf5/build/ci-StdShar-GNUC/src -I/home/byrn/HDF_Projects/hdf5/build/ci-StdShar-GNUC/_deps/hdf5_zlib-build -I/home/byrn/HDF_Projects/hdf5/build/ci-StdShar-GNUC/_deps/hdf5_zlib-src -I/home/byrn/HDF_Projects/hdf5/build/ci-StdShar-GNUC/_deps/szip-build -I/home/byrn/HDF_Projects/hdf5/build/ci-StdShar-GNUC/_deps/szip-src/include -I/home/byrn/HDF_Projects/hdf5/build/ci-StdShar-GNUC/_deps/szip-src -std=c99  -fstdarg-opt -fdiagnostics-urls=never -fno-diagnostics-color -fmessage-length=0 -O2 -g -DNDEBUG -std=gnu99 -fPIC -Wall -Wcast-qual -Wconversion -Wextra -Wfloat-equal -Wformat=2 -Winit-self -Winvalid-pch -Wmissing-include-dirs -Wshadow -Wundef -Wwrite-strings -pedantic -Wno-c++-compat -Wbad-function-cast -Wcast-align -Wformat -Wimplicit-function-declaration -Wint-to-pointer-cast -Wmissing-declarations -Wmissing-prototypes -Wnested-externs -Wold-style-definition -Wpacked -Wpointer-sign -Wpointer-to-int-cast -Wredundant-decls -Wstrict-prototypes -Wswitch -Wunused-but-set-variable -Wunused-variable -Wunused-function -Wunused-parameter -finline-functions -Wno-aggregate-return -Wno-inline -Wno-missing-format-attribute -Wno-missing-noreturn -Wno-overlength-strings -Wlarger-than=2560 -Wlogical-op -Wframe-larger-than=16384 -Wpacked-bitfield-compat -Wsync-nand -Wno-unsuffixed-float-constants -Wdouble-promotion -Wtrampolines -Wstack-usage=8192 -Wmaybe-uninitialized -Wno-jump-misses-init -Wstrict-overflow=2 -Wno-suggest-attribute=const -Wno-suggest-attribute=noreturn -Wno-suggest-attribute=pure -Wno-suggest-attribute=format -Wdate-time -Warray-bounds=2 -Wc99-c11-compat -Wincompatible-pointer-types -Wint-conversion -Wduplicated-cond -Whsa -Wnormalized -Wnull-dereference -Wunused-const-variable -Walloca -Walloc-zero -Wduplicated-branches -Wformat-overflow=2 -Wformat-truncation=1 -Wrestrict -Wattribute-alias -Wshift-overflow=2 -Wcast-function-type -Wcast-align=strict -Wno-suggest-attribute=cold -Wno-suggest-attribute=malloc -Wattribute-alias=2 -Wmissing-profile -Wc11-c2x-compat -MD -MT src/CMakeFiles/hdf5-static.dir/H5Ddeprec.c.o -MF src/CMakeFiles/hdf5-static.dir/H5Ddeprec.c.o.d -o src/CMakeFiles/hdf5-static.dir/H5Ddeprec.c.o -c /home/byrn/HDF_Projects/hdf5/dev/src/H5Ddeprec.c
[74/4114] /usr/bin/cc -D_FILE_OFFSET_BITS=64 -D_GNU_SOURCE -D_LARGEFILE_SOURCE -D_POSIX_C_SOURCE=200809L -I/home/byrn/HDF_Projects/hdf5/dev/src -I/home/byrn/HDF_Projects/hdf5/dev/src/H5FDsubfiling -I/home/byrn/HDF_Projects/hdf5/build/ci-StdShar-GNUC/src -I/home/byrn/HDF_Projects/hdf5/build/ci-StdShar-GNUC/_deps/hdf5_zlib-build -I/home/byrn/HDF_Projects/hdf5/build/ci-StdShar-GNUC/_deps/hdf5_zlib-src -I/home/byrn/HDF_Projects/hdf5/build/ci-StdShar-GNUC/_deps/szip-build -I/home/byrn/HDF_Projects/hdf5/build/ci-StdShar-GNUC/_deps/szip-src/include -I/home/byrn/HDF_Projects/hdf5/build/ci-StdShar-GNUC/_deps/szip-src -std=c99  -fstdarg-opt -fdiagnostics-urls=never -fno-diagnostics-color -fmessage-length=0 -O2 -g -DNDEBUG -std=gnu99 -fPIC -Wall -Wcast-qual -Wconversion -Wextra -Wfloat-equal -Wformat=2 -Winit-self -Winvalid-pch -Wmissing-include-dirs -Wshadow -Wundef -Wwrite-strings -pedantic -Wno-c++-compat -Wbad-function-cast -Wcast-align -Wformat -Wimplicit-function-declaration -Wint-to-pointer-cast -Wmissing-declarations -Wmissing-prototypes -Wnested-externs -Wold-style-definition -Wpacked -Wpointer-sign -Wpointer-to-int-cast -Wredundant-decls -Wstrict-prototypes -Wswitch -Wunused-but-set-variable -Wunused-variable -Wunused-function -Wunused-parameter -finline-functions -Wno-aggregate-return -Wno-inline -Wno-missing-format-attribute -Wno-missing-noreturn -Wno-overlength-strings -Wlarger-than=2560 -Wlogical-op -Wframe-larger-than=16384 -Wpacked-bitfield-compat -Wsync-nand -Wno-unsuffixed-float-constants -Wdouble-promotion -Wtrampolines -Wstack-usage=8192 -Wmaybe-uninitialized -Wno-jump-misses-init -Wstrict-overflow=2 -Wno-suggest-attribute=const -Wno-suggest-attribute=noreturn -Wno-suggest-attribute=pure -Wno-suggest-attribute=format -Wdate-time -Warray-bounds=2 -Wc99-c11-compat -Wincompatible-pointer-types -Wint-conversion -Wduplicated-cond -Whsa -Wnormalized -Wnull-dereference -Wunused-const-variable -Walloca -Walloc-zero -Wduplicated-branches -Wformat-overflow=2 -Wformat-truncation=1 -Wrestrict -Wattribute-alias -Wshift-overflow=2 -Wcast-function-type -Wcast-align=strict -Wno-suggest-attribute=cold -Wno-suggest-attribute=malloc -Wattribute-alias=2 -Wmissing-profile -Wc11-c2x-compat -MD -MT src/CMakeFiles/hdf5-static.dir/H5Dfill.c.o -MF src/CMakeFiles/hdf5-static.dir/H5Dfill.c.o.d -o src/CMakeFiles/hdf5-static.dir/H5Dfill.c.o -c /home/byrn/HDF_Projects/hdf5/dev/src/H5Dfill.c
[75/4114] /usr/bin/cc -D_FILE_OFFSET_BITS=64 -D_GNU_SOURCE -D_LARGEFILE_SOURCE -D_POSIX_C_SOURCE=200809L -I/home/byrn/HDF_Projects/hdf5/dev/src -I/home/byrn/HDF_Projects/hdf5/dev/src/H5FDsubfiling -I/home/byrn/HDF_Projects/hdf5/build/ci-StdShar-GNUC/src -I/home/byrn/HDF_Projects/hdf5/build/ci-StdShar-GNUC/_deps/hdf5_zlib-build -I/home/byrn/HDF_Projects/hdf5/build/ci-StdShar-GNUC/_deps/hdf5_zlib-src -I/home/byrn/HDF_Projects/hdf5/build/ci-StdShar-GNUC/_deps/szip-build -I/home/byrn/HDF_Projects/hdf5/build/ci-StdShar-GNUC/_deps/szip-src/include -I/home/byrn/HDF_Projects/hdf5/build/ci-StdShar-GNUC/_deps/szip-src -std=c99  -fstdarg-opt -fdiagnostics-urls=never -fno-diagnostics-color -fmessage-length=0 -O2 -g -DNDEBUG -std=gnu99 -fPIC -Wall -Wcast-qual -Wconversion -Wextra -Wfloat-equal -Wformat=2 -Winit-self -Winvalid-pch -Wmissing-include-dirs -Wshadow -Wundef -Wwrite-strings -pedantic -Wno-c++-compat -Wbad-function-cast -Wcast-align -Wformat -Wimplicit-function-declaration -Wint-to-pointer-cast -Wmissing-declarations -Wmissing-prototypes -Wnested-externs -Wold-style-definition -Wpacked -Wpointer-sign -Wpointer-to-int-cast -Wredundant-decls -Wstrict-prototypes -Wswitch -Wunused-but-set-variable -Wunused-variable -Wunused-function -Wunused-parameter -finline-functions -Wno-aggregate-return -Wno-inline -Wno-missing-format-attribute -Wno-missing-noreturn -Wno-overlength-strings -Wlarger-than=2560 -Wlogical-op -Wframe-larger-than=16384 -Wpacked-bitfield-compat -Wsync-nand -Wno-unsuffixed-float-constants -Wdouble-promotion -Wtrampolines -Wstack-usage=8192 -Wmaybe-uninitialized -Wno-jump-misses-init -Wstrict-overflow=2 -Wno-suggest-attribute=const -Wno-suggest-attribute=noreturn -Wno-suggest-attribute=pure -Wno-suggest-attribute=format -Wdate-time -Warray-bounds=2 -Wc99-c11-compat -Wincompatible-pointer-types -Wint-conversion -Wduplicated-cond -Whsa -Wnormalized -Wnull-dereference -Wunused-const-variable -Walloca -Walloc-zero -Wduplicated-branches -Wformat-overflow=2 -Wformat-truncation=1 -Wrestrict -Wattribute-alias -Wshift-overflow=2 -Wcast-function-type -Wcast-align=strict -Wno-suggest-attribute=cold -Wno-suggest-attribute=malloc -Wattribute-alias=2 -Wmissing-profile -Wc11-c2x-compat -MD -MT src/CMakeFiles/hdf5-static.dir/H5Dearray.c.o -MF src/CMakeFiles/hdf5-static.dir/H5Dearray.c.o.d -o src/CMakeFiles/hdf5-static.dir/H5Dearray.c.o -c /home/byrn/HDF_Projects/hdf5/dev/src/H5Dearray.c
[76/4114] /usr/bin/cc -D_FILE_OFFSET_BITS=64 -D_GNU_SOURCE -D_LARGEFILE_SOURCE -D_POSIX_C_SOURCE=200809L -I/home/byrn/HDF_Projects/hdf5/dev/src -I/home/byrn/HDF_Projects/hdf5/dev/src/H5FDsubfiling -I/home/byrn/HDF_Projects/hdf5/build/ci-StdShar-GNUC/src -I/home/byrn/HDF_Projects/hdf5/build/ci-StdShar-GNUC/_deps/hdf5_zlib-build -I/home/byrn/HDF_Projects/hdf5/build/ci-StdShar-GNUC/_deps/hdf5_zlib-src -I/home/byrn/HDF_Projects/hdf5/build/ci-StdShar-GNUC/_deps/szip-build -I/home/byrn/HDF_Projects/hdf5/build/ci-StdShar-GNUC/_deps/szip-src/include -I/home/byrn/HDF_Projects/hdf5/build/ci-StdShar-GNUC/_deps/szip-src -std=c99  -fstdarg-opt -fdiagnostics-urls=never -fno-diagnostics-color -fmessage-length=0 -O2 -g -DNDEBUG -std=gnu99 -fPIC -Wall -Wcast-qual -Wconversion -Wextra -Wfloat-equal -Wformat=2 -Winit-self -Winvalid-pch -Wmissing-include-dirs -Wshadow -Wundef -Wwrite-strings -pedantic -Wno-c++-compat -Wbad-function-cast -Wcast-align -Wformat -Wimplicit-function-declaration -Wint-to-pointer-cast -Wmissing-declarations -Wmissing-prototypes -Wnested-externs -Wold-style-definition -Wpacked -Wpointer-sign -Wpointer-to-int-cast -Wredundant-decls -Wstrict-prototypes -Wswitch -Wunused-but-set-variable -Wunused-variable -Wunused-function -Wunused-parameter -finline-functions -Wno-aggregate-return -Wno-inline -Wno-missing-format-attribute -Wno-missing-noreturn -Wno-overlength-strings -Wlarger-than=2560 -Wlogical-op -Wframe-larger-than=16384 -Wpacked-bitfield-compat -Wsync-nand -Wno-unsuffixed-float-constants -Wdouble-promotion -Wtrampolines -Wstack-usage=8192 -Wmaybe-uninitialized -Wno-jump-misses-init -Wstrict-overflow=2 -Wno-suggest-attribute=const -Wno-suggest-attribute=noreturn -Wno-suggest-attribute=pure -Wno-suggest-attribute=format -Wdate-time -Warray-bounds=2 -Wc99-c11-compat -Wincompatible-pointer-types -Wint-conversion -Wduplicated-cond -Whsa -Wnormalized -Wnull-dereference -Wunused-const-variable -Walloca -Walloc-zero -Wduplicated-branches -Wformat-overflow=2 -Wformat-truncation=1 -Wrestrict -Wattribute-alias -Wshift-overflow=2 -Wcast-function-type -Wcast-align=strict -Wno-suggest-attribute=cold -Wno-suggest-attribute=malloc -Wattribute-alias=2 -Wmissing-profile -Wc11-c2x-compat -MD -MT src/CMakeFiles/hdf5-static.dir/H5Dfarray.c.o -MF src/CMakeFiles/hdf5-static.dir/H5Dfarray.c.o.d -o src/CMakeFiles/hdf5-static.dir/H5Dfarray.c.o -c /home/byrn/HDF_Projects/hdf5/dev/src/H5Dfarray.c
[77/4114] /usr/bin/cc -D_FILE_OFFSET_BITS=64 -D_GNU_SOURCE -D_LARGEFILE_SOURCE -D_POSIX_C_SOURCE=200809L -I/home/byrn/HDF_Projects/hdf5/dev/src -I/home/byrn/HDF_Projects/hdf5/dev/src/H5FDsubfiling -I/home/byrn/HDF_Projects/hdf5/build/ci-StdShar-GNUC/src -I/home/byrn/HDF_Projects/hdf5/build/ci-StdShar-GNUC/_deps/hdf5_zlib-build -I/home/byrn/HDF_Projects/hdf5/build/ci-StdShar-GNUC/_deps/hdf5_zlib-src -I/home/byrn/HDF_Projects/hdf5/build/ci-StdShar-GNUC/_deps/szip-build -I/home/byrn/HDF_Projects/hdf5/build/ci-StdShar-GNUC/_deps/szip-src/include -I/home/byrn/HDF_Projects/hdf5/build/ci-StdShar-GNUC/_deps/szip-src -std=c99  -fstdarg-opt -fdiagnostics-urls=never -fno-diagnostics-color -fmessage-length=0 -O2 -g -DNDEBUG -std=gnu99 -fPIC -Wall -Wcast-qual -Wconversion -Wextra -Wfloat-equal -Wformat=2 -Winit-self -Winvalid-pch -Wmissing-include-dirs -Wshadow -Wundef -Wwrite-strings -pedantic -Wno-c++-compat -Wbad-function-cast -Wcast-align -Wformat -Wimplicit-function-declaration -Wint-to-pointer-cast -Wmissing-declarations -Wmissing-prototypes -Wnested-externs -Wold-style-definition -Wpacked -Wpointer-sign -Wpointer-to-int-cast -Wredundant-decls -Wstrict-prototypes -Wswitch -Wunused-but-set-variable -Wunused-variable -Wunused-function -Wunused-parameter -finline-functions -Wno-aggregate-return -Wno-inline -Wno-missing-format-attribute -Wno-missing-noreturn -Wno-overlength-strings -Wlarger-than=2560 -Wlogical-op -Wframe-larger-than=16384 -Wpacked-bitfield-compat -Wsync-nand -Wno-unsuffixed-float-constants -Wdouble-promotion -Wtrampolines -Wstack-usage=8192 -Wmaybe-uninitialized -Wno-jump-misses-init -Wstrict-overflow=2 -Wno-suggest-attribute=const -Wno-suggest-attribute=noreturn -Wno-suggest-attribute=pure -Wno-suggest-attribute=format -Wdate-time -Warray-bounds=2 -Wc99-c11-compat -Wincompatible-pointer-types -Wint-conversion -Wduplicated-cond -Whsa -Wnormalized -Wnull-dereference -Wunused-const-variable -Walloca -Walloc-zero -Wduplicated-branches -Wformat-overflow=2 -Wformat-truncation=1 -Wrestrict -Wattribute-alias -Wshift-overflow=2 -Wcast-function-type -Wcast-align=strict -Wno-suggest-attribute=cold -Wno-suggest-attribute=malloc -Wattribute-alias=2 -Wmissing-profile -Wc11-c2x-compat -MD -MT src/CMakeFiles/hdf5-static.dir/H5Dmpio.c.o -MF src/CMakeFiles/hdf5-static.dir/H5Dmpio.c.o.d -o src/CMakeFiles/hdf5-static.dir/H5Dmpio.c.o -c /home/byrn/HDF_Projects/hdf5/dev/src/H5Dmpio.c
[78/4114] /usr/bin/cc -D_FILE_OFFSET_BITS=64 -D_GNU_SOURCE -D_LARGEFILE_SOURCE -D_POSIX_C_SOURCE=200809L -I/home/byrn/HDF_Projects/hdf5/dev/src -I/home/byrn/HDF_Projects/hdf5/dev/src/H5FDsubfiling -I/home/byrn/HDF_Projects/hdf5/build/ci-StdShar-GNUC/src -I/home/byrn/HDF_Projects/hdf5/build/ci-StdShar-GNUC/_deps/hdf5_zlib-build -I/home/byrn/HDF_Projects/hdf5/build/ci-StdShar-GNUC/_deps/hdf5_zlib-src -I/home/byrn/HDF_Projects/hdf5/build/ci-StdShar-GNUC/_deps/szip-build -I/home/byrn/HDF_Projects/hdf5/build/ci-StdShar-GNUC/_deps/szip-src/include -I/home/byrn/HDF_Projects/hdf5/build/ci-StdShar-GNUC/_deps/szip-src -std=c99  -fstdarg-opt -fdiagnostics-urls=never -fno-diagnostics-color -fmessage-length=0 -O2 -g -DNDEBUG -std=gnu99 -fPIC -Wall -Wcast-qual -Wconversion -Wextra -Wfloat-equal -Wformat=2 -Winit-self -Winvalid-pch -Wmissing-include-dirs -Wshadow -Wundef -Wwrite-strings -pedantic -Wno-c++-compat -Wbad-function-cast -Wcast-align -Wformat -Wimplicit-function-declaration -Wint-to-pointer-cast -Wmissing-declarations -Wmissing-prototypes -Wnested-externs -Wold-style-definition -Wpacked -Wpointer-sign -Wpointer-to-int-cast -Wredundant-decls -Wstrict-prototypes -Wswitch -Wunused-but-set-variable -Wunused-variable -Wunused-function -Wunused-parameter -finline-functions -Wno-aggregate-return -Wno-inline -Wno-missing-format-attribute -Wno-missing-noreturn -Wno-overlength-strings -Wlarger-than=2560 -Wlogical-op -Wframe-larger-than=16384 -Wpacked-bitfield-compat -Wsync-nand -Wno-unsuffixed-float-constants -Wdouble-promotion -Wtrampolines -Wstack-usage=8192 -Wmaybe-uninitialized -Wno-jump-misses-init -Wstrict-overflow=2 -Wno-suggest-attribute=const -Wno-suggest-attribute=noreturn -Wno-suggest-attribute=pure -Wno-suggest-attribute=format -Wdate-time -Warray-bounds=2 -Wc99-c11-compat -Wincompatible-pointer-types -Wint-conversion -Wduplicated-cond -Whsa -Wnormalized -Wnull-dereference -Wunused-const-variable -Walloca -Walloc-zero -Wduplicated-branches -Wformat-overflow=2 -Wformat-truncation=1 -Wrestrict -Wattribute-alias -Wshift-overflow=2 -Wcast-function-type -Wcast-align=strict -Wno-suggest-attribute=cold -Wno-suggest-attribute=malloc -Wattribute-alias=2 -Wmissing-profile -Wc11-c2x-compat -MD -MT src/CMakeFiles/hdf5-static.dir/H5Dcontig.c.o -MF src/CMakeFiles/hdf5-static.dir/H5Dcontig.c.o.d -o src/CMakeFiles/hdf5-static.dir/H5Dcontig.c.o -c /home/byrn/HDF_Projects/hdf5/dev/src/H5Dcontig.c
[79/4114] /usr/bin/cc -D_FILE_OFFSET_BITS=64 -D_GNU_SOURCE -D_LARGEFILE_SOURCE -D_POSIX_C_SOURCE=200809L -I/home/byrn/HDF_Projects/hdf5/dev/src -I/home/byrn/HDF_Projects/hdf5/dev/src/H5FDsubfiling -I/home/byrn/HDF_Projects/hdf5/build/ci-StdShar-GNUC/src -I/home/byrn/HDF_Projects/hdf5/build/ci-StdShar-GNUC/_deps/hdf5_zlib-build -I/home/byrn/HDF_Projects/hdf5/build/ci-StdShar-GNUC/_deps/hdf5_zlib-src -I/home/byrn/HDF_Projects/hdf5/build/ci-StdShar-GNUC/_deps/szip-build -I/home/byrn/HDF_Projects/hdf5/build/ci-StdShar-GNUC/_deps/szip-src/include -I/home/byrn/HDF_Projects/hdf5/build/ci-StdShar-GNUC/_deps/szip-src -std=c99  -fstdarg-opt -fdiagnostics-urls=never -fno-diagnostics-color -fmessage-length=0 -O2 -g -DNDEBUG -std=gnu99 -fPIC -Wall -Wcast-qual -Wconversion -Wextra -Wfloat-equal -Wformat=2 -Winit-self -Winvalid-pch -Wmissing-include-dirs -Wshadow -Wundef -Wwrite-strings -pedantic -Wno-c++-compat -Wbad-function-cast -Wcast-align -Wformat -Wimplicit-function-declaration -Wint-to-pointer-cast -Wmissing-declarations -Wmissing-prototypes -Wnested-externs -Wold-style-definition -Wpacked -Wpointer-sign -Wpointer-to-int-cast -Wredundant-decls -Wstrict-prototypes -Wswitch -Wunused-but-set-variable -Wunused-variable -Wunused-function -Wunused-parameter -finline-functions -Wno-aggregate-return -Wno-inline -Wno-missing-format-attribute -Wno-missing-noreturn -Wno-overlength-strings -Wlarger-than=2560 -Wlogical-op -Wframe-larger-than=16384 -Wpacked-bitfield-compat -Wsync-nand -Wno-unsuffixed-float-constants -Wdouble-promotion -Wtrampolines -Wstack-usage=8192 -Wmaybe-uninitialized -Wno-jump-misses-init -Wstrict-overflow=2 -Wno-suggest-attribute=const -Wno-suggest-attribute=noreturn -Wno-suggest-attribute=pure -Wno-suggest-attribute=format -Wdate-time -Warray-bounds=2 -Wc99-c11-compat -Wincompatible-pointer-types -Wint-conversion -Wduplicated-cond -Whsa -Wnormalized -Wnull-dereference -Wunused-const-variable -Walloca -Walloc-zero -Wduplicated-branches -Wformat-overflow=2 -Wformat-truncation=1 -Wrestrict -Wattribute-alias -Wshift-overflow=2 -Wcast-function-type -Wcast-align=strict -Wno-suggest-attribute=cold -Wno-suggest-attribute=malloc -Wattribute-alias=2 -Wmissing-profile -Wc11-c2x-compat -MD -MT src/CMakeFiles/hdf5-static.dir/H5D.c.o -MF src/CMakeFiles/hdf5-static.dir/H5D.c.o.d -o src/CMakeFiles/hdf5-static.dir/H5D.c.o -c /home/byrn/HDF_Projects/hdf5/dev/src/H5D.c
[80/4114] /usr/bin/cc -D_FILE_OFFSET_BITS=64 -D_GNU_SOURCE -D_LARGEFILE_SOURCE -D_POSIX_C_SOURCE=200809L -I/home/byrn/HDF_Projects/hdf5/dev/src -I/home/byrn/HDF_Projects/hdf5/dev/src/H5FDsubfiling -I/home/byrn/HDF_Projects/hdf5/build/ci-StdShar-GNUC/src -I/home/byrn/HDF_Projects/hdf5/build/ci-StdShar-GNUC/_deps/hdf5_zlib-build -I/home/byrn/HDF_Projects/hdf5/build/ci-StdShar-GNUC/_deps/hdf5_zlib-src -I/home/byrn/HDF_Projects/hdf5/build/ci-StdShar-GNUC/_deps/szip-build -I/home/byrn/HDF_Projects/hdf5/build/ci-StdShar-GNUC/_deps/szip-src/include -I/home/byrn/HDF_Projects/hdf5/build/ci-StdShar-GNUC/_deps/szip-src -std=c99  -fstdarg-opt -fdiagnostics-urls=never -fno-diagnostics-color -fmessage-length=0 -O2 -g -DNDEBUG -std=gnu99 -fPIC -Wall -Wcast-qual -Wconversion -Wextra -Wfloat-equal -Wformat=2 -Winit-self -Winvalid-pch -Wmissing-include-dirs -Wshadow -Wundef -Wwrite-strings -pedantic -Wno-c++-compat -Wbad-function-cast -Wcast-align -Wformat -Wimplicit-function-declaration -Wint-to-pointer-cast -Wmissing-declarations -Wmissing-prototypes -Wnested-externs -Wold-style-definition -Wpacked -Wpointer-sign -Wpointer-to-int-cast -Wredundant-decls -Wstrict-prototypes -Wswitch -Wunused-but-set-variable -Wunused-variable -Wunused-function -Wunused-parameter -finline-functions -Wno-aggregate-return -Wno-inline -Wno-missing-format-attribute -Wno-missing-noreturn -Wno-overlength-strings -Wlarger-than=2560 -Wlogical-op -Wframe-larger-than=16384 -Wpacked-bitfield-compat -Wsync-nand -Wno-unsuffixed-float-constants -Wdouble-promotion -Wtrampolines -Wstack-usage=8192 -Wmaybe-uninitialized -Wno-jump-misses-init -Wstrict-overflow=2 -Wno-suggest-attribute=const -Wno-suggest-attribute=noreturn -Wno-suggest-attribute=pure -Wno-suggest-attribute=format -Wdate-time -Warray-bounds=2 -Wc99-c11-compat -Wincompatible-pointer-types -Wint-conversion -Wduplicated-cond -Whsa -Wnormalized -Wnull-dereference -Wunused-const-variable -Walloca -Walloc-zero -Wduplicated-branches -Wformat-overflow=2 -Wformat-truncation=1 -Wrestrict -Wattribute-alias -Wshift-overflow=2 -Wcast-function-type -Wcast-align=strict -Wno-suggest-attribute=cold -Wno-suggest-attribute=malloc -Wattribute-alias=2 -Wmissing-profile -Wc11-c2x-compat -MD -MT src/CMakeFiles/hdf5-static.dir/H5Dnone.c.o -MF src/CMakeFiles/hdf5-static.dir/H5Dnone.c.o.d -o src/CMakeFiles/hdf5-static.dir/H5Dnone.c.o -c /home/byrn/HDF_Projects/hdf5/dev/src/H5Dnone.c
[81/4114] /usr/bin/cc -D_FILE_OFFSET_BITS=64 -D_GNU_SOURCE -D_LARGEFILE_SOURCE -D_POSIX_C_SOURCE=200809L -I/home/byrn/HDF_Projects/hdf5/dev/src -I/home/byrn/HDF_Projects/hdf5/dev/src/H5FDsubfiling -I/home/byrn/HDF_Projects/hdf5/build/ci-StdShar-GNUC/src -I/home/byrn/HDF_Projects/hdf5/build/ci-StdShar-GNUC/_deps/hdf5_zlib-build -I/home/byrn/HDF_Projects/hdf5/build/ci-StdShar-GNUC/_deps/hdf5_zlib-src -I/home/byrn/HDF_Projects/hdf5/build/ci-StdShar-GNUC/_deps/szip-build -I/home/byrn/HDF_Projects/hdf5/build/ci-StdShar-GNUC/_deps/szip-src/include -I/home/byrn/HDF_Projects/hdf5/build/ci-StdShar-GNUC/_deps/szip-src -std=c99  -fstdarg-opt -fdiagnostics-urls=never -fno-diagnostics-color -fmessage-length=0 -O2 -g -DNDEBUG -std=gnu99 -fPIC -Wall -Wcast-qual -Wconversion -Wextra -Wfloat-equal -Wformat=2 -Winit-self -Winvalid-pch -Wmissing-include-dirs -Wshadow -Wundef -Wwrite-strings -pedantic -Wno-c++-compat -Wbad-function-cast -Wcast-align -Wformat -Wimplicit-function-declaration -Wint-to-pointer-cast -Wmissing-declarations -Wmissing-prototypes -Wnested-externs -Wold-style-definition -Wpacked -Wpointer-sign -Wpointer-to-int-cast -Wredundant-decls -Wstrict-prototypes -Wswitch -Wunused-but-set-variable -Wunused-variable -Wunused-function -Wunused-parameter -finline-functions -Wno-aggregate-return -Wno-inline -Wno-missing-format-attribute -Wno-missing-noreturn -Wno-overlength-strings -Wlarger-than=2560 -Wlogical-op -Wframe-larger-than=16384 -Wpacked-bitfield-compat -Wsync-nand -Wno-unsuffixed-float-constants -Wdouble-promotion -Wtrampolines -Wstack-usage=8192 -Wmaybe-uninitialized -Wno-jump-misses-init -Wstrict-overflow=2 -Wno-suggest-attribute=const -Wno-suggest-attribute=noreturn -Wno-suggest-attribute=pure -Wno-suggest-attribute=format -Wdate-time -Warray-bounds=2 -Wc99-c11-compat -Wincompatible-pointer-types -Wint-conversion -Wduplicated-cond -Whsa -Wnormalized -Wnull-dereference -Wunused-const-variable -Walloca -Walloc-zero -Wduplicated-branches -Wformat-overflow=2 -Wformat-truncation=1 -Wrestrict -Wattribute-alias -Wshift-overflow=2 -Wcast-function-type -Wcast-align=strict -Wno-suggest-attribute=cold -Wno-suggest-attribute=malloc -Wattribute-alias=2 -Wmissing-profile -Wc11-c2x-compat -MD -MT src/CMakeFiles/hdf5-static.dir/H5Doh.c.o -MF src/CMakeFiles/hdf5-static.dir/H5Doh.c.o.d -o src/CMakeFiles/hdf5-static.dir/H5Doh.c.o -c /home/byrn/HDF_Projects/hdf5/dev/src/H5Doh.c
[82/4114] /usr/bin/cc -D_FILE_OFFSET_BITS=64 -D_GNU_SOURCE -D_LARGEFILE_SOURCE -D_POSIX_C_SOURCE=200809L -I/home/byrn/HDF_Projects/hdf5/dev/src -I/home/byrn/HDF_Projects/hdf5/dev/src/H5FDsubfiling -I/home/byrn/HDF_Projects/hdf5/build/ci-StdShar-GNUC/src -I/home/byrn/HDF_Projects/hdf5/build/ci-StdShar-GNUC/_deps/hdf5_zlib-build -I/home/byrn/HDF_Projects/hdf5/build/ci-StdShar-GNUC/_deps/hdf5_zlib-src -I/home/byrn/HDF_Projects/hdf5/build/ci-StdShar-GNUC/_deps/szip-build -I/home/byrn/HDF_Projects/hdf5/build/ci-StdShar-GNUC/_deps/szip-src/include -I/home/byrn/HDF_Projects/hdf5/build/ci-StdShar-GNUC/_deps/szip-src -std=c99  -fstdarg-opt -fdiagnostics-urls=never -fno-diagnostics-color -fmessage-length=0 -O2 -g -DNDEBUG -std=gnu99 -fPIC -Wall -Wcast-qual -Wconversion -Wextra -Wfloat-equal -Wformat=2 -Winit-self -Winvalid-pch -Wmissing-include-dirs -Wshadow -Wundef -Wwrite-strings -pedantic -Wno-c++-compat -Wbad-function-cast -Wcast-align -Wformat -Wimplicit-function-declaration -Wint-to-pointer-cast -Wmissing-declarations -Wmissing-prototypes -Wnested-externs -Wold-style-definition -Wpacked -Wpointer-sign -Wpointer-to-int-cast -Wredundant-decls -Wstrict-prototypes -Wswitch -Wunused-but-set-variable -Wunused-variable -Wunused-function -Wunused-parameter -finline-functions -Wno-aggregate-return -Wno-inline -Wno-missing-format-attribute -Wno-missing-noreturn -Wno-overlength-strings -Wlarger-than=2560 -Wlogical-op -Wframe-larger-than=16384 -Wpacked-bitfield-compat -Wsync-nand -Wno-unsuffixed-float-constants -Wdouble-promotion -Wtrampolines -Wstack-usage=8192 -Wmaybe-uninitialized -Wno-jump-misses-init -Wstrict-overflow=2 -Wno-suggest-attribute=const -Wno-suggest-attribute=noreturn -Wno-suggest-attribute=pure -Wno-suggest-attribute=format -Wdate-time -Warray-bounds=2 -Wc99-c11-compat -Wincompatible-pointer-types -Wint-conversion -Wduplicated-cond -Whsa -Wnormalized -Wnull-dereference -Wunused-const-variable -Walloca -Walloc-zero -Wduplicated-branches -Wformat-overflow=2 -Wformat-truncation=1 -Wrestrict -Wattribute-alias -Wshift-overflow=2 -Wcast-function-type -Wcast-align=strict -Wno-suggest-attribute=cold -Wno-suggest-attribute=malloc -Wattribute-alias=2 -Wmissing-profile -Wc11-c2x-compat -MD -MT src/CMakeFiles/hdf5-static.dir/H5Dlayout.c.o -MF src/CMakeFiles/hdf5-static.dir/H5Dlayout.c.o.d -o src/CMakeFiles/hdf5-static.dir/H5Dlayout.c.o -c /home/byrn/HDF_Projects/hdf5/dev/src/H5Dlayout.c
[83/4114] /usr/bin/cc -D_FILE_OFFSET_BITS=64 -D_GNU_SOURCE -D_LARGEFILE_SOURCE -D_POSIX_C_SOURCE=200809L -I/home/byrn/HDF_Projects/hdf5/dev/src -I/home/byrn/HDF_Projects/hdf5/dev/src/H5FDsubfiling -I/home/byrn/HDF_Projects/hdf5/build/ci-StdShar-GNUC/src -I/home/byrn/HDF_Projects/hdf5/build/ci-StdShar-GNUC/_deps/hdf5_zlib-build -I/home/byrn/HDF_Projects/hdf5/build/ci-StdShar-GNUC/_deps/hdf5_zlib-src -I/home/byrn/HDF_Projects/hdf5/build/ci-StdShar-GNUC/_deps/szip-build -I/home/byrn/HDF_Projects/hdf5/build/ci-StdShar-GNUC/_deps/szip-src/include -I/home/byrn/HDF_Projects/hdf5/build/ci-StdShar-GNUC/_deps/szip-src -std=c99  -fstdarg-opt -fdiagnostics-urls=never -fno-diagnostics-color -fmessage-length=0 -O2 -g -DNDEBUG -std=gnu99 -fPIC -Wall -Wcast-qual -Wconversion -Wextra -Wfloat-equal -Wformat=2 -Winit-self -Winvalid-pch -Wmissing-include-dirs -Wshadow -Wundef -Wwrite-strings -pedantic -Wno-c++-compat -Wbad-function-cast -Wcast-align -Wformat -Wimplicit-function-declaration -Wint-to-pointer-cast -Wmissing-declarations -Wmissing-prototypes -Wnested-externs -Wold-style-definition -Wpacked -Wpointer-sign -Wpointer-to-int-cast -Wredundant-decls -Wstrict-prototypes -Wswitch -Wunused-but-set-variable -Wunused-variable -Wunused-function -Wunused-parameter -finline-functions -Wno-aggregate-return -Wno-inline -Wno-missing-format-attribute -Wno-missing-noreturn -Wno-overlength-strings -Wlarger-than=2560 -Wlogical-op -Wframe-larger-than=16384 -Wpacked-bitfield-compat -Wsync-nand -Wno-unsuffixed-float-constants -Wdouble-promotion -Wtrampolines -Wstack-usage=8192 -Wmaybe-uninitialized -Wno-jump-misses-init -Wstrict-overflow=2 -Wno-suggest-attribute=const -Wno-suggest-attribute=noreturn -Wno-suggest-attribute=pure -Wno-suggest-attribute=format -Wdate-time -Warray-bounds=2 -Wc99-c11-compat -Wincompatible-pointer-types -Wint-conversion -Wduplicated-cond -Whsa -Wnormalized -Wnull-dereference -Wunused-const-variable -Walloca -Walloc-zero -Wduplicated-branches -Wformat-overflow=2 -Wformat-truncation=1 -Wrestrict -Wattribute-alias -Wshift-overflow=2 -Wcast-function-type -Wcast-align=strict -Wno-suggest-attribute=cold -Wno-suggest-attribute=malloc -Wattribute-alias=2 -Wmissing-profile -Wc11-c2x-compat -MD -MT src/CMakeFiles/hdf5-static.dir/H5Dio.c.o -MF src/CMakeFiles/hdf5-static.dir/H5Dio.c.o.d -o src/CMakeFiles/hdf5-static.dir/H5Dio.c.o -c /home/byrn/HDF_Projects/hdf5/dev/src/H5Dio.c
[84/4114] /usr/bin/cc -D_FILE_OFFSET_BITS=64 -D_GNU_SOURCE -D_LARGEFILE_SOURCE -D_POSIX_C_SOURCE=200809L -I/home/byrn/HDF_Projects/hdf5/dev/src -I/home/byrn/HDF_Projects/hdf5/dev/src/H5FDsubfiling -I/home/byrn/HDF_Projects/hdf5/build/ci-StdShar-GNUC/src -I/home/byrn/HDF_Projects/hdf5/build/ci-StdShar-GNUC/_deps/hdf5_zlib-build -I/home/byrn/HDF_Projects/hdf5/build/ci-StdShar-GNUC/_deps/hdf5_zlib-src -I/home/byrn/HDF_Projects/hdf5/build/ci-StdShar-GNUC/_deps/szip-build -I/home/byrn/HDF_Projects/hdf5/build/ci-StdShar-GNUC/_deps/szip-src/include -I/home/byrn/HDF_Projects/hdf5/build/ci-StdShar-GNUC/_deps/szip-src -std=c99  -fstdarg-opt -fdiagnostics-urls=never -fno-diagnostics-color -fmessage-length=0 -O2 -g -DNDEBUG -std=gnu99 -fPIC -Wall -Wcast-qual -Wconversion -Wextra -Wfloat-equal -Wformat=2 -Winit-self -Winvalid-pch -Wmissing-include-dirs -Wshadow -Wundef -Wwrite-strings -pedantic -Wno-c++-compat -Wbad-function-cast -Wcast-align -Wformat -Wimplicit-function-declaration -Wint-to-pointer-cast -Wmissing-declarations -Wmissing-prototypes -Wnested-externs -Wold-style-definition -Wpacked -Wpointer-sign -Wpointer-to-int-cast -Wredundant-decls -Wstrict-prototypes -Wswitch -Wunused-but-set-variable -Wunused-variable -Wunused-function -Wunused-parameter -finline-functions -Wno-aggregate-return -Wno-inline -Wno-missing-format-attribute -Wno-missing-noreturn -Wno-overlength-strings -Wlarger-than=2560 -Wlogical-op -Wframe-larger-than=16384 -Wpacked-bitfield-compat -Wsync-nand -Wno-unsuffixed-float-constants -Wdouble-promotion -Wtrampolines -Wstack-usage=8192 -Wmaybe-uninitialized -Wno-jump-misses-init -Wstrict-overflow=2 -Wno-suggest-attribute=const -Wno-suggest-attribute=noreturn -Wno-suggest-attribute=pure -Wno-suggest-attribute=format -Wdate-time -Warray-bounds=2 -Wc99-c11-compat -Wincompatible-pointer-types -Wint-conversion -Wduplicated-cond -Whsa -Wnormalized -Wnull-dereference -Wunused-const-variable -Walloca -Walloc-zero -Wduplicated-branches -Wformat-overflow=2 -Wformat-truncation=1 -Wrestrict -Wattribute-alias -Wshift-overflow=2 -Wcast-function-type -Wcast-align=strict -Wno-suggest-attribute=cold -Wno-suggest-attribute=malloc -Wattribute-alias=2 -Wmissing-profile -Wc11-c2x-compat -MD -MT src/CMakeFiles/hdf5-static.dir/H5Dsingle.c.o -MF src/CMakeFiles/hdf5-static.dir/H5Dsingle.c.o.d -o src/CMakeFiles/hdf5-static.dir/H5Dsingle.c.o -c /home/byrn/HDF_Projects/hdf5/dev/src/H5Dsingle.c
[85/4114] /usr/bin/cc -D_FILE_OFFSET_BITS=64 -D_GNU_SOURCE -D_LARGEFILE_SOURCE -D_POSIX_C_SOURCE=200809L -I/home/byrn/HDF_Projects/hdf5/dev/src -I/home/byrn/HDF_Projects/hdf5/dev/src/H5FDsubfiling -I/home/byrn/HDF_Projects/hdf5/build/ci-StdShar-GNUC/src -I/home/byrn/HDF_Projects/hdf5/build/ci-StdShar-GNUC/_deps/hdf5_zlib-build -I/home/byrn/HDF_Projects/hdf5/build/ci-StdShar-GNUC/_deps/hdf5_zlib-src -I/home/byrn/HDF_Projects/hdf5/build/ci-StdShar-GNUC/_deps/szip-build -I/home/byrn/HDF_Projects/hdf5/build/ci-StdShar-GNUC/_deps/szip-src/include -I/home/byrn/HDF_Projects/hdf5/build/ci-StdShar-GNUC/_deps/szip-src -std=c99  -fstdarg-opt -fdiagnostics-urls=never -fno-diagnostics-color -fmessage-length=0 -O2 -g -DNDEBUG -std=gnu99 -fPIC -Wall -Wcast-qual -Wconversion -Wextra -Wfloat-equal -Wformat=2 -Winit-self -Winvalid-pch -Wmissing-include-dirs -Wshadow -Wundef -Wwrite-strings -pedantic -Wno-c++-compat -Wbad-function-cast -Wcast-align -Wformat -Wimplicit-function-declaration -Wint-to-pointer-cast -Wmissing-declarations -Wmissing-prototypes -Wnested-externs -Wold-style-definition -Wpacked -Wpointer-sign -Wpointer-to-int-cast -Wredundant-decls -Wstrict-prototypes -Wswitch -Wunused-but-set-variable -Wunused-variable -Wunused-function -Wunused-parameter -finline-functions -Wno-aggregate-return -Wno-inline -Wno-missing-format-attribute -Wno-missing-noreturn -Wno-overlength-strings -Wlarger-than=2560 -Wlogical-op -Wframe-larger-than=16384 -Wpacked-bitfield-compat -Wsync-nand -Wno-unsuffixed-float-constants -Wdouble-promotion -Wtrampolines -Wstack-usage=8192 -Wmaybe-uninitialized -Wno-jump-misses-init -Wstrict-overflow=2 -Wno-suggest-attribute=const -Wno-suggest-attribute=noreturn -Wno-suggest-attribute=pure -Wno-suggest-attribute=format -Wdate-time -Warray-bounds=2 -Wc99-c11-compat -Wincompatible-pointer-types -Wint-conversion -Wduplicated-cond -Whsa -Wnormalized -Wnull-dereference -Wunused-const-variable -Walloca -Walloc-zero -Wduplicated-branches -Wformat-overflow=2 -Wformat-truncation=1 -Wrestrict -Wattribute-alias -Wshift-overflow=2 -Wcast-function-type -Wcast-align=strict -Wno-suggest-attribute=cold -Wno-suggest-attribute=malloc -Wattribute-alias=2 -Wmissing-profile -Wc11-c2x-compat -MD -MT src/CMakeFiles/hdf5-static.dir/H5Dtest.c.o -MF src/CMakeFiles/hdf5-static.dir/H5Dtest.c.o.d -o src/CMakeFiles/hdf5-static.dir/H5Dtest.c.o -c /home/byrn/HDF_Projects/hdf5/dev/src/H5Dtest.c
[86/4114] /usr/bin/cc -D_FILE_OFFSET_BITS=64 -D_GNU_SOURCE -D_LARGEFILE_SOURCE -D_POSIX_C_SOURCE=200809L -I/home/byrn/HDF_Projects/hdf5/dev/src -I/home/byrn/HDF_Projects/hdf5/dev/src/H5FDsubfiling -I/home/byrn/HDF_Projects/hdf5/build/ci-StdShar-GNUC/src -I/home/byrn/HDF_Projects/hdf5/build/ci-StdShar-GNUC/_deps/hdf5_zlib-build -I/home/byrn/HDF_Projects/hdf5/build/ci-StdShar-GNUC/_deps/hdf5_zlib-src -I/home/byrn/HDF_Projects/hdf5/build/ci-StdShar-GNUC/_deps/szip-build -I/home/byrn/HDF_Projects/hdf5/build/ci-StdShar-GNUC/_deps/szip-src/include -I/home/byrn/HDF_Projects/hdf5/build/ci-StdShar-GNUC/_deps/szip-src -std=c99  -fstdarg-opt -fdiagnostics-urls=never -fno-diagnostics-color -fmessage-length=0 -O2 -g -DNDEBUG -std=gnu99 -fPIC -Wall -Wcast-qual -Wconversion -Wextra -Wfloat-equal -Wformat=2 -Winit-self -Winvalid-pch -Wmissing-include-dirs -Wshadow -Wundef -Wwrite-strings -pedantic -Wno-c++-compat -Wbad-function-cast -Wcast-align -Wformat -Wimplicit-function-declaration -Wint-to-pointer-cast -Wmissing-declarations -Wmissing-prototypes -Wnested-externs -Wold-style-definition -Wpacked -Wpointer-sign -Wpointer-to-int-cast -Wredundant-decls -Wstrict-prototypes -Wswitch -Wunused-but-set-variable -Wunused-variable -Wunused-function -Wunused-parameter -finline-functions -Wno-aggregate-return -Wno-inline -Wno-missing-format-attribute -Wno-missing-noreturn -Wno-overlength-strings -Wlarger-than=2560 -Wlogical-op -Wframe-larger-than=16384 -Wpacked-bitfield-compat -Wsync-nand -Wno-unsuffixed-float-constants -Wdouble-promotion -Wtrampolines -Wstack-usage=8192 -Wmaybe-uninitialized -Wno-jump-misses-init -Wstrict-overflow=2 -Wno-suggest-attribute=const -Wno-suggest-attribute=noreturn -Wno-suggest-attribute=pure -Wno-suggest-attribute=format -Wdate-time -Warray-bounds=2 -Wc99-c11-compat -Wincompatible-pointer-types -Wint-conversion -Wduplicated-cond -Whsa -Wnormalized -Wnull-dereference -Wunused-const-variable -Walloca -Walloc-zero -Wduplicated-branches -Wformat-overflow=2 -Wformat-truncation=1 -Wrestrict -Wattribute-alias -Wshift-overflow=2 -Wcast-function-type -Wcast-align=strict -Wno-suggest-attribute=cold -Wno-suggest-attribute=malloc -Wattribute-alias=2 -Wmissing-profile -Wc11-c2x-compat -MD -MT src/CMakeFiles/hdf5-static.dir/H5Dselect.c.o -MF src/CMakeFiles/hdf5-static.dir/H5Dselect.c.o.d -o src/CMakeFiles/hdf5-static.dir/H5Dselect.c.o -c /home/byrn/HDF_Projects/hdf5/dev/src/H5Dselect.c
[87/4114] /usr/bin/cc -D_FILE_OFFSET_BITS=64 -D_GNU_SOURCE -D_LARGEFILE_SOURCE -D_POSIX_C_SOURCE=200809L -I/home/byrn/HDF_Projects/hdf5/dev/src -I/home/byrn/HDF_Projects/hdf5/dev/src/H5FDsubfiling -I/home/byrn/HDF_Projects/hdf5/build/ci-StdShar-GNUC/src -I/home/byrn/HDF_Projects/hdf5/build/ci-StdShar-GNUC/_deps/hdf5_zlib-build -I/home/byrn/HDF_Projects/hdf5/build/ci-StdShar-GNUC/_deps/hdf5_zlib-src -I/home/byrn/HDF_Projects/hdf5/build/ci-StdShar-GNUC/_deps/szip-build -I/home/byrn/HDF_Projects/hdf5/build/ci-StdShar-GNUC/_deps/szip-src/include -I/home/byrn/HDF_Projects/hdf5/build/ci-StdShar-GNUC/_deps/szip-src -std=c99  -fstdarg-opt -fdiagnostics-urls=never -fno-diagnostics-color -fmessage-length=0 -O2 -g -DNDEBUG -std=gnu99 -fPIC -Wall -Wcast-qual -Wconversion -Wextra -Wfloat-equal -Wformat=2 -Winit-self -Winvalid-pch -Wmissing-include-dirs -Wshadow -Wundef -Wwrite-strings -pedantic -Wno-c++-compat -Wbad-function-cast -Wcast-align -Wformat -Wimplicit-function-declaration -Wint-to-pointer-cast -Wmissing-declarations -Wmissing-prototypes -Wnested-externs -Wold-style-definition -Wpacked -Wpointer-sign -Wpointer-to-int-cast -Wredundant-decls -Wstrict-prototypes -Wswitch -Wunused-but-set-variable -Wunused-variable -Wunused-function -Wunused-parameter -finline-functions -Wno-aggregate-return -Wno-inline -Wno-missing-format-attribute -Wno-missing-noreturn -Wno-overlength-strings -Wlarger-than=2560 -Wlogical-op -Wframe-larger-than=16384 -Wpacked-bitfield-compat -Wsync-nand -Wno-unsuffixed-float-constants -Wdouble-promotion -Wtrampolines -Wstack-usage=8192 -Wmaybe-uninitialized -Wno-jump-misses-init -Wstrict-overflow=2 -Wno-suggest-attribute=const -Wno-suggest-attribute=noreturn -Wno-suggest-attribute=pure -Wno-suggest-attribute=format -Wdate-time -Warray-bounds=2 -Wc99-c11-compat -Wincompatible-pointer-types -Wint-conversion -Wduplicated-cond -Whsa -Wnormalized -Wnull-dereference -Wunused-const-variable -Walloca -Walloc-zero -Wduplicated-branches -Wformat-overflow=2 -Wformat-truncation=1 -Wrestrict -Wattribute-alias -Wshift-overflow=2 -Wcast-function-type -Wcast-align=strict -Wno-suggest-attribute=cold -Wno-suggest-attribute=malloc -Wattribute-alias=2 -Wmissing-profile -Wc11-c2x-compat -MD -MT src/CMakeFiles/hdf5-static.dir/H5Edeprec.c.o -MF src/CMakeFiles/hdf5-static.dir/H5Edeprec.c.o.d -o src/CMakeFiles/hdf5-static.dir/H5Edeprec.c.o -c /home/byrn/HDF_Projects/hdf5/dev/src/H5Edeprec.c
[88/4114] /usr/bin/cc -D_FILE_OFFSET_BITS=64 -D_GNU_SOURCE -D_LARGEFILE_SOURCE -D_POSIX_C_SOURCE=200809L -I/home/byrn/HDF_Projects/hdf5/dev/src -I/home/byrn/HDF_Projects/hdf5/dev/src/H5FDsubfiling -I/home/byrn/HDF_Projects/hdf5/build/ci-StdShar-GNUC/src -I/home/byrn/HDF_Projects/hdf5/build/ci-StdShar-GNUC/_deps/hdf5_zlib-build -I/home/byrn/HDF_Projects/hdf5/build/ci-StdShar-GNUC/_deps/hdf5_zlib-src -I/home/byrn/HDF_Projects/hdf5/build/ci-StdShar-GNUC/_deps/szip-build -I/home/byrn/HDF_Projects/hdf5/build/ci-StdShar-GNUC/_deps/szip-src/include -I/home/byrn/HDF_Projects/hdf5/build/ci-StdShar-GNUC/_deps/szip-src -std=c99  -fstdarg-opt -fdiagnostics-urls=never -fno-diagnostics-color -fmessage-length=0 -O2 -g -DNDEBUG -std=gnu99 -fPIC -Wall -Wcast-qual -Wconversion -Wextra -Wfloat-equal -Wformat=2 -Winit-self -Winvalid-pch -Wmissing-include-dirs -Wshadow -Wundef -Wwrite-strings -pedantic -Wno-c++-compat -Wbad-function-cast -Wcast-align -Wformat -Wimplicit-function-declaration -Wint-to-pointer-cast -Wmissing-declarations -Wmissing-prototypes -Wnested-externs -Wold-style-definition -Wpacked -Wpointer-sign -Wpointer-to-int-cast -Wredundant-decls -Wstrict-prototypes -Wswitch -Wunused-but-set-variable -Wunused-variable -Wunused-function -Wunused-parameter -finline-functions -Wno-aggregate-return -Wno-inline -Wno-missing-format-attribute -Wno-missing-noreturn -Wno-overlength-strings -Wlarger-than=2560 -Wlogical-op -Wframe-larger-than=16384 -Wpacked-bitfield-compat -Wsync-nand -Wno-unsuffixed-float-constants -Wdouble-promotion -Wtrampolines -Wstack-usage=8192 -Wmaybe-uninitialized -Wno-jump-misses-init -Wstrict-overflow=2 -Wno-suggest-attribute=const -Wno-suggest-attribute=noreturn -Wno-suggest-attribute=pure -Wno-suggest-attribute=format -Wdate-time -Warray-bounds=2 -Wc99-c11-compat -Wincompatible-pointer-types -Wint-conversion -Wduplicated-cond -Whsa -Wnormalized -Wnull-dereference -Wunused-const-variable -Walloca -Walloc-zero -Wduplicated-branches -Wformat-overflow=2 -Wformat-truncation=1 -Wrestrict -Wattribute-alias -Wshift-overflow=2 -Wcast-function-type -Wcast-align=strict -Wno-suggest-attribute=cold -Wno-suggest-attribute=malloc -Wattribute-alias=2 -Wmissing-profile -Wc11-c2x-compat -MD -MT src/CMakeFiles/hdf5-static.dir/H5Dscatgath.c.o -MF src/CMakeFiles/hdf5-static.dir/H5Dscatgath.c.o.d -o src/CMakeFiles/hdf5-static.dir/H5Dscatgath.c.o -c /home/byrn/HDF_Projects/hdf5/dev/src/H5Dscatgath.c
[89/4114] /usr/bin/cc -D_FILE_OFFSET_BITS=64 -D_GNU_SOURCE -D_LARGEFILE_SOURCE -D_POSIX_C_SOURCE=200809L -I/home/byrn/HDF_Projects/hdf5/dev/src -I/home/byrn/HDF_Projects/hdf5/dev/src/H5FDsubfiling -I/home/byrn/HDF_Projects/hdf5/build/ci-StdShar-GNUC/src -I/home/byrn/HDF_Projects/hdf5/build/ci-StdShar-GNUC/_deps/hdf5_zlib-build -I/home/byrn/HDF_Projects/hdf5/build/ci-StdShar-GNUC/_deps/hdf5_zlib-src -I/home/byrn/HDF_Projects/hdf5/build/ci-StdShar-GNUC/_deps/szip-build -I/home/byrn/HDF_Projects/hdf5/build/ci-StdShar-GNUC/_deps/szip-src/include -I/home/byrn/HDF_Projects/hdf5/build/ci-StdShar-GNUC/_deps/szip-src -std=c99  -fstdarg-opt -fdiagnostics-urls=never -fno-diagnostics-color -fmessage-length=0 -O2 -g -DNDEBUG -std=gnu99 -fPIC -Wall -Wcast-qual -Wconversion -Wextra -Wfloat-equal -Wformat=2 -Winit-self -Winvalid-pch -Wmissing-include-dirs -Wshadow -Wundef -Wwrite-strings -pedantic -Wno-c++-compat -Wbad-function-cast -Wcast-align -Wformat -Wimplicit-function-declaration -Wint-to-pointer-cast -Wmissing-declarations -Wmissing-prototypes -Wnested-externs -Wold-style-definition -Wpacked -Wpointer-sign -Wpointer-to-int-cast -Wredundant-decls -Wstrict-prototypes -Wswitch -Wunused-but-set-variable -Wunused-variable -Wunused-function -Wunused-parameter -finline-functions -Wno-aggregate-return -Wno-inline -Wno-missing-format-attribute -Wno-missing-noreturn -Wno-overlength-strings -Wlarger-than=2560 -Wlogical-op -Wframe-larger-than=16384 -Wpacked-bitfield-compat -Wsync-nand -Wno-unsuffixed-float-constants -Wdouble-promotion -Wtrampolines -Wstack-usage=8192 -Wmaybe-uninitialized -Wno-jump-misses-init -Wstrict-overflow=2 -Wno-suggest-attribute=const -Wno-suggest-attribute=noreturn -Wno-suggest-attribute=pure -Wno-suggest-attribute=format -Wdate-time -Warray-bounds=2 -Wc99-c11-compat -Wincompatible-pointer-types -Wint-conversion -Wduplicated-cond -Whsa -Wnormalized -Wnull-dereference -Wunused-const-variable -Walloca -Walloc-zero -Wduplicated-branches -Wformat-overflow=2 -Wformat-truncation=1 -Wrestrict -Wattribute-alias -Wshift-overflow=2 -Wcast-function-type -Wcast-align=strict -Wno-suggest-attribute=cold -Wno-suggest-attribute=malloc -Wattribute-alias=2 -Wmissing-profile -Wc11-c2x-compat -MD -MT src/CMakeFiles/hdf5-static.dir/H5Eint.c.o -MF src/CMakeFiles/hdf5-static.dir/H5Eint.c.o.d -o src/CMakeFiles/hdf5-static.dir/H5Eint.c.o -c /home/byrn/HDF_Projects/hdf5/dev/src/H5Eint.c
[90/4114] /usr/bin/cc -D_FILE_OFFSET_BITS=64 -D_GNU_SOURCE -D_LARGEFILE_SOURCE -D_POSIX_C_SOURCE=200809L -I/home/byrn/HDF_Projects/hdf5/dev/src -I/home/byrn/HDF_Projects/hdf5/dev/src/H5FDsubfiling -I/home/byrn/HDF_Projects/hdf5/build/ci-StdShar-GNUC/src -I/home/byrn/HDF_Projects/hdf5/build/ci-StdShar-GNUC/_deps/hdf5_zlib-build -I/home/byrn/HDF_Projects/hdf5/build/ci-StdShar-GNUC/_deps/hdf5_zlib-src -I/home/byrn/HDF_Projects/hdf5/build/ci-StdShar-GNUC/_deps/szip-build -I/home/byrn/HDF_Projects/hdf5/build/ci-StdShar-GNUC/_deps/szip-src/include -I/home/byrn/HDF_Projects/hdf5/build/ci-StdShar-GNUC/_deps/szip-src -std=c99  -fstdarg-opt -fdiagnostics-urls=never -fno-diagnostics-color -fmessage-length=0 -O2 -g -DNDEBUG -std=gnu99 -fPIC -Wall -Wcast-qual -Wconversion -Wextra -Wfloat-equal -Wformat=2 -Winit-self -Winvalid-pch -Wmissing-include-dirs -Wshadow -Wundef -Wwrite-strings -pedantic -Wno-c++-compat -Wbad-function-cast -Wcast-align -Wformat -Wimplicit-function-declaration -Wint-to-pointer-cast -Wmissing-declarations -Wmissing-prototypes -Wnested-externs -Wold-style-definition -Wpacked -Wpointer-sign -Wpointer-to-int-cast -Wredundant-decls -Wstrict-prototypes -Wswitch -Wunused-but-set-variable -Wunused-variable -Wunused-function -Wunused-parameter -finline-functions -Wno-aggregate-return -Wno-inline -Wno-missing-format-attribute -Wno-missing-noreturn -Wno-overlength-strings -Wlarger-than=2560 -Wlogical-op -Wframe-larger-than=16384 -Wpacked-bitfield-compat -Wsync-nand -Wno-unsuffixed-float-constants -Wdouble-promotion -Wtrampolines -Wstack-usage=8192 -Wmaybe-uninitialized -Wno-jump-misses-init -Wstrict-overflow=2 -Wno-suggest-attribute=const -Wno-suggest-attribute=noreturn -Wno-suggest-attribute=pure -Wno-suggest-attribute=format -Wdate-time -Warray-bounds=2 -Wc99-c11-compat -Wincompatible-pointer-types -Wint-conversion -Wduplicated-cond -Whsa -Wnormalized -Wnull-dereference -Wunused-const-variable -Walloca -Walloc-zero -Wduplicated-branches -Wformat-overflow=2 -Wformat-truncation=1 -Wrestrict -Wattribute-alias -Wshift-overflow=2 -Wcast-function-type -Wcast-align=strict -Wno-suggest-attribute=cold -Wno-suggest-attribute=malloc -Wattribute-alias=2 -Wmissing-profile -Wc11-c2x-compat -MD -MT src/CMakeFiles/hdf5-static.dir/H5EAdblkpage.c.o -MF src/CMakeFiles/hdf5-static.dir/H5EAdblkpage.c.o.d -o src/CMakeFiles/hdf5-static.dir/H5EAdblkpage.c.o -c /home/byrn/HDF_Projects/hdf5/dev/src/H5EAdblkpage.c
[91/4114] /usr/bin/cc -D_FILE_OFFSET_BITS=64 -D_GNU_SOURCE -D_LARGEFILE_SOURCE -D_POSIX_C_SOURCE=200809L -I/home/byrn/HDF_Projects/hdf5/dev/src -I/home/byrn/HDF_Projects/hdf5/dev/src/H5FDsubfiling -I/home/byrn/HDF_Projects/hdf5/build/ci-StdShar-GNUC/src -I/home/byrn/HDF_Projects/hdf5/build/ci-StdShar-GNUC/_deps/hdf5_zlib-build -I/home/byrn/HDF_Projects/hdf5/build/ci-StdShar-GNUC/_deps/hdf5_zlib-src -I/home/byrn/HDF_Projects/hdf5/build/ci-StdShar-GNUC/_deps/szip-build -I/home/byrn/HDF_Projects/hdf5/build/ci-StdShar-GNUC/_deps/szip-src/include -I/home/byrn/HDF_Projects/hdf5/build/ci-StdShar-GNUC/_deps/szip-src -std=c99  -fstdarg-opt -fdiagnostics-urls=never -fno-diagnostics-color -fmessage-length=0 -O2 -g -DNDEBUG -std=gnu99 -fPIC -Wall -Wcast-qual -Wconversion -Wextra -Wfloat-equal -Wformat=2 -Winit-self -Winvalid-pch -Wmissing-include-dirs -Wshadow -Wundef -Wwrite-strings -pedantic -Wno-c++-compat -Wbad-function-cast -Wcast-align -Wformat -Wimplicit-function-declaration -Wint-to-pointer-cast -Wmissing-declarations -Wmissing-prototypes -Wnested-externs -Wold-style-definition -Wpacked -Wpointer-sign -Wpointer-to-int-cast -Wredundant-decls -Wstrict-prototypes -Wswitch -Wunused-but-set-variable -Wunused-variable -Wunused-function -Wunused-parameter -finline-functions -Wno-aggregate-return -Wno-inline -Wno-missing-format-attribute -Wno-missing-noreturn -Wno-overlength-strings -Wlarger-than=2560 -Wlogical-op -Wframe-larger-than=16384 -Wpacked-bitfield-compat -Wsync-nand -Wno-unsuffixed-float-constants -Wdouble-promotion -Wtrampolines -Wstack-usage=8192 -Wmaybe-uninitialized -Wno-jump-misses-init -Wstrict-overflow=2 -Wno-suggest-attribute=const -Wno-suggest-attribute=noreturn -Wno-suggest-attribute=pure -Wno-suggest-attribute=format -Wdate-time -Warray-bounds=2 -Wc99-c11-compat -Wincompatible-pointer-types -Wint-conversion -Wduplicated-cond -Whsa -Wnormalized -Wnull-dereference -Wunused-const-variable -Walloca -Walloc-zero -Wduplicated-branches -Wformat-overflow=2 -Wformat-truncation=1 -Wrestrict -Wattribute-alias -Wshift-overflow=2 -Wcast-function-type -Wcast-align=strict -Wno-suggest-attribute=cold -Wno-suggest-attribute=malloc -Wattribute-alias=2 -Wmissing-profile -Wc11-c2x-compat -MD -MT src/CMakeFiles/hdf5-static.dir/H5EA.c.o -MF src/CMakeFiles/hdf5-static.dir/H5EA.c.o.d -o src/CMakeFiles/hdf5-static.dir/H5EA.c.o -c /home/byrn/HDF_Projects/hdf5/dev/src/H5EA.c
[92/4114] /usr/bin/cc -D_FILE_OFFSET_BITS=64 -D_GNU_SOURCE -D_LARGEFILE_SOURCE -D_POSIX_C_SOURCE=200809L -I/home/byrn/HDF_Projects/hdf5/dev/src -I/home/byrn/HDF_Projects/hdf5/dev/src/H5FDsubfiling -I/home/byrn/HDF_Projects/hdf5/build/ci-StdShar-GNUC/src -I/home/byrn/HDF_Projects/hdf5/build/ci-StdShar-GNUC/_deps/hdf5_zlib-build -I/home/byrn/HDF_Projects/hdf5/build/ci-StdShar-GNUC/_deps/hdf5_zlib-src -I/home/byrn/HDF_Projects/hdf5/build/ci-StdShar-GNUC/_deps/szip-build -I/home/byrn/HDF_Projects/hdf5/build/ci-StdShar-GNUC/_deps/szip-src/include -I/home/byrn/HDF_Projects/hdf5/build/ci-StdShar-GNUC/_deps/szip-src -std=c99  -fstdarg-opt -fdiagnostics-urls=never -fno-diagnostics-color -fmessage-length=0 -O2 -g -DNDEBUG -std=gnu99 -fPIC -Wall -Wcast-qual -Wconversion -Wextra -Wfloat-equal -Wformat=2 -Winit-self -Winvalid-pch -Wmissing-include-dirs -Wshadow -Wundef -Wwrite-strings -pedantic -Wno-c++-compat -Wbad-function-cast -Wcast-align -Wformat -Wimplicit-function-declaration -Wint-to-pointer-cast -Wmissing-declarations -Wmissing-prototypes -Wnested-externs -Wold-style-definition -Wpacked -Wpointer-sign -Wpointer-to-int-cast -Wredundant-decls -Wstrict-prototypes -Wswitch -Wunused-but-set-variable -Wunused-variable -Wunused-function -Wunused-parameter -finline-functions -Wno-aggregate-return -Wno-inline -Wno-missing-format-attribute -Wno-missing-noreturn -Wno-overlength-strings -Wlarger-than=2560 -Wlogical-op -Wframe-larger-than=16384 -Wpacked-bitfield-compat -Wsync-nand -Wno-unsuffixed-float-constants -Wdouble-promotion -Wtrampolines -Wstack-usage=8192 -Wmaybe-uninitialized -Wno-jump-misses-init -Wstrict-overflow=2 -Wno-suggest-attribute=const -Wno-suggest-attribute=noreturn -Wno-suggest-attribute=pure -Wno-suggest-attribute=format -Wdate-time -Warray-bounds=2 -Wc99-c11-compat -Wincompatible-pointer-types -Wint-conversion -Wduplicated-cond -Whsa -Wnormalized -Wnull-dereference -Wunused-const-variable -Walloca -Walloc-zero -Wduplicated-branches -Wformat-overflow=2 -Wformat-truncation=1 -Wrestrict -Wattribute-alias -Wshift-overflow=2 -Wcast-function-type -Wcast-align=strict -Wno-suggest-attribute=cold -Wno-suggest-attribute=malloc -Wattribute-alias=2 -Wmissing-profile -Wc11-c2x-compat -MD -MT src/CMakeFiles/hdf5-static.dir/H5EAcache.c.o -MF src/CMakeFiles/hdf5-static.dir/H5EAcache.c.o.d -o src/CMakeFiles/hdf5-static.dir/H5EAcache.c.o -c /home/byrn/HDF_Projects/hdf5/dev/src/H5EAcache.c
[93/4114] /usr/bin/cc -D_FILE_OFFSET_BITS=64 -D_GNU_SOURCE -D_LARGEFILE_SOURCE -D_POSIX_C_SOURCE=200809L -I/home/byrn/HDF_Projects/hdf5/dev/src -I/home/byrn/HDF_Projects/hdf5/dev/src/H5FDsubfiling -I/home/byrn/HDF_Projects/hdf5/build/ci-StdShar-GNUC/src -I/home/byrn/HDF_Projects/hdf5/build/ci-StdShar-GNUC/_deps/hdf5_zlib-build -I/home/byrn/HDF_Projects/hdf5/build/ci-StdShar-GNUC/_deps/hdf5_zlib-src -I/home/byrn/HDF_Projects/hdf5/build/ci-StdShar-GNUC/_deps/szip-build -I/home/byrn/HDF_Projects/hdf5/build/ci-StdShar-GNUC/_deps/szip-src/include -I/home/byrn/HDF_Projects/hdf5/build/ci-StdShar-GNUC/_deps/szip-src -std=c99  -fstdarg-opt -fdiagnostics-urls=never -fno-diagnostics-color -fmessage-length=0 -O2 -g -DNDEBUG -std=gnu99 -fPIC -Wall -Wcast-qual -Wconversion -Wextra -Wfloat-equal -Wformat=2 -Winit-self -Winvalid-pch -Wmissing-include-dirs -Wshadow -Wundef -Wwrite-strings -pedantic -Wno-c++-compat -Wbad-function-cast -Wcast-align -Wformat -Wimplicit-function-declaration -Wint-to-pointer-cast -Wmissing-declarations -Wmissing-prototypes -Wnested-externs -Wold-style-definition -Wpacked -Wpointer-sign -Wpointer-to-int-cast -Wredundant-decls -Wstrict-prototypes -Wswitch -Wunused-but-set-variable -Wunused-variable -Wunused-function -Wunused-parameter -finline-functions -Wno-aggregate-return -Wno-inline -Wno-missing-format-attribute -Wno-missing-noreturn -Wno-overlength-strings -Wlarger-than=2560 -Wlogical-op -Wframe-larger-than=16384 -Wpacked-bitfield-compat -Wsync-nand -Wno-unsuffixed-float-constants -Wdouble-promotion -Wtrampolines -Wstack-usage=8192 -Wmaybe-uninitialized -Wno-jump-misses-init -Wstrict-overflow=2 -Wno-suggest-attribute=const -Wno-suggest-attribute=noreturn -Wno-suggest-attribute=pure -Wno-suggest-attribute=format -Wdate-time -Warray-bounds=2 -Wc99-c11-compat -Wincompatible-pointer-types -Wint-conversion -Wduplicated-cond -Whsa -Wnormalized -Wnull-dereference -Wunused-const-variable -Walloca -Walloc-zero -Wduplicated-branches -Wformat-overflow=2 -Wformat-truncation=1 -Wrestrict -Wattribute-alias -Wshift-overflow=2 -Wcast-function-type -Wcast-align=strict -Wno-suggest-attribute=cold -Wno-suggest-attribute=malloc -Wattribute-alias=2 -Wmissing-profile -Wc11-c2x-compat -MD -MT src/CMakeFiles/hdf5-static.dir/H5EAdbg.c.o -MF src/CMakeFiles/hdf5-static.dir/H5EAdbg.c.o.d -o src/CMakeFiles/hdf5-static.dir/H5EAdbg.c.o -c /home/byrn/HDF_Projects/hdf5/dev/src/H5EAdbg.c
[94/4114] /usr/bin/cc -D_FILE_OFFSET_BITS=64 -D_GNU_SOURCE -D_LARGEFILE_SOURCE -D_POSIX_C_SOURCE=200809L -I/home/byrn/HDF_Projects/hdf5/dev/src -I/home/byrn/HDF_Projects/hdf5/dev/src/H5FDsubfiling -I/home/byrn/HDF_Projects/hdf5/build/ci-StdShar-GNUC/src -I/home/byrn/HDF_Projects/hdf5/build/ci-StdShar-GNUC/_deps/hdf5_zlib-build -I/home/byrn/HDF_Projects/hdf5/build/ci-StdShar-GNUC/_deps/hdf5_zlib-src -I/home/byrn/HDF_Projects/hdf5/build/ci-StdShar-GNUC/_deps/szip-build -I/home/byrn/HDF_Projects/hdf5/build/ci-StdShar-GNUC/_deps/szip-src/include -I/home/byrn/HDF_Projects/hdf5/build/ci-StdShar-GNUC/_deps/szip-src -std=c99  -fstdarg-opt -fdiagnostics-urls=never -fno-diagnostics-color -fmessage-length=0 -O2 -g -DNDEBUG -std=gnu99 -fPIC -Wall -Wcast-qual -Wconversion -Wextra -Wfloat-equal -Wformat=2 -Winit-self -Winvalid-pch -Wmissing-include-dirs -Wshadow -Wundef -Wwrite-strings -pedantic -Wno-c++-compat -Wbad-function-cast -Wcast-align -Wformat -Wimplicit-function-declaration -Wint-to-pointer-cast -Wmissing-declarations -Wmissing-prototypes -Wnested-externs -Wold-style-definition -Wpacked -Wpointer-sign -Wpointer-to-int-cast -Wredundant-decls -Wstrict-prototypes -Wswitch -Wunused-but-set-variable -Wunused-variable -Wunused-function -Wunused-parameter -finline-functions -Wno-aggregate-return -Wno-inline -Wno-missing-format-attribute -Wno-missing-noreturn -Wno-overlength-strings -Wlarger-than=2560 -Wlogical-op -Wframe-larger-than=16384 -Wpacked-bitfield-compat -Wsync-nand -Wno-unsuffixed-float-constants -Wdouble-promotion -Wtrampolines -Wstack-usage=8192 -Wmaybe-uninitialized -Wno-jump-misses-init -Wstrict-overflow=2 -Wno-suggest-attribute=const -Wno-suggest-attribute=noreturn -Wno-suggest-attribute=pure -Wno-suggest-attribute=format -Wdate-time -Warray-bounds=2 -Wc99-c11-compat -Wincompatible-pointer-types -Wint-conversion -Wduplicated-cond -Whsa -Wnormalized -Wnull-dereference -Wunused-const-variable -Walloca -Walloc-zero -Wduplicated-branches -Wformat-overflow=2 -Wformat-truncation=1 -Wrestrict -Wattribute-alias -Wshift-overflow=2 -Wcast-function-type -Wcast-align=strict -Wno-suggest-attribute=cold -Wno-suggest-attribute=malloc -Wattribute-alias=2 -Wmissing-profile -Wc11-c2x-compat -MD -MT src/CMakeFiles/hdf5-static.dir/H5Dint.c.o -MF src/CMakeFiles/hdf5-static.dir/H5Dint.c.o.d -o src/CMakeFiles/hdf5-static.dir/H5Dint.c.o -c /home/byrn/HDF_Projects/hdf5/dev/src/H5Dint.c
[95/4114] /usr/bin/cc -D_FILE_OFFSET_BITS=64 -D_GNU_SOURCE -D_LARGEFILE_SOURCE -D_POSIX_C_SOURCE=200809L -I/home/byrn/HDF_Projects/hdf5/dev/src -I/home/byrn/HDF_Projects/hdf5/dev/src/H5FDsubfiling -I/home/byrn/HDF_Projects/hdf5/build/ci-StdShar-GNUC/src -I/home/byrn/HDF_Projects/hdf5/build/ci-StdShar-GNUC/_deps/hdf5_zlib-build -I/home/byrn/HDF_Projects/hdf5/build/ci-StdShar-GNUC/_deps/hdf5_zlib-src -I/home/byrn/HDF_Projects/hdf5/build/ci-StdShar-GNUC/_deps/szip-build -I/home/byrn/HDF_Projects/hdf5/build/ci-StdShar-GNUC/_deps/szip-src/include -I/home/byrn/HDF_Projects/hdf5/build/ci-StdShar-GNUC/_deps/szip-src -std=c99  -fstdarg-opt -fdiagnostics-urls=never -fno-diagnostics-color -fmessage-length=0 -O2 -g -DNDEBUG -std=gnu99 -fPIC -Wall -Wcast-qual -Wconversion -Wextra -Wfloat-equal -Wformat=2 -Winit-self -Winvalid-pch -Wmissing-include-dirs -Wshadow -Wundef -Wwrite-strings -pedantic -Wno-c++-compat -Wbad-function-cast -Wcast-align -Wformat -Wimplicit-function-declaration -Wint-to-pointer-cast -Wmissing-declarations -Wmissing-prototypes -Wnested-externs -Wold-style-definition -Wpacked -Wpointer-sign -Wpointer-to-int-cast -Wredundant-decls -Wstrict-prototypes -Wswitch -Wunused-but-set-variable -Wunused-variable -Wunused-function -Wunused-parameter -finline-functions -Wno-aggregate-return -Wno-inline -Wno-missing-format-attribute -Wno-missing-noreturn -Wno-overlength-strings -Wlarger-than=2560 -Wlogical-op -Wframe-larger-than=16384 -Wpacked-bitfield-compat -Wsync-nand -Wno-unsuffixed-float-constants -Wdouble-promotion -Wtrampolines -Wstack-usage=8192 -Wmaybe-uninitialized -Wno-jump-misses-init -Wstrict-overflow=2 -Wno-suggest-attribute=const -Wno-suggest-attribute=noreturn -Wno-suggest-attribute=pure -Wno-suggest-attribute=format -Wdate-time -Warray-bounds=2 -Wc99-c11-compat -Wincompatible-pointer-types -Wint-conversion -Wduplicated-cond -Whsa -Wnormalized -Wnull-dereference -Wunused-const-variable -Walloca -Walloc-zero -Wduplicated-branches -Wformat-overflow=2 -Wformat-truncation=1 -Wrestrict -Wattribute-alias -Wshift-overflow=2 -Wcast-function-type -Wcast-align=strict -Wno-suggest-attribute=cold -Wno-suggest-attribute=malloc -Wattribute-alias=2 -Wmissing-profile -Wc11-c2x-compat -MD -MT src/CMakeFiles/hdf5-static.dir/H5EAdblock.c.o -MF src/CMakeFiles/hdf5-static.dir/H5EAdblock.c.o.d -o src/CMakeFiles/hdf5-static.dir/H5EAdblock.c.o -c /home/byrn/HDF_Projects/hdf5/dev/src/H5EAdblock.c
[96/4114] /usr/bin/cc -D_FILE_OFFSET_BITS=64 -D_GNU_SOURCE -D_LARGEFILE_SOURCE -D_POSIX_C_SOURCE=200809L -I/home/byrn/HDF_Projects/hdf5/dev/src -I/home/byrn/HDF_Projects/hdf5/dev/src/H5FDsubfiling -I/home/byrn/HDF_Projects/hdf5/build/ci-StdShar-GNUC/src -I/home/byrn/HDF_Projects/hdf5/build/ci-StdShar-GNUC/_deps/hdf5_zlib-build -I/home/byrn/HDF_Projects/hdf5/build/ci-StdShar-GNUC/_deps/hdf5_zlib-src -I/home/byrn/HDF_Projects/hdf5/build/ci-StdShar-GNUC/_deps/szip-build -I/home/byrn/HDF_Projects/hdf5/build/ci-StdShar-GNUC/_deps/szip-src/include -I/home/byrn/HDF_Projects/hdf5/build/ci-StdShar-GNUC/_deps/szip-src -std=c99  -fstdarg-opt -fdiagnostics-urls=never -fno-diagnostics-color -fmessage-length=0 -O2 -g -DNDEBUG -std=gnu99 -fPIC -Wall -Wcast-qual -Wconversion -Wextra -Wfloat-equal -Wformat=2 -Winit-self -Winvalid-pch -Wmissing-include-dirs -Wshadow -Wundef -Wwrite-strings -pedantic -Wno-c++-compat -Wbad-function-cast -Wcast-align -Wformat -Wimplicit-function-declaration -Wint-to-pointer-cast -Wmissing-declarations -Wmissing-prototypes -Wnested-externs -Wold-style-definition -Wpacked -Wpointer-sign -Wpointer-to-int-cast -Wredundant-decls -Wstrict-prototypes -Wswitch -Wunused-but-set-variable -Wunused-variable -Wunused-function -Wunused-parameter -finline-functions -Wno-aggregate-return -Wno-inline -Wno-missing-format-attribute -Wno-missing-noreturn -Wno-overlength-strings -Wlarger-than=2560 -Wlogical-op -Wframe-larger-than=16384 -Wpacked-bitfield-compat -Wsync-nand -Wno-unsuffixed-float-constants -Wdouble-promotion -Wtrampolines -Wstack-usage=8192 -Wmaybe-uninitialized -Wno-jump-misses-init -Wstrict-overflow=2 -Wno-suggest-attribute=const -Wno-suggest-attribute=noreturn -Wno-suggest-attribute=pure -Wno-suggest-attribute=format -Wdate-time -Warray-bounds=2 -Wc99-c11-compat -Wincompatible-pointer-types -Wint-conversion -Wduplicated-cond -Whsa -Wnormalized -Wnull-dereference -Wunused-const-variable -Walloca -Walloc-zero -Wduplicated-branches -Wformat-overflow=2 -Wformat-truncation=1 -Wrestrict -Wattribute-alias -Wshift-overflow=2 -Wcast-function-type -Wcast-align=strict -Wno-suggest-attribute=cold -Wno-suggest-attribute=malloc -Wattribute-alias=2 -Wmissing-profile -Wc11-c2x-compat -MD -MT src/CMakeFiles/hdf5-static.dir/H5EAint.c.o -MF src/CMakeFiles/hdf5-static.dir/H5EAint.c.o.d -o src/CMakeFiles/hdf5-static.dir/H5EAint.c.o -c /home/byrn/HDF_Projects/hdf5/dev/src/H5EAint.c
[97/4114] /usr/bin/cc -D_FILE_OFFSET_BITS=64 -D_GNU_SOURCE -D_LARGEFILE_SOURCE -D_POSIX_C_SOURCE=200809L -I/home/byrn/HDF_Projects/hdf5/dev/src -I/home/byrn/HDF_Projects/hdf5/dev/src/H5FDsubfiling -I/home/byrn/HDF_Projects/hdf5/build/ci-StdShar-GNUC/src -I/home/byrn/HDF_Projects/hdf5/build/ci-StdShar-GNUC/_deps/hdf5_zlib-build -I/home/byrn/HDF_Projects/hdf5/build/ci-StdShar-GNUC/_deps/hdf5_zlib-src -I/home/byrn/HDF_Projects/hdf5/build/ci-StdShar-GNUC/_deps/szip-build -I/home/byrn/HDF_Projects/hdf5/build/ci-StdShar-GNUC/_deps/szip-src/include -I/home/byrn/HDF_Projects/hdf5/build/ci-StdShar-GNUC/_deps/szip-src -std=c99  -fstdarg-opt -fdiagnostics-urls=never -fno-diagnostics-color -fmessage-length=0 -O2 -g -DNDEBUG -std=gnu99 -fPIC -Wall -Wcast-qual -Wconversion -Wextra -Wfloat-equal -Wformat=2 -Winit-self -Winvalid-pch -Wmissing-include-dirs -Wshadow -Wundef -Wwrite-strings -pedantic -Wno-c++-compat -Wbad-function-cast -Wcast-align -Wformat -Wimplicit-function-declaration -Wint-to-pointer-cast -Wmissing-declarations -Wmissing-prototypes -Wnested-externs -Wold-style-definition -Wpacked -Wpointer-sign -Wpointer-to-int-cast -Wredundant-decls -Wstrict-prototypes -Wswitch -Wunused-but-set-variable -Wunused-variable -Wunused-function -Wunused-parameter -finline-functions -Wno-aggregate-return -Wno-inline -Wno-missing-format-attribute -Wno-missing-noreturn -Wno-overlength-strings -Wlarger-than=2560 -Wlogical-op -Wframe-larger-than=16384 -Wpacked-bitfield-compat -Wsync-nand -Wno-unsuffixed-float-constants -Wdouble-promotion -Wtrampolines -Wstack-usage=8192 -Wmaybe-uninitialized -Wno-jump-misses-init -Wstrict-overflow=2 -Wno-suggest-attribute=const -Wno-suggest-attribute=noreturn -Wno-suggest-attribute=pure -Wno-suggest-attribute=format -Wdate-time -Warray-bounds=2 -Wc99-c11-compat -Wincompatible-pointer-types -Wint-conversion -Wduplicated-cond -Whsa -Wnormalized -Wnull-dereference -Wunused-const-variable -Walloca -Walloc-zero -Wduplicated-branches -Wformat-overflow=2 -Wformat-truncation=1 -Wrestrict -Wattribute-alias -Wshift-overflow=2 -Wcast-function-type -Wcast-align=strict -Wno-suggest-attribute=cold -Wno-suggest-attribute=malloc -Wattribute-alias=2 -Wmissing-profile -Wc11-c2x-compat -MD -MT src/CMakeFiles/hdf5-static.dir/H5Dvirtual.c.o -MF src/CMakeFiles/hdf5-static.dir/H5Dvirtual.c.o.d -o src/CMakeFiles/hdf5-static.dir/H5Dvirtual.c.o -c /home/byrn/HDF_Projects/hdf5/dev/src/H5Dvirtual.c
[98/4114] /usr/bin/cc -D_FILE_OFFSET_BITS=64 -D_GNU_SOURCE -D_LARGEFILE_SOURCE -D_POSIX_C_SOURCE=200809L -I/home/byrn/HDF_Projects/hdf5/dev/src -I/home/byrn/HDF_Projects/hdf5/dev/src/H5FDsubfiling -I/home/byrn/HDF_Projects/hdf5/build/ci-StdShar-GNUC/src -I/home/byrn/HDF_Projects/hdf5/build/ci-StdShar-GNUC/_deps/hdf5_zlib-build -I/home/byrn/HDF_Projects/hdf5/build/ci-StdShar-GNUC/_deps/hdf5_zlib-src -I/home/byrn/HDF_Projects/hdf5/build/ci-StdShar-GNUC/_deps/szip-build -I/home/byrn/HDF_Projects/hdf5/build/ci-StdShar-GNUC/_deps/szip-src/include -I/home/byrn/HDF_Projects/hdf5/build/ci-StdShar-GNUC/_deps/szip-src -std=c99  -fstdarg-opt -fdiagnostics-urls=never -fno-diagnostics-color -fmessage-length=0 -O2 -g -DNDEBUG -std=gnu99 -fPIC -Wall -Wcast-qual -Wconversion -Wextra -Wfloat-equal -Wformat=2 -Winit-self -Winvalid-pch -Wmissing-include-dirs -Wshadow -Wundef -Wwrite-strings -pedantic -Wno-c++-compat -Wbad-function-cast -Wcast-align -Wformat -Wimplicit-function-declaration -Wint-to-pointer-cast -Wmissing-declarations -Wmissing-prototypes -Wnested-externs -Wold-style-definition -Wpacked -Wpointer-sign -Wpointer-to-int-cast -Wredundant-decls -Wstrict-prototypes -Wswitch -Wunused-but-set-variable -Wunused-variable -Wunused-function -Wunused-parameter -finline-functions -Wno-aggregate-return -Wno-inline -Wno-missing-format-attribute -Wno-missing-noreturn -Wno-overlength-strings -Wlarger-than=2560 -Wlogical-op -Wframe-larger-than=16384 -Wpacked-bitfield-compat -Wsync-nand -Wno-unsuffixed-float-constants -Wdouble-promotion -Wtrampolines -Wstack-usage=8192 -Wmaybe-uninitialized -Wno-jump-misses-init -Wstrict-overflow=2 -Wno-suggest-attribute=const -Wno-suggest-attribute=noreturn -Wno-suggest-attribute=pure -Wno-suggest-attribute=format -Wdate-time -Warray-bounds=2 -Wc99-c11-compat -Wincompatible-pointer-types -Wint-conversion -Wduplicated-cond -Whsa -Wnormalized -Wnull-dereference -Wunused-const-variable -Walloca -Walloc-zero -Wduplicated-branches -Wformat-overflow=2 -Wformat-truncation=1 -Wrestrict -Wattribute-alias -Wshift-overflow=2 -Wcast-function-type -Wcast-align=strict -Wno-suggest-attribute=cold -Wno-suggest-attribute=malloc -Wattribute-alias=2 -Wmissing-profile -Wc11-c2x-compat -MD -MT src/CMakeFiles/hdf5-static.dir/H5EAstat.c.o -MF src/CMakeFiles/hdf5-static.dir/H5EAstat.c.o.d -o src/CMakeFiles/hdf5-static.dir/H5EAstat.c.o -c /home/byrn/HDF_Projects/hdf5/dev/src/H5EAstat.c
[99/4114] /usr/bin/cc -D_FILE_OFFSET_BITS=64 -D_GNU_SOURCE -D_LARGEFILE_SOURCE -D_POSIX_C_SOURCE=200809L -I/home/byrn/HDF_Projects/hdf5/dev/src -I/home/byrn/HDF_Projects/hdf5/dev/src/H5FDsubfiling -I/home/byrn/HDF_Projects/hdf5/build/ci-StdShar-GNUC/src -I/home/byrn/HDF_Projects/hdf5/build/ci-StdShar-GNUC/_deps/hdf5_zlib-build -I/home/byrn/HDF_Projects/hdf5/build/ci-StdShar-GNUC/_deps/hdf5_zlib-src -I/home/byrn/HDF_Projects/hdf5/build/ci-StdShar-GNUC/_deps/szip-build -I/home/byrn/HDF_Projects/hdf5/build/ci-StdShar-GNUC/_deps/szip-src/include -I/home/byrn/HDF_Projects/hdf5/build/ci-StdShar-GNUC/_deps/szip-src -std=c99  -fstdarg-opt -fdiagnostics-urls=never -fno-diagnostics-color -fmessage-length=0 -O2 -g -DNDEBUG -std=gnu99 -fPIC -Wall -Wcast-qual -Wconversion -Wextra -Wfloat-equal -Wformat=2 -Winit-self -Winvalid-pch -Wmissing-include-dirs -Wshadow -Wundef -Wwrite-strings -pedantic -Wno-c++-compat -Wbad-function-cast -Wcast-align -Wformat -Wimplicit-function-declaration -Wint-to-pointer-cast -Wmissing-declarations -Wmissing-prototypes -Wnested-externs -Wold-style-definition -Wpacked -Wpointer-sign -Wpointer-to-int-cast -Wredundant-decls -Wstrict-prototypes -Wswitch -Wunused-but-set-variable -Wunused-variable -Wunused-function -Wunused-parameter -finline-functions -Wno-aggregate-return -Wno-inline -Wno-missing-format-attribute -Wno-missing-noreturn -Wno-overlength-strings -Wlarger-than=2560 -Wlogical-op -Wframe-larger-than=16384 -Wpacked-bitfield-compat -Wsync-nand -Wno-unsuffixed-float-constants -Wdouble-promotion -Wtrampolines -Wstack-usage=8192 -Wmaybe-uninitialized -Wno-jump-misses-init -Wstrict-overflow=2 -Wno-suggest-attribute=const -Wno-suggest-attribute=noreturn -Wno-suggest-attribute=pure -Wno-suggest-attribute=format -Wdate-time -Warray-bounds=2 -Wc99-c11-compat -Wincompatible-pointer-types -Wint-conversion -Wduplicated-cond -Whsa -Wnormalized -Wnull-dereference -Wunused-const-variable -Walloca -Walloc-zero -Wduplicated-branches -Wformat-overflow=2 -Wformat-truncation=1 -Wrestrict -Wattribute-alias -Wshift-overflow=2 -Wcast-function-type -Wcast-align=strict -Wno-suggest-attribute=cold -Wno-suggest-attribute=malloc -Wattribute-alias=2 -Wmissing-profile -Wc11-c2x-compat -MD -MT src/CMakeFiles/hdf5-static.dir/H5EAhdr.c.o -MF src/CMakeFiles/hdf5-static.dir/H5EAhdr.c.o.d -o src/CMakeFiles/hdf5-static.dir/H5EAhdr.c.o -c /home/byrn/HDF_Projects/hdf5/dev/src/H5EAhdr.c
[100/4114] /usr/bin/cc -D_FILE_OFFSET_BITS=64 -D_GNU_SOURCE -D_LARGEFILE_SOURCE -D_POSIX_C_SOURCE=200809L -I/home/byrn/HDF_Projects/hdf5/dev/src -I/home/byrn/HDF_Projects/hdf5/dev/src/H5FDsubfiling -I/home/byrn/HDF_Projects/hdf5/build/ci-StdShar-GNUC/src -I/home/byrn/HDF_Projects/hdf5/build/ci-StdShar-GNUC/_deps/hdf5_zlib-build -I/home/byrn/HDF_Projects/hdf5/build/ci-StdShar-GNUC/_deps/hdf5_zlib-src -I/home/byrn/HDF_Projects/hdf5/build/ci-StdShar-GNUC/_deps/szip-build -I/home/byrn/HDF_Projects/hdf5/build/ci-StdShar-GNUC/_deps/szip-src/include -I/home/byrn/HDF_Projects/hdf5/build/ci-StdShar-GNUC/_deps/szip-src -std=c99  -fstdarg-opt -fdiagnostics-urls=never -fno-diagnostics-color -fmessage-length=0 -O2 -g -DNDEBUG -std=gnu99 -fPIC -Wall -Wcast-qual -Wconversion -Wextra -Wfloat-equal -Wformat=2 -Winit-self -Winvalid-pch -Wmissing-include-dirs -Wshadow -Wundef -Wwrite-strings -pedantic -Wno-c++-compat -Wbad-function-cast -Wcast-align -Wformat -Wimplicit-function-declaration -Wint-to-pointer-cast -Wmissing-declarations -Wmissing-prototypes -Wnested-externs -Wold-style-definition -Wpacked -Wpointer-sign -Wpointer-to-int-cast -Wredundant-decls -Wstrict-prototypes -Wswitch -Wunused-but-set-variable -Wunused-variable -Wunused-function -Wunused-parameter -finline-functions -Wno-aggregate-return -Wno-inline -Wno-missing-format-attribute -Wno-missing-noreturn -Wno-overlength-strings -Wlarger-than=2560 -Wlogical-op -Wframe-larger-than=16384 -Wpacked-bitfield-compat -Wsync-nand -Wno-unsuffixed-float-constants -Wdouble-promotion -Wtrampolines -Wstack-usage=8192 -Wmaybe-uninitialized -Wno-jump-misses-init -Wstrict-overflow=2 -Wno-suggest-attribute=const -Wno-suggest-attribute=noreturn -Wno-suggest-attribute=pure -Wno-suggest-attribute=format -Wdate-time -Warray-bounds=2 -Wc99-c11-compat -Wincompatible-pointer-types -Wint-conversion -Wduplicated-cond -Whsa -Wnormalized -Wnull-dereference -Wunused-const-variable -Walloca -Walloc-zero -Wduplicated-branches -Wformat-overflow=2 -Wformat-truncation=1 -Wrestrict -Wattribute-alias -Wshift-overflow=2 -Wcast-function-type -Wcast-align=strict -Wno-suggest-attribute=cold -Wno-suggest-attribute=malloc -Wattribute-alias=2 -Wmissing-profile -Wc11-c2x-compat -MD -MT src/CMakeFiles/hdf5-static.dir/H5EAiblock.c.o -MF src/CMakeFiles/hdf5-static.dir/H5EAiblock.c.o.d -o src/CMakeFiles/hdf5-static.dir/H5EAiblock.c.o -c /home/byrn/HDF_Projects/hdf5/dev/src/H5EAiblock.c
[101/4114] /usr/bin/cc -D_FILE_OFFSET_BITS=64 -D_GNU_SOURCE -D_LARGEFILE_SOURCE -D_POSIX_C_SOURCE=200809L -I/home/byrn/HDF_Projects/hdf5/dev/src -I/home/byrn/HDF_Projects/hdf5/dev/src/H5FDsubfiling -I/home/byrn/HDF_Projects/hdf5/build/ci-StdShar-GNUC/src -I/home/byrn/HDF_Projects/hdf5/build/ci-StdShar-GNUC/_deps/hdf5_zlib-build -I/home/byrn/HDF_Projects/hdf5/build/ci-StdShar-GNUC/_deps/hdf5_zlib-src -I/home/byrn/HDF_Projects/hdf5/build/ci-StdShar-GNUC/_deps/szip-build -I/home/byrn/HDF_Projects/hdf5/build/ci-StdShar-GNUC/_deps/szip-src/include -I/home/byrn/HDF_Projects/hdf5/build/ci-StdShar-GNUC/_deps/szip-src -std=c99  -fstdarg-opt -fdiagnostics-urls=never -fno-diagnostics-color -fmessage-length=0 -O2 -g -DNDEBUG -std=gnu99 -fPIC -Wall -Wcast-qual -Wconversion -Wextra -Wfloat-equal -Wformat=2 -Winit-self -Winvalid-pch -Wmissing-include-dirs -Wshadow -Wundef -Wwrite-strings -pedantic -Wno-c++-compat -Wbad-function-cast -Wcast-align -Wformat -Wimplicit-function-declaration -Wint-to-pointer-cast -Wmissing-declarations -Wmissing-prototypes -Wnested-externs -Wold-style-definition -Wpacked -Wpointer-sign -Wpointer-to-int-cast -Wredundant-decls -Wstrict-prototypes -Wswitch -Wunused-but-set-variable -Wunused-variable -Wunused-function -Wunused-parameter -finline-functions -Wno-aggregate-return -Wno-inline -Wno-missing-format-attribute -Wno-missing-noreturn -Wno-overlength-strings -Wlarger-than=2560 -Wlogical-op -Wframe-larger-than=16384 -Wpacked-bitfield-compat -Wsync-nand -Wno-unsuffixed-float-constants -Wdouble-promotion -Wtrampolines -Wstack-usage=8192 -Wmaybe-uninitialized -Wno-jump-misses-init -Wstrict-overflow=2 -Wno-suggest-attribute=const -Wno-suggest-attribute=noreturn -Wno-suggest-attribute=pure -Wno-suggest-attribute=format -Wdate-time -Warray-bounds=2 -Wc99-c11-compat -Wincompatible-pointer-types -Wint-conversion -Wduplicated-cond -Whsa -Wnormalized -Wnull-dereference -Wunused-const-variable -Walloca -Walloc-zero -Wduplicated-branches -Wformat-overflow=2 -Wformat-truncation=1 -Wrestrict -Wattribute-alias -Wshift-overflow=2 -Wcast-function-type -Wcast-align=strict -Wno-suggest-attribute=cold -Wno-suggest-attribute=malloc -Wattribute-alias=2 -Wmissing-profile -Wc11-c2x-compat -MD -MT src/CMakeFiles/hdf5-static.dir/H5Dchunk.c.o -MF src/CMakeFiles/hdf5-static.dir/H5Dchunk.c.o.d -o src/CMakeFiles/hdf5-static.dir/H5Dchunk.c.o -c /home/byrn/HDF_Projects/hdf5/dev/src/H5Dchunk.c
[102/4114] /usr/bin/cc -D_FILE_OFFSET_BITS=64 -D_GNU_SOURCE -D_LARGEFILE_SOURCE -D_POSIX_C_SOURCE=200809L -I/home/byrn/HDF_Projects/hdf5/dev/src -I/home/byrn/HDF_Projects/hdf5/dev/src/H5FDsubfiling -I/home/byrn/HDF_Projects/hdf5/build/ci-StdShar-GNUC/src -I/home/byrn/HDF_Projects/hdf5/build/ci-StdShar-GNUC/_deps/hdf5_zlib-build -I/home/byrn/HDF_Projects/hdf5/build/ci-StdShar-GNUC/_deps/hdf5_zlib-src -I/home/byrn/HDF_Projects/hdf5/build/ci-StdShar-GNUC/_deps/szip-build -I/home/byrn/HDF_Projects/hdf5/build/ci-StdShar-GNUC/_deps/szip-src/include -I/home/byrn/HDF_Projects/hdf5/build/ci-StdShar-GNUC/_deps/szip-src -std=c99  -fstdarg-opt -fdiagnostics-urls=never -fno-diagnostics-color -fmessage-length=0 -O2 -g -DNDEBUG -std=gnu99 -fPIC -Wall -Wcast-qual -Wconversion -Wextra -Wfloat-equal -Wformat=2 -Winit-self -Winvalid-pch -Wmissing-include-dirs -Wshadow -Wundef -Wwrite-strings -pedantic -Wno-c++-compat -Wbad-function-cast -Wcast-align -Wformat -Wimplicit-function-declaration -Wint-to-pointer-cast -Wmissing-declarations -Wmissing-prototypes -Wnested-externs -Wold-style-definition -Wpacked -Wpointer-sign -Wpointer-to-int-cast -Wredundant-decls -Wstrict-prototypes -Wswitch -Wunused-but-set-variable -Wunused-variable -Wunused-function -Wunused-parameter -finline-functions -Wno-aggregate-return -Wno-inline -Wno-missing-format-attribute -Wno-missing-noreturn -Wno-overlength-strings -Wlarger-than=2560 -Wlogical-op -Wframe-larger-than=16384 -Wpacked-bitfield-compat -Wsync-nand -Wno-unsuffixed-float-constants -Wdouble-promotion -Wtrampolines -Wstack-usage=8192 -Wmaybe-uninitialized -Wno-jump-misses-init -Wstrict-overflow=2 -Wno-suggest-attribute=const -Wno-suggest-attribute=noreturn -Wno-suggest-attribute=pure -Wno-suggest-attribute=format -Wdate-time -Warray-bounds=2 -Wc99-c11-compat -Wincompatible-pointer-types -Wint-conversion -Wduplicated-cond -Whsa -Wnormalized -Wnull-dereference -Wunused-const-variable -Walloca -Walloc-zero -Wduplicated-branches -Wformat-overflow=2 -Wformat-truncation=1 -Wrestrict -Wattribute-alias -Wshift-overflow=2 -Wcast-function-type -Wcast-align=strict -Wno-suggest-attribute=cold -Wno-suggest-attribute=malloc -Wattribute-alias=2 -Wmissing-profile -Wc11-c2x-compat -MD -MT src/CMakeFiles/hdf5-static.dir/H5EAtest.c.o -MF src/CMakeFiles/hdf5-static.dir/H5EAtest.c.o.d -o src/CMakeFiles/hdf5-static.dir/H5EAtest.c.o -c /home/byrn/HDF_Projects/hdf5/dev/src/H5EAtest.c
[103/4114] /usr/bin/cc -D_FILE_OFFSET_BITS=64 -D_GNU_SOURCE -D_LARGEFILE_SOURCE -D_POSIX_C_SOURCE=200809L -I/home/byrn/HDF_Projects/hdf5/dev/src -I/home/byrn/HDF_Projects/hdf5/dev/src/H5FDsubfiling -I/home/byrn/HDF_Projects/hdf5/build/ci-StdShar-GNUC/src -I/home/byrn/HDF_Projects/hdf5/build/ci-StdShar-GNUC/_deps/hdf5_zlib-build -I/home/byrn/HDF_Projects/hdf5/build/ci-StdShar-GNUC/_deps/hdf5_zlib-src -I/home/byrn/HDF_Projects/hdf5/build/ci-StdShar-GNUC/_deps/szip-build -I/home/byrn/HDF_Projects/hdf5/build/ci-StdShar-GNUC/_deps/szip-src/include -I/home/byrn/HDF_Projects/hdf5/build/ci-StdShar-GNUC/_deps/szip-src -std=c99  -fstdarg-opt -fdiagnostics-urls=never -fno-diagnostics-color -fmessage-length=0 -O2 -g -DNDEBUG -std=gnu99 -fPIC -Wall -Wcast-qual -Wconversion -Wextra -Wfloat-equal -Wformat=2 -Winit-self -Winvalid-pch -Wmissing-include-dirs -Wshadow -Wundef -Wwrite-strings -pedantic -Wno-c++-compat -Wbad-function-cast -Wcast-align -Wformat -Wimplicit-function-declaration -Wint-to-pointer-cast -Wmissing-declarations -Wmissing-prototypes -Wnested-externs -Wold-style-definition -Wpacked -Wpointer-sign -Wpointer-to-int-cast -Wredundant-decls -Wstrict-prototypes -Wswitch -Wunused-but-set-variable -Wunused-variable -Wunused-function -Wunused-parameter -finline-functions -Wno-aggregate-return -Wno-inline -Wno-missing-format-attribute -Wno-missing-noreturn -Wno-overlength-strings -Wlarger-than=2560 -Wlogical-op -Wframe-larger-than=16384 -Wpacked-bitfield-compat -Wsync-nand -Wno-unsuffixed-float-constants -Wdouble-promotion -Wtrampolines -Wstack-usage=8192 -Wmaybe-uninitialized -Wno-jump-misses-init -Wstrict-overflow=2 -Wno-suggest-attribute=const -Wno-suggest-attribute=noreturn -Wno-suggest-attribute=pure -Wno-suggest-attribute=format -Wdate-time -Warray-bounds=2 -Wc99-c11-compat -Wincompatible-pointer-types -Wint-conversion -Wduplicated-cond -Whsa -Wnormalized -Wnull-dereference -Wunused-const-variable -Walloca -Walloc-zero -Wduplicated-branches -Wformat-overflow=2 -Wformat-truncation=1 -Wrestrict -Wattribute-alias -Wshift-overflow=2 -Wcast-function-type -Wcast-align=strict -Wno-suggest-attribute=cold -Wno-suggest-attribute=malloc -Wattribute-alias=2 -Wmissing-profile -Wc11-c2x-compat -MD -MT src/CMakeFiles/hdf5-static.dir/H5ESevent.c.o -MF src/CMakeFiles/hdf5-static.dir/H5ESevent.c.o.d -o src/CMakeFiles/hdf5-static.dir/H5ESevent.c.o -c /home/byrn/HDF_Projects/hdf5/dev/src/H5ESevent.c
[104/4114] /usr/bin/cc -D_FILE_OFFSET_BITS=64 -D_GNU_SOURCE -D_LARGEFILE_SOURCE -D_POSIX_C_SOURCE=200809L -I/home/byrn/HDF_Projects/hdf5/dev/src -I/home/byrn/HDF_Projects/hdf5/dev/src/H5FDsubfiling -I/home/byrn/HDF_Projects/hdf5/build/ci-StdShar-GNUC/src -I/home/byrn/HDF_Projects/hdf5/build/ci-StdShar-GNUC/_deps/hdf5_zlib-build -I/home/byrn/HDF_Projects/hdf5/build/ci-StdShar-GNUC/_deps/hdf5_zlib-src -I/home/byrn/HDF_Projects/hdf5/build/ci-StdShar-GNUC/_deps/szip-build -I/home/byrn/HDF_Projects/hdf5/build/ci-StdShar-GNUC/_deps/szip-src/include -I/home/byrn/HDF_Projects/hdf5/build/ci-StdShar-GNUC/_deps/szip-src -std=c99  -fstdarg-opt -fdiagnostics-urls=never -fno-diagnostics-color -fmessage-length=0 -O2 -g -DNDEBUG -std=gnu99 -fPIC -Wall -Wcast-qual -Wconversion -Wextra -Wfloat-equal -Wformat=2 -Winit-self -Winvalid-pch -Wmissing-include-dirs -Wshadow -Wundef -Wwrite-strings -pedantic -Wno-c++-compat -Wbad-function-cast -Wcast-align -Wformat -Wimplicit-function-declaration -Wint-to-pointer-cast -Wmissing-declarations -Wmissing-prototypes -Wnested-externs -Wold-style-definition -Wpacked -Wpointer-sign -Wpointer-to-int-cast -Wredundant-decls -Wstrict-prototypes -Wswitch -Wunused-but-set-variable -Wunused-variable -Wunused-function -Wunused-parameter -finline-functions -Wno-aggregate-return -Wno-inline -Wno-missing-format-attribute -Wno-missing-noreturn -Wno-overlength-strings -Wlarger-than=2560 -Wlogical-op -Wframe-larger-than=16384 -Wpacked-bitfield-compat -Wsync-nand -Wno-unsuffixed-float-constants -Wdouble-promotion -Wtrampolines -Wstack-usage=8192 -Wmaybe-uninitialized -Wno-jump-misses-init -Wstrict-overflow=2 -Wno-suggest-attribute=const -Wno-suggest-attribute=noreturn -Wno-suggest-attribute=pure -Wno-suggest-attribute=format -Wdate-time -Warray-bounds=2 -Wc99-c11-compat -Wincompatible-pointer-types -Wint-conversion -Wduplicated-cond -Whsa -Wnormalized -Wnull-dereference -Wunused-const-variable -Walloca -Walloc-zero -Wduplicated-branches -Wformat-overflow=2 -Wformat-truncation=1 -Wrestrict -Wattribute-alias -Wshift-overflow=2 -Wcast-function-type -Wcast-align=strict -Wno-suggest-attribute=cold -Wno-suggest-attribute=malloc -Wattribute-alias=2 -Wmissing-profile -Wc11-c2x-compat -MD -MT src/CMakeFiles/hdf5-static.dir/H5EAsblock.c.o -MF src/CMakeFiles/hdf5-static.dir/H5EAsblock.c.o.d -o src/CMakeFiles/hdf5-static.dir/H5EAsblock.c.o -c /home/byrn/HDF_Projects/hdf5/dev/src/H5EAsblock.c
[105/4114] /usr/bin/cc -D_FILE_OFFSET_BITS=64 -D_GNU_SOURCE -D_LARGEFILE_SOURCE -D_POSIX_C_SOURCE=200809L -I/home/byrn/HDF_Projects/hdf5/dev/src -I/home/byrn/HDF_Projects/hdf5/dev/src/H5FDsubfiling -I/home/byrn/HDF_Projects/hdf5/build/ci-StdShar-GNUC/src -I/home/byrn/HDF_Projects/hdf5/build/ci-StdShar-GNUC/_deps/hdf5_zlib-build -I/home/byrn/HDF_Projects/hdf5/build/ci-StdShar-GNUC/_deps/hdf5_zlib-src -I/home/byrn/HDF_Projects/hdf5/build/ci-StdShar-GNUC/_deps/szip-build -I/home/byrn/HDF_Projects/hdf5/build/ci-StdShar-GNUC/_deps/szip-src/include -I/home/byrn/HDF_Projects/hdf5/build/ci-StdShar-GNUC/_deps/szip-src -std=c99  -fstdarg-opt -fdiagnostics-urls=never -fno-diagnostics-color -fmessage-length=0 -O2 -g -DNDEBUG -std=gnu99 -fPIC -Wall -Wcast-qual -Wconversion -Wextra -Wfloat-equal -Wformat=2 -Winit-self -Winvalid-pch -Wmissing-include-dirs -Wshadow -Wundef -Wwrite-strings -pedantic -Wno-c++-compat -Wbad-function-cast -Wcast-align -Wformat -Wimplicit-function-declaration -Wint-to-pointer-cast -Wmissing-declarations -Wmissing-prototypes -Wnested-externs -Wold-style-definition -Wpacked -Wpointer-sign -Wpointer-to-int-cast -Wredundant-decls -Wstrict-prototypes -Wswitch -Wunused-but-set-variable -Wunused-variable -Wunused-function -Wunused-parameter -finline-functions -Wno-aggregate-return -Wno-inline -Wno-missing-format-attribute -Wno-missing-noreturn -Wno-overlength-strings -Wlarger-than=2560 -Wlogical-op -Wframe-larger-than=16384 -Wpacked-bitfield-compat -Wsync-nand -Wno-unsuffixed-float-constants -Wdouble-promotion -Wtrampolines -Wstack-usage=8192 -Wmaybe-uninitialized -Wno-jump-misses-init -Wstrict-overflow=2 -Wno-suggest-attribute=const -Wno-suggest-attribute=noreturn -Wno-suggest-attribute=pure -Wno-suggest-attribute=format -Wdate-time -Warray-bounds=2 -Wc99-c11-compat -Wincompatible-pointer-types -Wint-conversion -Wduplicated-cond -Whsa -Wnormalized -Wnull-dereference -Wunused-const-variable -Walloca -Walloc-zero -Wduplicated-branches -Wformat-overflow=2 -Wformat-truncation=1 -Wrestrict -Wattribute-alias -Wshift-overflow=2 -Wcast-function-type -Wcast-align=strict -Wno-suggest-attribute=cold -Wno-suggest-attribute=malloc -Wattribute-alias=2 -Wmissing-profile -Wc11-c2x-compat -MD -MT src/CMakeFiles/hdf5-static.dir/H5ESlist.c.o -MF src/CMakeFiles/hdf5-static.dir/H5ESlist.c.o.d -o src/CMakeFiles/hdf5-static.dir/H5ESlist.c.o -c /home/byrn/HDF_Projects/hdf5/dev/src/H5ESlist.c
[106/4114] /usr/bin/cc -D_FILE_OFFSET_BITS=64 -D_GNU_SOURCE -D_LARGEFILE_SOURCE -D_POSIX_C_SOURCE=200809L -I/home/byrn/HDF_Projects/hdf5/dev/src -I/home/byrn/HDF_Projects/hdf5/dev/src/H5FDsubfiling -I/home/byrn/HDF_Projects/hdf5/build/ci-StdShar-GNUC/src -I/home/byrn/HDF_Projects/hdf5/build/ci-StdShar-GNUC/_deps/hdf5_zlib-build -I/home/byrn/HDF_Projects/hdf5/build/ci-StdShar-GNUC/_deps/hdf5_zlib-src -I/home/byrn/HDF_Projects/hdf5/build/ci-StdShar-GNUC/_deps/szip-build -I/home/byrn/HDF_Projects/hdf5/build/ci-StdShar-GNUC/_deps/szip-src/include -I/home/byrn/HDF_Projects/hdf5/build/ci-StdShar-GNUC/_deps/szip-src -std=c99  -fstdarg-opt -fdiagnostics-urls=never -fno-diagnostics-color -fmessage-length=0 -O2 -g -DNDEBUG -std=gnu99 -fPIC -Wall -Wcast-qual -Wconversion -Wextra -Wfloat-equal -Wformat=2 -Winit-self -Winvalid-pch -Wmissing-include-dirs -Wshadow -Wundef -Wwrite-strings -pedantic -Wno-c++-compat -Wbad-function-cast -Wcast-align -Wformat -Wimplicit-function-declaration -Wint-to-pointer-cast -Wmissing-declarations -Wmissing-prototypes -Wnested-externs -Wold-style-definition -Wpacked -Wpointer-sign -Wpointer-to-int-cast -Wredundant-decls -Wstrict-prototypes -Wswitch -Wunused-but-set-variable -Wunused-variable -Wunused-function -Wunused-parameter -finline-functions -Wno-aggregate-return -Wno-inline -Wno-missing-format-attribute -Wno-missing-noreturn -Wno-overlength-strings -Wlarger-than=2560 -Wlogical-op -Wframe-larger-than=16384 -Wpacked-bitfield-compat -Wsync-nand -Wno-unsuffixed-float-constants -Wdouble-promotion -Wtrampolines -Wstack-usage=8192 -Wmaybe-uninitialized -Wno-jump-misses-init -Wstrict-overflow=2 -Wno-suggest-attribute=const -Wno-suggest-attribute=noreturn -Wno-suggest-attribute=pure -Wno-suggest-attribute=format -Wdate-time -Warray-bounds=2 -Wc99-c11-compat -Wincompatible-pointer-types -Wint-conversion -Wduplicated-cond -Whsa -Wnormalized -Wnull-dereference -Wunused-const-variable -Walloca -Walloc-zero -Wduplicated-branches -Wformat-overflow=2 -Wformat-truncation=1 -Wrestrict -Wattribute-alias -Wshift-overflow=2 -Wcast-function-type -Wcast-align=strict -Wno-suggest-attribute=cold -Wno-suggest-attribute=malloc -Wattribute-alias=2 -Wmissing-profile -Wc11-c2x-compat -MD -MT src/CMakeFiles/hdf5-static.dir/H5ESint.c.o -MF src/CMakeFiles/hdf5-static.dir/H5ESint.c.o.d -o src/CMakeFiles/hdf5-static.dir/H5ESint.c.o -c /home/byrn/HDF_Projects/hdf5/dev/src/H5ESint.c
[107/4114] /usr/bin/cc -D_FILE_OFFSET_BITS=64 -D_GNU_SOURCE -D_LARGEFILE_SOURCE -D_POSIX_C_SOURCE=200809L -I/home/byrn/HDF_Projects/hdf5/dev/src -I/home/byrn/HDF_Projects/hdf5/dev/src/H5FDsubfiling -I/home/byrn/HDF_Projects/hdf5/build/ci-StdShar-GNUC/src -I/home/byrn/HDF_Projects/hdf5/build/ci-StdShar-GNUC/_deps/hdf5_zlib-build -I/home/byrn/HDF_Projects/hdf5/build/ci-StdShar-GNUC/_deps/hdf5_zlib-src -I/home/byrn/HDF_Projects/hdf5/build/ci-StdShar-GNUC/_deps/szip-build -I/home/byrn/HDF_Projects/hdf5/build/ci-StdShar-GNUC/_deps/szip-src/include -I/home/byrn/HDF_Projects/hdf5/build/ci-StdShar-GNUC/_deps/szip-src -std=c99  -fstdarg-opt -fdiagnostics-urls=never -fno-diagnostics-color -fmessage-length=0 -O2 -g -DNDEBUG -std=gnu99 -fPIC -Wall -Wcast-qual -Wconversion -Wextra -Wfloat-equal -Wformat=2 -Winit-self -Winvalid-pch -Wmissing-include-dirs -Wshadow -Wundef -Wwrite-strings -pedantic -Wno-c++-compat -Wbad-function-cast -Wcast-align -Wformat -Wimplicit-function-declaration -Wint-to-pointer-cast -Wmissing-declarations -Wmissing-prototypes -Wnested-externs -Wold-style-definition -Wpacked -Wpointer-sign -Wpointer-to-int-cast -Wredundant-decls -Wstrict-prototypes -Wswitch -Wunused-but-set-variable -Wunused-variable -Wunused-function -Wunused-parameter -finline-functions -Wno-aggregate-return -Wno-inline -Wno-missing-format-attribute -Wno-missing-noreturn -Wno-overlength-strings -Wlarger-than=2560 -Wlogical-op -Wframe-larger-than=16384 -Wpacked-bitfield-compat -Wsync-nand -Wno-unsuffixed-float-constants -Wdouble-promotion -Wtrampolines -Wstack-usage=8192 -Wmaybe-uninitialized -Wno-jump-misses-init -Wstrict-overflow=2 -Wno-suggest-attribute=const -Wno-suggest-attribute=noreturn -Wno-suggest-attribute=pure -Wno-suggest-attribute=format -Wdate-time -Warray-bounds=2 -Wc99-c11-compat -Wincompatible-pointer-types -Wint-conversion -Wduplicated-cond -Whsa -Wnormalized -Wnull-dereference -Wunused-const-variable -Walloca -Walloc-zero -Wduplicated-branches -Wformat-overflow=2 -Wformat-truncation=1 -Wrestrict -Wattribute-alias -Wshift-overflow=2 -Wcast-function-type -Wcast-align=strict -Wno-suggest-attribute=cold -Wno-suggest-attribute=malloc -Wattribute-alias=2 -Wmissing-profile -Wc11-c2x-compat -MD -MT src/CMakeFiles/hdf5-static.dir/H5Fdbg.c.o -MF src/CMakeFiles/hdf5-static.dir/H5Fdbg.c.o.d -o src/CMakeFiles/hdf5-static.dir/H5Fdbg.c.o -c /home/byrn/HDF_Projects/hdf5/dev/src/H5Fdbg.c
[108/4114] /usr/bin/cc -D_FILE_OFFSET_BITS=64 -D_GNU_SOURCE -D_LARGEFILE_SOURCE -D_POSIX_C_SOURCE=200809L -I/home/byrn/HDF_Projects/hdf5/dev/src -I/home/byrn/HDF_Projects/hdf5/dev/src/H5FDsubfiling -I/home/byrn/HDF_Projects/hdf5/build/ci-StdShar-GNUC/src -I/home/byrn/HDF_Projects/hdf5/build/ci-StdShar-GNUC/_deps/hdf5_zlib-build -I/home/byrn/HDF_Projects/hdf5/build/ci-StdShar-GNUC/_deps/hdf5_zlib-src -I/home/byrn/HDF_Projects/hdf5/build/ci-StdShar-GNUC/_deps/szip-build -I/home/byrn/HDF_Projects/hdf5/build/ci-StdShar-GNUC/_deps/szip-src/include -I/home/byrn/HDF_Projects/hdf5/build/ci-StdShar-GNUC/_deps/szip-src -std=c99  -fstdarg-opt -fdiagnostics-urls=never -fno-diagnostics-color -fmessage-length=0 -O2 -g -DNDEBUG -std=gnu99 -fPIC -Wall -Wcast-qual -Wconversion -Wextra -Wfloat-equal -Wformat=2 -Winit-self -Winvalid-pch -Wmissing-include-dirs -Wshadow -Wundef -Wwrite-strings -pedantic -Wno-c++-compat -Wbad-function-cast -Wcast-align -Wformat -Wimplicit-function-declaration -Wint-to-pointer-cast -Wmissing-declarations -Wmissing-prototypes -Wnested-externs -Wold-style-definition -Wpacked -Wpointer-sign -Wpointer-to-int-cast -Wredundant-decls -Wstrict-prototypes -Wswitch -Wunused-but-set-variable -Wunused-variable -Wunused-function -Wunused-parameter -finline-functions -Wno-aggregate-return -Wno-inline -Wno-missing-format-attribute -Wno-missing-noreturn -Wno-overlength-strings -Wlarger-than=2560 -Wlogical-op -Wframe-larger-than=16384 -Wpacked-bitfield-compat -Wsync-nand -Wno-unsuffixed-float-constants -Wdouble-promotion -Wtrampolines -Wstack-usage=8192 -Wmaybe-uninitialized -Wno-jump-misses-init -Wstrict-overflow=2 -Wno-suggest-attribute=const -Wno-suggest-attribute=noreturn -Wno-suggest-attribute=pure -Wno-suggest-attribute=format -Wdate-time -Warray-bounds=2 -Wc99-c11-compat -Wincompatible-pointer-types -Wint-conversion -Wduplicated-cond -Whsa -Wnormalized -Wnull-dereference -Wunused-const-variable -Walloca -Walloc-zero -Wduplicated-branches -Wformat-overflow=2 -Wformat-truncation=1 -Wrestrict -Wattribute-alias -Wshift-overflow=2 -Wcast-function-type -Wcast-align=strict -Wno-suggest-attribute=cold -Wno-suggest-attribute=malloc -Wattribute-alias=2 -Wmissing-profile -Wc11-c2x-compat -MD -MT src/CMakeFiles/hdf5-static.dir/H5Fcwfs.c.o -MF src/CMakeFiles/hdf5-static.dir/H5Fcwfs.c.o.d -o src/CMakeFiles/hdf5-static.dir/H5Fcwfs.c.o -c /home/byrn/HDF_Projects/hdf5/dev/src/H5Fcwfs.c
[109/4114] /usr/bin/cc -D_FILE_OFFSET_BITS=64 -D_GNU_SOURCE -D_LARGEFILE_SOURCE -D_POSIX_C_SOURCE=200809L -I/home/byrn/HDF_Projects/hdf5/dev/src -I/home/byrn/HDF_Projects/hdf5/dev/src/H5FDsubfiling -I/home/byrn/HDF_Projects/hdf5/build/ci-StdShar-GNUC/src -I/home/byrn/HDF_Projects/hdf5/build/ci-StdShar-GNUC/_deps/hdf5_zlib-build -I/home/byrn/HDF_Projects/hdf5/build/ci-StdShar-GNUC/_deps/hdf5_zlib-src -I/home/byrn/HDF_Projects/hdf5/build/ci-StdShar-GNUC/_deps/szip-build -I/home/byrn/HDF_Projects/hdf5/build/ci-StdShar-GNUC/_deps/szip-src/include -I/home/byrn/HDF_Projects/hdf5/build/ci-StdShar-GNUC/_deps/szip-src -std=c99  -fstdarg-opt -fdiagnostics-urls=never -fno-diagnostics-color -fmessage-length=0 -O2 -g -DNDEBUG -std=gnu99 -fPIC -Wall -Wcast-qual -Wconversion -Wextra -Wfloat-equal -Wformat=2 -Winit-self -Winvalid-pch -Wmissing-include-dirs -Wshadow -Wundef -Wwrite-strings -pedantic -Wno-c++-compat -Wbad-function-cast -Wcast-align -Wformat -Wimplicit-function-declaration -Wint-to-pointer-cast -Wmissing-declarations -Wmissing-prototypes -Wnested-externs -Wold-style-definition -Wpacked -Wpointer-sign -Wpointer-to-int-cast -Wredundant-decls -Wstrict-prototypes -Wswitch -Wunused-but-set-variable -Wunused-variable -Wunused-function -Wunused-parameter -finline-functions -Wno-aggregate-return -Wno-inline -Wno-missing-format-attribute -Wno-missing-noreturn -Wno-overlength-strings -Wlarger-than=2560 -Wlogical-op -Wframe-larger-than=16384 -Wpacked-bitfield-compat -Wsync-nand -Wno-unsuffixed-float-constants -Wdouble-promotion -Wtrampolines -Wstack-usage=8192 -Wmaybe-uninitialized -Wno-jump-misses-init -Wstrict-overflow=2 -Wno-suggest-attribute=const -Wno-suggest-attribute=noreturn -Wno-suggest-attribute=pure -Wno-suggest-attribute=format -Wdate-time -Warray-bounds=2 -Wc99-c11-compat -Wincompatible-pointer-types -Wint-conversion -Wduplicated-cond -Whsa -Wnormalized -Wnull-dereference -Wunused-const-variable -Walloca -Walloc-zero -Wduplicated-branches -Wformat-overflow=2 -Wformat-truncation=1 -Wrestrict -Wattribute-alias -Wshift-overflow=2 -Wcast-function-type -Wcast-align=strict -Wno-suggest-attribute=cold -Wno-suggest-attribute=malloc -Wattribute-alias=2 -Wmissing-profile -Wc11-c2x-compat -MD -MT src/CMakeFiles/hdf5-static.dir/H5Fdeprec.c.o -MF src/CMakeFiles/hdf5-static.dir/H5Fdeprec.c.o.d -o src/CMakeFiles/hdf5-static.dir/H5Fdeprec.c.o -c /home/byrn/HDF_Projects/hdf5/dev/src/H5Fdeprec.c
[110/4114] /usr/bin/cc -D_FILE_OFFSET_BITS=64 -D_GNU_SOURCE -D_LARGEFILE_SOURCE -D_POSIX_C_SOURCE=200809L -I/home/byrn/HDF_Projects/hdf5/dev/src -I/home/byrn/HDF_Projects/hdf5/dev/src/H5FDsubfiling -I/home/byrn/HDF_Projects/hdf5/build/ci-StdShar-GNUC/src -I/home/byrn/HDF_Projects/hdf5/build/ci-StdShar-GNUC/_deps/hdf5_zlib-build -I/home/byrn/HDF_Projects/hdf5/build/ci-StdShar-GNUC/_deps/hdf5_zlib-src -I/home/byrn/HDF_Projects/hdf5/build/ci-StdShar-GNUC/_deps/szip-build -I/home/byrn/HDF_Projects/hdf5/build/ci-StdShar-GNUC/_deps/szip-src/include -I/home/byrn/HDF_Projects/hdf5/build/ci-StdShar-GNUC/_deps/szip-src -std=c99  -fstdarg-opt -fdiagnostics-urls=never -fno-diagnostics-color -fmessage-length=0 -O2 -g -DNDEBUG -std=gnu99 -fPIC -Wall -Wcast-qual -Wconversion -Wextra -Wfloat-equal -Wformat=2 -Winit-self -Winvalid-pch -Wmissing-include-dirs -Wshadow -Wundef -Wwrite-strings -pedantic -Wno-c++-compat -Wbad-function-cast -Wcast-align -Wformat -Wimplicit-function-declaration -Wint-to-pointer-cast -Wmissing-declarations -Wmissing-prototypes -Wnested-externs -Wold-style-definition -Wpacked -Wpointer-sign -Wpointer-to-int-cast -Wredundant-decls -Wstrict-prototypes -Wswitch -Wunused-but-set-variable -Wunused-variable -Wunused-function -Wunused-parameter -finline-functions -Wno-aggregate-return -Wno-inline -Wno-missing-format-attribute -Wno-missing-noreturn -Wno-overlength-strings -Wlarger-than=2560 -Wlogical-op -Wframe-larger-than=16384 -Wpacked-bitfield-compat -Wsync-nand -Wno-unsuffixed-float-constants -Wdouble-promotion -Wtrampolines -Wstack-usage=8192 -Wmaybe-uninitialized -Wno-jump-misses-init -Wstrict-overflow=2 -Wno-suggest-attribute=const -Wno-suggest-attribute=noreturn -Wno-suggest-attribute=pure -Wno-suggest-attribute=format -Wdate-time -Warray-bounds=2 -Wc99-c11-compat -Wincompatible-pointer-types -Wint-conversion -Wduplicated-cond -Whsa -Wnormalized -Wnull-dereference -Wunused-const-variable -Walloca -Walloc-zero -Wduplicated-branches -Wformat-overflow=2 -Wformat-truncation=1 -Wrestrict -Wattribute-alias -Wshift-overflow=2 -Wcast-function-type -Wcast-align=strict -Wno-suggest-attribute=cold -Wno-suggest-attribute=malloc -Wattribute-alias=2 -Wmissing-profile -Wc11-c2x-compat -MD -MT src/CMakeFiles/hdf5-static.dir/H5ES.c.o -MF src/CMakeFiles/hdf5-static.dir/H5ES.c.o.d -o src/CMakeFiles/hdf5-static.dir/H5ES.c.o -c /home/byrn/HDF_Projects/hdf5/dev/src/H5ES.c
[111/4114] /usr/bin/cc -D_FILE_OFFSET_BITS=64 -D_GNU_SOURCE -D_LARGEFILE_SOURCE -D_POSIX_C_SOURCE=200809L -I/home/byrn/HDF_Projects/hdf5/dev/src -I/home/byrn/HDF_Projects/hdf5/dev/src/H5FDsubfiling -I/home/byrn/HDF_Projects/hdf5/build/ci-StdShar-GNUC/src -I/home/byrn/HDF_Projects/hdf5/build/ci-StdShar-GNUC/_deps/hdf5_zlib-build -I/home/byrn/HDF_Projects/hdf5/build/ci-StdShar-GNUC/_deps/hdf5_zlib-src -I/home/byrn/HDF_Projects/hdf5/build/ci-StdShar-GNUC/_deps/szip-build -I/home/byrn/HDF_Projects/hdf5/build/ci-StdShar-GNUC/_deps/szip-src/include -I/home/byrn/HDF_Projects/hdf5/build/ci-StdShar-GNUC/_deps/szip-src -std=c99  -fstdarg-opt -fdiagnostics-urls=never -fno-diagnostics-color -fmessage-length=0 -O2 -g -DNDEBUG -std=gnu99 -fPIC -Wall -Wcast-qual -Wconversion -Wextra -Wfloat-equal -Wformat=2 -Winit-self -Winvalid-pch -Wmissing-include-dirs -Wshadow -Wundef -Wwrite-strings -pedantic -Wno-c++-compat -Wbad-function-cast -Wcast-align -Wformat -Wimplicit-function-declaration -Wint-to-pointer-cast -Wmissing-declarations -Wmissing-prototypes -Wnested-externs -Wold-style-definition -Wpacked -Wpointer-sign -Wpointer-to-int-cast -Wredundant-decls -Wstrict-prototypes -Wswitch -Wunused-but-set-variable -Wunused-variable -Wunused-function -Wunused-parameter -finline-functions -Wno-aggregate-return -Wno-inline -Wno-missing-format-attribute -Wno-missing-noreturn -Wno-overlength-strings -Wlarger-than=2560 -Wlogical-op -Wframe-larger-than=16384 -Wpacked-bitfield-compat -Wsync-nand -Wno-unsuffixed-float-constants -Wdouble-promotion -Wtrampolines -Wstack-usage=8192 -Wmaybe-uninitialized -Wno-jump-misses-init -Wstrict-overflow=2 -Wno-suggest-attribute=const -Wno-suggest-attribute=noreturn -Wno-suggest-attribute=pure -Wno-suggest-attribute=format -Wdate-time -Warray-bounds=2 -Wc99-c11-compat -Wincompatible-pointer-types -Wint-conversion -Wduplicated-cond -Whsa -Wnormalized -Wnull-dereference -Wunused-const-variable -Walloca -Walloc-zero -Wduplicated-branches -Wformat-overflow=2 -Wformat-truncation=1 -Wrestrict -Wattribute-alias -Wshift-overflow=2 -Wcast-function-type -Wcast-align=strict -Wno-suggest-attribute=cold -Wno-suggest-attribute=malloc -Wattribute-alias=2 -Wmissing-profile -Wc11-c2x-compat -MD -MT src/CMakeFiles/hdf5-static.dir/H5Ffake.c.o -MF src/CMakeFiles/hdf5-static.dir/H5Ffake.c.o.d -o src/CMakeFiles/hdf5-static.dir/H5Ffake.c.o -c /home/byrn/HDF_Projects/hdf5/dev/src/H5Ffake.c
[112/4114] /usr/bin/cc -D_FILE_OFFSET_BITS=64 -D_GNU_SOURCE -D_LARGEFILE_SOURCE -D_POSIX_C_SOURCE=200809L -I/home/byrn/HDF_Projects/hdf5/dev/src -I/home/byrn/HDF_Projects/hdf5/dev/src/H5FDsubfiling -I/home/byrn/HDF_Projects/hdf5/build/ci-StdShar-GNUC/src -I/home/byrn/HDF_Projects/hdf5/build/ci-StdShar-GNUC/_deps/hdf5_zlib-build -I/home/byrn/HDF_Projects/hdf5/build/ci-StdShar-GNUC/_deps/hdf5_zlib-src -I/home/byrn/HDF_Projects/hdf5/build/ci-StdShar-GNUC/_deps/szip-build -I/home/byrn/HDF_Projects/hdf5/build/ci-StdShar-GNUC/_deps/szip-src/include -I/home/byrn/HDF_Projects/hdf5/build/ci-StdShar-GNUC/_deps/szip-src -std=c99  -fstdarg-opt -fdiagnostics-urls=never -fno-diagnostics-color -fmessage-length=0 -O2 -g -DNDEBUG -std=gnu99 -fPIC -Wall -Wcast-qual -Wconversion -Wextra -Wfloat-equal -Wformat=2 -Winit-self -Winvalid-pch -Wmissing-include-dirs -Wshadow -Wundef -Wwrite-strings -pedantic -Wno-c++-compat -Wbad-function-cast -Wcast-align -Wformat -Wimplicit-function-declaration -Wint-to-pointer-cast -Wmissing-declarations -Wmissing-prototypes -Wnested-externs -Wold-style-definition -Wpacked -Wpointer-sign -Wpointer-to-int-cast -Wredundant-decls -Wstrict-prototypes -Wswitch -Wunused-but-set-variable -Wunused-variable -Wunused-function -Wunused-parameter -finline-functions -Wno-aggregate-return -Wno-inline -Wno-missing-format-attribute -Wno-missing-noreturn -Wno-overlength-strings -Wlarger-than=2560 -Wlogical-op -Wframe-larger-than=16384 -Wpacked-bitfield-compat -Wsync-nand -Wno-unsuffixed-float-constants -Wdouble-promotion -Wtrampolines -Wstack-usage=8192 -Wmaybe-uninitialized -Wno-jump-misses-init -Wstrict-overflow=2 -Wno-suggest-attribute=const -Wno-suggest-attribute=noreturn -Wno-suggest-attribute=pure -Wno-suggest-attribute=format -Wdate-time -Warray-bounds=2 -Wc99-c11-compat -Wincompatible-pointer-types -Wint-conversion -Wduplicated-cond -Whsa -Wnormalized -Wnull-dereference -Wunused-const-variable -Walloca -Walloc-zero -Wduplicated-branches -Wformat-overflow=2 -Wformat-truncation=1 -Wrestrict -Wattribute-alias -Wshift-overflow=2 -Wcast-function-type -Wcast-align=strict -Wno-suggest-attribute=cold -Wno-suggest-attribute=malloc -Wattribute-alias=2 -Wmissing-profile -Wc11-c2x-compat -MD -MT src/CMakeFiles/hdf5-static.dir/H5E.c.o -MF src/CMakeFiles/hdf5-static.dir/H5E.c.o.d -o src/CMakeFiles/hdf5-static.dir/H5E.c.o -c /home/byrn/HDF_Projects/hdf5/dev/src/H5E.c
[113/4114] /usr/bin/cc -D_FILE_OFFSET_BITS=64 -D_GNU_SOURCE -D_LARGEFILE_SOURCE -D_POSIX_C_SOURCE=200809L -I/home/byrn/HDF_Projects/hdf5/dev/src -I/home/byrn/HDF_Projects/hdf5/dev/src/H5FDsubfiling -I/home/byrn/HDF_Projects/hdf5/build/ci-StdShar-GNUC/src -I/home/byrn/HDF_Projects/hdf5/build/ci-StdShar-GNUC/_deps/hdf5_zlib-build -I/home/byrn/HDF_Projects/hdf5/build/ci-StdShar-GNUC/_deps/hdf5_zlib-src -I/home/byrn/HDF_Projects/hdf5/build/ci-StdShar-GNUC/_deps/szip-build -I/home/byrn/HDF_Projects/hdf5/build/ci-StdShar-GNUC/_deps/szip-src/include -I/home/byrn/HDF_Projects/hdf5/build/ci-StdShar-GNUC/_deps/szip-src -std=c99  -fstdarg-opt -fdiagnostics-urls=never -fno-diagnostics-color -fmessage-length=0 -O2 -g -DNDEBUG -std=gnu99 -fPIC -Wall -Wcast-qual -Wconversion -Wextra -Wfloat-equal -Wformat=2 -Winit-self -Winvalid-pch -Wmissing-include-dirs -Wshadow -Wundef -Wwrite-strings -pedantic -Wno-c++-compat -Wbad-function-cast -Wcast-align -Wformat -Wimplicit-function-declaration -Wint-to-pointer-cast -Wmissing-declarations -Wmissing-prototypes -Wnested-externs -Wold-style-definition -Wpacked -Wpointer-sign -Wpointer-to-int-cast -Wredundant-decls -Wstrict-prototypes -Wswitch -Wunused-but-set-variable -Wunused-variable -Wunused-function -Wunused-parameter -finline-functions -Wno-aggregate-return -Wno-inline -Wno-missing-format-attribute -Wno-missing-noreturn -Wno-overlength-strings -Wlarger-than=2560 -Wlogical-op -Wframe-larger-than=16384 -Wpacked-bitfield-compat -Wsync-nand -Wno-unsuffixed-float-constants -Wdouble-promotion -Wtrampolines -Wstack-usage=8192 -Wmaybe-uninitialized -Wno-jump-misses-init -Wstrict-overflow=2 -Wno-suggest-attribute=const -Wno-suggest-attribute=noreturn -Wno-suggest-attribute=pure -Wno-suggest-attribute=format -Wdate-time -Warray-bounds=2 -Wc99-c11-compat -Wincompatible-pointer-types -Wint-conversion -Wduplicated-cond -Whsa -Wnormalized -Wnull-dereference -Wunused-const-variable -Walloca -Walloc-zero -Wduplicated-branches -Wformat-overflow=2 -Wformat-truncation=1 -Wrestrict -Wattribute-alias -Wshift-overflow=2 -Wcast-function-type -Wcast-align=strict -Wno-suggest-attribute=cold -Wno-suggest-attribute=malloc -Wattribute-alias=2 -Wmissing-profile -Wc11-c2x-compat -MD -MT src/CMakeFiles/hdf5-static.dir/H5Faccum.c.o -MF src/CMakeFiles/hdf5-static.dir/H5Faccum.c.o.d -o src/CMakeFiles/hdf5-static.dir/H5Faccum.c.o -c /home/byrn/HDF_Projects/hdf5/dev/src/H5Faccum.c
[114/4114] /usr/bin/cc -D_FILE_OFFSET_BITS=64 -D_GNU_SOURCE -D_LARGEFILE_SOURCE -D_POSIX_C_SOURCE=200809L -I/home/byrn/HDF_Projects/hdf5/dev/src -I/home/byrn/HDF_Projects/hdf5/dev/src/H5FDsubfiling -I/home/byrn/HDF_Projects/hdf5/build/ci-StdShar-GNUC/src -I/home/byrn/HDF_Projects/hdf5/build/ci-StdShar-GNUC/_deps/hdf5_zlib-build -I/home/byrn/HDF_Projects/hdf5/build/ci-StdShar-GNUC/_deps/hdf5_zlib-src -I/home/byrn/HDF_Projects/hdf5/build/ci-StdShar-GNUC/_deps/szip-build -I/home/byrn/HDF_Projects/hdf5/build/ci-StdShar-GNUC/_deps/szip-src/include -I/home/byrn/HDF_Projects/hdf5/build/ci-StdShar-GNUC/_deps/szip-src -std=c99  -fstdarg-opt -fdiagnostics-urls=never -fno-diagnostics-color -fmessage-length=0 -O2 -g -DNDEBUG -std=gnu99 -fPIC -Wall -Wcast-qual -Wconversion -Wextra -Wfloat-equal -Wformat=2 -Winit-self -Winvalid-pch -Wmissing-include-dirs -Wshadow -Wundef -Wwrite-strings -pedantic -Wno-c++-compat -Wbad-function-cast -Wcast-align -Wformat -Wimplicit-function-declaration -Wint-to-pointer-cast -Wmissing-declarations -Wmissing-prototypes -Wnested-externs -Wold-style-definition -Wpacked -Wpointer-sign -Wpointer-to-int-cast -Wredundant-decls -Wstrict-prototypes -Wswitch -Wunused-but-set-variable -Wunused-variable -Wunused-function -Wunused-parameter -finline-functions -Wno-aggregate-return -Wno-inline -Wno-missing-format-attribute -Wno-missing-noreturn -Wno-overlength-strings -Wlarger-than=2560 -Wlogical-op -Wframe-larger-than=16384 -Wpacked-bitfield-compat -Wsync-nand -Wno-unsuffixed-float-constants -Wdouble-promotion -Wtrampolines -Wstack-usage=8192 -Wmaybe-uninitialized -Wno-jump-misses-init -Wstrict-overflow=2 -Wno-suggest-attribute=const -Wno-suggest-attribute=noreturn -Wno-suggest-attribute=pure -Wno-suggest-attribute=format -Wdate-time -Warray-bounds=2 -Wc99-c11-compat -Wincompatible-pointer-types -Wint-conversion -Wduplicated-cond -Whsa -Wnormalized -Wnull-dereference -Wunused-const-variable -Walloca -Walloc-zero -Wduplicated-branches -Wformat-overflow=2 -Wformat-truncation=1 -Wrestrict -Wattribute-alias -Wshift-overflow=2 -Wcast-function-type -Wcast-align=strict -Wno-suggest-attribute=cold -Wno-suggest-attribute=malloc -Wattribute-alias=2 -Wmissing-profile -Wc11-c2x-compat -MD -MT src/CMakeFiles/hdf5-static.dir/H5Fefc.c.o -MF src/CMakeFiles/hdf5-static.dir/H5Fefc.c.o.d -o src/CMakeFiles/hdf5-static.dir/H5Fefc.c.o -c /home/byrn/HDF_Projects/hdf5/dev/src/H5Fefc.c
[115/4114] /usr/bin/cc -D_FILE_OFFSET_BITS=64 -D_GNU_SOURCE -D_LARGEFILE_SOURCE -D_POSIX_C_SOURCE=200809L -I/home/byrn/HDF_Projects/hdf5/dev/src -I/home/byrn/HDF_Projects/hdf5/dev/src/H5FDsubfiling -I/home/byrn/HDF_Projects/hdf5/build/ci-StdShar-GNUC/src -I/home/byrn/HDF_Projects/hdf5/build/ci-StdShar-GNUC/_deps/hdf5_zlib-build -I/home/byrn/HDF_Projects/hdf5/build/ci-StdShar-GNUC/_deps/hdf5_zlib-src -I/home/byrn/HDF_Projects/hdf5/build/ci-StdShar-GNUC/_deps/szip-build -I/home/byrn/HDF_Projects/hdf5/build/ci-StdShar-GNUC/_deps/szip-src/include -I/home/byrn/HDF_Projects/hdf5/build/ci-StdShar-GNUC/_deps/szip-src -std=c99  -fstdarg-opt -fdiagnostics-urls=never -fno-diagnostics-color -fmessage-length=0 -O2 -g -DNDEBUG -std=gnu99 -fPIC -Wall -Wcast-qual -Wconversion -Wextra -Wfloat-equal -Wformat=2 -Winit-self -Winvalid-pch -Wmissing-include-dirs -Wshadow -Wundef -Wwrite-strings -pedantic -Wno-c++-compat -Wbad-function-cast -Wcast-align -Wformat -Wimplicit-function-declaration -Wint-to-pointer-cast -Wmissing-declarations -Wmissing-prototypes -Wnested-externs -Wold-style-definition -Wpacked -Wpointer-sign -Wpointer-to-int-cast -Wredundant-decls -Wstrict-prototypes -Wswitch -Wunused-but-set-variable -Wunused-variable -Wunused-function -Wunused-parameter -finline-functions -Wno-aggregate-return -Wno-inline -Wno-missing-format-attribute -Wno-missing-noreturn -Wno-overlength-strings -Wlarger-than=2560 -Wlogical-op -Wframe-larger-than=16384 -Wpacked-bitfield-compat -Wsync-nand -Wno-unsuffixed-float-constants -Wdouble-promotion -Wtrampolines -Wstack-usage=8192 -Wmaybe-uninitialized -Wno-jump-misses-init -Wstrict-overflow=2 -Wno-suggest-attribute=const -Wno-suggest-attribute=noreturn -Wno-suggest-attribute=pure -Wno-suggest-attribute=format -Wdate-time -Warray-bounds=2 -Wc99-c11-compat -Wincompatible-pointer-types -Wint-conversion -Wduplicated-cond -Whsa -Wnormalized -Wnull-dereference -Wunused-const-variable -Walloca -Walloc-zero -Wduplicated-branches -Wformat-overflow=2 -Wformat-truncation=1 -Wrestrict -Wattribute-alias -Wshift-overflow=2 -Wcast-function-type -Wcast-align=strict -Wno-suggest-attribute=cold -Wno-suggest-attribute=malloc -Wattribute-alias=2 -Wmissing-profile -Wc11-c2x-compat -MD -MT src/CMakeFiles/hdf5-static.dir/H5Fio.c.o -MF src/CMakeFiles/hdf5-static.dir/H5Fio.c.o.d -o src/CMakeFiles/hdf5-static.dir/H5Fio.c.o -c /home/byrn/HDF_Projects/hdf5/dev/src/H5Fio.c
[116/4114] /usr/bin/cc -D_FILE_OFFSET_BITS=64 -D_GNU_SOURCE -D_LARGEFILE_SOURCE -D_POSIX_C_SOURCE=200809L -I/home/byrn/HDF_Projects/hdf5/dev/src -I/home/byrn/HDF_Projects/hdf5/dev/src/H5FDsubfiling -I/home/byrn/HDF_Projects/hdf5/build/ci-StdShar-GNUC/src -I/home/byrn/HDF_Projects/hdf5/build/ci-StdShar-GNUC/_deps/hdf5_zlib-build -I/home/byrn/HDF_Projects/hdf5/build/ci-StdShar-GNUC/_deps/hdf5_zlib-src -I/home/byrn/HDF_Projects/hdf5/build/ci-StdShar-GNUC/_deps/szip-build -I/home/byrn/HDF_Projects/hdf5/build/ci-StdShar-GNUC/_deps/szip-src/include -I/home/byrn/HDF_Projects/hdf5/build/ci-StdShar-GNUC/_deps/szip-src -std=c99  -fstdarg-opt -fdiagnostics-urls=never -fno-diagnostics-color -fmessage-length=0 -O2 -g -DNDEBUG -std=gnu99 -fPIC -Wall -Wcast-qual -Wconversion -Wextra -Wfloat-equal -Wformat=2 -Winit-self -Winvalid-pch -Wmissing-include-dirs -Wshadow -Wundef -Wwrite-strings -pedantic -Wno-c++-compat -Wbad-function-cast -Wcast-align -Wformat -Wimplicit-function-declaration -Wint-to-pointer-cast -Wmissing-declarations -Wmissing-prototypes -Wnested-externs -Wold-style-definition -Wpacked -Wpointer-sign -Wpointer-to-int-cast -Wredundant-decls -Wstrict-prototypes -Wswitch -Wunused-but-set-variable -Wunused-variable -Wunused-function -Wunused-parameter -finline-functions -Wno-aggregate-return -Wno-inline -Wno-missing-format-attribute -Wno-missing-noreturn -Wno-overlength-strings -Wlarger-than=2560 -Wlogical-op -Wframe-larger-than=16384 -Wpacked-bitfield-compat -Wsync-nand -Wno-unsuffixed-float-constants -Wdouble-promotion -Wtrampolines -Wstack-usage=8192 -Wmaybe-uninitialized -Wno-jump-misses-init -Wstrict-overflow=2 -Wno-suggest-attribute=const -Wno-suggest-attribute=noreturn -Wno-suggest-attribute=pure -Wno-suggest-attribute=format -Wdate-time -Warray-bounds=2 -Wc99-c11-compat -Wincompatible-pointer-types -Wint-conversion -Wduplicated-cond -Whsa -Wnormalized -Wnull-dereference -Wunused-const-variable -Walloca -Walloc-zero -Wduplicated-branches -Wformat-overflow=2 -Wformat-truncation=1 -Wrestrict -Wattribute-alias -Wshift-overflow=2 -Wcast-function-type -Wcast-align=strict -Wno-suggest-attribute=cold -Wno-suggest-attribute=malloc -Wattribute-alias=2 -Wmissing-profile -Wc11-c2x-compat -MD -MT src/CMakeFiles/hdf5-static.dir/H5Fmpi.c.o -MF src/CMakeFiles/hdf5-static.dir/H5Fmpi.c.o.d -o src/CMakeFiles/hdf5-static.dir/H5Fmpi.c.o -c /home/byrn/HDF_Projects/hdf5/dev/src/H5Fmpi.c
[117/4114] /usr/bin/cc -D_FILE_OFFSET_BITS=64 -D_GNU_SOURCE -D_LARGEFILE_SOURCE -D_POSIX_C_SOURCE=200809L -I/home/byrn/HDF_Projects/hdf5/dev/src -I/home/byrn/HDF_Projects/hdf5/dev/src/H5FDsubfiling -I/home/byrn/HDF_Projects/hdf5/build/ci-StdShar-GNUC/src -I/home/byrn/HDF_Projects/hdf5/build/ci-StdShar-GNUC/_deps/hdf5_zlib-build -I/home/byrn/HDF_Projects/hdf5/build/ci-StdShar-GNUC/_deps/hdf5_zlib-src -I/home/byrn/HDF_Projects/hdf5/build/ci-StdShar-GNUC/_deps/szip-build -I/home/byrn/HDF_Projects/hdf5/build/ci-StdShar-GNUC/_deps/szip-src/include -I/home/byrn/HDF_Projects/hdf5/build/ci-StdShar-GNUC/_deps/szip-src -std=c99  -fstdarg-opt -fdiagnostics-urls=never -fno-diagnostics-color -fmessage-length=0 -O2 -g -DNDEBUG -std=gnu99 -fPIC -Wall -Wcast-qual -Wconversion -Wextra -Wfloat-equal -Wformat=2 -Winit-self -Winvalid-pch -Wmissing-include-dirs -Wshadow -Wundef -Wwrite-strings -pedantic -Wno-c++-compat -Wbad-function-cast -Wcast-align -Wformat -Wimplicit-function-declaration -Wint-to-pointer-cast -Wmissing-declarations -Wmissing-prototypes -Wnested-externs -Wold-style-definition -Wpacked -Wpointer-sign -Wpointer-to-int-cast -Wredundant-decls -Wstrict-prototypes -Wswitch -Wunused-but-set-variable -Wunused-variable -Wunused-function -Wunused-parameter -finline-functions -Wno-aggregate-return -Wno-inline -Wno-missing-format-attribute -Wno-missing-noreturn -Wno-overlength-strings -Wlarger-than=2560 -Wlogical-op -Wframe-larger-than=16384 -Wpacked-bitfield-compat -Wsync-nand -Wno-unsuffixed-float-constants -Wdouble-promotion -Wtrampolines -Wstack-usage=8192 -Wmaybe-uninitialized -Wno-jump-misses-init -Wstrict-overflow=2 -Wno-suggest-attribute=const -Wno-suggest-attribute=noreturn -Wno-suggest-attribute=pure -Wno-suggest-attribute=format -Wdate-time -Warray-bounds=2 -Wc99-c11-compat -Wincompatible-pointer-types -Wint-conversion -Wduplicated-cond -Whsa -Wnormalized -Wnull-dereference -Wunused-const-variable -Walloca -Walloc-zero -Wduplicated-branches -Wformat-overflow=2 -Wformat-truncation=1 -Wrestrict -Wattribute-alias -Wshift-overflow=2 -Wcast-function-type -Wcast-align=strict -Wno-suggest-attribute=cold -Wno-suggest-attribute=malloc -Wattribute-alias=2 -Wmissing-profile -Wc11-c2x-compat -MD -MT src/CMakeFiles/hdf5-static.dir/H5Fsfile.c.o -MF src/CMakeFiles/hdf5-static.dir/H5Fsfile.c.o.d -o src/CMakeFiles/hdf5-static.dir/H5Fsfile.c.o -c /home/byrn/HDF_Projects/hdf5/dev/src/H5Fsfile.c
[118/4114] /usr/bin/cc -D_FILE_OFFSET_BITS=64 -D_GNU_SOURCE -D_LARGEFILE_SOURCE -D_POSIX_C_SOURCE=200809L -I/home/byrn/HDF_Projects/hdf5/dev/src -I/home/byrn/HDF_Projects/hdf5/dev/src/H5FDsubfiling -I/home/byrn/HDF_Projects/hdf5/build/ci-StdShar-GNUC/src -I/home/byrn/HDF_Projects/hdf5/build/ci-StdShar-GNUC/_deps/hdf5_zlib-build -I/home/byrn/HDF_Projects/hdf5/build/ci-StdShar-GNUC/_deps/hdf5_zlib-src -I/home/byrn/HDF_Projects/hdf5/build/ci-StdShar-GNUC/_deps/szip-build -I/home/byrn/HDF_Projects/hdf5/build/ci-StdShar-GNUC/_deps/szip-src/include -I/home/byrn/HDF_Projects/hdf5/build/ci-StdShar-GNUC/_deps/szip-src -std=c99  -fstdarg-opt -fdiagnostics-urls=never -fno-diagnostics-color -fmessage-length=0 -O2 -g -DNDEBUG -std=gnu99 -fPIC -Wall -Wcast-qual -Wconversion -Wextra -Wfloat-equal -Wformat=2 -Winit-self -Winvalid-pch -Wmissing-include-dirs -Wshadow -Wundef -Wwrite-strings -pedantic -Wno-c++-compat -Wbad-function-cast -Wcast-align -Wformat -Wimplicit-function-declaration -Wint-to-pointer-cast -Wmissing-declarations -Wmissing-prototypes -Wnested-externs -Wold-style-definition -Wpacked -Wpointer-sign -Wpointer-to-int-cast -Wredundant-decls -Wstrict-prototypes -Wswitch -Wunused-but-set-variable -Wunused-variable -Wunused-function -Wunused-parameter -finline-functions -Wno-aggregate-return -Wno-inline -Wno-missing-format-attribute -Wno-missing-noreturn -Wno-overlength-strings -Wlarger-than=2560 -Wlogical-op -Wframe-larger-than=16384 -Wpacked-bitfield-compat -Wsync-nand -Wno-unsuffixed-float-constants -Wdouble-promotion -Wtrampolines -Wstack-usage=8192 -Wmaybe-uninitialized -Wno-jump-misses-init -Wstrict-overflow=2 -Wno-suggest-attribute=const -Wno-suggest-attribute=noreturn -Wno-suggest-attribute=pure -Wno-suggest-attribute=format -Wdate-time -Warray-bounds=2 -Wc99-c11-compat -Wincompatible-pointer-types -Wint-conversion -Wduplicated-cond -Whsa -Wnormalized -Wnull-dereference -Wunused-const-variable -Walloca -Walloc-zero -Wduplicated-branches -Wformat-overflow=2 -Wformat-truncation=1 -Wrestrict -Wattribute-alias -Wshift-overflow=2 -Wcast-function-type -Wcast-align=strict -Wno-suggest-attribute=cold -Wno-suggest-attribute=malloc -Wattribute-alias=2 -Wmissing-profile -Wc11-c2x-compat -MD -MT src/CMakeFiles/hdf5-static.dir/H5Fquery.c.o -MF src/CMakeFiles/hdf5-static.dir/H5Fquery.c.o.d -o src/CMakeFiles/hdf5-static.dir/H5Fquery.c.o -c /home/byrn/HDF_Projects/hdf5/dev/src/H5Fquery.c
[119/4114] /usr/bin/cc -D_FILE_OFFSET_BITS=64 -D_GNU_SOURCE -D_LARGEFILE_SOURCE -D_POSIX_C_SOURCE=200809L -I/home/byrn/HDF_Projects/hdf5/dev/src -I/home/byrn/HDF_Projects/hdf5/dev/src/H5FDsubfiling -I/home/byrn/HDF_Projects/hdf5/build/ci-StdShar-GNUC/src -I/home/byrn/HDF_Projects/hdf5/build/ci-StdShar-GNUC/_deps/hdf5_zlib-build -I/home/byrn/HDF_Projects/hdf5/build/ci-StdShar-GNUC/_deps/hdf5_zlib-src -I/home/byrn/HDF_Projects/hdf5/build/ci-StdShar-GNUC/_deps/szip-build -I/home/byrn/HDF_Projects/hdf5/build/ci-StdShar-GNUC/_deps/szip-src/include -I/home/byrn/HDF_Projects/hdf5/build/ci-StdShar-GNUC/_deps/szip-src -std=c99  -fstdarg-opt -fdiagnostics-urls=never -fno-diagnostics-color -fmessage-length=0 -O2 -g -DNDEBUG -std=gnu99 -fPIC -Wall -Wcast-qual -Wconversion -Wextra -Wfloat-equal -Wformat=2 -Winit-self -Winvalid-pch -Wmissing-include-dirs -Wshadow -Wundef -Wwrite-strings -pedantic -Wno-c++-compat -Wbad-function-cast -Wcast-align -Wformat -Wimplicit-function-declaration -Wint-to-pointer-cast -Wmissing-declarations -Wmissing-prototypes -Wnested-externs -Wold-style-definition -Wpacked -Wpointer-sign -Wpointer-to-int-cast -Wredundant-decls -Wstrict-prototypes -Wswitch -Wunused-but-set-variable -Wunused-variable -Wunused-function -Wunused-parameter -finline-functions -Wno-aggregate-return -Wno-inline -Wno-missing-format-attribute -Wno-missing-noreturn -Wno-overlength-strings -Wlarger-than=2560 -Wlogical-op -Wframe-larger-than=16384 -Wpacked-bitfield-compat -Wsync-nand -Wno-unsuffixed-float-constants -Wdouble-promotion -Wtrampolines -Wstack-usage=8192 -Wmaybe-uninitialized -Wno-jump-misses-init -Wstrict-overflow=2 -Wno-suggest-attribute=const -Wno-suggest-attribute=noreturn -Wno-suggest-attribute=pure -Wno-suggest-attribute=format -Wdate-time -Warray-bounds=2 -Wc99-c11-compat -Wincompatible-pointer-types -Wint-conversion -Wduplicated-cond -Whsa -Wnormalized -Wnull-dereference -Wunused-const-variable -Walloca -Walloc-zero -Wduplicated-branches -Wformat-overflow=2 -Wformat-truncation=1 -Wrestrict -Wattribute-alias -Wshift-overflow=2 -Wcast-function-type -Wcast-align=strict -Wno-suggest-attribute=cold -Wno-suggest-attribute=malloc -Wattribute-alias=2 -Wmissing-profile -Wc11-c2x-compat -MD -MT src/CMakeFiles/hdf5-static.dir/H5Fspace.c.o -MF src/CMakeFiles/hdf5-static.dir/H5Fspace.c.o.d -o src/CMakeFiles/hdf5-static.dir/H5Fspace.c.o -c /home/byrn/HDF_Projects/hdf5/dev/src/H5Fspace.c
[120/4114] /usr/bin/cc -D_FILE_OFFSET_BITS=64 -D_GNU_SOURCE -D_LARGEFILE_SOURCE -D_POSIX_C_SOURCE=200809L -I/home/byrn/HDF_Projects/hdf5/dev/src -I/home/byrn/HDF_Projects/hdf5/dev/src/H5FDsubfiling -I/home/byrn/HDF_Projects/hdf5/build/ci-StdShar-GNUC/src -I/home/byrn/HDF_Projects/hdf5/build/ci-StdShar-GNUC/_deps/hdf5_zlib-build -I/home/byrn/HDF_Projects/hdf5/build/ci-StdShar-GNUC/_deps/hdf5_zlib-src -I/home/byrn/HDF_Projects/hdf5/build/ci-StdShar-GNUC/_deps/szip-build -I/home/byrn/HDF_Projects/hdf5/build/ci-StdShar-GNUC/_deps/szip-src/include -I/home/byrn/HDF_Projects/hdf5/build/ci-StdShar-GNUC/_deps/szip-src -std=c99  -fstdarg-opt -fdiagnostics-urls=never -fno-diagnostics-color -fmessage-length=0 -O2 -g -DNDEBUG -std=gnu99 -fPIC -Wall -Wcast-qual -Wconversion -Wextra -Wfloat-equal -Wformat=2 -Winit-self -Winvalid-pch -Wmissing-include-dirs -Wshadow -Wundef -Wwrite-strings -pedantic -Wno-c++-compat -Wbad-function-cast -Wcast-align -Wformat -Wimplicit-function-declaration -Wint-to-pointer-cast -Wmissing-declarations -Wmissing-prototypes -Wnested-externs -Wold-style-definition -Wpacked -Wpointer-sign -Wpointer-to-int-cast -Wredundant-decls -Wstrict-prototypes -Wswitch -Wunused-but-set-variable -Wunused-variable -Wunused-function -Wunused-parameter -finline-functions -Wno-aggregate-return -Wno-inline -Wno-missing-format-attribute -Wno-missing-noreturn -Wno-overlength-strings -Wlarger-than=2560 -Wlogical-op -Wframe-larger-than=16384 -Wpacked-bitfield-compat -Wsync-nand -Wno-unsuffixed-float-constants -Wdouble-promotion -Wtrampolines -Wstack-usage=8192 -Wmaybe-uninitialized -Wno-jump-misses-init -Wstrict-overflow=2 -Wno-suggest-attribute=const -Wno-suggest-attribute=noreturn -Wno-suggest-attribute=pure -Wno-suggest-attribute=format -Wdate-time -Warray-bounds=2 -Wc99-c11-compat -Wincompatible-pointer-types -Wint-conversion -Wduplicated-cond -Whsa -Wnormalized -Wnull-dereference -Wunused-const-variable -Walloca -Walloc-zero -Wduplicated-branches -Wformat-overflow=2 -Wformat-truncation=1 -Wrestrict -Wattribute-alias -Wshift-overflow=2 -Wcast-function-type -Wcast-align=strict -Wno-suggest-attribute=cold -Wno-suggest-attribute=malloc -Wattribute-alias=2 -Wmissing-profile -Wc11-c2x-compat -MD -MT src/CMakeFiles/hdf5-static.dir/H5Ftest.c.o -MF src/CMakeFiles/hdf5-static.dir/H5Ftest.c.o.d -o src/CMakeFiles/hdf5-static.dir/H5Ftest.c.o -c /home/byrn/HDF_Projects/hdf5/dev/src/H5Ftest.c
[121/4114] /usr/bin/cc -D_FILE_OFFSET_BITS=64 -D_GNU_SOURCE -D_LARGEFILE_SOURCE -D_POSIX_C_SOURCE=200809L -I/home/byrn/HDF_Projects/hdf5/dev/src -I/home/byrn/HDF_Projects/hdf5/dev/src/H5FDsubfiling -I/home/byrn/HDF_Projects/hdf5/build/ci-StdShar-GNUC/src -I/home/byrn/HDF_Projects/hdf5/build/ci-StdShar-GNUC/_deps/hdf5_zlib-build -I/home/byrn/HDF_Projects/hdf5/build/ci-StdShar-GNUC/_deps/hdf5_zlib-src -I/home/byrn/HDF_Projects/hdf5/build/ci-StdShar-GNUC/_deps/szip-build -I/home/byrn/HDF_Projects/hdf5/build/ci-StdShar-GNUC/_deps/szip-src/include -I/home/byrn/HDF_Projects/hdf5/build/ci-StdShar-GNUC/_deps/szip-src -std=c99  -fstdarg-opt -fdiagnostics-urls=never -fno-diagnostics-color -fmessage-length=0 -O2 -g -DNDEBUG -std=gnu99 -fPIC -Wall -Wcast-qual -Wconversion -Wextra -Wfloat-equal -Wformat=2 -Winit-self -Winvalid-pch -Wmissing-include-dirs -Wshadow -Wundef -Wwrite-strings -pedantic -Wno-c++-compat -Wbad-function-cast -Wcast-align -Wformat -Wimplicit-function-declaration -Wint-to-pointer-cast -Wmissing-declarations -Wmissing-prototypes -Wnested-externs -Wold-style-definition -Wpacked -Wpointer-sign -Wpointer-to-int-cast -Wredundant-decls -Wstrict-prototypes -Wswitch -Wunused-but-set-variable -Wunused-variable -Wunused-function -Wunused-parameter -finline-functions -Wno-aggregate-return -Wno-inline -Wno-missing-format-attribute -Wno-missing-noreturn -Wno-overlength-strings -Wlarger-than=2560 -Wlogical-op -Wframe-larger-than=16384 -Wpacked-bitfield-compat -Wsync-nand -Wno-unsuffixed-float-constants -Wdouble-promotion -Wtrampolines -Wstack-usage=8192 -Wmaybe-uninitialized -Wno-jump-misses-init -Wstrict-overflow=2 -Wno-suggest-attribute=const -Wno-suggest-attribute=noreturn -Wno-suggest-attribute=pure -Wno-suggest-attribute=format -Wdate-time -Warray-bounds=2 -Wc99-c11-compat -Wincompatible-pointer-types -Wint-conversion -Wduplicated-cond -Whsa -Wnormalized -Wnull-dereference -Wunused-const-variable -Walloca -Walloc-zero -Wduplicated-branches -Wformat-overflow=2 -Wformat-truncation=1 -Wrestrict -Wattribute-alias -Wshift-overflow=2 -Wcast-function-type -Wcast-align=strict -Wno-suggest-attribute=cold -Wno-suggest-attribute=malloc -Wattribute-alias=2 -Wmissing-profile -Wc11-c2x-compat -MD -MT src/CMakeFiles/hdf5-static.dir/H5Fmount.c.o -MF src/CMakeFiles/hdf5-static.dir/H5Fmount.c.o.d -o src/CMakeFiles/hdf5-static.dir/H5Fmount.c.o -c /home/byrn/HDF_Projects/hdf5/dev/src/H5Fmount.c
[122/4114] /usr/bin/cc -D_FILE_OFFSET_BITS=64 -D_GNU_SOURCE -D_LARGEFILE_SOURCE -D_POSIX_C_SOURCE=200809L -I/home/byrn/HDF_Projects/hdf5/dev/src -I/home/byrn/HDF_Projects/hdf5/dev/src/H5FDsubfiling -I/home/byrn/HDF_Projects/hdf5/build/ci-StdShar-GNUC/src -I/home/byrn/HDF_Projects/hdf5/build/ci-StdShar-GNUC/_deps/hdf5_zlib-build -I/home/byrn/HDF_Projects/hdf5/build/ci-StdShar-GNUC/_deps/hdf5_zlib-src -I/home/byrn/HDF_Projects/hdf5/build/ci-StdShar-GNUC/_deps/szip-build -I/home/byrn/HDF_Projects/hdf5/build/ci-StdShar-GNUC/_deps/szip-src/include -I/home/byrn/HDF_Projects/hdf5/build/ci-StdShar-GNUC/_deps/szip-src -std=c99  -fstdarg-opt -fdiagnostics-urls=never -fno-diagnostics-color -fmessage-length=0 -O2 -g -DNDEBUG -std=gnu99 -fPIC -Wall -Wcast-qual -Wconversion -Wextra -Wfloat-equal -Wformat=2 -Winit-self -Winvalid-pch -Wmissing-include-dirs -Wshadow -Wundef -Wwrite-strings -pedantic -Wno-c++-compat -Wbad-function-cast -Wcast-align -Wformat -Wimplicit-function-declaration -Wint-to-pointer-cast -Wmissing-declarations -Wmissing-prototypes -Wnested-externs -Wold-style-definition -Wpacked -Wpointer-sign -Wpointer-to-int-cast -Wredundant-decls -Wstrict-prototypes -Wswitch -Wunused-but-set-variable -Wunused-variable -Wunused-function -Wunused-parameter -finline-functions -Wno-aggregate-return -Wno-inline -Wno-missing-format-attribute -Wno-missing-noreturn -Wno-overlength-strings -Wlarger-than=2560 -Wlogical-op -Wframe-larger-than=16384 -Wpacked-bitfield-compat -Wsync-nand -Wno-unsuffixed-float-constants -Wdouble-promotion -Wtrampolines -Wstack-usage=8192 -Wmaybe-uninitialized -Wno-jump-misses-init -Wstrict-overflow=2 -Wno-suggest-attribute=const -Wno-suggest-attribute=noreturn -Wno-suggest-attribute=pure -Wno-suggest-attribute=format -Wdate-time -Warray-bounds=2 -Wc99-c11-compat -Wincompatible-pointer-types -Wint-conversion -Wduplicated-cond -Whsa -Wnormalized -Wnull-dereference -Wunused-const-variable -Walloca -Walloc-zero -Wduplicated-branches -Wformat-overflow=2 -Wformat-truncation=1 -Wrestrict -Wattribute-alias -Wshift-overflow=2 -Wcast-function-type -Wcast-align=strict -Wno-suggest-attribute=cold -Wno-suggest-attribute=malloc -Wattribute-alias=2 -Wmissing-profile -Wc11-c2x-compat -MD -MT src/CMakeFiles/hdf5-static.dir/H5Fsuper_cache.c.o -MF src/CMakeFiles/hdf5-static.dir/H5Fsuper_cache.c.o.d -o src/CMakeFiles/hdf5-static.dir/H5Fsuper_cache.c.o -c /home/byrn/HDF_Projects/hdf5/dev/src/H5Fsuper_cache.c
[123/4114] /usr/bin/cc -D_FILE_OFFSET_BITS=64 -D_GNU_SOURCE -D_LARGEFILE_SOURCE -D_POSIX_C_SOURCE=200809L -I/home/byrn/HDF_Projects/hdf5/dev/src -I/home/byrn/HDF_Projects/hdf5/dev/src/H5FDsubfiling -I/home/byrn/HDF_Projects/hdf5/build/ci-StdShar-GNUC/src -I/home/byrn/HDF_Projects/hdf5/build/ci-StdShar-GNUC/_deps/hdf5_zlib-build -I/home/byrn/HDF_Projects/hdf5/build/ci-StdShar-GNUC/_deps/hdf5_zlib-src -I/home/byrn/HDF_Projects/hdf5/build/ci-StdShar-GNUC/_deps/szip-build -I/home/byrn/HDF_Projects/hdf5/build/ci-StdShar-GNUC/_deps/szip-src/include -I/home/byrn/HDF_Projects/hdf5/build/ci-StdShar-GNUC/_deps/szip-src -std=c99  -fstdarg-opt -fdiagnostics-urls=never -fno-diagnostics-color -fmessage-length=0 -O2 -g -DNDEBUG -std=gnu99 -fPIC -Wall -Wcast-qual -Wconversion -Wextra -Wfloat-equal -Wformat=2 -Winit-self -Winvalid-pch -Wmissing-include-dirs -Wshadow -Wundef -Wwrite-strings -pedantic -Wno-c++-compat -Wbad-function-cast -Wcast-align -Wformat -Wimplicit-function-declaration -Wint-to-pointer-cast -Wmissing-declarations -Wmissing-prototypes -Wnested-externs -Wold-style-definition -Wpacked -Wpointer-sign -Wpointer-to-int-cast -Wredundant-decls -Wstrict-prototypes -Wswitch -Wunused-but-set-variable -Wunused-variable -Wunused-function -Wunused-parameter -finline-functions -Wno-aggregate-return -Wno-inline -Wno-missing-format-attribute -Wno-missing-noreturn -Wno-overlength-strings -Wlarger-than=2560 -Wlogical-op -Wframe-larger-than=16384 -Wpacked-bitfield-compat -Wsync-nand -Wno-unsuffixed-float-constants -Wdouble-promotion -Wtrampolines -Wstack-usage=8192 -Wmaybe-uninitialized -Wno-jump-misses-init -Wstrict-overflow=2 -Wno-suggest-attribute=const -Wno-suggest-attribute=noreturn -Wno-suggest-attribute=pure -Wno-suggest-attribute=format -Wdate-time -Warray-bounds=2 -Wc99-c11-compat -Wincompatible-pointer-types -Wint-conversion -Wduplicated-cond -Whsa -Wnormalized -Wnull-dereference -Wunused-const-variable -Walloca -Walloc-zero -Wduplicated-branches -Wformat-overflow=2 -Wformat-truncation=1 -Wrestrict -Wattribute-alias -Wshift-overflow=2 -Wcast-function-type -Wcast-align=strict -Wno-suggest-attribute=cold -Wno-suggest-attribute=malloc -Wattribute-alias=2 -Wmissing-profile -Wc11-c2x-compat -MD -MT src/CMakeFiles/hdf5-static.dir/H5FA.c.o -MF src/CMakeFiles/hdf5-static.dir/H5FA.c.o.d -o src/CMakeFiles/hdf5-static.dir/H5FA.c.o -c /home/byrn/HDF_Projects/hdf5/dev/src/H5FA.c
[124/4114] /usr/bin/cc -D_FILE_OFFSET_BITS=64 -D_GNU_SOURCE -D_LARGEFILE_SOURCE -D_POSIX_C_SOURCE=200809L -I/home/byrn/HDF_Projects/hdf5/dev/src -I/home/byrn/HDF_Projects/hdf5/dev/src/H5FDsubfiling -I/home/byrn/HDF_Projects/hdf5/build/ci-StdShar-GNUC/src -I/home/byrn/HDF_Projects/hdf5/build/ci-StdShar-GNUC/_deps/hdf5_zlib-build -I/home/byrn/HDF_Projects/hdf5/build/ci-StdShar-GNUC/_deps/hdf5_zlib-src -I/home/byrn/HDF_Projects/hdf5/build/ci-StdShar-GNUC/_deps/szip-build -I/home/byrn/HDF_Projects/hdf5/build/ci-StdShar-GNUC/_deps/szip-src/include -I/home/byrn/HDF_Projects/hdf5/build/ci-StdShar-GNUC/_deps/szip-src -std=c99  -fstdarg-opt -fdiagnostics-urls=never -fno-diagnostics-color -fmessage-length=0 -O2 -g -DNDEBUG -std=gnu99 -fPIC -Wall -Wcast-qual -Wconversion -Wextra -Wfloat-equal -Wformat=2 -Winit-self -Winvalid-pch -Wmissing-include-dirs -Wshadow -Wundef -Wwrite-strings -pedantic -Wno-c++-compat -Wbad-function-cast -Wcast-align -Wformat -Wimplicit-function-declaration -Wint-to-pointer-cast -Wmissing-declarations -Wmissing-prototypes -Wnested-externs -Wold-style-definition -Wpacked -Wpointer-sign -Wpointer-to-int-cast -Wredundant-decls -Wstrict-prototypes -Wswitch -Wunused-but-set-variable -Wunused-variable -Wunused-function -Wunused-parameter -finline-functions -Wno-aggregate-return -Wno-inline -Wno-missing-format-attribute -Wno-missing-noreturn -Wno-overlength-strings -Wlarger-than=2560 -Wlogical-op -Wframe-larger-than=16384 -Wpacked-bitfield-compat -Wsync-nand -Wno-unsuffixed-float-constants -Wdouble-promotion -Wtrampolines -Wstack-usage=8192 -Wmaybe-uninitialized -Wno-jump-misses-init -Wstrict-overflow=2 -Wno-suggest-attribute=const -Wno-suggest-attribute=noreturn -Wno-suggest-attribute=pure -Wno-suggest-attribute=format -Wdate-time -Warray-bounds=2 -Wc99-c11-compat -Wincompatible-pointer-types -Wint-conversion -Wduplicated-cond -Whsa -Wnormalized -Wnull-dereference -Wunused-const-variable -Walloca -Walloc-zero -Wduplicated-branches -Wformat-overflow=2 -Wformat-truncation=1 -Wrestrict -Wattribute-alias -Wshift-overflow=2 -Wcast-function-type -Wcast-align=strict -Wno-suggest-attribute=cold -Wno-suggest-attribute=malloc -Wattribute-alias=2 -Wmissing-profile -Wc11-c2x-compat -MD -MT src/CMakeFiles/hdf5-static.dir/H5FAcache.c.o -MF src/CMakeFiles/hdf5-static.dir/H5FAcache.c.o.d -o src/CMakeFiles/hdf5-static.dir/H5FAcache.c.o -c /home/byrn/HDF_Projects/hdf5/dev/src/H5FAcache.c
[125/4114] /usr/bin/cc -D_FILE_OFFSET_BITS=64 -D_GNU_SOURCE -D_LARGEFILE_SOURCE -D_POSIX_C_SOURCE=200809L -I/home/byrn/HDF_Projects/hdf5/dev/src -I/home/byrn/HDF_Projects/hdf5/dev/src/H5FDsubfiling -I/home/byrn/HDF_Projects/hdf5/build/ci-StdShar-GNUC/src -I/home/byrn/HDF_Projects/hdf5/build/ci-StdShar-GNUC/_deps/hdf5_zlib-build -I/home/byrn/HDF_Projects/hdf5/build/ci-StdShar-GNUC/_deps/hdf5_zlib-src -I/home/byrn/HDF_Projects/hdf5/build/ci-StdShar-GNUC/_deps/szip-build -I/home/byrn/HDF_Projects/hdf5/build/ci-StdShar-GNUC/_deps/szip-src/include -I/home/byrn/HDF_Projects/hdf5/build/ci-StdShar-GNUC/_deps/szip-src -std=c99  -fstdarg-opt -fdiagnostics-urls=never -fno-diagnostics-color -fmessage-length=0 -O2 -g -DNDEBUG -std=gnu99 -fPIC -Wall -Wcast-qual -Wconversion -Wextra -Wfloat-equal -Wformat=2 -Winit-self -Winvalid-pch -Wmissing-include-dirs -Wshadow -Wundef -Wwrite-strings -pedantic -Wno-c++-compat -Wbad-function-cast -Wcast-align -Wformat -Wimplicit-function-declaration -Wint-to-pointer-cast -Wmissing-declarations -Wmissing-prototypes -Wnested-externs -Wold-style-definition -Wpacked -Wpointer-sign -Wpointer-to-int-cast -Wredundant-decls -Wstrict-prototypes -Wswitch -Wunused-but-set-variable -Wunused-variable -Wunused-function -Wunused-parameter -finline-functions -Wno-aggregate-return -Wno-inline -Wno-missing-format-attribute -Wno-missing-noreturn -Wno-overlength-strings -Wlarger-than=2560 -Wlogical-op -Wframe-larger-than=16384 -Wpacked-bitfield-compat -Wsync-nand -Wno-unsuffixed-float-constants -Wdouble-promotion -Wtrampolines -Wstack-usage=8192 -Wmaybe-uninitialized -Wno-jump-misses-init -Wstrict-overflow=2 -Wno-suggest-attribute=const -Wno-suggest-attribute=noreturn -Wno-suggest-attribute=pure -Wno-suggest-attribute=format -Wdate-time -Warray-bounds=2 -Wc99-c11-compat -Wincompatible-pointer-types -Wint-conversion -Wduplicated-cond -Whsa -Wnormalized -Wnull-dereference -Wunused-const-variable -Walloca -Walloc-zero -Wduplicated-branches -Wformat-overflow=2 -Wformat-truncation=1 -Wrestrict -Wattribute-alias -Wshift-overflow=2 -Wcast-function-type -Wcast-align=strict -Wno-suggest-attribute=cold -Wno-suggest-attribute=malloc -Wattribute-alias=2 -Wmissing-profile -Wc11-c2x-compat -MD -MT src/CMakeFiles/hdf5-static.dir/H5FAdbg.c.o -MF src/CMakeFiles/hdf5-static.dir/H5FAdbg.c.o.d -o src/CMakeFiles/hdf5-static.dir/H5FAdbg.c.o -c /home/byrn/HDF_Projects/hdf5/dev/src/H5FAdbg.c
[126/4114] /usr/bin/cc -D_FILE_OFFSET_BITS=64 -D_GNU_SOURCE -D_LARGEFILE_SOURCE -D_POSIX_C_SOURCE=200809L -I/home/byrn/HDF_Projects/hdf5/dev/src -I/home/byrn/HDF_Projects/hdf5/dev/src/H5FDsubfiling -I/home/byrn/HDF_Projects/hdf5/build/ci-StdShar-GNUC/src -I/home/byrn/HDF_Projects/hdf5/build/ci-StdShar-GNUC/_deps/hdf5_zlib-build -I/home/byrn/HDF_Projects/hdf5/build/ci-StdShar-GNUC/_deps/hdf5_zlib-src -I/home/byrn/HDF_Projects/hdf5/build/ci-StdShar-GNUC/_deps/szip-build -I/home/byrn/HDF_Projects/hdf5/build/ci-StdShar-GNUC/_deps/szip-src/include -I/home/byrn/HDF_Projects/hdf5/build/ci-StdShar-GNUC/_deps/szip-src -std=c99  -fstdarg-opt -fdiagnostics-urls=never -fno-diagnostics-color -fmessage-length=0 -O2 -g -DNDEBUG -std=gnu99 -fPIC -Wall -Wcast-qual -Wconversion -Wextra -Wfloat-equal -Wformat=2 -Winit-self -Winvalid-pch -Wmissing-include-dirs -Wshadow -Wundef -Wwrite-strings -pedantic -Wno-c++-compat -Wbad-function-cast -Wcast-align -Wformat -Wimplicit-function-declaration -Wint-to-pointer-cast -Wmissing-declarations -Wmissing-prototypes -Wnested-externs -Wold-style-definition -Wpacked -Wpointer-sign -Wpointer-to-int-cast -Wredundant-decls -Wstrict-prototypes -Wswitch -Wunused-but-set-variable -Wunused-variable -Wunused-function -Wunused-parameter -finline-functions -Wno-aggregate-return -Wno-inline -Wno-missing-format-attribute -Wno-missing-noreturn -Wno-overlength-strings -Wlarger-than=2560 -Wlogical-op -Wframe-larger-than=16384 -Wpacked-bitfield-compat -Wsync-nand -Wno-unsuffixed-float-constants -Wdouble-promotion -Wtrampolines -Wstack-usage=8192 -Wmaybe-uninitialized -Wno-jump-misses-init -Wstrict-overflow=2 -Wno-suggest-attribute=const -Wno-suggest-attribute=noreturn -Wno-suggest-attribute=pure -Wno-suggest-attribute=format -Wdate-time -Warray-bounds=2 -Wc99-c11-compat -Wincompatible-pointer-types -Wint-conversion -Wduplicated-cond -Whsa -Wnormalized -Wnull-dereference -Wunused-const-variable -Walloca -Walloc-zero -Wduplicated-branches -Wformat-overflow=2 -Wformat-truncation=1 -Wrestrict -Wattribute-alias -Wshift-overflow=2 -Wcast-function-type -Wcast-align=strict -Wno-suggest-attribute=cold -Wno-suggest-attribute=malloc -Wattribute-alias=2 -Wmissing-profile -Wc11-c2x-compat -MD -MT src/CMakeFiles/hdf5-static.dir/H5FAdblkpage.c.o -MF src/CMakeFiles/hdf5-static.dir/H5FAdblkpage.c.o.d -o src/CMakeFiles/hdf5-static.dir/H5FAdblkpage.c.o -c /home/byrn/HDF_Projects/hdf5/dev/src/H5FAdblkpage.c
[127/4114] /usr/bin/cc -D_FILE_OFFSET_BITS=64 -D_GNU_SOURCE -D_LARGEFILE_SOURCE -D_POSIX_C_SOURCE=200809L -I/home/byrn/HDF_Projects/hdf5/dev/src -I/home/byrn/HDF_Projects/hdf5/dev/src/H5FDsubfiling -I/home/byrn/HDF_Projects/hdf5/build/ci-StdShar-GNUC/src -I/home/byrn/HDF_Projects/hdf5/build/ci-StdShar-GNUC/_deps/hdf5_zlib-build -I/home/byrn/HDF_Projects/hdf5/build/ci-StdShar-GNUC/_deps/hdf5_zlib-src -I/home/byrn/HDF_Projects/hdf5/build/ci-StdShar-GNUC/_deps/szip-build -I/home/byrn/HDF_Projects/hdf5/build/ci-StdShar-GNUC/_deps/szip-src/include -I/home/byrn/HDF_Projects/hdf5/build/ci-StdShar-GNUC/_deps/szip-src -std=c99  -fstdarg-opt -fdiagnostics-urls=never -fno-diagnostics-color -fmessage-length=0 -O2 -g -DNDEBUG -std=gnu99 -fPIC -Wall -Wcast-qual -Wconversion -Wextra -Wfloat-equal -Wformat=2 -Winit-self -Winvalid-pch -Wmissing-include-dirs -Wshadow -Wundef -Wwrite-strings -pedantic -Wno-c++-compat -Wbad-function-cast -Wcast-align -Wformat -Wimplicit-function-declaration -Wint-to-pointer-cast -Wmissing-declarations -Wmissing-prototypes -Wnested-externs -Wold-style-definition -Wpacked -Wpointer-sign -Wpointer-to-int-cast -Wredundant-decls -Wstrict-prototypes -Wswitch -Wunused-but-set-variable -Wunused-variable -Wunused-function -Wunused-parameter -finline-functions -Wno-aggregate-return -Wno-inline -Wno-missing-format-attribute -Wno-missing-noreturn -Wno-overlength-strings -Wlarger-than=2560 -Wlogical-op -Wframe-larger-than=16384 -Wpacked-bitfield-compat -Wsync-nand -Wno-unsuffixed-float-constants -Wdouble-promotion -Wtrampolines -Wstack-usage=8192 -Wmaybe-uninitialized -Wno-jump-misses-init -Wstrict-overflow=2 -Wno-suggest-attribute=const -Wno-suggest-attribute=noreturn -Wno-suggest-attribute=pure -Wno-suggest-attribute=format -Wdate-time -Warray-bounds=2 -Wc99-c11-compat -Wincompatible-pointer-types -Wint-conversion -Wduplicated-cond -Whsa -Wnormalized -Wnull-dereference -Wunused-const-variable -Walloca -Walloc-zero -Wduplicated-branches -Wformat-overflow=2 -Wformat-truncation=1 -Wrestrict -Wattribute-alias -Wshift-overflow=2 -Wcast-function-type -Wcast-align=strict -Wno-suggest-attribute=cold -Wno-suggest-attribute=malloc -Wattribute-alias=2 -Wmissing-profile -Wc11-c2x-compat -MD -MT src/CMakeFiles/hdf5-static.dir/H5FAdblock.c.o -MF src/CMakeFiles/hdf5-static.dir/H5FAdblock.c.o.d -o src/CMakeFiles/hdf5-static.dir/H5FAdblock.c.o -c /home/byrn/HDF_Projects/hdf5/dev/src/H5FAdblock.c
[128/4114] /usr/bin/cc -D_FILE_OFFSET_BITS=64 -D_GNU_SOURCE -D_LARGEFILE_SOURCE -D_POSIX_C_SOURCE=200809L -I/home/byrn/HDF_Projects/hdf5/dev/src -I/home/byrn/HDF_Projects/hdf5/dev/src/H5FDsubfiling -I/home/byrn/HDF_Projects/hdf5/build/ci-StdShar-GNUC/src -I/home/byrn/HDF_Projects/hdf5/build/ci-StdShar-GNUC/_deps/hdf5_zlib-build -I/home/byrn/HDF_Projects/hdf5/build/ci-StdShar-GNUC/_deps/hdf5_zlib-src -I/home/byrn/HDF_Projects/hdf5/build/ci-StdShar-GNUC/_deps/szip-build -I/home/byrn/HDF_Projects/hdf5/build/ci-StdShar-GNUC/_deps/szip-src/include -I/home/byrn/HDF_Projects/hdf5/build/ci-StdShar-GNUC/_deps/szip-src -std=c99  -fstdarg-opt -fdiagnostics-urls=never -fno-diagnostics-color -fmessage-length=0 -O2 -g -DNDEBUG -std=gnu99 -fPIC -Wall -Wcast-qual -Wconversion -Wextra -Wfloat-equal -Wformat=2 -Winit-self -Winvalid-pch -Wmissing-include-dirs -Wshadow -Wundef -Wwrite-strings -pedantic -Wno-c++-compat -Wbad-function-cast -Wcast-align -Wformat -Wimplicit-function-declaration -Wint-to-pointer-cast -Wmissing-declarations -Wmissing-prototypes -Wnested-externs -Wold-style-definition -Wpacked -Wpointer-sign -Wpointer-to-int-cast -Wredundant-decls -Wstrict-prototypes -Wswitch -Wunused-but-set-variable -Wunused-variable -Wunused-function -Wunused-parameter -finline-functions -Wno-aggregate-return -Wno-inline -Wno-missing-format-attribute -Wno-missing-noreturn -Wno-overlength-strings -Wlarger-than=2560 -Wlogical-op -Wframe-larger-than=16384 -Wpacked-bitfield-compat -Wsync-nand -Wno-unsuffixed-float-constants -Wdouble-promotion -Wtrampolines -Wstack-usage=8192 -Wmaybe-uninitialized -Wno-jump-misses-init -Wstrict-overflow=2 -Wno-suggest-attribute=const -Wno-suggest-attribute=noreturn -Wno-suggest-attribute=pure -Wno-suggest-attribute=format -Wdate-time -Warray-bounds=2 -Wc99-c11-compat -Wincompatible-pointer-types -Wint-conversion -Wduplicated-cond -Whsa -Wnormalized -Wnull-dereference -Wunused-const-variable -Walloca -Walloc-zero -Wduplicated-branches -Wformat-overflow=2 -Wformat-truncation=1 -Wrestrict -Wattribute-alias -Wshift-overflow=2 -Wcast-function-type -Wcast-align=strict -Wno-suggest-attribute=cold -Wno-suggest-attribute=malloc -Wattribute-alias=2 -Wmissing-profile -Wc11-c2x-compat -MD -MT src/CMakeFiles/hdf5-static.dir/H5Fsuper.c.o -MF src/CMakeFiles/hdf5-static.dir/H5Fsuper.c.o.d -o src/CMakeFiles/hdf5-static.dir/H5Fsuper.c.o -c /home/byrn/HDF_Projects/hdf5/dev/src/H5Fsuper.c
[129/4114] /usr/bin/cc -D_FILE_OFFSET_BITS=64 -D_GNU_SOURCE -D_LARGEFILE_SOURCE -D_POSIX_C_SOURCE=200809L -I/home/byrn/HDF_Projects/hdf5/dev/src -I/home/byrn/HDF_Projects/hdf5/dev/src/H5FDsubfiling -I/home/byrn/HDF_Projects/hdf5/build/ci-StdShar-GNUC/src -I/home/byrn/HDF_Projects/hdf5/build/ci-StdShar-GNUC/_deps/hdf5_zlib-build -I/home/byrn/HDF_Projects/hdf5/build/ci-StdShar-GNUC/_deps/hdf5_zlib-src -I/home/byrn/HDF_Projects/hdf5/build/ci-StdShar-GNUC/_deps/szip-build -I/home/byrn/HDF_Projects/hdf5/build/ci-StdShar-GNUC/_deps/szip-src/include -I/home/byrn/HDF_Projects/hdf5/build/ci-StdShar-GNUC/_deps/szip-src -std=c99  -fstdarg-opt -fdiagnostics-urls=never -fno-diagnostics-color -fmessage-length=0 -O2 -g -DNDEBUG -std=gnu99 -fPIC -Wall -Wcast-qual -Wconversion -Wextra -Wfloat-equal -Wformat=2 -Winit-self -Winvalid-pch -Wmissing-include-dirs -Wshadow -Wundef -Wwrite-strings -pedantic -Wno-c++-compat -Wbad-function-cast -Wcast-align -Wformat -Wimplicit-function-declaration -Wint-to-pointer-cast -Wmissing-declarations -Wmissing-prototypes -Wnested-externs -Wold-style-definition -Wpacked -Wpointer-sign -Wpointer-to-int-cast -Wredundant-decls -Wstrict-prototypes -Wswitch -Wunused-but-set-variable -Wunused-variable -Wunused-function -Wunused-parameter -finline-functions -Wno-aggregate-return -Wno-inline -Wno-missing-format-attribute -Wno-missing-noreturn -Wno-overlength-strings -Wlarger-than=2560 -Wlogical-op -Wframe-larger-than=16384 -Wpacked-bitfield-compat -Wsync-nand -Wno-unsuffixed-float-constants -Wdouble-promotion -Wtrampolines -Wstack-usage=8192 -Wmaybe-uninitialized -Wno-jump-misses-init -Wstrict-overflow=2 -Wno-suggest-attribute=const -Wno-suggest-attribute=noreturn -Wno-suggest-attribute=pure -Wno-suggest-attribute=format -Wdate-time -Warray-bounds=2 -Wc99-c11-compat -Wincompatible-pointer-types -Wint-conversion -Wduplicated-cond -Whsa -Wnormalized -Wnull-dereference -Wunused-const-variable -Walloca -Walloc-zero -Wduplicated-branches -Wformat-overflow=2 -Wformat-truncation=1 -Wrestrict -Wattribute-alias -Wshift-overflow=2 -Wcast-function-type -Wcast-align=strict -Wno-suggest-attribute=cold -Wno-suggest-attribute=malloc -Wattribute-alias=2 -Wmissing-profile -Wc11-c2x-compat -MD -MT src/CMakeFiles/hdf5-static.dir/H5FAint.c.o -MF src/CMakeFiles/hdf5-static.dir/H5FAint.c.o.d -o src/CMakeFiles/hdf5-static.dir/H5FAint.c.o -c /home/byrn/HDF_Projects/hdf5/dev/src/H5FAint.c
[130/4114] /usr/bin/cc -D_FILE_OFFSET_BITS=64 -D_GNU_SOURCE -D_LARGEFILE_SOURCE -D_POSIX_C_SOURCE=200809L -I/home/byrn/HDF_Projects/hdf5/dev/src -I/home/byrn/HDF_Projects/hdf5/dev/src/H5FDsubfiling -I/home/byrn/HDF_Projects/hdf5/build/ci-StdShar-GNUC/src -I/home/byrn/HDF_Projects/hdf5/build/ci-StdShar-GNUC/_deps/hdf5_zlib-build -I/home/byrn/HDF_Projects/hdf5/build/ci-StdShar-GNUC/_deps/hdf5_zlib-src -I/home/byrn/HDF_Projects/hdf5/build/ci-StdShar-GNUC/_deps/szip-build -I/home/byrn/HDF_Projects/hdf5/build/ci-StdShar-GNUC/_deps/szip-src/include -I/home/byrn/HDF_Projects/hdf5/build/ci-StdShar-GNUC/_deps/szip-src -std=c99  -fstdarg-opt -fdiagnostics-urls=never -fno-diagnostics-color -fmessage-length=0 -O2 -g -DNDEBUG -std=gnu99 -fPIC -Wall -Wcast-qual -Wconversion -Wextra -Wfloat-equal -Wformat=2 -Winit-self -Winvalid-pch -Wmissing-include-dirs -Wshadow -Wundef -Wwrite-strings -pedantic -Wno-c++-compat -Wbad-function-cast -Wcast-align -Wformat -Wimplicit-function-declaration -Wint-to-pointer-cast -Wmissing-declarations -Wmissing-prototypes -Wnested-externs -Wold-style-definition -Wpacked -Wpointer-sign -Wpointer-to-int-cast -Wredundant-decls -Wstrict-prototypes -Wswitch -Wunused-but-set-variable -Wunused-variable -Wunused-function -Wunused-parameter -finline-functions -Wno-aggregate-return -Wno-inline -Wno-missing-format-attribute -Wno-missing-noreturn -Wno-overlength-strings -Wlarger-than=2560 -Wlogical-op -Wframe-larger-than=16384 -Wpacked-bitfield-compat -Wsync-nand -Wno-unsuffixed-float-constants -Wdouble-promotion -Wtrampolines -Wstack-usage=8192 -Wmaybe-uninitialized -Wno-jump-misses-init -Wstrict-overflow=2 -Wno-suggest-attribute=const -Wno-suggest-attribute=noreturn -Wno-suggest-attribute=pure -Wno-suggest-attribute=format -Wdate-time -Warray-bounds=2 -Wc99-c11-compat -Wincompatible-pointer-types -Wint-conversion -Wduplicated-cond -Whsa -Wnormalized -Wnull-dereference -Wunused-const-variable -Walloca -Walloc-zero -Wduplicated-branches -Wformat-overflow=2 -Wformat-truncation=1 -Wrestrict -Wattribute-alias -Wshift-overflow=2 -Wcast-function-type -Wcast-align=strict -Wno-suggest-attribute=cold -Wno-suggest-attribute=malloc -Wattribute-alias=2 -Wmissing-profile -Wc11-c2x-compat -MD -MT src/CMakeFiles/hdf5-static.dir/H5FAstat.c.o -MF src/CMakeFiles/hdf5-static.dir/H5FAstat.c.o.d -o src/CMakeFiles/hdf5-static.dir/H5FAstat.c.o -c /home/byrn/HDF_Projects/hdf5/dev/src/H5FAstat.c
[131/4114] /usr/bin/cc -D_FILE_OFFSET_BITS=64 -D_GNU_SOURCE -D_LARGEFILE_SOURCE -D_POSIX_C_SOURCE=200809L -I/home/byrn/HDF_Projects/hdf5/dev/src -I/home/byrn/HDF_Projects/hdf5/dev/src/H5FDsubfiling -I/home/byrn/HDF_Projects/hdf5/build/ci-StdShar-GNUC/src -I/home/byrn/HDF_Projects/hdf5/build/ci-StdShar-GNUC/_deps/hdf5_zlib-build -I/home/byrn/HDF_Projects/hdf5/build/ci-StdShar-GNUC/_deps/hdf5_zlib-src -I/home/byrn/HDF_Projects/hdf5/build/ci-StdShar-GNUC/_deps/szip-build -I/home/byrn/HDF_Projects/hdf5/build/ci-StdShar-GNUC/_deps/szip-src/include -I/home/byrn/HDF_Projects/hdf5/build/ci-StdShar-GNUC/_deps/szip-src -std=c99  -fstdarg-opt -fdiagnostics-urls=never -fno-diagnostics-color -fmessage-length=0 -O2 -g -DNDEBUG -std=gnu99 -fPIC -Wall -Wcast-qual -Wconversion -Wextra -Wfloat-equal -Wformat=2 -Winit-self -Winvalid-pch -Wmissing-include-dirs -Wshadow -Wundef -Wwrite-strings -pedantic -Wno-c++-compat -Wbad-function-cast -Wcast-align -Wformat -Wimplicit-function-declaration -Wint-to-pointer-cast -Wmissing-declarations -Wmissing-prototypes -Wnested-externs -Wold-style-definition -Wpacked -Wpointer-sign -Wpointer-to-int-cast -Wredundant-decls -Wstrict-prototypes -Wswitch -Wunused-but-set-variable -Wunused-variable -Wunused-function -Wunused-parameter -finline-functions -Wno-aggregate-return -Wno-inline -Wno-missing-format-attribute -Wno-missing-noreturn -Wno-overlength-strings -Wlarger-than=2560 -Wlogical-op -Wframe-larger-than=16384 -Wpacked-bitfield-compat -Wsync-nand -Wno-unsuffixed-float-constants -Wdouble-promotion -Wtrampolines -Wstack-usage=8192 -Wmaybe-uninitialized -Wno-jump-misses-init -Wstrict-overflow=2 -Wno-suggest-attribute=const -Wno-suggest-attribute=noreturn -Wno-suggest-attribute=pure -Wno-suggest-attribute=format -Wdate-time -Warray-bounds=2 -Wc99-c11-compat -Wincompatible-pointer-types -Wint-conversion -Wduplicated-cond -Whsa -Wnormalized -Wnull-dereference -Wunused-const-variable -Walloca -Walloc-zero -Wduplicated-branches -Wformat-overflow=2 -Wformat-truncation=1 -Wrestrict -Wattribute-alias -Wshift-overflow=2 -Wcast-function-type -Wcast-align=strict -Wno-suggest-attribute=cold -Wno-suggest-attribute=malloc -Wattribute-alias=2 -Wmissing-profile -Wc11-c2x-compat -MD -MT src/CMakeFiles/hdf5-static.dir/H5FDdirect.c.o -MF src/CMakeFiles/hdf5-static.dir/H5FDdirect.c.o.d -o src/CMakeFiles/hdf5-static.dir/H5FDdirect.c.o -c /home/byrn/HDF_Projects/hdf5/dev/src/H5FDdirect.c
[132/4114] /usr/bin/cc -D_FILE_OFFSET_BITS=64 -D_GNU_SOURCE -D_LARGEFILE_SOURCE -D_POSIX_C_SOURCE=200809L -I/home/byrn/HDF_Projects/hdf5/dev/src -I/home/byrn/HDF_Projects/hdf5/dev/src/H5FDsubfiling -I/home/byrn/HDF_Projects/hdf5/build/ci-StdShar-GNUC/src -I/home/byrn/HDF_Projects/hdf5/build/ci-StdShar-GNUC/_deps/hdf5_zlib-build -I/home/byrn/HDF_Projects/hdf5/build/ci-StdShar-GNUC/_deps/hdf5_zlib-src -I/home/byrn/HDF_Projects/hdf5/build/ci-StdShar-GNUC/_deps/szip-build -I/home/byrn/HDF_Projects/hdf5/build/ci-StdShar-GNUC/_deps/szip-src/include -I/home/byrn/HDF_Projects/hdf5/build/ci-StdShar-GNUC/_deps/szip-src -std=c99  -fstdarg-opt -fdiagnostics-urls=never -fno-diagnostics-color -fmessage-length=0 -O2 -g -DNDEBUG -std=gnu99 -fPIC -Wall -Wcast-qual -Wconversion -Wextra -Wfloat-equal -Wformat=2 -Winit-self -Winvalid-pch -Wmissing-include-dirs -Wshadow -Wundef -Wwrite-strings -pedantic -Wno-c++-compat -Wbad-function-cast -Wcast-align -Wformat -Wimplicit-function-declaration -Wint-to-pointer-cast -Wmissing-declarations -Wmissing-prototypes -Wnested-externs -Wold-style-definition -Wpacked -Wpointer-sign -Wpointer-to-int-cast -Wredundant-decls -Wstrict-prototypes -Wswitch -Wunused-but-set-variable -Wunused-variable -Wunused-function -Wunused-parameter -finline-functions -Wno-aggregate-return -Wno-inline -Wno-missing-format-attribute -Wno-missing-noreturn -Wno-overlength-strings -Wlarger-than=2560 -Wlogical-op -Wframe-larger-than=16384 -Wpacked-bitfield-compat -Wsync-nand -Wno-unsuffixed-float-constants -Wdouble-promotion -Wtrampolines -Wstack-usage=8192 -Wmaybe-uninitialized -Wno-jump-misses-init -Wstrict-overflow=2 -Wno-suggest-attribute=const -Wno-suggest-attribute=noreturn -Wno-suggest-attribute=pure -Wno-suggest-attribute=format -Wdate-time -Warray-bounds=2 -Wc99-c11-compat -Wincompatible-pointer-types -Wint-conversion -Wduplicated-cond -Whsa -Wnormalized -Wnull-dereference -Wunused-const-variable -Walloca -Walloc-zero -Wduplicated-branches -Wformat-overflow=2 -Wformat-truncation=1 -Wrestrict -Wattribute-alias -Wshift-overflow=2 -Wcast-function-type -Wcast-align=strict -Wno-suggest-attribute=cold -Wno-suggest-attribute=malloc -Wattribute-alias=2 -Wmissing-profile -Wc11-c2x-compat -MD -MT src/CMakeFiles/hdf5-static.dir/H5FAhdr.c.o -MF src/CMakeFiles/hdf5-static.dir/H5FAhdr.c.o.d -o src/CMakeFiles/hdf5-static.dir/H5FAhdr.c.o -c /home/byrn/HDF_Projects/hdf5/dev/src/H5FAhdr.c
[133/4114] /usr/bin/cc -D_FILE_OFFSET_BITS=64 -D_GNU_SOURCE -D_LARGEFILE_SOURCE -D_POSIX_C_SOURCE=200809L -I/home/byrn/HDF_Projects/hdf5/dev/src -I/home/byrn/HDF_Projects/hdf5/dev/src/H5FDsubfiling -I/home/byrn/HDF_Projects/hdf5/build/ci-StdShar-GNUC/src -I/home/byrn/HDF_Projects/hdf5/build/ci-StdShar-GNUC/_deps/hdf5_zlib-build -I/home/byrn/HDF_Projects/hdf5/build/ci-StdShar-GNUC/_deps/hdf5_zlib-src -I/home/byrn/HDF_Projects/hdf5/build/ci-StdShar-GNUC/_deps/szip-build -I/home/byrn/HDF_Projects/hdf5/build/ci-StdShar-GNUC/_deps/szip-src/include -I/home/byrn/HDF_Projects/hdf5/build/ci-StdShar-GNUC/_deps/szip-src -std=c99  -fstdarg-opt -fdiagnostics-urls=never -fno-diagnostics-color -fmessage-length=0 -O2 -g -DNDEBUG -std=gnu99 -fPIC -Wall -Wcast-qual -Wconversion -Wextra -Wfloat-equal -Wformat=2 -Winit-self -Winvalid-pch -Wmissing-include-dirs -Wshadow -Wundef -Wwrite-strings -pedantic -Wno-c++-compat -Wbad-function-cast -Wcast-align -Wformat -Wimplicit-function-declaration -Wint-to-pointer-cast -Wmissing-declarations -Wmissing-prototypes -Wnested-externs -Wold-style-definition -Wpacked -Wpointer-sign -Wpointer-to-int-cast -Wredundant-decls -Wstrict-prototypes -Wswitch -Wunused-but-set-variable -Wunused-variable -Wunused-function -Wunused-parameter -finline-functions -Wno-aggregate-return -Wno-inline -Wno-missing-format-attribute -Wno-missing-noreturn -Wno-overlength-strings -Wlarger-than=2560 -Wlogical-op -Wframe-larger-than=16384 -Wpacked-bitfield-compat -Wsync-nand -Wno-unsuffixed-float-constants -Wdouble-promotion -Wtrampolines -Wstack-usage=8192 -Wmaybe-uninitialized -Wno-jump-misses-init -Wstrict-overflow=2 -Wno-suggest-attribute=const -Wno-suggest-attribute=noreturn -Wno-suggest-attribute=pure -Wno-suggest-attribute=format -Wdate-time -Warray-bounds=2 -Wc99-c11-compat -Wincompatible-pointer-types -Wint-conversion -Wduplicated-cond -Whsa -Wnormalized -Wnull-dereference -Wunused-const-variable -Walloca -Walloc-zero -Wduplicated-branches -Wformat-overflow=2 -Wformat-truncation=1 -Wrestrict -Wattribute-alias -Wshift-overflow=2 -Wcast-function-type -Wcast-align=strict -Wno-suggest-attribute=cold -Wno-suggest-attribute=malloc -Wattribute-alias=2 -Wmissing-profile -Wc11-c2x-compat -MD -MT src/CMakeFiles/hdf5-static.dir/H5FAtest.c.o -MF src/CMakeFiles/hdf5-static.dir/H5FAtest.c.o.d -o src/CMakeFiles/hdf5-static.dir/H5FAtest.c.o -c /home/byrn/HDF_Projects/hdf5/dev/src/H5FAtest.c
[134/4114] /usr/bin/cc -D_FILE_OFFSET_BITS=64 -D_GNU_SOURCE -D_LARGEFILE_SOURCE -D_POSIX_C_SOURCE=200809L -I/home/byrn/HDF_Projects/hdf5/dev/src -I/home/byrn/HDF_Projects/hdf5/dev/src/H5FDsubfiling -I/home/byrn/HDF_Projects/hdf5/build/ci-StdShar-GNUC/src -I/home/byrn/HDF_Projects/hdf5/build/ci-StdShar-GNUC/_deps/hdf5_zlib-build -I/home/byrn/HDF_Projects/hdf5/build/ci-StdShar-GNUC/_deps/hdf5_zlib-src -I/home/byrn/HDF_Projects/hdf5/build/ci-StdShar-GNUC/_deps/szip-build -I/home/byrn/HDF_Projects/hdf5/build/ci-StdShar-GNUC/_deps/szip-src/include -I/home/byrn/HDF_Projects/hdf5/build/ci-StdShar-GNUC/_deps/szip-src -std=c99  -fstdarg-opt -fdiagnostics-urls=never -fno-diagnostics-color -fmessage-length=0 -O2 -g -DNDEBUG -std=gnu99 -fPIC -Wall -Wcast-qual -Wconversion -Wextra -Wfloat-equal -Wformat=2 -Winit-self -Winvalid-pch -Wmissing-include-dirs -Wshadow -Wundef -Wwrite-strings -pedantic -Wno-c++-compat -Wbad-function-cast -Wcast-align -Wformat -Wimplicit-function-declaration -Wint-to-pointer-cast -Wmissing-declarations -Wmissing-prototypes -Wnested-externs -Wold-style-definition -Wpacked -Wpointer-sign -Wpointer-to-int-cast -Wredundant-decls -Wstrict-prototypes -Wswitch -Wunused-but-set-variable -Wunused-variable -Wunused-function -Wunused-parameter -finline-functions -Wno-aggregate-return -Wno-inline -Wno-missing-format-attribute -Wno-missing-noreturn -Wno-overlength-strings -Wlarger-than=2560 -Wlogical-op -Wframe-larger-than=16384 -Wpacked-bitfield-compat -Wsync-nand -Wno-unsuffixed-float-constants -Wdouble-promotion -Wtrampolines -Wstack-usage=8192 -Wmaybe-uninitialized -Wno-jump-misses-init -Wstrict-overflow=2 -Wno-suggest-attribute=const -Wno-suggest-attribute=noreturn -Wno-suggest-attribute=pure -Wno-suggest-attribute=format -Wdate-time -Warray-bounds=2 -Wc99-c11-compat -Wincompatible-pointer-types -Wint-conversion -Wduplicated-cond -Whsa -Wnormalized -Wnull-dereference -Wunused-const-variable -Walloca -Walloc-zero -Wduplicated-branches -Wformat-overflow=2 -Wformat-truncation=1 -Wrestrict -Wattribute-alias -Wshift-overflow=2 -Wcast-function-type -Wcast-align=strict -Wno-suggest-attribute=cold -Wno-suggest-attribute=malloc -Wattribute-alias=2 -Wmissing-profile -Wc11-c2x-compat -MD -MT src/CMakeFiles/hdf5-static.dir/H5F.c.o -MF src/CMakeFiles/hdf5-static.dir/H5F.c.o.d -o src/CMakeFiles/hdf5-static.dir/H5F.c.o -c /home/byrn/HDF_Projects/hdf5/dev/src/H5F.c
[135/4114] /usr/bin/cc -D_FILE_OFFSET_BITS=64 -D_GNU_SOURCE -D_LARGEFILE_SOURCE -D_POSIX_C_SOURCE=200809L -I/home/byrn/HDF_Projects/hdf5/dev/src -I/home/byrn/HDF_Projects/hdf5/dev/src/H5FDsubfiling -I/home/byrn/HDF_Projects/hdf5/build/ci-StdShar-GNUC/src -I/home/byrn/HDF_Projects/hdf5/build/ci-StdShar-GNUC/_deps/hdf5_zlib-build -I/home/byrn/HDF_Projects/hdf5/build/ci-StdShar-GNUC/_deps/hdf5_zlib-src -I/home/byrn/HDF_Projects/hdf5/build/ci-StdShar-GNUC/_deps/szip-build -I/home/byrn/HDF_Projects/hdf5/build/ci-StdShar-GNUC/_deps/szip-src/include -I/home/byrn/HDF_Projects/hdf5/build/ci-StdShar-GNUC/_deps/szip-src -std=c99  -fstdarg-opt -fdiagnostics-urls=never -fno-diagnostics-color -fmessage-length=0 -O2 -g -DNDEBUG -std=gnu99 -fPIC -Wall -Wcast-qual -Wconversion -Wextra -Wfloat-equal -Wformat=2 -Winit-self -Winvalid-pch -Wmissing-include-dirs -Wshadow -Wundef -Wwrite-strings -pedantic -Wno-c++-compat -Wbad-function-cast -Wcast-align -Wformat -Wimplicit-function-declaration -Wint-to-pointer-cast -Wmissing-declarations -Wmissing-prototypes -Wnested-externs -Wold-style-definition -Wpacked -Wpointer-sign -Wpointer-to-int-cast -Wredundant-decls -Wstrict-prototypes -Wswitch -Wunused-but-set-variable -Wunused-variable -Wunused-function -Wunused-parameter -finline-functions -Wno-aggregate-return -Wno-inline -Wno-missing-format-attribute -Wno-missing-noreturn -Wno-overlength-strings -Wlarger-than=2560 -Wlogical-op -Wframe-larger-than=16384 -Wpacked-bitfield-compat -Wsync-nand -Wno-unsuffixed-float-constants -Wdouble-promotion -Wtrampolines -Wstack-usage=8192 -Wmaybe-uninitialized -Wno-jump-misses-init -Wstrict-overflow=2 -Wno-suggest-attribute=const -Wno-suggest-attribute=noreturn -Wno-suggest-attribute=pure -Wno-suggest-attribute=format -Wdate-time -Warray-bounds=2 -Wc99-c11-compat -Wincompatible-pointer-types -Wint-conversion -Wduplicated-cond -Whsa -Wnormalized -Wnull-dereference -Wunused-const-variable -Walloca -Walloc-zero -Wduplicated-branches -Wformat-overflow=2 -Wformat-truncation=1 -Wrestrict -Wattribute-alias -Wshift-overflow=2 -Wcast-function-type -Wcast-align=strict -Wno-suggest-attribute=cold -Wno-suggest-attribute=malloc -Wattribute-alias=2 -Wmissing-profile -Wc11-c2x-compat -MD -MT src/CMakeFiles/hdf5-static.dir/H5FDhdfs.c.o -MF src/CMakeFiles/hdf5-static.dir/H5FDhdfs.c.o.d -o src/CMakeFiles/hdf5-static.dir/H5FDhdfs.c.o -c /home/byrn/HDF_Projects/hdf5/dev/src/H5FDhdfs.c
[136/4114] /usr/bin/cc -D_FILE_OFFSET_BITS=64 -D_GNU_SOURCE -D_LARGEFILE_SOURCE -D_POSIX_C_SOURCE=200809L -I/home/byrn/HDF_Projects/hdf5/dev/src -I/home/byrn/HDF_Projects/hdf5/dev/src/H5FDsubfiling -I/home/byrn/HDF_Projects/hdf5/build/ci-StdShar-GNUC/src -I/home/byrn/HDF_Projects/hdf5/build/ci-StdShar-GNUC/_deps/hdf5_zlib-build -I/home/byrn/HDF_Projects/hdf5/build/ci-StdShar-GNUC/_deps/hdf5_zlib-src -I/home/byrn/HDF_Projects/hdf5/build/ci-StdShar-GNUC/_deps/szip-build -I/home/byrn/HDF_Projects/hdf5/build/ci-StdShar-GNUC/_deps/szip-src/include -I/home/byrn/HDF_Projects/hdf5/build/ci-StdShar-GNUC/_deps/szip-src -std=c99  -fstdarg-opt -fdiagnostics-urls=never -fno-diagnostics-color -fmessage-length=0 -O2 -g -DNDEBUG -std=gnu99 -fPIC -Wall -Wcast-qual -Wconversion -Wextra -Wfloat-equal -Wformat=2 -Winit-self -Winvalid-pch -Wmissing-include-dirs -Wshadow -Wundef -Wwrite-strings -pedantic -Wno-c++-compat -Wbad-function-cast -Wcast-align -Wformat -Wimplicit-function-declaration -Wint-to-pointer-cast -Wmissing-declarations -Wmissing-prototypes -Wnested-externs -Wold-style-definition -Wpacked -Wpointer-sign -Wpointer-to-int-cast -Wredundant-decls -Wstrict-prototypes -Wswitch -Wunused-but-set-variable -Wunused-variable -Wunused-function -Wunused-parameter -finline-functions -Wno-aggregate-return -Wno-inline -Wno-missing-format-attribute -Wno-missing-noreturn -Wno-overlength-strings -Wlarger-than=2560 -Wlogical-op -Wframe-larger-than=16384 -Wpacked-bitfield-compat -Wsync-nand -Wno-unsuffixed-float-constants -Wdouble-promotion -Wtrampolines -Wstack-usage=8192 -Wmaybe-uninitialized -Wno-jump-misses-init -Wstrict-overflow=2 -Wno-suggest-attribute=const -Wno-suggest-attribute=noreturn -Wno-suggest-attribute=pure -Wno-suggest-attribute=format -Wdate-time -Warray-bounds=2 -Wc99-c11-compat -Wincompatible-pointer-types -Wint-conversion -Wduplicated-cond -Whsa -Wnormalized -Wnull-dereference -Wunused-const-variable -Walloca -Walloc-zero -Wduplicated-branches -Wformat-overflow=2 -Wformat-truncation=1 -Wrestrict -Wattribute-alias -Wshift-overflow=2 -Wcast-function-type -Wcast-align=strict -Wno-suggest-attribute=cold -Wno-suggest-attribute=malloc -Wattribute-alias=2 -Wmissing-profile -Wc11-c2x-compat -MD -MT src/CMakeFiles/hdf5-static.dir/H5Fint.c.o -MF src/CMakeFiles/hdf5-static.dir/H5Fint.c.o.d -o src/CMakeFiles/hdf5-static.dir/H5Fint.c.o -c /home/byrn/HDF_Projects/hdf5/dev/src/H5Fint.c
[137/4114] /usr/bin/cc -D_FILE_OFFSET_BITS=64 -D_GNU_SOURCE -D_LARGEFILE_SOURCE -D_POSIX_C_SOURCE=200809L -I/home/byrn/HDF_Projects/hdf5/dev/src -I/home/byrn/HDF_Projects/hdf5/dev/src/H5FDsubfiling -I/home/byrn/HDF_Projects/hdf5/build/ci-StdShar-GNUC/src -I/home/byrn/HDF_Projects/hdf5/build/ci-StdShar-GNUC/_deps/hdf5_zlib-build -I/home/byrn/HDF_Projects/hdf5/build/ci-StdShar-GNUC/_deps/hdf5_zlib-src -I/home/byrn/HDF_Projects/hdf5/build/ci-StdShar-GNUC/_deps/szip-build -I/home/byrn/HDF_Projects/hdf5/build/ci-StdShar-GNUC/_deps/szip-src/include -I/home/byrn/HDF_Projects/hdf5/build/ci-StdShar-GNUC/_deps/szip-src -std=c99  -fstdarg-opt -fdiagnostics-urls=never -fno-diagnostics-color -fmessage-length=0 -O2 -g -DNDEBUG -std=gnu99 -fPIC -Wall -Wcast-qual -Wconversion -Wextra -Wfloat-equal -Wformat=2 -Winit-self -Winvalid-pch -Wmissing-include-dirs -Wshadow -Wundef -Wwrite-strings -pedantic -Wno-c++-compat -Wbad-function-cast -Wcast-align -Wformat -Wimplicit-function-declaration -Wint-to-pointer-cast -Wmissing-declarations -Wmissing-prototypes -Wnested-externs -Wold-style-definition -Wpacked -Wpointer-sign -Wpointer-to-int-cast -Wredundant-decls -Wstrict-prototypes -Wswitch -Wunused-but-set-variable -Wunused-variable -Wunused-function -Wunused-parameter -finline-functions -Wno-aggregate-return -Wno-inline -Wno-missing-format-attribute -Wno-missing-noreturn -Wno-overlength-strings -Wlarger-than=2560 -Wlogical-op -Wframe-larger-than=16384 -Wpacked-bitfield-compat -Wsync-nand -Wno-unsuffixed-float-constants -Wdouble-promotion -Wtrampolines -Wstack-usage=8192 -Wmaybe-uninitialized -Wno-jump-misses-init -Wstrict-overflow=2 -Wno-suggest-attribute=const -Wno-suggest-attribute=noreturn -Wno-suggest-attribute=pure -Wno-suggest-attribute=format -Wdate-time -Warray-bounds=2 -Wc99-c11-compat -Wincompatible-pointer-types -Wint-conversion -Wduplicated-cond -Whsa -Wnormalized -Wnull-dereference -Wunused-const-variable -Walloca -Walloc-zero -Wduplicated-branches -Wformat-overflow=2 -Wformat-truncation=1 -Wrestrict -Wattribute-alias -Wshift-overflow=2 -Wcast-function-type -Wcast-align=strict -Wno-suggest-attribute=cold -Wno-suggest-attribute=malloc -Wattribute-alias=2 -Wmissing-profile -Wc11-c2x-compat -MD -MT src/CMakeFiles/hdf5-static.dir/H5FDmirror.c.o -MF src/CMakeFiles/hdf5-static.dir/H5FDmirror.c.o.d -o src/CMakeFiles/hdf5-static.dir/H5FDmirror.c.o -c /home/byrn/HDF_Projects/hdf5/dev/src/H5FDmirror.c
[138/4114] /usr/bin/cc -D_FILE_OFFSET_BITS=64 -D_GNU_SOURCE -D_LARGEFILE_SOURCE -D_POSIX_C_SOURCE=200809L -I/home/byrn/HDF_Projects/hdf5/dev/src -I/home/byrn/HDF_Projects/hdf5/dev/src/H5FDsubfiling -I/home/byrn/HDF_Projects/hdf5/build/ci-StdShar-GNUC/src -I/home/byrn/HDF_Projects/hdf5/build/ci-StdShar-GNUC/_deps/hdf5_zlib-build -I/home/byrn/HDF_Projects/hdf5/build/ci-StdShar-GNUC/_deps/hdf5_zlib-src -I/home/byrn/HDF_Projects/hdf5/build/ci-StdShar-GNUC/_deps/szip-build -I/home/byrn/HDF_Projects/hdf5/build/ci-StdShar-GNUC/_deps/szip-src/include -I/home/byrn/HDF_Projects/hdf5/build/ci-StdShar-GNUC/_deps/szip-src -std=c99  -fstdarg-opt -fdiagnostics-urls=never -fno-diagnostics-color -fmessage-length=0 -O2 -g -DNDEBUG -std=gnu99 -fPIC -Wall -Wcast-qual -Wconversion -Wextra -Wfloat-equal -Wformat=2 -Winit-self -Winvalid-pch -Wmissing-include-dirs -Wshadow -Wundef -Wwrite-strings -pedantic -Wno-c++-compat -Wbad-function-cast -Wcast-align -Wformat -Wimplicit-function-declaration -Wint-to-pointer-cast -Wmissing-declarations -Wmissing-prototypes -Wnested-externs -Wold-style-definition -Wpacked -Wpointer-sign -Wpointer-to-int-cast -Wredundant-decls -Wstrict-prototypes -Wswitch -Wunused-but-set-variable -Wunused-variable -Wunused-function -Wunused-parameter -finline-functions -Wno-aggregate-return -Wno-inline -Wno-missing-format-attribute -Wno-missing-noreturn -Wno-overlength-strings -Wlarger-than=2560 -Wlogical-op -Wframe-larger-than=16384 -Wpacked-bitfield-compat -Wsync-nand -Wno-unsuffixed-float-constants -Wdouble-promotion -Wtrampolines -Wstack-usage=8192 -Wmaybe-uninitialized -Wno-jump-misses-init -Wstrict-overflow=2 -Wno-suggest-attribute=const -Wno-suggest-attribute=noreturn -Wno-suggest-attribute=pure -Wno-suggest-attribute=format -Wdate-time -Warray-bounds=2 -Wc99-c11-compat -Wincompatible-pointer-types -Wint-conversion -Wduplicated-cond -Whsa -Wnormalized -Wnull-dereference -Wunused-const-variable -Walloca -Walloc-zero -Wduplicated-branches -Wformat-overflow=2 -Wformat-truncation=1 -Wrestrict -Wattribute-alias -Wshift-overflow=2 -Wcast-function-type -Wcast-align=strict -Wno-suggest-attribute=cold -Wno-suggest-attribute=malloc -Wattribute-alias=2 -Wmissing-profile -Wc11-c2x-compat -MD -MT src/CMakeFiles/hdf5-static.dir/H5FDmpi.c.o -MF src/CMakeFiles/hdf5-static.dir/H5FDmpi.c.o.d -o src/CMakeFiles/hdf5-static.dir/H5FDmpi.c.o -c /home/byrn/HDF_Projects/hdf5/dev/src/H5FDmpi.c
[139/4114] /usr/bin/cc -D_FILE_OFFSET_BITS=64 -D_GNU_SOURCE -D_LARGEFILE_SOURCE -D_POSIX_C_SOURCE=200809L -I/home/byrn/HDF_Projects/hdf5/dev/src -I/home/byrn/HDF_Projects/hdf5/dev/src/H5FDsubfiling -I/home/byrn/HDF_Projects/hdf5/build/ci-StdShar-GNUC/src -I/home/byrn/HDF_Projects/hdf5/build/ci-StdShar-GNUC/_deps/hdf5_zlib-build -I/home/byrn/HDF_Projects/hdf5/build/ci-StdShar-GNUC/_deps/hdf5_zlib-src -I/home/byrn/HDF_Projects/hdf5/build/ci-StdShar-GNUC/_deps/szip-build -I/home/byrn/HDF_Projects/hdf5/build/ci-StdShar-GNUC/_deps/szip-src/include -I/home/byrn/HDF_Projects/hdf5/build/ci-StdShar-GNUC/_deps/szip-src -std=c99  -fstdarg-opt -fdiagnostics-urls=never -fno-diagnostics-color -fmessage-length=0 -O2 -g -DNDEBUG -std=gnu99 -fPIC -Wall -Wcast-qual -Wconversion -Wextra -Wfloat-equal -Wformat=2 -Winit-self -Winvalid-pch -Wmissing-include-dirs -Wshadow -Wundef -Wwrite-strings -pedantic -Wno-c++-compat -Wbad-function-cast -Wcast-align -Wformat -Wimplicit-function-declaration -Wint-to-pointer-cast -Wmissing-declarations -Wmissing-prototypes -Wnested-externs -Wold-style-definition -Wpacked -Wpointer-sign -Wpointer-to-int-cast -Wredundant-decls -Wstrict-prototypes -Wswitch -Wunused-but-set-variable -Wunused-variable -Wunused-function -Wunused-parameter -finline-functions -Wno-aggregate-return -Wno-inline -Wno-missing-format-attribute -Wno-missing-noreturn -Wno-overlength-strings -Wlarger-than=2560 -Wlogical-op -Wframe-larger-than=16384 -Wpacked-bitfield-compat -Wsync-nand -Wno-unsuffixed-float-constants -Wdouble-promotion -Wtrampolines -Wstack-usage=8192 -Wmaybe-uninitialized -Wno-jump-misses-init -Wstrict-overflow=2 -Wno-suggest-attribute=const -Wno-suggest-attribute=noreturn -Wno-suggest-attribute=pure -Wno-suggest-attribute=format -Wdate-time -Warray-bounds=2 -Wc99-c11-compat -Wincompatible-pointer-types -Wint-conversion -Wduplicated-cond -Whsa -Wnormalized -Wnull-dereference -Wunused-const-variable -Walloca -Walloc-zero -Wduplicated-branches -Wformat-overflow=2 -Wformat-truncation=1 -Wrestrict -Wattribute-alias -Wshift-overflow=2 -Wcast-function-type -Wcast-align=strict -Wno-suggest-attribute=cold -Wno-suggest-attribute=malloc -Wattribute-alias=2 -Wmissing-profile -Wc11-c2x-compat -MD -MT src/CMakeFiles/hdf5-static.dir/H5FDmpio.c.o -MF src/CMakeFiles/hdf5-static.dir/H5FDmpio.c.o.d -o src/CMakeFiles/hdf5-static.dir/H5FDmpio.c.o -c /home/byrn/HDF_Projects/hdf5/dev/src/H5FDmpio.c
[140/4114] /usr/bin/cc -D_FILE_OFFSET_BITS=64 -D_GNU_SOURCE -D_LARGEFILE_SOURCE -D_POSIX_C_SOURCE=200809L -I/home/byrn/HDF_Projects/hdf5/dev/src -I/home/byrn/HDF_Projects/hdf5/dev/src/H5FDsubfiling -I/home/byrn/HDF_Projects/hdf5/build/ci-StdShar-GNUC/src -I/home/byrn/HDF_Projects/hdf5/build/ci-StdShar-GNUC/_deps/hdf5_zlib-build -I/home/byrn/HDF_Projects/hdf5/build/ci-StdShar-GNUC/_deps/hdf5_zlib-src -I/home/byrn/HDF_Projects/hdf5/build/ci-StdShar-GNUC/_deps/szip-build -I/home/byrn/HDF_Projects/hdf5/build/ci-StdShar-GNUC/_deps/szip-src/include -I/home/byrn/HDF_Projects/hdf5/build/ci-StdShar-GNUC/_deps/szip-src -std=c99  -fstdarg-opt -fdiagnostics-urls=never -fno-diagnostics-color -fmessage-length=0 -O2 -g -DNDEBUG -std=gnu99 -fPIC -Wall -Wcast-qual -Wconversion -Wextra -Wfloat-equal -Wformat=2 -Winit-self -Winvalid-pch -Wmissing-include-dirs -Wshadow -Wundef -Wwrite-strings -pedantic -Wno-c++-compat -Wbad-function-cast -Wcast-align -Wformat -Wimplicit-function-declaration -Wint-to-pointer-cast -Wmissing-declarations -Wmissing-prototypes -Wnested-externs -Wold-style-definition -Wpacked -Wpointer-sign -Wpointer-to-int-cast -Wredundant-decls -Wstrict-prototypes -Wswitch -Wunused-but-set-variable -Wunused-variable -Wunused-function -Wunused-parameter -finline-functions -Wno-aggregate-return -Wno-inline -Wno-missing-format-attribute -Wno-missing-noreturn -Wno-overlength-strings -Wlarger-than=2560 -Wlogical-op -Wframe-larger-than=16384 -Wpacked-bitfield-compat -Wsync-nand -Wno-unsuffixed-float-constants -Wdouble-promotion -Wtrampolines -Wstack-usage=8192 -Wmaybe-uninitialized -Wno-jump-misses-init -Wstrict-overflow=2 -Wno-suggest-attribute=const -Wno-suggest-attribute=noreturn -Wno-suggest-attribute=pure -Wno-suggest-attribute=format -Wdate-time -Warray-bounds=2 -Wc99-c11-compat -Wincompatible-pointer-types -Wint-conversion -Wduplicated-cond -Whsa -Wnormalized -Wnull-dereference -Wunused-const-variable -Walloca -Walloc-zero -Wduplicated-branches -Wformat-overflow=2 -Wformat-truncation=1 -Wrestrict -Wattribute-alias -Wshift-overflow=2 -Wcast-function-type -Wcast-align=strict -Wno-suggest-attribute=cold -Wno-suggest-attribute=malloc -Wattribute-alias=2 -Wmissing-profile -Wc11-c2x-compat -MD -MT src/CMakeFiles/hdf5-static.dir/H5FDfamily.c.o -MF src/CMakeFiles/hdf5-static.dir/H5FDfamily.c.o.d -o src/CMakeFiles/hdf5-static.dir/H5FDfamily.c.o -c /home/byrn/HDF_Projects/hdf5/dev/src/H5FDfamily.c
[141/4114] /usr/bin/cc -D_FILE_OFFSET_BITS=64 -D_GNU_SOURCE -D_LARGEFILE_SOURCE -D_POSIX_C_SOURCE=200809L -I/home/byrn/HDF_Projects/hdf5/dev/src -I/home/byrn/HDF_Projects/hdf5/dev/src/H5FDsubfiling -I/home/byrn/HDF_Projects/hdf5/build/ci-StdShar-GNUC/src -I/home/byrn/HDF_Projects/hdf5/build/ci-StdShar-GNUC/_deps/hdf5_zlib-build -I/home/byrn/HDF_Projects/hdf5/build/ci-StdShar-GNUC/_deps/hdf5_zlib-src -I/home/byrn/HDF_Projects/hdf5/build/ci-StdShar-GNUC/_deps/szip-build -I/home/byrn/HDF_Projects/hdf5/build/ci-StdShar-GNUC/_deps/szip-src/include -I/home/byrn/HDF_Projects/hdf5/build/ci-StdShar-GNUC/_deps/szip-src -std=c99  -fstdarg-opt -fdiagnostics-urls=never -fno-diagnostics-color -fmessage-length=0 -O2 -g -DNDEBUG -std=gnu99 -fPIC -Wall -Wcast-qual -Wconversion -Wextra -Wfloat-equal -Wformat=2 -Winit-self -Winvalid-pch -Wmissing-include-dirs -Wshadow -Wundef -Wwrite-strings -pedantic -Wno-c++-compat -Wbad-function-cast -Wcast-align -Wformat -Wimplicit-function-declaration -Wint-to-pointer-cast -Wmissing-declarations -Wmissing-prototypes -Wnested-externs -Wold-style-definition -Wpacked -Wpointer-sign -Wpointer-to-int-cast -Wredundant-decls -Wstrict-prototypes -Wswitch -Wunused-but-set-variable -Wunused-variable -Wunused-function -Wunused-parameter -finline-functions -Wno-aggregate-return -Wno-inline -Wno-missing-format-attribute -Wno-missing-noreturn -Wno-overlength-strings -Wlarger-than=2560 -Wlogical-op -Wframe-larger-than=16384 -Wpacked-bitfield-compat -Wsync-nand -Wno-unsuffixed-float-constants -Wdouble-promotion -Wtrampolines -Wstack-usage=8192 -Wmaybe-uninitialized -Wno-jump-misses-init -Wstrict-overflow=2 -Wno-suggest-attribute=const -Wno-suggest-attribute=noreturn -Wno-suggest-attribute=pure -Wno-suggest-attribute=format -Wdate-time -Warray-bounds=2 -Wc99-c11-compat -Wincompatible-pointer-types -Wint-conversion -Wduplicated-cond -Whsa -Wnormalized -Wnull-dereference -Wunused-const-variable -Walloca -Walloc-zero -Wduplicated-branches -Wformat-overflow=2 -Wformat-truncation=1 -Wrestrict -Wattribute-alias -Wshift-overflow=2 -Wcast-function-type -Wcast-align=strict -Wno-suggest-attribute=cold -Wno-suggest-attribute=malloc -Wattribute-alias=2 -Wmissing-profile -Wc11-c2x-compat -MD -MT src/CMakeFiles/hdf5-static.dir/H5FDlog.c.o -MF src/CMakeFiles/hdf5-static.dir/H5FDlog.c.o.d -o src/CMakeFiles/hdf5-static.dir/H5FDlog.c.o -c /home/byrn/HDF_Projects/hdf5/dev/src/H5FDlog.c
[142/4114] /usr/bin/cc -D_FILE_OFFSET_BITS=64 -D_GNU_SOURCE -D_LARGEFILE_SOURCE -D_POSIX_C_SOURCE=200809L -I/home/byrn/HDF_Projects/hdf5/dev/src -I/home/byrn/HDF_Projects/hdf5/dev/src/H5FDsubfiling -I/home/byrn/HDF_Projects/hdf5/build/ci-StdShar-GNUC/src -I/home/byrn/HDF_Projects/hdf5/build/ci-StdShar-GNUC/_deps/hdf5_zlib-build -I/home/byrn/HDF_Projects/hdf5/build/ci-StdShar-GNUC/_deps/hdf5_zlib-src -I/home/byrn/HDF_Projects/hdf5/build/ci-StdShar-GNUC/_deps/szip-build -I/home/byrn/HDF_Projects/hdf5/build/ci-StdShar-GNUC/_deps/szip-src/include -I/home/byrn/HDF_Projects/hdf5/build/ci-StdShar-GNUC/_deps/szip-src -std=c99  -fstdarg-opt -fdiagnostics-urls=never -fno-diagnostics-color -fmessage-length=0 -O2 -g -DNDEBUG -std=gnu99 -fPIC -Wall -Wcast-qual -Wconversion -Wextra -Wfloat-equal -Wformat=2 -Winit-self -Winvalid-pch -Wmissing-include-dirs -Wshadow -Wundef -Wwrite-strings -pedantic -Wno-c++-compat -Wbad-function-cast -Wcast-align -Wformat -Wimplicit-function-declaration -Wint-to-pointer-cast -Wmissing-declarations -Wmissing-prototypes -Wnested-externs -Wold-style-definition -Wpacked -Wpointer-sign -Wpointer-to-int-cast -Wredundant-decls -Wstrict-prototypes -Wswitch -Wunused-but-set-variable -Wunused-variable -Wunused-function -Wunused-parameter -finline-functions -Wno-aggregate-return -Wno-inline -Wno-missing-format-attribute -Wno-missing-noreturn -Wno-overlength-strings -Wlarger-than=2560 -Wlogical-op -Wframe-larger-than=16384 -Wpacked-bitfield-compat -Wsync-nand -Wno-unsuffixed-float-constants -Wdouble-promotion -Wtrampolines -Wstack-usage=8192 -Wmaybe-uninitialized -Wno-jump-misses-init -Wstrict-overflow=2 -Wno-suggest-attribute=const -Wno-suggest-attribute=noreturn -Wno-suggest-attribute=pure -Wno-suggest-attribute=format -Wdate-time -Warray-bounds=2 -Wc99-c11-compat -Wincompatible-pointer-types -Wint-conversion -Wduplicated-cond -Whsa -Wnormalized -Wnull-dereference -Wunused-const-variable -Walloca -Walloc-zero -Wduplicated-branches -Wformat-overflow=2 -Wformat-truncation=1 -Wrestrict -Wattribute-alias -Wshift-overflow=2 -Wcast-function-type -Wcast-align=strict -Wno-suggest-attribute=cold -Wno-suggest-attribute=malloc -Wattribute-alias=2 -Wmissing-profile -Wc11-c2x-compat -MD -MT src/CMakeFiles/hdf5-static.dir/H5FDonion_header.c.o -MF src/CMakeFiles/hdf5-static.dir/H5FDonion_header.c.o.d -o src/CMakeFiles/hdf5-static.dir/H5FDonion_header.c.o -c /home/byrn/HDF_Projects/hdf5/dev/src/H5FDonion_header.c
[143/4114] /usr/bin/cc -D_FILE_OFFSET_BITS=64 -D_GNU_SOURCE -D_LARGEFILE_SOURCE -D_POSIX_C_SOURCE=200809L -I/home/byrn/HDF_Projects/hdf5/dev/src -I/home/byrn/HDF_Projects/hdf5/dev/src/H5FDsubfiling -I/home/byrn/HDF_Projects/hdf5/build/ci-StdShar-GNUC/src -I/home/byrn/HDF_Projects/hdf5/build/ci-StdShar-GNUC/_deps/hdf5_zlib-build -I/home/byrn/HDF_Projects/hdf5/build/ci-StdShar-GNUC/_deps/hdf5_zlib-src -I/home/byrn/HDF_Projects/hdf5/build/ci-StdShar-GNUC/_deps/szip-build -I/home/byrn/HDF_Projects/hdf5/build/ci-StdShar-GNUC/_deps/szip-src/include -I/home/byrn/HDF_Projects/hdf5/build/ci-StdShar-GNUC/_deps/szip-src -std=c99  -fstdarg-opt -fdiagnostics-urls=never -fno-diagnostics-color -fmessage-length=0 -O2 -g -DNDEBUG -std=gnu99 -fPIC -Wall -Wcast-qual -Wconversion -Wextra -Wfloat-equal -Wformat=2 -Winit-self -Winvalid-pch -Wmissing-include-dirs -Wshadow -Wundef -Wwrite-strings -pedantic -Wno-c++-compat -Wbad-function-cast -Wcast-align -Wformat -Wimplicit-function-declaration -Wint-to-pointer-cast -Wmissing-declarations -Wmissing-prototypes -Wnested-externs -Wold-style-definition -Wpacked -Wpointer-sign -Wpointer-to-int-cast -Wredundant-decls -Wstrict-prototypes -Wswitch -Wunused-but-set-variable -Wunused-variable -Wunused-function -Wunused-parameter -finline-functions -Wno-aggregate-return -Wno-inline -Wno-missing-format-attribute -Wno-missing-noreturn -Wno-overlength-strings -Wlarger-than=2560 -Wlogical-op -Wframe-larger-than=16384 -Wpacked-bitfield-compat -Wsync-nand -Wno-unsuffixed-float-constants -Wdouble-promotion -Wtrampolines -Wstack-usage=8192 -Wmaybe-uninitialized -Wno-jump-misses-init -Wstrict-overflow=2 -Wno-suggest-attribute=const -Wno-suggest-attribute=noreturn -Wno-suggest-attribute=pure -Wno-suggest-attribute=format -Wdate-time -Warray-bounds=2 -Wc99-c11-compat -Wincompatible-pointer-types -Wint-conversion -Wduplicated-cond -Whsa -Wnormalized -Wnull-dereference -Wunused-const-variable -Walloca -Walloc-zero -Wduplicated-branches -Wformat-overflow=2 -Wformat-truncation=1 -Wrestrict -Wattribute-alias -Wshift-overflow=2 -Wcast-function-type -Wcast-align=strict -Wno-suggest-attribute=cold -Wno-suggest-attribute=malloc -Wattribute-alias=2 -Wmissing-profile -Wc11-c2x-compat -MD -MT src/CMakeFiles/hdf5-static.dir/H5FDcore.c.o -MF src/CMakeFiles/hdf5-static.dir/H5FDcore.c.o.d -o src/CMakeFiles/hdf5-static.dir/H5FDcore.c.o -c /home/byrn/HDF_Projects/hdf5/dev/src/H5FDcore.c
[144/4114] /usr/bin/cc -D_FILE_OFFSET_BITS=64 -D_GNU_SOURCE -D_LARGEFILE_SOURCE -D_POSIX_C_SOURCE=200809L -I/home/byrn/HDF_Projects/hdf5/dev/src -I/home/byrn/HDF_Projects/hdf5/dev/src/H5FDsubfiling -I/home/byrn/HDF_Projects/hdf5/build/ci-StdShar-GNUC/src -I/home/byrn/HDF_Projects/hdf5/build/ci-StdShar-GNUC/_deps/hdf5_zlib-build -I/home/byrn/HDF_Projects/hdf5/build/ci-StdShar-GNUC/_deps/hdf5_zlib-src -I/home/byrn/HDF_Projects/hdf5/build/ci-StdShar-GNUC/_deps/szip-build -I/home/byrn/HDF_Projects/hdf5/build/ci-StdShar-GNUC/_deps/szip-src/include -I/home/byrn/HDF_Projects/hdf5/build/ci-StdShar-GNUC/_deps/szip-src -std=c99  -fstdarg-opt -fdiagnostics-urls=never -fno-diagnostics-color -fmessage-length=0 -O2 -g -DNDEBUG -std=gnu99 -fPIC -Wall -Wcast-qual -Wconversion -Wextra -Wfloat-equal -Wformat=2 -Winit-self -Winvalid-pch -Wmissing-include-dirs -Wshadow -Wundef -Wwrite-strings -pedantic -Wno-c++-compat -Wbad-function-cast -Wcast-align -Wformat -Wimplicit-function-declaration -Wint-to-pointer-cast -Wmissing-declarations -Wmissing-prototypes -Wnested-externs -Wold-style-definition -Wpacked -Wpointer-sign -Wpointer-to-int-cast -Wredundant-decls -Wstrict-prototypes -Wswitch -Wunused-but-set-variable -Wunused-variable -Wunused-function -Wunused-parameter -finline-functions -Wno-aggregate-return -Wno-inline -Wno-missing-format-attribute -Wno-missing-noreturn -Wno-overlength-strings -Wlarger-than=2560 -Wlogical-op -Wframe-larger-than=16384 -Wpacked-bitfield-compat -Wsync-nand -Wno-unsuffixed-float-constants -Wdouble-promotion -Wtrampolines -Wstack-usage=8192 -Wmaybe-uninitialized -Wno-jump-misses-init -Wstrict-overflow=2 -Wno-suggest-attribute=const -Wno-suggest-attribute=noreturn -Wno-suggest-attribute=pure -Wno-suggest-attribute=format -Wdate-time -Warray-bounds=2 -Wc99-c11-compat -Wincompatible-pointer-types -Wint-conversion -Wduplicated-cond -Whsa -Wnormalized -Wnull-dereference -Wunused-const-variable -Walloca -Walloc-zero -Wduplicated-branches -Wformat-overflow=2 -Wformat-truncation=1 -Wrestrict -Wattribute-alias -Wshift-overflow=2 -Wcast-function-type -Wcast-align=strict -Wno-suggest-attribute=cold -Wno-suggest-attribute=malloc -Wattribute-alias=2 -Wmissing-profile -Wc11-c2x-compat -MD -MT src/CMakeFiles/hdf5-static.dir/H5FDonion_history.c.o -MF src/CMakeFiles/hdf5-static.dir/H5FDonion_history.c.o.d -o src/CMakeFiles/hdf5-static.dir/H5FDonion_history.c.o -c /home/byrn/HDF_Projects/hdf5/dev/src/H5FDonion_history.c
[145/4114] /usr/bin/cc -D_FILE_OFFSET_BITS=64 -D_GNU_SOURCE -D_LARGEFILE_SOURCE -D_POSIX_C_SOURCE=200809L -I/home/byrn/HDF_Projects/hdf5/dev/src -I/home/byrn/HDF_Projects/hdf5/dev/src/H5FDsubfiling -I/home/byrn/HDF_Projects/hdf5/build/ci-StdShar-GNUC/src -I/home/byrn/HDF_Projects/hdf5/build/ci-StdShar-GNUC/_deps/hdf5_zlib-build -I/home/byrn/HDF_Projects/hdf5/build/ci-StdShar-GNUC/_deps/hdf5_zlib-src -I/home/byrn/HDF_Projects/hdf5/build/ci-StdShar-GNUC/_deps/szip-build -I/home/byrn/HDF_Projects/hdf5/build/ci-StdShar-GNUC/_deps/szip-src/include -I/home/byrn/HDF_Projects/hdf5/build/ci-StdShar-GNUC/_deps/szip-src -std=c99  -fstdarg-opt -fdiagnostics-urls=never -fno-diagnostics-color -fmessage-length=0 -O2 -g -DNDEBUG -std=gnu99 -fPIC -Wall -Wcast-qual -Wconversion -Wextra -Wfloat-equal -Wformat=2 -Winit-self -Winvalid-pch -Wmissing-include-dirs -Wshadow -Wundef -Wwrite-strings -pedantic -Wno-c++-compat -Wbad-function-cast -Wcast-align -Wformat -Wimplicit-function-declaration -Wint-to-pointer-cast -Wmissing-declarations -Wmissing-prototypes -Wnested-externs -Wold-style-definition -Wpacked -Wpointer-sign -Wpointer-to-int-cast -Wredundant-decls -Wstrict-prototypes -Wswitch -Wunused-but-set-variable -Wunused-variable -Wunused-function -Wunused-parameter -finline-functions -Wno-aggregate-return -Wno-inline -Wno-missing-format-attribute -Wno-missing-noreturn -Wno-overlength-strings -Wlarger-than=2560 -Wlogical-op -Wframe-larger-than=16384 -Wpacked-bitfield-compat -Wsync-nand -Wno-unsuffixed-float-constants -Wdouble-promotion -Wtrampolines -Wstack-usage=8192 -Wmaybe-uninitialized -Wno-jump-misses-init -Wstrict-overflow=2 -Wno-suggest-attribute=const -Wno-suggest-attribute=noreturn -Wno-suggest-attribute=pure -Wno-suggest-attribute=format -Wdate-time -Warray-bounds=2 -Wc99-c11-compat -Wincompatible-pointer-types -Wint-conversion -Wduplicated-cond -Whsa -Wnormalized -Wnull-dereference -Wunused-const-variable -Walloca -Walloc-zero -Wduplicated-branches -Wformat-overflow=2 -Wformat-truncation=1 -Wrestrict -Wattribute-alias -Wshift-overflow=2 -Wcast-function-type -Wcast-align=strict -Wno-suggest-attribute=cold -Wno-suggest-attribute=malloc -Wattribute-alias=2 -Wmissing-profile -Wc11-c2x-compat -MD -MT src/CMakeFiles/hdf5-static.dir/H5FDperform.c.o -MF src/CMakeFiles/hdf5-static.dir/H5FDperform.c.o.d -o src/CMakeFiles/hdf5-static.dir/H5FDperform.c.o -c /home/byrn/HDF_Projects/hdf5/dev/src/H5FDperform.c
[146/4114] /usr/bin/cc -D_FILE_OFFSET_BITS=64 -D_GNU_SOURCE -D_LARGEFILE_SOURCE -D_POSIX_C_SOURCE=200809L -I/home/byrn/HDF_Projects/hdf5/dev/src -I/home/byrn/HDF_Projects/hdf5/dev/src/H5FDsubfiling -I/home/byrn/HDF_Projects/hdf5/build/ci-StdShar-GNUC/src -I/home/byrn/HDF_Projects/hdf5/build/ci-StdShar-GNUC/_deps/hdf5_zlib-build -I/home/byrn/HDF_Projects/hdf5/build/ci-StdShar-GNUC/_deps/hdf5_zlib-src -I/home/byrn/HDF_Projects/hdf5/build/ci-StdShar-GNUC/_deps/szip-build -I/home/byrn/HDF_Projects/hdf5/build/ci-StdShar-GNUC/_deps/szip-src/include -I/home/byrn/HDF_Projects/hdf5/build/ci-StdShar-GNUC/_deps/szip-src -std=c99  -fstdarg-opt -fdiagnostics-urls=never -fno-diagnostics-color -fmessage-length=0 -O2 -g -DNDEBUG -std=gnu99 -fPIC -Wall -Wcast-qual -Wconversion -Wextra -Wfloat-equal -Wformat=2 -Winit-self -Winvalid-pch -Wmissing-include-dirs -Wshadow -Wundef -Wwrite-strings -pedantic -Wno-c++-compat -Wbad-function-cast -Wcast-align -Wformat -Wimplicit-function-declaration -Wint-to-pointer-cast -Wmissing-declarations -Wmissing-prototypes -Wnested-externs -Wold-style-definition -Wpacked -Wpointer-sign -Wpointer-to-int-cast -Wredundant-decls -Wstrict-prototypes -Wswitch -Wunused-but-set-variable -Wunused-variable -Wunused-function -Wunused-parameter -finline-functions -Wno-aggregate-return -Wno-inline -Wno-missing-format-attribute -Wno-missing-noreturn -Wno-overlength-strings -Wlarger-than=2560 -Wlogical-op -Wframe-larger-than=16384 -Wpacked-bitfield-compat -Wsync-nand -Wno-unsuffixed-float-constants -Wdouble-promotion -Wtrampolines -Wstack-usage=8192 -Wmaybe-uninitialized -Wno-jump-misses-init -Wstrict-overflow=2 -Wno-suggest-attribute=const -Wno-suggest-attribute=noreturn -Wno-suggest-attribute=pure -Wno-suggest-attribute=format -Wdate-time -Warray-bounds=2 -Wc99-c11-compat -Wincompatible-pointer-types -Wint-conversion -Wduplicated-cond -Whsa -Wnormalized -Wnull-dereference -Wunused-const-variable -Walloca -Walloc-zero -Wduplicated-branches -Wformat-overflow=2 -Wformat-truncation=1 -Wrestrict -Wattribute-alias -Wshift-overflow=2 -Wcast-function-type -Wcast-align=strict -Wno-suggest-attribute=cold -Wno-suggest-attribute=malloc -Wattribute-alias=2 -Wmissing-profile -Wc11-c2x-compat -MD -MT src/CMakeFiles/hdf5-static.dir/H5FDs3comms.c.o -MF src/CMakeFiles/hdf5-static.dir/H5FDs3comms.c.o.d -o src/CMakeFiles/hdf5-static.dir/H5FDs3comms.c.o -c /home/byrn/HDF_Projects/hdf5/dev/src/H5FDs3comms.c
[147/4114] /usr/bin/cc -D_FILE_OFFSET_BITS=64 -D_GNU_SOURCE -D_LARGEFILE_SOURCE -D_POSIX_C_SOURCE=200809L -I/home/byrn/HDF_Projects/hdf5/dev/src -I/home/byrn/HDF_Projects/hdf5/dev/src/H5FDsubfiling -I/home/byrn/HDF_Projects/hdf5/build/ci-StdShar-GNUC/src -I/home/byrn/HDF_Projects/hdf5/build/ci-StdShar-GNUC/_deps/hdf5_zlib-build -I/home/byrn/HDF_Projects/hdf5/build/ci-StdShar-GNUC/_deps/hdf5_zlib-src -I/home/byrn/HDF_Projects/hdf5/build/ci-StdShar-GNUC/_deps/szip-build -I/home/byrn/HDF_Projects/hdf5/build/ci-StdShar-GNUC/_deps/szip-src/include -I/home/byrn/HDF_Projects/hdf5/build/ci-StdShar-GNUC/_deps/szip-src -std=c99  -fstdarg-opt -fdiagnostics-urls=never -fno-diagnostics-color -fmessage-length=0 -O2 -g -DNDEBUG -std=gnu99 -fPIC -Wall -Wcast-qual -Wconversion -Wextra -Wfloat-equal -Wformat=2 -Winit-self -Winvalid-pch -Wmissing-include-dirs -Wshadow -Wundef -Wwrite-strings -pedantic -Wno-c++-compat -Wbad-function-cast -Wcast-align -Wformat -Wimplicit-function-declaration -Wint-to-pointer-cast -Wmissing-declarations -Wmissing-prototypes -Wnested-externs -Wold-style-definition -Wpacked -Wpointer-sign -Wpointer-to-int-cast -Wredundant-decls -Wstrict-prototypes -Wswitch -Wunused-but-set-variable -Wunused-variable -Wunused-function -Wunused-parameter -finline-functions -Wno-aggregate-return -Wno-inline -Wno-missing-format-attribute -Wno-missing-noreturn -Wno-overlength-strings -Wlarger-than=2560 -Wlogical-op -Wframe-larger-than=16384 -Wpacked-bitfield-compat -Wsync-nand -Wno-unsuffixed-float-constants -Wdouble-promotion -Wtrampolines -Wstack-usage=8192 -Wmaybe-uninitialized -Wno-jump-misses-init -Wstrict-overflow=2 -Wno-suggest-attribute=const -Wno-suggest-attribute=noreturn -Wno-suggest-attribute=pure -Wno-suggest-attribute=format -Wdate-time -Warray-bounds=2 -Wc99-c11-compat -Wincompatible-pointer-types -Wint-conversion -Wduplicated-cond -Whsa -Wnormalized -Wnull-dereference -Wunused-const-variable -Walloca -Walloc-zero -Wduplicated-branches -Wformat-overflow=2 -Wformat-truncation=1 -Wrestrict -Wattribute-alias -Wshift-overflow=2 -Wcast-function-type -Wcast-align=strict -Wno-suggest-attribute=cold -Wno-suggest-attribute=malloc -Wattribute-alias=2 -Wmissing-profile -Wc11-c2x-compat -MD -MT src/CMakeFiles/hdf5-static.dir/H5FDros3.c.o -MF src/CMakeFiles/hdf5-static.dir/H5FDros3.c.o.d -o src/CMakeFiles/hdf5-static.dir/H5FDros3.c.o -c /home/byrn/HDF_Projects/hdf5/dev/src/H5FDros3.c
[148/4114] /usr/bin/cc -D_FILE_OFFSET_BITS=64 -D_GNU_SOURCE -D_LARGEFILE_SOURCE -D_POSIX_C_SOURCE=200809L -I/home/byrn/HDF_Projects/hdf5/dev/src -I/home/byrn/HDF_Projects/hdf5/dev/src/H5FDsubfiling -I/home/byrn/HDF_Projects/hdf5/build/ci-StdShar-GNUC/src -I/home/byrn/HDF_Projects/hdf5/build/ci-StdShar-GNUC/_deps/hdf5_zlib-build -I/home/byrn/HDF_Projects/hdf5/build/ci-StdShar-GNUC/_deps/hdf5_zlib-src -I/home/byrn/HDF_Projects/hdf5/build/ci-StdShar-GNUC/_deps/szip-build -I/home/byrn/HDF_Projects/hdf5/build/ci-StdShar-GNUC/_deps/szip-src/include -I/home/byrn/HDF_Projects/hdf5/build/ci-StdShar-GNUC/_deps/szip-src -std=c99  -fstdarg-opt -fdiagnostics-urls=never -fno-diagnostics-color -fmessage-length=0 -O2 -g -DNDEBUG -std=gnu99 -fPIC -Wall -Wcast-qual -Wconversion -Wextra -Wfloat-equal -Wformat=2 -Winit-self -Winvalid-pch -Wmissing-include-dirs -Wshadow -Wundef -Wwrite-strings -pedantic -Wno-c++-compat -Wbad-function-cast -Wcast-align -Wformat -Wimplicit-function-declaration -Wint-to-pointer-cast -Wmissing-declarations -Wmissing-prototypes -Wnested-externs -Wold-style-definition -Wpacked -Wpointer-sign -Wpointer-to-int-cast -Wredundant-decls -Wstrict-prototypes -Wswitch -Wunused-but-set-variable -Wunused-variable -Wunused-function -Wunused-parameter -finline-functions -Wno-aggregate-return -Wno-inline -Wno-missing-format-attribute -Wno-missing-noreturn -Wno-overlength-strings -Wlarger-than=2560 -Wlogical-op -Wframe-larger-than=16384 -Wpacked-bitfield-compat -Wsync-nand -Wno-unsuffixed-float-constants -Wdouble-promotion -Wtrampolines -Wstack-usage=8192 -Wmaybe-uninitialized -Wno-jump-misses-init -Wstrict-overflow=2 -Wno-suggest-attribute=const -Wno-suggest-attribute=noreturn -Wno-suggest-attribute=pure -Wno-suggest-attribute=format -Wdate-time -Warray-bounds=2 -Wc99-c11-compat -Wincompatible-pointer-types -Wint-conversion -Wduplicated-cond -Whsa -Wnormalized -Wnull-dereference -Wunused-const-variable -Walloca -Walloc-zero -Wduplicated-branches -Wformat-overflow=2 -Wformat-truncation=1 -Wrestrict -Wattribute-alias -Wshift-overflow=2 -Wcast-function-type -Wcast-align=strict -Wno-suggest-attribute=cold -Wno-suggest-attribute=malloc -Wattribute-alias=2 -Wmissing-profile -Wc11-c2x-compat -MD -MT src/CMakeFiles/hdf5-static.dir/H5FDmulti.c.o -MF src/CMakeFiles/hdf5-static.dir/H5FDmulti.c.o.d -o src/CMakeFiles/hdf5-static.dir/H5FDmulti.c.o -c /home/byrn/HDF_Projects/hdf5/dev/src/H5FDmulti.c
[149/4114] /usr/bin/cc -D_FILE_OFFSET_BITS=64 -D_GNU_SOURCE -D_LARGEFILE_SOURCE -D_POSIX_C_SOURCE=200809L -I/home/byrn/HDF_Projects/hdf5/dev/src -I/home/byrn/HDF_Projects/hdf5/dev/src/H5FDsubfiling -I/home/byrn/HDF_Projects/hdf5/build/ci-StdShar-GNUC/src -I/home/byrn/HDF_Projects/hdf5/build/ci-StdShar-GNUC/_deps/hdf5_zlib-build -I/home/byrn/HDF_Projects/hdf5/build/ci-StdShar-GNUC/_deps/hdf5_zlib-src -I/home/byrn/HDF_Projects/hdf5/build/ci-StdShar-GNUC/_deps/szip-build -I/home/byrn/HDF_Projects/hdf5/build/ci-StdShar-GNUC/_deps/szip-src/include -I/home/byrn/HDF_Projects/hdf5/build/ci-StdShar-GNUC/_deps/szip-src -std=c99  -fstdarg-opt -fdiagnostics-urls=never -fno-diagnostics-color -fmessage-length=0 -O2 -g -DNDEBUG -std=gnu99 -fPIC -Wall -Wcast-qual -Wconversion -Wextra -Wfloat-equal -Wformat=2 -Winit-self -Winvalid-pch -Wmissing-include-dirs -Wshadow -Wundef -Wwrite-strings -pedantic -Wno-c++-compat -Wbad-function-cast -Wcast-align -Wformat -Wimplicit-function-declaration -Wint-to-pointer-cast -Wmissing-declarations -Wmissing-prototypes -Wnested-externs -Wold-style-definition -Wpacked -Wpointer-sign -Wpointer-to-int-cast -Wredundant-decls -Wstrict-prototypes -Wswitch -Wunused-but-set-variable -Wunused-variable -Wunused-function -Wunused-parameter -finline-functions -Wno-aggregate-return -Wno-inline -Wno-missing-format-attribute -Wno-missing-noreturn -Wno-overlength-strings -Wlarger-than=2560 -Wlogical-op -Wframe-larger-than=16384 -Wpacked-bitfield-compat -Wsync-nand -Wno-unsuffixed-float-constants -Wdouble-promotion -Wtrampolines -Wstack-usage=8192 -Wmaybe-uninitialized -Wno-jump-misses-init -Wstrict-overflow=2 -Wno-suggest-attribute=const -Wno-suggest-attribute=noreturn -Wno-suggest-attribute=pure -Wno-suggest-attribute=format -Wdate-time -Warray-bounds=2 -Wc99-c11-compat -Wincompatible-pointer-types -Wint-conversion -Wduplicated-cond -Whsa -Wnormalized -Wnull-dereference -Wunused-const-variable -Walloca -Walloc-zero -Wduplicated-branches -Wformat-overflow=2 -Wformat-truncation=1 -Wrestrict -Wattribute-alias -Wshift-overflow=2 -Wcast-function-type -Wcast-align=strict -Wno-suggest-attribute=cold -Wno-suggest-attribute=malloc -Wattribute-alias=2 -Wmissing-profile -Wc11-c2x-compat -MD -MT src/CMakeFiles/hdf5-static.dir/H5FDonion_index.c.o -MF src/CMakeFiles/hdf5-static.dir/H5FDonion_index.c.o.d -o src/CMakeFiles/hdf5-static.dir/H5FDonion_index.c.o -c /home/byrn/HDF_Projects/hdf5/dev/src/H5FDonion_index.c
[150/4114] /usr/bin/cc -D_FILE_OFFSET_BITS=64 -D_GNU_SOURCE -D_LARGEFILE_SOURCE -D_POSIX_C_SOURCE=200809L -I/home/byrn/HDF_Projects/hdf5/dev/src -I/home/byrn/HDF_Projects/hdf5/dev/src/H5FDsubfiling -I/home/byrn/HDF_Projects/hdf5/build/ci-StdShar-GNUC/src -I/home/byrn/HDF_Projects/hdf5/build/ci-StdShar-GNUC/_deps/hdf5_zlib-build -I/home/byrn/HDF_Projects/hdf5/build/ci-StdShar-GNUC/_deps/hdf5_zlib-src -I/home/byrn/HDF_Projects/hdf5/build/ci-StdShar-GNUC/_deps/szip-build -I/home/byrn/HDF_Projects/hdf5/build/ci-StdShar-GNUC/_deps/szip-src/include -I/home/byrn/HDF_Projects/hdf5/build/ci-StdShar-GNUC/_deps/szip-src -std=c99  -fstdarg-opt -fdiagnostics-urls=never -fno-diagnostics-color -fmessage-length=0 -O2 -g -DNDEBUG -std=gnu99 -fPIC -Wall -Wcast-qual -Wconversion -Wextra -Wfloat-equal -Wformat=2 -Winit-self -Winvalid-pch -Wmissing-include-dirs -Wshadow -Wundef -Wwrite-strings -pedantic -Wno-c++-compat -Wbad-function-cast -Wcast-align -Wformat -Wimplicit-function-declaration -Wint-to-pointer-cast -Wmissing-declarations -Wmissing-prototypes -Wnested-externs -Wold-style-definition -Wpacked -Wpointer-sign -Wpointer-to-int-cast -Wredundant-decls -Wstrict-prototypes -Wswitch -Wunused-but-set-variable -Wunused-variable -Wunused-function -Wunused-parameter -finline-functions -Wno-aggregate-return -Wno-inline -Wno-missing-format-attribute -Wno-missing-noreturn -Wno-overlength-strings -Wlarger-than=2560 -Wlogical-op -Wframe-larger-than=16384 -Wpacked-bitfield-compat -Wsync-nand -Wno-unsuffixed-float-constants -Wdouble-promotion -Wtrampolines -Wstack-usage=8192 -Wmaybe-uninitialized -Wno-jump-misses-init -Wstrict-overflow=2 -Wno-suggest-attribute=const -Wno-suggest-attribute=noreturn -Wno-suggest-attribute=pure -Wno-suggest-attribute=format -Wdate-time -Warray-bounds=2 -Wc99-c11-compat -Wincompatible-pointer-types -Wint-conversion -Wduplicated-cond -Whsa -Wnormalized -Wnull-dereference -Wunused-const-variable -Walloca -Walloc-zero -Wduplicated-branches -Wformat-overflow=2 -Wformat-truncation=1 -Wrestrict -Wattribute-alias -Wshift-overflow=2 -Wcast-function-type -Wcast-align=strict -Wno-suggest-attribute=cold -Wno-suggest-attribute=malloc -Wattribute-alias=2 -Wmissing-profile -Wc11-c2x-compat -MD -MT src/CMakeFiles/hdf5-static.dir/H5FDspace.c.o -MF src/CMakeFiles/hdf5-static.dir/H5FDspace.c.o.d -o src/CMakeFiles/hdf5-static.dir/H5FDspace.c.o -c /home/byrn/HDF_Projects/hdf5/dev/src/H5FDspace.c
[151/4114] /usr/bin/cc -D_FILE_OFFSET_BITS=64 -D_GNU_SOURCE -D_LARGEFILE_SOURCE -D_POSIX_C_SOURCE=200809L -I/home/byrn/HDF_Projects/hdf5/dev/src -I/home/byrn/HDF_Projects/hdf5/dev/src/H5FDsubfiling -I/home/byrn/HDF_Projects/hdf5/build/ci-StdShar-GNUC/src -I/home/byrn/HDF_Projects/hdf5/build/ci-StdShar-GNUC/_deps/hdf5_zlib-build -I/home/byrn/HDF_Projects/hdf5/build/ci-StdShar-GNUC/_deps/hdf5_zlib-src -I/home/byrn/HDF_Projects/hdf5/build/ci-StdShar-GNUC/_deps/szip-build -I/home/byrn/HDF_Projects/hdf5/build/ci-StdShar-GNUC/_deps/szip-src/include -I/home/byrn/HDF_Projects/hdf5/build/ci-StdShar-GNUC/_deps/szip-src -std=c99  -fstdarg-opt -fdiagnostics-urls=never -fno-diagnostics-color -fmessage-length=0 -O2 -g -DNDEBUG -std=gnu99 -fPIC -Wall -Wcast-qual -Wconversion -Wextra -Wfloat-equal -Wformat=2 -Winit-self -Winvalid-pch -Wmissing-include-dirs -Wshadow -Wundef -Wwrite-strings -pedantic -Wno-c++-compat -Wbad-function-cast -Wcast-align -Wformat -Wimplicit-function-declaration -Wint-to-pointer-cast -Wmissing-declarations -Wmissing-prototypes -Wnested-externs -Wold-style-definition -Wpacked -Wpointer-sign -Wpointer-to-int-cast -Wredundant-decls -Wstrict-prototypes -Wswitch -Wunused-but-set-variable -Wunused-variable -Wunused-function -Wunused-parameter -finline-functions -Wno-aggregate-return -Wno-inline -Wno-missing-format-attribute -Wno-missing-noreturn -Wno-overlength-strings -Wlarger-than=2560 -Wlogical-op -Wframe-larger-than=16384 -Wpacked-bitfield-compat -Wsync-nand -Wno-unsuffixed-float-constants -Wdouble-promotion -Wtrampolines -Wstack-usage=8192 -Wmaybe-uninitialized -Wno-jump-misses-init -Wstrict-overflow=2 -Wno-suggest-attribute=const -Wno-suggest-attribute=noreturn -Wno-suggest-attribute=pure -Wno-suggest-attribute=format -Wdate-time -Warray-bounds=2 -Wc99-c11-compat -Wincompatible-pointer-types -Wint-conversion -Wduplicated-cond -Whsa -Wnormalized -Wnull-dereference -Wunused-const-variable -Walloca -Walloc-zero -Wduplicated-branches -Wformat-overflow=2 -Wformat-truncation=1 -Wrestrict -Wattribute-alias -Wshift-overflow=2 -Wcast-function-type -Wcast-align=strict -Wno-suggest-attribute=cold -Wno-suggest-attribute=malloc -Wattribute-alias=2 -Wmissing-profile -Wc11-c2x-compat -MD -MT src/CMakeFiles/hdf5-static.dir/H5FDonion.c.o -MF src/CMakeFiles/hdf5-static.dir/H5FDonion.c.o.d -o src/CMakeFiles/hdf5-static.dir/H5FDonion.c.o -c /home/byrn/HDF_Projects/hdf5/dev/src/H5FDonion.c
[152/4114] /usr/bin/cc -D_FILE_OFFSET_BITS=64 -D_GNU_SOURCE -D_LARGEFILE_SOURCE -D_POSIX_C_SOURCE=200809L -I/home/byrn/HDF_Projects/hdf5/dev/src -I/home/byrn/HDF_Projects/hdf5/dev/src/H5FDsubfiling -I/home/byrn/HDF_Projects/hdf5/build/ci-StdShar-GNUC/src -I/home/byrn/HDF_Projects/hdf5/build/ci-StdShar-GNUC/_deps/hdf5_zlib-build -I/home/byrn/HDF_Projects/hdf5/build/ci-StdShar-GNUC/_deps/hdf5_zlib-src -I/home/byrn/HDF_Projects/hdf5/build/ci-StdShar-GNUC/_deps/szip-build -I/home/byrn/HDF_Projects/hdf5/build/ci-StdShar-GNUC/_deps/szip-src/include -I/home/byrn/HDF_Projects/hdf5/build/ci-StdShar-GNUC/_deps/szip-src -std=c99  -fstdarg-opt -fdiagnostics-urls=never -fno-diagnostics-color -fmessage-length=0 -O2 -g -DNDEBUG -std=gnu99 -fPIC -Wall -Wcast-qual -Wconversion -Wextra -Wfloat-equal -Wformat=2 -Winit-self -Winvalid-pch -Wmissing-include-dirs -Wshadow -Wundef -Wwrite-strings -pedantic -Wno-c++-compat -Wbad-function-cast -Wcast-align -Wformat -Wimplicit-function-declaration -Wint-to-pointer-cast -Wmissing-declarations -Wmissing-prototypes -Wnested-externs -Wold-style-definition -Wpacked -Wpointer-sign -Wpointer-to-int-cast -Wredundant-decls -Wstrict-prototypes -Wswitch -Wunused-but-set-variable -Wunused-variable -Wunused-function -Wunused-parameter -finline-functions -Wno-aggregate-return -Wno-inline -Wno-missing-format-attribute -Wno-missing-noreturn -Wno-overlength-strings -Wlarger-than=2560 -Wlogical-op -Wframe-larger-than=16384 -Wpacked-bitfield-compat -Wsync-nand -Wno-unsuffixed-float-constants -Wdouble-promotion -Wtrampolines -Wstack-usage=8192 -Wmaybe-uninitialized -Wno-jump-misses-init -Wstrict-overflow=2 -Wno-suggest-attribute=const -Wno-suggest-attribute=noreturn -Wno-suggest-attribute=pure -Wno-suggest-attribute=format -Wdate-time -Warray-bounds=2 -Wc99-c11-compat -Wincompatible-pointer-types -Wint-conversion -Wduplicated-cond -Whsa -Wnormalized -Wnull-dereference -Wunused-const-variable -Walloca -Walloc-zero -Wduplicated-branches -Wformat-overflow=2 -Wformat-truncation=1 -Wrestrict -Wattribute-alias -Wshift-overflow=2 -Wcast-function-type -Wcast-align=strict -Wno-suggest-attribute=cold -Wno-suggest-attribute=malloc -Wattribute-alias=2 -Wmissing-profile -Wc11-c2x-compat -MD -MT src/CMakeFiles/hdf5-static.dir/H5FDsec2.c.o -MF src/CMakeFiles/hdf5-static.dir/H5FDsec2.c.o.d -o src/CMakeFiles/hdf5-static.dir/H5FDsec2.c.o -c /home/byrn/HDF_Projects/hdf5/dev/src/H5FDsec2.c
[153/4114] /usr/bin/cc -D_FILE_OFFSET_BITS=64 -D_GNU_SOURCE -D_LARGEFILE_SOURCE -D_POSIX_C_SOURCE=200809L -I/home/byrn/HDF_Projects/hdf5/dev/src -I/home/byrn/HDF_Projects/hdf5/dev/src/H5FDsubfiling -I/home/byrn/HDF_Projects/hdf5/build/ci-StdShar-GNUC/src -I/home/byrn/HDF_Projects/hdf5/build/ci-StdShar-GNUC/_deps/hdf5_zlib-build -I/home/byrn/HDF_Projects/hdf5/build/ci-StdShar-GNUC/_deps/hdf5_zlib-src -I/home/byrn/HDF_Projects/hdf5/build/ci-StdShar-GNUC/_deps/szip-build -I/home/byrn/HDF_Projects/hdf5/build/ci-StdShar-GNUC/_deps/szip-src/include -I/home/byrn/HDF_Projects/hdf5/build/ci-StdShar-GNUC/_deps/szip-src -std=c99  -fstdarg-opt -fdiagnostics-urls=never -fno-diagnostics-color -fmessage-length=0 -O2 -g -DNDEBUG -std=gnu99 -fPIC -Wall -Wcast-qual -Wconversion -Wextra -Wfloat-equal -Wformat=2 -Winit-self -Winvalid-pch -Wmissing-include-dirs -Wshadow -Wundef -Wwrite-strings -pedantic -Wno-c++-compat -Wbad-function-cast -Wcast-align -Wformat -Wimplicit-function-declaration -Wint-to-pointer-cast -Wmissing-declarations -Wmissing-prototypes -Wnested-externs -Wold-style-definition -Wpacked -Wpointer-sign -Wpointer-to-int-cast -Wredundant-decls -Wstrict-prototypes -Wswitch -Wunused-but-set-variable -Wunused-variable -Wunused-function -Wunused-parameter -finline-functions -Wno-aggregate-return -Wno-inline -Wno-missing-format-attribute -Wno-missing-noreturn -Wno-overlength-strings -Wlarger-than=2560 -Wlogical-op -Wframe-larger-than=16384 -Wpacked-bitfield-compat -Wsync-nand -Wno-unsuffixed-float-constants -Wdouble-promotion -Wtrampolines -Wstack-usage=8192 -Wmaybe-uninitialized -Wno-jump-misses-init -Wstrict-overflow=2 -Wno-suggest-attribute=const -Wno-suggest-attribute=noreturn -Wno-suggest-attribute=pure -Wno-suggest-attribute=format -Wdate-time -Warray-bounds=2 -Wc99-c11-compat -Wincompatible-pointer-types -Wint-conversion -Wduplicated-cond -Whsa -Wnormalized -Wnull-dereference -Wunused-const-variable -Walloca -Walloc-zero -Wduplicated-branches -Wformat-overflow=2 -Wformat-truncation=1 -Wrestrict -Wattribute-alias -Wshift-overflow=2 -Wcast-function-type -Wcast-align=strict -Wno-suggest-attribute=cold -Wno-suggest-attribute=malloc -Wattribute-alias=2 -Wmissing-profile -Wc11-c2x-compat -MD -MT src/CMakeFiles/hdf5-static.dir/H5FDtest.c.o -MF src/CMakeFiles/hdf5-static.dir/H5FDtest.c.o.d -o src/CMakeFiles/hdf5-static.dir/H5FDtest.c.o -c /home/byrn/HDF_Projects/hdf5/dev/src/H5FDtest.c
[154/4114] /usr/bin/cc -D_FILE_OFFSET_BITS=64 -D_GNU_SOURCE -D_LARGEFILE_SOURCE -D_POSIX_C_SOURCE=200809L -I/home/byrn/HDF_Projects/hdf5/dev/src -I/home/byrn/HDF_Projects/hdf5/dev/src/H5FDsubfiling -I/home/byrn/HDF_Projects/hdf5/build/ci-StdShar-GNUC/src -I/home/byrn/HDF_Projects/hdf5/build/ci-StdShar-GNUC/_deps/hdf5_zlib-build -I/home/byrn/HDF_Projects/hdf5/build/ci-StdShar-GNUC/_deps/hdf5_zlib-src -I/home/byrn/HDF_Projects/hdf5/build/ci-StdShar-GNUC/_deps/szip-build -I/home/byrn/HDF_Projects/hdf5/build/ci-StdShar-GNUC/_deps/szip-src/include -I/home/byrn/HDF_Projects/hdf5/build/ci-StdShar-GNUC/_deps/szip-src -std=c99  -fstdarg-opt -fdiagnostics-urls=never -fno-diagnostics-color -fmessage-length=0 -O2 -g -DNDEBUG -std=gnu99 -fPIC -Wall -Wcast-qual -Wconversion -Wextra -Wfloat-equal -Wformat=2 -Winit-self -Winvalid-pch -Wmissing-include-dirs -Wshadow -Wundef -Wwrite-strings -pedantic -Wno-c++-compat -Wbad-function-cast -Wcast-align -Wformat -Wimplicit-function-declaration -Wint-to-pointer-cast -Wmissing-declarations -Wmissing-prototypes -Wnested-externs -Wold-style-definition -Wpacked -Wpointer-sign -Wpointer-to-int-cast -Wredundant-decls -Wstrict-prototypes -Wswitch -Wunused-but-set-variable -Wunused-variable -Wunused-function -Wunused-parameter -finline-functions -Wno-aggregate-return -Wno-inline -Wno-missing-format-attribute -Wno-missing-noreturn -Wno-overlength-strings -Wlarger-than=2560 -Wlogical-op -Wframe-larger-than=16384 -Wpacked-bitfield-compat -Wsync-nand -Wno-unsuffixed-float-constants -Wdouble-promotion -Wtrampolines -Wstack-usage=8192 -Wmaybe-uninitialized -Wno-jump-misses-init -Wstrict-overflow=2 -Wno-suggest-attribute=const -Wno-suggest-attribute=noreturn -Wno-suggest-attribute=pure -Wno-suggest-attribute=format -Wdate-time -Warray-bounds=2 -Wc99-c11-compat -Wincompatible-pointer-types -Wint-conversion -Wduplicated-cond -Whsa -Wnormalized -Wnull-dereference -Wunused-const-variable -Walloca -Walloc-zero -Wduplicated-branches -Wformat-overflow=2 -Wformat-truncation=1 -Wrestrict -Wattribute-alias -Wshift-overflow=2 -Wcast-function-type -Wcast-align=strict -Wno-suggest-attribute=cold -Wno-suggest-attribute=malloc -Wattribute-alias=2 -Wmissing-profile -Wc11-c2x-compat -MD -MT src/CMakeFiles/hdf5-static.dir/H5FDwindows.c.o -MF src/CMakeFiles/hdf5-static.dir/H5FDwindows.c.o.d -o src/CMakeFiles/hdf5-static.dir/H5FDwindows.c.o -c /home/byrn/HDF_Projects/hdf5/dev/src/H5FDwindows.c
[155/4114] /usr/bin/cc -D_FILE_OFFSET_BITS=64 -D_GNU_SOURCE -D_LARGEFILE_SOURCE -D_POSIX_C_SOURCE=200809L -I/home/byrn/HDF_Projects/hdf5/dev/src -I/home/byrn/HDF_Projects/hdf5/dev/src/H5FDsubfiling -I/home/byrn/HDF_Projects/hdf5/build/ci-StdShar-GNUC/src -I/home/byrn/HDF_Projects/hdf5/build/ci-StdShar-GNUC/_deps/hdf5_zlib-build -I/home/byrn/HDF_Projects/hdf5/build/ci-StdShar-GNUC/_deps/hdf5_zlib-src -I/home/byrn/HDF_Projects/hdf5/build/ci-StdShar-GNUC/_deps/szip-build -I/home/byrn/HDF_Projects/hdf5/build/ci-StdShar-GNUC/_deps/szip-src/include -I/home/byrn/HDF_Projects/hdf5/build/ci-StdShar-GNUC/_deps/szip-src -std=c99  -fstdarg-opt -fdiagnostics-urls=never -fno-diagnostics-color -fmessage-length=0 -O2 -g -DNDEBUG -std=gnu99 -fPIC -Wall -Wcast-qual -Wconversion -Wextra -Wfloat-equal -Wformat=2 -Winit-self -Winvalid-pch -Wmissing-include-dirs -Wshadow -Wundef -Wwrite-strings -pedantic -Wno-c++-compat -Wbad-function-cast -Wcast-align -Wformat -Wimplicit-function-declaration -Wint-to-pointer-cast -Wmissing-declarations -Wmissing-prototypes -Wnested-externs -Wold-style-definition -Wpacked -Wpointer-sign -Wpointer-to-int-cast -Wredundant-decls -Wstrict-prototypes -Wswitch -Wunused-but-set-variable -Wunused-variable -Wunused-function -Wunused-parameter -finline-functions -Wno-aggregate-return -Wno-inline -Wno-missing-format-attribute -Wno-missing-noreturn -Wno-overlength-strings -Wlarger-than=2560 -Wlogical-op -Wframe-larger-than=16384 -Wpacked-bitfield-compat -Wsync-nand -Wno-unsuffixed-float-constants -Wdouble-promotion -Wtrampolines -Wstack-usage=8192 -Wmaybe-uninitialized -Wno-jump-misses-init -Wstrict-overflow=2 -Wno-suggest-attribute=const -Wno-suggest-attribute=noreturn -Wno-suggest-attribute=pure -Wno-suggest-attribute=format -Wdate-time -Warray-bounds=2 -Wc99-c11-compat -Wincompatible-pointer-types -Wint-conversion -Wduplicated-cond -Whsa -Wnormalized -Wnull-dereference -Wunused-const-variable -Walloca -Walloc-zero -Wduplicated-branches -Wformat-overflow=2 -Wformat-truncation=1 -Wrestrict -Wattribute-alias -Wshift-overflow=2 -Wcast-function-type -Wcast-align=strict -Wno-suggest-attribute=cold -Wno-suggest-attribute=malloc -Wattribute-alias=2 -Wmissing-profile -Wc11-c2x-compat -MD -MT src/CMakeFiles/hdf5-static.dir/H5FDint.c.o -MF src/CMakeFiles/hdf5-static.dir/H5FDint.c.o.d -o src/CMakeFiles/hdf5-static.dir/H5FDint.c.o -c /home/byrn/HDF_Projects/hdf5/dev/src/H5FDint.c
[156/4114] /usr/bin/cc -D_FILE_OFFSET_BITS=64 -D_GNU_SOURCE -D_LARGEFILE_SOURCE -D_POSIX_C_SOURCE=200809L -I/home/byrn/HDF_Projects/hdf5/dev/src -I/home/byrn/HDF_Projects/hdf5/dev/src/H5FDsubfiling -I/home/byrn/HDF_Projects/hdf5/build/ci-StdShar-GNUC/src -I/home/byrn/HDF_Projects/hdf5/build/ci-StdShar-GNUC/_deps/hdf5_zlib-build -I/home/byrn/HDF_Projects/hdf5/build/ci-StdShar-GNUC/_deps/hdf5_zlib-src -I/home/byrn/HDF_Projects/hdf5/build/ci-StdShar-GNUC/_deps/szip-build -I/home/byrn/HDF_Projects/hdf5/build/ci-StdShar-GNUC/_deps/szip-src/include -I/home/byrn/HDF_Projects/hdf5/build/ci-StdShar-GNUC/_deps/szip-src -std=c99  -fstdarg-opt -fdiagnostics-urls=never -fno-diagnostics-color -fmessage-length=0 -O2 -g -DNDEBUG -std=gnu99 -fPIC -Wall -Wcast-qual -Wconversion -Wextra -Wfloat-equal -Wformat=2 -Winit-self -Winvalid-pch -Wmissing-include-dirs -Wshadow -Wundef -Wwrite-strings -pedantic -Wno-c++-compat -Wbad-function-cast -Wcast-align -Wformat -Wimplicit-function-declaration -Wint-to-pointer-cast -Wmissing-declarations -Wmissing-prototypes -Wnested-externs -Wold-style-definition -Wpacked -Wpointer-sign -Wpointer-to-int-cast -Wredundant-decls -Wstrict-prototypes -Wswitch -Wunused-but-set-variable -Wunused-variable -Wunused-function -Wunused-parameter -finline-functions -Wno-aggregate-return -Wno-inline -Wno-missing-format-attribute -Wno-missing-noreturn -Wno-overlength-strings -Wlarger-than=2560 -Wlogical-op -Wframe-larger-than=16384 -Wpacked-bitfield-compat -Wsync-nand -Wno-unsuffixed-float-constants -Wdouble-promotion -Wtrampolines -Wstack-usage=8192 -Wmaybe-uninitialized -Wno-jump-misses-init -Wstrict-overflow=2 -Wno-suggest-attribute=const -Wno-suggest-attribute=noreturn -Wno-suggest-attribute=pure -Wno-suggest-attribute=format -Wdate-time -Warray-bounds=2 -Wc99-c11-compat -Wincompatible-pointer-types -Wint-conversion -Wduplicated-cond -Whsa -Wnormalized -Wnull-dereference -Wunused-const-variable -Walloca -Walloc-zero -Wduplicated-branches -Wformat-overflow=2 -Wformat-truncation=1 -Wrestrict -Wattribute-alias -Wshift-overflow=2 -Wcast-function-type -Wcast-align=strict -Wno-suggest-attribute=cold -Wno-suggest-attribute=malloc -Wattribute-alias=2 -Wmissing-profile -Wc11-c2x-compat -MD -MT src/CMakeFiles/hdf5-static.dir/H5FDstdio.c.o -MF src/CMakeFiles/hdf5-static.dir/H5FDstdio.c.o.d -o src/CMakeFiles/hdf5-static.dir/H5FDstdio.c.o -c /home/byrn/HDF_Projects/hdf5/dev/src/H5FDstdio.c
[157/4114] /usr/bin/cc -D_FILE_OFFSET_BITS=64 -D_GNU_SOURCE -D_LARGEFILE_SOURCE -D_POSIX_C_SOURCE=200809L -I/home/byrn/HDF_Projects/hdf5/dev/src -I/home/byrn/HDF_Projects/hdf5/dev/src/H5FDsubfiling -I/home/byrn/HDF_Projects/hdf5/build/ci-StdShar-GNUC/src -I/home/byrn/HDF_Projects/hdf5/build/ci-StdShar-GNUC/_deps/hdf5_zlib-build -I/home/byrn/HDF_Projects/hdf5/build/ci-StdShar-GNUC/_deps/hdf5_zlib-src -I/home/byrn/HDF_Projects/hdf5/build/ci-StdShar-GNUC/_deps/szip-build -I/home/byrn/HDF_Projects/hdf5/build/ci-StdShar-GNUC/_deps/szip-src/include -I/home/byrn/HDF_Projects/hdf5/build/ci-StdShar-GNUC/_deps/szip-src -std=c99  -fstdarg-opt -fdiagnostics-urls=never -fno-diagnostics-color -fmessage-length=0 -O2 -g -DNDEBUG -std=gnu99 -fPIC -Wall -Wcast-qual -Wconversion -Wextra -Wfloat-equal -Wformat=2 -Winit-self -Winvalid-pch -Wmissing-include-dirs -Wshadow -Wundef -Wwrite-strings -pedantic -Wno-c++-compat -Wbad-function-cast -Wcast-align -Wformat -Wimplicit-function-declaration -Wint-to-pointer-cast -Wmissing-declarations -Wmissing-prototypes -Wnested-externs -Wold-style-definition -Wpacked -Wpointer-sign -Wpointer-to-int-cast -Wredundant-decls -Wstrict-prototypes -Wswitch -Wunused-but-set-variable -Wunused-variable -Wunused-function -Wunused-parameter -finline-functions -Wno-aggregate-return -Wno-inline -Wno-missing-format-attribute -Wno-missing-noreturn -Wno-overlength-strings -Wlarger-than=2560 -Wlogical-op -Wframe-larger-than=16384 -Wpacked-bitfield-compat -Wsync-nand -Wno-unsuffixed-float-constants -Wdouble-promotion -Wtrampolines -Wstack-usage=8192 -Wmaybe-uninitialized -Wno-jump-misses-init -Wstrict-overflow=2 -Wno-suggest-attribute=const -Wno-suggest-attribute=noreturn -Wno-suggest-attribute=pure -Wno-suggest-attribute=format -Wdate-time -Warray-bounds=2 -Wc99-c11-compat -Wincompatible-pointer-types -Wint-conversion -Wduplicated-cond -Whsa -Wnormalized -Wnull-dereference -Wunused-const-variable -Walloca -Walloc-zero -Wduplicated-branches -Wformat-overflow=2 -Wformat-truncation=1 -Wrestrict -Wattribute-alias -Wshift-overflow=2 -Wcast-function-type -Wcast-align=strict -Wno-suggest-attribute=cold -Wno-suggest-attribute=malloc -Wattribute-alias=2 -Wmissing-profile -Wc11-c2x-compat -MD -MT src/CMakeFiles/hdf5-static.dir/H5FD.c.o -MF src/CMakeFiles/hdf5-static.dir/H5FD.c.o.d -o src/CMakeFiles/hdf5-static.dir/H5FD.c.o -c /home/byrn/HDF_Projects/hdf5/dev/src/H5FD.c
[158/4114] /usr/bin/cc -D_FILE_OFFSET_BITS=64 -D_GNU_SOURCE -D_LARGEFILE_SOURCE -D_POSIX_C_SOURCE=200809L -I/home/byrn/HDF_Projects/hdf5/dev/src -I/home/byrn/HDF_Projects/hdf5/dev/src/H5FDsubfiling -I/home/byrn/HDF_Projects/hdf5/build/ci-StdShar-GNUC/src -I/home/byrn/HDF_Projects/hdf5/build/ci-StdShar-GNUC/_deps/hdf5_zlib-build -I/home/byrn/HDF_Projects/hdf5/build/ci-StdShar-GNUC/_deps/hdf5_zlib-src -I/home/byrn/HDF_Projects/hdf5/build/ci-StdShar-GNUC/_deps/szip-build -I/home/byrn/HDF_Projects/hdf5/build/ci-StdShar-GNUC/_deps/szip-src/include -I/home/byrn/HDF_Projects/hdf5/build/ci-StdShar-GNUC/_deps/szip-src -std=c99  -fstdarg-opt -fdiagnostics-urls=never -fno-diagnostics-color -fmessage-length=0 -O2 -g -DNDEBUG -std=gnu99 -fPIC -Wall -Wcast-qual -Wconversion -Wextra -Wfloat-equal -Wformat=2 -Winit-self -Winvalid-pch -Wmissing-include-dirs -Wshadow -Wundef -Wwrite-strings -pedantic -Wno-c++-compat -Wbad-function-cast -Wcast-align -Wformat -Wimplicit-function-declaration -Wint-to-pointer-cast -Wmissing-declarations -Wmissing-prototypes -Wnested-externs -Wold-style-definition -Wpacked -Wpointer-sign -Wpointer-to-int-cast -Wredundant-decls -Wstrict-prototypes -Wswitch -Wunused-but-set-variable -Wunused-variable -Wunused-function -Wunused-parameter -finline-functions -Wno-aggregate-return -Wno-inline -Wno-missing-format-attribute -Wno-missing-noreturn -Wno-overlength-strings -Wlarger-than=2560 -Wlogical-op -Wframe-larger-than=16384 -Wpacked-bitfield-compat -Wsync-nand -Wno-unsuffixed-float-constants -Wdouble-promotion -Wtrampolines -Wstack-usage=8192 -Wmaybe-uninitialized -Wno-jump-misses-init -Wstrict-overflow=2 -Wno-suggest-attribute=const -Wno-suggest-attribute=noreturn -Wno-suggest-attribute=pure -Wno-suggest-attribute=format -Wdate-time -Warray-bounds=2 -Wc99-c11-compat -Wincompatible-pointer-types -Wint-conversion -Wduplicated-cond -Whsa -Wnormalized -Wnull-dereference -Wunused-const-variable -Walloca -Walloc-zero -Wduplicated-branches -Wformat-overflow=2 -Wformat-truncation=1 -Wrestrict -Wattribute-alias -Wshift-overflow=2 -Wcast-function-type -Wcast-align=strict -Wno-suggest-attribute=cold -Wno-suggest-attribute=malloc -Wattribute-alias=2 -Wmissing-profile -Wc11-c2x-compat -MD -MT src/CMakeFiles/hdf5-static.dir/H5FO.c.o -MF src/CMakeFiles/hdf5-static.dir/H5FO.c.o.d -o src/CMakeFiles/hdf5-static.dir/H5FO.c.o -c /home/byrn/HDF_Projects/hdf5/dev/src/H5FO.c
[159/4114] /usr/bin/cc -D_FILE_OFFSET_BITS=64 -D_GNU_SOURCE -D_LARGEFILE_SOURCE -D_POSIX_C_SOURCE=200809L -I/home/byrn/HDF_Projects/hdf5/dev/src -I/home/byrn/HDF_Projects/hdf5/dev/src/H5FDsubfiling -I/home/byrn/HDF_Projects/hdf5/build/ci-StdShar-GNUC/src -I/home/byrn/HDF_Projects/hdf5/build/ci-StdShar-GNUC/_deps/hdf5_zlib-build -I/home/byrn/HDF_Projects/hdf5/build/ci-StdShar-GNUC/_deps/hdf5_zlib-src -I/home/byrn/HDF_Projects/hdf5/build/ci-StdShar-GNUC/_deps/szip-build -I/home/byrn/HDF_Projects/hdf5/build/ci-StdShar-GNUC/_deps/szip-src/include -I/home/byrn/HDF_Projects/hdf5/build/ci-StdShar-GNUC/_deps/szip-src -std=c99  -fstdarg-opt -fdiagnostics-urls=never -fno-diagnostics-color -fmessage-length=0 -O2 -g -DNDEBUG -std=gnu99 -fPIC -Wall -Wcast-qual -Wconversion -Wextra -Wfloat-equal -Wformat=2 -Winit-self -Winvalid-pch -Wmissing-include-dirs -Wshadow -Wundef -Wwrite-strings -pedantic -Wno-c++-compat -Wbad-function-cast -Wcast-align -Wformat -Wimplicit-function-declaration -Wint-to-pointer-cast -Wmissing-declarations -Wmissing-prototypes -Wnested-externs -Wold-style-definition -Wpacked -Wpointer-sign -Wpointer-to-int-cast -Wredundant-decls -Wstrict-prototypes -Wswitch -Wunused-but-set-variable -Wunused-variable -Wunused-function -Wunused-parameter -finline-functions -Wno-aggregate-return -Wno-inline -Wno-missing-format-attribute -Wno-missing-noreturn -Wno-overlength-strings -Wlarger-than=2560 -Wlogical-op -Wframe-larger-than=16384 -Wpacked-bitfield-compat -Wsync-nand -Wno-unsuffixed-float-constants -Wdouble-promotion -Wtrampolines -Wstack-usage=8192 -Wmaybe-uninitialized -Wno-jump-misses-init -Wstrict-overflow=2 -Wno-suggest-attribute=const -Wno-suggest-attribute=noreturn -Wno-suggest-attribute=pure -Wno-suggest-attribute=format -Wdate-time -Warray-bounds=2 -Wc99-c11-compat -Wincompatible-pointer-types -Wint-conversion -Wduplicated-cond -Whsa -Wnormalized -Wnull-dereference -Wunused-const-variable -Walloca -Walloc-zero -Wduplicated-branches -Wformat-overflow=2 -Wformat-truncation=1 -Wrestrict -Wattribute-alias -Wshift-overflow=2 -Wcast-function-type -Wcast-align=strict -Wno-suggest-attribute=cold -Wno-suggest-attribute=malloc -Wattribute-alias=2 -Wmissing-profile -Wc11-c2x-compat -MD -MT src/CMakeFiles/hdf5-static.dir/H5FSint.c.o -MF src/CMakeFiles/hdf5-static.dir/H5FSint.c.o.d -o src/CMakeFiles/hdf5-static.dir/H5FSint.c.o -c /home/byrn/HDF_Projects/hdf5/dev/src/H5FSint.c
[160/4114] /usr/bin/cc -D_FILE_OFFSET_BITS=64 -D_GNU_SOURCE -D_LARGEFILE_SOURCE -D_POSIX_C_SOURCE=200809L -I/home/byrn/HDF_Projects/hdf5/dev/src -I/home/byrn/HDF_Projects/hdf5/dev/src/H5FDsubfiling -I/home/byrn/HDF_Projects/hdf5/build/ci-StdShar-GNUC/src -I/home/byrn/HDF_Projects/hdf5/build/ci-StdShar-GNUC/_deps/hdf5_zlib-build -I/home/byrn/HDF_Projects/hdf5/build/ci-StdShar-GNUC/_deps/hdf5_zlib-src -I/home/byrn/HDF_Projects/hdf5/build/ci-StdShar-GNUC/_deps/szip-build -I/home/byrn/HDF_Projects/hdf5/build/ci-StdShar-GNUC/_deps/szip-src/include -I/home/byrn/HDF_Projects/hdf5/build/ci-StdShar-GNUC/_deps/szip-src -std=c99  -fstdarg-opt -fdiagnostics-urls=never -fno-diagnostics-color -fmessage-length=0 -O2 -g -DNDEBUG -std=gnu99 -fPIC -Wall -Wcast-qual -Wconversion -Wextra -Wfloat-equal -Wformat=2 -Winit-self -Winvalid-pch -Wmissing-include-dirs -Wshadow -Wundef -Wwrite-strings -pedantic -Wno-c++-compat -Wbad-function-cast -Wcast-align -Wformat -Wimplicit-function-declaration -Wint-to-pointer-cast -Wmissing-declarations -Wmissing-prototypes -Wnested-externs -Wold-style-definition -Wpacked -Wpointer-sign -Wpointer-to-int-cast -Wredundant-decls -Wstrict-prototypes -Wswitch -Wunused-but-set-variable -Wunused-variable -Wunused-function -Wunused-parameter -finline-functions -Wno-aggregate-return -Wno-inline -Wno-missing-format-attribute -Wno-missing-noreturn -Wno-overlength-strings -Wlarger-than=2560 -Wlogical-op -Wframe-larger-than=16384 -Wpacked-bitfield-compat -Wsync-nand -Wno-unsuffixed-float-constants -Wdouble-promotion -Wtrampolines -Wstack-usage=8192 -Wmaybe-uninitialized -Wno-jump-misses-init -Wstrict-overflow=2 -Wno-suggest-attribute=const -Wno-suggest-attribute=noreturn -Wno-suggest-attribute=pure -Wno-suggest-attribute=format -Wdate-time -Warray-bounds=2 -Wc99-c11-compat -Wincompatible-pointer-types -Wint-conversion -Wduplicated-cond -Whsa -Wnormalized -Wnull-dereference -Wunused-const-variable -Walloca -Walloc-zero -Wduplicated-branches -Wformat-overflow=2 -Wformat-truncation=1 -Wrestrict -Wattribute-alias -Wshift-overflow=2 -Wcast-function-type -Wcast-align=strict -Wno-suggest-attribute=cold -Wno-suggest-attribute=malloc -Wattribute-alias=2 -Wmissing-profile -Wc11-c2x-compat -MD -MT src/CMakeFiles/hdf5-static.dir/H5FSdbg.c.o -MF src/CMakeFiles/hdf5-static.dir/H5FSdbg.c.o.d -o src/CMakeFiles/hdf5-static.dir/H5FSdbg.c.o -c /home/byrn/HDF_Projects/hdf5/dev/src/H5FSdbg.c
[161/4114] /usr/bin/cc -D_FILE_OFFSET_BITS=64 -D_GNU_SOURCE -D_LARGEFILE_SOURCE -D_POSIX_C_SOURCE=200809L -I/home/byrn/HDF_Projects/hdf5/dev/src -I/home/byrn/HDF_Projects/hdf5/dev/src/H5FDsubfiling -I/home/byrn/HDF_Projects/hdf5/build/ci-StdShar-GNUC/src -I/home/byrn/HDF_Projects/hdf5/build/ci-StdShar-GNUC/_deps/hdf5_zlib-build -I/home/byrn/HDF_Projects/hdf5/build/ci-StdShar-GNUC/_deps/hdf5_zlib-src -I/home/byrn/HDF_Projects/hdf5/build/ci-StdShar-GNUC/_deps/szip-build -I/home/byrn/HDF_Projects/hdf5/build/ci-StdShar-GNUC/_deps/szip-src/include -I/home/byrn/HDF_Projects/hdf5/build/ci-StdShar-GNUC/_deps/szip-src -std=c99  -fstdarg-opt -fdiagnostics-urls=never -fno-diagnostics-color -fmessage-length=0 -O2 -g -DNDEBUG -std=gnu99 -fPIC -Wall -Wcast-qual -Wconversion -Wextra -Wfloat-equal -Wformat=2 -Winit-self -Winvalid-pch -Wmissing-include-dirs -Wshadow -Wundef -Wwrite-strings -pedantic -Wno-c++-compat -Wbad-function-cast -Wcast-align -Wformat -Wimplicit-function-declaration -Wint-to-pointer-cast -Wmissing-declarations -Wmissing-prototypes -Wnested-externs -Wold-style-definition -Wpacked -Wpointer-sign -Wpointer-to-int-cast -Wredundant-decls -Wstrict-prototypes -Wswitch -Wunused-but-set-variable -Wunused-variable -Wunused-function -Wunused-parameter -finline-functions -Wno-aggregate-return -Wno-inline -Wno-missing-format-attribute -Wno-missing-noreturn -Wno-overlength-strings -Wlarger-than=2560 -Wlogical-op -Wframe-larger-than=16384 -Wpacked-bitfield-compat -Wsync-nand -Wno-unsuffixed-float-constants -Wdouble-promotion -Wtrampolines -Wstack-usage=8192 -Wmaybe-uninitialized -Wno-jump-misses-init -Wstrict-overflow=2 -Wno-suggest-attribute=const -Wno-suggest-attribute=noreturn -Wno-suggest-attribute=pure -Wno-suggest-attribute=format -Wdate-time -Warray-bounds=2 -Wc99-c11-compat -Wincompatible-pointer-types -Wint-conversion -Wduplicated-cond -Whsa -Wnormalized -Wnull-dereference -Wunused-const-variable -Walloca -Walloc-zero -Wduplicated-branches -Wformat-overflow=2 -Wformat-truncation=1 -Wrestrict -Wattribute-alias -Wshift-overflow=2 -Wcast-function-type -Wcast-align=strict -Wno-suggest-attribute=cold -Wno-suggest-attribute=malloc -Wattribute-alias=2 -Wmissing-profile -Wc11-c2x-compat -MD -MT src/CMakeFiles/hdf5-static.dir/H5FDsplitter.c.o -MF src/CMakeFiles/hdf5-static.dir/H5FDsplitter.c.o.d -o src/CMakeFiles/hdf5-static.dir/H5FDsplitter.c.o -c /home/byrn/HDF_Projects/hdf5/dev/src/H5FDsplitter.c
[162/4114] /usr/bin/cc -D_FILE_OFFSET_BITS=64 -D_GNU_SOURCE -D_LARGEFILE_SOURCE -D_POSIX_C_SOURCE=200809L -I/home/byrn/HDF_Projects/hdf5/dev/src -I/home/byrn/HDF_Projects/hdf5/dev/src/H5FDsubfiling -I/home/byrn/HDF_Projects/hdf5/build/ci-StdShar-GNUC/src -I/home/byrn/HDF_Projects/hdf5/build/ci-StdShar-GNUC/_deps/hdf5_zlib-build -I/home/byrn/HDF_Projects/hdf5/build/ci-StdShar-GNUC/_deps/hdf5_zlib-src -I/home/byrn/HDF_Projects/hdf5/build/ci-StdShar-GNUC/_deps/szip-build -I/home/byrn/HDF_Projects/hdf5/build/ci-StdShar-GNUC/_deps/szip-src/include -I/home/byrn/HDF_Projects/hdf5/build/ci-StdShar-GNUC/_deps/szip-src -std=c99  -fstdarg-opt -fdiagnostics-urls=never -fno-diagnostics-color -fmessage-length=0 -O2 -g -DNDEBUG -std=gnu99 -fPIC -Wall -Wcast-qual -Wconversion -Wextra -Wfloat-equal -Wformat=2 -Winit-self -Winvalid-pch -Wmissing-include-dirs -Wshadow -Wundef -Wwrite-strings -pedantic -Wno-c++-compat -Wbad-function-cast -Wcast-align -Wformat -Wimplicit-function-declaration -Wint-to-pointer-cast -Wmissing-declarations -Wmissing-prototypes -Wnested-externs -Wold-style-definition -Wpacked -Wpointer-sign -Wpointer-to-int-cast -Wredundant-decls -Wstrict-prototypes -Wswitch -Wunused-but-set-variable -Wunused-variable -Wunused-function -Wunused-parameter -finline-functions -Wno-aggregate-return -Wno-inline -Wno-missing-format-attribute -Wno-missing-noreturn -Wno-overlength-strings -Wlarger-than=2560 -Wlogical-op -Wframe-larger-than=16384 -Wpacked-bitfield-compat -Wsync-nand -Wno-unsuffixed-float-constants -Wdouble-promotion -Wtrampolines -Wstack-usage=8192 -Wmaybe-uninitialized -Wno-jump-misses-init -Wstrict-overflow=2 -Wno-suggest-attribute=const -Wno-suggest-attribute=noreturn -Wno-suggest-attribute=pure -Wno-suggest-attribute=format -Wdate-time -Warray-bounds=2 -Wc99-c11-compat -Wincompatible-pointer-types -Wint-conversion -Wduplicated-cond -Whsa -Wnormalized -Wnull-dereference -Wunused-const-variable -Walloca -Walloc-zero -Wduplicated-branches -Wformat-overflow=2 -Wformat-truncation=1 -Wrestrict -Wattribute-alias -Wshift-overflow=2 -Wcast-function-type -Wcast-align=strict -Wno-suggest-attribute=cold -Wno-suggest-attribute=malloc -Wattribute-alias=2 -Wmissing-profile -Wc11-c2x-compat -MD -MT src/CMakeFiles/hdf5-static.dir/H5FL.c.o -MF src/CMakeFiles/hdf5-static.dir/H5FL.c.o.d -o src/CMakeFiles/hdf5-static.dir/H5FL.c.o -c /home/byrn/HDF_Projects/hdf5/dev/src/H5FL.c
[163/4114] /usr/bin/cc -D_FILE_OFFSET_BITS=64 -D_GNU_SOURCE -D_LARGEFILE_SOURCE -D_POSIX_C_SOURCE=200809L -I/home/byrn/HDF_Projects/hdf5/dev/src -I/home/byrn/HDF_Projects/hdf5/dev/src/H5FDsubfiling -I/home/byrn/HDF_Projects/hdf5/build/ci-StdShar-GNUC/src -I/home/byrn/HDF_Projects/hdf5/build/ci-StdShar-GNUC/_deps/hdf5_zlib-build -I/home/byrn/HDF_Projects/hdf5/build/ci-StdShar-GNUC/_deps/hdf5_zlib-src -I/home/byrn/HDF_Projects/hdf5/build/ci-StdShar-GNUC/_deps/szip-build -I/home/byrn/HDF_Projects/hdf5/build/ci-StdShar-GNUC/_deps/szip-src/include -I/home/byrn/HDF_Projects/hdf5/build/ci-StdShar-GNUC/_deps/szip-src -std=c99  -fstdarg-opt -fdiagnostics-urls=never -fno-diagnostics-color -fmessage-length=0 -O2 -g -DNDEBUG -std=gnu99 -fPIC -Wall -Wcast-qual -Wconversion -Wextra -Wfloat-equal -Wformat=2 -Winit-self -Winvalid-pch -Wmissing-include-dirs -Wshadow -Wundef -Wwrite-strings -pedantic -Wno-c++-compat -Wbad-function-cast -Wcast-align -Wformat -Wimplicit-function-declaration -Wint-to-pointer-cast -Wmissing-declarations -Wmissing-prototypes -Wnested-externs -Wold-style-definition -Wpacked -Wpointer-sign -Wpointer-to-int-cast -Wredundant-decls -Wstrict-prototypes -Wswitch -Wunused-but-set-variable -Wunused-variable -Wunused-function -Wunused-parameter -finline-functions -Wno-aggregate-return -Wno-inline -Wno-missing-format-attribute -Wno-missing-noreturn -Wno-overlength-strings -Wlarger-than=2560 -Wlogical-op -Wframe-larger-than=16384 -Wpacked-bitfield-compat -Wsync-nand -Wno-unsuffixed-float-constants -Wdouble-promotion -Wtrampolines -Wstack-usage=8192 -Wmaybe-uninitialized -Wno-jump-misses-init -Wstrict-overflow=2 -Wno-suggest-attribute=const -Wno-suggest-attribute=noreturn -Wno-suggest-attribute=pure -Wno-suggest-attribute=format -Wdate-time -Warray-bounds=2 -Wc99-c11-compat -Wincompatible-pointer-types -Wint-conversion -Wduplicated-cond -Whsa -Wnormalized -Wnull-dereference -Wunused-const-variable -Walloca -Walloc-zero -Wduplicated-branches -Wformat-overflow=2 -Wformat-truncation=1 -Wrestrict -Wattribute-alias -Wshift-overflow=2 -Wcast-function-type -Wcast-align=strict -Wno-suggest-attribute=cold -Wno-suggest-attribute=malloc -Wattribute-alias=2 -Wmissing-profile -Wc11-c2x-compat -MD -MT src/CMakeFiles/hdf5-static.dir/H5FStest.c.o -MF src/CMakeFiles/hdf5-static.dir/H5FStest.c.o.d -o src/CMakeFiles/hdf5-static.dir/H5FStest.c.o -c /home/byrn/HDF_Projects/hdf5/dev/src/H5FStest.c
[164/4114] /usr/bin/cc -D_FILE_OFFSET_BITS=64 -D_GNU_SOURCE -D_LARGEFILE_SOURCE -D_POSIX_C_SOURCE=200809L -I/home/byrn/HDF_Projects/hdf5/dev/src -I/home/byrn/HDF_Projects/hdf5/dev/src/H5FDsubfiling -I/home/byrn/HDF_Projects/hdf5/build/ci-StdShar-GNUC/src -I/home/byrn/HDF_Projects/hdf5/build/ci-StdShar-GNUC/_deps/hdf5_zlib-build -I/home/byrn/HDF_Projects/hdf5/build/ci-StdShar-GNUC/_deps/hdf5_zlib-src -I/home/byrn/HDF_Projects/hdf5/build/ci-StdShar-GNUC/_deps/szip-build -I/home/byrn/HDF_Projects/hdf5/build/ci-StdShar-GNUC/_deps/szip-src/include -I/home/byrn/HDF_Projects/hdf5/build/ci-StdShar-GNUC/_deps/szip-src -std=c99  -fstdarg-opt -fdiagnostics-urls=never -fno-diagnostics-color -fmessage-length=0 -O2 -g -DNDEBUG -std=gnu99 -fPIC -Wall -Wcast-qual -Wconversion -Wextra -Wfloat-equal -Wformat=2 -Winit-self -Winvalid-pch -Wmissing-include-dirs -Wshadow -Wundef -Wwrite-strings -pedantic -Wno-c++-compat -Wbad-function-cast -Wcast-align -Wformat -Wimplicit-function-declaration -Wint-to-pointer-cast -Wmissing-declarations -Wmissing-prototypes -Wnested-externs -Wold-style-definition -Wpacked -Wpointer-sign -Wpointer-to-int-cast -Wredundant-decls -Wstrict-prototypes -Wswitch -Wunused-but-set-variable -Wunused-variable -Wunused-function -Wunused-parameter -finline-functions -Wno-aggregate-return -Wno-inline -Wno-missing-format-attribute -Wno-missing-noreturn -Wno-overlength-strings -Wlarger-than=2560 -Wlogical-op -Wframe-larger-than=16384 -Wpacked-bitfield-compat -Wsync-nand -Wno-unsuffixed-float-constants -Wdouble-promotion -Wtrampolines -Wstack-usage=8192 -Wmaybe-uninitialized -Wno-jump-misses-init -Wstrict-overflow=2 -Wno-suggest-attribute=const -Wno-suggest-attribute=noreturn -Wno-suggest-attribute=pure -Wno-suggest-attribute=format -Wdate-time -Warray-bounds=2 -Wc99-c11-compat -Wincompatible-pointer-types -Wint-conversion -Wduplicated-cond -Whsa -Wnormalized -Wnull-dereference -Wunused-const-variable -Walloca -Walloc-zero -Wduplicated-branches -Wformat-overflow=2 -Wformat-truncation=1 -Wrestrict -Wattribute-alias -Wshift-overflow=2 -Wcast-function-type -Wcast-align=strict -Wno-suggest-attribute=cold -Wno-suggest-attribute=malloc -Wattribute-alias=2 -Wmissing-profile -Wc11-c2x-compat -MD -MT src/CMakeFiles/hdf5-static.dir/H5FSstat.c.o -MF src/CMakeFiles/hdf5-static.dir/H5FSstat.c.o.d -o src/CMakeFiles/hdf5-static.dir/H5FSstat.c.o -c /home/byrn/HDF_Projects/hdf5/dev/src/H5FSstat.c
[165/4114] /usr/bin/cc -D_FILE_OFFSET_BITS=64 -D_GNU_SOURCE -D_LARGEFILE_SOURCE -D_POSIX_C_SOURCE=200809L -I/home/byrn/HDF_Projects/hdf5/dev/src -I/home/byrn/HDF_Projects/hdf5/dev/src/H5FDsubfiling -I/home/byrn/HDF_Projects/hdf5/build/ci-StdShar-GNUC/src -I/home/byrn/HDF_Projects/hdf5/build/ci-StdShar-GNUC/_deps/hdf5_zlib-build -I/home/byrn/HDF_Projects/hdf5/build/ci-StdShar-GNUC/_deps/hdf5_zlib-src -I/home/byrn/HDF_Projects/hdf5/build/ci-StdShar-GNUC/_deps/szip-build -I/home/byrn/HDF_Projects/hdf5/build/ci-StdShar-GNUC/_deps/szip-src/include -I/home/byrn/HDF_Projects/hdf5/build/ci-StdShar-GNUC/_deps/szip-src -std=c99  -fstdarg-opt -fdiagnostics-urls=never -fno-diagnostics-color -fmessage-length=0 -O2 -g -DNDEBUG -std=gnu99 -fPIC -Wall -Wcast-qual -Wconversion -Wextra -Wfloat-equal -Wformat=2 -Winit-self -Winvalid-pch -Wmissing-include-dirs -Wshadow -Wundef -Wwrite-strings -pedantic -Wno-c++-compat -Wbad-function-cast -Wcast-align -Wformat -Wimplicit-function-declaration -Wint-to-pointer-cast -Wmissing-declarations -Wmissing-prototypes -Wnested-externs -Wold-style-definition -Wpacked -Wpointer-sign -Wpointer-to-int-cast -Wredundant-decls -Wstrict-prototypes -Wswitch -Wunused-but-set-variable -Wunused-variable -Wunused-function -Wunused-parameter -finline-functions -Wno-aggregate-return -Wno-inline -Wno-missing-format-attribute -Wno-missing-noreturn -Wno-overlength-strings -Wlarger-than=2560 -Wlogical-op -Wframe-larger-than=16384 -Wpacked-bitfield-compat -Wsync-nand -Wno-unsuffixed-float-constants -Wdouble-promotion -Wtrampolines -Wstack-usage=8192 -Wmaybe-uninitialized -Wno-jump-misses-init -Wstrict-overflow=2 -Wno-suggest-attribute=const -Wno-suggest-attribute=noreturn -Wno-suggest-attribute=pure -Wno-suggest-attribute=format -Wdate-time -Warray-bounds=2 -Wc99-c11-compat -Wincompatible-pointer-types -Wint-conversion -Wduplicated-cond -Whsa -Wnormalized -Wnull-dereference -Wunused-const-variable -Walloca -Walloc-zero -Wduplicated-branches -Wformat-overflow=2 -Wformat-truncation=1 -Wrestrict -Wattribute-alias -Wshift-overflow=2 -Wcast-function-type -Wcast-align=strict -Wno-suggest-attribute=cold -Wno-suggest-attribute=malloc -Wattribute-alias=2 -Wmissing-profile -Wc11-c2x-compat -MD -MT src/CMakeFiles/hdf5-static.dir/H5FS.c.o -MF src/CMakeFiles/hdf5-static.dir/H5FS.c.o.d -o src/CMakeFiles/hdf5-static.dir/H5FS.c.o -c /home/byrn/HDF_Projects/hdf5/dev/src/H5FS.c
[166/4114] /usr/bin/cc -D_FILE_OFFSET_BITS=64 -D_GNU_SOURCE -D_LARGEFILE_SOURCE -D_POSIX_C_SOURCE=200809L -I/home/byrn/HDF_Projects/hdf5/dev/src -I/home/byrn/HDF_Projects/hdf5/dev/src/H5FDsubfiling -I/home/byrn/HDF_Projects/hdf5/build/ci-StdShar-GNUC/src -I/home/byrn/HDF_Projects/hdf5/build/ci-StdShar-GNUC/_deps/hdf5_zlib-build -I/home/byrn/HDF_Projects/hdf5/build/ci-StdShar-GNUC/_deps/hdf5_zlib-src -I/home/byrn/HDF_Projects/hdf5/build/ci-StdShar-GNUC/_deps/szip-build -I/home/byrn/HDF_Projects/hdf5/build/ci-StdShar-GNUC/_deps/szip-src/include -I/home/byrn/HDF_Projects/hdf5/build/ci-StdShar-GNUC/_deps/szip-src -std=c99  -fstdarg-opt -fdiagnostics-urls=never -fno-diagnostics-color -fmessage-length=0 -O2 -g -DNDEBUG -std=gnu99 -fPIC -Wall -Wcast-qual -Wconversion -Wextra -Wfloat-equal -Wformat=2 -Winit-self -Winvalid-pch -Wmissing-include-dirs -Wshadow -Wundef -Wwrite-strings -pedantic -Wno-c++-compat -Wbad-function-cast -Wcast-align -Wformat -Wimplicit-function-declaration -Wint-to-pointer-cast -Wmissing-declarations -Wmissing-prototypes -Wnested-externs -Wold-style-definition -Wpacked -Wpointer-sign -Wpointer-to-int-cast -Wredundant-decls -Wstrict-prototypes -Wswitch -Wunused-but-set-variable -Wunused-variable -Wunused-function -Wunused-parameter -finline-functions -Wno-aggregate-return -Wno-inline -Wno-missing-format-attribute -Wno-missing-noreturn -Wno-overlength-strings -Wlarger-than=2560 -Wlogical-op -Wframe-larger-than=16384 -Wpacked-bitfield-compat -Wsync-nand -Wno-unsuffixed-float-constants -Wdouble-promotion -Wtrampolines -Wstack-usage=8192 -Wmaybe-uninitialized -Wno-jump-misses-init -Wstrict-overflow=2 -Wno-suggest-attribute=const -Wno-suggest-attribute=noreturn -Wno-suggest-attribute=pure -Wno-suggest-attribute=format -Wdate-time -Warray-bounds=2 -Wc99-c11-compat -Wincompatible-pointer-types -Wint-conversion -Wduplicated-cond -Whsa -Wnormalized -Wnull-dereference -Wunused-const-variable -Walloca -Walloc-zero -Wduplicated-branches -Wformat-overflow=2 -Wformat-truncation=1 -Wrestrict -Wattribute-alias -Wshift-overflow=2 -Wcast-function-type -Wcast-align=strict -Wno-suggest-attribute=cold -Wno-suggest-attribute=malloc -Wattribute-alias=2 -Wmissing-profile -Wc11-c2x-compat -MD -MT src/CMakeFiles/hdf5-static.dir/H5Gcache.c.o -MF src/CMakeFiles/hdf5-static.dir/H5Gcache.c.o.d -o src/CMakeFiles/hdf5-static.dir/H5Gcache.c.o -c /home/byrn/HDF_Projects/hdf5/dev/src/H5Gcache.c
[167/4114] /usr/bin/cc -D_FILE_OFFSET_BITS=64 -D_GNU_SOURCE -D_LARGEFILE_SOURCE -D_POSIX_C_SOURCE=200809L -I/home/byrn/HDF_Projects/hdf5/dev/src -I/home/byrn/HDF_Projects/hdf5/dev/src/H5FDsubfiling -I/home/byrn/HDF_Projects/hdf5/build/ci-StdShar-GNUC/src -I/home/byrn/HDF_Projects/hdf5/build/ci-StdShar-GNUC/_deps/hdf5_zlib-build -I/home/byrn/HDF_Projects/hdf5/build/ci-StdShar-GNUC/_deps/hdf5_zlib-src -I/home/byrn/HDF_Projects/hdf5/build/ci-StdShar-GNUC/_deps/szip-build -I/home/byrn/HDF_Projects/hdf5/build/ci-StdShar-GNUC/_deps/szip-src/include -I/home/byrn/HDF_Projects/hdf5/build/ci-StdShar-GNUC/_deps/szip-src -std=c99  -fstdarg-opt -fdiagnostics-urls=never -fno-diagnostics-color -fmessage-length=0 -O2 -g -DNDEBUG -std=gnu99 -fPIC -Wall -Wcast-qual -Wconversion -Wextra -Wfloat-equal -Wformat=2 -Winit-self -Winvalid-pch -Wmissing-include-dirs -Wshadow -Wundef -Wwrite-strings -pedantic -Wno-c++-compat -Wbad-function-cast -Wcast-align -Wformat -Wimplicit-function-declaration -Wint-to-pointer-cast -Wmissing-declarations -Wmissing-prototypes -Wnested-externs -Wold-style-definition -Wpacked -Wpointer-sign -Wpointer-to-int-cast -Wredundant-decls -Wstrict-prototypes -Wswitch -Wunused-but-set-variable -Wunused-variable -Wunused-function -Wunused-parameter -finline-functions -Wno-aggregate-return -Wno-inline -Wno-missing-format-attribute -Wno-missing-noreturn -Wno-overlength-strings -Wlarger-than=2560 -Wlogical-op -Wframe-larger-than=16384 -Wpacked-bitfield-compat -Wsync-nand -Wno-unsuffixed-float-constants -Wdouble-promotion -Wtrampolines -Wstack-usage=8192 -Wmaybe-uninitialized -Wno-jump-misses-init -Wstrict-overflow=2 -Wno-suggest-attribute=const -Wno-suggest-attribute=noreturn -Wno-suggest-attribute=pure -Wno-suggest-attribute=format -Wdate-time -Warray-bounds=2 -Wc99-c11-compat -Wincompatible-pointer-types -Wint-conversion -Wduplicated-cond -Whsa -Wnormalized -Wnull-dereference -Wunused-const-variable -Walloca -Walloc-zero -Wduplicated-branches -Wformat-overflow=2 -Wformat-truncation=1 -Wrestrict -Wattribute-alias -Wshift-overflow=2 -Wcast-function-type -Wcast-align=strict -Wno-suggest-attribute=cold -Wno-suggest-attribute=malloc -Wattribute-alias=2 -Wmissing-profile -Wc11-c2x-compat -MD -MT src/CMakeFiles/hdf5-static.dir/H5Gbtree2.c.o -MF src/CMakeFiles/hdf5-static.dir/H5Gbtree2.c.o.d -o src/CMakeFiles/hdf5-static.dir/H5Gbtree2.c.o -c /home/byrn/HDF_Projects/hdf5/dev/src/H5Gbtree2.c
[168/4114] /usr/bin/cc -D_FILE_OFFSET_BITS=64 -D_GNU_SOURCE -D_LARGEFILE_SOURCE -D_POSIX_C_SOURCE=200809L -I/home/byrn/HDF_Projects/hdf5/dev/src -I/home/byrn/HDF_Projects/hdf5/dev/src/H5FDsubfiling -I/home/byrn/HDF_Projects/hdf5/build/ci-StdShar-GNUC/src -I/home/byrn/HDF_Projects/hdf5/build/ci-StdShar-GNUC/_deps/hdf5_zlib-build -I/home/byrn/HDF_Projects/hdf5/build/ci-StdShar-GNUC/_deps/hdf5_zlib-src -I/home/byrn/HDF_Projects/hdf5/build/ci-StdShar-GNUC/_deps/szip-build -I/home/byrn/HDF_Projects/hdf5/build/ci-StdShar-GNUC/_deps/szip-src/include -I/home/byrn/HDF_Projects/hdf5/build/ci-StdShar-GNUC/_deps/szip-src -std=c99  -fstdarg-opt -fdiagnostics-urls=never -fno-diagnostics-color -fmessage-length=0 -O2 -g -DNDEBUG -std=gnu99 -fPIC -Wall -Wcast-qual -Wconversion -Wextra -Wfloat-equal -Wformat=2 -Winit-self -Winvalid-pch -Wmissing-include-dirs -Wshadow -Wundef -Wwrite-strings -pedantic -Wno-c++-compat -Wbad-function-cast -Wcast-align -Wformat -Wimplicit-function-declaration -Wint-to-pointer-cast -Wmissing-declarations -Wmissing-prototypes -Wnested-externs -Wold-style-definition -Wpacked -Wpointer-sign -Wpointer-to-int-cast -Wredundant-decls -Wstrict-prototypes -Wswitch -Wunused-but-set-variable -Wunused-variable -Wunused-function -Wunused-parameter -finline-functions -Wno-aggregate-return -Wno-inline -Wno-missing-format-attribute -Wno-missing-noreturn -Wno-overlength-strings -Wlarger-than=2560 -Wlogical-op -Wframe-larger-than=16384 -Wpacked-bitfield-compat -Wsync-nand -Wno-unsuffixed-float-constants -Wdouble-promotion -Wtrampolines -Wstack-usage=8192 -Wmaybe-uninitialized -Wno-jump-misses-init -Wstrict-overflow=2 -Wno-suggest-attribute=const -Wno-suggest-attribute=noreturn -Wno-suggest-attribute=pure -Wno-suggest-attribute=format -Wdate-time -Warray-bounds=2 -Wc99-c11-compat -Wincompatible-pointer-types -Wint-conversion -Wduplicated-cond -Whsa -Wnormalized -Wnull-dereference -Wunused-const-variable -Walloca -Walloc-zero -Wduplicated-branches -Wformat-overflow=2 -Wformat-truncation=1 -Wrestrict -Wattribute-alias -Wshift-overflow=2 -Wcast-function-type -Wcast-align=strict -Wno-suggest-attribute=cold -Wno-suggest-attribute=malloc -Wattribute-alias=2 -Wmissing-profile -Wc11-c2x-compat -MD -MT src/CMakeFiles/hdf5-static.dir/H5FScache.c.o -MF src/CMakeFiles/hdf5-static.dir/H5FScache.c.o.d -o src/CMakeFiles/hdf5-static.dir/H5FScache.c.o -c /home/byrn/HDF_Projects/hdf5/dev/src/H5FScache.c
[169/4114] /usr/bin/cc -D_FILE_OFFSET_BITS=64 -D_GNU_SOURCE -D_LARGEFILE_SOURCE -D_POSIX_C_SOURCE=200809L -I/home/byrn/HDF_Projects/hdf5/dev/src -I/home/byrn/HDF_Projects/hdf5/dev/src/H5FDsubfiling -I/home/byrn/HDF_Projects/hdf5/build/ci-StdShar-GNUC/src -I/home/byrn/HDF_Projects/hdf5/build/ci-StdShar-GNUC/_deps/hdf5_zlib-build -I/home/byrn/HDF_Projects/hdf5/build/ci-StdShar-GNUC/_deps/hdf5_zlib-src -I/home/byrn/HDF_Projects/hdf5/build/ci-StdShar-GNUC/_deps/szip-build -I/home/byrn/HDF_Projects/hdf5/build/ci-StdShar-GNUC/_deps/szip-src/include -I/home/byrn/HDF_Projects/hdf5/build/ci-StdShar-GNUC/_deps/szip-src -std=c99  -fstdarg-opt -fdiagnostics-urls=never -fno-diagnostics-color -fmessage-length=0 -O2 -g -DNDEBUG -std=gnu99 -fPIC -Wall -Wcast-qual -Wconversion -Wextra -Wfloat-equal -Wformat=2 -Winit-self -Winvalid-pch -Wmissing-include-dirs -Wshadow -Wundef -Wwrite-strings -pedantic -Wno-c++-compat -Wbad-function-cast -Wcast-align -Wformat -Wimplicit-function-declaration -Wint-to-pointer-cast -Wmissing-declarations -Wmissing-prototypes -Wnested-externs -Wold-style-definition -Wpacked -Wpointer-sign -Wpointer-to-int-cast -Wredundant-decls -Wstrict-prototypes -Wswitch -Wunused-but-set-variable -Wunused-variable -Wunused-function -Wunused-parameter -finline-functions -Wno-aggregate-return -Wno-inline -Wno-missing-format-attribute -Wno-missing-noreturn -Wno-overlength-strings -Wlarger-than=2560 -Wlogical-op -Wframe-larger-than=16384 -Wpacked-bitfield-compat -Wsync-nand -Wno-unsuffixed-float-constants -Wdouble-promotion -Wtrampolines -Wstack-usage=8192 -Wmaybe-uninitialized -Wno-jump-misses-init -Wstrict-overflow=2 -Wno-suggest-attribute=const -Wno-suggest-attribute=noreturn -Wno-suggest-attribute=pure -Wno-suggest-attribute=format -Wdate-time -Warray-bounds=2 -Wc99-c11-compat -Wincompatible-pointer-types -Wint-conversion -Wduplicated-cond -Whsa -Wnormalized -Wnull-dereference -Wunused-const-variable -Walloca -Walloc-zero -Wduplicated-branches -Wformat-overflow=2 -Wformat-truncation=1 -Wrestrict -Wattribute-alias -Wshift-overflow=2 -Wcast-function-type -Wcast-align=strict -Wno-suggest-attribute=cold -Wno-suggest-attribute=malloc -Wattribute-alias=2 -Wmissing-profile -Wc11-c2x-compat -MD -MT src/CMakeFiles/hdf5-static.dir/H5Gcompact.c.o -MF src/CMakeFiles/hdf5-static.dir/H5Gcompact.c.o.d -o src/CMakeFiles/hdf5-static.dir/H5Gcompact.c.o -c /home/byrn/HDF_Projects/hdf5/dev/src/H5Gcompact.c
[170/4114] /usr/bin/cc -D_FILE_OFFSET_BITS=64 -D_GNU_SOURCE -D_LARGEFILE_SOURCE -D_POSIX_C_SOURCE=200809L -I/home/byrn/HDF_Projects/hdf5/dev/src -I/home/byrn/HDF_Projects/hdf5/dev/src/H5FDsubfiling -I/home/byrn/HDF_Projects/hdf5/build/ci-StdShar-GNUC/src -I/home/byrn/HDF_Projects/hdf5/build/ci-StdShar-GNUC/_deps/hdf5_zlib-build -I/home/byrn/HDF_Projects/hdf5/build/ci-StdShar-GNUC/_deps/hdf5_zlib-src -I/home/byrn/HDF_Projects/hdf5/build/ci-StdShar-GNUC/_deps/szip-build -I/home/byrn/HDF_Projects/hdf5/build/ci-StdShar-GNUC/_deps/szip-src/include -I/home/byrn/HDF_Projects/hdf5/build/ci-StdShar-GNUC/_deps/szip-src -std=c99  -fstdarg-opt -fdiagnostics-urls=never -fno-diagnostics-color -fmessage-length=0 -O2 -g -DNDEBUG -std=gnu99 -fPIC -Wall -Wcast-qual -Wconversion -Wextra -Wfloat-equal -Wformat=2 -Winit-self -Winvalid-pch -Wmissing-include-dirs -Wshadow -Wundef -Wwrite-strings -pedantic -Wno-c++-compat -Wbad-function-cast -Wcast-align -Wformat -Wimplicit-function-declaration -Wint-to-pointer-cast -Wmissing-declarations -Wmissing-prototypes -Wnested-externs -Wold-style-definition -Wpacked -Wpointer-sign -Wpointer-to-int-cast -Wredundant-decls -Wstrict-prototypes -Wswitch -Wunused-but-set-variable -Wunused-variable -Wunused-function -Wunused-parameter -finline-functions -Wno-aggregate-return -Wno-inline -Wno-missing-format-attribute -Wno-missing-noreturn -Wno-overlength-strings -Wlarger-than=2560 -Wlogical-op -Wframe-larger-than=16384 -Wpacked-bitfield-compat -Wsync-nand -Wno-unsuffixed-float-constants -Wdouble-promotion -Wtrampolines -Wstack-usage=8192 -Wmaybe-uninitialized -Wno-jump-misses-init -Wstrict-overflow=2 -Wno-suggest-attribute=const -Wno-suggest-attribute=noreturn -Wno-suggest-attribute=pure -Wno-suggest-attribute=format -Wdate-time -Warray-bounds=2 -Wc99-c11-compat -Wincompatible-pointer-types -Wint-conversion -Wduplicated-cond -Whsa -Wnormalized -Wnull-dereference -Wunused-const-variable -Walloca -Walloc-zero -Wduplicated-branches -Wformat-overflow=2 -Wformat-truncation=1 -Wrestrict -Wattribute-alias -Wshift-overflow=2 -Wcast-function-type -Wcast-align=strict -Wno-suggest-attribute=cold -Wno-suggest-attribute=malloc -Wattribute-alias=2 -Wmissing-profile -Wc11-c2x-compat -MD -MT src/CMakeFiles/hdf5-static.dir/H5Glink.c.o -MF src/CMakeFiles/hdf5-static.dir/H5Glink.c.o.d -o src/CMakeFiles/hdf5-static.dir/H5Glink.c.o -c /home/byrn/HDF_Projects/hdf5/dev/src/H5Glink.c
[171/4114] /usr/bin/cc -D_FILE_OFFSET_BITS=64 -D_GNU_SOURCE -D_LARGEFILE_SOURCE -D_POSIX_C_SOURCE=200809L -I/home/byrn/HDF_Projects/hdf5/dev/src -I/home/byrn/HDF_Projects/hdf5/dev/src/H5FDsubfiling -I/home/byrn/HDF_Projects/hdf5/build/ci-StdShar-GNUC/src -I/home/byrn/HDF_Projects/hdf5/build/ci-StdShar-GNUC/_deps/hdf5_zlib-build -I/home/byrn/HDF_Projects/hdf5/build/ci-StdShar-GNUC/_deps/hdf5_zlib-src -I/home/byrn/HDF_Projects/hdf5/build/ci-StdShar-GNUC/_deps/szip-build -I/home/byrn/HDF_Projects/hdf5/build/ci-StdShar-GNUC/_deps/szip-src/include -I/home/byrn/HDF_Projects/hdf5/build/ci-StdShar-GNUC/_deps/szip-src -std=c99  -fstdarg-opt -fdiagnostics-urls=never -fno-diagnostics-color -fmessage-length=0 -O2 -g -DNDEBUG -std=gnu99 -fPIC -Wall -Wcast-qual -Wconversion -Wextra -Wfloat-equal -Wformat=2 -Winit-self -Winvalid-pch -Wmissing-include-dirs -Wshadow -Wundef -Wwrite-strings -pedantic -Wno-c++-compat -Wbad-function-cast -Wcast-align -Wformat -Wimplicit-function-declaration -Wint-to-pointer-cast -Wmissing-declarations -Wmissing-prototypes -Wnested-externs -Wold-style-definition -Wpacked -Wpointer-sign -Wpointer-to-int-cast -Wredundant-decls -Wstrict-prototypes -Wswitch -Wunused-but-set-variable -Wunused-variable -Wunused-function -Wunused-parameter -finline-functions -Wno-aggregate-return -Wno-inline -Wno-missing-format-attribute -Wno-missing-noreturn -Wno-overlength-strings -Wlarger-than=2560 -Wlogical-op -Wframe-larger-than=16384 -Wpacked-bitfield-compat -Wsync-nand -Wno-unsuffixed-float-constants -Wdouble-promotion -Wtrampolines -Wstack-usage=8192 -Wmaybe-uninitialized -Wno-jump-misses-init -Wstrict-overflow=2 -Wno-suggest-attribute=const -Wno-suggest-attribute=noreturn -Wno-suggest-attribute=pure -Wno-suggest-attribute=format -Wdate-time -Warray-bounds=2 -Wc99-c11-compat -Wincompatible-pointer-types -Wint-conversion -Wduplicated-cond -Whsa -Wnormalized -Wnull-dereference -Wunused-const-variable -Walloca -Walloc-zero -Wduplicated-branches -Wformat-overflow=2 -Wformat-truncation=1 -Wrestrict -Wattribute-alias -Wshift-overflow=2 -Wcast-function-type -Wcast-align=strict -Wno-suggest-attribute=cold -Wno-suggest-attribute=malloc -Wattribute-alias=2 -Wmissing-profile -Wc11-c2x-compat -MD -MT src/CMakeFiles/hdf5-static.dir/H5G.c.o -MF src/CMakeFiles/hdf5-static.dir/H5G.c.o.d -o src/CMakeFiles/hdf5-static.dir/H5G.c.o -c /home/byrn/HDF_Projects/hdf5/dev/src/H5G.c
[172/4114] /usr/bin/cc -D_FILE_OFFSET_BITS=64 -D_GNU_SOURCE -D_LARGEFILE_SOURCE -D_POSIX_C_SOURCE=200809L -I/home/byrn/HDF_Projects/hdf5/dev/src -I/home/byrn/HDF_Projects/hdf5/dev/src/H5FDsubfiling -I/home/byrn/HDF_Projects/hdf5/build/ci-StdShar-GNUC/src -I/home/byrn/HDF_Projects/hdf5/build/ci-StdShar-GNUC/_deps/hdf5_zlib-build -I/home/byrn/HDF_Projects/hdf5/build/ci-StdShar-GNUC/_deps/hdf5_zlib-src -I/home/byrn/HDF_Projects/hdf5/build/ci-StdShar-GNUC/_deps/szip-build -I/home/byrn/HDF_Projects/hdf5/build/ci-StdShar-GNUC/_deps/szip-src/include -I/home/byrn/HDF_Projects/hdf5/build/ci-StdShar-GNUC/_deps/szip-src -std=c99  -fstdarg-opt -fdiagnostics-urls=never -fno-diagnostics-color -fmessage-length=0 -O2 -g -DNDEBUG -std=gnu99 -fPIC -Wall -Wcast-qual -Wconversion -Wextra -Wfloat-equal -Wformat=2 -Winit-self -Winvalid-pch -Wmissing-include-dirs -Wshadow -Wundef -Wwrite-strings -pedantic -Wno-c++-compat -Wbad-function-cast -Wcast-align -Wformat -Wimplicit-function-declaration -Wint-to-pointer-cast -Wmissing-declarations -Wmissing-prototypes -Wnested-externs -Wold-style-definition -Wpacked -Wpointer-sign -Wpointer-to-int-cast -Wredundant-decls -Wstrict-prototypes -Wswitch -Wunused-but-set-variable -Wunused-variable -Wunused-function -Wunused-parameter -finline-functions -Wno-aggregate-return -Wno-inline -Wno-missing-format-attribute -Wno-missing-noreturn -Wno-overlength-strings -Wlarger-than=2560 -Wlogical-op -Wframe-larger-than=16384 -Wpacked-bitfield-compat -Wsync-nand -Wno-unsuffixed-float-constants -Wdouble-promotion -Wtrampolines -Wstack-usage=8192 -Wmaybe-uninitialized -Wno-jump-misses-init -Wstrict-overflow=2 -Wno-suggest-attribute=const -Wno-suggest-attribute=noreturn -Wno-suggest-attribute=pure -Wno-suggest-attribute=format -Wdate-time -Warray-bounds=2 -Wc99-c11-compat -Wincompatible-pointer-types -Wint-conversion -Wduplicated-cond -Whsa -Wnormalized -Wnull-dereference -Wunused-const-variable -Walloca -Walloc-zero -Wduplicated-branches -Wformat-overflow=2 -Wformat-truncation=1 -Wrestrict -Wattribute-alias -Wshift-overflow=2 -Wcast-function-type -Wcast-align=strict -Wno-suggest-attribute=cold -Wno-suggest-attribute=malloc -Wattribute-alias=2 -Wmissing-profile -Wc11-c2x-compat -MD -MT src/CMakeFiles/hdf5-static.dir/H5Gent.c.o -MF src/CMakeFiles/hdf5-static.dir/H5Gent.c.o.d -o src/CMakeFiles/hdf5-static.dir/H5Gent.c.o -c /home/byrn/HDF_Projects/hdf5/dev/src/H5Gent.c
[173/4114] /usr/bin/cc -D_FILE_OFFSET_BITS=64 -D_GNU_SOURCE -D_LARGEFILE_SOURCE -D_POSIX_C_SOURCE=200809L -I/home/byrn/HDF_Projects/hdf5/dev/src -I/home/byrn/HDF_Projects/hdf5/dev/src/H5FDsubfiling -I/home/byrn/HDF_Projects/hdf5/build/ci-StdShar-GNUC/src -I/home/byrn/HDF_Projects/hdf5/build/ci-StdShar-GNUC/_deps/hdf5_zlib-build -I/home/byrn/HDF_Projects/hdf5/build/ci-StdShar-GNUC/_deps/hdf5_zlib-src -I/home/byrn/HDF_Projects/hdf5/build/ci-StdShar-GNUC/_deps/szip-build -I/home/byrn/HDF_Projects/hdf5/build/ci-StdShar-GNUC/_deps/szip-src/include -I/home/byrn/HDF_Projects/hdf5/build/ci-StdShar-GNUC/_deps/szip-src -std=c99  -fstdarg-opt -fdiagnostics-urls=never -fno-diagnostics-color -fmessage-length=0 -O2 -g -DNDEBUG -std=gnu99 -fPIC -Wall -Wcast-qual -Wconversion -Wextra -Wfloat-equal -Wformat=2 -Winit-self -Winvalid-pch -Wmissing-include-dirs -Wshadow -Wundef -Wwrite-strings -pedantic -Wno-c++-compat -Wbad-function-cast -Wcast-align -Wformat -Wimplicit-function-declaration -Wint-to-pointer-cast -Wmissing-declarations -Wmissing-prototypes -Wnested-externs -Wold-style-definition -Wpacked -Wpointer-sign -Wpointer-to-int-cast -Wredundant-decls -Wstrict-prototypes -Wswitch -Wunused-but-set-variable -Wunused-variable -Wunused-function -Wunused-parameter -finline-functions -Wno-aggregate-return -Wno-inline -Wno-missing-format-attribute -Wno-missing-noreturn -Wno-overlength-strings -Wlarger-than=2560 -Wlogical-op -Wframe-larger-than=16384 -Wpacked-bitfield-compat -Wsync-nand -Wno-unsuffixed-float-constants -Wdouble-promotion -Wtrampolines -Wstack-usage=8192 -Wmaybe-uninitialized -Wno-jump-misses-init -Wstrict-overflow=2 -Wno-suggest-attribute=const -Wno-suggest-attribute=noreturn -Wno-suggest-attribute=pure -Wno-suggest-attribute=format -Wdate-time -Warray-bounds=2 -Wc99-c11-compat -Wincompatible-pointer-types -Wint-conversion -Wduplicated-cond -Whsa -Wnormalized -Wnull-dereference -Wunused-const-variable -Walloca -Walloc-zero -Wduplicated-branches -Wformat-overflow=2 -Wformat-truncation=1 -Wrestrict -Wattribute-alias -Wshift-overflow=2 -Wcast-function-type -Wcast-align=strict -Wno-suggest-attribute=cold -Wno-suggest-attribute=malloc -Wattribute-alias=2 -Wmissing-profile -Wc11-c2x-compat -MD -MT src/CMakeFiles/hdf5-static.dir/H5FSsection.c.o -MF src/CMakeFiles/hdf5-static.dir/H5FSsection.c.o.d -o src/CMakeFiles/hdf5-static.dir/H5FSsection.c.o -c /home/byrn/HDF_Projects/hdf5/dev/src/H5FSsection.c
[174/4114] /usr/bin/cc -D_FILE_OFFSET_BITS=64 -D_GNU_SOURCE -D_LARGEFILE_SOURCE -D_POSIX_C_SOURCE=200809L -I/home/byrn/HDF_Projects/hdf5/dev/src -I/home/byrn/HDF_Projects/hdf5/dev/src/H5FDsubfiling -I/home/byrn/HDF_Projects/hdf5/build/ci-StdShar-GNUC/src -I/home/byrn/HDF_Projects/hdf5/build/ci-StdShar-GNUC/_deps/hdf5_zlib-build -I/home/byrn/HDF_Projects/hdf5/build/ci-StdShar-GNUC/_deps/hdf5_zlib-src -I/home/byrn/HDF_Projects/hdf5/build/ci-StdShar-GNUC/_deps/szip-build -I/home/byrn/HDF_Projects/hdf5/build/ci-StdShar-GNUC/_deps/szip-src/include -I/home/byrn/HDF_Projects/hdf5/build/ci-StdShar-GNUC/_deps/szip-src -std=c99  -fstdarg-opt -fdiagnostics-urls=never -fno-diagnostics-color -fmessage-length=0 -O2 -g -DNDEBUG -std=gnu99 -fPIC -Wall -Wcast-qual -Wconversion -Wextra -Wfloat-equal -Wformat=2 -Winit-self -Winvalid-pch -Wmissing-include-dirs -Wshadow -Wundef -Wwrite-strings -pedantic -Wno-c++-compat -Wbad-function-cast -Wcast-align -Wformat -Wimplicit-function-declaration -Wint-to-pointer-cast -Wmissing-declarations -Wmissing-prototypes -Wnested-externs -Wold-style-definition -Wpacked -Wpointer-sign -Wpointer-to-int-cast -Wredundant-decls -Wstrict-prototypes -Wswitch -Wunused-but-set-variable -Wunused-variable -Wunused-function -Wunused-parameter -finline-functions -Wno-aggregate-return -Wno-inline -Wno-missing-format-attribute -Wno-missing-noreturn -Wno-overlength-strings -Wlarger-than=2560 -Wlogical-op -Wframe-larger-than=16384 -Wpacked-bitfield-compat -Wsync-nand -Wno-unsuffixed-float-constants -Wdouble-promotion -Wtrampolines -Wstack-usage=8192 -Wmaybe-uninitialized -Wno-jump-misses-init -Wstrict-overflow=2 -Wno-suggest-attribute=const -Wno-suggest-attribute=noreturn -Wno-suggest-attribute=pure -Wno-suggest-attribute=format -Wdate-time -Warray-bounds=2 -Wc99-c11-compat -Wincompatible-pointer-types -Wint-conversion -Wduplicated-cond -Whsa -Wnormalized -Wnull-dereference -Wunused-const-variable -Walloca -Walloc-zero -Wduplicated-branches -Wformat-overflow=2 -Wformat-truncation=1 -Wrestrict -Wattribute-alias -Wshift-overflow=2 -Wcast-function-type -Wcast-align=strict -Wno-suggest-attribute=cold -Wno-suggest-attribute=malloc -Wattribute-alias=2 -Wmissing-profile -Wc11-c2x-compat -MD -MT src/CMakeFiles/hdf5-static.dir/H5Gint.c.o -MF src/CMakeFiles/hdf5-static.dir/H5Gint.c.o.d -o src/CMakeFiles/hdf5-static.dir/H5Gint.c.o -c /home/byrn/HDF_Projects/hdf5/dev/src/H5Gint.c
[175/4114] /usr/bin/cc -D_FILE_OFFSET_BITS=64 -D_GNU_SOURCE -D_LARGEFILE_SOURCE -D_POSIX_C_SOURCE=200809L -I/home/byrn/HDF_Projects/hdf5/dev/src -I/home/byrn/HDF_Projects/hdf5/dev/src/H5FDsubfiling -I/home/byrn/HDF_Projects/hdf5/build/ci-StdShar-GNUC/src -I/home/byrn/HDF_Projects/hdf5/build/ci-StdShar-GNUC/_deps/hdf5_zlib-build -I/home/byrn/HDF_Projects/hdf5/build/ci-StdShar-GNUC/_deps/hdf5_zlib-src -I/home/byrn/HDF_Projects/hdf5/build/ci-StdShar-GNUC/_deps/szip-build -I/home/byrn/HDF_Projects/hdf5/build/ci-StdShar-GNUC/_deps/szip-src/include -I/home/byrn/HDF_Projects/hdf5/build/ci-StdShar-GNUC/_deps/szip-src -std=c99  -fstdarg-opt -fdiagnostics-urls=never -fno-diagnostics-color -fmessage-length=0 -O2 -g -DNDEBUG -std=gnu99 -fPIC -Wall -Wcast-qual -Wconversion -Wextra -Wfloat-equal -Wformat=2 -Winit-self -Winvalid-pch -Wmissing-include-dirs -Wshadow -Wundef -Wwrite-strings -pedantic -Wno-c++-compat -Wbad-function-cast -Wcast-align -Wformat -Wimplicit-function-declaration -Wint-to-pointer-cast -Wmissing-declarations -Wmissing-prototypes -Wnested-externs -Wold-style-definition -Wpacked -Wpointer-sign -Wpointer-to-int-cast -Wredundant-decls -Wstrict-prototypes -Wswitch -Wunused-but-set-variable -Wunused-variable -Wunused-function -Wunused-parameter -finline-functions -Wno-aggregate-return -Wno-inline -Wno-missing-format-attribute -Wno-missing-noreturn -Wno-overlength-strings -Wlarger-than=2560 -Wlogical-op -Wframe-larger-than=16384 -Wpacked-bitfield-compat -Wsync-nand -Wno-unsuffixed-float-constants -Wdouble-promotion -Wtrampolines -Wstack-usage=8192 -Wmaybe-uninitialized -Wno-jump-misses-init -Wstrict-overflow=2 -Wno-suggest-attribute=const -Wno-suggest-attribute=noreturn -Wno-suggest-attribute=pure -Wno-suggest-attribute=format -Wdate-time -Warray-bounds=2 -Wc99-c11-compat -Wincompatible-pointer-types -Wint-conversion -Wduplicated-cond -Whsa -Wnormalized -Wnull-dereference -Wunused-const-variable -Walloca -Walloc-zero -Wduplicated-branches -Wformat-overflow=2 -Wformat-truncation=1 -Wrestrict -Wattribute-alias -Wshift-overflow=2 -Wcast-function-type -Wcast-align=strict -Wno-suggest-attribute=cold -Wno-suggest-attribute=malloc -Wattribute-alias=2 -Wmissing-profile -Wc11-c2x-compat -MD -MT src/CMakeFiles/hdf5-static.dir/H5Goh.c.o -MF src/CMakeFiles/hdf5-static.dir/H5Goh.c.o.d -o src/CMakeFiles/hdf5-static.dir/H5Goh.c.o -c /home/byrn/HDF_Projects/hdf5/dev/src/H5Goh.c
[176/4114] /usr/bin/cc -D_FILE_OFFSET_BITS=64 -D_GNU_SOURCE -D_LARGEFILE_SOURCE -D_POSIX_C_SOURCE=200809L -I/home/byrn/HDF_Projects/hdf5/dev/src -I/home/byrn/HDF_Projects/hdf5/dev/src/H5FDsubfiling -I/home/byrn/HDF_Projects/hdf5/build/ci-StdShar-GNUC/src -I/home/byrn/HDF_Projects/hdf5/build/ci-StdShar-GNUC/_deps/hdf5_zlib-build -I/home/byrn/HDF_Projects/hdf5/build/ci-StdShar-GNUC/_deps/hdf5_zlib-src -I/home/byrn/HDF_Projects/hdf5/build/ci-StdShar-GNUC/_deps/szip-build -I/home/byrn/HDF_Projects/hdf5/build/ci-StdShar-GNUC/_deps/szip-src/include -I/home/byrn/HDF_Projects/hdf5/build/ci-StdShar-GNUC/_deps/szip-src -std=c99  -fstdarg-opt -fdiagnostics-urls=never -fno-diagnostics-color -fmessage-length=0 -O2 -g -DNDEBUG -std=gnu99 -fPIC -Wall -Wcast-qual -Wconversion -Wextra -Wfloat-equal -Wformat=2 -Winit-self -Winvalid-pch -Wmissing-include-dirs -Wshadow -Wundef -Wwrite-strings -pedantic -Wno-c++-compat -Wbad-function-cast -Wcast-align -Wformat -Wimplicit-function-declaration -Wint-to-pointer-cast -Wmissing-declarations -Wmissing-prototypes -Wnested-externs -Wold-style-definition -Wpacked -Wpointer-sign -Wpointer-to-int-cast -Wredundant-decls -Wstrict-prototypes -Wswitch -Wunused-but-set-variable -Wunused-variable -Wunused-function -Wunused-parameter -finline-functions -Wno-aggregate-return -Wno-inline -Wno-missing-format-attribute -Wno-missing-noreturn -Wno-overlength-strings -Wlarger-than=2560 -Wlogical-op -Wframe-larger-than=16384 -Wpacked-bitfield-compat -Wsync-nand -Wno-unsuffixed-float-constants -Wdouble-promotion -Wtrampolines -Wstack-usage=8192 -Wmaybe-uninitialized -Wno-jump-misses-init -Wstrict-overflow=2 -Wno-suggest-attribute=const -Wno-suggest-attribute=noreturn -Wno-suggest-attribute=pure -Wno-suggest-attribute=format -Wdate-time -Warray-bounds=2 -Wc99-c11-compat -Wincompatible-pointer-types -Wint-conversion -Wduplicated-cond -Whsa -Wnormalized -Wnull-dereference -Wunused-const-variable -Walloca -Walloc-zero -Wduplicated-branches -Wformat-overflow=2 -Wformat-truncation=1 -Wrestrict -Wattribute-alias -Wshift-overflow=2 -Wcast-function-type -Wcast-align=strict -Wno-suggest-attribute=cold -Wno-suggest-attribute=malloc -Wattribute-alias=2 -Wmissing-profile -Wc11-c2x-compat -MD -MT src/CMakeFiles/hdf5-static.dir/H5Gdense.c.o -MF src/CMakeFiles/hdf5-static.dir/H5Gdense.c.o.d -o src/CMakeFiles/hdf5-static.dir/H5Gdense.c.o -c /home/byrn/HDF_Projects/hdf5/dev/src/H5Gdense.c
[177/4114] /usr/bin/cc -D_FILE_OFFSET_BITS=64 -D_GNU_SOURCE -D_LARGEFILE_SOURCE -D_POSIX_C_SOURCE=200809L -I/home/byrn/HDF_Projects/hdf5/dev/src -I/home/byrn/HDF_Projects/hdf5/dev/src/H5FDsubfiling -I/home/byrn/HDF_Projects/hdf5/build/ci-StdShar-GNUC/src -I/home/byrn/HDF_Projects/hdf5/build/ci-StdShar-GNUC/_deps/hdf5_zlib-build -I/home/byrn/HDF_Projects/hdf5/build/ci-StdShar-GNUC/_deps/hdf5_zlib-src -I/home/byrn/HDF_Projects/hdf5/build/ci-StdShar-GNUC/_deps/szip-build -I/home/byrn/HDF_Projects/hdf5/build/ci-StdShar-GNUC/_deps/szip-src/include -I/home/byrn/HDF_Projects/hdf5/build/ci-StdShar-GNUC/_deps/szip-src -std=c99  -fstdarg-opt -fdiagnostics-urls=never -fno-diagnostics-color -fmessage-length=0 -O2 -g -DNDEBUG -std=gnu99 -fPIC -Wall -Wcast-qual -Wconversion -Wextra -Wfloat-equal -Wformat=2 -Winit-self -Winvalid-pch -Wmissing-include-dirs -Wshadow -Wundef -Wwrite-strings -pedantic -Wno-c++-compat -Wbad-function-cast -Wcast-align -Wformat -Wimplicit-function-declaration -Wint-to-pointer-cast -Wmissing-declarations -Wmissing-prototypes -Wnested-externs -Wold-style-definition -Wpacked -Wpointer-sign -Wpointer-to-int-cast -Wredundant-decls -Wstrict-prototypes -Wswitch -Wunused-but-set-variable -Wunused-variable -Wunused-function -Wunused-parameter -finline-functions -Wno-aggregate-return -Wno-inline -Wno-missing-format-attribute -Wno-missing-noreturn -Wno-overlength-strings -Wlarger-than=2560 -Wlogical-op -Wframe-larger-than=16384 -Wpacked-bitfield-compat -Wsync-nand -Wno-unsuffixed-float-constants -Wdouble-promotion -Wtrampolines -Wstack-usage=8192 -Wmaybe-uninitialized -Wno-jump-misses-init -Wstrict-overflow=2 -Wno-suggest-attribute=const -Wno-suggest-attribute=noreturn -Wno-suggest-attribute=pure -Wno-suggest-attribute=format -Wdate-time -Warray-bounds=2 -Wc99-c11-compat -Wincompatible-pointer-types -Wint-conversion -Wduplicated-cond -Whsa -Wnormalized -Wnull-dereference -Wunused-const-variable -Walloca -Walloc-zero -Wduplicated-branches -Wformat-overflow=2 -Wformat-truncation=1 -Wrestrict -Wattribute-alias -Wshift-overflow=2 -Wcast-function-type -Wcast-align=strict -Wno-suggest-attribute=cold -Wno-suggest-attribute=malloc -Wattribute-alias=2 -Wmissing-profile -Wc11-c2x-compat -MD -MT src/CMakeFiles/hdf5-static.dir/H5Gdeprec.c.o -MF src/CMakeFiles/hdf5-static.dir/H5Gdeprec.c.o.d -o src/CMakeFiles/hdf5-static.dir/H5Gdeprec.c.o -c /home/byrn/HDF_Projects/hdf5/dev/src/H5Gdeprec.c
[178/4114] /usr/bin/cc -D_FILE_OFFSET_BITS=64 -D_GNU_SOURCE -D_LARGEFILE_SOURCE -D_POSIX_C_SOURCE=200809L -I/home/byrn/HDF_Projects/hdf5/dev/src -I/home/byrn/HDF_Projects/hdf5/dev/src/H5FDsubfiling -I/home/byrn/HDF_Projects/hdf5/build/ci-StdShar-GNUC/src -I/home/byrn/HDF_Projects/hdf5/build/ci-StdShar-GNUC/_deps/hdf5_zlib-build -I/home/byrn/HDF_Projects/hdf5/build/ci-StdShar-GNUC/_deps/hdf5_zlib-src -I/home/byrn/HDF_Projects/hdf5/build/ci-StdShar-GNUC/_deps/szip-build -I/home/byrn/HDF_Projects/hdf5/build/ci-StdShar-GNUC/_deps/szip-src/include -I/home/byrn/HDF_Projects/hdf5/build/ci-StdShar-GNUC/_deps/szip-src -std=c99  -fstdarg-opt -fdiagnostics-urls=never -fno-diagnostics-color -fmessage-length=0 -O2 -g -DNDEBUG -std=gnu99 -fPIC -Wall -Wcast-qual -Wconversion -Wextra -Wfloat-equal -Wformat=2 -Winit-self -Winvalid-pch -Wmissing-include-dirs -Wshadow -Wundef -Wwrite-strings -pedantic -Wno-c++-compat -Wbad-function-cast -Wcast-align -Wformat -Wimplicit-function-declaration -Wint-to-pointer-cast -Wmissing-declarations -Wmissing-prototypes -Wnested-externs -Wold-style-definition -Wpacked -Wpointer-sign -Wpointer-to-int-cast -Wredundant-decls -Wstrict-prototypes -Wswitch -Wunused-but-set-variable -Wunused-variable -Wunused-function -Wunused-parameter -finline-functions -Wno-aggregate-return -Wno-inline -Wno-missing-format-attribute -Wno-missing-noreturn -Wno-overlength-strings -Wlarger-than=2560 -Wlogical-op -Wframe-larger-than=16384 -Wpacked-bitfield-compat -Wsync-nand -Wno-unsuffixed-float-constants -Wdouble-promotion -Wtrampolines -Wstack-usage=8192 -Wmaybe-uninitialized -Wno-jump-misses-init -Wstrict-overflow=2 -Wno-suggest-attribute=const -Wno-suggest-attribute=noreturn -Wno-suggest-attribute=pure -Wno-suggest-attribute=format -Wdate-time -Warray-bounds=2 -Wc99-c11-compat -Wincompatible-pointer-types -Wint-conversion -Wduplicated-cond -Whsa -Wnormalized -Wnull-dereference -Wunused-const-variable -Walloca -Walloc-zero -Wduplicated-branches -Wformat-overflow=2 -Wformat-truncation=1 -Wrestrict -Wattribute-alias -Wshift-overflow=2 -Wcast-function-type -Wcast-align=strict -Wno-suggest-attribute=cold -Wno-suggest-attribute=malloc -Wattribute-alias=2 -Wmissing-profile -Wc11-c2x-compat -MD -MT src/CMakeFiles/hdf5-static.dir/H5Gname.c.o -MF src/CMakeFiles/hdf5-static.dir/H5Gname.c.o.d -o src/CMakeFiles/hdf5-static.dir/H5Gname.c.o -c /home/byrn/HDF_Projects/hdf5/dev/src/H5Gname.c
[179/4114] /usr/bin/cc -D_FILE_OFFSET_BITS=64 -D_GNU_SOURCE -D_LARGEFILE_SOURCE -D_POSIX_C_SOURCE=200809L -I/home/byrn/HDF_Projects/hdf5/dev/src -I/home/byrn/HDF_Projects/hdf5/dev/src/H5FDsubfiling -I/home/byrn/HDF_Projects/hdf5/build/ci-StdShar-GNUC/src -I/home/byrn/HDF_Projects/hdf5/build/ci-StdShar-GNUC/_deps/hdf5_zlib-build -I/home/byrn/HDF_Projects/hdf5/build/ci-StdShar-GNUC/_deps/hdf5_zlib-src -I/home/byrn/HDF_Projects/hdf5/build/ci-StdShar-GNUC/_deps/szip-build -I/home/byrn/HDF_Projects/hdf5/build/ci-StdShar-GNUC/_deps/szip-src/include -I/home/byrn/HDF_Projects/hdf5/build/ci-StdShar-GNUC/_deps/szip-src -std=c99  -fstdarg-opt -fdiagnostics-urls=never -fno-diagnostics-color -fmessage-length=0 -O2 -g -DNDEBUG -std=gnu99 -fPIC -Wall -Wcast-qual -Wconversion -Wextra -Wfloat-equal -Wformat=2 -Winit-self -Winvalid-pch -Wmissing-include-dirs -Wshadow -Wundef -Wwrite-strings -pedantic -Wno-c++-compat -Wbad-function-cast -Wcast-align -Wformat -Wimplicit-function-declaration -Wint-to-pointer-cast -Wmissing-declarations -Wmissing-prototypes -Wnested-externs -Wold-style-definition -Wpacked -Wpointer-sign -Wpointer-to-int-cast -Wredundant-decls -Wstrict-prototypes -Wswitch -Wunused-but-set-variable -Wunused-variable -Wunused-function -Wunused-parameter -finline-functions -Wno-aggregate-return -Wno-inline -Wno-missing-format-attribute -Wno-missing-noreturn -Wno-overlength-strings -Wlarger-than=2560 -Wlogical-op -Wframe-larger-than=16384 -Wpacked-bitfield-compat -Wsync-nand -Wno-unsuffixed-float-constants -Wdouble-promotion -Wtrampolines -Wstack-usage=8192 -Wmaybe-uninitialized -Wno-jump-misses-init -Wstrict-overflow=2 -Wno-suggest-attribute=const -Wno-suggest-attribute=noreturn -Wno-suggest-attribute=pure -Wno-suggest-attribute=format -Wdate-time -Warray-bounds=2 -Wc99-c11-compat -Wincompatible-pointer-types -Wint-conversion -Wduplicated-cond -Whsa -Wnormalized -Wnull-dereference -Wunused-const-variable -Walloca -Walloc-zero -Wduplicated-branches -Wformat-overflow=2 -Wformat-truncation=1 -Wrestrict -Wattribute-alias -Wshift-overflow=2 -Wcast-function-type -Wcast-align=strict -Wno-suggest-attribute=cold -Wno-suggest-attribute=malloc -Wattribute-alias=2 -Wmissing-profile -Wc11-c2x-compat -MD -MT src/CMakeFiles/hdf5-static.dir/H5Gloc.c.o -MF src/CMakeFiles/hdf5-static.dir/H5Gloc.c.o.d -o src/CMakeFiles/hdf5-static.dir/H5Gloc.c.o -c /home/byrn/HDF_Projects/hdf5/dev/src/H5Gloc.c
[180/4114] /usr/bin/cc -D_FILE_OFFSET_BITS=64 -D_GNU_SOURCE -D_LARGEFILE_SOURCE -D_POSIX_C_SOURCE=200809L -I/home/byrn/HDF_Projects/hdf5/dev/src -I/home/byrn/HDF_Projects/hdf5/dev/src/H5FDsubfiling -I/home/byrn/HDF_Projects/hdf5/build/ci-StdShar-GNUC/src -I/home/byrn/HDF_Projects/hdf5/build/ci-StdShar-GNUC/_deps/hdf5_zlib-build -I/home/byrn/HDF_Projects/hdf5/build/ci-StdShar-GNUC/_deps/hdf5_zlib-src -I/home/byrn/HDF_Projects/hdf5/build/ci-StdShar-GNUC/_deps/szip-build -I/home/byrn/HDF_Projects/hdf5/build/ci-StdShar-GNUC/_deps/szip-src/include -I/home/byrn/HDF_Projects/hdf5/build/ci-StdShar-GNUC/_deps/szip-src -std=c99  -fstdarg-opt -fdiagnostics-urls=never -fno-diagnostics-color -fmessage-length=0 -O2 -g -DNDEBUG -std=gnu99 -fPIC -Wall -Wcast-qual -Wconversion -Wextra -Wfloat-equal -Wformat=2 -Winit-self -Winvalid-pch -Wmissing-include-dirs -Wshadow -Wundef -Wwrite-strings -pedantic -Wno-c++-compat -Wbad-function-cast -Wcast-align -Wformat -Wimplicit-function-declaration -Wint-to-pointer-cast -Wmissing-declarations -Wmissing-prototypes -Wnested-externs -Wold-style-definition -Wpacked -Wpointer-sign -Wpointer-to-int-cast -Wredundant-decls -Wstrict-prototypes -Wswitch -Wunused-but-set-variable -Wunused-variable -Wunused-function -Wunused-parameter -finline-functions -Wno-aggregate-return -Wno-inline -Wno-missing-format-attribute -Wno-missing-noreturn -Wno-overlength-strings -Wlarger-than=2560 -Wlogical-op -Wframe-larger-than=16384 -Wpacked-bitfield-compat -Wsync-nand -Wno-unsuffixed-float-constants -Wdouble-promotion -Wtrampolines -Wstack-usage=8192 -Wmaybe-uninitialized -Wno-jump-misses-init -Wstrict-overflow=2 -Wno-suggest-attribute=const -Wno-suggest-attribute=noreturn -Wno-suggest-attribute=pure -Wno-suggest-attribute=format -Wdate-time -Warray-bounds=2 -Wc99-c11-compat -Wincompatible-pointer-types -Wint-conversion -Wduplicated-cond -Whsa -Wnormalized -Wnull-dereference -Wunused-const-variable -Walloca -Walloc-zero -Wduplicated-branches -Wformat-overflow=2 -Wformat-truncation=1 -Wrestrict -Wattribute-alias -Wshift-overflow=2 -Wcast-function-type -Wcast-align=strict -Wno-suggest-attribute=cold -Wno-suggest-attribute=malloc -Wattribute-alias=2 -Wmissing-profile -Wc11-c2x-compat -MD -MT src/CMakeFiles/hdf5-static.dir/H5Groot.c.o -MF src/CMakeFiles/hdf5-static.dir/H5Groot.c.o.d -o src/CMakeFiles/hdf5-static.dir/H5Groot.c.o -c /home/byrn/HDF_Projects/hdf5/dev/src/H5Groot.c
[181/4114] /usr/bin/cc -D_FILE_OFFSET_BITS=64 -D_GNU_SOURCE -D_LARGEFILE_SOURCE -D_POSIX_C_SOURCE=200809L -I/home/byrn/HDF_Projects/hdf5/dev/src -I/home/byrn/HDF_Projects/hdf5/dev/src/H5FDsubfiling -I/home/byrn/HDF_Projects/hdf5/build/ci-StdShar-GNUC/src -I/home/byrn/HDF_Projects/hdf5/build/ci-StdShar-GNUC/_deps/hdf5_zlib-build -I/home/byrn/HDF_Projects/hdf5/build/ci-StdShar-GNUC/_deps/hdf5_zlib-src -I/home/byrn/HDF_Projects/hdf5/build/ci-StdShar-GNUC/_deps/szip-build -I/home/byrn/HDF_Projects/hdf5/build/ci-StdShar-GNUC/_deps/szip-src/include -I/home/byrn/HDF_Projects/hdf5/build/ci-StdShar-GNUC/_deps/szip-src -std=c99  -fstdarg-opt -fdiagnostics-urls=never -fno-diagnostics-color -fmessage-length=0 -O2 -g -DNDEBUG -std=gnu99 -fPIC -Wall -Wcast-qual -Wconversion -Wextra -Wfloat-equal -Wformat=2 -Winit-self -Winvalid-pch -Wmissing-include-dirs -Wshadow -Wundef -Wwrite-strings -pedantic -Wno-c++-compat -Wbad-function-cast -Wcast-align -Wformat -Wimplicit-function-declaration -Wint-to-pointer-cast -Wmissing-declarations -Wmissing-prototypes -Wnested-externs -Wold-style-definition -Wpacked -Wpointer-sign -Wpointer-to-int-cast -Wredundant-decls -Wstrict-prototypes -Wswitch -Wunused-but-set-variable -Wunused-variable -Wunused-function -Wunused-parameter -finline-functions -Wno-aggregate-return -Wno-inline -Wno-missing-format-attribute -Wno-missing-noreturn -Wno-overlength-strings -Wlarger-than=2560 -Wlogical-op -Wframe-larger-than=16384 -Wpacked-bitfield-compat -Wsync-nand -Wno-unsuffixed-float-constants -Wdouble-promotion -Wtrampolines -Wstack-usage=8192 -Wmaybe-uninitialized -Wno-jump-misses-init -Wstrict-overflow=2 -Wno-suggest-attribute=const -Wno-suggest-attribute=noreturn -Wno-suggest-attribute=pure -Wno-suggest-attribute=format -Wdate-time -Warray-bounds=2 -Wc99-c11-compat -Wincompatible-pointer-types -Wint-conversion -Wduplicated-cond -Whsa -Wnormalized -Wnull-dereference -Wunused-const-variable -Walloca -Walloc-zero -Wduplicated-branches -Wformat-overflow=2 -Wformat-truncation=1 -Wrestrict -Wattribute-alias -Wshift-overflow=2 -Wcast-function-type -Wcast-align=strict -Wno-suggest-attribute=cold -Wno-suggest-attribute=malloc -Wattribute-alias=2 -Wmissing-profile -Wc11-c2x-compat -MD -MT src/CMakeFiles/hdf5-static.dir/H5Gobj.c.o -MF src/CMakeFiles/hdf5-static.dir/H5Gobj.c.o.d -o src/CMakeFiles/hdf5-static.dir/H5Gobj.c.o -c /home/byrn/HDF_Projects/hdf5/dev/src/H5Gobj.c
[182/4114] /usr/bin/cc -D_FILE_OFFSET_BITS=64 -D_GNU_SOURCE -D_LARGEFILE_SOURCE -D_POSIX_C_SOURCE=200809L -I/home/byrn/HDF_Projects/hdf5/dev/src -I/home/byrn/HDF_Projects/hdf5/dev/src/H5FDsubfiling -I/home/byrn/HDF_Projects/hdf5/build/ci-StdShar-GNUC/src -I/home/byrn/HDF_Projects/hdf5/build/ci-StdShar-GNUC/_deps/hdf5_zlib-build -I/home/byrn/HDF_Projects/hdf5/build/ci-StdShar-GNUC/_deps/hdf5_zlib-src -I/home/byrn/HDF_Projects/hdf5/build/ci-StdShar-GNUC/_deps/szip-build -I/home/byrn/HDF_Projects/hdf5/build/ci-StdShar-GNUC/_deps/szip-src/include -I/home/byrn/HDF_Projects/hdf5/build/ci-StdShar-GNUC/_deps/szip-src -std=c99  -fstdarg-opt -fdiagnostics-urls=never -fno-diagnostics-color -fmessage-length=0 -O2 -g -DNDEBUG -std=gnu99 -fPIC -Wall -Wcast-qual -Wconversion -Wextra -Wfloat-equal -Wformat=2 -Winit-self -Winvalid-pch -Wmissing-include-dirs -Wshadow -Wundef -Wwrite-strings -pedantic -Wno-c++-compat -Wbad-function-cast -Wcast-align -Wformat -Wimplicit-function-declaration -Wint-to-pointer-cast -Wmissing-declarations -Wmissing-prototypes -Wnested-externs -Wold-style-definition -Wpacked -Wpointer-sign -Wpointer-to-int-cast -Wredundant-decls -Wstrict-prototypes -Wswitch -Wunused-but-set-variable -Wunused-variable -Wunused-function -Wunused-parameter -finline-functions -Wno-aggregate-return -Wno-inline -Wno-missing-format-attribute -Wno-missing-noreturn -Wno-overlength-strings -Wlarger-than=2560 -Wlogical-op -Wframe-larger-than=16384 -Wpacked-bitfield-compat -Wsync-nand -Wno-unsuffixed-float-constants -Wdouble-promotion -Wtrampolines -Wstack-usage=8192 -Wmaybe-uninitialized -Wno-jump-misses-init -Wstrict-overflow=2 -Wno-suggest-attribute=const -Wno-suggest-attribute=noreturn -Wno-suggest-attribute=pure -Wno-suggest-attribute=format -Wdate-time -Warray-bounds=2 -Wc99-c11-compat -Wincompatible-pointer-types -Wint-conversion -Wduplicated-cond -Whsa -Wnormalized -Wnull-dereference -Wunused-const-variable -Walloca -Walloc-zero -Wduplicated-branches -Wformat-overflow=2 -Wformat-truncation=1 -Wrestrict -Wattribute-alias -Wshift-overflow=2 -Wcast-function-type -Wcast-align=strict -Wno-suggest-attribute=cold -Wno-suggest-attribute=malloc -Wattribute-alias=2 -Wmissing-profile -Wc11-c2x-compat -MD -MT src/CMakeFiles/hdf5-static.dir/H5Gnode.c.o -MF src/CMakeFiles/hdf5-static.dir/H5Gnode.c.o.d -o src/CMakeFiles/hdf5-static.dir/H5Gnode.c.o -c /home/byrn/HDF_Projects/hdf5/dev/src/H5Gnode.c
[183/4114] /usr/bin/cc -D_FILE_OFFSET_BITS=64 -D_GNU_SOURCE -D_LARGEFILE_SOURCE -D_POSIX_C_SOURCE=200809L -I/home/byrn/HDF_Projects/hdf5/dev/src -I/home/byrn/HDF_Projects/hdf5/dev/src/H5FDsubfiling -I/home/byrn/HDF_Projects/hdf5/build/ci-StdShar-GNUC/src -I/home/byrn/HDF_Projects/hdf5/build/ci-StdShar-GNUC/_deps/hdf5_zlib-build -I/home/byrn/HDF_Projects/hdf5/build/ci-StdShar-GNUC/_deps/hdf5_zlib-src -I/home/byrn/HDF_Projects/hdf5/build/ci-StdShar-GNUC/_deps/szip-build -I/home/byrn/HDF_Projects/hdf5/build/ci-StdShar-GNUC/_deps/szip-src/include -I/home/byrn/HDF_Projects/hdf5/build/ci-StdShar-GNUC/_deps/szip-src -std=c99  -fstdarg-opt -fdiagnostics-urls=never -fno-diagnostics-color -fmessage-length=0 -O2 -g -DNDEBUG -std=gnu99 -fPIC -Wall -Wcast-qual -Wconversion -Wextra -Wfloat-equal -Wformat=2 -Winit-self -Winvalid-pch -Wmissing-include-dirs -Wshadow -Wundef -Wwrite-strings -pedantic -Wno-c++-compat -Wbad-function-cast -Wcast-align -Wformat -Wimplicit-function-declaration -Wint-to-pointer-cast -Wmissing-declarations -Wmissing-prototypes -Wnested-externs -Wold-style-definition -Wpacked -Wpointer-sign -Wpointer-to-int-cast -Wredundant-decls -Wstrict-prototypes -Wswitch -Wunused-but-set-variable -Wunused-variable -Wunused-function -Wunused-parameter -finline-functions -Wno-aggregate-return -Wno-inline -Wno-missing-format-attribute -Wno-missing-noreturn -Wno-overlength-strings -Wlarger-than=2560 -Wlogical-op -Wframe-larger-than=16384 -Wpacked-bitfield-compat -Wsync-nand -Wno-unsuffixed-float-constants -Wdouble-promotion -Wtrampolines -Wstack-usage=8192 -Wmaybe-uninitialized -Wno-jump-misses-init -Wstrict-overflow=2 -Wno-suggest-attribute=const -Wno-suggest-attribute=noreturn -Wno-suggest-attribute=pure -Wno-suggest-attribute=format -Wdate-time -Warray-bounds=2 -Wc99-c11-compat -Wincompatible-pointer-types -Wint-conversion -Wduplicated-cond -Whsa -Wnormalized -Wnull-dereference -Wunused-const-variable -Walloca -Walloc-zero -Wduplicated-branches -Wformat-overflow=2 -Wformat-truncation=1 -Wrestrict -Wattribute-alias -Wshift-overflow=2 -Wcast-function-type -Wcast-align=strict -Wno-suggest-attribute=cold -Wno-suggest-attribute=malloc -Wattribute-alias=2 -Wmissing-profile -Wc11-c2x-compat -MD -MT src/CMakeFiles/hdf5-static.dir/H5Gtest.c.o -MF src/CMakeFiles/hdf5-static.dir/H5Gtest.c.o.d -o src/CMakeFiles/hdf5-static.dir/H5Gtest.c.o -c /home/byrn/HDF_Projects/hdf5/dev/src/H5Gtest.c
[184/4114] /usr/bin/cc -D_FILE_OFFSET_BITS=64 -D_GNU_SOURCE -D_LARGEFILE_SOURCE -D_POSIX_C_SOURCE=200809L -I/home/byrn/HDF_Projects/hdf5/dev/src -I/home/byrn/HDF_Projects/hdf5/dev/src/H5FDsubfiling -I/home/byrn/HDF_Projects/hdf5/build/ci-StdShar-GNUC/src -I/home/byrn/HDF_Projects/hdf5/build/ci-StdShar-GNUC/_deps/hdf5_zlib-build -I/home/byrn/HDF_Projects/hdf5/build/ci-StdShar-GNUC/_deps/hdf5_zlib-src -I/home/byrn/HDF_Projects/hdf5/build/ci-StdShar-GNUC/_deps/szip-build -I/home/byrn/HDF_Projects/hdf5/build/ci-StdShar-GNUC/_deps/szip-src/include -I/home/byrn/HDF_Projects/hdf5/build/ci-StdShar-GNUC/_deps/szip-src -std=c99  -fstdarg-opt -fdiagnostics-urls=never -fno-diagnostics-color -fmessage-length=0 -O2 -g -DNDEBUG -std=gnu99 -fPIC -Wall -Wcast-qual -Wconversion -Wextra -Wfloat-equal -Wformat=2 -Winit-self -Winvalid-pch -Wmissing-include-dirs -Wshadow -Wundef -Wwrite-strings -pedantic -Wno-c++-compat -Wbad-function-cast -Wcast-align -Wformat -Wimplicit-function-declaration -Wint-to-pointer-cast -Wmissing-declarations -Wmissing-prototypes -Wnested-externs -Wold-style-definition -Wpacked -Wpointer-sign -Wpointer-to-int-cast -Wredundant-decls -Wstrict-prototypes -Wswitch -Wunused-but-set-variable -Wunused-variable -Wunused-function -Wunused-parameter -finline-functions -Wno-aggregate-return -Wno-inline -Wno-missing-format-attribute -Wno-missing-noreturn -Wno-overlength-strings -Wlarger-than=2560 -Wlogical-op -Wframe-larger-than=16384 -Wpacked-bitfield-compat -Wsync-nand -Wno-unsuffixed-float-constants -Wdouble-promotion -Wtrampolines -Wstack-usage=8192 -Wmaybe-uninitialized -Wno-jump-misses-init -Wstrict-overflow=2 -Wno-suggest-attribute=const -Wno-suggest-attribute=noreturn -Wno-suggest-attribute=pure -Wno-suggest-attribute=format -Wdate-time -Warray-bounds=2 -Wc99-c11-compat -Wincompatible-pointer-types -Wint-conversion -Wduplicated-cond -Whsa -Wnormalized -Wnull-dereference -Wunused-const-variable -Walloca -Walloc-zero -Wduplicated-branches -Wformat-overflow=2 -Wformat-truncation=1 -Wrestrict -Wattribute-alias -Wshift-overflow=2 -Wcast-function-type -Wcast-align=strict -Wno-suggest-attribute=cold -Wno-suggest-attribute=malloc -Wattribute-alias=2 -Wmissing-profile -Wc11-c2x-compat -MD -MT src/CMakeFiles/hdf5-static.dir/H5Gtraverse.c.o -MF src/CMakeFiles/hdf5-static.dir/H5Gtraverse.c.o.d -o src/CMakeFiles/hdf5-static.dir/H5Gtraverse.c.o -c /home/byrn/HDF_Projects/hdf5/dev/src/H5Gtraverse.c
[185/4114] /usr/bin/cc -D_FILE_OFFSET_BITS=64 -D_GNU_SOURCE -D_LARGEFILE_SOURCE -D_POSIX_C_SOURCE=200809L -I/home/byrn/HDF_Projects/hdf5/dev/src -I/home/byrn/HDF_Projects/hdf5/dev/src/H5FDsubfiling -I/home/byrn/HDF_Projects/hdf5/build/ci-StdShar-GNUC/src -I/home/byrn/HDF_Projects/hdf5/build/ci-StdShar-GNUC/_deps/hdf5_zlib-build -I/home/byrn/HDF_Projects/hdf5/build/ci-StdShar-GNUC/_deps/hdf5_zlib-src -I/home/byrn/HDF_Projects/hdf5/build/ci-StdShar-GNUC/_deps/szip-build -I/home/byrn/HDF_Projects/hdf5/build/ci-StdShar-GNUC/_deps/szip-src/include -I/home/byrn/HDF_Projects/hdf5/build/ci-StdShar-GNUC/_deps/szip-src -std=c99  -fstdarg-opt -fdiagnostics-urls=never -fno-diagnostics-color -fmessage-length=0 -O2 -g -DNDEBUG -std=gnu99 -fPIC -Wall -Wcast-qual -Wconversion -Wextra -Wfloat-equal -Wformat=2 -Winit-self -Winvalid-pch -Wmissing-include-dirs -Wshadow -Wundef -Wwrite-strings -pedantic -Wno-c++-compat -Wbad-function-cast -Wcast-align -Wformat -Wimplicit-function-declaration -Wint-to-pointer-cast -Wmissing-declarations -Wmissing-prototypes -Wnested-externs -Wold-style-definition -Wpacked -Wpointer-sign -Wpointer-to-int-cast -Wredundant-decls -Wstrict-prototypes -Wswitch -Wunused-but-set-variable -Wunused-variable -Wunused-function -Wunused-parameter -finline-functions -Wno-aggregate-return -Wno-inline -Wno-missing-format-attribute -Wno-missing-noreturn -Wno-overlength-strings -Wlarger-than=2560 -Wlogical-op -Wframe-larger-than=16384 -Wpacked-bitfield-compat -Wsync-nand -Wno-unsuffixed-float-constants -Wdouble-promotion -Wtrampolines -Wstack-usage=8192 -Wmaybe-uninitialized -Wno-jump-misses-init -Wstrict-overflow=2 -Wno-suggest-attribute=const -Wno-suggest-attribute=noreturn -Wno-suggest-attribute=pure -Wno-suggest-attribute=format -Wdate-time -Warray-bounds=2 -Wc99-c11-compat -Wincompatible-pointer-types -Wint-conversion -Wduplicated-cond -Whsa -Wnormalized -Wnull-dereference -Wunused-const-variable -Walloca -Walloc-zero -Wduplicated-branches -Wformat-overflow=2 -Wformat-truncation=1 -Wrestrict -Wattribute-alias -Wshift-overflow=2 -Wcast-function-type -Wcast-align=strict -Wno-suggest-attribute=cold -Wno-suggest-attribute=malloc -Wattribute-alias=2 -Wmissing-profile -Wc11-c2x-compat -MD -MT src/CMakeFiles/hdf5-static.dir/H5HFbtree2.c.o -MF src/CMakeFiles/hdf5-static.dir/H5HFbtree2.c.o.d -o src/CMakeFiles/hdf5-static.dir/H5HFbtree2.c.o -c /home/byrn/HDF_Projects/hdf5/dev/src/H5HFbtree2.c
[186/4114] /usr/bin/cc -D_FILE_OFFSET_BITS=64 -D_GNU_SOURCE -D_LARGEFILE_SOURCE -D_POSIX_C_SOURCE=200809L -I/home/byrn/HDF_Projects/hdf5/dev/src -I/home/byrn/HDF_Projects/hdf5/dev/src/H5FDsubfiling -I/home/byrn/HDF_Projects/hdf5/build/ci-StdShar-GNUC/src -I/home/byrn/HDF_Projects/hdf5/build/ci-StdShar-GNUC/_deps/hdf5_zlib-build -I/home/byrn/HDF_Projects/hdf5/build/ci-StdShar-GNUC/_deps/hdf5_zlib-src -I/home/byrn/HDF_Projects/hdf5/build/ci-StdShar-GNUC/_deps/szip-build -I/home/byrn/HDF_Projects/hdf5/build/ci-StdShar-GNUC/_deps/szip-src/include -I/home/byrn/HDF_Projects/hdf5/build/ci-StdShar-GNUC/_deps/szip-src -std=c99  -fstdarg-opt -fdiagnostics-urls=never -fno-diagnostics-color -fmessage-length=0 -O2 -g -DNDEBUG -std=gnu99 -fPIC -Wall -Wcast-qual -Wconversion -Wextra -Wfloat-equal -Wformat=2 -Winit-self -Winvalid-pch -Wmissing-include-dirs -Wshadow -Wundef -Wwrite-strings -pedantic -Wno-c++-compat -Wbad-function-cast -Wcast-align -Wformat -Wimplicit-function-declaration -Wint-to-pointer-cast -Wmissing-declarations -Wmissing-prototypes -Wnested-externs -Wold-style-definition -Wpacked -Wpointer-sign -Wpointer-to-int-cast -Wredundant-decls -Wstrict-prototypes -Wswitch -Wunused-but-set-variable -Wunused-variable -Wunused-function -Wunused-parameter -finline-functions -Wno-aggregate-return -Wno-inline -Wno-missing-format-attribute -Wno-missing-noreturn -Wno-overlength-strings -Wlarger-than=2560 -Wlogical-op -Wframe-larger-than=16384 -Wpacked-bitfield-compat -Wsync-nand -Wno-unsuffixed-float-constants -Wdouble-promotion -Wtrampolines -Wstack-usage=8192 -Wmaybe-uninitialized -Wno-jump-misses-init -Wstrict-overflow=2 -Wno-suggest-attribute=const -Wno-suggest-attribute=noreturn -Wno-suggest-attribute=pure -Wno-suggest-attribute=format -Wdate-time -Warray-bounds=2 -Wc99-c11-compat -Wincompatible-pointer-types -Wint-conversion -Wduplicated-cond -Whsa -Wnormalized -Wnull-dereference -Wunused-const-variable -Walloca -Walloc-zero -Wduplicated-branches -Wformat-overflow=2 -Wformat-truncation=1 -Wrestrict -Wattribute-alias -Wshift-overflow=2 -Wcast-function-type -Wcast-align=strict -Wno-suggest-attribute=cold -Wno-suggest-attribute=malloc -Wattribute-alias=2 -Wmissing-profile -Wc11-c2x-compat -MD -MT src/CMakeFiles/hdf5-static.dir/H5HFdbg.c.o -MF src/CMakeFiles/hdf5-static.dir/H5HFdbg.c.o.d -o src/CMakeFiles/hdf5-static.dir/H5HFdbg.c.o -c /home/byrn/HDF_Projects/hdf5/dev/src/H5HFdbg.c
[187/4114] /usr/bin/cc -D_FILE_OFFSET_BITS=64 -D_GNU_SOURCE -D_LARGEFILE_SOURCE -D_POSIX_C_SOURCE=200809L -I/home/byrn/HDF_Projects/hdf5/dev/src -I/home/byrn/HDF_Projects/hdf5/dev/src/H5FDsubfiling -I/home/byrn/HDF_Projects/hdf5/build/ci-StdShar-GNUC/src -I/home/byrn/HDF_Projects/hdf5/build/ci-StdShar-GNUC/_deps/hdf5_zlib-build -I/home/byrn/HDF_Projects/hdf5/build/ci-StdShar-GNUC/_deps/hdf5_zlib-src -I/home/byrn/HDF_Projects/hdf5/build/ci-StdShar-GNUC/_deps/szip-build -I/home/byrn/HDF_Projects/hdf5/build/ci-StdShar-GNUC/_deps/szip-src/include -I/home/byrn/HDF_Projects/hdf5/build/ci-StdShar-GNUC/_deps/szip-src -std=c99  -fstdarg-opt -fdiagnostics-urls=never -fno-diagnostics-color -fmessage-length=0 -O2 -g -DNDEBUG -std=gnu99 -fPIC -Wall -Wcast-qual -Wconversion -Wextra -Wfloat-equal -Wformat=2 -Winit-self -Winvalid-pch -Wmissing-include-dirs -Wshadow -Wundef -Wwrite-strings -pedantic -Wno-c++-compat -Wbad-function-cast -Wcast-align -Wformat -Wimplicit-function-declaration -Wint-to-pointer-cast -Wmissing-declarations -Wmissing-prototypes -Wnested-externs -Wold-style-definition -Wpacked -Wpointer-sign -Wpointer-to-int-cast -Wredundant-decls -Wstrict-prototypes -Wswitch -Wunused-but-set-variable -Wunused-variable -Wunused-function -Wunused-parameter -finline-functions -Wno-aggregate-return -Wno-inline -Wno-missing-format-attribute -Wno-missing-noreturn -Wno-overlength-strings -Wlarger-than=2560 -Wlogical-op -Wframe-larger-than=16384 -Wpacked-bitfield-compat -Wsync-nand -Wno-unsuffixed-float-constants -Wdouble-promotion -Wtrampolines -Wstack-usage=8192 -Wmaybe-uninitialized -Wno-jump-misses-init -Wstrict-overflow=2 -Wno-suggest-attribute=const -Wno-suggest-attribute=noreturn -Wno-suggest-attribute=pure -Wno-suggest-attribute=format -Wdate-time -Warray-bounds=2 -Wc99-c11-compat -Wincompatible-pointer-types -Wint-conversion -Wduplicated-cond -Whsa -Wnormalized -Wnull-dereference -Wunused-const-variable -Walloca -Walloc-zero -Wduplicated-branches -Wformat-overflow=2 -Wformat-truncation=1 -Wrestrict -Wattribute-alias -Wshift-overflow=2 -Wcast-function-type -Wcast-align=strict -Wno-suggest-attribute=cold -Wno-suggest-attribute=malloc -Wattribute-alias=2 -Wmissing-profile -Wc11-c2x-compat -MD -MT src/CMakeFiles/hdf5-static.dir/H5HF.c.o -MF src/CMakeFiles/hdf5-static.dir/H5HF.c.o.d -o src/CMakeFiles/hdf5-static.dir/H5HF.c.o -c /home/byrn/HDF_Projects/hdf5/dev/src/H5HF.c
[188/4114] /usr/bin/cc -D_FILE_OFFSET_BITS=64 -D_GNU_SOURCE -D_LARGEFILE_SOURCE -D_POSIX_C_SOURCE=200809L -I/home/byrn/HDF_Projects/hdf5/dev/src -I/home/byrn/HDF_Projects/hdf5/dev/src/H5FDsubfiling -I/home/byrn/HDF_Projects/hdf5/build/ci-StdShar-GNUC/src -I/home/byrn/HDF_Projects/hdf5/build/ci-StdShar-GNUC/_deps/hdf5_zlib-build -I/home/byrn/HDF_Projects/hdf5/build/ci-StdShar-GNUC/_deps/hdf5_zlib-src -I/home/byrn/HDF_Projects/hdf5/build/ci-StdShar-GNUC/_deps/szip-build -I/home/byrn/HDF_Projects/hdf5/build/ci-StdShar-GNUC/_deps/szip-src/include -I/home/byrn/HDF_Projects/hdf5/build/ci-StdShar-GNUC/_deps/szip-src -std=c99  -fstdarg-opt -fdiagnostics-urls=never -fno-diagnostics-color -fmessage-length=0 -O2 -g -DNDEBUG -std=gnu99 -fPIC -Wall -Wcast-qual -Wconversion -Wextra -Wfloat-equal -Wformat=2 -Winit-self -Winvalid-pch -Wmissing-include-dirs -Wshadow -Wundef -Wwrite-strings -pedantic -Wno-c++-compat -Wbad-function-cast -Wcast-align -Wformat -Wimplicit-function-declaration -Wint-to-pointer-cast -Wmissing-declarations -Wmissing-prototypes -Wnested-externs -Wold-style-definition -Wpacked -Wpointer-sign -Wpointer-to-int-cast -Wredundant-decls -Wstrict-prototypes -Wswitch -Wunused-but-set-variable -Wunused-variable -Wunused-function -Wunused-parameter -finline-functions -Wno-aggregate-return -Wno-inline -Wno-missing-format-attribute -Wno-missing-noreturn -Wno-overlength-strings -Wlarger-than=2560 -Wlogical-op -Wframe-larger-than=16384 -Wpacked-bitfield-compat -Wsync-nand -Wno-unsuffixed-float-constants -Wdouble-promotion -Wtrampolines -Wstack-usage=8192 -Wmaybe-uninitialized -Wno-jump-misses-init -Wstrict-overflow=2 -Wno-suggest-attribute=const -Wno-suggest-attribute=noreturn -Wno-suggest-attribute=pure -Wno-suggest-attribute=format -Wdate-time -Warray-bounds=2 -Wc99-c11-compat -Wincompatible-pointer-types -Wint-conversion -Wduplicated-cond -Whsa -Wnormalized -Wnull-dereference -Wunused-const-variable -Walloca -Walloc-zero -Wduplicated-branches -Wformat-overflow=2 -Wformat-truncation=1 -Wrestrict -Wattribute-alias -Wshift-overflow=2 -Wcast-function-type -Wcast-align=strict -Wno-suggest-attribute=cold -Wno-suggest-attribute=malloc -Wattribute-alias=2 -Wmissing-profile -Wc11-c2x-compat -MD -MT src/CMakeFiles/hdf5-static.dir/H5Gstab.c.o -MF src/CMakeFiles/hdf5-static.dir/H5Gstab.c.o.d -o src/CMakeFiles/hdf5-static.dir/H5Gstab.c.o -c /home/byrn/HDF_Projects/hdf5/dev/src/H5Gstab.c
[189/4114] /usr/bin/cc -D_FILE_OFFSET_BITS=64 -D_GNU_SOURCE -D_LARGEFILE_SOURCE -D_POSIX_C_SOURCE=200809L -I/home/byrn/HDF_Projects/hdf5/dev/src -I/home/byrn/HDF_Projects/hdf5/dev/src/H5FDsubfiling -I/home/byrn/HDF_Projects/hdf5/build/ci-StdShar-GNUC/src -I/home/byrn/HDF_Projects/hdf5/build/ci-StdShar-GNUC/_deps/hdf5_zlib-build -I/home/byrn/HDF_Projects/hdf5/build/ci-StdShar-GNUC/_deps/hdf5_zlib-src -I/home/byrn/HDF_Projects/hdf5/build/ci-StdShar-GNUC/_deps/szip-build -I/home/byrn/HDF_Projects/hdf5/build/ci-StdShar-GNUC/_deps/szip-src/include -I/home/byrn/HDF_Projects/hdf5/build/ci-StdShar-GNUC/_deps/szip-src -std=c99  -fstdarg-opt -fdiagnostics-urls=never -fno-diagnostics-color -fmessage-length=0 -O2 -g -DNDEBUG -std=gnu99 -fPIC -Wall -Wcast-qual -Wconversion -Wextra -Wfloat-equal -Wformat=2 -Winit-self -Winvalid-pch -Wmissing-include-dirs -Wshadow -Wundef -Wwrite-strings -pedantic -Wno-c++-compat -Wbad-function-cast -Wcast-align -Wformat -Wimplicit-function-declaration -Wint-to-pointer-cast -Wmissing-declarations -Wmissing-prototypes -Wnested-externs -Wold-style-definition -Wpacked -Wpointer-sign -Wpointer-to-int-cast -Wredundant-decls -Wstrict-prototypes -Wswitch -Wunused-but-set-variable -Wunused-variable -Wunused-function -Wunused-parameter -finline-functions -Wno-aggregate-return -Wno-inline -Wno-missing-format-attribute -Wno-missing-noreturn -Wno-overlength-strings -Wlarger-than=2560 -Wlogical-op -Wframe-larger-than=16384 -Wpacked-bitfield-compat -Wsync-nand -Wno-unsuffixed-float-constants -Wdouble-promotion -Wtrampolines -Wstack-usage=8192 -Wmaybe-uninitialized -Wno-jump-misses-init -Wstrict-overflow=2 -Wno-suggest-attribute=const -Wno-suggest-attribute=noreturn -Wno-suggest-attribute=pure -Wno-suggest-attribute=format -Wdate-time -Warray-bounds=2 -Wc99-c11-compat -Wincompatible-pointer-types -Wint-conversion -Wduplicated-cond -Whsa -Wnormalized -Wnull-dereference -Wunused-const-variable -Walloca -Walloc-zero -Wduplicated-branches -Wformat-overflow=2 -Wformat-truncation=1 -Wrestrict -Wattribute-alias -Wshift-overflow=2 -Wcast-function-type -Wcast-align=strict -Wno-suggest-attribute=cold -Wno-suggest-attribute=malloc -Wattribute-alias=2 -Wmissing-profile -Wc11-c2x-compat -MD -MT src/CMakeFiles/hdf5-static.dir/H5HFdtable.c.o -MF src/CMakeFiles/hdf5-static.dir/H5HFdtable.c.o.d -o src/CMakeFiles/hdf5-static.dir/H5HFdtable.c.o -c /home/byrn/HDF_Projects/hdf5/dev/src/H5HFdtable.c
[190/4114] /usr/bin/cc -D_FILE_OFFSET_BITS=64 -D_GNU_SOURCE -D_LARGEFILE_SOURCE -D_POSIX_C_SOURCE=200809L -I/home/byrn/HDF_Projects/hdf5/dev/src -I/home/byrn/HDF_Projects/hdf5/dev/src/H5FDsubfiling -I/home/byrn/HDF_Projects/hdf5/build/ci-StdShar-GNUC/src -I/home/byrn/HDF_Projects/hdf5/build/ci-StdShar-GNUC/_deps/hdf5_zlib-build -I/home/byrn/HDF_Projects/hdf5/build/ci-StdShar-GNUC/_deps/hdf5_zlib-src -I/home/byrn/HDF_Projects/hdf5/build/ci-StdShar-GNUC/_deps/szip-build -I/home/byrn/HDF_Projects/hdf5/build/ci-StdShar-GNUC/_deps/szip-src/include -I/home/byrn/HDF_Projects/hdf5/build/ci-StdShar-GNUC/_deps/szip-src -std=c99  -fstdarg-opt -fdiagnostics-urls=never -fno-diagnostics-color -fmessage-length=0 -O2 -g -DNDEBUG -std=gnu99 -fPIC -Wall -Wcast-qual -Wconversion -Wextra -Wfloat-equal -Wformat=2 -Winit-self -Winvalid-pch -Wmissing-include-dirs -Wshadow -Wundef -Wwrite-strings -pedantic -Wno-c++-compat -Wbad-function-cast -Wcast-align -Wformat -Wimplicit-function-declaration -Wint-to-pointer-cast -Wmissing-declarations -Wmissing-prototypes -Wnested-externs -Wold-style-definition -Wpacked -Wpointer-sign -Wpointer-to-int-cast -Wredundant-decls -Wstrict-prototypes -Wswitch -Wunused-but-set-variable -Wunused-variable -Wunused-function -Wunused-parameter -finline-functions -Wno-aggregate-return -Wno-inline -Wno-missing-format-attribute -Wno-missing-noreturn -Wno-overlength-strings -Wlarger-than=2560 -Wlogical-op -Wframe-larger-than=16384 -Wpacked-bitfield-compat -Wsync-nand -Wno-unsuffixed-float-constants -Wdouble-promotion -Wtrampolines -Wstack-usage=8192 -Wmaybe-uninitialized -Wno-jump-misses-init -Wstrict-overflow=2 -Wno-suggest-attribute=const -Wno-suggest-attribute=noreturn -Wno-suggest-attribute=pure -Wno-suggest-attribute=format -Wdate-time -Warray-bounds=2 -Wc99-c11-compat -Wincompatible-pointer-types -Wint-conversion -Wduplicated-cond -Whsa -Wnormalized -Wnull-dereference -Wunused-const-variable -Walloca -Walloc-zero -Wduplicated-branches -Wformat-overflow=2 -Wformat-truncation=1 -Wrestrict -Wattribute-alias -Wshift-overflow=2 -Wcast-function-type -Wcast-align=strict -Wno-suggest-attribute=cold -Wno-suggest-attribute=malloc -Wattribute-alias=2 -Wmissing-profile -Wc11-c2x-compat -MD -MT src/CMakeFiles/hdf5-static.dir/H5HFdblock.c.o -MF src/CMakeFiles/hdf5-static.dir/H5HFdblock.c.o.d -o src/CMakeFiles/hdf5-static.dir/H5HFdblock.c.o -c /home/byrn/HDF_Projects/hdf5/dev/src/H5HFdblock.c
[191/4114] /usr/bin/cc -D_FILE_OFFSET_BITS=64 -D_GNU_SOURCE -D_LARGEFILE_SOURCE -D_POSIX_C_SOURCE=200809L -I/home/byrn/HDF_Projects/hdf5/dev/src -I/home/byrn/HDF_Projects/hdf5/dev/src/H5FDsubfiling -I/home/byrn/HDF_Projects/hdf5/build/ci-StdShar-GNUC/src -I/home/byrn/HDF_Projects/hdf5/build/ci-StdShar-GNUC/_deps/hdf5_zlib-build -I/home/byrn/HDF_Projects/hdf5/build/ci-StdShar-GNUC/_deps/hdf5_zlib-src -I/home/byrn/HDF_Projects/hdf5/build/ci-StdShar-GNUC/_deps/szip-build -I/home/byrn/HDF_Projects/hdf5/build/ci-StdShar-GNUC/_deps/szip-src/include -I/home/byrn/HDF_Projects/hdf5/build/ci-StdShar-GNUC/_deps/szip-src -std=c99  -fstdarg-opt -fdiagnostics-urls=never -fno-diagnostics-color -fmessage-length=0 -O2 -g -DNDEBUG -std=gnu99 -fPIC -Wall -Wcast-qual -Wconversion -Wextra -Wfloat-equal -Wformat=2 -Winit-self -Winvalid-pch -Wmissing-include-dirs -Wshadow -Wundef -Wwrite-strings -pedantic -Wno-c++-compat -Wbad-function-cast -Wcast-align -Wformat -Wimplicit-function-declaration -Wint-to-pointer-cast -Wmissing-declarations -Wmissing-prototypes -Wnested-externs -Wold-style-definition -Wpacked -Wpointer-sign -Wpointer-to-int-cast -Wredundant-decls -Wstrict-prototypes -Wswitch -Wunused-but-set-variable -Wunused-variable -Wunused-function -Wunused-parameter -finline-functions -Wno-aggregate-return -Wno-inline -Wno-missing-format-attribute -Wno-missing-noreturn -Wno-overlength-strings -Wlarger-than=2560 -Wlogical-op -Wframe-larger-than=16384 -Wpacked-bitfield-compat -Wsync-nand -Wno-unsuffixed-float-constants -Wdouble-promotion -Wtrampolines -Wstack-usage=8192 -Wmaybe-uninitialized -Wno-jump-misses-init -Wstrict-overflow=2 -Wno-suggest-attribute=const -Wno-suggest-attribute=noreturn -Wno-suggest-attribute=pure -Wno-suggest-attribute=format -Wdate-time -Warray-bounds=2 -Wc99-c11-compat -Wincompatible-pointer-types -Wint-conversion -Wduplicated-cond -Whsa -Wnormalized -Wnull-dereference -Wunused-const-variable -Walloca -Walloc-zero -Wduplicated-branches -Wformat-overflow=2 -Wformat-truncation=1 -Wrestrict -Wattribute-alias -Wshift-overflow=2 -Wcast-function-type -Wcast-align=strict -Wno-suggest-attribute=cold -Wno-suggest-attribute=malloc -Wattribute-alias=2 -Wmissing-profile -Wc11-c2x-compat -MD -MT src/CMakeFiles/hdf5-static.dir/H5HFiter.c.o -MF src/CMakeFiles/hdf5-static.dir/H5HFiter.c.o.d -o src/CMakeFiles/hdf5-static.dir/H5HFiter.c.o -c /home/byrn/HDF_Projects/hdf5/dev/src/H5HFiter.c
[192/4114] /usr/bin/cc -D_FILE_OFFSET_BITS=64 -D_GNU_SOURCE -D_LARGEFILE_SOURCE -D_POSIX_C_SOURCE=200809L -I/home/byrn/HDF_Projects/hdf5/dev/src -I/home/byrn/HDF_Projects/hdf5/dev/src/H5FDsubfiling -I/home/byrn/HDF_Projects/hdf5/build/ci-StdShar-GNUC/src -I/home/byrn/HDF_Projects/hdf5/build/ci-StdShar-GNUC/_deps/hdf5_zlib-build -I/home/byrn/HDF_Projects/hdf5/build/ci-StdShar-GNUC/_deps/hdf5_zlib-src -I/home/byrn/HDF_Projects/hdf5/build/ci-StdShar-GNUC/_deps/szip-build -I/home/byrn/HDF_Projects/hdf5/build/ci-StdShar-GNUC/_deps/szip-src/include -I/home/byrn/HDF_Projects/hdf5/build/ci-StdShar-GNUC/_deps/szip-src -std=c99  -fstdarg-opt -fdiagnostics-urls=never -fno-diagnostics-color -fmessage-length=0 -O2 -g -DNDEBUG -std=gnu99 -fPIC -Wall -Wcast-qual -Wconversion -Wextra -Wfloat-equal -Wformat=2 -Winit-self -Winvalid-pch -Wmissing-include-dirs -Wshadow -Wundef -Wwrite-strings -pedantic -Wno-c++-compat -Wbad-function-cast -Wcast-align -Wformat -Wimplicit-function-declaration -Wint-to-pointer-cast -Wmissing-declarations -Wmissing-prototypes -Wnested-externs -Wold-style-definition -Wpacked -Wpointer-sign -Wpointer-to-int-cast -Wredundant-decls -Wstrict-prototypes -Wswitch -Wunused-but-set-variable -Wunused-variable -Wunused-function -Wunused-parameter -finline-functions -Wno-aggregate-return -Wno-inline -Wno-missing-format-attribute -Wno-missing-noreturn -Wno-overlength-strings -Wlarger-than=2560 -Wlogical-op -Wframe-larger-than=16384 -Wpacked-bitfield-compat -Wsync-nand -Wno-unsuffixed-float-constants -Wdouble-promotion -Wtrampolines -Wstack-usage=8192 -Wmaybe-uninitialized -Wno-jump-misses-init -Wstrict-overflow=2 -Wno-suggest-attribute=const -Wno-suggest-attribute=noreturn -Wno-suggest-attribute=pure -Wno-suggest-attribute=format -Wdate-time -Warray-bounds=2 -Wc99-c11-compat -Wincompatible-pointer-types -Wint-conversion -Wduplicated-cond -Whsa -Wnormalized -Wnull-dereference -Wunused-const-variable -Walloca -Walloc-zero -Wduplicated-branches -Wformat-overflow=2 -Wformat-truncation=1 -Wrestrict -Wattribute-alias -Wshift-overflow=2 -Wcast-function-type -Wcast-align=strict -Wno-suggest-attribute=cold -Wno-suggest-attribute=malloc -Wattribute-alias=2 -Wmissing-profile -Wc11-c2x-compat -MD -MT src/CMakeFiles/hdf5-static.dir/H5HFhdr.c.o -MF src/CMakeFiles/hdf5-static.dir/H5HFhdr.c.o.d -o src/CMakeFiles/hdf5-static.dir/H5HFhdr.c.o -c /home/byrn/HDF_Projects/hdf5/dev/src/H5HFhdr.c
[193/4114] /usr/bin/cc -D_FILE_OFFSET_BITS=64 -D_GNU_SOURCE -D_LARGEFILE_SOURCE -D_POSIX_C_SOURCE=200809L -I/home/byrn/HDF_Projects/hdf5/dev/src -I/home/byrn/HDF_Projects/hdf5/dev/src/H5FDsubfiling -I/home/byrn/HDF_Projects/hdf5/build/ci-StdShar-GNUC/src -I/home/byrn/HDF_Projects/hdf5/build/ci-StdShar-GNUC/_deps/hdf5_zlib-build -I/home/byrn/HDF_Projects/hdf5/build/ci-StdShar-GNUC/_deps/hdf5_zlib-src -I/home/byrn/HDF_Projects/hdf5/build/ci-StdShar-GNUC/_deps/szip-build -I/home/byrn/HDF_Projects/hdf5/build/ci-StdShar-GNUC/_deps/szip-src/include -I/home/byrn/HDF_Projects/hdf5/build/ci-StdShar-GNUC/_deps/szip-src -std=c99  -fstdarg-opt -fdiagnostics-urls=never -fno-diagnostics-color -fmessage-length=0 -O2 -g -DNDEBUG -std=gnu99 -fPIC -Wall -Wcast-qual -Wconversion -Wextra -Wfloat-equal -Wformat=2 -Winit-self -Winvalid-pch -Wmissing-include-dirs -Wshadow -Wundef -Wwrite-strings -pedantic -Wno-c++-compat -Wbad-function-cast -Wcast-align -Wformat -Wimplicit-function-declaration -Wint-to-pointer-cast -Wmissing-declarations -Wmissing-prototypes -Wnested-externs -Wold-style-definition -Wpacked -Wpointer-sign -Wpointer-to-int-cast -Wredundant-decls -Wstrict-prototypes -Wswitch -Wunused-but-set-variable -Wunused-variable -Wunused-function -Wunused-parameter -finline-functions -Wno-aggregate-return -Wno-inline -Wno-missing-format-attribute -Wno-missing-noreturn -Wno-overlength-strings -Wlarger-than=2560 -Wlogical-op -Wframe-larger-than=16384 -Wpacked-bitfield-compat -Wsync-nand -Wno-unsuffixed-float-constants -Wdouble-promotion -Wtrampolines -Wstack-usage=8192 -Wmaybe-uninitialized -Wno-jump-misses-init -Wstrict-overflow=2 -Wno-suggest-attribute=const -Wno-suggest-attribute=noreturn -Wno-suggest-attribute=pure -Wno-suggest-attribute=format -Wdate-time -Warray-bounds=2 -Wc99-c11-compat -Wincompatible-pointer-types -Wint-conversion -Wduplicated-cond -Whsa -Wnormalized -Wnull-dereference -Wunused-const-variable -Walloca -Walloc-zero -Wduplicated-branches -Wformat-overflow=2 -Wformat-truncation=1 -Wrestrict -Wattribute-alias -Wshift-overflow=2 -Wcast-function-type -Wcast-align=strict -Wno-suggest-attribute=cold -Wno-suggest-attribute=malloc -Wattribute-alias=2 -Wmissing-profile -Wc11-c2x-compat -MD -MT src/CMakeFiles/hdf5-static.dir/H5HFcache.c.o -MF src/CMakeFiles/hdf5-static.dir/H5HFcache.c.o.d -o src/CMakeFiles/hdf5-static.dir/H5HFcache.c.o -c /home/byrn/HDF_Projects/hdf5/dev/src/H5HFcache.c
[194/4114] /usr/bin/cc -D_FILE_OFFSET_BITS=64 -D_GNU_SOURCE -D_LARGEFILE_SOURCE -D_POSIX_C_SOURCE=200809L -I/home/byrn/HDF_Projects/hdf5/dev/src -I/home/byrn/HDF_Projects/hdf5/dev/src/H5FDsubfiling -I/home/byrn/HDF_Projects/hdf5/build/ci-StdShar-GNUC/src -I/home/byrn/HDF_Projects/hdf5/build/ci-StdShar-GNUC/_deps/hdf5_zlib-build -I/home/byrn/HDF_Projects/hdf5/build/ci-StdShar-GNUC/_deps/hdf5_zlib-src -I/home/byrn/HDF_Projects/hdf5/build/ci-StdShar-GNUC/_deps/szip-build -I/home/byrn/HDF_Projects/hdf5/build/ci-StdShar-GNUC/_deps/szip-src/include -I/home/byrn/HDF_Projects/hdf5/build/ci-StdShar-GNUC/_deps/szip-src -std=c99  -fstdarg-opt -fdiagnostics-urls=never -fno-diagnostics-color -fmessage-length=0 -O2 -g -DNDEBUG -std=gnu99 -fPIC -Wall -Wcast-qual -Wconversion -Wextra -Wfloat-equal -Wformat=2 -Winit-self -Winvalid-pch -Wmissing-include-dirs -Wshadow -Wundef -Wwrite-strings -pedantic -Wno-c++-compat -Wbad-function-cast -Wcast-align -Wformat -Wimplicit-function-declaration -Wint-to-pointer-cast -Wmissing-declarations -Wmissing-prototypes -Wnested-externs -Wold-style-definition -Wpacked -Wpointer-sign -Wpointer-to-int-cast -Wredundant-decls -Wstrict-prototypes -Wswitch -Wunused-but-set-variable -Wunused-variable -Wunused-function -Wunused-parameter -finline-functions -Wno-aggregate-return -Wno-inline -Wno-missing-format-attribute -Wno-missing-noreturn -Wno-overlength-strings -Wlarger-than=2560 -Wlogical-op -Wframe-larger-than=16384 -Wpacked-bitfield-compat -Wsync-nand -Wno-unsuffixed-float-constants -Wdouble-promotion -Wtrampolines -Wstack-usage=8192 -Wmaybe-uninitialized -Wno-jump-misses-init -Wstrict-overflow=2 -Wno-suggest-attribute=const -Wno-suggest-attribute=noreturn -Wno-suggest-attribute=pure -Wno-suggest-attribute=format -Wdate-time -Warray-bounds=2 -Wc99-c11-compat -Wincompatible-pointer-types -Wint-conversion -Wduplicated-cond -Whsa -Wnormalized -Wnull-dereference -Wunused-const-variable -Walloca -Walloc-zero -Wduplicated-branches -Wformat-overflow=2 -Wformat-truncation=1 -Wrestrict -Wattribute-alias -Wshift-overflow=2 -Wcast-function-type -Wcast-align=strict -Wno-suggest-attribute=cold -Wno-suggest-attribute=malloc -Wattribute-alias=2 -Wmissing-profile -Wc11-c2x-compat -MD -MT src/CMakeFiles/hdf5-static.dir/H5HFstat.c.o -MF src/CMakeFiles/hdf5-static.dir/H5HFstat.c.o.d -o src/CMakeFiles/hdf5-static.dir/H5HFstat.c.o -c /home/byrn/HDF_Projects/hdf5/dev/src/H5HFstat.c
[195/4114] /usr/bin/cc -D_FILE_OFFSET_BITS=64 -D_GNU_SOURCE -D_LARGEFILE_SOURCE -D_POSIX_C_SOURCE=200809L -I/home/byrn/HDF_Projects/hdf5/dev/src -I/home/byrn/HDF_Projects/hdf5/dev/src/H5FDsubfiling -I/home/byrn/HDF_Projects/hdf5/build/ci-StdShar-GNUC/src -I/home/byrn/HDF_Projects/hdf5/build/ci-StdShar-GNUC/_deps/hdf5_zlib-build -I/home/byrn/HDF_Projects/hdf5/build/ci-StdShar-GNUC/_deps/hdf5_zlib-src -I/home/byrn/HDF_Projects/hdf5/build/ci-StdShar-GNUC/_deps/szip-build -I/home/byrn/HDF_Projects/hdf5/build/ci-StdShar-GNUC/_deps/szip-src/include -I/home/byrn/HDF_Projects/hdf5/build/ci-StdShar-GNUC/_deps/szip-src -std=c99  -fstdarg-opt -fdiagnostics-urls=never -fno-diagnostics-color -fmessage-length=0 -O2 -g -DNDEBUG -std=gnu99 -fPIC -Wall -Wcast-qual -Wconversion -Wextra -Wfloat-equal -Wformat=2 -Winit-self -Winvalid-pch -Wmissing-include-dirs -Wshadow -Wundef -Wwrite-strings -pedantic -Wno-c++-compat -Wbad-function-cast -Wcast-align -Wformat -Wimplicit-function-declaration -Wint-to-pointer-cast -Wmissing-declarations -Wmissing-prototypes -Wnested-externs -Wold-style-definition -Wpacked -Wpointer-sign -Wpointer-to-int-cast -Wredundant-decls -Wstrict-prototypes -Wswitch -Wunused-but-set-variable -Wunused-variable -Wunused-function -Wunused-parameter -finline-functions -Wno-aggregate-return -Wno-inline -Wno-missing-format-attribute -Wno-missing-noreturn -Wno-overlength-strings -Wlarger-than=2560 -Wlogical-op -Wframe-larger-than=16384 -Wpacked-bitfield-compat -Wsync-nand -Wno-unsuffixed-float-constants -Wdouble-promotion -Wtrampolines -Wstack-usage=8192 -Wmaybe-uninitialized -Wno-jump-misses-init -Wstrict-overflow=2 -Wno-suggest-attribute=const -Wno-suggest-attribute=noreturn -Wno-suggest-attribute=pure -Wno-suggest-attribute=format -Wdate-time -Warray-bounds=2 -Wc99-c11-compat -Wincompatible-pointer-types -Wint-conversion -Wduplicated-cond -Whsa -Wnormalized -Wnull-dereference -Wunused-const-variable -Walloca -Walloc-zero -Wduplicated-branches -Wformat-overflow=2 -Wformat-truncation=1 -Wrestrict -Wattribute-alias -Wshift-overflow=2 -Wcast-function-type -Wcast-align=strict -Wno-suggest-attribute=cold -Wno-suggest-attribute=malloc -Wattribute-alias=2 -Wmissing-profile -Wc11-c2x-compat -MD -MT src/CMakeFiles/hdf5-static.dir/H5HFspace.c.o -MF src/CMakeFiles/hdf5-static.dir/H5HFspace.c.o.d -o src/CMakeFiles/hdf5-static.dir/H5HFspace.c.o -c /home/byrn/HDF_Projects/hdf5/dev/src/H5HFspace.c
[196/4114] /usr/bin/cc -D_FILE_OFFSET_BITS=64 -D_GNU_SOURCE -D_LARGEFILE_SOURCE -D_POSIX_C_SOURCE=200809L -I/home/byrn/HDF_Projects/hdf5/dev/src -I/home/byrn/HDF_Projects/hdf5/dev/src/H5FDsubfiling -I/home/byrn/HDF_Projects/hdf5/build/ci-StdShar-GNUC/src -I/home/byrn/HDF_Projects/hdf5/build/ci-StdShar-GNUC/_deps/hdf5_zlib-build -I/home/byrn/HDF_Projects/hdf5/build/ci-StdShar-GNUC/_deps/hdf5_zlib-src -I/home/byrn/HDF_Projects/hdf5/build/ci-StdShar-GNUC/_deps/szip-build -I/home/byrn/HDF_Projects/hdf5/build/ci-StdShar-GNUC/_deps/szip-src/include -I/home/byrn/HDF_Projects/hdf5/build/ci-StdShar-GNUC/_deps/szip-src -std=c99  -fstdarg-opt -fdiagnostics-urls=never -fno-diagnostics-color -fmessage-length=0 -O2 -g -DNDEBUG -std=gnu99 -fPIC -Wall -Wcast-qual -Wconversion -Wextra -Wfloat-equal -Wformat=2 -Winit-self -Winvalid-pch -Wmissing-include-dirs -Wshadow -Wundef -Wwrite-strings -pedantic -Wno-c++-compat -Wbad-function-cast -Wcast-align -Wformat -Wimplicit-function-declaration -Wint-to-pointer-cast -Wmissing-declarations -Wmissing-prototypes -Wnested-externs -Wold-style-definition -Wpacked -Wpointer-sign -Wpointer-to-int-cast -Wredundant-decls -Wstrict-prototypes -Wswitch -Wunused-but-set-variable -Wunused-variable -Wunused-function -Wunused-parameter -finline-functions -Wno-aggregate-return -Wno-inline -Wno-missing-format-attribute -Wno-missing-noreturn -Wno-overlength-strings -Wlarger-than=2560 -Wlogical-op -Wframe-larger-than=16384 -Wpacked-bitfield-compat -Wsync-nand -Wno-unsuffixed-float-constants -Wdouble-promotion -Wtrampolines -Wstack-usage=8192 -Wmaybe-uninitialized -Wno-jump-misses-init -Wstrict-overflow=2 -Wno-suggest-attribute=const -Wno-suggest-attribute=noreturn -Wno-suggest-attribute=pure -Wno-suggest-attribute=format -Wdate-time -Warray-bounds=2 -Wc99-c11-compat -Wincompatible-pointer-types -Wint-conversion -Wduplicated-cond -Whsa -Wnormalized -Wnull-dereference -Wunused-const-variable -Walloca -Walloc-zero -Wduplicated-branches -Wformat-overflow=2 -Wformat-truncation=1 -Wrestrict -Wattribute-alias -Wshift-overflow=2 -Wcast-function-type -Wcast-align=strict -Wno-suggest-attribute=cold -Wno-suggest-attribute=malloc -Wattribute-alias=2 -Wmissing-profile -Wc11-c2x-compat -MD -MT src/CMakeFiles/hdf5-static.dir/H5HFhuge.c.o -MF src/CMakeFiles/hdf5-static.dir/H5HFhuge.c.o.d -o src/CMakeFiles/hdf5-static.dir/H5HFhuge.c.o -c /home/byrn/HDF_Projects/hdf5/dev/src/H5HFhuge.c
[197/4114] /usr/bin/cc -D_FILE_OFFSET_BITS=64 -D_GNU_SOURCE -D_LARGEFILE_SOURCE -D_POSIX_C_SOURCE=200809L -I/home/byrn/HDF_Projects/hdf5/dev/src -I/home/byrn/HDF_Projects/hdf5/dev/src/H5FDsubfiling -I/home/byrn/HDF_Projects/hdf5/build/ci-StdShar-GNUC/src -I/home/byrn/HDF_Projects/hdf5/build/ci-StdShar-GNUC/_deps/hdf5_zlib-build -I/home/byrn/HDF_Projects/hdf5/build/ci-StdShar-GNUC/_deps/hdf5_zlib-src -I/home/byrn/HDF_Projects/hdf5/build/ci-StdShar-GNUC/_deps/szip-build -I/home/byrn/HDF_Projects/hdf5/build/ci-StdShar-GNUC/_deps/szip-src/include -I/home/byrn/HDF_Projects/hdf5/build/ci-StdShar-GNUC/_deps/szip-src -std=c99  -fstdarg-opt -fdiagnostics-urls=never -fno-diagnostics-color -fmessage-length=0 -O2 -g -DNDEBUG -std=gnu99 -fPIC -Wall -Wcast-qual -Wconversion -Wextra -Wfloat-equal -Wformat=2 -Winit-self -Winvalid-pch -Wmissing-include-dirs -Wshadow -Wundef -Wwrite-strings -pedantic -Wno-c++-compat -Wbad-function-cast -Wcast-align -Wformat -Wimplicit-function-declaration -Wint-to-pointer-cast -Wmissing-declarations -Wmissing-prototypes -Wnested-externs -Wold-style-definition -Wpacked -Wpointer-sign -Wpointer-to-int-cast -Wredundant-decls -Wstrict-prototypes -Wswitch -Wunused-but-set-variable -Wunused-variable -Wunused-function -Wunused-parameter -finline-functions -Wno-aggregate-return -Wno-inline -Wno-missing-format-attribute -Wno-missing-noreturn -Wno-overlength-strings -Wlarger-than=2560 -Wlogical-op -Wframe-larger-than=16384 -Wpacked-bitfield-compat -Wsync-nand -Wno-unsuffixed-float-constants -Wdouble-promotion -Wtrampolines -Wstack-usage=8192 -Wmaybe-uninitialized -Wno-jump-misses-init -Wstrict-overflow=2 -Wno-suggest-attribute=const -Wno-suggest-attribute=noreturn -Wno-suggest-attribute=pure -Wno-suggest-attribute=format -Wdate-time -Warray-bounds=2 -Wc99-c11-compat -Wincompatible-pointer-types -Wint-conversion -Wduplicated-cond -Whsa -Wnormalized -Wnull-dereference -Wunused-const-variable -Walloca -Walloc-zero -Wduplicated-branches -Wformat-overflow=2 -Wformat-truncation=1 -Wrestrict -Wattribute-alias -Wshift-overflow=2 -Wcast-function-type -Wcast-align=strict -Wno-suggest-attribute=cold -Wno-suggest-attribute=malloc -Wattribute-alias=2 -Wmissing-profile -Wc11-c2x-compat -MD -MT src/CMakeFiles/hdf5-static.dir/H5HFman.c.o -MF src/CMakeFiles/hdf5-static.dir/H5HFman.c.o.d -o src/CMakeFiles/hdf5-static.dir/H5HFman.c.o -c /home/byrn/HDF_Projects/hdf5/dev/src/H5HFman.c
[198/4114] /usr/bin/cc -D_FILE_OFFSET_BITS=64 -D_GNU_SOURCE -D_LARGEFILE_SOURCE -D_POSIX_C_SOURCE=200809L -I/home/byrn/HDF_Projects/hdf5/dev/src -I/home/byrn/HDF_Projects/hdf5/dev/src/H5FDsubfiling -I/home/byrn/HDF_Projects/hdf5/build/ci-StdShar-GNUC/src -I/home/byrn/HDF_Projects/hdf5/build/ci-StdShar-GNUC/_deps/hdf5_zlib-build -I/home/byrn/HDF_Projects/hdf5/build/ci-StdShar-GNUC/_deps/hdf5_zlib-src -I/home/byrn/HDF_Projects/hdf5/build/ci-StdShar-GNUC/_deps/szip-build -I/home/byrn/HDF_Projects/hdf5/build/ci-StdShar-GNUC/_deps/szip-src/include -I/home/byrn/HDF_Projects/hdf5/build/ci-StdShar-GNUC/_deps/szip-src -std=c99  -fstdarg-opt -fdiagnostics-urls=never -fno-diagnostics-color -fmessage-length=0 -O2 -g -DNDEBUG -std=gnu99 -fPIC -Wall -Wcast-qual -Wconversion -Wextra -Wfloat-equal -Wformat=2 -Winit-self -Winvalid-pch -Wmissing-include-dirs -Wshadow -Wundef -Wwrite-strings -pedantic -Wno-c++-compat -Wbad-function-cast -Wcast-align -Wformat -Wimplicit-function-declaration -Wint-to-pointer-cast -Wmissing-declarations -Wmissing-prototypes -Wnested-externs -Wold-style-definition -Wpacked -Wpointer-sign -Wpointer-to-int-cast -Wredundant-decls -Wstrict-prototypes -Wswitch -Wunused-but-set-variable -Wunused-variable -Wunused-function -Wunused-parameter -finline-functions -Wno-aggregate-return -Wno-inline -Wno-missing-format-attribute -Wno-missing-noreturn -Wno-overlength-strings -Wlarger-than=2560 -Wlogical-op -Wframe-larger-than=16384 -Wpacked-bitfield-compat -Wsync-nand -Wno-unsuffixed-float-constants -Wdouble-promotion -Wtrampolines -Wstack-usage=8192 -Wmaybe-uninitialized -Wno-jump-misses-init -Wstrict-overflow=2 -Wno-suggest-attribute=const -Wno-suggest-attribute=noreturn -Wno-suggest-attribute=pure -Wno-suggest-attribute=format -Wdate-time -Warray-bounds=2 -Wc99-c11-compat -Wincompatible-pointer-types -Wint-conversion -Wduplicated-cond -Whsa -Wnormalized -Wnull-dereference -Wunused-const-variable -Walloca -Walloc-zero -Wduplicated-branches -Wformat-overflow=2 -Wformat-truncation=1 -Wrestrict -Wattribute-alias -Wshift-overflow=2 -Wcast-function-type -Wcast-align=strict -Wno-suggest-attribute=cold -Wno-suggest-attribute=malloc -Wattribute-alias=2 -Wmissing-profile -Wc11-c2x-compat -MD -MT src/CMakeFiles/hdf5-static.dir/H5HFtest.c.o -MF src/CMakeFiles/hdf5-static.dir/H5HFtest.c.o.d -o src/CMakeFiles/hdf5-static.dir/H5HFtest.c.o -c /home/byrn/HDF_Projects/hdf5/dev/src/H5HFtest.c
[199/4114] /usr/bin/cc -D_FILE_OFFSET_BITS=64 -D_GNU_SOURCE -D_LARGEFILE_SOURCE -D_POSIX_C_SOURCE=200809L -I/home/byrn/HDF_Projects/hdf5/dev/src -I/home/byrn/HDF_Projects/hdf5/dev/src/H5FDsubfiling -I/home/byrn/HDF_Projects/hdf5/build/ci-StdShar-GNUC/src -I/home/byrn/HDF_Projects/hdf5/build/ci-StdShar-GNUC/_deps/hdf5_zlib-build -I/home/byrn/HDF_Projects/hdf5/build/ci-StdShar-GNUC/_deps/hdf5_zlib-src -I/home/byrn/HDF_Projects/hdf5/build/ci-StdShar-GNUC/_deps/szip-build -I/home/byrn/HDF_Projects/hdf5/build/ci-StdShar-GNUC/_deps/szip-src/include -I/home/byrn/HDF_Projects/hdf5/build/ci-StdShar-GNUC/_deps/szip-src -std=c99  -fstdarg-opt -fdiagnostics-urls=never -fno-diagnostics-color -fmessage-length=0 -O2 -g -DNDEBUG -std=gnu99 -fPIC -Wall -Wcast-qual -Wconversion -Wextra -Wfloat-equal -Wformat=2 -Winit-self -Winvalid-pch -Wmissing-include-dirs -Wshadow -Wundef -Wwrite-strings -pedantic -Wno-c++-compat -Wbad-function-cast -Wcast-align -Wformat -Wimplicit-function-declaration -Wint-to-pointer-cast -Wmissing-declarations -Wmissing-prototypes -Wnested-externs -Wold-style-definition -Wpacked -Wpointer-sign -Wpointer-to-int-cast -Wredundant-decls -Wstrict-prototypes -Wswitch -Wunused-but-set-variable -Wunused-variable -Wunused-function -Wunused-parameter -finline-functions -Wno-aggregate-return -Wno-inline -Wno-missing-format-attribute -Wno-missing-noreturn -Wno-overlength-strings -Wlarger-than=2560 -Wlogical-op -Wframe-larger-than=16384 -Wpacked-bitfield-compat -Wsync-nand -Wno-unsuffixed-float-constants -Wdouble-promotion -Wtrampolines -Wstack-usage=8192 -Wmaybe-uninitialized -Wno-jump-misses-init -Wstrict-overflow=2 -Wno-suggest-attribute=const -Wno-suggest-attribute=noreturn -Wno-suggest-attribute=pure -Wno-suggest-attribute=format -Wdate-time -Warray-bounds=2 -Wc99-c11-compat -Wincompatible-pointer-types -Wint-conversion -Wduplicated-cond -Whsa -Wnormalized -Wnull-dereference -Wunused-const-variable -Walloca -Walloc-zero -Wduplicated-branches -Wformat-overflow=2 -Wformat-truncation=1 -Wrestrict -Wattribute-alias -Wshift-overflow=2 -Wcast-function-type -Wcast-align=strict -Wno-suggest-attribute=cold -Wno-suggest-attribute=malloc -Wattribute-alias=2 -Wmissing-profile -Wc11-c2x-compat -MD -MT src/CMakeFiles/hdf5-static.dir/H5HFtiny.c.o -MF src/CMakeFiles/hdf5-static.dir/H5HFtiny.c.o.d -o src/CMakeFiles/hdf5-static.dir/H5HFtiny.c.o -c /home/byrn/HDF_Projects/hdf5/dev/src/H5HFtiny.c
[200/4114] /usr/bin/cc -D_FILE_OFFSET_BITS=64 -D_GNU_SOURCE -D_LARGEFILE_SOURCE -D_POSIX_C_SOURCE=200809L -I/home/byrn/HDF_Projects/hdf5/dev/src -I/home/byrn/HDF_Projects/hdf5/dev/src/H5FDsubfiling -I/home/byrn/HDF_Projects/hdf5/build/ci-StdShar-GNUC/src -I/home/byrn/HDF_Projects/hdf5/build/ci-StdShar-GNUC/_deps/hdf5_zlib-build -I/home/byrn/HDF_Projects/hdf5/build/ci-StdShar-GNUC/_deps/hdf5_zlib-src -I/home/byrn/HDF_Projects/hdf5/build/ci-StdShar-GNUC/_deps/szip-build -I/home/byrn/HDF_Projects/hdf5/build/ci-StdShar-GNUC/_deps/szip-src/include -I/home/byrn/HDF_Projects/hdf5/build/ci-StdShar-GNUC/_deps/szip-src -std=c99  -fstdarg-opt -fdiagnostics-urls=never -fno-diagnostics-color -fmessage-length=0 -O2 -g -DNDEBUG -std=gnu99 -fPIC -Wall -Wcast-qual -Wconversion -Wextra -Wfloat-equal -Wformat=2 -Winit-self -Winvalid-pch -Wmissing-include-dirs -Wshadow -Wundef -Wwrite-strings -pedantic -Wno-c++-compat -Wbad-function-cast -Wcast-align -Wformat -Wimplicit-function-declaration -Wint-to-pointer-cast -Wmissing-declarations -Wmissing-prototypes -Wnested-externs -Wold-style-definition -Wpacked -Wpointer-sign -Wpointer-to-int-cast -Wredundant-decls -Wstrict-prototypes -Wswitch -Wunused-but-set-variable -Wunused-variable -Wunused-function -Wunused-parameter -finline-functions -Wno-aggregate-return -Wno-inline -Wno-missing-format-attribute -Wno-missing-noreturn -Wno-overlength-strings -Wlarger-than=2560 -Wlogical-op -Wframe-larger-than=16384 -Wpacked-bitfield-compat -Wsync-nand -Wno-unsuffixed-float-constants -Wdouble-promotion -Wtrampolines -Wstack-usage=8192 -Wmaybe-uninitialized -Wno-jump-misses-init -Wstrict-overflow=2 -Wno-suggest-attribute=const -Wno-suggest-attribute=noreturn -Wno-suggest-attribute=pure -Wno-suggest-attribute=format -Wdate-time -Warray-bounds=2 -Wc99-c11-compat -Wincompatible-pointer-types -Wint-conversion -Wduplicated-cond -Whsa -Wnormalized -Wnull-dereference -Wunused-const-variable -Walloca -Walloc-zero -Wduplicated-branches -Wformat-overflow=2 -Wformat-truncation=1 -Wrestrict -Wattribute-alias -Wshift-overflow=2 -Wcast-function-type -Wcast-align=strict -Wno-suggest-attribute=cold -Wno-suggest-attribute=malloc -Wattribute-alias=2 -Wmissing-profile -Wc11-c2x-compat -MD -MT src/CMakeFiles/hdf5-static.dir/H5HFiblock.c.o -MF src/CMakeFiles/hdf5-static.dir/H5HFiblock.c.o.d -o src/CMakeFiles/hdf5-static.dir/H5HFiblock.c.o -c /home/byrn/HDF_Projects/hdf5/dev/src/H5HFiblock.c
[201/4114] /usr/bin/cc -D_FILE_OFFSET_BITS=64 -D_GNU_SOURCE -D_LARGEFILE_SOURCE -D_POSIX_C_SOURCE=200809L -I/home/byrn/HDF_Projects/hdf5/dev/src -I/home/byrn/HDF_Projects/hdf5/dev/src/H5FDsubfiling -I/home/byrn/HDF_Projects/hdf5/build/ci-StdShar-GNUC/src -I/home/byrn/HDF_Projects/hdf5/build/ci-StdShar-GNUC/_deps/hdf5_zlib-build -I/home/byrn/HDF_Projects/hdf5/build/ci-StdShar-GNUC/_deps/hdf5_zlib-src -I/home/byrn/HDF_Projects/hdf5/build/ci-StdShar-GNUC/_deps/szip-build -I/home/byrn/HDF_Projects/hdf5/build/ci-StdShar-GNUC/_deps/szip-src/include -I/home/byrn/HDF_Projects/hdf5/build/ci-StdShar-GNUC/_deps/szip-src -std=c99  -fstdarg-opt -fdiagnostics-urls=never -fno-diagnostics-color -fmessage-length=0 -O2 -g -DNDEBUG -std=gnu99 -fPIC -Wall -Wcast-qual -Wconversion -Wextra -Wfloat-equal -Wformat=2 -Winit-self -Winvalid-pch -Wmissing-include-dirs -Wshadow -Wundef -Wwrite-strings -pedantic -Wno-c++-compat -Wbad-function-cast -Wcast-align -Wformat -Wimplicit-function-declaration -Wint-to-pointer-cast -Wmissing-declarations -Wmissing-prototypes -Wnested-externs -Wold-style-definition -Wpacked -Wpointer-sign -Wpointer-to-int-cast -Wredundant-decls -Wstrict-prototypes -Wswitch -Wunused-but-set-variable -Wunused-variable -Wunused-function -Wunused-parameter -finline-functions -Wno-aggregate-return -Wno-inline -Wno-missing-format-attribute -Wno-missing-noreturn -Wno-overlength-strings -Wlarger-than=2560 -Wlogical-op -Wframe-larger-than=16384 -Wpacked-bitfield-compat -Wsync-nand -Wno-unsuffixed-float-constants -Wdouble-promotion -Wtrampolines -Wstack-usage=8192 -Wmaybe-uninitialized -Wno-jump-misses-init -Wstrict-overflow=2 -Wno-suggest-attribute=const -Wno-suggest-attribute=noreturn -Wno-suggest-attribute=pure -Wno-suggest-attribute=format -Wdate-time -Warray-bounds=2 -Wc99-c11-compat -Wincompatible-pointer-types -Wint-conversion -Wduplicated-cond -Whsa -Wnormalized -Wnull-dereference -Wunused-const-variable -Walloca -Walloc-zero -Wduplicated-branches -Wformat-overflow=2 -Wformat-truncation=1 -Wrestrict -Wattribute-alias -Wshift-overflow=2 -Wcast-function-type -Wcast-align=strict -Wno-suggest-attribute=cold -Wno-suggest-attribute=malloc -Wattribute-alias=2 -Wmissing-profile -Wc11-c2x-compat -MD -MT src/CMakeFiles/hdf5-static.dir/H5HGquery.c.o -MF src/CMakeFiles/hdf5-static.dir/H5HGquery.c.o.d -o src/CMakeFiles/hdf5-static.dir/H5HGquery.c.o -c /home/byrn/HDF_Projects/hdf5/dev/src/H5HGquery.c
[202/4114] /usr/bin/cc -D_FILE_OFFSET_BITS=64 -D_GNU_SOURCE -D_LARGEFILE_SOURCE -D_POSIX_C_SOURCE=200809L -I/home/byrn/HDF_Projects/hdf5/dev/src -I/home/byrn/HDF_Projects/hdf5/dev/src/H5FDsubfiling -I/home/byrn/HDF_Projects/hdf5/build/ci-StdShar-GNUC/src -I/home/byrn/HDF_Projects/hdf5/build/ci-StdShar-GNUC/_deps/hdf5_zlib-build -I/home/byrn/HDF_Projects/hdf5/build/ci-StdShar-GNUC/_deps/hdf5_zlib-src -I/home/byrn/HDF_Projects/hdf5/build/ci-StdShar-GNUC/_deps/szip-build -I/home/byrn/HDF_Projects/hdf5/build/ci-StdShar-GNUC/_deps/szip-src/include -I/home/byrn/HDF_Projects/hdf5/build/ci-StdShar-GNUC/_deps/szip-src -std=c99  -fstdarg-opt -fdiagnostics-urls=never -fno-diagnostics-color -fmessage-length=0 -O2 -g -DNDEBUG -std=gnu99 -fPIC -Wall -Wcast-qual -Wconversion -Wextra -Wfloat-equal -Wformat=2 -Winit-self -Winvalid-pch -Wmissing-include-dirs -Wshadow -Wundef -Wwrite-strings -pedantic -Wno-c++-compat -Wbad-function-cast -Wcast-align -Wformat -Wimplicit-function-declaration -Wint-to-pointer-cast -Wmissing-declarations -Wmissing-prototypes -Wnested-externs -Wold-style-definition -Wpacked -Wpointer-sign -Wpointer-to-int-cast -Wredundant-decls -Wstrict-prototypes -Wswitch -Wunused-but-set-variable -Wunused-variable -Wunused-function -Wunused-parameter -finline-functions -Wno-aggregate-return -Wno-inline -Wno-missing-format-attribute -Wno-missing-noreturn -Wno-overlength-strings -Wlarger-than=2560 -Wlogical-op -Wframe-larger-than=16384 -Wpacked-bitfield-compat -Wsync-nand -Wno-unsuffixed-float-constants -Wdouble-promotion -Wtrampolines -Wstack-usage=8192 -Wmaybe-uninitialized -Wno-jump-misses-init -Wstrict-overflow=2 -Wno-suggest-attribute=const -Wno-suggest-attribute=noreturn -Wno-suggest-attribute=pure -Wno-suggest-attribute=format -Wdate-time -Warray-bounds=2 -Wc99-c11-compat -Wincompatible-pointer-types -Wint-conversion -Wduplicated-cond -Whsa -Wnormalized -Wnull-dereference -Wunused-const-variable -Walloca -Walloc-zero -Wduplicated-branches -Wformat-overflow=2 -Wformat-truncation=1 -Wrestrict -Wattribute-alias -Wshift-overflow=2 -Wcast-function-type -Wcast-align=strict -Wno-suggest-attribute=cold -Wno-suggest-attribute=malloc -Wattribute-alias=2 -Wmissing-profile -Wc11-c2x-compat -MD -MT src/CMakeFiles/hdf5-static.dir/H5HGdbg.c.o -MF src/CMakeFiles/hdf5-static.dir/H5HGdbg.c.o.d -o src/CMakeFiles/hdf5-static.dir/H5HGdbg.c.o -c /home/byrn/HDF_Projects/hdf5/dev/src/H5HGdbg.c
[203/4114] /usr/bin/cc -D_FILE_OFFSET_BITS=64 -D_GNU_SOURCE -D_LARGEFILE_SOURCE -D_POSIX_C_SOURCE=200809L -I/home/byrn/HDF_Projects/hdf5/dev/src -I/home/byrn/HDF_Projects/hdf5/dev/src/H5FDsubfiling -I/home/byrn/HDF_Projects/hdf5/build/ci-StdShar-GNUC/src -I/home/byrn/HDF_Projects/hdf5/build/ci-StdShar-GNUC/_deps/hdf5_zlib-build -I/home/byrn/HDF_Projects/hdf5/build/ci-StdShar-GNUC/_deps/hdf5_zlib-src -I/home/byrn/HDF_Projects/hdf5/build/ci-StdShar-GNUC/_deps/szip-build -I/home/byrn/HDF_Projects/hdf5/build/ci-StdShar-GNUC/_deps/szip-src/include -I/home/byrn/HDF_Projects/hdf5/build/ci-StdShar-GNUC/_deps/szip-src -std=c99  -fstdarg-opt -fdiagnostics-urls=never -fno-diagnostics-color -fmessage-length=0 -O2 -g -DNDEBUG -std=gnu99 -fPIC -Wall -Wcast-qual -Wconversion -Wextra -Wfloat-equal -Wformat=2 -Winit-self -Winvalid-pch -Wmissing-include-dirs -Wshadow -Wundef -Wwrite-strings -pedantic -Wno-c++-compat -Wbad-function-cast -Wcast-align -Wformat -Wimplicit-function-declaration -Wint-to-pointer-cast -Wmissing-declarations -Wmissing-prototypes -Wnested-externs -Wold-style-definition -Wpacked -Wpointer-sign -Wpointer-to-int-cast -Wredundant-decls -Wstrict-prototypes -Wswitch -Wunused-but-set-variable -Wunused-variable -Wunused-function -Wunused-parameter -finline-functions -Wno-aggregate-return -Wno-inline -Wno-missing-format-attribute -Wno-missing-noreturn -Wno-overlength-strings -Wlarger-than=2560 -Wlogical-op -Wframe-larger-than=16384 -Wpacked-bitfield-compat -Wsync-nand -Wno-unsuffixed-float-constants -Wdouble-promotion -Wtrampolines -Wstack-usage=8192 -Wmaybe-uninitialized -Wno-jump-misses-init -Wstrict-overflow=2 -Wno-suggest-attribute=const -Wno-suggest-attribute=noreturn -Wno-suggest-attribute=pure -Wno-suggest-attribute=format -Wdate-time -Warray-bounds=2 -Wc99-c11-compat -Wincompatible-pointer-types -Wint-conversion -Wduplicated-cond -Whsa -Wnormalized -Wnull-dereference -Wunused-const-variable -Walloca -Walloc-zero -Wduplicated-branches -Wformat-overflow=2 -Wformat-truncation=1 -Wrestrict -Wattribute-alias -Wshift-overflow=2 -Wcast-function-type -Wcast-align=strict -Wno-suggest-attribute=cold -Wno-suggest-attribute=malloc -Wattribute-alias=2 -Wmissing-profile -Wc11-c2x-compat -MD -MT src/CMakeFiles/hdf5-static.dir/H5HLdbg.c.o -MF src/CMakeFiles/hdf5-static.dir/H5HLdbg.c.o.d -o src/CMakeFiles/hdf5-static.dir/H5HLdbg.c.o -c /home/byrn/HDF_Projects/hdf5/dev/src/H5HLdbg.c
[204/4114] /usr/bin/cc -D_FILE_OFFSET_BITS=64 -D_GNU_SOURCE -D_LARGEFILE_SOURCE -D_POSIX_C_SOURCE=200809L -I/home/byrn/HDF_Projects/hdf5/dev/src -I/home/byrn/HDF_Projects/hdf5/dev/src/H5FDsubfiling -I/home/byrn/HDF_Projects/hdf5/build/ci-StdShar-GNUC/src -I/home/byrn/HDF_Projects/hdf5/build/ci-StdShar-GNUC/_deps/hdf5_zlib-build -I/home/byrn/HDF_Projects/hdf5/build/ci-StdShar-GNUC/_deps/hdf5_zlib-src -I/home/byrn/HDF_Projects/hdf5/build/ci-StdShar-GNUC/_deps/szip-build -I/home/byrn/HDF_Projects/hdf5/build/ci-StdShar-GNUC/_deps/szip-src/include -I/home/byrn/HDF_Projects/hdf5/build/ci-StdShar-GNUC/_deps/szip-src -std=c99  -fstdarg-opt -fdiagnostics-urls=never -fno-diagnostics-color -fmessage-length=0 -O2 -g -DNDEBUG -std=gnu99 -fPIC -Wall -Wcast-qual -Wconversion -Wextra -Wfloat-equal -Wformat=2 -Winit-self -Winvalid-pch -Wmissing-include-dirs -Wshadow -Wundef -Wwrite-strings -pedantic -Wno-c++-compat -Wbad-function-cast -Wcast-align -Wformat -Wimplicit-function-declaration -Wint-to-pointer-cast -Wmissing-declarations -Wmissing-prototypes -Wnested-externs -Wold-style-definition -Wpacked -Wpointer-sign -Wpointer-to-int-cast -Wredundant-decls -Wstrict-prototypes -Wswitch -Wunused-but-set-variable -Wunused-variable -Wunused-function -Wunused-parameter -finline-functions -Wno-aggregate-return -Wno-inline -Wno-missing-format-attribute -Wno-missing-noreturn -Wno-overlength-strings -Wlarger-than=2560 -Wlogical-op -Wframe-larger-than=16384 -Wpacked-bitfield-compat -Wsync-nand -Wno-unsuffixed-float-constants -Wdouble-promotion -Wtrampolines -Wstack-usage=8192 -Wmaybe-uninitialized -Wno-jump-misses-init -Wstrict-overflow=2 -Wno-suggest-attribute=const -Wno-suggest-attribute=noreturn -Wno-suggest-attribute=pure -Wno-suggest-attribute=format -Wdate-time -Warray-bounds=2 -Wc99-c11-compat -Wincompatible-pointer-types -Wint-conversion -Wduplicated-cond -Whsa -Wnormalized -Wnull-dereference -Wunused-const-variable -Walloca -Walloc-zero -Wduplicated-branches -Wformat-overflow=2 -Wformat-truncation=1 -Wrestrict -Wattribute-alias -Wshift-overflow=2 -Wcast-function-type -Wcast-align=strict -Wno-suggest-attribute=cold -Wno-suggest-attribute=malloc -Wattribute-alias=2 -Wmissing-profile -Wc11-c2x-compat -MD -MT src/CMakeFiles/hdf5-static.dir/H5HLdblk.c.o -MF src/CMakeFiles/hdf5-static.dir/H5HLdblk.c.o.d -o src/CMakeFiles/hdf5-static.dir/H5HLdblk.c.o -c /home/byrn/HDF_Projects/hdf5/dev/src/H5HLdblk.c
[205/4114] /usr/bin/cc -D_FILE_OFFSET_BITS=64 -D_GNU_SOURCE -D_LARGEFILE_SOURCE -D_POSIX_C_SOURCE=200809L -I/home/byrn/HDF_Projects/hdf5/dev/src -I/home/byrn/HDF_Projects/hdf5/dev/src/H5FDsubfiling -I/home/byrn/HDF_Projects/hdf5/build/ci-StdShar-GNUC/src -I/home/byrn/HDF_Projects/hdf5/build/ci-StdShar-GNUC/_deps/hdf5_zlib-build -I/home/byrn/HDF_Projects/hdf5/build/ci-StdShar-GNUC/_deps/hdf5_zlib-src -I/home/byrn/HDF_Projects/hdf5/build/ci-StdShar-GNUC/_deps/szip-build -I/home/byrn/HDF_Projects/hdf5/build/ci-StdShar-GNUC/_deps/szip-src/include -I/home/byrn/HDF_Projects/hdf5/build/ci-StdShar-GNUC/_deps/szip-src -std=c99  -fstdarg-opt -fdiagnostics-urls=never -fno-diagnostics-color -fmessage-length=0 -O2 -g -DNDEBUG -std=gnu99 -fPIC -Wall -Wcast-qual -Wconversion -Wextra -Wfloat-equal -Wformat=2 -Winit-self -Winvalid-pch -Wmissing-include-dirs -Wshadow -Wundef -Wwrite-strings -pedantic -Wno-c++-compat -Wbad-function-cast -Wcast-align -Wformat -Wimplicit-function-declaration -Wint-to-pointer-cast -Wmissing-declarations -Wmissing-prototypes -Wnested-externs -Wold-style-definition -Wpacked -Wpointer-sign -Wpointer-to-int-cast -Wredundant-decls -Wstrict-prototypes -Wswitch -Wunused-but-set-variable -Wunused-variable -Wunused-function -Wunused-parameter -finline-functions -Wno-aggregate-return -Wno-inline -Wno-missing-format-attribute -Wno-missing-noreturn -Wno-overlength-strings -Wlarger-than=2560 -Wlogical-op -Wframe-larger-than=16384 -Wpacked-bitfield-compat -Wsync-nand -Wno-unsuffixed-float-constants -Wdouble-promotion -Wtrampolines -Wstack-usage=8192 -Wmaybe-uninitialized -Wno-jump-misses-init -Wstrict-overflow=2 -Wno-suggest-attribute=const -Wno-suggest-attribute=noreturn -Wno-suggest-attribute=pure -Wno-suggest-attribute=format -Wdate-time -Warray-bounds=2 -Wc99-c11-compat -Wincompatible-pointer-types -Wint-conversion -Wduplicated-cond -Whsa -Wnormalized -Wnull-dereference -Wunused-const-variable -Walloca -Walloc-zero -Wduplicated-branches -Wformat-overflow=2 -Wformat-truncation=1 -Wrestrict -Wattribute-alias -Wshift-overflow=2 -Wcast-function-type -Wcast-align=strict -Wno-suggest-attribute=cold -Wno-suggest-attribute=malloc -Wattribute-alias=2 -Wmissing-profile -Wc11-c2x-compat -MD -MT src/CMakeFiles/hdf5-static.dir/H5HLint.c.o -MF src/CMakeFiles/hdf5-static.dir/H5HLint.c.o.d -o src/CMakeFiles/hdf5-static.dir/H5HLint.c.o -c /home/byrn/HDF_Projects/hdf5/dev/src/H5HLint.c
[206/4114] /usr/bin/cc -D_FILE_OFFSET_BITS=64 -D_GNU_SOURCE -D_LARGEFILE_SOURCE -D_POSIX_C_SOURCE=200809L -I/home/byrn/HDF_Projects/hdf5/dev/src -I/home/byrn/HDF_Projects/hdf5/dev/src/H5FDsubfiling -I/home/byrn/HDF_Projects/hdf5/build/ci-StdShar-GNUC/src -I/home/byrn/HDF_Projects/hdf5/build/ci-StdShar-GNUC/_deps/hdf5_zlib-build -I/home/byrn/HDF_Projects/hdf5/build/ci-StdShar-GNUC/_deps/hdf5_zlib-src -I/home/byrn/HDF_Projects/hdf5/build/ci-StdShar-GNUC/_deps/szip-build -I/home/byrn/HDF_Projects/hdf5/build/ci-StdShar-GNUC/_deps/szip-src/include -I/home/byrn/HDF_Projects/hdf5/build/ci-StdShar-GNUC/_deps/szip-src -std=c99  -fstdarg-opt -fdiagnostics-urls=never -fno-diagnostics-color -fmessage-length=0 -O2 -g -DNDEBUG -std=gnu99 -fPIC -Wall -Wcast-qual -Wconversion -Wextra -Wfloat-equal -Wformat=2 -Winit-self -Winvalid-pch -Wmissing-include-dirs -Wshadow -Wundef -Wwrite-strings -pedantic -Wno-c++-compat -Wbad-function-cast -Wcast-align -Wformat -Wimplicit-function-declaration -Wint-to-pointer-cast -Wmissing-declarations -Wmissing-prototypes -Wnested-externs -Wold-style-definition -Wpacked -Wpointer-sign -Wpointer-to-int-cast -Wredundant-decls -Wstrict-prototypes -Wswitch -Wunused-but-set-variable -Wunused-variable -Wunused-function -Wunused-parameter -finline-functions -Wno-aggregate-return -Wno-inline -Wno-missing-format-attribute -Wno-missing-noreturn -Wno-overlength-strings -Wlarger-than=2560 -Wlogical-op -Wframe-larger-than=16384 -Wpacked-bitfield-compat -Wsync-nand -Wno-unsuffixed-float-constants -Wdouble-promotion -Wtrampolines -Wstack-usage=8192 -Wmaybe-uninitialized -Wno-jump-misses-init -Wstrict-overflow=2 -Wno-suggest-attribute=const -Wno-suggest-attribute=noreturn -Wno-suggest-attribute=pure -Wno-suggest-attribute=format -Wdate-time -Warray-bounds=2 -Wc99-c11-compat -Wincompatible-pointer-types -Wint-conversion -Wduplicated-cond -Whsa -Wnormalized -Wnull-dereference -Wunused-const-variable -Walloca -Walloc-zero -Wduplicated-branches -Wformat-overflow=2 -Wformat-truncation=1 -Wrestrict -Wattribute-alias -Wshift-overflow=2 -Wcast-function-type -Wcast-align=strict -Wno-suggest-attribute=cold -Wno-suggest-attribute=malloc -Wattribute-alias=2 -Wmissing-profile -Wc11-c2x-compat -MD -MT src/CMakeFiles/hdf5-static.dir/H5HGcache.c.o -MF src/CMakeFiles/hdf5-static.dir/H5HGcache.c.o.d -o src/CMakeFiles/hdf5-static.dir/H5HGcache.c.o -c /home/byrn/HDF_Projects/hdf5/dev/src/H5HGcache.c
[207/4114] /usr/bin/cc -D_FILE_OFFSET_BITS=64 -D_GNU_SOURCE -D_LARGEFILE_SOURCE -D_POSIX_C_SOURCE=200809L -I/home/byrn/HDF_Projects/hdf5/dev/src -I/home/byrn/HDF_Projects/hdf5/dev/src/H5FDsubfiling -I/home/byrn/HDF_Projects/hdf5/build/ci-StdShar-GNUC/src -I/home/byrn/HDF_Projects/hdf5/build/ci-StdShar-GNUC/_deps/hdf5_zlib-build -I/home/byrn/HDF_Projects/hdf5/build/ci-StdShar-GNUC/_deps/hdf5_zlib-src -I/home/byrn/HDF_Projects/hdf5/build/ci-StdShar-GNUC/_deps/szip-build -I/home/byrn/HDF_Projects/hdf5/build/ci-StdShar-GNUC/_deps/szip-src/include -I/home/byrn/HDF_Projects/hdf5/build/ci-StdShar-GNUC/_deps/szip-src -std=c99  -fstdarg-opt -fdiagnostics-urls=never -fno-diagnostics-color -fmessage-length=0 -O2 -g -DNDEBUG -std=gnu99 -fPIC -Wall -Wcast-qual -Wconversion -Wextra -Wfloat-equal -Wformat=2 -Winit-self -Winvalid-pch -Wmissing-include-dirs -Wshadow -Wundef -Wwrite-strings -pedantic -Wno-c++-compat -Wbad-function-cast -Wcast-align -Wformat -Wimplicit-function-declaration -Wint-to-pointer-cast -Wmissing-declarations -Wmissing-prototypes -Wnested-externs -Wold-style-definition -Wpacked -Wpointer-sign -Wpointer-to-int-cast -Wredundant-decls -Wstrict-prototypes -Wswitch -Wunused-but-set-variable -Wunused-variable -Wunused-function -Wunused-parameter -finline-functions -Wno-aggregate-return -Wno-inline -Wno-missing-format-attribute -Wno-missing-noreturn -Wno-overlength-strings -Wlarger-than=2560 -Wlogical-op -Wframe-larger-than=16384 -Wpacked-bitfield-compat -Wsync-nand -Wno-unsuffixed-float-constants -Wdouble-promotion -Wtrampolines -Wstack-usage=8192 -Wmaybe-uninitialized -Wno-jump-misses-init -Wstrict-overflow=2 -Wno-suggest-attribute=const -Wno-suggest-attribute=noreturn -Wno-suggest-attribute=pure -Wno-suggest-attribute=format -Wdate-time -Warray-bounds=2 -Wc99-c11-compat -Wincompatible-pointer-types -Wint-conversion -Wduplicated-cond -Whsa -Wnormalized -Wnull-dereference -Wunused-const-variable -Walloca -Walloc-zero -Wduplicated-branches -Wformat-overflow=2 -Wformat-truncation=1 -Wrestrict -Wattribute-alias -Wshift-overflow=2 -Wcast-function-type -Wcast-align=strict -Wno-suggest-attribute=cold -Wno-suggest-attribute=malloc -Wattribute-alias=2 -Wmissing-profile -Wc11-c2x-compat -MD -MT src/CMakeFiles/hdf5-static.dir/H5HG.c.o -MF src/CMakeFiles/hdf5-static.dir/H5HG.c.o.d -o src/CMakeFiles/hdf5-static.dir/H5HG.c.o -c /home/byrn/HDF_Projects/hdf5/dev/src/H5HG.c
[208/4114] /usr/bin/cc -D_FILE_OFFSET_BITS=64 -D_GNU_SOURCE -D_LARGEFILE_SOURCE -D_POSIX_C_SOURCE=200809L -I/home/byrn/HDF_Projects/hdf5/dev/src -I/home/byrn/HDF_Projects/hdf5/dev/src/H5FDsubfiling -I/home/byrn/HDF_Projects/hdf5/build/ci-StdShar-GNUC/src -I/home/byrn/HDF_Projects/hdf5/build/ci-StdShar-GNUC/_deps/hdf5_zlib-build -I/home/byrn/HDF_Projects/hdf5/build/ci-StdShar-GNUC/_deps/hdf5_zlib-src -I/home/byrn/HDF_Projects/hdf5/build/ci-StdShar-GNUC/_deps/szip-build -I/home/byrn/HDF_Projects/hdf5/build/ci-StdShar-GNUC/_deps/szip-src/include -I/home/byrn/HDF_Projects/hdf5/build/ci-StdShar-GNUC/_deps/szip-src -std=c99  -fstdarg-opt -fdiagnostics-urls=never -fno-diagnostics-color -fmessage-length=0 -O2 -g -DNDEBUG -std=gnu99 -fPIC -Wall -Wcast-qual -Wconversion -Wextra -Wfloat-equal -Wformat=2 -Winit-self -Winvalid-pch -Wmissing-include-dirs -Wshadow -Wundef -Wwrite-strings -pedantic -Wno-c++-compat -Wbad-function-cast -Wcast-align -Wformat -Wimplicit-function-declaration -Wint-to-pointer-cast -Wmissing-declarations -Wmissing-prototypes -Wnested-externs -Wold-style-definition -Wpacked -Wpointer-sign -Wpointer-to-int-cast -Wredundant-decls -Wstrict-prototypes -Wswitch -Wunused-but-set-variable -Wunused-variable -Wunused-function -Wunused-parameter -finline-functions -Wno-aggregate-return -Wno-inline -Wno-missing-format-attribute -Wno-missing-noreturn -Wno-overlength-strings -Wlarger-than=2560 -Wlogical-op -Wframe-larger-than=16384 -Wpacked-bitfield-compat -Wsync-nand -Wno-unsuffixed-float-constants -Wdouble-promotion -Wtrampolines -Wstack-usage=8192 -Wmaybe-uninitialized -Wno-jump-misses-init -Wstrict-overflow=2 -Wno-suggest-attribute=const -Wno-suggest-attribute=noreturn -Wno-suggest-attribute=pure -Wno-suggest-attribute=format -Wdate-time -Warray-bounds=2 -Wc99-c11-compat -Wincompatible-pointer-types -Wint-conversion -Wduplicated-cond -Whsa -Wnormalized -Wnull-dereference -Wunused-const-variable -Walloca -Walloc-zero -Wduplicated-branches -Wformat-overflow=2 -Wformat-truncation=1 -Wrestrict -Wattribute-alias -Wshift-overflow=2 -Wcast-function-type -Wcast-align=strict -Wno-suggest-attribute=cold -Wno-suggest-attribute=malloc -Wattribute-alias=2 -Wmissing-profile -Wc11-c2x-compat -MD -MT src/CMakeFiles/hdf5-static.dir/H5HL.c.o -MF src/CMakeFiles/hdf5-static.dir/H5HL.c.o.d -o src/CMakeFiles/hdf5-static.dir/H5HL.c.o -c /home/byrn/HDF_Projects/hdf5/dev/src/H5HL.c
[209/4114] /usr/bin/cc -D_FILE_OFFSET_BITS=64 -D_GNU_SOURCE -D_LARGEFILE_SOURCE -D_POSIX_C_SOURCE=200809L -I/home/byrn/HDF_Projects/hdf5/dev/src -I/home/byrn/HDF_Projects/hdf5/dev/src/H5FDsubfiling -I/home/byrn/HDF_Projects/hdf5/build/ci-StdShar-GNUC/src -I/home/byrn/HDF_Projects/hdf5/build/ci-StdShar-GNUC/_deps/hdf5_zlib-build -I/home/byrn/HDF_Projects/hdf5/build/ci-StdShar-GNUC/_deps/hdf5_zlib-src -I/home/byrn/HDF_Projects/hdf5/build/ci-StdShar-GNUC/_deps/szip-build -I/home/byrn/HDF_Projects/hdf5/build/ci-StdShar-GNUC/_deps/szip-src/include -I/home/byrn/HDF_Projects/hdf5/build/ci-StdShar-GNUC/_deps/szip-src -std=c99  -fstdarg-opt -fdiagnostics-urls=never -fno-diagnostics-color -fmessage-length=0 -O2 -g -DNDEBUG -std=gnu99 -fPIC -Wall -Wcast-qual -Wconversion -Wextra -Wfloat-equal -Wformat=2 -Winit-self -Winvalid-pch -Wmissing-include-dirs -Wshadow -Wundef -Wwrite-strings -pedantic -Wno-c++-compat -Wbad-function-cast -Wcast-align -Wformat -Wimplicit-function-declaration -Wint-to-pointer-cast -Wmissing-declarations -Wmissing-prototypes -Wnested-externs -Wold-style-definition -Wpacked -Wpointer-sign -Wpointer-to-int-cast -Wredundant-decls -Wstrict-prototypes -Wswitch -Wunused-but-set-variable -Wunused-variable -Wunused-function -Wunused-parameter -finline-functions -Wno-aggregate-return -Wno-inline -Wno-missing-format-attribute -Wno-missing-noreturn -Wno-overlength-strings -Wlarger-than=2560 -Wlogical-op -Wframe-larger-than=16384 -Wpacked-bitfield-compat -Wsync-nand -Wno-unsuffixed-float-constants -Wdouble-promotion -Wtrampolines -Wstack-usage=8192 -Wmaybe-uninitialized -Wno-jump-misses-init -Wstrict-overflow=2 -Wno-suggest-attribute=const -Wno-suggest-attribute=noreturn -Wno-suggest-attribute=pure -Wno-suggest-attribute=format -Wdate-time -Warray-bounds=2 -Wc99-c11-compat -Wincompatible-pointer-types -Wint-conversion -Wduplicated-cond -Whsa -Wnormalized -Wnull-dereference -Wunused-const-variable -Walloca -Walloc-zero -Wduplicated-branches -Wformat-overflow=2 -Wformat-truncation=1 -Wrestrict -Wattribute-alias -Wshift-overflow=2 -Wcast-function-type -Wcast-align=strict -Wno-suggest-attribute=cold -Wno-suggest-attribute=malloc -Wattribute-alias=2 -Wmissing-profile -Wc11-c2x-compat -MD -MT src/CMakeFiles/hdf5-static.dir/H5HLprfx.c.o -MF src/CMakeFiles/hdf5-static.dir/H5HLprfx.c.o.d -o src/CMakeFiles/hdf5-static.dir/H5HLprfx.c.o -c /home/byrn/HDF_Projects/hdf5/dev/src/H5HLprfx.c
[210/4114] /usr/bin/cc -D_FILE_OFFSET_BITS=64 -D_GNU_SOURCE -D_LARGEFILE_SOURCE -D_POSIX_C_SOURCE=200809L -I/home/byrn/HDF_Projects/hdf5/dev/src -I/home/byrn/HDF_Projects/hdf5/dev/src/H5FDsubfiling -I/home/byrn/HDF_Projects/hdf5/build/ci-StdShar-GNUC/src -I/home/byrn/HDF_Projects/hdf5/build/ci-StdShar-GNUC/_deps/hdf5_zlib-build -I/home/byrn/HDF_Projects/hdf5/build/ci-StdShar-GNUC/_deps/hdf5_zlib-src -I/home/byrn/HDF_Projects/hdf5/build/ci-StdShar-GNUC/_deps/szip-build -I/home/byrn/HDF_Projects/hdf5/build/ci-StdShar-GNUC/_deps/szip-src/include -I/home/byrn/HDF_Projects/hdf5/build/ci-StdShar-GNUC/_deps/szip-src -std=c99  -fstdarg-opt -fdiagnostics-urls=never -fno-diagnostics-color -fmessage-length=0 -O2 -g -DNDEBUG -std=gnu99 -fPIC -Wall -Wcast-qual -Wconversion -Wextra -Wfloat-equal -Wformat=2 -Winit-self -Winvalid-pch -Wmissing-include-dirs -Wshadow -Wundef -Wwrite-strings -pedantic -Wno-c++-compat -Wbad-function-cast -Wcast-align -Wformat -Wimplicit-function-declaration -Wint-to-pointer-cast -Wmissing-declarations -Wmissing-prototypes -Wnested-externs -Wold-style-definition -Wpacked -Wpointer-sign -Wpointer-to-int-cast -Wredundant-decls -Wstrict-prototypes -Wswitch -Wunused-but-set-variable -Wunused-variable -Wunused-function -Wunused-parameter -finline-functions -Wno-aggregate-return -Wno-inline -Wno-missing-format-attribute -Wno-missing-noreturn -Wno-overlength-strings -Wlarger-than=2560 -Wlogical-op -Wframe-larger-than=16384 -Wpacked-bitfield-compat -Wsync-nand -Wno-unsuffixed-float-constants -Wdouble-promotion -Wtrampolines -Wstack-usage=8192 -Wmaybe-uninitialized -Wno-jump-misses-init -Wstrict-overflow=2 -Wno-suggest-attribute=const -Wno-suggest-attribute=noreturn -Wno-suggest-attribute=pure -Wno-suggest-attribute=format -Wdate-time -Warray-bounds=2 -Wc99-c11-compat -Wincompatible-pointer-types -Wint-conversion -Wduplicated-cond -Whsa -Wnormalized -Wnull-dereference -Wunused-const-variable -Walloca -Walloc-zero -Wduplicated-branches -Wformat-overflow=2 -Wformat-truncation=1 -Wrestrict -Wattribute-alias -Wshift-overflow=2 -Wcast-function-type -Wcast-align=strict -Wno-suggest-attribute=cold -Wno-suggest-attribute=malloc -Wattribute-alias=2 -Wmissing-profile -Wc11-c2x-compat -MD -MT src/CMakeFiles/hdf5-static.dir/H5Idbg.c.o -MF src/CMakeFiles/hdf5-static.dir/H5Idbg.c.o.d -o src/CMakeFiles/hdf5-static.dir/H5Idbg.c.o -c /home/byrn/HDF_Projects/hdf5/dev/src/H5Idbg.c
[211/4114] /usr/bin/cc -D_FILE_OFFSET_BITS=64 -D_GNU_SOURCE -D_LARGEFILE_SOURCE -D_POSIX_C_SOURCE=200809L -I/home/byrn/HDF_Projects/hdf5/dev/src -I/home/byrn/HDF_Projects/hdf5/dev/src/H5FDsubfiling -I/home/byrn/HDF_Projects/hdf5/build/ci-StdShar-GNUC/src -I/home/byrn/HDF_Projects/hdf5/build/ci-StdShar-GNUC/_deps/hdf5_zlib-build -I/home/byrn/HDF_Projects/hdf5/build/ci-StdShar-GNUC/_deps/hdf5_zlib-src -I/home/byrn/HDF_Projects/hdf5/build/ci-StdShar-GNUC/_deps/szip-build -I/home/byrn/HDF_Projects/hdf5/build/ci-StdShar-GNUC/_deps/szip-src/include -I/home/byrn/HDF_Projects/hdf5/build/ci-StdShar-GNUC/_deps/szip-src -std=c99  -fstdarg-opt -fdiagnostics-urls=never -fno-diagnostics-color -fmessage-length=0 -O2 -g -DNDEBUG -std=gnu99 -fPIC -Wall -Wcast-qual -Wconversion -Wextra -Wfloat-equal -Wformat=2 -Winit-self -Winvalid-pch -Wmissing-include-dirs -Wshadow -Wundef -Wwrite-strings -pedantic -Wno-c++-compat -Wbad-function-cast -Wcast-align -Wformat -Wimplicit-function-declaration -Wint-to-pointer-cast -Wmissing-declarations -Wmissing-prototypes -Wnested-externs -Wold-style-definition -Wpacked -Wpointer-sign -Wpointer-to-int-cast -Wredundant-decls -Wstrict-prototypes -Wswitch -Wunused-but-set-variable -Wunused-variable -Wunused-function -Wunused-parameter -finline-functions -Wno-aggregate-return -Wno-inline -Wno-missing-format-attribute -Wno-missing-noreturn -Wno-overlength-strings -Wlarger-than=2560 -Wlogical-op -Wframe-larger-than=16384 -Wpacked-bitfield-compat -Wsync-nand -Wno-unsuffixed-float-constants -Wdouble-promotion -Wtrampolines -Wstack-usage=8192 -Wmaybe-uninitialized -Wno-jump-misses-init -Wstrict-overflow=2 -Wno-suggest-attribute=const -Wno-suggest-attribute=noreturn -Wno-suggest-attribute=pure -Wno-suggest-attribute=format -Wdate-time -Warray-bounds=2 -Wc99-c11-compat -Wincompatible-pointer-types -Wint-conversion -Wduplicated-cond -Whsa -Wnormalized -Wnull-dereference -Wunused-const-variable -Walloca -Walloc-zero -Wduplicated-branches -Wformat-overflow=2 -Wformat-truncation=1 -Wrestrict -Wattribute-alias -Wshift-overflow=2 -Wcast-function-type -Wcast-align=strict -Wno-suggest-attribute=cold -Wno-suggest-attribute=malloc -Wattribute-alias=2 -Wmissing-profile -Wc11-c2x-compat -MD -MT src/CMakeFiles/hdf5-static.dir/H5HLcache.c.o -MF src/CMakeFiles/hdf5-static.dir/H5HLcache.c.o.d -o src/CMakeFiles/hdf5-static.dir/H5HLcache.c.o -c /home/byrn/HDF_Projects/hdf5/dev/src/H5HLcache.c
[212/4114] /usr/bin/cc -D_FILE_OFFSET_BITS=64 -D_GNU_SOURCE -D_LARGEFILE_SOURCE -D_POSIX_C_SOURCE=200809L -I/home/byrn/HDF_Projects/hdf5/dev/src -I/home/byrn/HDF_Projects/hdf5/dev/src/H5FDsubfiling -I/home/byrn/HDF_Projects/hdf5/build/ci-StdShar-GNUC/src -I/home/byrn/HDF_Projects/hdf5/build/ci-StdShar-GNUC/_deps/hdf5_zlib-build -I/home/byrn/HDF_Projects/hdf5/build/ci-StdShar-GNUC/_deps/hdf5_zlib-src -I/home/byrn/HDF_Projects/hdf5/build/ci-StdShar-GNUC/_deps/szip-build -I/home/byrn/HDF_Projects/hdf5/build/ci-StdShar-GNUC/_deps/szip-src/include -I/home/byrn/HDF_Projects/hdf5/build/ci-StdShar-GNUC/_deps/szip-src -std=c99  -fstdarg-opt -fdiagnostics-urls=never -fno-diagnostics-color -fmessage-length=0 -O2 -g -DNDEBUG -std=gnu99 -fPIC -Wall -Wcast-qual -Wconversion -Wextra -Wfloat-equal -Wformat=2 -Winit-self -Winvalid-pch -Wmissing-include-dirs -Wshadow -Wundef -Wwrite-strings -pedantic -Wno-c++-compat -Wbad-function-cast -Wcast-align -Wformat -Wimplicit-function-declaration -Wint-to-pointer-cast -Wmissing-declarations -Wmissing-prototypes -Wnested-externs -Wold-style-definition -Wpacked -Wpointer-sign -Wpointer-to-int-cast -Wredundant-decls -Wstrict-prototypes -Wswitch -Wunused-but-set-variable -Wunused-variable -Wunused-function -Wunused-parameter -finline-functions -Wno-aggregate-return -Wno-inline -Wno-missing-format-attribute -Wno-missing-noreturn -Wno-overlength-strings -Wlarger-than=2560 -Wlogical-op -Wframe-larger-than=16384 -Wpacked-bitfield-compat -Wsync-nand -Wno-unsuffixed-float-constants -Wdouble-promotion -Wtrampolines -Wstack-usage=8192 -Wmaybe-uninitialized -Wno-jump-misses-init -Wstrict-overflow=2 -Wno-suggest-attribute=const -Wno-suggest-attribute=noreturn -Wno-suggest-attribute=pure -Wno-suggest-attribute=format -Wdate-time -Warray-bounds=2 -Wc99-c11-compat -Wincompatible-pointer-types -Wint-conversion -Wduplicated-cond -Whsa -Wnormalized -Wnull-dereference -Wunused-const-variable -Walloca -Walloc-zero -Wduplicated-branches -Wformat-overflow=2 -Wformat-truncation=1 -Wrestrict -Wattribute-alias -Wshift-overflow=2 -Wcast-function-type -Wcast-align=strict -Wno-suggest-attribute=cold -Wno-suggest-attribute=malloc -Wattribute-alias=2 -Wmissing-profile -Wc11-c2x-compat -MD -MT src/CMakeFiles/hdf5-static.dir/H5HFsection.c.o -MF src/CMakeFiles/hdf5-static.dir/H5HFsection.c.o.d -o src/CMakeFiles/hdf5-static.dir/H5HFsection.c.o -c /home/byrn/HDF_Projects/hdf5/dev/src/H5HFsection.c
[213/4114] /usr/bin/cc -D_FILE_OFFSET_BITS=64 -D_GNU_SOURCE -D_LARGEFILE_SOURCE -D_POSIX_C_SOURCE=200809L -I/home/byrn/HDF_Projects/hdf5/dev/src -I/home/byrn/HDF_Projects/hdf5/dev/src/H5FDsubfiling -I/home/byrn/HDF_Projects/hdf5/build/ci-StdShar-GNUC/src -I/home/byrn/HDF_Projects/hdf5/build/ci-StdShar-GNUC/_deps/hdf5_zlib-build -I/home/byrn/HDF_Projects/hdf5/build/ci-StdShar-GNUC/_deps/hdf5_zlib-src -I/home/byrn/HDF_Projects/hdf5/build/ci-StdShar-GNUC/_deps/szip-build -I/home/byrn/HDF_Projects/hdf5/build/ci-StdShar-GNUC/_deps/szip-src/include -I/home/byrn/HDF_Projects/hdf5/build/ci-StdShar-GNUC/_deps/szip-src -std=c99  -fstdarg-opt -fdiagnostics-urls=never -fno-diagnostics-color -fmessage-length=0 -O2 -g -DNDEBUG -std=gnu99 -fPIC -Wall -Wcast-qual -Wconversion -Wextra -Wfloat-equal -Wformat=2 -Winit-self -Winvalid-pch -Wmissing-include-dirs -Wshadow -Wundef -Wwrite-strings -pedantic -Wno-c++-compat -Wbad-function-cast -Wcast-align -Wformat -Wimplicit-function-declaration -Wint-to-pointer-cast -Wmissing-declarations -Wmissing-prototypes -Wnested-externs -Wold-style-definition -Wpacked -Wpointer-sign -Wpointer-to-int-cast -Wredundant-decls -Wstrict-prototypes -Wswitch -Wunused-but-set-variable -Wunused-variable -Wunused-function -Wunused-parameter -finline-functions -Wno-aggregate-return -Wno-inline -Wno-missing-format-attribute -Wno-missing-noreturn -Wno-overlength-strings -Wlarger-than=2560 -Wlogical-op -Wframe-larger-than=16384 -Wpacked-bitfield-compat -Wsync-nand -Wno-unsuffixed-float-constants -Wdouble-promotion -Wtrampolines -Wstack-usage=8192 -Wmaybe-uninitialized -Wno-jump-misses-init -Wstrict-overflow=2 -Wno-suggest-attribute=const -Wno-suggest-attribute=noreturn -Wno-suggest-attribute=pure -Wno-suggest-attribute=format -Wdate-time -Warray-bounds=2 -Wc99-c11-compat -Wincompatible-pointer-types -Wint-conversion -Wduplicated-cond -Whsa -Wnormalized -Wnull-dereference -Wunused-const-variable -Walloca -Walloc-zero -Wduplicated-branches -Wformat-overflow=2 -Wformat-truncation=1 -Wrestrict -Wattribute-alias -Wshift-overflow=2 -Wcast-function-type -Wcast-align=strict -Wno-suggest-attribute=cold -Wno-suggest-attribute=malloc -Wattribute-alias=2 -Wmissing-profile -Wc11-c2x-compat -MD -MT src/CMakeFiles/hdf5-static.dir/H5Itest.c.o -MF src/CMakeFiles/hdf5-static.dir/H5Itest.c.o.d -o src/CMakeFiles/hdf5-static.dir/H5Itest.c.o -c /home/byrn/HDF_Projects/hdf5/dev/src/H5Itest.c
[214/4114] /usr/bin/cc -D_FILE_OFFSET_BITS=64 -D_GNU_SOURCE -D_LARGEFILE_SOURCE -D_POSIX_C_SOURCE=200809L -I/home/byrn/HDF_Projects/hdf5/dev/src -I/home/byrn/HDF_Projects/hdf5/dev/src/H5FDsubfiling -I/home/byrn/HDF_Projects/hdf5/build/ci-StdShar-GNUC/src -I/home/byrn/HDF_Projects/hdf5/build/ci-StdShar-GNUC/_deps/hdf5_zlib-build -I/home/byrn/HDF_Projects/hdf5/build/ci-StdShar-GNUC/_deps/hdf5_zlib-src -I/home/byrn/HDF_Projects/hdf5/build/ci-StdShar-GNUC/_deps/szip-build -I/home/byrn/HDF_Projects/hdf5/build/ci-StdShar-GNUC/_deps/szip-src/include -I/home/byrn/HDF_Projects/hdf5/build/ci-StdShar-GNUC/_deps/szip-src -std=c99  -fstdarg-opt -fdiagnostics-urls=never -fno-diagnostics-color -fmessage-length=0 -O2 -g -DNDEBUG -std=gnu99 -fPIC -Wall -Wcast-qual -Wconversion -Wextra -Wfloat-equal -Wformat=2 -Winit-self -Winvalid-pch -Wmissing-include-dirs -Wshadow -Wundef -Wwrite-strings -pedantic -Wno-c++-compat -Wbad-function-cast -Wcast-align -Wformat -Wimplicit-function-declaration -Wint-to-pointer-cast -Wmissing-declarations -Wmissing-prototypes -Wnested-externs -Wold-style-definition -Wpacked -Wpointer-sign -Wpointer-to-int-cast -Wredundant-decls -Wstrict-prototypes -Wswitch -Wunused-but-set-variable -Wunused-variable -Wunused-function -Wunused-parameter -finline-functions -Wno-aggregate-return -Wno-inline -Wno-missing-format-attribute -Wno-missing-noreturn -Wno-overlength-strings -Wlarger-than=2560 -Wlogical-op -Wframe-larger-than=16384 -Wpacked-bitfield-compat -Wsync-nand -Wno-unsuffixed-float-constants -Wdouble-promotion -Wtrampolines -Wstack-usage=8192 -Wmaybe-uninitialized -Wno-jump-misses-init -Wstrict-overflow=2 -Wno-suggest-attribute=const -Wno-suggest-attribute=noreturn -Wno-suggest-attribute=pure -Wno-suggest-attribute=format -Wdate-time -Warray-bounds=2 -Wc99-c11-compat -Wincompatible-pointer-types -Wint-conversion -Wduplicated-cond -Whsa -Wnormalized -Wnull-dereference -Wunused-const-variable -Walloca -Walloc-zero -Wduplicated-branches -Wformat-overflow=2 -Wformat-truncation=1 -Wrestrict -Wattribute-alias -Wshift-overflow=2 -Wcast-function-type -Wcast-align=strict -Wno-suggest-attribute=cold -Wno-suggest-attribute=malloc -Wattribute-alias=2 -Wmissing-profile -Wc11-c2x-compat -MD -MT src/CMakeFiles/hdf5-static.dir/H5I.c.o -MF src/CMakeFiles/hdf5-static.dir/H5I.c.o.d -o src/CMakeFiles/hdf5-static.dir/H5I.c.o -c /home/byrn/HDF_Projects/hdf5/dev/src/H5I.c
[215/4114] /usr/bin/cc -D_FILE_OFFSET_BITS=64 -D_GNU_SOURCE -D_LARGEFILE_SOURCE -D_POSIX_C_SOURCE=200809L -I/home/byrn/HDF_Projects/hdf5/dev/src -I/home/byrn/HDF_Projects/hdf5/dev/src/H5FDsubfiling -I/home/byrn/HDF_Projects/hdf5/build/ci-StdShar-GNUC/src -I/home/byrn/HDF_Projects/hdf5/build/ci-StdShar-GNUC/_deps/hdf5_zlib-build -I/home/byrn/HDF_Projects/hdf5/build/ci-StdShar-GNUC/_deps/hdf5_zlib-src -I/home/byrn/HDF_Projects/hdf5/build/ci-StdShar-GNUC/_deps/szip-build -I/home/byrn/HDF_Projects/hdf5/build/ci-StdShar-GNUC/_deps/szip-src/include -I/home/byrn/HDF_Projects/hdf5/build/ci-StdShar-GNUC/_deps/szip-src -std=c99  -fstdarg-opt -fdiagnostics-urls=never -fno-diagnostics-color -fmessage-length=0 -O2 -g -DNDEBUG -std=gnu99 -fPIC -Wall -Wcast-qual -Wconversion -Wextra -Wfloat-equal -Wformat=2 -Winit-self -Winvalid-pch -Wmissing-include-dirs -Wshadow -Wundef -Wwrite-strings -pedantic -Wno-c++-compat -Wbad-function-cast -Wcast-align -Wformat -Wimplicit-function-declaration -Wint-to-pointer-cast -Wmissing-declarations -Wmissing-prototypes -Wnested-externs -Wold-style-definition -Wpacked -Wpointer-sign -Wpointer-to-int-cast -Wredundant-decls -Wstrict-prototypes -Wswitch -Wunused-but-set-variable -Wunused-variable -Wunused-function -Wunused-parameter -finline-functions -Wno-aggregate-return -Wno-inline -Wno-missing-format-attribute -Wno-missing-noreturn -Wno-overlength-strings -Wlarger-than=2560 -Wlogical-op -Wframe-larger-than=16384 -Wpacked-bitfield-compat -Wsync-nand -Wno-unsuffixed-float-constants -Wdouble-promotion -Wtrampolines -Wstack-usage=8192 -Wmaybe-uninitialized -Wno-jump-misses-init -Wstrict-overflow=2 -Wno-suggest-attribute=const -Wno-suggest-attribute=noreturn -Wno-suggest-attribute=pure -Wno-suggest-attribute=format -Wdate-time -Warray-bounds=2 -Wc99-c11-compat -Wincompatible-pointer-types -Wint-conversion -Wduplicated-cond -Whsa -Wnormalized -Wnull-dereference -Wunused-const-variable -Walloca -Walloc-zero -Wduplicated-branches -Wformat-overflow=2 -Wformat-truncation=1 -Wrestrict -Wattribute-alias -Wshift-overflow=2 -Wcast-function-type -Wcast-align=strict -Wno-suggest-attribute=cold -Wno-suggest-attribute=malloc -Wattribute-alias=2 -Wmissing-profile -Wc11-c2x-compat -MD -MT src/CMakeFiles/hdf5-static.dir/H5M.c.o -MF src/CMakeFiles/hdf5-static.dir/H5M.c.o.d -o src/CMakeFiles/hdf5-static.dir/H5M.c.o -c /home/byrn/HDF_Projects/hdf5/dev/src/H5M.c
[216/4114] /usr/bin/cc -D_FILE_OFFSET_BITS=64 -D_GNU_SOURCE -D_LARGEFILE_SOURCE -D_POSIX_C_SOURCE=200809L -I/home/byrn/HDF_Projects/hdf5/dev/src -I/home/byrn/HDF_Projects/hdf5/dev/src/H5FDsubfiling -I/home/byrn/HDF_Projects/hdf5/build/ci-StdShar-GNUC/src -I/home/byrn/HDF_Projects/hdf5/build/ci-StdShar-GNUC/_deps/hdf5_zlib-build -I/home/byrn/HDF_Projects/hdf5/build/ci-StdShar-GNUC/_deps/hdf5_zlib-src -I/home/byrn/HDF_Projects/hdf5/build/ci-StdShar-GNUC/_deps/szip-build -I/home/byrn/HDF_Projects/hdf5/build/ci-StdShar-GNUC/_deps/szip-src/include -I/home/byrn/HDF_Projects/hdf5/build/ci-StdShar-GNUC/_deps/szip-src -std=c99  -fstdarg-opt -fdiagnostics-urls=never -fno-diagnostics-color -fmessage-length=0 -O2 -g -DNDEBUG -std=gnu99 -fPIC -Wall -Wcast-qual -Wconversion -Wextra -Wfloat-equal -Wformat=2 -Winit-self -Winvalid-pch -Wmissing-include-dirs -Wshadow -Wundef -Wwrite-strings -pedantic -Wno-c++-compat -Wbad-function-cast -Wcast-align -Wformat -Wimplicit-function-declaration -Wint-to-pointer-cast -Wmissing-declarations -Wmissing-prototypes -Wnested-externs -Wold-style-definition -Wpacked -Wpointer-sign -Wpointer-to-int-cast -Wredundant-decls -Wstrict-prototypes -Wswitch -Wunused-but-set-variable -Wunused-variable -Wunused-function -Wunused-parameter -finline-functions -Wno-aggregate-return -Wno-inline -Wno-missing-format-attribute -Wno-missing-noreturn -Wno-overlength-strings -Wlarger-than=2560 -Wlogical-op -Wframe-larger-than=16384 -Wpacked-bitfield-compat -Wsync-nand -Wno-unsuffixed-float-constants -Wdouble-promotion -Wtrampolines -Wstack-usage=8192 -Wmaybe-uninitialized -Wno-jump-misses-init -Wstrict-overflow=2 -Wno-suggest-attribute=const -Wno-suggest-attribute=noreturn -Wno-suggest-attribute=pure -Wno-suggest-attribute=format -Wdate-time -Warray-bounds=2 -Wc99-c11-compat -Wincompatible-pointer-types -Wint-conversion -Wduplicated-cond -Whsa -Wnormalized -Wnull-dereference -Wunused-const-variable -Walloca -Walloc-zero -Wduplicated-branches -Wformat-overflow=2 -Wformat-truncation=1 -Wrestrict -Wattribute-alias -Wshift-overflow=2 -Wcast-function-type -Wcast-align=strict -Wno-suggest-attribute=cold -Wno-suggest-attribute=malloc -Wattribute-alias=2 -Wmissing-profile -Wc11-c2x-compat -MD -MT src/CMakeFiles/hdf5-static.dir/H5Ldeprec.c.o -MF src/CMakeFiles/hdf5-static.dir/H5Ldeprec.c.o.d -o src/CMakeFiles/hdf5-static.dir/H5Ldeprec.c.o -c /home/byrn/HDF_Projects/hdf5/dev/src/H5Ldeprec.c
[217/4114] /usr/bin/cc -D_FILE_OFFSET_BITS=64 -D_GNU_SOURCE -D_LARGEFILE_SOURCE -D_POSIX_C_SOURCE=200809L -I/home/byrn/HDF_Projects/hdf5/dev/src -I/home/byrn/HDF_Projects/hdf5/dev/src/H5FDsubfiling -I/home/byrn/HDF_Projects/hdf5/build/ci-StdShar-GNUC/src -I/home/byrn/HDF_Projects/hdf5/build/ci-StdShar-GNUC/_deps/hdf5_zlib-build -I/home/byrn/HDF_Projects/hdf5/build/ci-StdShar-GNUC/_deps/hdf5_zlib-src -I/home/byrn/HDF_Projects/hdf5/build/ci-StdShar-GNUC/_deps/szip-build -I/home/byrn/HDF_Projects/hdf5/build/ci-StdShar-GNUC/_deps/szip-src/include -I/home/byrn/HDF_Projects/hdf5/build/ci-StdShar-GNUC/_deps/szip-src -std=c99  -fstdarg-opt -fdiagnostics-urls=never -fno-diagnostics-color -fmessage-length=0 -O2 -g -DNDEBUG -std=gnu99 -fPIC -Wall -Wcast-qual -Wconversion -Wextra -Wfloat-equal -Wformat=2 -Winit-self -Winvalid-pch -Wmissing-include-dirs -Wshadow -Wundef -Wwrite-strings -pedantic -Wno-c++-compat -Wbad-function-cast -Wcast-align -Wformat -Wimplicit-function-declaration -Wint-to-pointer-cast -Wmissing-declarations -Wmissing-prototypes -Wnested-externs -Wold-style-definition -Wpacked -Wpointer-sign -Wpointer-to-int-cast -Wredundant-decls -Wstrict-prototypes -Wswitch -Wunused-but-set-variable -Wunused-variable -Wunused-function -Wunused-parameter -finline-functions -Wno-aggregate-return -Wno-inline -Wno-missing-format-attribute -Wno-missing-noreturn -Wno-overlength-strings -Wlarger-than=2560 -Wlogical-op -Wframe-larger-than=16384 -Wpacked-bitfield-compat -Wsync-nand -Wno-unsuffixed-float-constants -Wdouble-promotion -Wtrampolines -Wstack-usage=8192 -Wmaybe-uninitialized -Wno-jump-misses-init -Wstrict-overflow=2 -Wno-suggest-attribute=const -Wno-suggest-attribute=noreturn -Wno-suggest-attribute=pure -Wno-suggest-attribute=format -Wdate-time -Warray-bounds=2 -Wc99-c11-compat -Wincompatible-pointer-types -Wint-conversion -Wduplicated-cond -Whsa -Wnormalized -Wnull-dereference -Wunused-const-variable -Walloca -Walloc-zero -Wduplicated-branches -Wformat-overflow=2 -Wformat-truncation=1 -Wrestrict -Wattribute-alias -Wshift-overflow=2 -Wcast-function-type -Wcast-align=strict -Wno-suggest-attribute=cold -Wno-suggest-attribute=malloc -Wattribute-alias=2 -Wmissing-profile -Wc11-c2x-compat -MD -MT src/CMakeFiles/hdf5-static.dir/H5Lexternal.c.o -MF src/CMakeFiles/hdf5-static.dir/H5Lexternal.c.o.d -o src/CMakeFiles/hdf5-static.dir/H5Lexternal.c.o -c /home/byrn/HDF_Projects/hdf5/dev/src/H5Lexternal.c
[218/4114] /usr/bin/cc -D_FILE_OFFSET_BITS=64 -D_GNU_SOURCE -D_LARGEFILE_SOURCE -D_POSIX_C_SOURCE=200809L -I/home/byrn/HDF_Projects/hdf5/dev/src -I/home/byrn/HDF_Projects/hdf5/dev/src/H5FDsubfiling -I/home/byrn/HDF_Projects/hdf5/build/ci-StdShar-GNUC/src -I/home/byrn/HDF_Projects/hdf5/build/ci-StdShar-GNUC/_deps/hdf5_zlib-build -I/home/byrn/HDF_Projects/hdf5/build/ci-StdShar-GNUC/_deps/hdf5_zlib-src -I/home/byrn/HDF_Projects/hdf5/build/ci-StdShar-GNUC/_deps/szip-build -I/home/byrn/HDF_Projects/hdf5/build/ci-StdShar-GNUC/_deps/szip-src/include -I/home/byrn/HDF_Projects/hdf5/build/ci-StdShar-GNUC/_deps/szip-src -std=c99  -fstdarg-opt -fdiagnostics-urls=never -fno-diagnostics-color -fmessage-length=0 -O2 -g -DNDEBUG -std=gnu99 -fPIC -Wall -Wcast-qual -Wconversion -Wextra -Wfloat-equal -Wformat=2 -Winit-self -Winvalid-pch -Wmissing-include-dirs -Wshadow -Wundef -Wwrite-strings -pedantic -Wno-c++-compat -Wbad-function-cast -Wcast-align -Wformat -Wimplicit-function-declaration -Wint-to-pointer-cast -Wmissing-declarations -Wmissing-prototypes -Wnested-externs -Wold-style-definition -Wpacked -Wpointer-sign -Wpointer-to-int-cast -Wredundant-decls -Wstrict-prototypes -Wswitch -Wunused-but-set-variable -Wunused-variable -Wunused-function -Wunused-parameter -finline-functions -Wno-aggregate-return -Wno-inline -Wno-missing-format-attribute -Wno-missing-noreturn -Wno-overlength-strings -Wlarger-than=2560 -Wlogical-op -Wframe-larger-than=16384 -Wpacked-bitfield-compat -Wsync-nand -Wno-unsuffixed-float-constants -Wdouble-promotion -Wtrampolines -Wstack-usage=8192 -Wmaybe-uninitialized -Wno-jump-misses-init -Wstrict-overflow=2 -Wno-suggest-attribute=const -Wno-suggest-attribute=noreturn -Wno-suggest-attribute=pure -Wno-suggest-attribute=format -Wdate-time -Warray-bounds=2 -Wc99-c11-compat -Wincompatible-pointer-types -Wint-conversion -Wduplicated-cond -Whsa -Wnormalized -Wnull-dereference -Wunused-const-variable -Walloca -Walloc-zero -Wduplicated-branches -Wformat-overflow=2 -Wformat-truncation=1 -Wrestrict -Wattribute-alias -Wshift-overflow=2 -Wcast-function-type -Wcast-align=strict -Wno-suggest-attribute=cold -Wno-suggest-attribute=malloc -Wattribute-alias=2 -Wmissing-profile -Wc11-c2x-compat -MD -MT src/CMakeFiles/hdf5-static.dir/H5MFdbg.c.o -MF src/CMakeFiles/hdf5-static.dir/H5MFdbg.c.o.d -o src/CMakeFiles/hdf5-static.dir/H5MFdbg.c.o -c /home/byrn/HDF_Projects/hdf5/dev/src/H5MFdbg.c
[219/4114] /usr/bin/cc -D_FILE_OFFSET_BITS=64 -D_GNU_SOURCE -D_LARGEFILE_SOURCE -D_POSIX_C_SOURCE=200809L -I/home/byrn/HDF_Projects/hdf5/dev/src -I/home/byrn/HDF_Projects/hdf5/dev/src/H5FDsubfiling -I/home/byrn/HDF_Projects/hdf5/build/ci-StdShar-GNUC/src -I/home/byrn/HDF_Projects/hdf5/build/ci-StdShar-GNUC/_deps/hdf5_zlib-build -I/home/byrn/HDF_Projects/hdf5/build/ci-StdShar-GNUC/_deps/hdf5_zlib-src -I/home/byrn/HDF_Projects/hdf5/build/ci-StdShar-GNUC/_deps/szip-build -I/home/byrn/HDF_Projects/hdf5/build/ci-StdShar-GNUC/_deps/szip-src/include -I/home/byrn/HDF_Projects/hdf5/build/ci-StdShar-GNUC/_deps/szip-src -std=c99  -fstdarg-opt -fdiagnostics-urls=never -fno-diagnostics-color -fmessage-length=0 -O2 -g -DNDEBUG -std=gnu99 -fPIC -Wall -Wcast-qual -Wconversion -Wextra -Wfloat-equal -Wformat=2 -Winit-self -Winvalid-pch -Wmissing-include-dirs -Wshadow -Wundef -Wwrite-strings -pedantic -Wno-c++-compat -Wbad-function-cast -Wcast-align -Wformat -Wimplicit-function-declaration -Wint-to-pointer-cast -Wmissing-declarations -Wmissing-prototypes -Wnested-externs -Wold-style-definition -Wpacked -Wpointer-sign -Wpointer-to-int-cast -Wredundant-decls -Wstrict-prototypes -Wswitch -Wunused-but-set-variable -Wunused-variable -Wunused-function -Wunused-parameter -finline-functions -Wno-aggregate-return -Wno-inline -Wno-missing-format-attribute -Wno-missing-noreturn -Wno-overlength-strings -Wlarger-than=2560 -Wlogical-op -Wframe-larger-than=16384 -Wpacked-bitfield-compat -Wsync-nand -Wno-unsuffixed-float-constants -Wdouble-promotion -Wtrampolines -Wstack-usage=8192 -Wmaybe-uninitialized -Wno-jump-misses-init -Wstrict-overflow=2 -Wno-suggest-attribute=const -Wno-suggest-attribute=noreturn -Wno-suggest-attribute=pure -Wno-suggest-attribute=format -Wdate-time -Warray-bounds=2 -Wc99-c11-compat -Wincompatible-pointer-types -Wint-conversion -Wduplicated-cond -Whsa -Wnormalized -Wnull-dereference -Wunused-const-variable -Walloca -Walloc-zero -Wduplicated-branches -Wformat-overflow=2 -Wformat-truncation=1 -Wrestrict -Wattribute-alias -Wshift-overflow=2 -Wcast-function-type -Wcast-align=strict -Wno-suggest-attribute=cold -Wno-suggest-attribute=malloc -Wattribute-alias=2 -Wmissing-profile -Wc11-c2x-compat -MD -MT src/CMakeFiles/hdf5-static.dir/H5Iint.c.o -MF src/CMakeFiles/hdf5-static.dir/H5Iint.c.o.d -o src/CMakeFiles/hdf5-static.dir/H5Iint.c.o -c /home/byrn/HDF_Projects/hdf5/dev/src/H5Iint.c
[220/4114] /usr/bin/cc -D_FILE_OFFSET_BITS=64 -D_GNU_SOURCE -D_LARGEFILE_SOURCE -D_POSIX_C_SOURCE=200809L -I/home/byrn/HDF_Projects/hdf5/dev/src -I/home/byrn/HDF_Projects/hdf5/dev/src/H5FDsubfiling -I/home/byrn/HDF_Projects/hdf5/build/ci-StdShar-GNUC/src -I/home/byrn/HDF_Projects/hdf5/build/ci-StdShar-GNUC/_deps/hdf5_zlib-build -I/home/byrn/HDF_Projects/hdf5/build/ci-StdShar-GNUC/_deps/hdf5_zlib-src -I/home/byrn/HDF_Projects/hdf5/build/ci-StdShar-GNUC/_deps/szip-build -I/home/byrn/HDF_Projects/hdf5/build/ci-StdShar-GNUC/_deps/szip-src/include -I/home/byrn/HDF_Projects/hdf5/build/ci-StdShar-GNUC/_deps/szip-src -std=c99  -fstdarg-opt -fdiagnostics-urls=never -fno-diagnostics-color -fmessage-length=0 -O2 -g -DNDEBUG -std=gnu99 -fPIC -Wall -Wcast-qual -Wconversion -Wextra -Wfloat-equal -Wformat=2 -Winit-self -Winvalid-pch -Wmissing-include-dirs -Wshadow -Wundef -Wwrite-strings -pedantic -Wno-c++-compat -Wbad-function-cast -Wcast-align -Wformat -Wimplicit-function-declaration -Wint-to-pointer-cast -Wmissing-declarations -Wmissing-prototypes -Wnested-externs -Wold-style-definition -Wpacked -Wpointer-sign -Wpointer-to-int-cast -Wredundant-decls -Wstrict-prototypes -Wswitch -Wunused-but-set-variable -Wunused-variable -Wunused-function -Wunused-parameter -finline-functions -Wno-aggregate-return -Wno-inline -Wno-missing-format-attribute -Wno-missing-noreturn -Wno-overlength-strings -Wlarger-than=2560 -Wlogical-op -Wframe-larger-than=16384 -Wpacked-bitfield-compat -Wsync-nand -Wno-unsuffixed-float-constants -Wdouble-promotion -Wtrampolines -Wstack-usage=8192 -Wmaybe-uninitialized -Wno-jump-misses-init -Wstrict-overflow=2 -Wno-suggest-attribute=const -Wno-suggest-attribute=noreturn -Wno-suggest-attribute=pure -Wno-suggest-attribute=format -Wdate-time -Warray-bounds=2 -Wc99-c11-compat -Wincompatible-pointer-types -Wint-conversion -Wduplicated-cond -Whsa -Wnormalized -Wnull-dereference -Wunused-const-variable -Walloca -Walloc-zero -Wduplicated-branches -Wformat-overflow=2 -Wformat-truncation=1 -Wrestrict -Wattribute-alias -Wshift-overflow=2 -Wcast-function-type -Wcast-align=strict -Wno-suggest-attribute=cold -Wno-suggest-attribute=malloc -Wattribute-alias=2 -Wmissing-profile -Wc11-c2x-compat -MD -MT src/CMakeFiles/hdf5-static.dir/H5MM.c.o -MF src/CMakeFiles/hdf5-static.dir/H5MM.c.o.d -o src/CMakeFiles/hdf5-static.dir/H5MM.c.o -c /home/byrn/HDF_Projects/hdf5/dev/src/H5MM.c
[221/4114] /usr/bin/cc -D_FILE_OFFSET_BITS=64 -D_GNU_SOURCE -D_LARGEFILE_SOURCE -D_POSIX_C_SOURCE=200809L -I/home/byrn/HDF_Projects/hdf5/dev/src -I/home/byrn/HDF_Projects/hdf5/dev/src/H5FDsubfiling -I/home/byrn/HDF_Projects/hdf5/build/ci-StdShar-GNUC/src -I/home/byrn/HDF_Projects/hdf5/build/ci-StdShar-GNUC/_deps/hdf5_zlib-build -I/home/byrn/HDF_Projects/hdf5/build/ci-StdShar-GNUC/_deps/hdf5_zlib-src -I/home/byrn/HDF_Projects/hdf5/build/ci-StdShar-GNUC/_deps/szip-build -I/home/byrn/HDF_Projects/hdf5/build/ci-StdShar-GNUC/_deps/szip-src/include -I/home/byrn/HDF_Projects/hdf5/build/ci-StdShar-GNUC/_deps/szip-src -std=c99  -fstdarg-opt -fdiagnostics-urls=never -fno-diagnostics-color -fmessage-length=0 -O2 -g -DNDEBUG -std=gnu99 -fPIC -Wall -Wcast-qual -Wconversion -Wextra -Wfloat-equal -Wformat=2 -Winit-self -Winvalid-pch -Wmissing-include-dirs -Wshadow -Wundef -Wwrite-strings -pedantic -Wno-c++-compat -Wbad-function-cast -Wcast-align -Wformat -Wimplicit-function-declaration -Wint-to-pointer-cast -Wmissing-declarations -Wmissing-prototypes -Wnested-externs -Wold-style-definition -Wpacked -Wpointer-sign -Wpointer-to-int-cast -Wredundant-decls -Wstrict-prototypes -Wswitch -Wunused-but-set-variable -Wunused-variable -Wunused-function -Wunused-parameter -finline-functions -Wno-aggregate-return -Wno-inline -Wno-missing-format-attribute -Wno-missing-noreturn -Wno-overlength-strings -Wlarger-than=2560 -Wlogical-op -Wframe-larger-than=16384 -Wpacked-bitfield-compat -Wsync-nand -Wno-unsuffixed-float-constants -Wdouble-promotion -Wtrampolines -Wstack-usage=8192 -Wmaybe-uninitialized -Wno-jump-misses-init -Wstrict-overflow=2 -Wno-suggest-attribute=const -Wno-suggest-attribute=noreturn -Wno-suggest-attribute=pure -Wno-suggest-attribute=format -Wdate-time -Warray-bounds=2 -Wc99-c11-compat -Wincompatible-pointer-types -Wint-conversion -Wduplicated-cond -Whsa -Wnormalized -Wnull-dereference -Wunused-const-variable -Walloca -Walloc-zero -Wduplicated-branches -Wformat-overflow=2 -Wformat-truncation=1 -Wrestrict -Wattribute-alias -Wshift-overflow=2 -Wcast-function-type -Wcast-align=strict -Wno-suggest-attribute=cold -Wno-suggest-attribute=malloc -Wattribute-alias=2 -Wmissing-profile -Wc11-c2x-compat -MD -MT src/CMakeFiles/hdf5-static.dir/H5MFsection.c.o -MF src/CMakeFiles/hdf5-static.dir/H5MFsection.c.o.d -o src/CMakeFiles/hdf5-static.dir/H5MFsection.c.o -c /home/byrn/HDF_Projects/hdf5/dev/src/H5MFsection.c
[222/4114] /usr/bin/cc -D_FILE_OFFSET_BITS=64 -D_GNU_SOURCE -D_LARGEFILE_SOURCE -D_POSIX_C_SOURCE=200809L -I/home/byrn/HDF_Projects/hdf5/dev/src -I/home/byrn/HDF_Projects/hdf5/dev/src/H5FDsubfiling -I/home/byrn/HDF_Projects/hdf5/build/ci-StdShar-GNUC/src -I/home/byrn/HDF_Projects/hdf5/build/ci-StdShar-GNUC/_deps/hdf5_zlib-build -I/home/byrn/HDF_Projects/hdf5/build/ci-StdShar-GNUC/_deps/hdf5_zlib-src -I/home/byrn/HDF_Projects/hdf5/build/ci-StdShar-GNUC/_deps/szip-build -I/home/byrn/HDF_Projects/hdf5/build/ci-StdShar-GNUC/_deps/szip-src/include -I/home/byrn/HDF_Projects/hdf5/build/ci-StdShar-GNUC/_deps/szip-src -std=c99  -fstdarg-opt -fdiagnostics-urls=never -fno-diagnostics-color -fmessage-length=0 -O2 -g -DNDEBUG -std=gnu99 -fPIC -Wall -Wcast-qual -Wconversion -Wextra -Wfloat-equal -Wformat=2 -Winit-self -Winvalid-pch -Wmissing-include-dirs -Wshadow -Wundef -Wwrite-strings -pedantic -Wno-c++-compat -Wbad-function-cast -Wcast-align -Wformat -Wimplicit-function-declaration -Wint-to-pointer-cast -Wmissing-declarations -Wmissing-prototypes -Wnested-externs -Wold-style-definition -Wpacked -Wpointer-sign -Wpointer-to-int-cast -Wredundant-decls -Wstrict-prototypes -Wswitch -Wunused-but-set-variable -Wunused-variable -Wunused-function -Wunused-parameter -finline-functions -Wno-aggregate-return -Wno-inline -Wno-missing-format-attribute -Wno-missing-noreturn -Wno-overlength-strings -Wlarger-than=2560 -Wlogical-op -Wframe-larger-than=16384 -Wpacked-bitfield-compat -Wsync-nand -Wno-unsuffixed-float-constants -Wdouble-promotion -Wtrampolines -Wstack-usage=8192 -Wmaybe-uninitialized -Wno-jump-misses-init -Wstrict-overflow=2 -Wno-suggest-attribute=const -Wno-suggest-attribute=noreturn -Wno-suggest-attribute=pure -Wno-suggest-attribute=format -Wdate-time -Warray-bounds=2 -Wc99-c11-compat -Wincompatible-pointer-types -Wint-conversion -Wduplicated-cond -Whsa -Wnormalized -Wnull-dereference -Wunused-const-variable -Walloca -Walloc-zero -Wduplicated-branches -Wformat-overflow=2 -Wformat-truncation=1 -Wrestrict -Wattribute-alias -Wshift-overflow=2 -Wcast-function-type -Wcast-align=strict -Wno-suggest-attribute=cold -Wno-suggest-attribute=malloc -Wattribute-alias=2 -Wmissing-profile -Wc11-c2x-compat -MD -MT src/CMakeFiles/hdf5-static.dir/H5MFaggr.c.o -MF src/CMakeFiles/hdf5-static.dir/H5MFaggr.c.o.d -o src/CMakeFiles/hdf5-static.dir/H5MFaggr.c.o -c /home/byrn/HDF_Projects/hdf5/dev/src/H5MFaggr.c
[223/4114] /usr/bin/cc -D_FILE_OFFSET_BITS=64 -D_GNU_SOURCE -D_LARGEFILE_SOURCE -D_POSIX_C_SOURCE=200809L -I/home/byrn/HDF_Projects/hdf5/dev/src -I/home/byrn/HDF_Projects/hdf5/dev/src/H5FDsubfiling -I/home/byrn/HDF_Projects/hdf5/build/ci-StdShar-GNUC/src -I/home/byrn/HDF_Projects/hdf5/build/ci-StdShar-GNUC/_deps/hdf5_zlib-build -I/home/byrn/HDF_Projects/hdf5/build/ci-StdShar-GNUC/_deps/hdf5_zlib-src -I/home/byrn/HDF_Projects/hdf5/build/ci-StdShar-GNUC/_deps/szip-build -I/home/byrn/HDF_Projects/hdf5/build/ci-StdShar-GNUC/_deps/szip-src/include -I/home/byrn/HDF_Projects/hdf5/build/ci-StdShar-GNUC/_deps/szip-src -std=c99  -fstdarg-opt -fdiagnostics-urls=never -fno-diagnostics-color -fmessage-length=0 -O2 -g -DNDEBUG -std=gnu99 -fPIC -Wall -Wcast-qual -Wconversion -Wextra -Wfloat-equal -Wformat=2 -Winit-self -Winvalid-pch -Wmissing-include-dirs -Wshadow -Wundef -Wwrite-strings -pedantic -Wno-c++-compat -Wbad-function-cast -Wcast-align -Wformat -Wimplicit-function-declaration -Wint-to-pointer-cast -Wmissing-declarations -Wmissing-prototypes -Wnested-externs -Wold-style-definition -Wpacked -Wpointer-sign -Wpointer-to-int-cast -Wredundant-decls -Wstrict-prototypes -Wswitch -Wunused-but-set-variable -Wunused-variable -Wunused-function -Wunused-parameter -finline-functions -Wno-aggregate-return -Wno-inline -Wno-missing-format-attribute -Wno-missing-noreturn -Wno-overlength-strings -Wlarger-than=2560 -Wlogical-op -Wframe-larger-than=16384 -Wpacked-bitfield-compat -Wsync-nand -Wno-unsuffixed-float-constants -Wdouble-promotion -Wtrampolines -Wstack-usage=8192 -Wmaybe-uninitialized -Wno-jump-misses-init -Wstrict-overflow=2 -Wno-suggest-attribute=const -Wno-suggest-attribute=noreturn -Wno-suggest-attribute=pure -Wno-suggest-attribute=format -Wdate-time -Warray-bounds=2 -Wc99-c11-compat -Wincompatible-pointer-types -Wint-conversion -Wduplicated-cond -Whsa -Wnormalized -Wnull-dereference -Wunused-const-variable -Walloca -Walloc-zero -Wduplicated-branches -Wformat-overflow=2 -Wformat-truncation=1 -Wrestrict -Wattribute-alias -Wshift-overflow=2 -Wcast-function-type -Wcast-align=strict -Wno-suggest-attribute=cold -Wno-suggest-attribute=malloc -Wattribute-alias=2 -Wmissing-profile -Wc11-c2x-compat -MD -MT src/CMakeFiles/hdf5-static.dir/H5Lint.c.o -MF src/CMakeFiles/hdf5-static.dir/H5Lint.c.o.d -o src/CMakeFiles/hdf5-static.dir/H5Lint.c.o -c /home/byrn/HDF_Projects/hdf5/dev/src/H5Lint.c
[224/4114] /usr/bin/cc -D_FILE_OFFSET_BITS=64 -D_GNU_SOURCE -D_LARGEFILE_SOURCE -D_POSIX_C_SOURCE=200809L -I/home/byrn/HDF_Projects/hdf5/dev/src -I/home/byrn/HDF_Projects/hdf5/dev/src/H5FDsubfiling -I/home/byrn/HDF_Projects/hdf5/build/ci-StdShar-GNUC/src -I/home/byrn/HDF_Projects/hdf5/build/ci-StdShar-GNUC/_deps/hdf5_zlib-build -I/home/byrn/HDF_Projects/hdf5/build/ci-StdShar-GNUC/_deps/hdf5_zlib-src -I/home/byrn/HDF_Projects/hdf5/build/ci-StdShar-GNUC/_deps/szip-build -I/home/byrn/HDF_Projects/hdf5/build/ci-StdShar-GNUC/_deps/szip-src/include -I/home/byrn/HDF_Projects/hdf5/build/ci-StdShar-GNUC/_deps/szip-src -std=c99  -fstdarg-opt -fdiagnostics-urls=never -fno-diagnostics-color -fmessage-length=0 -O2 -g -DNDEBUG -std=gnu99 -fPIC -Wall -Wcast-qual -Wconversion -Wextra -Wfloat-equal -Wformat=2 -Winit-self -Winvalid-pch -Wmissing-include-dirs -Wshadow -Wundef -Wwrite-strings -pedantic -Wno-c++-compat -Wbad-function-cast -Wcast-align -Wformat -Wimplicit-function-declaration -Wint-to-pointer-cast -Wmissing-declarations -Wmissing-prototypes -Wnested-externs -Wold-style-definition -Wpacked -Wpointer-sign -Wpointer-to-int-cast -Wredundant-decls -Wstrict-prototypes -Wswitch -Wunused-but-set-variable -Wunused-variable -Wunused-function -Wunused-parameter -finline-functions -Wno-aggregate-return -Wno-inline -Wno-missing-format-attribute -Wno-missing-noreturn -Wno-overlength-strings -Wlarger-than=2560 -Wlogical-op -Wframe-larger-than=16384 -Wpacked-bitfield-compat -Wsync-nand -Wno-unsuffixed-float-constants -Wdouble-promotion -Wtrampolines -Wstack-usage=8192 -Wmaybe-uninitialized -Wno-jump-misses-init -Wstrict-overflow=2 -Wno-suggest-attribute=const -Wno-suggest-attribute=noreturn -Wno-suggest-attribute=pure -Wno-suggest-attribute=format -Wdate-time -Warray-bounds=2 -Wc99-c11-compat -Wincompatible-pointer-types -Wint-conversion -Wduplicated-cond -Whsa -Wnormalized -Wnull-dereference -Wunused-const-variable -Walloca -Walloc-zero -Wduplicated-branches -Wformat-overflow=2 -Wformat-truncation=1 -Wrestrict -Wattribute-alias -Wshift-overflow=2 -Wcast-function-type -Wcast-align=strict -Wno-suggest-attribute=cold -Wno-suggest-attribute=malloc -Wattribute-alias=2 -Wmissing-profile -Wc11-c2x-compat -MD -MT src/CMakeFiles/hdf5-static.dir/H5Oainfo.c.o -MF src/CMakeFiles/hdf5-static.dir/H5Oainfo.c.o.d -o src/CMakeFiles/hdf5-static.dir/H5Oainfo.c.o -c /home/byrn/HDF_Projects/hdf5/dev/src/H5Oainfo.c
[225/4114] /usr/bin/cc -D_FILE_OFFSET_BITS=64 -D_GNU_SOURCE -D_LARGEFILE_SOURCE -D_POSIX_C_SOURCE=200809L -I/home/byrn/HDF_Projects/hdf5/dev/src -I/home/byrn/HDF_Projects/hdf5/dev/src/H5FDsubfiling -I/home/byrn/HDF_Projects/hdf5/build/ci-StdShar-GNUC/src -I/home/byrn/HDF_Projects/hdf5/build/ci-StdShar-GNUC/_deps/hdf5_zlib-build -I/home/byrn/HDF_Projects/hdf5/build/ci-StdShar-GNUC/_deps/hdf5_zlib-src -I/home/byrn/HDF_Projects/hdf5/build/ci-StdShar-GNUC/_deps/szip-build -I/home/byrn/HDF_Projects/hdf5/build/ci-StdShar-GNUC/_deps/szip-src/include -I/home/byrn/HDF_Projects/hdf5/build/ci-StdShar-GNUC/_deps/szip-src -std=c99  -fstdarg-opt -fdiagnostics-urls=never -fno-diagnostics-color -fmessage-length=0 -O2 -g -DNDEBUG -std=gnu99 -fPIC -Wall -Wcast-qual -Wconversion -Wextra -Wfloat-equal -Wformat=2 -Winit-self -Winvalid-pch -Wmissing-include-dirs -Wshadow -Wundef -Wwrite-strings -pedantic -Wno-c++-compat -Wbad-function-cast -Wcast-align -Wformat -Wimplicit-function-declaration -Wint-to-pointer-cast -Wmissing-declarations -Wmissing-prototypes -Wnested-externs -Wold-style-definition -Wpacked -Wpointer-sign -Wpointer-to-int-cast -Wredundant-decls -Wstrict-prototypes -Wswitch -Wunused-but-set-variable -Wunused-variable -Wunused-function -Wunused-parameter -finline-functions -Wno-aggregate-return -Wno-inline -Wno-missing-format-attribute -Wno-missing-noreturn -Wno-overlength-strings -Wlarger-than=2560 -Wlogical-op -Wframe-larger-than=16384 -Wpacked-bitfield-compat -Wsync-nand -Wno-unsuffixed-float-constants -Wdouble-promotion -Wtrampolines -Wstack-usage=8192 -Wmaybe-uninitialized -Wno-jump-misses-init -Wstrict-overflow=2 -Wno-suggest-attribute=const -Wno-suggest-attribute=noreturn -Wno-suggest-attribute=pure -Wno-suggest-attribute=format -Wdate-time -Warray-bounds=2 -Wc99-c11-compat -Wincompatible-pointer-types -Wint-conversion -Wduplicated-cond -Whsa -Wnormalized -Wnull-dereference -Wunused-const-variable -Walloca -Walloc-zero -Wduplicated-branches -Wformat-overflow=2 -Wformat-truncation=1 -Wrestrict -Wattribute-alias -Wshift-overflow=2 -Wcast-function-type -Wcast-align=strict -Wno-suggest-attribute=cold -Wno-suggest-attribute=malloc -Wattribute-alias=2 -Wmissing-profile -Wc11-c2x-compat -MD -MT src/CMakeFiles/hdf5-static.dir/H5Obogus.c.o -MF src/CMakeFiles/hdf5-static.dir/H5Obogus.c.o.d -o src/CMakeFiles/hdf5-static.dir/H5Obogus.c.o -c /home/byrn/HDF_Projects/hdf5/dev/src/H5Obogus.c
[226/4114] /usr/bin/cc -D_FILE_OFFSET_BITS=64 -D_GNU_SOURCE -D_LARGEFILE_SOURCE -D_POSIX_C_SOURCE=200809L -I/home/byrn/HDF_Projects/hdf5/dev/src -I/home/byrn/HDF_Projects/hdf5/dev/src/H5FDsubfiling -I/home/byrn/HDF_Projects/hdf5/build/ci-StdShar-GNUC/src -I/home/byrn/HDF_Projects/hdf5/build/ci-StdShar-GNUC/_deps/hdf5_zlib-build -I/home/byrn/HDF_Projects/hdf5/build/ci-StdShar-GNUC/_deps/hdf5_zlib-src -I/home/byrn/HDF_Projects/hdf5/build/ci-StdShar-GNUC/_deps/szip-build -I/home/byrn/HDF_Projects/hdf5/build/ci-StdShar-GNUC/_deps/szip-src/include -I/home/byrn/HDF_Projects/hdf5/build/ci-StdShar-GNUC/_deps/szip-src -std=c99  -fstdarg-opt -fdiagnostics-urls=never -fno-diagnostics-color -fmessage-length=0 -O2 -g -DNDEBUG -std=gnu99 -fPIC -Wall -Wcast-qual -Wconversion -Wextra -Wfloat-equal -Wformat=2 -Winit-self -Winvalid-pch -Wmissing-include-dirs -Wshadow -Wundef -Wwrite-strings -pedantic -Wno-c++-compat -Wbad-function-cast -Wcast-align -Wformat -Wimplicit-function-declaration -Wint-to-pointer-cast -Wmissing-declarations -Wmissing-prototypes -Wnested-externs -Wold-style-definition -Wpacked -Wpointer-sign -Wpointer-to-int-cast -Wredundant-decls -Wstrict-prototypes -Wswitch -Wunused-but-set-variable -Wunused-variable -Wunused-function -Wunused-parameter -finline-functions -Wno-aggregate-return -Wno-inline -Wno-missing-format-attribute -Wno-missing-noreturn -Wno-overlength-strings -Wlarger-than=2560 -Wlogical-op -Wframe-larger-than=16384 -Wpacked-bitfield-compat -Wsync-nand -Wno-unsuffixed-float-constants -Wdouble-promotion -Wtrampolines -Wstack-usage=8192 -Wmaybe-uninitialized -Wno-jump-misses-init -Wstrict-overflow=2 -Wno-suggest-attribute=const -Wno-suggest-attribute=noreturn -Wno-suggest-attribute=pure -Wno-suggest-attribute=format -Wdate-time -Warray-bounds=2 -Wc99-c11-compat -Wincompatible-pointer-types -Wint-conversion -Wduplicated-cond -Whsa -Wnormalized -Wnull-dereference -Wunused-const-variable -Walloca -Walloc-zero -Wduplicated-branches -Wformat-overflow=2 -Wformat-truncation=1 -Wrestrict -Wattribute-alias -Wshift-overflow=2 -Wcast-function-type -Wcast-align=strict -Wno-suggest-attribute=cold -Wno-suggest-attribute=malloc -Wattribute-alias=2 -Wmissing-profile -Wc11-c2x-compat -MD -MT src/CMakeFiles/hdf5-static.dir/H5L.c.o -MF src/CMakeFiles/hdf5-static.dir/H5L.c.o.d -o src/CMakeFiles/hdf5-static.dir/H5L.c.o -c /home/byrn/HDF_Projects/hdf5/dev/src/H5L.c
[227/4114] /usr/bin/cc -D_FILE_OFFSET_BITS=64 -D_GNU_SOURCE -D_LARGEFILE_SOURCE -D_POSIX_C_SOURCE=200809L -I/home/byrn/HDF_Projects/hdf5/dev/src -I/home/byrn/HDF_Projects/hdf5/dev/src/H5FDsubfiling -I/home/byrn/HDF_Projects/hdf5/build/ci-StdShar-GNUC/src -I/home/byrn/HDF_Projects/hdf5/build/ci-StdShar-GNUC/_deps/hdf5_zlib-build -I/home/byrn/HDF_Projects/hdf5/build/ci-StdShar-GNUC/_deps/hdf5_zlib-src -I/home/byrn/HDF_Projects/hdf5/build/ci-StdShar-GNUC/_deps/szip-build -I/home/byrn/HDF_Projects/hdf5/build/ci-StdShar-GNUC/_deps/szip-src/include -I/home/byrn/HDF_Projects/hdf5/build/ci-StdShar-GNUC/_deps/szip-src -std=c99  -fstdarg-opt -fdiagnostics-urls=never -fno-diagnostics-color -fmessage-length=0 -O2 -g -DNDEBUG -std=gnu99 -fPIC -Wall -Wcast-qual -Wconversion -Wextra -Wfloat-equal -Wformat=2 -Winit-self -Winvalid-pch -Wmissing-include-dirs -Wshadow -Wundef -Wwrite-strings -pedantic -Wno-c++-compat -Wbad-function-cast -Wcast-align -Wformat -Wimplicit-function-declaration -Wint-to-pointer-cast -Wmissing-declarations -Wmissing-prototypes -Wnested-externs -Wold-style-definition -Wpacked -Wpointer-sign -Wpointer-to-int-cast -Wredundant-decls -Wstrict-prototypes -Wswitch -Wunused-but-set-variable -Wunused-variable -Wunused-function -Wunused-parameter -finline-functions -Wno-aggregate-return -Wno-inline -Wno-missing-format-attribute -Wno-missing-noreturn -Wno-overlength-strings -Wlarger-than=2560 -Wlogical-op -Wframe-larger-than=16384 -Wpacked-bitfield-compat -Wsync-nand -Wno-unsuffixed-float-constants -Wdouble-promotion -Wtrampolines -Wstack-usage=8192 -Wmaybe-uninitialized -Wno-jump-misses-init -Wstrict-overflow=2 -Wno-suggest-attribute=const -Wno-suggest-attribute=noreturn -Wno-suggest-attribute=pure -Wno-suggest-attribute=format -Wdate-time -Warray-bounds=2 -Wc99-c11-compat -Wincompatible-pointer-types -Wint-conversion -Wduplicated-cond -Whsa -Wnormalized -Wnull-dereference -Wunused-const-variable -Walloca -Walloc-zero -Wduplicated-branches -Wformat-overflow=2 -Wformat-truncation=1 -Wrestrict -Wattribute-alias -Wshift-overflow=2 -Wcast-function-type -Wcast-align=strict -Wno-suggest-attribute=cold -Wno-suggest-attribute=malloc -Wattribute-alias=2 -Wmissing-profile -Wc11-c2x-compat -MD -MT src/CMakeFiles/hdf5-static.dir/H5Obtreek.c.o -MF src/CMakeFiles/hdf5-static.dir/H5Obtreek.c.o.d -o src/CMakeFiles/hdf5-static.dir/H5Obtreek.c.o -c /home/byrn/HDF_Projects/hdf5/dev/src/H5Obtreek.c
[228/4114] /usr/bin/cc -D_FILE_OFFSET_BITS=64 -D_GNU_SOURCE -D_LARGEFILE_SOURCE -D_POSIX_C_SOURCE=200809L -I/home/byrn/HDF_Projects/hdf5/dev/src -I/home/byrn/HDF_Projects/hdf5/dev/src/H5FDsubfiling -I/home/byrn/HDF_Projects/hdf5/build/ci-StdShar-GNUC/src -I/home/byrn/HDF_Projects/hdf5/build/ci-StdShar-GNUC/_deps/hdf5_zlib-build -I/home/byrn/HDF_Projects/hdf5/build/ci-StdShar-GNUC/_deps/hdf5_zlib-src -I/home/byrn/HDF_Projects/hdf5/build/ci-StdShar-GNUC/_deps/szip-build -I/home/byrn/HDF_Projects/hdf5/build/ci-StdShar-GNUC/_deps/szip-src/include -I/home/byrn/HDF_Projects/hdf5/build/ci-StdShar-GNUC/_deps/szip-src -std=c99  -fstdarg-opt -fdiagnostics-urls=never -fno-diagnostics-color -fmessage-length=0 -O2 -g -DNDEBUG -std=gnu99 -fPIC -Wall -Wcast-qual -Wconversion -Wextra -Wfloat-equal -Wformat=2 -Winit-self -Winvalid-pch -Wmissing-include-dirs -Wshadow -Wundef -Wwrite-strings -pedantic -Wno-c++-compat -Wbad-function-cast -Wcast-align -Wformat -Wimplicit-function-declaration -Wint-to-pointer-cast -Wmissing-declarations -Wmissing-prototypes -Wnested-externs -Wold-style-definition -Wpacked -Wpointer-sign -Wpointer-to-int-cast -Wredundant-decls -Wstrict-prototypes -Wswitch -Wunused-but-set-variable -Wunused-variable -Wunused-function -Wunused-parameter -finline-functions -Wno-aggregate-return -Wno-inline -Wno-missing-format-attribute -Wno-missing-noreturn -Wno-overlength-strings -Wlarger-than=2560 -Wlogical-op -Wframe-larger-than=16384 -Wpacked-bitfield-compat -Wsync-nand -Wno-unsuffixed-float-constants -Wdouble-promotion -Wtrampolines -Wstack-usage=8192 -Wmaybe-uninitialized -Wno-jump-misses-init -Wstrict-overflow=2 -Wno-suggest-attribute=const -Wno-suggest-attribute=noreturn -Wno-suggest-attribute=pure -Wno-suggest-attribute=format -Wdate-time -Warray-bounds=2 -Wc99-c11-compat -Wincompatible-pointer-types -Wint-conversion -Wduplicated-cond -Whsa -Wnormalized -Wnull-dereference -Wunused-const-variable -Walloca -Walloc-zero -Wduplicated-branches -Wformat-overflow=2 -Wformat-truncation=1 -Wrestrict -Wattribute-alias -Wshift-overflow=2 -Wcast-function-type -Wcast-align=strict -Wno-suggest-attribute=cold -Wno-suggest-attribute=malloc -Wattribute-alias=2 -Wmissing-profile -Wc11-c2x-compat -MD -MT src/CMakeFiles/hdf5-static.dir/H5MF.c.o -MF src/CMakeFiles/hdf5-static.dir/H5MF.c.o.d -o src/CMakeFiles/hdf5-static.dir/H5MF.c.o -c /home/byrn/HDF_Projects/hdf5/dev/src/H5MF.c
[229/4114] /usr/bin/cc -D_FILE_OFFSET_BITS=64 -D_GNU_SOURCE -D_LARGEFILE_SOURCE -D_POSIX_C_SOURCE=200809L -I/home/byrn/HDF_Projects/hdf5/dev/src -I/home/byrn/HDF_Projects/hdf5/dev/src/H5FDsubfiling -I/home/byrn/HDF_Projects/hdf5/build/ci-StdShar-GNUC/src -I/home/byrn/HDF_Projects/hdf5/build/ci-StdShar-GNUC/_deps/hdf5_zlib-build -I/home/byrn/HDF_Projects/hdf5/build/ci-StdShar-GNUC/_deps/hdf5_zlib-src -I/home/byrn/HDF_Projects/hdf5/build/ci-StdShar-GNUC/_deps/szip-build -I/home/byrn/HDF_Projects/hdf5/build/ci-StdShar-GNUC/_deps/szip-src/include -I/home/byrn/HDF_Projects/hdf5/build/ci-StdShar-GNUC/_deps/szip-src -std=c99  -fstdarg-opt -fdiagnostics-urls=never -fno-diagnostics-color -fmessage-length=0 -O2 -g -DNDEBUG -std=gnu99 -fPIC -Wall -Wcast-qual -Wconversion -Wextra -Wfloat-equal -Wformat=2 -Winit-self -Winvalid-pch -Wmissing-include-dirs -Wshadow -Wundef -Wwrite-strings -pedantic -Wno-c++-compat -Wbad-function-cast -Wcast-align -Wformat -Wimplicit-function-declaration -Wint-to-pointer-cast -Wmissing-declarations -Wmissing-prototypes -Wnested-externs -Wold-style-definition -Wpacked -Wpointer-sign -Wpointer-to-int-cast -Wredundant-decls -Wstrict-prototypes -Wswitch -Wunused-but-set-variable -Wunused-variable -Wunused-function -Wunused-parameter -finline-functions -Wno-aggregate-return -Wno-inline -Wno-missing-format-attribute -Wno-missing-noreturn -Wno-overlength-strings -Wlarger-than=2560 -Wlogical-op -Wframe-larger-than=16384 -Wpacked-bitfield-compat -Wsync-nand -Wno-unsuffixed-float-constants -Wdouble-promotion -Wtrampolines -Wstack-usage=8192 -Wmaybe-uninitialized -Wno-jump-misses-init -Wstrict-overflow=2 -Wno-suggest-attribute=const -Wno-suggest-attribute=noreturn -Wno-suggest-attribute=pure -Wno-suggest-attribute=format -Wdate-time -Warray-bounds=2 -Wc99-c11-compat -Wincompatible-pointer-types -Wint-conversion -Wduplicated-cond -Whsa -Wnormalized -Wnull-dereference -Wunused-const-variable -Walloca -Walloc-zero -Wduplicated-branches -Wformat-overflow=2 -Wformat-truncation=1 -Wrestrict -Wattribute-alias -Wshift-overflow=2 -Wcast-function-type -Wcast-align=strict -Wno-suggest-attribute=cold -Wno-suggest-attribute=malloc -Wattribute-alias=2 -Wmissing-profile -Wc11-c2x-compat -MD -MT src/CMakeFiles/hdf5-static.dir/H5Oattr.c.o -MF src/CMakeFiles/hdf5-static.dir/H5Oattr.c.o.d -o src/CMakeFiles/hdf5-static.dir/H5Oattr.c.o -c /home/byrn/HDF_Projects/hdf5/dev/src/H5Oattr.c
[230/4114] /usr/bin/cc -D_FILE_OFFSET_BITS=64 -D_GNU_SOURCE -D_LARGEFILE_SOURCE -D_POSIX_C_SOURCE=200809L -I/home/byrn/HDF_Projects/hdf5/dev/src -I/home/byrn/HDF_Projects/hdf5/dev/src/H5FDsubfiling -I/home/byrn/HDF_Projects/hdf5/build/ci-StdShar-GNUC/src -I/home/byrn/HDF_Projects/hdf5/build/ci-StdShar-GNUC/_deps/hdf5_zlib-build -I/home/byrn/HDF_Projects/hdf5/build/ci-StdShar-GNUC/_deps/hdf5_zlib-src -I/home/byrn/HDF_Projects/hdf5/build/ci-StdShar-GNUC/_deps/szip-build -I/home/byrn/HDF_Projects/hdf5/build/ci-StdShar-GNUC/_deps/szip-src/include -I/home/byrn/HDF_Projects/hdf5/build/ci-StdShar-GNUC/_deps/szip-src -std=c99  -fstdarg-opt -fdiagnostics-urls=never -fno-diagnostics-color -fmessage-length=0 -O2 -g -DNDEBUG -std=gnu99 -fPIC -Wall -Wcast-qual -Wconversion -Wextra -Wfloat-equal -Wformat=2 -Winit-self -Winvalid-pch -Wmissing-include-dirs -Wshadow -Wundef -Wwrite-strings -pedantic -Wno-c++-compat -Wbad-function-cast -Wcast-align -Wformat -Wimplicit-function-declaration -Wint-to-pointer-cast -Wmissing-declarations -Wmissing-prototypes -Wnested-externs -Wold-style-definition -Wpacked -Wpointer-sign -Wpointer-to-int-cast -Wredundant-decls -Wstrict-prototypes -Wswitch -Wunused-but-set-variable -Wunused-variable -Wunused-function -Wunused-parameter -finline-functions -Wno-aggregate-return -Wno-inline -Wno-missing-format-attribute -Wno-missing-noreturn -Wno-overlength-strings -Wlarger-than=2560 -Wlogical-op -Wframe-larger-than=16384 -Wpacked-bitfield-compat -Wsync-nand -Wno-unsuffixed-float-constants -Wdouble-promotion -Wtrampolines -Wstack-usage=8192 -Wmaybe-uninitialized -Wno-jump-misses-init -Wstrict-overflow=2 -Wno-suggest-attribute=const -Wno-suggest-attribute=noreturn -Wno-suggest-attribute=pure -Wno-suggest-attribute=format -Wdate-time -Warray-bounds=2 -Wc99-c11-compat -Wincompatible-pointer-types -Wint-conversion -Wduplicated-cond -Whsa -Wnormalized -Wnull-dereference -Wunused-const-variable -Walloca -Walloc-zero -Wduplicated-branches -Wformat-overflow=2 -Wformat-truncation=1 -Wrestrict -Wattribute-alias -Wshift-overflow=2 -Wcast-function-type -Wcast-align=strict -Wno-suggest-attribute=cold -Wno-suggest-attribute=malloc -Wattribute-alias=2 -Wmissing-profile -Wc11-c2x-compat -MD -MT src/CMakeFiles/hdf5-static.dir/H5Ocache_image.c.o -MF src/CMakeFiles/hdf5-static.dir/H5Ocache_image.c.o.d -o src/CMakeFiles/hdf5-static.dir/H5Ocache_image.c.o -c /home/byrn/HDF_Projects/hdf5/dev/src/H5Ocache_image.c
[231/4114] /usr/bin/cc -D_FILE_OFFSET_BITS=64 -D_GNU_SOURCE -D_LARGEFILE_SOURCE -D_POSIX_C_SOURCE=200809L -I/home/byrn/HDF_Projects/hdf5/dev/src -I/home/byrn/HDF_Projects/hdf5/dev/src/H5FDsubfiling -I/home/byrn/HDF_Projects/hdf5/build/ci-StdShar-GNUC/src -I/home/byrn/HDF_Projects/hdf5/build/ci-StdShar-GNUC/_deps/hdf5_zlib-build -I/home/byrn/HDF_Projects/hdf5/build/ci-StdShar-GNUC/_deps/hdf5_zlib-src -I/home/byrn/HDF_Projects/hdf5/build/ci-StdShar-GNUC/_deps/szip-build -I/home/byrn/HDF_Projects/hdf5/build/ci-StdShar-GNUC/_deps/szip-src/include -I/home/byrn/HDF_Projects/hdf5/build/ci-StdShar-GNUC/_deps/szip-src -std=c99  -fstdarg-opt -fdiagnostics-urls=never -fno-diagnostics-color -fmessage-length=0 -O2 -g -DNDEBUG -std=gnu99 -fPIC -Wall -Wcast-qual -Wconversion -Wextra -Wfloat-equal -Wformat=2 -Winit-self -Winvalid-pch -Wmissing-include-dirs -Wshadow -Wundef -Wwrite-strings -pedantic -Wno-c++-compat -Wbad-function-cast -Wcast-align -Wformat -Wimplicit-function-declaration -Wint-to-pointer-cast -Wmissing-declarations -Wmissing-prototypes -Wnested-externs -Wold-style-definition -Wpacked -Wpointer-sign -Wpointer-to-int-cast -Wredundant-decls -Wstrict-prototypes -Wswitch -Wunused-but-set-variable -Wunused-variable -Wunused-function -Wunused-parameter -finline-functions -Wno-aggregate-return -Wno-inline -Wno-missing-format-attribute -Wno-missing-noreturn -Wno-overlength-strings -Wlarger-than=2560 -Wlogical-op -Wframe-larger-than=16384 -Wpacked-bitfield-compat -Wsync-nand -Wno-unsuffixed-float-constants -Wdouble-promotion -Wtrampolines -Wstack-usage=8192 -Wmaybe-uninitialized -Wno-jump-misses-init -Wstrict-overflow=2 -Wno-suggest-attribute=const -Wno-suggest-attribute=noreturn -Wno-suggest-attribute=pure -Wno-suggest-attribute=format -Wdate-time -Warray-bounds=2 -Wc99-c11-compat -Wincompatible-pointer-types -Wint-conversion -Wduplicated-cond -Whsa -Wnormalized -Wnull-dereference -Wunused-const-variable -Walloca -Walloc-zero -Wduplicated-branches -Wformat-overflow=2 -Wformat-truncation=1 -Wrestrict -Wattribute-alias -Wshift-overflow=2 -Wcast-function-type -Wcast-align=strict -Wno-suggest-attribute=cold -Wno-suggest-attribute=malloc -Wattribute-alias=2 -Wmissing-profile -Wc11-c2x-compat -MD -MT src/CMakeFiles/hdf5-static.dir/H5Ochunk.c.o -MF src/CMakeFiles/hdf5-static.dir/H5Ochunk.c.o.d -o src/CMakeFiles/hdf5-static.dir/H5Ochunk.c.o -c /home/byrn/HDF_Projects/hdf5/dev/src/H5Ochunk.c
[232/4114] /usr/bin/cc -D_FILE_OFFSET_BITS=64 -D_GNU_SOURCE -D_LARGEFILE_SOURCE -D_POSIX_C_SOURCE=200809L -I/home/byrn/HDF_Projects/hdf5/dev/src -I/home/byrn/HDF_Projects/hdf5/dev/src/H5FDsubfiling -I/home/byrn/HDF_Projects/hdf5/build/ci-StdShar-GNUC/src -I/home/byrn/HDF_Projects/hdf5/build/ci-StdShar-GNUC/_deps/hdf5_zlib-build -I/home/byrn/HDF_Projects/hdf5/build/ci-StdShar-GNUC/_deps/hdf5_zlib-src -I/home/byrn/HDF_Projects/hdf5/build/ci-StdShar-GNUC/_deps/szip-build -I/home/byrn/HDF_Projects/hdf5/build/ci-StdShar-GNUC/_deps/szip-src/include -I/home/byrn/HDF_Projects/hdf5/build/ci-StdShar-GNUC/_deps/szip-src -std=c99  -fstdarg-opt -fdiagnostics-urls=never -fno-diagnostics-color -fmessage-length=0 -O2 -g -DNDEBUG -std=gnu99 -fPIC -Wall -Wcast-qual -Wconversion -Wextra -Wfloat-equal -Wformat=2 -Winit-self -Winvalid-pch -Wmissing-include-dirs -Wshadow -Wundef -Wwrite-strings -pedantic -Wno-c++-compat -Wbad-function-cast -Wcast-align -Wformat -Wimplicit-function-declaration -Wint-to-pointer-cast -Wmissing-declarations -Wmissing-prototypes -Wnested-externs -Wold-style-definition -Wpacked -Wpointer-sign -Wpointer-to-int-cast -Wredundant-decls -Wstrict-prototypes -Wswitch -Wunused-but-set-variable -Wunused-variable -Wunused-function -Wunused-parameter -finline-functions -Wno-aggregate-return -Wno-inline -Wno-missing-format-attribute -Wno-missing-noreturn -Wno-overlength-strings -Wlarger-than=2560 -Wlogical-op -Wframe-larger-than=16384 -Wpacked-bitfield-compat -Wsync-nand -Wno-unsuffixed-float-constants -Wdouble-promotion -Wtrampolines -Wstack-usage=8192 -Wmaybe-uninitialized -Wno-jump-misses-init -Wstrict-overflow=2 -Wno-suggest-attribute=const -Wno-suggest-attribute=noreturn -Wno-suggest-attribute=pure -Wno-suggest-attribute=format -Wdate-time -Warray-bounds=2 -Wc99-c11-compat -Wincompatible-pointer-types -Wint-conversion -Wduplicated-cond -Whsa -Wnormalized -Wnull-dereference -Wunused-const-variable -Walloca -Walloc-zero -Wduplicated-branches -Wformat-overflow=2 -Wformat-truncation=1 -Wrestrict -Wattribute-alias -Wshift-overflow=2 -Wcast-function-type -Wcast-align=strict -Wno-suggest-attribute=cold -Wno-suggest-attribute=malloc -Wattribute-alias=2 -Wmissing-profile -Wc11-c2x-compat -MD -MT src/CMakeFiles/hdf5-static.dir/H5Ocont.c.o -MF src/CMakeFiles/hdf5-static.dir/H5Ocont.c.o.d -o src/CMakeFiles/hdf5-static.dir/H5Ocont.c.o -c /home/byrn/HDF_Projects/hdf5/dev/src/H5Ocont.c
[233/4114] /usr/bin/cc -D_FILE_OFFSET_BITS=64 -D_GNU_SOURCE -D_LARGEFILE_SOURCE -D_POSIX_C_SOURCE=200809L -I/home/byrn/HDF_Projects/hdf5/dev/src -I/home/byrn/HDF_Projects/hdf5/dev/src/H5FDsubfiling -I/home/byrn/HDF_Projects/hdf5/build/ci-StdShar-GNUC/src -I/home/byrn/HDF_Projects/hdf5/build/ci-StdShar-GNUC/_deps/hdf5_zlib-build -I/home/byrn/HDF_Projects/hdf5/build/ci-StdShar-GNUC/_deps/hdf5_zlib-src -I/home/byrn/HDF_Projects/hdf5/build/ci-StdShar-GNUC/_deps/szip-build -I/home/byrn/HDF_Projects/hdf5/build/ci-StdShar-GNUC/_deps/szip-src/include -I/home/byrn/HDF_Projects/hdf5/build/ci-StdShar-GNUC/_deps/szip-src -std=c99  -fstdarg-opt -fdiagnostics-urls=never -fno-diagnostics-color -fmessage-length=0 -O2 -g -DNDEBUG -std=gnu99 -fPIC -Wall -Wcast-qual -Wconversion -Wextra -Wfloat-equal -Wformat=2 -Winit-self -Winvalid-pch -Wmissing-include-dirs -Wshadow -Wundef -Wwrite-strings -pedantic -Wno-c++-compat -Wbad-function-cast -Wcast-align -Wformat -Wimplicit-function-declaration -Wint-to-pointer-cast -Wmissing-declarations -Wmissing-prototypes -Wnested-externs -Wold-style-definition -Wpacked -Wpointer-sign -Wpointer-to-int-cast -Wredundant-decls -Wstrict-prototypes -Wswitch -Wunused-but-set-variable -Wunused-variable -Wunused-function -Wunused-parameter -finline-functions -Wno-aggregate-return -Wno-inline -Wno-missing-format-attribute -Wno-missing-noreturn -Wno-overlength-strings -Wlarger-than=2560 -Wlogical-op -Wframe-larger-than=16384 -Wpacked-bitfield-compat -Wsync-nand -Wno-unsuffixed-float-constants -Wdouble-promotion -Wtrampolines -Wstack-usage=8192 -Wmaybe-uninitialized -Wno-jump-misses-init -Wstrict-overflow=2 -Wno-suggest-attribute=const -Wno-suggest-attribute=noreturn -Wno-suggest-attribute=pure -Wno-suggest-attribute=format -Wdate-time -Warray-bounds=2 -Wc99-c11-compat -Wincompatible-pointer-types -Wint-conversion -Wduplicated-cond -Whsa -Wnormalized -Wnull-dereference -Wunused-const-variable -Walloca -Walloc-zero -Wduplicated-branches -Wformat-overflow=2 -Wformat-truncation=1 -Wrestrict -Wattribute-alias -Wshift-overflow=2 -Wcast-function-type -Wcast-align=strict -Wno-suggest-attribute=cold -Wno-suggest-attribute=malloc -Wattribute-alias=2 -Wmissing-profile -Wc11-c2x-compat -MD -MT src/CMakeFiles/hdf5-static.dir/H5Oattribute.c.o -MF src/CMakeFiles/hdf5-static.dir/H5Oattribute.c.o.d -o src/CMakeFiles/hdf5-static.dir/H5Oattribute.c.o -c /home/byrn/HDF_Projects/hdf5/dev/src/H5Oattribute.c
[234/4114] /usr/bin/cc -D_FILE_OFFSET_BITS=64 -D_GNU_SOURCE -D_LARGEFILE_SOURCE -D_POSIX_C_SOURCE=200809L -I/home/byrn/HDF_Projects/hdf5/dev/src -I/home/byrn/HDF_Projects/hdf5/dev/src/H5FDsubfiling -I/home/byrn/HDF_Projects/hdf5/build/ci-StdShar-GNUC/src -I/home/byrn/HDF_Projects/hdf5/build/ci-StdShar-GNUC/_deps/hdf5_zlib-build -I/home/byrn/HDF_Projects/hdf5/build/ci-StdShar-GNUC/_deps/hdf5_zlib-src -I/home/byrn/HDF_Projects/hdf5/build/ci-StdShar-GNUC/_deps/szip-build -I/home/byrn/HDF_Projects/hdf5/build/ci-StdShar-GNUC/_deps/szip-src/include -I/home/byrn/HDF_Projects/hdf5/build/ci-StdShar-GNUC/_deps/szip-src -std=c99  -fstdarg-opt -fdiagnostics-urls=never -fno-diagnostics-color -fmessage-length=0 -O2 -g -DNDEBUG -std=gnu99 -fPIC -Wall -Wcast-qual -Wconversion -Wextra -Wfloat-equal -Wformat=2 -Winit-self -Winvalid-pch -Wmissing-include-dirs -Wshadow -Wundef -Wwrite-strings -pedantic -Wno-c++-compat -Wbad-function-cast -Wcast-align -Wformat -Wimplicit-function-declaration -Wint-to-pointer-cast -Wmissing-declarations -Wmissing-prototypes -Wnested-externs -Wold-style-definition -Wpacked -Wpointer-sign -Wpointer-to-int-cast -Wredundant-decls -Wstrict-prototypes -Wswitch -Wunused-but-set-variable -Wunused-variable -Wunused-function -Wunused-parameter -finline-functions -Wno-aggregate-return -Wno-inline -Wno-missing-format-attribute -Wno-missing-noreturn -Wno-overlength-strings -Wlarger-than=2560 -Wlogical-op -Wframe-larger-than=16384 -Wpacked-bitfield-compat -Wsync-nand -Wno-unsuffixed-float-constants -Wdouble-promotion -Wtrampolines -Wstack-usage=8192 -Wmaybe-uninitialized -Wno-jump-misses-init -Wstrict-overflow=2 -Wno-suggest-attribute=const -Wno-suggest-attribute=noreturn -Wno-suggest-attribute=pure -Wno-suggest-attribute=format -Wdate-time -Warray-bounds=2 -Wc99-c11-compat -Wincompatible-pointer-types -Wint-conversion -Wduplicated-cond -Whsa -Wnormalized -Wnull-dereference -Wunused-const-variable -Walloca -Walloc-zero -Wduplicated-branches -Wformat-overflow=2 -Wformat-truncation=1 -Wrestrict -Wattribute-alias -Wshift-overflow=2 -Wcast-function-type -Wcast-align=strict -Wno-suggest-attribute=cold -Wno-suggest-attribute=malloc -Wattribute-alias=2 -Wmissing-profile -Wc11-c2x-compat -MD -MT src/CMakeFiles/hdf5-static.dir/H5Ocopy_ref.c.o -MF src/CMakeFiles/hdf5-static.dir/H5Ocopy_ref.c.o.d -o src/CMakeFiles/hdf5-static.dir/H5Ocopy_ref.c.o -c /home/byrn/HDF_Projects/hdf5/dev/src/H5Ocopy_ref.c
[235/4114] /usr/bin/cc -D_FILE_OFFSET_BITS=64 -D_GNU_SOURCE -D_LARGEFILE_SOURCE -D_POSIX_C_SOURCE=200809L -I/home/byrn/HDF_Projects/hdf5/dev/src -I/home/byrn/HDF_Projects/hdf5/dev/src/H5FDsubfiling -I/home/byrn/HDF_Projects/hdf5/build/ci-StdShar-GNUC/src -I/home/byrn/HDF_Projects/hdf5/build/ci-StdShar-GNUC/_deps/hdf5_zlib-build -I/home/byrn/HDF_Projects/hdf5/build/ci-StdShar-GNUC/_deps/hdf5_zlib-src -I/home/byrn/HDF_Projects/hdf5/build/ci-StdShar-GNUC/_deps/szip-build -I/home/byrn/HDF_Projects/hdf5/build/ci-StdShar-GNUC/_deps/szip-src/include -I/home/byrn/HDF_Projects/hdf5/build/ci-StdShar-GNUC/_deps/szip-src -std=c99  -fstdarg-opt -fdiagnostics-urls=never -fno-diagnostics-color -fmessage-length=0 -O2 -g -DNDEBUG -std=gnu99 -fPIC -Wall -Wcast-qual -Wconversion -Wextra -Wfloat-equal -Wformat=2 -Winit-self -Winvalid-pch -Wmissing-include-dirs -Wshadow -Wundef -Wwrite-strings -pedantic -Wno-c++-compat -Wbad-function-cast -Wcast-align -Wformat -Wimplicit-function-declaration -Wint-to-pointer-cast -Wmissing-declarations -Wmissing-prototypes -Wnested-externs -Wold-style-definition -Wpacked -Wpointer-sign -Wpointer-to-int-cast -Wredundant-decls -Wstrict-prototypes -Wswitch -Wunused-but-set-variable -Wunused-variable -Wunused-function -Wunused-parameter -finline-functions -Wno-aggregate-return -Wno-inline -Wno-missing-format-attribute -Wno-missing-noreturn -Wno-overlength-strings -Wlarger-than=2560 -Wlogical-op -Wframe-larger-than=16384 -Wpacked-bitfield-compat -Wsync-nand -Wno-unsuffixed-float-constants -Wdouble-promotion -Wtrampolines -Wstack-usage=8192 -Wmaybe-uninitialized -Wno-jump-misses-init -Wstrict-overflow=2 -Wno-suggest-attribute=const -Wno-suggest-attribute=noreturn -Wno-suggest-attribute=pure -Wno-suggest-attribute=format -Wdate-time -Warray-bounds=2 -Wc99-c11-compat -Wincompatible-pointer-types -Wint-conversion -Wduplicated-cond -Whsa -Wnormalized -Wnull-dereference -Wunused-const-variable -Walloca -Walloc-zero -Wduplicated-branches -Wformat-overflow=2 -Wformat-truncation=1 -Wrestrict -Wattribute-alias -Wshift-overflow=2 -Wcast-function-type -Wcast-align=strict -Wno-suggest-attribute=cold -Wno-suggest-attribute=malloc -Wattribute-alias=2 -Wmissing-profile -Wc11-c2x-compat -MD -MT src/CMakeFiles/hdf5-static.dir/H5Odrvinfo.c.o -MF src/CMakeFiles/hdf5-static.dir/H5Odrvinfo.c.o.d -o src/CMakeFiles/hdf5-static.dir/H5Odrvinfo.c.o -c /home/byrn/HDF_Projects/hdf5/dev/src/H5Odrvinfo.c
[236/4114] /usr/bin/cc -D_FILE_OFFSET_BITS=64 -D_GNU_SOURCE -D_LARGEFILE_SOURCE -D_POSIX_C_SOURCE=200809L -I/home/byrn/HDF_Projects/hdf5/dev/src -I/home/byrn/HDF_Projects/hdf5/dev/src/H5FDsubfiling -I/home/byrn/HDF_Projects/hdf5/build/ci-StdShar-GNUC/src -I/home/byrn/HDF_Projects/hdf5/build/ci-StdShar-GNUC/_deps/hdf5_zlib-build -I/home/byrn/HDF_Projects/hdf5/build/ci-StdShar-GNUC/_deps/hdf5_zlib-src -I/home/byrn/HDF_Projects/hdf5/build/ci-StdShar-GNUC/_deps/szip-build -I/home/byrn/HDF_Projects/hdf5/build/ci-StdShar-GNUC/_deps/szip-src/include -I/home/byrn/HDF_Projects/hdf5/build/ci-StdShar-GNUC/_deps/szip-src -std=c99  -fstdarg-opt -fdiagnostics-urls=never -fno-diagnostics-color -fmessage-length=0 -O2 -g -DNDEBUG -std=gnu99 -fPIC -Wall -Wcast-qual -Wconversion -Wextra -Wfloat-equal -Wformat=2 -Winit-self -Winvalid-pch -Wmissing-include-dirs -Wshadow -Wundef -Wwrite-strings -pedantic -Wno-c++-compat -Wbad-function-cast -Wcast-align -Wformat -Wimplicit-function-declaration -Wint-to-pointer-cast -Wmissing-declarations -Wmissing-prototypes -Wnested-externs -Wold-style-definition -Wpacked -Wpointer-sign -Wpointer-to-int-cast -Wredundant-decls -Wstrict-prototypes -Wswitch -Wunused-but-set-variable -Wunused-variable -Wunused-function -Wunused-parameter -finline-functions -Wno-aggregate-return -Wno-inline -Wno-missing-format-attribute -Wno-missing-noreturn -Wno-overlength-strings -Wlarger-than=2560 -Wlogical-op -Wframe-larger-than=16384 -Wpacked-bitfield-compat -Wsync-nand -Wno-unsuffixed-float-constants -Wdouble-promotion -Wtrampolines -Wstack-usage=8192 -Wmaybe-uninitialized -Wno-jump-misses-init -Wstrict-overflow=2 -Wno-suggest-attribute=const -Wno-suggest-attribute=noreturn -Wno-suggest-attribute=pure -Wno-suggest-attribute=format -Wdate-time -Warray-bounds=2 -Wc99-c11-compat -Wincompatible-pointer-types -Wint-conversion -Wduplicated-cond -Whsa -Wnormalized -Wnull-dereference -Wunused-const-variable -Walloca -Walloc-zero -Wduplicated-branches -Wformat-overflow=2 -Wformat-truncation=1 -Wrestrict -Wattribute-alias -Wshift-overflow=2 -Wcast-function-type -Wcast-align=strict -Wno-suggest-attribute=cold -Wno-suggest-attribute=malloc -Wattribute-alias=2 -Wmissing-profile -Wc11-c2x-compat -MD -MT src/CMakeFiles/hdf5-static.dir/H5O.c.o -MF src/CMakeFiles/hdf5-static.dir/H5O.c.o.d -o src/CMakeFiles/hdf5-static.dir/H5O.c.o -c /home/byrn/HDF_Projects/hdf5/dev/src/H5O.c
[237/4114] /usr/bin/cc -D_FILE_OFFSET_BITS=64 -D_GNU_SOURCE -D_LARGEFILE_SOURCE -D_POSIX_C_SOURCE=200809L -I/home/byrn/HDF_Projects/hdf5/dev/src -I/home/byrn/HDF_Projects/hdf5/dev/src/H5FDsubfiling -I/home/byrn/HDF_Projects/hdf5/build/ci-StdShar-GNUC/src -I/home/byrn/HDF_Projects/hdf5/build/ci-StdShar-GNUC/_deps/hdf5_zlib-build -I/home/byrn/HDF_Projects/hdf5/build/ci-StdShar-GNUC/_deps/hdf5_zlib-src -I/home/byrn/HDF_Projects/hdf5/build/ci-StdShar-GNUC/_deps/szip-build -I/home/byrn/HDF_Projects/hdf5/build/ci-StdShar-GNUC/_deps/szip-src/include -I/home/byrn/HDF_Projects/hdf5/build/ci-StdShar-GNUC/_deps/szip-src -std=c99  -fstdarg-opt -fdiagnostics-urls=never -fno-diagnostics-color -fmessage-length=0 -O2 -g -DNDEBUG -std=gnu99 -fPIC -Wall -Wcast-qual -Wconversion -Wextra -Wfloat-equal -Wformat=2 -Winit-self -Winvalid-pch -Wmissing-include-dirs -Wshadow -Wundef -Wwrite-strings -pedantic -Wno-c++-compat -Wbad-function-cast -Wcast-align -Wformat -Wimplicit-function-declaration -Wint-to-pointer-cast -Wmissing-declarations -Wmissing-prototypes -Wnested-externs -Wold-style-definition -Wpacked -Wpointer-sign -Wpointer-to-int-cast -Wredundant-decls -Wstrict-prototypes -Wswitch -Wunused-but-set-variable -Wunused-variable -Wunused-function -Wunused-parameter -finline-functions -Wno-aggregate-return -Wno-inline -Wno-missing-format-attribute -Wno-missing-noreturn -Wno-overlength-strings -Wlarger-than=2560 -Wlogical-op -Wframe-larger-than=16384 -Wpacked-bitfield-compat -Wsync-nand -Wno-unsuffixed-float-constants -Wdouble-promotion -Wtrampolines -Wstack-usage=8192 -Wmaybe-uninitialized -Wno-jump-misses-init -Wstrict-overflow=2 -Wno-suggest-attribute=const -Wno-suggest-attribute=noreturn -Wno-suggest-attribute=pure -Wno-suggest-attribute=format -Wdate-time -Warray-bounds=2 -Wc99-c11-compat -Wincompatible-pointer-types -Wint-conversion -Wduplicated-cond -Whsa -Wnormalized -Wnull-dereference -Wunused-const-variable -Walloca -Walloc-zero -Wduplicated-branches -Wformat-overflow=2 -Wformat-truncation=1 -Wrestrict -Wattribute-alias -Wshift-overflow=2 -Wcast-function-type -Wcast-align=strict -Wno-suggest-attribute=cold -Wno-suggest-attribute=malloc -Wattribute-alias=2 -Wmissing-profile -Wc11-c2x-compat -MD -MT src/CMakeFiles/hdf5-static.dir/H5Odbg.c.o -MF src/CMakeFiles/hdf5-static.dir/H5Odbg.c.o.d -o src/CMakeFiles/hdf5-static.dir/H5Odbg.c.o -c /home/byrn/HDF_Projects/hdf5/dev/src/H5Odbg.c
[238/4114] /usr/bin/cc -D_FILE_OFFSET_BITS=64 -D_GNU_SOURCE -D_LARGEFILE_SOURCE -D_POSIX_C_SOURCE=200809L -I/home/byrn/HDF_Projects/hdf5/dev/src -I/home/byrn/HDF_Projects/hdf5/dev/src/H5FDsubfiling -I/home/byrn/HDF_Projects/hdf5/build/ci-StdShar-GNUC/src -I/home/byrn/HDF_Projects/hdf5/build/ci-StdShar-GNUC/_deps/hdf5_zlib-build -I/home/byrn/HDF_Projects/hdf5/build/ci-StdShar-GNUC/_deps/hdf5_zlib-src -I/home/byrn/HDF_Projects/hdf5/build/ci-StdShar-GNUC/_deps/szip-build -I/home/byrn/HDF_Projects/hdf5/build/ci-StdShar-GNUC/_deps/szip-src/include -I/home/byrn/HDF_Projects/hdf5/build/ci-StdShar-GNUC/_deps/szip-src -std=c99  -fstdarg-opt -fdiagnostics-urls=never -fno-diagnostics-color -fmessage-length=0 -O2 -g -DNDEBUG -std=gnu99 -fPIC -Wall -Wcast-qual -Wconversion -Wextra -Wfloat-equal -Wformat=2 -Winit-self -Winvalid-pch -Wmissing-include-dirs -Wshadow -Wundef -Wwrite-strings -pedantic -Wno-c++-compat -Wbad-function-cast -Wcast-align -Wformat -Wimplicit-function-declaration -Wint-to-pointer-cast -Wmissing-declarations -Wmissing-prototypes -Wnested-externs -Wold-style-definition -Wpacked -Wpointer-sign -Wpointer-to-int-cast -Wredundant-decls -Wstrict-prototypes -Wswitch -Wunused-but-set-variable -Wunused-variable -Wunused-function -Wunused-parameter -finline-functions -Wno-aggregate-return -Wno-inline -Wno-missing-format-attribute -Wno-missing-noreturn -Wno-overlength-strings -Wlarger-than=2560 -Wlogical-op -Wframe-larger-than=16384 -Wpacked-bitfield-compat -Wsync-nand -Wno-unsuffixed-float-constants -Wdouble-promotion -Wtrampolines -Wstack-usage=8192 -Wmaybe-uninitialized -Wno-jump-misses-init -Wstrict-overflow=2 -Wno-suggest-attribute=const -Wno-suggest-attribute=noreturn -Wno-suggest-attribute=pure -Wno-suggest-attribute=format -Wdate-time -Warray-bounds=2 -Wc99-c11-compat -Wincompatible-pointer-types -Wint-conversion -Wduplicated-cond -Whsa -Wnormalized -Wnull-dereference -Wunused-const-variable -Walloca -Walloc-zero -Wduplicated-branches -Wformat-overflow=2 -Wformat-truncation=1 -Wrestrict -Wattribute-alias -Wshift-overflow=2 -Wcast-function-type -Wcast-align=strict -Wno-suggest-attribute=cold -Wno-suggest-attribute=malloc -Wattribute-alias=2 -Wmissing-profile -Wc11-c2x-compat -MD -MT src/CMakeFiles/hdf5-static.dir/H5Odeprec.c.o -MF src/CMakeFiles/hdf5-static.dir/H5Odeprec.c.o.d -o src/CMakeFiles/hdf5-static.dir/H5Odeprec.c.o -c /home/byrn/HDF_Projects/hdf5/dev/src/H5Odeprec.c
[239/4114] /usr/bin/cc -D_FILE_OFFSET_BITS=64 -D_GNU_SOURCE -D_LARGEFILE_SOURCE -D_POSIX_C_SOURCE=200809L -I/home/byrn/HDF_Projects/hdf5/dev/src -I/home/byrn/HDF_Projects/hdf5/dev/src/H5FDsubfiling -I/home/byrn/HDF_Projects/hdf5/build/ci-StdShar-GNUC/src -I/home/byrn/HDF_Projects/hdf5/build/ci-StdShar-GNUC/_deps/hdf5_zlib-build -I/home/byrn/HDF_Projects/hdf5/build/ci-StdShar-GNUC/_deps/hdf5_zlib-src -I/home/byrn/HDF_Projects/hdf5/build/ci-StdShar-GNUC/_deps/szip-build -I/home/byrn/HDF_Projects/hdf5/build/ci-StdShar-GNUC/_deps/szip-src/include -I/home/byrn/HDF_Projects/hdf5/build/ci-StdShar-GNUC/_deps/szip-src -std=c99  -fstdarg-opt -fdiagnostics-urls=never -fno-diagnostics-color -fmessage-length=0 -O2 -g -DNDEBUG -std=gnu99 -fPIC -Wall -Wcast-qual -Wconversion -Wextra -Wfloat-equal -Wformat=2 -Winit-self -Winvalid-pch -Wmissing-include-dirs -Wshadow -Wundef -Wwrite-strings -pedantic -Wno-c++-compat -Wbad-function-cast -Wcast-align -Wformat -Wimplicit-function-declaration -Wint-to-pointer-cast -Wmissing-declarations -Wmissing-prototypes -Wnested-externs -Wold-style-definition -Wpacked -Wpointer-sign -Wpointer-to-int-cast -Wredundant-decls -Wstrict-prototypes -Wswitch -Wunused-but-set-variable -Wunused-variable -Wunused-function -Wunused-parameter -finline-functions -Wno-aggregate-return -Wno-inline -Wno-missing-format-attribute -Wno-missing-noreturn -Wno-overlength-strings -Wlarger-than=2560 -Wlogical-op -Wframe-larger-than=16384 -Wpacked-bitfield-compat -Wsync-nand -Wno-unsuffixed-float-constants -Wdouble-promotion -Wtrampolines -Wstack-usage=8192 -Wmaybe-uninitialized -Wno-jump-misses-init -Wstrict-overflow=2 -Wno-suggest-attribute=const -Wno-suggest-attribute=noreturn -Wno-suggest-attribute=pure -Wno-suggest-attribute=format -Wdate-time -Warray-bounds=2 -Wc99-c11-compat -Wincompatible-pointer-types -Wint-conversion -Wduplicated-cond -Whsa -Wnormalized -Wnull-dereference -Wunused-const-variable -Walloca -Walloc-zero -Wduplicated-branches -Wformat-overflow=2 -Wformat-truncation=1 -Wrestrict -Wattribute-alias -Wshift-overflow=2 -Wcast-function-type -Wcast-align=strict -Wno-suggest-attribute=cold -Wno-suggest-attribute=malloc -Wattribute-alias=2 -Wmissing-profile -Wc11-c2x-compat -MD -MT src/CMakeFiles/hdf5-static.dir/H5Ocopy.c.o -MF src/CMakeFiles/hdf5-static.dir/H5Ocopy.c.o.d -o src/CMakeFiles/hdf5-static.dir/H5Ocopy.c.o -c /home/byrn/HDF_Projects/hdf5/dev/src/H5Ocopy.c
[240/4114] /usr/bin/cc -D_FILE_OFFSET_BITS=64 -D_GNU_SOURCE -D_LARGEFILE_SOURCE -D_POSIX_C_SOURCE=200809L -I/home/byrn/HDF_Projects/hdf5/dev/src -I/home/byrn/HDF_Projects/hdf5/dev/src/H5FDsubfiling -I/home/byrn/HDF_Projects/hdf5/build/ci-StdShar-GNUC/src -I/home/byrn/HDF_Projects/hdf5/build/ci-StdShar-GNUC/_deps/hdf5_zlib-build -I/home/byrn/HDF_Projects/hdf5/build/ci-StdShar-GNUC/_deps/hdf5_zlib-src -I/home/byrn/HDF_Projects/hdf5/build/ci-StdShar-GNUC/_deps/szip-build -I/home/byrn/HDF_Projects/hdf5/build/ci-StdShar-GNUC/_deps/szip-src/include -I/home/byrn/HDF_Projects/hdf5/build/ci-StdShar-GNUC/_deps/szip-src -std=c99  -fstdarg-opt -fdiagnostics-urls=never -fno-diagnostics-color -fmessage-length=0 -O2 -g -DNDEBUG -std=gnu99 -fPIC -Wall -Wcast-qual -Wconversion -Wextra -Wfloat-equal -Wformat=2 -Winit-self -Winvalid-pch -Wmissing-include-dirs -Wshadow -Wundef -Wwrite-strings -pedantic -Wno-c++-compat -Wbad-function-cast -Wcast-align -Wformat -Wimplicit-function-declaration -Wint-to-pointer-cast -Wmissing-declarations -Wmissing-prototypes -Wnested-externs -Wold-style-definition -Wpacked -Wpointer-sign -Wpointer-to-int-cast -Wredundant-decls -Wstrict-prototypes -Wswitch -Wunused-but-set-variable -Wunused-variable -Wunused-function -Wunused-parameter -finline-functions -Wno-aggregate-return -Wno-inline -Wno-missing-format-attribute -Wno-missing-noreturn -Wno-overlength-strings -Wlarger-than=2560 -Wlogical-op -Wframe-larger-than=16384 -Wpacked-bitfield-compat -Wsync-nand -Wno-unsuffixed-float-constants -Wdouble-promotion -Wtrampolines -Wstack-usage=8192 -Wmaybe-uninitialized -Wno-jump-misses-init -Wstrict-overflow=2 -Wno-suggest-attribute=const -Wno-suggest-attribute=noreturn -Wno-suggest-attribute=pure -Wno-suggest-attribute=format -Wdate-time -Warray-bounds=2 -Wc99-c11-compat -Wincompatible-pointer-types -Wint-conversion -Wduplicated-cond -Whsa -Wnormalized -Wnull-dereference -Wunused-const-variable -Walloca -Walloc-zero -Wduplicated-branches -Wformat-overflow=2 -Wformat-truncation=1 -Wrestrict -Wattribute-alias -Wshift-overflow=2 -Wcast-function-type -Wcast-align=strict -Wno-suggest-attribute=cold -Wno-suggest-attribute=malloc -Wattribute-alias=2 -Wmissing-profile -Wc11-c2x-compat -MD -MT src/CMakeFiles/hdf5-static.dir/H5Oflush.c.o -MF src/CMakeFiles/hdf5-static.dir/H5Oflush.c.o.d -o src/CMakeFiles/hdf5-static.dir/H5Oflush.c.o -c /home/byrn/HDF_Projects/hdf5/dev/src/H5Oflush.c
[241/4114] /usr/bin/cc -D_FILE_OFFSET_BITS=64 -D_GNU_SOURCE -D_LARGEFILE_SOURCE -D_POSIX_C_SOURCE=200809L -I/home/byrn/HDF_Projects/hdf5/dev/src -I/home/byrn/HDF_Projects/hdf5/dev/src/H5FDsubfiling -I/home/byrn/HDF_Projects/hdf5/build/ci-StdShar-GNUC/src -I/home/byrn/HDF_Projects/hdf5/build/ci-StdShar-GNUC/_deps/hdf5_zlib-build -I/home/byrn/HDF_Projects/hdf5/build/ci-StdShar-GNUC/_deps/hdf5_zlib-src -I/home/byrn/HDF_Projects/hdf5/build/ci-StdShar-GNUC/_deps/szip-build -I/home/byrn/HDF_Projects/hdf5/build/ci-StdShar-GNUC/_deps/szip-src/include -I/home/byrn/HDF_Projects/hdf5/build/ci-StdShar-GNUC/_deps/szip-src -std=c99  -fstdarg-opt -fdiagnostics-urls=never -fno-diagnostics-color -fmessage-length=0 -O2 -g -DNDEBUG -std=gnu99 -fPIC -Wall -Wcast-qual -Wconversion -Wextra -Wfloat-equal -Wformat=2 -Winit-self -Winvalid-pch -Wmissing-include-dirs -Wshadow -Wundef -Wwrite-strings -pedantic -Wno-c++-compat -Wbad-function-cast -Wcast-align -Wformat -Wimplicit-function-declaration -Wint-to-pointer-cast -Wmissing-declarations -Wmissing-prototypes -Wnested-externs -Wold-style-definition -Wpacked -Wpointer-sign -Wpointer-to-int-cast -Wredundant-decls -Wstrict-prototypes -Wswitch -Wunused-but-set-variable -Wunused-variable -Wunused-function -Wunused-parameter -finline-functions -Wno-aggregate-return -Wno-inline -Wno-missing-format-attribute -Wno-missing-noreturn -Wno-overlength-strings -Wlarger-than=2560 -Wlogical-op -Wframe-larger-than=16384 -Wpacked-bitfield-compat -Wsync-nand -Wno-unsuffixed-float-constants -Wdouble-promotion -Wtrampolines -Wstack-usage=8192 -Wmaybe-uninitialized -Wno-jump-misses-init -Wstrict-overflow=2 -Wno-suggest-attribute=const -Wno-suggest-attribute=noreturn -Wno-suggest-attribute=pure -Wno-suggest-attribute=format -Wdate-time -Warray-bounds=2 -Wc99-c11-compat -Wincompatible-pointer-types -Wint-conversion -Wduplicated-cond -Whsa -Wnormalized -Wnull-dereference -Wunused-const-variable -Walloca -Walloc-zero -Wduplicated-branches -Wformat-overflow=2 -Wformat-truncation=1 -Wrestrict -Wattribute-alias -Wshift-overflow=2 -Wcast-function-type -Wcast-align=strict -Wno-suggest-attribute=cold -Wno-suggest-attribute=malloc -Wattribute-alias=2 -Wmissing-profile -Wc11-c2x-compat -MD -MT src/CMakeFiles/hdf5-static.dir/H5Ocache.c.o -MF src/CMakeFiles/hdf5-static.dir/H5Ocache.c.o.d -o src/CMakeFiles/hdf5-static.dir/H5Ocache.c.o -c /home/byrn/HDF_Projects/hdf5/dev/src/H5Ocache.c
[242/4114] /usr/bin/cc -D_FILE_OFFSET_BITS=64 -D_GNU_SOURCE -D_LARGEFILE_SOURCE -D_POSIX_C_SOURCE=200809L -I/home/byrn/HDF_Projects/hdf5/dev/src -I/home/byrn/HDF_Projects/hdf5/dev/src/H5FDsubfiling -I/home/byrn/HDF_Projects/hdf5/build/ci-StdShar-GNUC/src -I/home/byrn/HDF_Projects/hdf5/build/ci-StdShar-GNUC/_deps/hdf5_zlib-build -I/home/byrn/HDF_Projects/hdf5/build/ci-StdShar-GNUC/_deps/hdf5_zlib-src -I/home/byrn/HDF_Projects/hdf5/build/ci-StdShar-GNUC/_deps/szip-build -I/home/byrn/HDF_Projects/hdf5/build/ci-StdShar-GNUC/_deps/szip-src/include -I/home/byrn/HDF_Projects/hdf5/build/ci-StdShar-GNUC/_deps/szip-src -std=c99  -fstdarg-opt -fdiagnostics-urls=never -fno-diagnostics-color -fmessage-length=0 -O2 -g -DNDEBUG -std=gnu99 -fPIC -Wall -Wcast-qual -Wconversion -Wextra -Wfloat-equal -Wformat=2 -Winit-self -Winvalid-pch -Wmissing-include-dirs -Wshadow -Wundef -Wwrite-strings -pedantic -Wno-c++-compat -Wbad-function-cast -Wcast-align -Wformat -Wimplicit-function-declaration -Wint-to-pointer-cast -Wmissing-declarations -Wmissing-prototypes -Wnested-externs -Wold-style-definition -Wpacked -Wpointer-sign -Wpointer-to-int-cast -Wredundant-decls -Wstrict-prototypes -Wswitch -Wunused-but-set-variable -Wunused-variable -Wunused-function -Wunused-parameter -finline-functions -Wno-aggregate-return -Wno-inline -Wno-missing-format-attribute -Wno-missing-noreturn -Wno-overlength-strings -Wlarger-than=2560 -Wlogical-op -Wframe-larger-than=16384 -Wpacked-bitfield-compat -Wsync-nand -Wno-unsuffixed-float-constants -Wdouble-promotion -Wtrampolines -Wstack-usage=8192 -Wmaybe-uninitialized -Wno-jump-misses-init -Wstrict-overflow=2 -Wno-suggest-attribute=const -Wno-suggest-attribute=noreturn -Wno-suggest-attribute=pure -Wno-suggest-attribute=format -Wdate-time -Warray-bounds=2 -Wc99-c11-compat -Wincompatible-pointer-types -Wint-conversion -Wduplicated-cond -Whsa -Wnormalized -Wnull-dereference -Wunused-const-variable -Walloca -Walloc-zero -Wduplicated-branches -Wformat-overflow=2 -Wformat-truncation=1 -Wrestrict -Wattribute-alias -Wshift-overflow=2 -Wcast-function-type -Wcast-align=strict -Wno-suggest-attribute=cold -Wno-suggest-attribute=malloc -Wattribute-alias=2 -Wmissing-profile -Wc11-c2x-compat -MD -MT src/CMakeFiles/hdf5-static.dir/H5Oefl.c.o -MF src/CMakeFiles/hdf5-static.dir/H5Oefl.c.o.d -o src/CMakeFiles/hdf5-static.dir/H5Oefl.c.o -c /home/byrn/HDF_Projects/hdf5/dev/src/H5Oefl.c
[243/4114] /usr/bin/cc -D_FILE_OFFSET_BITS=64 -D_GNU_SOURCE -D_LARGEFILE_SOURCE -D_POSIX_C_SOURCE=200809L -I/home/byrn/HDF_Projects/hdf5/dev/src -I/home/byrn/HDF_Projects/hdf5/dev/src/H5FDsubfiling -I/home/byrn/HDF_Projects/hdf5/build/ci-StdShar-GNUC/src -I/home/byrn/HDF_Projects/hdf5/build/ci-StdShar-GNUC/_deps/hdf5_zlib-build -I/home/byrn/HDF_Projects/hdf5/build/ci-StdShar-GNUC/_deps/hdf5_zlib-src -I/home/byrn/HDF_Projects/hdf5/build/ci-StdShar-GNUC/_deps/szip-build -I/home/byrn/HDF_Projects/hdf5/build/ci-StdShar-GNUC/_deps/szip-src/include -I/home/byrn/HDF_Projects/hdf5/build/ci-StdShar-GNUC/_deps/szip-src -std=c99  -fstdarg-opt -fdiagnostics-urls=never -fno-diagnostics-color -fmessage-length=0 -O2 -g -DNDEBUG -std=gnu99 -fPIC -Wall -Wcast-qual -Wconversion -Wextra -Wfloat-equal -Wformat=2 -Winit-self -Winvalid-pch -Wmissing-include-dirs -Wshadow -Wundef -Wwrite-strings -pedantic -Wno-c++-compat -Wbad-function-cast -Wcast-align -Wformat -Wimplicit-function-declaration -Wint-to-pointer-cast -Wmissing-declarations -Wmissing-prototypes -Wnested-externs -Wold-style-definition -Wpacked -Wpointer-sign -Wpointer-to-int-cast -Wredundant-decls -Wstrict-prototypes -Wswitch -Wunused-but-set-variable -Wunused-variable -Wunused-function -Wunused-parameter -finline-functions -Wno-aggregate-return -Wno-inline -Wno-missing-format-attribute -Wno-missing-noreturn -Wno-overlength-strings -Wlarger-than=2560 -Wlogical-op -Wframe-larger-than=16384 -Wpacked-bitfield-compat -Wsync-nand -Wno-unsuffixed-float-constants -Wdouble-promotion -Wtrampolines -Wstack-usage=8192 -Wmaybe-uninitialized -Wno-jump-misses-init -Wstrict-overflow=2 -Wno-suggest-attribute=const -Wno-suggest-attribute=noreturn -Wno-suggest-attribute=pure -Wno-suggest-attribute=format -Wdate-time -Warray-bounds=2 -Wc99-c11-compat -Wincompatible-pointer-types -Wint-conversion -Wduplicated-cond -Whsa -Wnormalized -Wnull-dereference -Wunused-const-variable -Walloca -Walloc-zero -Wduplicated-branches -Wformat-overflow=2 -Wformat-truncation=1 -Wrestrict -Wattribute-alias -Wshift-overflow=2 -Wcast-function-type -Wcast-align=strict -Wno-suggest-attribute=cold -Wno-suggest-attribute=malloc -Wattribute-alias=2 -Wmissing-profile -Wc11-c2x-compat -MD -MT src/CMakeFiles/hdf5-static.dir/H5Ofill.c.o -MF src/CMakeFiles/hdf5-static.dir/H5Ofill.c.o.d -o src/CMakeFiles/hdf5-static.dir/H5Ofill.c.o -c /home/byrn/HDF_Projects/hdf5/dev/src/H5Ofill.c
[244/4114] /usr/bin/cc -D_FILE_OFFSET_BITS=64 -D_GNU_SOURCE -D_LARGEFILE_SOURCE -D_POSIX_C_SOURCE=200809L -I/home/byrn/HDF_Projects/hdf5/dev/src -I/home/byrn/HDF_Projects/hdf5/dev/src/H5FDsubfiling -I/home/byrn/HDF_Projects/hdf5/build/ci-StdShar-GNUC/src -I/home/byrn/HDF_Projects/hdf5/build/ci-StdShar-GNUC/_deps/hdf5_zlib-build -I/home/byrn/HDF_Projects/hdf5/build/ci-StdShar-GNUC/_deps/hdf5_zlib-src -I/home/byrn/HDF_Projects/hdf5/build/ci-StdShar-GNUC/_deps/szip-build -I/home/byrn/HDF_Projects/hdf5/build/ci-StdShar-GNUC/_deps/szip-src/include -I/home/byrn/HDF_Projects/hdf5/build/ci-StdShar-GNUC/_deps/szip-src -std=c99  -fstdarg-opt -fdiagnostics-urls=never -fno-diagnostics-color -fmessage-length=0 -O2 -g -DNDEBUG -std=gnu99 -fPIC -Wall -Wcast-qual -Wconversion -Wextra -Wfloat-equal -Wformat=2 -Winit-self -Winvalid-pch -Wmissing-include-dirs -Wshadow -Wundef -Wwrite-strings -pedantic -Wno-c++-compat -Wbad-function-cast -Wcast-align -Wformat -Wimplicit-function-declaration -Wint-to-pointer-cast -Wmissing-declarations -Wmissing-prototypes -Wnested-externs -Wold-style-definition -Wpacked -Wpointer-sign -Wpointer-to-int-cast -Wredundant-decls -Wstrict-prototypes -Wswitch -Wunused-but-set-variable -Wunused-variable -Wunused-function -Wunused-parameter -finline-functions -Wno-aggregate-return -Wno-inline -Wno-missing-format-attribute -Wno-missing-noreturn -Wno-overlength-strings -Wlarger-than=2560 -Wlogical-op -Wframe-larger-than=16384 -Wpacked-bitfield-compat -Wsync-nand -Wno-unsuffixed-float-constants -Wdouble-promotion -Wtrampolines -Wstack-usage=8192 -Wmaybe-uninitialized -Wno-jump-misses-init -Wstrict-overflow=2 -Wno-suggest-attribute=const -Wno-suggest-attribute=noreturn -Wno-suggest-attribute=pure -Wno-suggest-attribute=format -Wdate-time -Warray-bounds=2 -Wc99-c11-compat -Wincompatible-pointer-types -Wint-conversion -Wduplicated-cond -Whsa -Wnormalized -Wnull-dereference -Wunused-const-variable -Walloca -Walloc-zero -Wduplicated-branches -Wformat-overflow=2 -Wformat-truncation=1 -Wrestrict -Wattribute-alias -Wshift-overflow=2 -Wcast-function-type -Wcast-align=strict -Wno-suggest-attribute=cold -Wno-suggest-attribute=malloc -Wattribute-alias=2 -Wmissing-profile -Wc11-c2x-compat -MD -MT src/CMakeFiles/hdf5-static.dir/H5Oginfo.c.o -MF src/CMakeFiles/hdf5-static.dir/H5Oginfo.c.o.d -o src/CMakeFiles/hdf5-static.dir/H5Oginfo.c.o -c /home/byrn/HDF_Projects/hdf5/dev/src/H5Oginfo.c
[245/4114] /usr/bin/cc -D_FILE_OFFSET_BITS=64 -D_GNU_SOURCE -D_LARGEFILE_SOURCE -D_POSIX_C_SOURCE=200809L -I/home/byrn/HDF_Projects/hdf5/dev/src -I/home/byrn/HDF_Projects/hdf5/dev/src/H5FDsubfiling -I/home/byrn/HDF_Projects/hdf5/build/ci-StdShar-GNUC/src -I/home/byrn/HDF_Projects/hdf5/build/ci-StdShar-GNUC/_deps/hdf5_zlib-build -I/home/byrn/HDF_Projects/hdf5/build/ci-StdShar-GNUC/_deps/hdf5_zlib-src -I/home/byrn/HDF_Projects/hdf5/build/ci-StdShar-GNUC/_deps/szip-build -I/home/byrn/HDF_Projects/hdf5/build/ci-StdShar-GNUC/_deps/szip-src/include -I/home/byrn/HDF_Projects/hdf5/build/ci-StdShar-GNUC/_deps/szip-src -std=c99  -fstdarg-opt -fdiagnostics-urls=never -fno-diagnostics-color -fmessage-length=0 -O2 -g -DNDEBUG -std=gnu99 -fPIC -Wall -Wcast-qual -Wconversion -Wextra -Wfloat-equal -Wformat=2 -Winit-self -Winvalid-pch -Wmissing-include-dirs -Wshadow -Wundef -Wwrite-strings -pedantic -Wno-c++-compat -Wbad-function-cast -Wcast-align -Wformat -Wimplicit-function-declaration -Wint-to-pointer-cast -Wmissing-declarations -Wmissing-prototypes -Wnested-externs -Wold-style-definition -Wpacked -Wpointer-sign -Wpointer-to-int-cast -Wredundant-decls -Wstrict-prototypes -Wswitch -Wunused-but-set-variable -Wunused-variable -Wunused-function -Wunused-parameter -finline-functions -Wno-aggregate-return -Wno-inline -Wno-missing-format-attribute -Wno-missing-noreturn -Wno-overlength-strings -Wlarger-than=2560 -Wlogical-op -Wframe-larger-than=16384 -Wpacked-bitfield-compat -Wsync-nand -Wno-unsuffixed-float-constants -Wdouble-promotion -Wtrampolines -Wstack-usage=8192 -Wmaybe-uninitialized -Wno-jump-misses-init -Wstrict-overflow=2 -Wno-suggest-attribute=const -Wno-suggest-attribute=noreturn -Wno-suggest-attribute=pure -Wno-suggest-attribute=format -Wdate-time -Warray-bounds=2 -Wc99-c11-compat -Wincompatible-pointer-types -Wint-conversion -Wduplicated-cond -Whsa -Wnormalized -Wnull-dereference -Wunused-const-variable -Walloca -Walloc-zero -Wduplicated-branches -Wformat-overflow=2 -Wformat-truncation=1 -Wrestrict -Wattribute-alias -Wshift-overflow=2 -Wcast-function-type -Wcast-align=strict -Wno-suggest-attribute=cold -Wno-suggest-attribute=malloc -Wattribute-alias=2 -Wmissing-profile -Wc11-c2x-compat -MD -MT src/CMakeFiles/hdf5-static.dir/H5Oalloc.c.o -MF src/CMakeFiles/hdf5-static.dir/H5Oalloc.c.o.d -o src/CMakeFiles/hdf5-static.dir/H5Oalloc.c.o -c /home/byrn/HDF_Projects/hdf5/dev/src/H5Oalloc.c
[246/4114] /usr/bin/cc -D_FILE_OFFSET_BITS=64 -D_GNU_SOURCE -D_LARGEFILE_SOURCE -D_POSIX_C_SOURCE=200809L -I/home/byrn/HDF_Projects/hdf5/dev/src -I/home/byrn/HDF_Projects/hdf5/dev/src/H5FDsubfiling -I/home/byrn/HDF_Projects/hdf5/build/ci-StdShar-GNUC/src -I/home/byrn/HDF_Projects/hdf5/build/ci-StdShar-GNUC/_deps/hdf5_zlib-build -I/home/byrn/HDF_Projects/hdf5/build/ci-StdShar-GNUC/_deps/hdf5_zlib-src -I/home/byrn/HDF_Projects/hdf5/build/ci-StdShar-GNUC/_deps/szip-build -I/home/byrn/HDF_Projects/hdf5/build/ci-StdShar-GNUC/_deps/szip-src/include -I/home/byrn/HDF_Projects/hdf5/build/ci-StdShar-GNUC/_deps/szip-src -std=c99  -fstdarg-opt -fdiagnostics-urls=never -fno-diagnostics-color -fmessage-length=0 -O2 -g -DNDEBUG -std=gnu99 -fPIC -Wall -Wcast-qual -Wconversion -Wextra -Wfloat-equal -Wformat=2 -Winit-self -Winvalid-pch -Wmissing-include-dirs -Wshadow -Wundef -Wwrite-strings -pedantic -Wno-c++-compat -Wbad-function-cast -Wcast-align -Wformat -Wimplicit-function-declaration -Wint-to-pointer-cast -Wmissing-declarations -Wmissing-prototypes -Wnested-externs -Wold-style-definition -Wpacked -Wpointer-sign -Wpointer-to-int-cast -Wredundant-decls -Wstrict-prototypes -Wswitch -Wunused-but-set-variable -Wunused-variable -Wunused-function -Wunused-parameter -finline-functions -Wno-aggregate-return -Wno-inline -Wno-missing-format-attribute -Wno-missing-noreturn -Wno-overlength-strings -Wlarger-than=2560 -Wlogical-op -Wframe-larger-than=16384 -Wpacked-bitfield-compat -Wsync-nand -Wno-unsuffixed-float-constants -Wdouble-promotion -Wtrampolines -Wstack-usage=8192 -Wmaybe-uninitialized -Wno-jump-misses-init -Wstrict-overflow=2 -Wno-suggest-attribute=const -Wno-suggest-attribute=noreturn -Wno-suggest-attribute=pure -Wno-suggest-attribute=format -Wdate-time -Warray-bounds=2 -Wc99-c11-compat -Wincompatible-pointer-types -Wint-conversion -Wduplicated-cond -Whsa -Wnormalized -Wnull-dereference -Wunused-const-variable -Walloca -Walloc-zero -Wduplicated-branches -Wformat-overflow=2 -Wformat-truncation=1 -Wrestrict -Wattribute-alias -Wshift-overflow=2 -Wcast-function-type -Wcast-align=strict -Wno-suggest-attribute=cold -Wno-suggest-attribute=malloc -Wattribute-alias=2 -Wmissing-profile -Wc11-c2x-compat -MD -MT src/CMakeFiles/hdf5-static.dir/H5Olinfo.c.o -MF src/CMakeFiles/hdf5-static.dir/H5Olinfo.c.o.d -o src/CMakeFiles/hdf5-static.dir/H5Olinfo.c.o -c /home/byrn/HDF_Projects/hdf5/dev/src/H5Olinfo.c
[247/4114] /usr/bin/cc -D_FILE_OFFSET_BITS=64 -D_GNU_SOURCE -D_LARGEFILE_SOURCE -D_POSIX_C_SOURCE=200809L -I/home/byrn/HDF_Projects/hdf5/dev/src -I/home/byrn/HDF_Projects/hdf5/dev/src/H5FDsubfiling -I/home/byrn/HDF_Projects/hdf5/build/ci-StdShar-GNUC/src -I/home/byrn/HDF_Projects/hdf5/build/ci-StdShar-GNUC/_deps/hdf5_zlib-build -I/home/byrn/HDF_Projects/hdf5/build/ci-StdShar-GNUC/_deps/hdf5_zlib-src -I/home/byrn/HDF_Projects/hdf5/build/ci-StdShar-GNUC/_deps/szip-build -I/home/byrn/HDF_Projects/hdf5/build/ci-StdShar-GNUC/_deps/szip-src/include -I/home/byrn/HDF_Projects/hdf5/build/ci-StdShar-GNUC/_deps/szip-src -std=c99  -fstdarg-opt -fdiagnostics-urls=never -fno-diagnostics-color -fmessage-length=0 -O2 -g -DNDEBUG -std=gnu99 -fPIC -Wall -Wcast-qual -Wconversion -Wextra -Wfloat-equal -Wformat=2 -Winit-self -Winvalid-pch -Wmissing-include-dirs -Wshadow -Wundef -Wwrite-strings -pedantic -Wno-c++-compat -Wbad-function-cast -Wcast-align -Wformat -Wimplicit-function-declaration -Wint-to-pointer-cast -Wmissing-declarations -Wmissing-prototypes -Wnested-externs -Wold-style-definition -Wpacked -Wpointer-sign -Wpointer-to-int-cast -Wredundant-decls -Wstrict-prototypes -Wswitch -Wunused-but-set-variable -Wunused-variable -Wunused-function -Wunused-parameter -finline-functions -Wno-aggregate-return -Wno-inline -Wno-missing-format-attribute -Wno-missing-noreturn -Wno-overlength-strings -Wlarger-than=2560 -Wlogical-op -Wframe-larger-than=16384 -Wpacked-bitfield-compat -Wsync-nand -Wno-unsuffixed-float-constants -Wdouble-promotion -Wtrampolines -Wstack-usage=8192 -Wmaybe-uninitialized -Wno-jump-misses-init -Wstrict-overflow=2 -Wno-suggest-attribute=const -Wno-suggest-attribute=noreturn -Wno-suggest-attribute=pure -Wno-suggest-attribute=format -Wdate-time -Warray-bounds=2 -Wc99-c11-compat -Wincompatible-pointer-types -Wint-conversion -Wduplicated-cond -Whsa -Wnormalized -Wnull-dereference -Wunused-const-variable -Walloca -Walloc-zero -Wduplicated-branches -Wformat-overflow=2 -Wformat-truncation=1 -Wrestrict -Wattribute-alias -Wshift-overflow=2 -Wcast-function-type -Wcast-align=strict -Wno-suggest-attribute=cold -Wno-suggest-attribute=malloc -Wattribute-alias=2 -Wmissing-profile -Wc11-c2x-compat -MD -MT src/CMakeFiles/hdf5-static.dir/H5Ofsinfo.c.o -MF src/CMakeFiles/hdf5-static.dir/H5Ofsinfo.c.o.d -o src/CMakeFiles/hdf5-static.dir/H5Ofsinfo.c.o -c /home/byrn/HDF_Projects/hdf5/dev/src/H5Ofsinfo.c
[248/4114] /usr/bin/cc -D_FILE_OFFSET_BITS=64 -D_GNU_SOURCE -D_LARGEFILE_SOURCE -D_POSIX_C_SOURCE=200809L -I/home/byrn/HDF_Projects/hdf5/dev/src -I/home/byrn/HDF_Projects/hdf5/dev/src/H5FDsubfiling -I/home/byrn/HDF_Projects/hdf5/build/ci-StdShar-GNUC/src -I/home/byrn/HDF_Projects/hdf5/build/ci-StdShar-GNUC/_deps/hdf5_zlib-build -I/home/byrn/HDF_Projects/hdf5/build/ci-StdShar-GNUC/_deps/hdf5_zlib-src -I/home/byrn/HDF_Projects/hdf5/build/ci-StdShar-GNUC/_deps/szip-build -I/home/byrn/HDF_Projects/hdf5/build/ci-StdShar-GNUC/_deps/szip-src/include -I/home/byrn/HDF_Projects/hdf5/build/ci-StdShar-GNUC/_deps/szip-src -std=c99  -fstdarg-opt -fdiagnostics-urls=never -fno-diagnostics-color -fmessage-length=0 -O2 -g -DNDEBUG -std=gnu99 -fPIC -Wall -Wcast-qual -Wconversion -Wextra -Wfloat-equal -Wformat=2 -Winit-self -Winvalid-pch -Wmissing-include-dirs -Wshadow -Wundef -Wwrite-strings -pedantic -Wno-c++-compat -Wbad-function-cast -Wcast-align -Wformat -Wimplicit-function-declaration -Wint-to-pointer-cast -Wmissing-declarations -Wmissing-prototypes -Wnested-externs -Wold-style-definition -Wpacked -Wpointer-sign -Wpointer-to-int-cast -Wredundant-decls -Wstrict-prototypes -Wswitch -Wunused-but-set-variable -Wunused-variable -Wunused-function -Wunused-parameter -finline-functions -Wno-aggregate-return -Wno-inline -Wno-missing-format-attribute -Wno-missing-noreturn -Wno-overlength-strings -Wlarger-than=2560 -Wlogical-op -Wframe-larger-than=16384 -Wpacked-bitfield-compat -Wsync-nand -Wno-unsuffixed-float-constants -Wdouble-promotion -Wtrampolines -Wstack-usage=8192 -Wmaybe-uninitialized -Wno-jump-misses-init -Wstrict-overflow=2 -Wno-suggest-attribute=const -Wno-suggest-attribute=noreturn -Wno-suggest-attribute=pure -Wno-suggest-attribute=format -Wdate-time -Warray-bounds=2 -Wc99-c11-compat -Wincompatible-pointer-types -Wint-conversion -Wduplicated-cond -Whsa -Wnormalized -Wnull-dereference -Wunused-const-variable -Walloca -Walloc-zero -Wduplicated-branches -Wformat-overflow=2 -Wformat-truncation=1 -Wrestrict -Wattribute-alias -Wshift-overflow=2 -Wcast-function-type -Wcast-align=strict -Wno-suggest-attribute=cold -Wno-suggest-attribute=malloc -Wattribute-alias=2 -Wmissing-profile -Wc11-c2x-compat -MD -MT src/CMakeFiles/hdf5-static.dir/H5Oname.c.o -MF src/CMakeFiles/hdf5-static.dir/H5Oname.c.o.d -o src/CMakeFiles/hdf5-static.dir/H5Oname.c.o -c /home/byrn/HDF_Projects/hdf5/dev/src/H5Oname.c
[249/4114] /usr/bin/cc -D_FILE_OFFSET_BITS=64 -D_GNU_SOURCE -D_LARGEFILE_SOURCE -D_POSIX_C_SOURCE=200809L -I/home/byrn/HDF_Projects/hdf5/dev/src -I/home/byrn/HDF_Projects/hdf5/dev/src/H5FDsubfiling -I/home/byrn/HDF_Projects/hdf5/build/ci-StdShar-GNUC/src -I/home/byrn/HDF_Projects/hdf5/build/ci-StdShar-GNUC/_deps/hdf5_zlib-build -I/home/byrn/HDF_Projects/hdf5/build/ci-StdShar-GNUC/_deps/hdf5_zlib-src -I/home/byrn/HDF_Projects/hdf5/build/ci-StdShar-GNUC/_deps/szip-build -I/home/byrn/HDF_Projects/hdf5/build/ci-StdShar-GNUC/_deps/szip-src/include -I/home/byrn/HDF_Projects/hdf5/build/ci-StdShar-GNUC/_deps/szip-src -std=c99  -fstdarg-opt -fdiagnostics-urls=never -fno-diagnostics-color -fmessage-length=0 -O2 -g -DNDEBUG -std=gnu99 -fPIC -Wall -Wcast-qual -Wconversion -Wextra -Wfloat-equal -Wformat=2 -Winit-self -Winvalid-pch -Wmissing-include-dirs -Wshadow -Wundef -Wwrite-strings -pedantic -Wno-c++-compat -Wbad-function-cast -Wcast-align -Wformat -Wimplicit-function-declaration -Wint-to-pointer-cast -Wmissing-declarations -Wmissing-prototypes -Wnested-externs -Wold-style-definition -Wpacked -Wpointer-sign -Wpointer-to-int-cast -Wredundant-decls -Wstrict-prototypes -Wswitch -Wunused-but-set-variable -Wunused-variable -Wunused-function -Wunused-parameter -finline-functions -Wno-aggregate-return -Wno-inline -Wno-missing-format-attribute -Wno-missing-noreturn -Wno-overlength-strings -Wlarger-than=2560 -Wlogical-op -Wframe-larger-than=16384 -Wpacked-bitfield-compat -Wsync-nand -Wno-unsuffixed-float-constants -Wdouble-promotion -Wtrampolines -Wstack-usage=8192 -Wmaybe-uninitialized -Wno-jump-misses-init -Wstrict-overflow=2 -Wno-suggest-attribute=const -Wno-suggest-attribute=noreturn -Wno-suggest-attribute=pure -Wno-suggest-attribute=format -Wdate-time -Warray-bounds=2 -Wc99-c11-compat -Wincompatible-pointer-types -Wint-conversion -Wduplicated-cond -Whsa -Wnormalized -Wnull-dereference -Wunused-const-variable -Walloca -Walloc-zero -Wduplicated-branches -Wformat-overflow=2 -Wformat-truncation=1 -Wrestrict -Wattribute-alias -Wshift-overflow=2 -Wcast-function-type -Wcast-align=strict -Wno-suggest-attribute=cold -Wno-suggest-attribute=malloc -Wattribute-alias=2 -Wmissing-profile -Wc11-c2x-compat -MD -MT src/CMakeFiles/hdf5-static.dir/H5Omtime.c.o -MF src/CMakeFiles/hdf5-static.dir/H5Omtime.c.o.d -o src/CMakeFiles/hdf5-static.dir/H5Omtime.c.o -c /home/byrn/HDF_Projects/hdf5/dev/src/H5Omtime.c
[250/4114] /usr/bin/cc -D_FILE_OFFSET_BITS=64 -D_GNU_SOURCE -D_LARGEFILE_SOURCE -D_POSIX_C_SOURCE=200809L -I/home/byrn/HDF_Projects/hdf5/dev/src -I/home/byrn/HDF_Projects/hdf5/dev/src/H5FDsubfiling -I/home/byrn/HDF_Projects/hdf5/build/ci-StdShar-GNUC/src -I/home/byrn/HDF_Projects/hdf5/build/ci-StdShar-GNUC/_deps/hdf5_zlib-build -I/home/byrn/HDF_Projects/hdf5/build/ci-StdShar-GNUC/_deps/hdf5_zlib-src -I/home/byrn/HDF_Projects/hdf5/build/ci-StdShar-GNUC/_deps/szip-build -I/home/byrn/HDF_Projects/hdf5/build/ci-StdShar-GNUC/_deps/szip-src/include -I/home/byrn/HDF_Projects/hdf5/build/ci-StdShar-GNUC/_deps/szip-src -std=c99  -fstdarg-opt -fdiagnostics-urls=never -fno-diagnostics-color -fmessage-length=0 -O2 -g -DNDEBUG -std=gnu99 -fPIC -Wall -Wcast-qual -Wconversion -Wextra -Wfloat-equal -Wformat=2 -Winit-self -Winvalid-pch -Wmissing-include-dirs -Wshadow -Wundef -Wwrite-strings -pedantic -Wno-c++-compat -Wbad-function-cast -Wcast-align -Wformat -Wimplicit-function-declaration -Wint-to-pointer-cast -Wmissing-declarations -Wmissing-prototypes -Wnested-externs -Wold-style-definition -Wpacked -Wpointer-sign -Wpointer-to-int-cast -Wredundant-decls -Wstrict-prototypes -Wswitch -Wunused-but-set-variable -Wunused-variable -Wunused-function -Wunused-parameter -finline-functions -Wno-aggregate-return -Wno-inline -Wno-missing-format-attribute -Wno-missing-noreturn -Wno-overlength-strings -Wlarger-than=2560 -Wlogical-op -Wframe-larger-than=16384 -Wpacked-bitfield-compat -Wsync-nand -Wno-unsuffixed-float-constants -Wdouble-promotion -Wtrampolines -Wstack-usage=8192 -Wmaybe-uninitialized -Wno-jump-misses-init -Wstrict-overflow=2 -Wno-suggest-attribute=const -Wno-suggest-attribute=noreturn -Wno-suggest-attribute=pure -Wno-suggest-attribute=format -Wdate-time -Warray-bounds=2 -Wc99-c11-compat -Wincompatible-pointer-types -Wint-conversion -Wduplicated-cond -Whsa -Wnormalized -Wnull-dereference -Wunused-const-variable -Walloca -Walloc-zero -Wduplicated-branches -Wformat-overflow=2 -Wformat-truncation=1 -Wrestrict -Wattribute-alias -Wshift-overflow=2 -Wcast-function-type -Wcast-align=strict -Wno-suggest-attribute=cold -Wno-suggest-attribute=malloc -Wattribute-alias=2 -Wmissing-profile -Wc11-c2x-compat -MD -MT src/CMakeFiles/hdf5-static.dir/H5Olink.c.o -MF src/CMakeFiles/hdf5-static.dir/H5Olink.c.o.d -o src/CMakeFiles/hdf5-static.dir/H5Olink.c.o -c /home/byrn/HDF_Projects/hdf5/dev/src/H5Olink.c
[251/4114] /usr/bin/cc -D_FILE_OFFSET_BITS=64 -D_GNU_SOURCE -D_LARGEFILE_SOURCE -D_POSIX_C_SOURCE=200809L -I/home/byrn/HDF_Projects/hdf5/dev/src -I/home/byrn/HDF_Projects/hdf5/dev/src/H5FDsubfiling -I/home/byrn/HDF_Projects/hdf5/build/ci-StdShar-GNUC/src -I/home/byrn/HDF_Projects/hdf5/build/ci-StdShar-GNUC/_deps/hdf5_zlib-build -I/home/byrn/HDF_Projects/hdf5/build/ci-StdShar-GNUC/_deps/hdf5_zlib-src -I/home/byrn/HDF_Projects/hdf5/build/ci-StdShar-GNUC/_deps/szip-build -I/home/byrn/HDF_Projects/hdf5/build/ci-StdShar-GNUC/_deps/szip-src/include -I/home/byrn/HDF_Projects/hdf5/build/ci-StdShar-GNUC/_deps/szip-src -std=c99  -fstdarg-opt -fdiagnostics-urls=never -fno-diagnostics-color -fmessage-length=0 -O2 -g -DNDEBUG -std=gnu99 -fPIC -Wall -Wcast-qual -Wconversion -Wextra -Wfloat-equal -Wformat=2 -Winit-self -Winvalid-pch -Wmissing-include-dirs -Wshadow -Wundef -Wwrite-strings -pedantic -Wno-c++-compat -Wbad-function-cast -Wcast-align -Wformat -Wimplicit-function-declaration -Wint-to-pointer-cast -Wmissing-declarations -Wmissing-prototypes -Wnested-externs -Wold-style-definition -Wpacked -Wpointer-sign -Wpointer-to-int-cast -Wredundant-decls -Wstrict-prototypes -Wswitch -Wunused-but-set-variable -Wunused-variable -Wunused-function -Wunused-parameter -finline-functions -Wno-aggregate-return -Wno-inline -Wno-missing-format-attribute -Wno-missing-noreturn -Wno-overlength-strings -Wlarger-than=2560 -Wlogical-op -Wframe-larger-than=16384 -Wpacked-bitfield-compat -Wsync-nand -Wno-unsuffixed-float-constants -Wdouble-promotion -Wtrampolines -Wstack-usage=8192 -Wmaybe-uninitialized -Wno-jump-misses-init -Wstrict-overflow=2 -Wno-suggest-attribute=const -Wno-suggest-attribute=noreturn -Wno-suggest-attribute=pure -Wno-suggest-attribute=format -Wdate-time -Warray-bounds=2 -Wc99-c11-compat -Wincompatible-pointer-types -Wint-conversion -Wduplicated-cond -Whsa -Wnormalized -Wnull-dereference -Wunused-const-variable -Walloca -Walloc-zero -Wduplicated-branches -Wformat-overflow=2 -Wformat-truncation=1 -Wrestrict -Wattribute-alias -Wshift-overflow=2 -Wcast-function-type -Wcast-align=strict -Wno-suggest-attribute=cold -Wno-suggest-attribute=malloc -Wattribute-alias=2 -Wmissing-profile -Wc11-c2x-compat -MD -MT src/CMakeFiles/hdf5-static.dir/H5Onull.c.o -MF src/CMakeFiles/hdf5-static.dir/H5Onull.c.o.d -o src/CMakeFiles/hdf5-static.dir/H5Onull.c.o -c /home/byrn/HDF_Projects/hdf5/dev/src/H5Onull.c
[252/4114] /usr/bin/cc -D_FILE_OFFSET_BITS=64 -D_GNU_SOURCE -D_LARGEFILE_SOURCE -D_POSIX_C_SOURCE=200809L -I/home/byrn/HDF_Projects/hdf5/dev/src -I/home/byrn/HDF_Projects/hdf5/dev/src/H5FDsubfiling -I/home/byrn/HDF_Projects/hdf5/build/ci-StdShar-GNUC/src -I/home/byrn/HDF_Projects/hdf5/build/ci-StdShar-GNUC/_deps/hdf5_zlib-build -I/home/byrn/HDF_Projects/hdf5/build/ci-StdShar-GNUC/_deps/hdf5_zlib-src -I/home/byrn/HDF_Projects/hdf5/build/ci-StdShar-GNUC/_deps/szip-build -I/home/byrn/HDF_Projects/hdf5/build/ci-StdShar-GNUC/_deps/szip-src/include -I/home/byrn/HDF_Projects/hdf5/build/ci-StdShar-GNUC/_deps/szip-src -std=c99  -fstdarg-opt -fdiagnostics-urls=never -fno-diagnostics-color -fmessage-length=0 -O2 -g -DNDEBUG -std=gnu99 -fPIC -Wall -Wcast-qual -Wconversion -Wextra -Wfloat-equal -Wformat=2 -Winit-self -Winvalid-pch -Wmissing-include-dirs -Wshadow -Wundef -Wwrite-strings -pedantic -Wno-c++-compat -Wbad-function-cast -Wcast-align -Wformat -Wimplicit-function-declaration -Wint-to-pointer-cast -Wmissing-declarations -Wmissing-prototypes -Wnested-externs -Wold-style-definition -Wpacked -Wpointer-sign -Wpointer-to-int-cast -Wredundant-decls -Wstrict-prototypes -Wswitch -Wunused-but-set-variable -Wunused-variable -Wunused-function -Wunused-parameter -finline-functions -Wno-aggregate-return -Wno-inline -Wno-missing-format-attribute -Wno-missing-noreturn -Wno-overlength-strings -Wlarger-than=2560 -Wlogical-op -Wframe-larger-than=16384 -Wpacked-bitfield-compat -Wsync-nand -Wno-unsuffixed-float-constants -Wdouble-promotion -Wtrampolines -Wstack-usage=8192 -Wmaybe-uninitialized -Wno-jump-misses-init -Wstrict-overflow=2 -Wno-suggest-attribute=const -Wno-suggest-attribute=noreturn -Wno-suggest-attribute=pure -Wno-suggest-attribute=format -Wdate-time -Warray-bounds=2 -Wc99-c11-compat -Wincompatible-pointer-types -Wint-conversion -Wduplicated-cond -Whsa -Wnormalized -Wnull-dereference -Wunused-const-variable -Walloca -Walloc-zero -Wduplicated-branches -Wformat-overflow=2 -Wformat-truncation=1 -Wrestrict -Wattribute-alias -Wshift-overflow=2 -Wcast-function-type -Wcast-align=strict -Wno-suggest-attribute=cold -Wno-suggest-attribute=malloc -Wattribute-alias=2 -Wmissing-profile -Wc11-c2x-compat -MD -MT src/CMakeFiles/hdf5-static.dir/H5Orefcount.c.o -MF src/CMakeFiles/hdf5-static.dir/H5Orefcount.c.o.d -o src/CMakeFiles/hdf5-static.dir/H5Orefcount.c.o -c /home/byrn/HDF_Projects/hdf5/dev/src/H5Orefcount.c
[253/4114] /usr/bin/cc -D_FILE_OFFSET_BITS=64 -D_GNU_SOURCE -D_LARGEFILE_SOURCE -D_POSIX_C_SOURCE=200809L -I/home/byrn/HDF_Projects/hdf5/dev/src -I/home/byrn/HDF_Projects/hdf5/dev/src/H5FDsubfiling -I/home/byrn/HDF_Projects/hdf5/build/ci-StdShar-GNUC/src -I/home/byrn/HDF_Projects/hdf5/build/ci-StdShar-GNUC/_deps/hdf5_zlib-build -I/home/byrn/HDF_Projects/hdf5/build/ci-StdShar-GNUC/_deps/hdf5_zlib-src -I/home/byrn/HDF_Projects/hdf5/build/ci-StdShar-GNUC/_deps/szip-build -I/home/byrn/HDF_Projects/hdf5/build/ci-StdShar-GNUC/_deps/szip-src/include -I/home/byrn/HDF_Projects/hdf5/build/ci-StdShar-GNUC/_deps/szip-src -std=c99  -fstdarg-opt -fdiagnostics-urls=never -fno-diagnostics-color -fmessage-length=0 -O2 -g -DNDEBUG -std=gnu99 -fPIC -Wall -Wcast-qual -Wconversion -Wextra -Wfloat-equal -Wformat=2 -Winit-self -Winvalid-pch -Wmissing-include-dirs -Wshadow -Wundef -Wwrite-strings -pedantic -Wno-c++-compat -Wbad-function-cast -Wcast-align -Wformat -Wimplicit-function-declaration -Wint-to-pointer-cast -Wmissing-declarations -Wmissing-prototypes -Wnested-externs -Wold-style-definition -Wpacked -Wpointer-sign -Wpointer-to-int-cast -Wredundant-decls -Wstrict-prototypes -Wswitch -Wunused-but-set-variable -Wunused-variable -Wunused-function -Wunused-parameter -finline-functions -Wno-aggregate-return -Wno-inline -Wno-missing-format-attribute -Wno-missing-noreturn -Wno-overlength-strings -Wlarger-than=2560 -Wlogical-op -Wframe-larger-than=16384 -Wpacked-bitfield-compat -Wsync-nand -Wno-unsuffixed-float-constants -Wdouble-promotion -Wtrampolines -Wstack-usage=8192 -Wmaybe-uninitialized -Wno-jump-misses-init -Wstrict-overflow=2 -Wno-suggest-attribute=const -Wno-suggest-attribute=noreturn -Wno-suggest-attribute=pure -Wno-suggest-attribute=format -Wdate-time -Warray-bounds=2 -Wc99-c11-compat -Wincompatible-pointer-types -Wint-conversion -Wduplicated-cond -Whsa -Wnormalized -Wnull-dereference -Wunused-const-variable -Walloca -Walloc-zero -Wduplicated-branches -Wformat-overflow=2 -Wformat-truncation=1 -Wrestrict -Wattribute-alias -Wshift-overflow=2 -Wcast-function-type -Wcast-align=strict -Wno-suggest-attribute=cold -Wno-suggest-attribute=malloc -Wattribute-alias=2 -Wmissing-profile -Wc11-c2x-compat -MD -MT src/CMakeFiles/hdf5-static.dir/H5Odtype.c.o -MF src/CMakeFiles/hdf5-static.dir/H5Odtype.c.o.d -o src/CMakeFiles/hdf5-static.dir/H5Odtype.c.o -c /home/byrn/HDF_Projects/hdf5/dev/src/H5Odtype.c
[254/4114] /usr/bin/cc -D_FILE_OFFSET_BITS=64 -D_GNU_SOURCE -D_LARGEFILE_SOURCE -D_POSIX_C_SOURCE=200809L -I/home/byrn/HDF_Projects/hdf5/dev/src -I/home/byrn/HDF_Projects/hdf5/dev/src/H5FDsubfiling -I/home/byrn/HDF_Projects/hdf5/build/ci-StdShar-GNUC/src -I/home/byrn/HDF_Projects/hdf5/build/ci-StdShar-GNUC/_deps/hdf5_zlib-build -I/home/byrn/HDF_Projects/hdf5/build/ci-StdShar-GNUC/_deps/hdf5_zlib-src -I/home/byrn/HDF_Projects/hdf5/build/ci-StdShar-GNUC/_deps/szip-build -I/home/byrn/HDF_Projects/hdf5/build/ci-StdShar-GNUC/_deps/szip-src/include -I/home/byrn/HDF_Projects/hdf5/build/ci-StdShar-GNUC/_deps/szip-src -std=c99  -fstdarg-opt -fdiagnostics-urls=never -fno-diagnostics-color -fmessage-length=0 -O2 -g -DNDEBUG -std=gnu99 -fPIC -Wall -Wcast-qual -Wconversion -Wextra -Wfloat-equal -Wformat=2 -Winit-self -Winvalid-pch -Wmissing-include-dirs -Wshadow -Wundef -Wwrite-strings -pedantic -Wno-c++-compat -Wbad-function-cast -Wcast-align -Wformat -Wimplicit-function-declaration -Wint-to-pointer-cast -Wmissing-declarations -Wmissing-prototypes -Wnested-externs -Wold-style-definition -Wpacked -Wpointer-sign -Wpointer-to-int-cast -Wredundant-decls -Wstrict-prototypes -Wswitch -Wunused-but-set-variable -Wunused-variable -Wunused-function -Wunused-parameter -finline-functions -Wno-aggregate-return -Wno-inline -Wno-missing-format-attribute -Wno-missing-noreturn -Wno-overlength-strings -Wlarger-than=2560 -Wlogical-op -Wframe-larger-than=16384 -Wpacked-bitfield-compat -Wsync-nand -Wno-unsuffixed-float-constants -Wdouble-promotion -Wtrampolines -Wstack-usage=8192 -Wmaybe-uninitialized -Wno-jump-misses-init -Wstrict-overflow=2 -Wno-suggest-attribute=const -Wno-suggest-attribute=noreturn -Wno-suggest-attribute=pure -Wno-suggest-attribute=format -Wdate-time -Warray-bounds=2 -Wc99-c11-compat -Wincompatible-pointer-types -Wint-conversion -Wduplicated-cond -Whsa -Wnormalized -Wnull-dereference -Wunused-const-variable -Walloca -Walloc-zero -Wduplicated-branches -Wformat-overflow=2 -Wformat-truncation=1 -Wrestrict -Wattribute-alias -Wshift-overflow=2 -Wcast-function-type -Wcast-align=strict -Wno-suggest-attribute=cold -Wno-suggest-attribute=malloc -Wattribute-alias=2 -Wmissing-profile -Wc11-c2x-compat -MD -MT src/CMakeFiles/hdf5-static.dir/H5Olayout.c.o -MF src/CMakeFiles/hdf5-static.dir/H5Olayout.c.o.d -o src/CMakeFiles/hdf5-static.dir/H5Olayout.c.o -c /home/byrn/HDF_Projects/hdf5/dev/src/H5Olayout.c
[255/4114] /usr/bin/cc -D_FILE_OFFSET_BITS=64 -D_GNU_SOURCE -D_LARGEFILE_SOURCE -D_POSIX_C_SOURCE=200809L -I/home/byrn/HDF_Projects/hdf5/dev/src -I/home/byrn/HDF_Projects/hdf5/dev/src/H5FDsubfiling -I/home/byrn/HDF_Projects/hdf5/build/ci-StdShar-GNUC/src -I/home/byrn/HDF_Projects/hdf5/build/ci-StdShar-GNUC/_deps/hdf5_zlib-build -I/home/byrn/HDF_Projects/hdf5/build/ci-StdShar-GNUC/_deps/hdf5_zlib-src -I/home/byrn/HDF_Projects/hdf5/build/ci-StdShar-GNUC/_deps/szip-build -I/home/byrn/HDF_Projects/hdf5/build/ci-StdShar-GNUC/_deps/szip-src/include -I/home/byrn/HDF_Projects/hdf5/build/ci-StdShar-GNUC/_deps/szip-src -std=c99  -fstdarg-opt -fdiagnostics-urls=never -fno-diagnostics-color -fmessage-length=0 -O2 -g -DNDEBUG -std=gnu99 -fPIC -Wall -Wcast-qual -Wconversion -Wextra -Wfloat-equal -Wformat=2 -Winit-self -Winvalid-pch -Wmissing-include-dirs -Wshadow -Wundef -Wwrite-strings -pedantic -Wno-c++-compat -Wbad-function-cast -Wcast-align -Wformat -Wimplicit-function-declaration -Wint-to-pointer-cast -Wmissing-declarations -Wmissing-prototypes -Wnested-externs -Wold-style-definition -Wpacked -Wpointer-sign -Wpointer-to-int-cast -Wredundant-decls -Wstrict-prototypes -Wswitch -Wunused-but-set-variable -Wunused-variable -Wunused-function -Wunused-parameter -finline-functions -Wno-aggregate-return -Wno-inline -Wno-missing-format-attribute -Wno-missing-noreturn -Wno-overlength-strings -Wlarger-than=2560 -Wlogical-op -Wframe-larger-than=16384 -Wpacked-bitfield-compat -Wsync-nand -Wno-unsuffixed-float-constants -Wdouble-promotion -Wtrampolines -Wstack-usage=8192 -Wmaybe-uninitialized -Wno-jump-misses-init -Wstrict-overflow=2 -Wno-suggest-attribute=const -Wno-suggest-attribute=noreturn -Wno-suggest-attribute=pure -Wno-suggest-attribute=format -Wdate-time -Warray-bounds=2 -Wc99-c11-compat -Wincompatible-pointer-types -Wint-conversion -Wduplicated-cond -Whsa -Wnormalized -Wnull-dereference -Wunused-const-variable -Walloca -Walloc-zero -Wduplicated-branches -Wformat-overflow=2 -Wformat-truncation=1 -Wrestrict -Wattribute-alias -Wshift-overflow=2 -Wcast-function-type -Wcast-align=strict -Wno-suggest-attribute=cold -Wno-suggest-attribute=malloc -Wattribute-alias=2 -Wmissing-profile -Wc11-c2x-compat -MD -MT src/CMakeFiles/hdf5-static.dir/H5Oshmesg.c.o -MF src/CMakeFiles/hdf5-static.dir/H5Oshmesg.c.o.d -o src/CMakeFiles/hdf5-static.dir/H5Oshmesg.c.o -c /home/byrn/HDF_Projects/hdf5/dev/src/H5Oshmesg.c
[256/4114] /usr/bin/cc -D_FILE_OFFSET_BITS=64 -D_GNU_SOURCE -D_LARGEFILE_SOURCE -D_POSIX_C_SOURCE=200809L -I/home/byrn/HDF_Projects/hdf5/dev/src -I/home/byrn/HDF_Projects/hdf5/dev/src/H5FDsubfiling -I/home/byrn/HDF_Projects/hdf5/build/ci-StdShar-GNUC/src -I/home/byrn/HDF_Projects/hdf5/build/ci-StdShar-GNUC/_deps/hdf5_zlib-build -I/home/byrn/HDF_Projects/hdf5/build/ci-StdShar-GNUC/_deps/hdf5_zlib-src -I/home/byrn/HDF_Projects/hdf5/build/ci-StdShar-GNUC/_deps/szip-build -I/home/byrn/HDF_Projects/hdf5/build/ci-StdShar-GNUC/_deps/szip-src/include -I/home/byrn/HDF_Projects/hdf5/build/ci-StdShar-GNUC/_deps/szip-src -std=c99  -fstdarg-opt -fdiagnostics-urls=never -fno-diagnostics-color -fmessage-length=0 -O2 -g -DNDEBUG -std=gnu99 -fPIC -Wall -Wcast-qual -Wconversion -Wextra -Wfloat-equal -Wformat=2 -Winit-self -Winvalid-pch -Wmissing-include-dirs -Wshadow -Wundef -Wwrite-strings -pedantic -Wno-c++-compat -Wbad-function-cast -Wcast-align -Wformat -Wimplicit-function-declaration -Wint-to-pointer-cast -Wmissing-declarations -Wmissing-prototypes -Wnested-externs -Wold-style-definition -Wpacked -Wpointer-sign -Wpointer-to-int-cast -Wredundant-decls -Wstrict-prototypes -Wswitch -Wunused-but-set-variable -Wunused-variable -Wunused-function -Wunused-parameter -finline-functions -Wno-aggregate-return -Wno-inline -Wno-missing-format-attribute -Wno-missing-noreturn -Wno-overlength-strings -Wlarger-than=2560 -Wlogical-op -Wframe-larger-than=16384 -Wpacked-bitfield-compat -Wsync-nand -Wno-unsuffixed-float-constants -Wdouble-promotion -Wtrampolines -Wstack-usage=8192 -Wmaybe-uninitialized -Wno-jump-misses-init -Wstrict-overflow=2 -Wno-suggest-attribute=const -Wno-suggest-attribute=noreturn -Wno-suggest-attribute=pure -Wno-suggest-attribute=format -Wdate-time -Warray-bounds=2 -Wc99-c11-compat -Wincompatible-pointer-types -Wint-conversion -Wduplicated-cond -Whsa -Wnormalized -Wnull-dereference -Wunused-const-variable -Walloca -Walloc-zero -Wduplicated-branches -Wformat-overflow=2 -Wformat-truncation=1 -Wrestrict -Wattribute-alias -Wshift-overflow=2 -Wcast-function-type -Wcast-align=strict -Wno-suggest-attribute=cold -Wno-suggest-attribute=malloc -Wattribute-alias=2 -Wmissing-profile -Wc11-c2x-compat -MD -MT src/CMakeFiles/hdf5-static.dir/H5Omessage.c.o -MF src/CMakeFiles/hdf5-static.dir/H5Omessage.c.o.d -o src/CMakeFiles/hdf5-static.dir/H5Omessage.c.o -c /home/byrn/HDF_Projects/hdf5/dev/src/H5Omessage.c
[257/4114] /usr/bin/cc -D_FILE_OFFSET_BITS=64 -D_GNU_SOURCE -D_LARGEFILE_SOURCE -D_POSIX_C_SOURCE=200809L -I/home/byrn/HDF_Projects/hdf5/dev/src -I/home/byrn/HDF_Projects/hdf5/dev/src/H5FDsubfiling -I/home/byrn/HDF_Projects/hdf5/build/ci-StdShar-GNUC/src -I/home/byrn/HDF_Projects/hdf5/build/ci-StdShar-GNUC/_deps/hdf5_zlib-build -I/home/byrn/HDF_Projects/hdf5/build/ci-StdShar-GNUC/_deps/hdf5_zlib-src -I/home/byrn/HDF_Projects/hdf5/build/ci-StdShar-GNUC/_deps/szip-build -I/home/byrn/HDF_Projects/hdf5/build/ci-StdShar-GNUC/_deps/szip-src/include -I/home/byrn/HDF_Projects/hdf5/build/ci-StdShar-GNUC/_deps/szip-src -std=c99  -fstdarg-opt -fdiagnostics-urls=never -fno-diagnostics-color -fmessage-length=0 -O2 -g -DNDEBUG -std=gnu99 -fPIC -Wall -Wcast-qual -Wconversion -Wextra -Wfloat-equal -Wformat=2 -Winit-self -Winvalid-pch -Wmissing-include-dirs -Wshadow -Wundef -Wwrite-strings -pedantic -Wno-c++-compat -Wbad-function-cast -Wcast-align -Wformat -Wimplicit-function-declaration -Wint-to-pointer-cast -Wmissing-declarations -Wmissing-prototypes -Wnested-externs -Wold-style-definition -Wpacked -Wpointer-sign -Wpointer-to-int-cast -Wredundant-decls -Wstrict-prototypes -Wswitch -Wunused-but-set-variable -Wunused-variable -Wunused-function -Wunused-parameter -finline-functions -Wno-aggregate-return -Wno-inline -Wno-missing-format-attribute -Wno-missing-noreturn -Wno-overlength-strings -Wlarger-than=2560 -Wlogical-op -Wframe-larger-than=16384 -Wpacked-bitfield-compat -Wsync-nand -Wno-unsuffixed-float-constants -Wdouble-promotion -Wtrampolines -Wstack-usage=8192 -Wmaybe-uninitialized -Wno-jump-misses-init -Wstrict-overflow=2 -Wno-suggest-attribute=const -Wno-suggest-attribute=noreturn -Wno-suggest-attribute=pure -Wno-suggest-attribute=format -Wdate-time -Warray-bounds=2 -Wc99-c11-compat -Wincompatible-pointer-types -Wint-conversion -Wduplicated-cond -Whsa -Wnormalized -Wnull-dereference -Wunused-const-variable -Walloca -Walloc-zero -Wduplicated-branches -Wformat-overflow=2 -Wformat-truncation=1 -Wrestrict -Wattribute-alias -Wshift-overflow=2 -Wcast-function-type -Wcast-align=strict -Wno-suggest-attribute=cold -Wno-suggest-attribute=malloc -Wattribute-alias=2 -Wmissing-profile -Wc11-c2x-compat -MD -MT src/CMakeFiles/hdf5-static.dir/H5Opline.c.o -MF src/CMakeFiles/hdf5-static.dir/H5Opline.c.o.d -o src/CMakeFiles/hdf5-static.dir/H5Opline.c.o -c /home/byrn/HDF_Projects/hdf5/dev/src/H5Opline.c
[258/4114] /usr/bin/cc -D_FILE_OFFSET_BITS=64 -D_GNU_SOURCE -D_LARGEFILE_SOURCE -D_POSIX_C_SOURCE=200809L -I/home/byrn/HDF_Projects/hdf5/dev/src -I/home/byrn/HDF_Projects/hdf5/dev/src/H5FDsubfiling -I/home/byrn/HDF_Projects/hdf5/build/ci-StdShar-GNUC/src -I/home/byrn/HDF_Projects/hdf5/build/ci-StdShar-GNUC/_deps/hdf5_zlib-build -I/home/byrn/HDF_Projects/hdf5/build/ci-StdShar-GNUC/_deps/hdf5_zlib-src -I/home/byrn/HDF_Projects/hdf5/build/ci-StdShar-GNUC/_deps/szip-build -I/home/byrn/HDF_Projects/hdf5/build/ci-StdShar-GNUC/_deps/szip-src/include -I/home/byrn/HDF_Projects/hdf5/build/ci-StdShar-GNUC/_deps/szip-src -std=c99  -fstdarg-opt -fdiagnostics-urls=never -fno-diagnostics-color -fmessage-length=0 -O2 -g -DNDEBUG -std=gnu99 -fPIC -Wall -Wcast-qual -Wconversion -Wextra -Wfloat-equal -Wformat=2 -Winit-self -Winvalid-pch -Wmissing-include-dirs -Wshadow -Wundef -Wwrite-strings -pedantic -Wno-c++-compat -Wbad-function-cast -Wcast-align -Wformat -Wimplicit-function-declaration -Wint-to-pointer-cast -Wmissing-declarations -Wmissing-prototypes -Wnested-externs -Wold-style-definition -Wpacked -Wpointer-sign -Wpointer-to-int-cast -Wredundant-decls -Wstrict-prototypes -Wswitch -Wunused-but-set-variable -Wunused-variable -Wunused-function -Wunused-parameter -finline-functions -Wno-aggregate-return -Wno-inline -Wno-missing-format-attribute -Wno-missing-noreturn -Wno-overlength-strings -Wlarger-than=2560 -Wlogical-op -Wframe-larger-than=16384 -Wpacked-bitfield-compat -Wsync-nand -Wno-unsuffixed-float-constants -Wdouble-promotion -Wtrampolines -Wstack-usage=8192 -Wmaybe-uninitialized -Wno-jump-misses-init -Wstrict-overflow=2 -Wno-suggest-attribute=const -Wno-suggest-attribute=noreturn -Wno-suggest-attribute=pure -Wno-suggest-attribute=format -Wdate-time -Warray-bounds=2 -Wc99-c11-compat -Wincompatible-pointer-types -Wint-conversion -Wduplicated-cond -Whsa -Wnormalized -Wnull-dereference -Wunused-const-variable -Walloca -Walloc-zero -Wduplicated-branches -Wformat-overflow=2 -Wformat-truncation=1 -Wrestrict -Wattribute-alias -Wshift-overflow=2 -Wcast-function-type -Wcast-align=strict -Wno-suggest-attribute=cold -Wno-suggest-attribute=malloc -Wattribute-alias=2 -Wmissing-profile -Wc11-c2x-compat -MD -MT src/CMakeFiles/hdf5-static.dir/H5Ostab.c.o -MF src/CMakeFiles/hdf5-static.dir/H5Ostab.c.o.d -o src/CMakeFiles/hdf5-static.dir/H5Ostab.c.o -c /home/byrn/HDF_Projects/hdf5/dev/src/H5Ostab.c
[259/4114] /usr/bin/cc -D_FILE_OFFSET_BITS=64 -D_GNU_SOURCE -D_LARGEFILE_SOURCE -D_POSIX_C_SOURCE=200809L -I/home/byrn/HDF_Projects/hdf5/dev/src -I/home/byrn/HDF_Projects/hdf5/dev/src/H5FDsubfiling -I/home/byrn/HDF_Projects/hdf5/build/ci-StdShar-GNUC/src -I/home/byrn/HDF_Projects/hdf5/build/ci-StdShar-GNUC/_deps/hdf5_zlib-build -I/home/byrn/HDF_Projects/hdf5/build/ci-StdShar-GNUC/_deps/hdf5_zlib-src -I/home/byrn/HDF_Projects/hdf5/build/ci-StdShar-GNUC/_deps/szip-build -I/home/byrn/HDF_Projects/hdf5/build/ci-StdShar-GNUC/_deps/szip-src/include -I/home/byrn/HDF_Projects/hdf5/build/ci-StdShar-GNUC/_deps/szip-src -std=c99  -fstdarg-opt -fdiagnostics-urls=never -fno-diagnostics-color -fmessage-length=0 -O2 -g -DNDEBUG -std=gnu99 -fPIC -Wall -Wcast-qual -Wconversion -Wextra -Wfloat-equal -Wformat=2 -Winit-self -Winvalid-pch -Wmissing-include-dirs -Wshadow -Wundef -Wwrite-strings -pedantic -Wno-c++-compat -Wbad-function-cast -Wcast-align -Wformat -Wimplicit-function-declaration -Wint-to-pointer-cast -Wmissing-declarations -Wmissing-prototypes -Wnested-externs -Wold-style-definition -Wpacked -Wpointer-sign -Wpointer-to-int-cast -Wredundant-decls -Wstrict-prototypes -Wswitch -Wunused-but-set-variable -Wunused-variable -Wunused-function -Wunused-parameter -finline-functions -Wno-aggregate-return -Wno-inline -Wno-missing-format-attribute -Wno-missing-noreturn -Wno-overlength-strings -Wlarger-than=2560 -Wlogical-op -Wframe-larger-than=16384 -Wpacked-bitfield-compat -Wsync-nand -Wno-unsuffixed-float-constants -Wdouble-promotion -Wtrampolines -Wstack-usage=8192 -Wmaybe-uninitialized -Wno-jump-misses-init -Wstrict-overflow=2 -Wno-suggest-attribute=const -Wno-suggest-attribute=noreturn -Wno-suggest-attribute=pure -Wno-suggest-attribute=format -Wdate-time -Warray-bounds=2 -Wc99-c11-compat -Wincompatible-pointer-types -Wint-conversion -Wduplicated-cond -Whsa -Wnormalized -Wnull-dereference -Wunused-const-variable -Walloca -Walloc-zero -Wduplicated-branches -Wformat-overflow=2 -Wformat-truncation=1 -Wrestrict -Wattribute-alias -Wshift-overflow=2 -Wcast-function-type -Wcast-align=strict -Wno-suggest-attribute=cold -Wno-suggest-attribute=malloc -Wattribute-alias=2 -Wmissing-profile -Wc11-c2x-compat -MD -MT src/CMakeFiles/hdf5-static.dir/H5Oint.c.o -MF src/CMakeFiles/hdf5-static.dir/H5Oint.c.o.d -o src/CMakeFiles/hdf5-static.dir/H5Oint.c.o -c /home/byrn/HDF_Projects/hdf5/dev/src/H5Oint.c
[260/4114] /usr/bin/cc -D_FILE_OFFSET_BITS=64 -D_GNU_SOURCE -D_LARGEFILE_SOURCE -D_POSIX_C_SOURCE=200809L -I/home/byrn/HDF_Projects/hdf5/dev/src -I/home/byrn/HDF_Projects/hdf5/dev/src/H5FDsubfiling -I/home/byrn/HDF_Projects/hdf5/build/ci-StdShar-GNUC/src -I/home/byrn/HDF_Projects/hdf5/build/ci-StdShar-GNUC/_deps/hdf5_zlib-build -I/home/byrn/HDF_Projects/hdf5/build/ci-StdShar-GNUC/_deps/hdf5_zlib-src -I/home/byrn/HDF_Projects/hdf5/build/ci-StdShar-GNUC/_deps/szip-build -I/home/byrn/HDF_Projects/hdf5/build/ci-StdShar-GNUC/_deps/szip-src/include -I/home/byrn/HDF_Projects/hdf5/build/ci-StdShar-GNUC/_deps/szip-src -std=c99  -fstdarg-opt -fdiagnostics-urls=never -fno-diagnostics-color -fmessage-length=0 -O2 -g -DNDEBUG -std=gnu99 -fPIC -Wall -Wcast-qual -Wconversion -Wextra -Wfloat-equal -Wformat=2 -Winit-self -Winvalid-pch -Wmissing-include-dirs -Wshadow -Wundef -Wwrite-strings -pedantic -Wno-c++-compat -Wbad-function-cast -Wcast-align -Wformat -Wimplicit-function-declaration -Wint-to-pointer-cast -Wmissing-declarations -Wmissing-prototypes -Wnested-externs -Wold-style-definition -Wpacked -Wpointer-sign -Wpointer-to-int-cast -Wredundant-decls -Wstrict-prototypes -Wswitch -Wunused-but-set-variable -Wunused-variable -Wunused-function -Wunused-parameter -finline-functions -Wno-aggregate-return -Wno-inline -Wno-missing-format-attribute -Wno-missing-noreturn -Wno-overlength-strings -Wlarger-than=2560 -Wlogical-op -Wframe-larger-than=16384 -Wpacked-bitfield-compat -Wsync-nand -Wno-unsuffixed-float-constants -Wdouble-promotion -Wtrampolines -Wstack-usage=8192 -Wmaybe-uninitialized -Wno-jump-misses-init -Wstrict-overflow=2 -Wno-suggest-attribute=const -Wno-suggest-attribute=noreturn -Wno-suggest-attribute=pure -Wno-suggest-attribute=format -Wdate-time -Warray-bounds=2 -Wc99-c11-compat -Wincompatible-pointer-types -Wint-conversion -Wduplicated-cond -Whsa -Wnormalized -Wnull-dereference -Wunused-const-variable -Walloca -Walloc-zero -Wduplicated-branches -Wformat-overflow=2 -Wformat-truncation=1 -Wrestrict -Wattribute-alias -Wshift-overflow=2 -Wcast-function-type -Wcast-align=strict -Wno-suggest-attribute=cold -Wno-suggest-attribute=malloc -Wattribute-alias=2 -Wmissing-profile -Wc11-c2x-compat -MD -MT src/CMakeFiles/hdf5-static.dir/H5Osdspace.c.o -MF src/CMakeFiles/hdf5-static.dir/H5Osdspace.c.o.d -o src/CMakeFiles/hdf5-static.dir/H5Osdspace.c.o -c /home/byrn/HDF_Projects/hdf5/dev/src/H5Osdspace.c
[261/4114] /usr/bin/cc -D_FILE_OFFSET_BITS=64 -D_GNU_SOURCE -D_LARGEFILE_SOURCE -D_POSIX_C_SOURCE=200809L -I/home/byrn/HDF_Projects/hdf5/dev/src -I/home/byrn/HDF_Projects/hdf5/dev/src/H5FDsubfiling -I/home/byrn/HDF_Projects/hdf5/build/ci-StdShar-GNUC/src -I/home/byrn/HDF_Projects/hdf5/build/ci-StdShar-GNUC/_deps/hdf5_zlib-build -I/home/byrn/HDF_Projects/hdf5/build/ci-StdShar-GNUC/_deps/hdf5_zlib-src -I/home/byrn/HDF_Projects/hdf5/build/ci-StdShar-GNUC/_deps/szip-build -I/home/byrn/HDF_Projects/hdf5/build/ci-StdShar-GNUC/_deps/szip-src/include -I/home/byrn/HDF_Projects/hdf5/build/ci-StdShar-GNUC/_deps/szip-src -std=c99  -fstdarg-opt -fdiagnostics-urls=never -fno-diagnostics-color -fmessage-length=0 -O2 -g -DNDEBUG -std=gnu99 -fPIC -Wall -Wcast-qual -Wconversion -Wextra -Wfloat-equal -Wformat=2 -Winit-self -Winvalid-pch -Wmissing-include-dirs -Wshadow -Wundef -Wwrite-strings -pedantic -Wno-c++-compat -Wbad-function-cast -Wcast-align -Wformat -Wimplicit-function-declaration -Wint-to-pointer-cast -Wmissing-declarations -Wmissing-prototypes -Wnested-externs -Wold-style-definition -Wpacked -Wpointer-sign -Wpointer-to-int-cast -Wredundant-decls -Wstrict-prototypes -Wswitch -Wunused-but-set-variable -Wunused-variable -Wunused-function -Wunused-parameter -finline-functions -Wno-aggregate-return -Wno-inline -Wno-missing-format-attribute -Wno-missing-noreturn -Wno-overlength-strings -Wlarger-than=2560 -Wlogical-op -Wframe-larger-than=16384 -Wpacked-bitfield-compat -Wsync-nand -Wno-unsuffixed-float-constants -Wdouble-promotion -Wtrampolines -Wstack-usage=8192 -Wmaybe-uninitialized -Wno-jump-misses-init -Wstrict-overflow=2 -Wno-suggest-attribute=const -Wno-suggest-attribute=noreturn -Wno-suggest-attribute=pure -Wno-suggest-attribute=format -Wdate-time -Warray-bounds=2 -Wc99-c11-compat -Wincompatible-pointer-types -Wint-conversion -Wduplicated-cond -Whsa -Wnormalized -Wnull-dereference -Wunused-const-variable -Walloca -Walloc-zero -Wduplicated-branches -Wformat-overflow=2 -Wformat-truncation=1 -Wrestrict -Wattribute-alias -Wshift-overflow=2 -Wcast-function-type -Wcast-align=strict -Wno-suggest-attribute=cold -Wno-suggest-attribute=malloc -Wattribute-alias=2 -Wmissing-profile -Wc11-c2x-compat -MD -MT src/CMakeFiles/hdf5-static.dir/H5Oshared.c.o -MF src/CMakeFiles/hdf5-static.dir/H5Oshared.c.o.d -o src/CMakeFiles/hdf5-static.dir/H5Oshared.c.o -c /home/byrn/HDF_Projects/hdf5/dev/src/H5Oshared.c
[262/4114] /usr/bin/cc -D_FILE_OFFSET_BITS=64 -D_GNU_SOURCE -D_LARGEFILE_SOURCE -D_POSIX_C_SOURCE=200809L -I/home/byrn/HDF_Projects/hdf5/dev/src -I/home/byrn/HDF_Projects/hdf5/dev/src/H5FDsubfiling -I/home/byrn/HDF_Projects/hdf5/build/ci-StdShar-GNUC/src -I/home/byrn/HDF_Projects/hdf5/build/ci-StdShar-GNUC/_deps/hdf5_zlib-build -I/home/byrn/HDF_Projects/hdf5/build/ci-StdShar-GNUC/_deps/hdf5_zlib-src -I/home/byrn/HDF_Projects/hdf5/build/ci-StdShar-GNUC/_deps/szip-build -I/home/byrn/HDF_Projects/hdf5/build/ci-StdShar-GNUC/_deps/szip-src/include -I/home/byrn/HDF_Projects/hdf5/build/ci-StdShar-GNUC/_deps/szip-src -std=c99  -fstdarg-opt -fdiagnostics-urls=never -fno-diagnostics-color -fmessage-length=0 -O2 -g -DNDEBUG -std=gnu99 -fPIC -Wall -Wcast-qual -Wconversion -Wextra -Wfloat-equal -Wformat=2 -Winit-self -Winvalid-pch -Wmissing-include-dirs -Wshadow -Wundef -Wwrite-strings -pedantic -Wno-c++-compat -Wbad-function-cast -Wcast-align -Wformat -Wimplicit-function-declaration -Wint-to-pointer-cast -Wmissing-declarations -Wmissing-prototypes -Wnested-externs -Wold-style-definition -Wpacked -Wpointer-sign -Wpointer-to-int-cast -Wredundant-decls -Wstrict-prototypes -Wswitch -Wunused-but-set-variable -Wunused-variable -Wunused-function -Wunused-parameter -finline-functions -Wno-aggregate-return -Wno-inline -Wno-missing-format-attribute -Wno-missing-noreturn -Wno-overlength-strings -Wlarger-than=2560 -Wlogical-op -Wframe-larger-than=16384 -Wpacked-bitfield-compat -Wsync-nand -Wno-unsuffixed-float-constants -Wdouble-promotion -Wtrampolines -Wstack-usage=8192 -Wmaybe-uninitialized -Wno-jump-misses-init -Wstrict-overflow=2 -Wno-suggest-attribute=const -Wno-suggest-attribute=noreturn -Wno-suggest-attribute=pure -Wno-suggest-attribute=format -Wdate-time -Warray-bounds=2 -Wc99-c11-compat -Wincompatible-pointer-types -Wint-conversion -Wduplicated-cond -Whsa -Wnormalized -Wnull-dereference -Wunused-const-variable -Walloca -Walloc-zero -Wduplicated-branches -Wformat-overflow=2 -Wformat-truncation=1 -Wrestrict -Wattribute-alias -Wshift-overflow=2 -Wcast-function-type -Wcast-align=strict -Wno-suggest-attribute=cold -Wno-suggest-attribute=malloc -Wattribute-alias=2 -Wmissing-profile -Wc11-c2x-compat -MD -MT src/CMakeFiles/hdf5-static.dir/H5Ounknown.c.o -MF src/CMakeFiles/hdf5-static.dir/H5Ounknown.c.o.d -o src/CMakeFiles/hdf5-static.dir/H5Ounknown.c.o -c /home/byrn/HDF_Projects/hdf5/dev/src/H5Ounknown.c
[263/4114] /usr/bin/cc -D_FILE_OFFSET_BITS=64 -D_GNU_SOURCE -D_LARGEFILE_SOURCE -D_POSIX_C_SOURCE=200809L -I/home/byrn/HDF_Projects/hdf5/dev/src -I/home/byrn/HDF_Projects/hdf5/dev/src/H5FDsubfiling -I/home/byrn/HDF_Projects/hdf5/build/ci-StdShar-GNUC/src -I/home/byrn/HDF_Projects/hdf5/build/ci-StdShar-GNUC/_deps/hdf5_zlib-build -I/home/byrn/HDF_Projects/hdf5/build/ci-StdShar-GNUC/_deps/hdf5_zlib-src -I/home/byrn/HDF_Projects/hdf5/build/ci-StdShar-GNUC/_deps/szip-build -I/home/byrn/HDF_Projects/hdf5/build/ci-StdShar-GNUC/_deps/szip-src/include -I/home/byrn/HDF_Projects/hdf5/build/ci-StdShar-GNUC/_deps/szip-src -std=c99  -fstdarg-opt -fdiagnostics-urls=never -fno-diagnostics-color -fmessage-length=0 -O2 -g -DNDEBUG -std=gnu99 -fPIC -Wall -Wcast-qual -Wconversion -Wextra -Wfloat-equal -Wformat=2 -Winit-self -Winvalid-pch -Wmissing-include-dirs -Wshadow -Wundef -Wwrite-strings -pedantic -Wno-c++-compat -Wbad-function-cast -Wcast-align -Wformat -Wimplicit-function-declaration -Wint-to-pointer-cast -Wmissing-declarations -Wmissing-prototypes -Wnested-externs -Wold-style-definition -Wpacked -Wpointer-sign -Wpointer-to-int-cast -Wredundant-decls -Wstrict-prototypes -Wswitch -Wunused-but-set-variable -Wunused-variable -Wunused-function -Wunused-parameter -finline-functions -Wno-aggregate-return -Wno-inline -Wno-missing-format-attribute -Wno-missing-noreturn -Wno-overlength-strings -Wlarger-than=2560 -Wlogical-op -Wframe-larger-than=16384 -Wpacked-bitfield-compat -Wsync-nand -Wno-unsuffixed-float-constants -Wdouble-promotion -Wtrampolines -Wstack-usage=8192 -Wmaybe-uninitialized -Wno-jump-misses-init -Wstrict-overflow=2 -Wno-suggest-attribute=const -Wno-suggest-attribute=noreturn -Wno-suggest-attribute=pure -Wno-suggest-attribute=format -Wdate-time -Warray-bounds=2 -Wc99-c11-compat -Wincompatible-pointer-types -Wint-conversion -Wduplicated-cond -Whsa -Wnormalized -Wnull-dereference -Wunused-const-variable -Walloca -Walloc-zero -Wduplicated-branches -Wformat-overflow=2 -Wformat-truncation=1 -Wrestrict -Wattribute-alias -Wshift-overflow=2 -Wcast-function-type -Wcast-align=strict -Wno-suggest-attribute=cold -Wno-suggest-attribute=malloc -Wattribute-alias=2 -Wmissing-profile -Wc11-c2x-compat -MD -MT src/CMakeFiles/hdf5-static.dir/H5Pacpl.c.o -MF src/CMakeFiles/hdf5-static.dir/H5Pacpl.c.o.d -o src/CMakeFiles/hdf5-static.dir/H5Pacpl.c.o -c /home/byrn/HDF_Projects/hdf5/dev/src/H5Pacpl.c
[264/4114] /usr/bin/cc -D_FILE_OFFSET_BITS=64 -D_GNU_SOURCE -D_LARGEFILE_SOURCE -D_POSIX_C_SOURCE=200809L -I/home/byrn/HDF_Projects/hdf5/dev/src -I/home/byrn/HDF_Projects/hdf5/dev/src/H5FDsubfiling -I/home/byrn/HDF_Projects/hdf5/build/ci-StdShar-GNUC/src -I/home/byrn/HDF_Projects/hdf5/build/ci-StdShar-GNUC/_deps/hdf5_zlib-build -I/home/byrn/HDF_Projects/hdf5/build/ci-StdShar-GNUC/_deps/hdf5_zlib-src -I/home/byrn/HDF_Projects/hdf5/build/ci-StdShar-GNUC/_deps/szip-build -I/home/byrn/HDF_Projects/hdf5/build/ci-StdShar-GNUC/_deps/szip-src/include -I/home/byrn/HDF_Projects/hdf5/build/ci-StdShar-GNUC/_deps/szip-src -std=c99  -fstdarg-opt -fdiagnostics-urls=never -fno-diagnostics-color -fmessage-length=0 -O2 -g -DNDEBUG -std=gnu99 -fPIC -Wall -Wcast-qual -Wconversion -Wextra -Wfloat-equal -Wformat=2 -Winit-self -Winvalid-pch -Wmissing-include-dirs -Wshadow -Wundef -Wwrite-strings -pedantic -Wno-c++-compat -Wbad-function-cast -Wcast-align -Wformat -Wimplicit-function-declaration -Wint-to-pointer-cast -Wmissing-declarations -Wmissing-prototypes -Wnested-externs -Wold-style-definition -Wpacked -Wpointer-sign -Wpointer-to-int-cast -Wredundant-decls -Wstrict-prototypes -Wswitch -Wunused-but-set-variable -Wunused-variable -Wunused-function -Wunused-parameter -finline-functions -Wno-aggregate-return -Wno-inline -Wno-missing-format-attribute -Wno-missing-noreturn -Wno-overlength-strings -Wlarger-than=2560 -Wlogical-op -Wframe-larger-than=16384 -Wpacked-bitfield-compat -Wsync-nand -Wno-unsuffixed-float-constants -Wdouble-promotion -Wtrampolines -Wstack-usage=8192 -Wmaybe-uninitialized -Wno-jump-misses-init -Wstrict-overflow=2 -Wno-suggest-attribute=const -Wno-suggest-attribute=noreturn -Wno-suggest-attribute=pure -Wno-suggest-attribute=format -Wdate-time -Warray-bounds=2 -Wc99-c11-compat -Wincompatible-pointer-types -Wint-conversion -Wduplicated-cond -Whsa -Wnormalized -Wnull-dereference -Wunused-const-variable -Walloca -Walloc-zero -Wduplicated-branches -Wformat-overflow=2 -Wformat-truncation=1 -Wrestrict -Wattribute-alias -Wshift-overflow=2 -Wcast-function-type -Wcast-align=strict -Wno-suggest-attribute=cold -Wno-suggest-attribute=malloc -Wattribute-alias=2 -Wmissing-profile -Wc11-c2x-compat -MD -MT src/CMakeFiles/hdf5-static.dir/H5Otest.c.o -MF src/CMakeFiles/hdf5-static.dir/H5Otest.c.o.d -o src/CMakeFiles/hdf5-static.dir/H5Otest.c.o -c /home/byrn/HDF_Projects/hdf5/dev/src/H5Otest.c
[265/4114] /usr/bin/cc -D_FILE_OFFSET_BITS=64 -D_GNU_SOURCE -D_LARGEFILE_SOURCE -D_POSIX_C_SOURCE=200809L -I/home/byrn/HDF_Projects/hdf5/dev/src -I/home/byrn/HDF_Projects/hdf5/dev/src/H5FDsubfiling -I/home/byrn/HDF_Projects/hdf5/build/ci-StdShar-GNUC/src -I/home/byrn/HDF_Projects/hdf5/build/ci-StdShar-GNUC/_deps/hdf5_zlib-build -I/home/byrn/HDF_Projects/hdf5/build/ci-StdShar-GNUC/_deps/hdf5_zlib-src -I/home/byrn/HDF_Projects/hdf5/build/ci-StdShar-GNUC/_deps/szip-build -I/home/byrn/HDF_Projects/hdf5/build/ci-StdShar-GNUC/_deps/szip-src/include -I/home/byrn/HDF_Projects/hdf5/build/ci-StdShar-GNUC/_deps/szip-src -std=c99  -fstdarg-opt -fdiagnostics-urls=never -fno-diagnostics-color -fmessage-length=0 -O2 -g -DNDEBUG -std=gnu99 -fPIC -Wall -Wcast-qual -Wconversion -Wextra -Wfloat-equal -Wformat=2 -Winit-self -Winvalid-pch -Wmissing-include-dirs -Wshadow -Wundef -Wwrite-strings -pedantic -Wno-c++-compat -Wbad-function-cast -Wcast-align -Wformat -Wimplicit-function-declaration -Wint-to-pointer-cast -Wmissing-declarations -Wmissing-prototypes -Wnested-externs -Wold-style-definition -Wpacked -Wpointer-sign -Wpointer-to-int-cast -Wredundant-decls -Wstrict-prototypes -Wswitch -Wunused-but-set-variable -Wunused-variable -Wunused-function -Wunused-parameter -finline-functions -Wno-aggregate-return -Wno-inline -Wno-missing-format-attribute -Wno-missing-noreturn -Wno-overlength-strings -Wlarger-than=2560 -Wlogical-op -Wframe-larger-than=16384 -Wpacked-bitfield-compat -Wsync-nand -Wno-unsuffixed-float-constants -Wdouble-promotion -Wtrampolines -Wstack-usage=8192 -Wmaybe-uninitialized -Wno-jump-misses-init -Wstrict-overflow=2 -Wno-suggest-attribute=const -Wno-suggest-attribute=noreturn -Wno-suggest-attribute=pure -Wno-suggest-attribute=format -Wdate-time -Warray-bounds=2 -Wc99-c11-compat -Wincompatible-pointer-types -Wint-conversion -Wduplicated-cond -Whsa -Wnormalized -Wnull-dereference -Wunused-const-variable -Walloca -Walloc-zero -Wduplicated-branches -Wformat-overflow=2 -Wformat-truncation=1 -Wrestrict -Wattribute-alias -Wshift-overflow=2 -Wcast-function-type -Wcast-align=strict -Wno-suggest-attribute=cold -Wno-suggest-attribute=malloc -Wattribute-alias=2 -Wmissing-profile -Wc11-c2x-compat -MD -MT src/CMakeFiles/hdf5-static.dir/H5Pdeprec.c.o -MF src/CMakeFiles/hdf5-static.dir/H5Pdeprec.c.o.d -o src/CMakeFiles/hdf5-static.dir/H5Pdeprec.c.o -c /home/byrn/HDF_Projects/hdf5/dev/src/H5Pdeprec.c
[266/4114] /usr/bin/cc -D_FILE_OFFSET_BITS=64 -D_GNU_SOURCE -D_LARGEFILE_SOURCE -D_POSIX_C_SOURCE=200809L -I/home/byrn/HDF_Projects/hdf5/dev/src -I/home/byrn/HDF_Projects/hdf5/dev/src/H5FDsubfiling -I/home/byrn/HDF_Projects/hdf5/build/ci-StdShar-GNUC/src -I/home/byrn/HDF_Projects/hdf5/build/ci-StdShar-GNUC/_deps/hdf5_zlib-build -I/home/byrn/HDF_Projects/hdf5/build/ci-StdShar-GNUC/_deps/hdf5_zlib-src -I/home/byrn/HDF_Projects/hdf5/build/ci-StdShar-GNUC/_deps/szip-build -I/home/byrn/HDF_Projects/hdf5/build/ci-StdShar-GNUC/_deps/szip-src/include -I/home/byrn/HDF_Projects/hdf5/build/ci-StdShar-GNUC/_deps/szip-src -std=c99  -fstdarg-opt -fdiagnostics-urls=never -fno-diagnostics-color -fmessage-length=0 -O2 -g -DNDEBUG -std=gnu99 -fPIC -Wall -Wcast-qual -Wconversion -Wextra -Wfloat-equal -Wformat=2 -Winit-self -Winvalid-pch -Wmissing-include-dirs -Wshadow -Wundef -Wwrite-strings -pedantic -Wno-c++-compat -Wbad-function-cast -Wcast-align -Wformat -Wimplicit-function-declaration -Wint-to-pointer-cast -Wmissing-declarations -Wmissing-prototypes -Wnested-externs -Wold-style-definition -Wpacked -Wpointer-sign -Wpointer-to-int-cast -Wredundant-decls -Wstrict-prototypes -Wswitch -Wunused-but-set-variable -Wunused-variable -Wunused-function -Wunused-parameter -finline-functions -Wno-aggregate-return -Wno-inline -Wno-missing-format-attribute -Wno-missing-noreturn -Wno-overlength-strings -Wlarger-than=2560 -Wlogical-op -Wframe-larger-than=16384 -Wpacked-bitfield-compat -Wsync-nand -Wno-unsuffixed-float-constants -Wdouble-promotion -Wtrampolines -Wstack-usage=8192 -Wmaybe-uninitialized -Wno-jump-misses-init -Wstrict-overflow=2 -Wno-suggest-attribute=const -Wno-suggest-attribute=noreturn -Wno-suggest-attribute=pure -Wno-suggest-attribute=format -Wdate-time -Warray-bounds=2 -Wc99-c11-compat -Wincompatible-pointer-types -Wint-conversion -Wduplicated-cond -Whsa -Wnormalized -Wnull-dereference -Wunused-const-variable -Walloca -Walloc-zero -Wduplicated-branches -Wformat-overflow=2 -Wformat-truncation=1 -Wrestrict -Wattribute-alias -Wshift-overflow=2 -Wcast-function-type -Wcast-align=strict -Wno-suggest-attribute=cold -Wno-suggest-attribute=malloc -Wattribute-alias=2 -Wmissing-profile -Wc11-c2x-compat -MD -MT src/CMakeFiles/hdf5-static.dir/H5Pencdec.c.o -MF src/CMakeFiles/hdf5-static.dir/H5Pencdec.c.o.d -o src/CMakeFiles/hdf5-static.dir/H5Pencdec.c.o -c /home/byrn/HDF_Projects/hdf5/dev/src/H5Pencdec.c
[267/4114] /usr/bin/cc -D_FILE_OFFSET_BITS=64 -D_GNU_SOURCE -D_LARGEFILE_SOURCE -D_POSIX_C_SOURCE=200809L -I/home/byrn/HDF_Projects/hdf5/dev/src -I/home/byrn/HDF_Projects/hdf5/dev/src/H5FDsubfiling -I/home/byrn/HDF_Projects/hdf5/build/ci-StdShar-GNUC/src -I/home/byrn/HDF_Projects/hdf5/build/ci-StdShar-GNUC/_deps/hdf5_zlib-build -I/home/byrn/HDF_Projects/hdf5/build/ci-StdShar-GNUC/_deps/hdf5_zlib-src -I/home/byrn/HDF_Projects/hdf5/build/ci-StdShar-GNUC/_deps/szip-build -I/home/byrn/HDF_Projects/hdf5/build/ci-StdShar-GNUC/_deps/szip-src/include -I/home/byrn/HDF_Projects/hdf5/build/ci-StdShar-GNUC/_deps/szip-src -std=c99  -fstdarg-opt -fdiagnostics-urls=never -fno-diagnostics-color -fmessage-length=0 -O2 -g -DNDEBUG -std=gnu99 -fPIC -Wall -Wcast-qual -Wconversion -Wextra -Wfloat-equal -Wformat=2 -Winit-self -Winvalid-pch -Wmissing-include-dirs -Wshadow -Wundef -Wwrite-strings -pedantic -Wno-c++-compat -Wbad-function-cast -Wcast-align -Wformat -Wimplicit-function-declaration -Wint-to-pointer-cast -Wmissing-declarations -Wmissing-prototypes -Wnested-externs -Wold-style-definition -Wpacked -Wpointer-sign -Wpointer-to-int-cast -Wredundant-decls -Wstrict-prototypes -Wswitch -Wunused-but-set-variable -Wunused-variable -Wunused-function -Wunused-parameter -finline-functions -Wno-aggregate-return -Wno-inline -Wno-missing-format-attribute -Wno-missing-noreturn -Wno-overlength-strings -Wlarger-than=2560 -Wlogical-op -Wframe-larger-than=16384 -Wpacked-bitfield-compat -Wsync-nand -Wno-unsuffixed-float-constants -Wdouble-promotion -Wtrampolines -Wstack-usage=8192 -Wmaybe-uninitialized -Wno-jump-misses-init -Wstrict-overflow=2 -Wno-suggest-attribute=const -Wno-suggest-attribute=noreturn -Wno-suggest-attribute=pure -Wno-suggest-attribute=format -Wdate-time -Warray-bounds=2 -Wc99-c11-compat -Wincompatible-pointer-types -Wint-conversion -Wduplicated-cond -Whsa -Wnormalized -Wnull-dereference -Wunused-const-variable -Walloca -Walloc-zero -Wduplicated-branches -Wformat-overflow=2 -Wformat-truncation=1 -Wrestrict -Wattribute-alias -Wshift-overflow=2 -Wcast-function-type -Wcast-align=strict -Wno-suggest-attribute=cold -Wno-suggest-attribute=malloc -Wattribute-alias=2 -Wmissing-profile -Wc11-c2x-compat -MD -MT src/CMakeFiles/hdf5-static.dir/H5Pfmpl.c.o -MF src/CMakeFiles/hdf5-static.dir/H5Pfmpl.c.o.d -o src/CMakeFiles/hdf5-static.dir/H5Pfmpl.c.o -c /home/byrn/HDF_Projects/hdf5/dev/src/H5Pfmpl.c
[268/4114] /usr/bin/cc -D_FILE_OFFSET_BITS=64 -D_GNU_SOURCE -D_LARGEFILE_SOURCE -D_POSIX_C_SOURCE=200809L -I/home/byrn/HDF_Projects/hdf5/dev/src -I/home/byrn/HDF_Projects/hdf5/dev/src/H5FDsubfiling -I/home/byrn/HDF_Projects/hdf5/build/ci-StdShar-GNUC/src -I/home/byrn/HDF_Projects/hdf5/build/ci-StdShar-GNUC/_deps/hdf5_zlib-build -I/home/byrn/HDF_Projects/hdf5/build/ci-StdShar-GNUC/_deps/hdf5_zlib-src -I/home/byrn/HDF_Projects/hdf5/build/ci-StdShar-GNUC/_deps/szip-build -I/home/byrn/HDF_Projects/hdf5/build/ci-StdShar-GNUC/_deps/szip-src/include -I/home/byrn/HDF_Projects/hdf5/build/ci-StdShar-GNUC/_deps/szip-src -std=c99  -fstdarg-opt -fdiagnostics-urls=never -fno-diagnostics-color -fmessage-length=0 -O2 -g -DNDEBUG -std=gnu99 -fPIC -Wall -Wcast-qual -Wconversion -Wextra -Wfloat-equal -Wformat=2 -Winit-self -Winvalid-pch -Wmissing-include-dirs -Wshadow -Wundef -Wwrite-strings -pedantic -Wno-c++-compat -Wbad-function-cast -Wcast-align -Wformat -Wimplicit-function-declaration -Wint-to-pointer-cast -Wmissing-declarations -Wmissing-prototypes -Wnested-externs -Wold-style-definition -Wpacked -Wpointer-sign -Wpointer-to-int-cast -Wredundant-decls -Wstrict-prototypes -Wswitch -Wunused-but-set-variable -Wunused-variable -Wunused-function -Wunused-parameter -finline-functions -Wno-aggregate-return -Wno-inline -Wno-missing-format-attribute -Wno-missing-noreturn -Wno-overlength-strings -Wlarger-than=2560 -Wlogical-op -Wframe-larger-than=16384 -Wpacked-bitfield-compat -Wsync-nand -Wno-unsuffixed-float-constants -Wdouble-promotion -Wtrampolines -Wstack-usage=8192 -Wmaybe-uninitialized -Wno-jump-misses-init -Wstrict-overflow=2 -Wno-suggest-attribute=const -Wno-suggest-attribute=noreturn -Wno-suggest-attribute=pure -Wno-suggest-attribute=format -Wdate-time -Warray-bounds=2 -Wc99-c11-compat -Wincompatible-pointer-types -Wint-conversion -Wduplicated-cond -Whsa -Wnormalized -Wnull-dereference -Wunused-const-variable -Walloca -Walloc-zero -Wduplicated-branches -Wformat-overflow=2 -Wformat-truncation=1 -Wrestrict -Wattribute-alias -Wshift-overflow=2 -Wcast-function-type -Wcast-align=strict -Wno-suggest-attribute=cold -Wno-suggest-attribute=malloc -Wattribute-alias=2 -Wmissing-profile -Wc11-c2x-compat -MD -MT src/CMakeFiles/hdf5-static.dir/H5Pdapl.c.o -MF src/CMakeFiles/hdf5-static.dir/H5Pdapl.c.o.d -o src/CMakeFiles/hdf5-static.dir/H5Pdapl.c.o -c /home/byrn/HDF_Projects/hdf5/dev/src/H5Pdapl.c
[269/4114] /usr/bin/cc -D_FILE_OFFSET_BITS=64 -D_GNU_SOURCE -D_LARGEFILE_SOURCE -D_POSIX_C_SOURCE=200809L -I/home/byrn/HDF_Projects/hdf5/dev/src -I/home/byrn/HDF_Projects/hdf5/dev/src/H5FDsubfiling -I/home/byrn/HDF_Projects/hdf5/build/ci-StdShar-GNUC/src -I/home/byrn/HDF_Projects/hdf5/build/ci-StdShar-GNUC/_deps/hdf5_zlib-build -I/home/byrn/HDF_Projects/hdf5/build/ci-StdShar-GNUC/_deps/hdf5_zlib-src -I/home/byrn/HDF_Projects/hdf5/build/ci-StdShar-GNUC/_deps/szip-build -I/home/byrn/HDF_Projects/hdf5/build/ci-StdShar-GNUC/_deps/szip-src/include -I/home/byrn/HDF_Projects/hdf5/build/ci-StdShar-GNUC/_deps/szip-src -std=c99  -fstdarg-opt -fdiagnostics-urls=never -fno-diagnostics-color -fmessage-length=0 -O2 -g -DNDEBUG -std=gnu99 -fPIC -Wall -Wcast-qual -Wconversion -Wextra -Wfloat-equal -Wformat=2 -Winit-self -Winvalid-pch -Wmissing-include-dirs -Wshadow -Wundef -Wwrite-strings -pedantic -Wno-c++-compat -Wbad-function-cast -Wcast-align -Wformat -Wimplicit-function-declaration -Wint-to-pointer-cast -Wmissing-declarations -Wmissing-prototypes -Wnested-externs -Wold-style-definition -Wpacked -Wpointer-sign -Wpointer-to-int-cast -Wredundant-decls -Wstrict-prototypes -Wswitch -Wunused-but-set-variable -Wunused-variable -Wunused-function -Wunused-parameter -finline-functions -Wno-aggregate-return -Wno-inline -Wno-missing-format-attribute -Wno-missing-noreturn -Wno-overlength-strings -Wlarger-than=2560 -Wlogical-op -Wframe-larger-than=16384 -Wpacked-bitfield-compat -Wsync-nand -Wno-unsuffixed-float-constants -Wdouble-promotion -Wtrampolines -Wstack-usage=8192 -Wmaybe-uninitialized -Wno-jump-misses-init -Wstrict-overflow=2 -Wno-suggest-attribute=const -Wno-suggest-attribute=noreturn -Wno-suggest-attribute=pure -Wno-suggest-attribute=format -Wdate-time -Warray-bounds=2 -Wc99-c11-compat -Wincompatible-pointer-types -Wint-conversion -Wduplicated-cond -Whsa -Wnormalized -Wnull-dereference -Wunused-const-variable -Walloca -Walloc-zero -Wduplicated-branches -Wformat-overflow=2 -Wformat-truncation=1 -Wrestrict -Wattribute-alias -Wshift-overflow=2 -Wcast-function-type -Wcast-align=strict -Wno-suggest-attribute=cold -Wno-suggest-attribute=malloc -Wattribute-alias=2 -Wmissing-profile -Wc11-c2x-compat -MD -MT src/CMakeFiles/hdf5-static.dir/H5Pgcpl.c.o -MF src/CMakeFiles/hdf5-static.dir/H5Pgcpl.c.o.d -o src/CMakeFiles/hdf5-static.dir/H5Pgcpl.c.o -c /home/byrn/HDF_Projects/hdf5/dev/src/H5Pgcpl.c
[270/4114] /usr/bin/cc -D_FILE_OFFSET_BITS=64 -D_GNU_SOURCE -D_LARGEFILE_SOURCE -D_POSIX_C_SOURCE=200809L -I/home/byrn/HDF_Projects/hdf5/dev/src -I/home/byrn/HDF_Projects/hdf5/dev/src/H5FDsubfiling -I/home/byrn/HDF_Projects/hdf5/build/ci-StdShar-GNUC/src -I/home/byrn/HDF_Projects/hdf5/build/ci-StdShar-GNUC/_deps/hdf5_zlib-build -I/home/byrn/HDF_Projects/hdf5/build/ci-StdShar-GNUC/_deps/hdf5_zlib-src -I/home/byrn/HDF_Projects/hdf5/build/ci-StdShar-GNUC/_deps/szip-build -I/home/byrn/HDF_Projects/hdf5/build/ci-StdShar-GNUC/_deps/szip-src/include -I/home/byrn/HDF_Projects/hdf5/build/ci-StdShar-GNUC/_deps/szip-src -std=c99  -fstdarg-opt -fdiagnostics-urls=never -fno-diagnostics-color -fmessage-length=0 -O2 -g -DNDEBUG -std=gnu99 -fPIC -Wall -Wcast-qual -Wconversion -Wextra -Wfloat-equal -Wformat=2 -Winit-self -Winvalid-pch -Wmissing-include-dirs -Wshadow -Wundef -Wwrite-strings -pedantic -Wno-c++-compat -Wbad-function-cast -Wcast-align -Wformat -Wimplicit-function-declaration -Wint-to-pointer-cast -Wmissing-declarations -Wmissing-prototypes -Wnested-externs -Wold-style-definition -Wpacked -Wpointer-sign -Wpointer-to-int-cast -Wredundant-decls -Wstrict-prototypes -Wswitch -Wunused-but-set-variable -Wunused-variable -Wunused-function -Wunused-parameter -finline-functions -Wno-aggregate-return -Wno-inline -Wno-missing-format-attribute -Wno-missing-noreturn -Wno-overlength-strings -Wlarger-than=2560 -Wlogical-op -Wframe-larger-than=16384 -Wpacked-bitfield-compat -Wsync-nand -Wno-unsuffixed-float-constants -Wdouble-promotion -Wtrampolines -Wstack-usage=8192 -Wmaybe-uninitialized -Wno-jump-misses-init -Wstrict-overflow=2 -Wno-suggest-attribute=const -Wno-suggest-attribute=noreturn -Wno-suggest-attribute=pure -Wno-suggest-attribute=format -Wdate-time -Warray-bounds=2 -Wc99-c11-compat -Wincompatible-pointer-types -Wint-conversion -Wduplicated-cond -Whsa -Wnormalized -Wnull-dereference -Wunused-const-variable -Walloca -Walloc-zero -Wduplicated-branches -Wformat-overflow=2 -Wformat-truncation=1 -Wrestrict -Wattribute-alias -Wshift-overflow=2 -Wcast-function-type -Wcast-align=strict -Wno-suggest-attribute=cold -Wno-suggest-attribute=malloc -Wattribute-alias=2 -Wmissing-profile -Wc11-c2x-compat -MD -MT src/CMakeFiles/hdf5-static.dir/H5Pfcpl.c.o -MF src/CMakeFiles/hdf5-static.dir/H5Pfcpl.c.o.d -o src/CMakeFiles/hdf5-static.dir/H5Pfcpl.c.o -c /home/byrn/HDF_Projects/hdf5/dev/src/H5Pfcpl.c
[271/4114] /usr/bin/cc -D_FILE_OFFSET_BITS=64 -D_GNU_SOURCE -D_LARGEFILE_SOURCE -D_POSIX_C_SOURCE=200809L -I/home/byrn/HDF_Projects/hdf5/dev/src -I/home/byrn/HDF_Projects/hdf5/dev/src/H5FDsubfiling -I/home/byrn/HDF_Projects/hdf5/build/ci-StdShar-GNUC/src -I/home/byrn/HDF_Projects/hdf5/build/ci-StdShar-GNUC/_deps/hdf5_zlib-build -I/home/byrn/HDF_Projects/hdf5/build/ci-StdShar-GNUC/_deps/hdf5_zlib-src -I/home/byrn/HDF_Projects/hdf5/build/ci-StdShar-GNUC/_deps/szip-build -I/home/byrn/HDF_Projects/hdf5/build/ci-StdShar-GNUC/_deps/szip-src/include -I/home/byrn/HDF_Projects/hdf5/build/ci-StdShar-GNUC/_deps/szip-src -std=c99  -fstdarg-opt -fdiagnostics-urls=never -fno-diagnostics-color -fmessage-length=0 -O2 -g -DNDEBUG -std=gnu99 -fPIC -Wall -Wcast-qual -Wconversion -Wextra -Wfloat-equal -Wformat=2 -Winit-self -Winvalid-pch -Wmissing-include-dirs -Wshadow -Wundef -Wwrite-strings -pedantic -Wno-c++-compat -Wbad-function-cast -Wcast-align -Wformat -Wimplicit-function-declaration -Wint-to-pointer-cast -Wmissing-declarations -Wmissing-prototypes -Wnested-externs -Wold-style-definition -Wpacked -Wpointer-sign -Wpointer-to-int-cast -Wredundant-decls -Wstrict-prototypes -Wswitch -Wunused-but-set-variable -Wunused-variable -Wunused-function -Wunused-parameter -finline-functions -Wno-aggregate-return -Wno-inline -Wno-missing-format-attribute -Wno-missing-noreturn -Wno-overlength-strings -Wlarger-than=2560 -Wlogical-op -Wframe-larger-than=16384 -Wpacked-bitfield-compat -Wsync-nand -Wno-unsuffixed-float-constants -Wdouble-promotion -Wtrampolines -Wstack-usage=8192 -Wmaybe-uninitialized -Wno-jump-misses-init -Wstrict-overflow=2 -Wno-suggest-attribute=const -Wno-suggest-attribute=noreturn -Wno-suggest-attribute=pure -Wno-suggest-attribute=format -Wdate-time -Warray-bounds=2 -Wc99-c11-compat -Wincompatible-pointer-types -Wint-conversion -Wduplicated-cond -Whsa -Wnormalized -Wnull-dereference -Wunused-const-variable -Walloca -Walloc-zero -Wduplicated-branches -Wformat-overflow=2 -Wformat-truncation=1 -Wrestrict -Wattribute-alias -Wshift-overflow=2 -Wcast-function-type -Wcast-align=strict -Wno-suggest-attribute=cold -Wno-suggest-attribute=malloc -Wattribute-alias=2 -Wmissing-profile -Wc11-c2x-compat -MD -MT src/CMakeFiles/hdf5-static.dir/H5P.c.o -MF src/CMakeFiles/hdf5-static.dir/H5P.c.o.d -o src/CMakeFiles/hdf5-static.dir/H5P.c.o -c /home/byrn/HDF_Projects/hdf5/dev/src/H5P.c
[272/4114] /usr/bin/cc -D_FILE_OFFSET_BITS=64 -D_GNU_SOURCE -D_LARGEFILE_SOURCE -D_POSIX_C_SOURCE=200809L -I/home/byrn/HDF_Projects/hdf5/dev/src -I/home/byrn/HDF_Projects/hdf5/dev/src/H5FDsubfiling -I/home/byrn/HDF_Projects/hdf5/build/ci-StdShar-GNUC/src -I/home/byrn/HDF_Projects/hdf5/build/ci-StdShar-GNUC/_deps/hdf5_zlib-build -I/home/byrn/HDF_Projects/hdf5/build/ci-StdShar-GNUC/_deps/hdf5_zlib-src -I/home/byrn/HDF_Projects/hdf5/build/ci-StdShar-GNUC/_deps/szip-build -I/home/byrn/HDF_Projects/hdf5/build/ci-StdShar-GNUC/_deps/szip-src/include -I/home/byrn/HDF_Projects/hdf5/build/ci-StdShar-GNUC/_deps/szip-src -std=c99  -fstdarg-opt -fdiagnostics-urls=never -fno-diagnostics-color -fmessage-length=0 -O2 -g -DNDEBUG -std=gnu99 -fPIC -Wall -Wcast-qual -Wconversion -Wextra -Wfloat-equal -Wformat=2 -Winit-self -Winvalid-pch -Wmissing-include-dirs -Wshadow -Wundef -Wwrite-strings -pedantic -Wno-c++-compat -Wbad-function-cast -Wcast-align -Wformat -Wimplicit-function-declaration -Wint-to-pointer-cast -Wmissing-declarations -Wmissing-prototypes -Wnested-externs -Wold-style-definition -Wpacked -Wpointer-sign -Wpointer-to-int-cast -Wredundant-decls -Wstrict-prototypes -Wswitch -Wunused-but-set-variable -Wunused-variable -Wunused-function -Wunused-parameter -finline-functions -Wno-aggregate-return -Wno-inline -Wno-missing-format-attribute -Wno-missing-noreturn -Wno-overlength-strings -Wlarger-than=2560 -Wlogical-op -Wframe-larger-than=16384 -Wpacked-bitfield-compat -Wsync-nand -Wno-unsuffixed-float-constants -Wdouble-promotion -Wtrampolines -Wstack-usage=8192 -Wmaybe-uninitialized -Wno-jump-misses-init -Wstrict-overflow=2 -Wno-suggest-attribute=const -Wno-suggest-attribute=noreturn -Wno-suggest-attribute=pure -Wno-suggest-attribute=format -Wdate-time -Warray-bounds=2 -Wc99-c11-compat -Wincompatible-pointer-types -Wint-conversion -Wduplicated-cond -Whsa -Wnormalized -Wnull-dereference -Wunused-const-variable -Walloca -Walloc-zero -Wduplicated-branches -Wformat-overflow=2 -Wformat-truncation=1 -Wrestrict -Wattribute-alias -Wshift-overflow=2 -Wcast-function-type -Wcast-align=strict -Wno-suggest-attribute=cold -Wno-suggest-attribute=malloc -Wattribute-alias=2 -Wmissing-profile -Wc11-c2x-compat -MD -MT src/CMakeFiles/hdf5-static.dir/H5Plcpl.c.o -MF src/CMakeFiles/hdf5-static.dir/H5Plcpl.c.o.d -o src/CMakeFiles/hdf5-static.dir/H5Plcpl.c.o -c /home/byrn/HDF_Projects/hdf5/dev/src/H5Plcpl.c
[273/4114] /usr/bin/cc -D_FILE_OFFSET_BITS=64 -D_GNU_SOURCE -D_LARGEFILE_SOURCE -D_POSIX_C_SOURCE=200809L -I/home/byrn/HDF_Projects/hdf5/dev/src -I/home/byrn/HDF_Projects/hdf5/dev/src/H5FDsubfiling -I/home/byrn/HDF_Projects/hdf5/build/ci-StdShar-GNUC/src -I/home/byrn/HDF_Projects/hdf5/build/ci-StdShar-GNUC/_deps/hdf5_zlib-build -I/home/byrn/HDF_Projects/hdf5/build/ci-StdShar-GNUC/_deps/hdf5_zlib-src -I/home/byrn/HDF_Projects/hdf5/build/ci-StdShar-GNUC/_deps/szip-build -I/home/byrn/HDF_Projects/hdf5/build/ci-StdShar-GNUC/_deps/szip-src/include -I/home/byrn/HDF_Projects/hdf5/build/ci-StdShar-GNUC/_deps/szip-src -std=c99  -fstdarg-opt -fdiagnostics-urls=never -fno-diagnostics-color -fmessage-length=0 -O2 -g -DNDEBUG -std=gnu99 -fPIC -Wall -Wcast-qual -Wconversion -Wextra -Wfloat-equal -Wformat=2 -Winit-self -Winvalid-pch -Wmissing-include-dirs -Wshadow -Wundef -Wwrite-strings -pedantic -Wno-c++-compat -Wbad-function-cast -Wcast-align -Wformat -Wimplicit-function-declaration -Wint-to-pointer-cast -Wmissing-declarations -Wmissing-prototypes -Wnested-externs -Wold-style-definition -Wpacked -Wpointer-sign -Wpointer-to-int-cast -Wredundant-decls -Wstrict-prototypes -Wswitch -Wunused-but-set-variable -Wunused-variable -Wunused-function -Wunused-parameter -finline-functions -Wno-aggregate-return -Wno-inline -Wno-missing-format-attribute -Wno-missing-noreturn -Wno-overlength-strings -Wlarger-than=2560 -Wlogical-op -Wframe-larger-than=16384 -Wpacked-bitfield-compat -Wsync-nand -Wno-unsuffixed-float-constants -Wdouble-promotion -Wtrampolines -Wstack-usage=8192 -Wmaybe-uninitialized -Wno-jump-misses-init -Wstrict-overflow=2 -Wno-suggest-attribute=const -Wno-suggest-attribute=noreturn -Wno-suggest-attribute=pure -Wno-suggest-attribute=format -Wdate-time -Warray-bounds=2 -Wc99-c11-compat -Wincompatible-pointer-types -Wint-conversion -Wduplicated-cond -Whsa -Wnormalized -Wnull-dereference -Wunused-const-variable -Walloca -Walloc-zero -Wduplicated-branches -Wformat-overflow=2 -Wformat-truncation=1 -Wrestrict -Wattribute-alias -Wshift-overflow=2 -Wcast-function-type -Wcast-align=strict -Wno-suggest-attribute=cold -Wno-suggest-attribute=malloc -Wattribute-alias=2 -Wmissing-profile -Wc11-c2x-compat -MD -MT src/CMakeFiles/hdf5-static.dir/H5Pdxpl.c.o -MF src/CMakeFiles/hdf5-static.dir/H5Pdxpl.c.o.d -o src/CMakeFiles/hdf5-static.dir/H5Pdxpl.c.o -c /home/byrn/HDF_Projects/hdf5/dev/src/H5Pdxpl.c
[274/4114] /usr/bin/cc -D_FILE_OFFSET_BITS=64 -D_GNU_SOURCE -D_LARGEFILE_SOURCE -D_POSIX_C_SOURCE=200809L -I/home/byrn/HDF_Projects/hdf5/dev/src -I/home/byrn/HDF_Projects/hdf5/dev/src/H5FDsubfiling -I/home/byrn/HDF_Projects/hdf5/build/ci-StdShar-GNUC/src -I/home/byrn/HDF_Projects/hdf5/build/ci-StdShar-GNUC/_deps/hdf5_zlib-build -I/home/byrn/HDF_Projects/hdf5/build/ci-StdShar-GNUC/_deps/hdf5_zlib-src -I/home/byrn/HDF_Projects/hdf5/build/ci-StdShar-GNUC/_deps/szip-build -I/home/byrn/HDF_Projects/hdf5/build/ci-StdShar-GNUC/_deps/szip-src/include -I/home/byrn/HDF_Projects/hdf5/build/ci-StdShar-GNUC/_deps/szip-src -std=c99  -fstdarg-opt -fdiagnostics-urls=never -fno-diagnostics-color -fmessage-length=0 -O2 -g -DNDEBUG -std=gnu99 -fPIC -Wall -Wcast-qual -Wconversion -Wextra -Wfloat-equal -Wformat=2 -Winit-self -Winvalid-pch -Wmissing-include-dirs -Wshadow -Wundef -Wwrite-strings -pedantic -Wno-c++-compat -Wbad-function-cast -Wcast-align -Wformat -Wimplicit-function-declaration -Wint-to-pointer-cast -Wmissing-declarations -Wmissing-prototypes -Wnested-externs -Wold-style-definition -Wpacked -Wpointer-sign -Wpointer-to-int-cast -Wredundant-decls -Wstrict-prototypes -Wswitch -Wunused-but-set-variable -Wunused-variable -Wunused-function -Wunused-parameter -finline-functions -Wno-aggregate-return -Wno-inline -Wno-missing-format-attribute -Wno-missing-noreturn -Wno-overlength-strings -Wlarger-than=2560 -Wlogical-op -Wframe-larger-than=16384 -Wpacked-bitfield-compat -Wsync-nand -Wno-unsuffixed-float-constants -Wdouble-promotion -Wtrampolines -Wstack-usage=8192 -Wmaybe-uninitialized -Wno-jump-misses-init -Wstrict-overflow=2 -Wno-suggest-attribute=const -Wno-suggest-attribute=noreturn -Wno-suggest-attribute=pure -Wno-suggest-attribute=format -Wdate-time -Warray-bounds=2 -Wc99-c11-compat -Wincompatible-pointer-types -Wint-conversion -Wduplicated-cond -Whsa -Wnormalized -Wnull-dereference -Wunused-const-variable -Walloca -Walloc-zero -Wduplicated-branches -Wformat-overflow=2 -Wformat-truncation=1 -Wrestrict -Wattribute-alias -Wshift-overflow=2 -Wcast-function-type -Wcast-align=strict -Wno-suggest-attribute=cold -Wno-suggest-attribute=malloc -Wattribute-alias=2 -Wmissing-profile -Wc11-c2x-compat -MD -MT src/CMakeFiles/hdf5-static.dir/H5Pmcpl.c.o -MF src/CMakeFiles/hdf5-static.dir/H5Pmcpl.c.o.d -o src/CMakeFiles/hdf5-static.dir/H5Pmcpl.c.o -c /home/byrn/HDF_Projects/hdf5/dev/src/H5Pmcpl.c
[275/4114] /usr/bin/cc -D_FILE_OFFSET_BITS=64 -D_GNU_SOURCE -D_LARGEFILE_SOURCE -D_POSIX_C_SOURCE=200809L -I/home/byrn/HDF_Projects/hdf5/dev/src -I/home/byrn/HDF_Projects/hdf5/dev/src/H5FDsubfiling -I/home/byrn/HDF_Projects/hdf5/build/ci-StdShar-GNUC/src -I/home/byrn/HDF_Projects/hdf5/build/ci-StdShar-GNUC/_deps/hdf5_zlib-build -I/home/byrn/HDF_Projects/hdf5/build/ci-StdShar-GNUC/_deps/hdf5_zlib-src -I/home/byrn/HDF_Projects/hdf5/build/ci-StdShar-GNUC/_deps/szip-build -I/home/byrn/HDF_Projects/hdf5/build/ci-StdShar-GNUC/_deps/szip-src/include -I/home/byrn/HDF_Projects/hdf5/build/ci-StdShar-GNUC/_deps/szip-src -std=c99  -fstdarg-opt -fdiagnostics-urls=never -fno-diagnostics-color -fmessage-length=0 -O2 -g -DNDEBUG -std=gnu99 -fPIC -Wall -Wcast-qual -Wconversion -Wextra -Wfloat-equal -Wformat=2 -Winit-self -Winvalid-pch -Wmissing-include-dirs -Wshadow -Wundef -Wwrite-strings -pedantic -Wno-c++-compat -Wbad-function-cast -Wcast-align -Wformat -Wimplicit-function-declaration -Wint-to-pointer-cast -Wmissing-declarations -Wmissing-prototypes -Wnested-externs -Wold-style-definition -Wpacked -Wpointer-sign -Wpointer-to-int-cast -Wredundant-decls -Wstrict-prototypes -Wswitch -Wunused-but-set-variable -Wunused-variable -Wunused-function -Wunused-parameter -finline-functions -Wno-aggregate-return -Wno-inline -Wno-missing-format-attribute -Wno-missing-noreturn -Wno-overlength-strings -Wlarger-than=2560 -Wlogical-op -Wframe-larger-than=16384 -Wpacked-bitfield-compat -Wsync-nand -Wno-unsuffixed-float-constants -Wdouble-promotion -Wtrampolines -Wstack-usage=8192 -Wmaybe-uninitialized -Wno-jump-misses-init -Wstrict-overflow=2 -Wno-suggest-attribute=const -Wno-suggest-attribute=noreturn -Wno-suggest-attribute=pure -Wno-suggest-attribute=format -Wdate-time -Warray-bounds=2 -Wc99-c11-compat -Wincompatible-pointer-types -Wint-conversion -Wduplicated-cond -Whsa -Wnormalized -Wnull-dereference -Wunused-const-variable -Walloca -Walloc-zero -Wduplicated-branches -Wformat-overflow=2 -Wformat-truncation=1 -Wrestrict -Wattribute-alias -Wshift-overflow=2 -Wcast-function-type -Wcast-align=strict -Wno-suggest-attribute=cold -Wno-suggest-attribute=malloc -Wattribute-alias=2 -Wmissing-profile -Wc11-c2x-compat -MD -MT src/CMakeFiles/hdf5-static.dir/H5Pmapl.c.o -MF src/CMakeFiles/hdf5-static.dir/H5Pmapl.c.o.d -o src/CMakeFiles/hdf5-static.dir/H5Pmapl.c.o -c /home/byrn/HDF_Projects/hdf5/dev/src/H5Pmapl.c
[276/4114] /usr/bin/cc -D_FILE_OFFSET_BITS=64 -D_GNU_SOURCE -D_LARGEFILE_SOURCE -D_POSIX_C_SOURCE=200809L -I/home/byrn/HDF_Projects/hdf5/dev/src -I/home/byrn/HDF_Projects/hdf5/dev/src/H5FDsubfiling -I/home/byrn/HDF_Projects/hdf5/build/ci-StdShar-GNUC/src -I/home/byrn/HDF_Projects/hdf5/build/ci-StdShar-GNUC/_deps/hdf5_zlib-build -I/home/byrn/HDF_Projects/hdf5/build/ci-StdShar-GNUC/_deps/hdf5_zlib-src -I/home/byrn/HDF_Projects/hdf5/build/ci-StdShar-GNUC/_deps/szip-build -I/home/byrn/HDF_Projects/hdf5/build/ci-StdShar-GNUC/_deps/szip-src/include -I/home/byrn/HDF_Projects/hdf5/build/ci-StdShar-GNUC/_deps/szip-src -std=c99  -fstdarg-opt -fdiagnostics-urls=never -fno-diagnostics-color -fmessage-length=0 -O2 -g -DNDEBUG -std=gnu99 -fPIC -Wall -Wcast-qual -Wconversion -Wextra -Wfloat-equal -Wformat=2 -Winit-self -Winvalid-pch -Wmissing-include-dirs -Wshadow -Wundef -Wwrite-strings -pedantic -Wno-c++-compat -Wbad-function-cast -Wcast-align -Wformat -Wimplicit-function-declaration -Wint-to-pointer-cast -Wmissing-declarations -Wmissing-prototypes -Wnested-externs -Wold-style-definition -Wpacked -Wpointer-sign -Wpointer-to-int-cast -Wredundant-decls -Wstrict-prototypes -Wswitch -Wunused-but-set-variable -Wunused-variable -Wunused-function -Wunused-parameter -finline-functions -Wno-aggregate-return -Wno-inline -Wno-missing-format-attribute -Wno-missing-noreturn -Wno-overlength-strings -Wlarger-than=2560 -Wlogical-op -Wframe-larger-than=16384 -Wpacked-bitfield-compat -Wsync-nand -Wno-unsuffixed-float-constants -Wdouble-promotion -Wtrampolines -Wstack-usage=8192 -Wmaybe-uninitialized -Wno-jump-misses-init -Wstrict-overflow=2 -Wno-suggest-attribute=const -Wno-suggest-attribute=noreturn -Wno-suggest-attribute=pure -Wno-suggest-attribute=format -Wdate-time -Warray-bounds=2 -Wc99-c11-compat -Wincompatible-pointer-types -Wint-conversion -Wduplicated-cond -Whsa -Wnormalized -Wnull-dereference -Wunused-const-variable -Walloca -Walloc-zero -Wduplicated-branches -Wformat-overflow=2 -Wformat-truncation=1 -Wrestrict -Wattribute-alias -Wshift-overflow=2 -Wcast-function-type -Wcast-align=strict -Wno-suggest-attribute=cold -Wno-suggest-attribute=malloc -Wattribute-alias=2 -Wmissing-profile -Wc11-c2x-compat -MD -MT src/CMakeFiles/hdf5-static.dir/H5Plapl.c.o -MF src/CMakeFiles/hdf5-static.dir/H5Plapl.c.o.d -o src/CMakeFiles/hdf5-static.dir/H5Plapl.c.o -c /home/byrn/HDF_Projects/hdf5/dev/src/H5Plapl.c
[277/4114] /usr/bin/cc -D_FILE_OFFSET_BITS=64 -D_GNU_SOURCE -D_LARGEFILE_SOURCE -D_POSIX_C_SOURCE=200809L -I/home/byrn/HDF_Projects/hdf5/dev/src -I/home/byrn/HDF_Projects/hdf5/dev/src/H5FDsubfiling -I/home/byrn/HDF_Projects/hdf5/build/ci-StdShar-GNUC/src -I/home/byrn/HDF_Projects/hdf5/build/ci-StdShar-GNUC/_deps/hdf5_zlib-build -I/home/byrn/HDF_Projects/hdf5/build/ci-StdShar-GNUC/_deps/hdf5_zlib-src -I/home/byrn/HDF_Projects/hdf5/build/ci-StdShar-GNUC/_deps/szip-build -I/home/byrn/HDF_Projects/hdf5/build/ci-StdShar-GNUC/_deps/szip-src/include -I/home/byrn/HDF_Projects/hdf5/build/ci-StdShar-GNUC/_deps/szip-src -std=c99  -fstdarg-opt -fdiagnostics-urls=never -fno-diagnostics-color -fmessage-length=0 -O2 -g -DNDEBUG -std=gnu99 -fPIC -Wall -Wcast-qual -Wconversion -Wextra -Wfloat-equal -Wformat=2 -Winit-self -Winvalid-pch -Wmissing-include-dirs -Wshadow -Wundef -Wwrite-strings -pedantic -Wno-c++-compat -Wbad-function-cast -Wcast-align -Wformat -Wimplicit-function-declaration -Wint-to-pointer-cast -Wmissing-declarations -Wmissing-prototypes -Wnested-externs -Wold-style-definition -Wpacked -Wpointer-sign -Wpointer-to-int-cast -Wredundant-decls -Wstrict-prototypes -Wswitch -Wunused-but-set-variable -Wunused-variable -Wunused-function -Wunused-parameter -finline-functions -Wno-aggregate-return -Wno-inline -Wno-missing-format-attribute -Wno-missing-noreturn -Wno-overlength-strings -Wlarger-than=2560 -Wlogical-op -Wframe-larger-than=16384 -Wpacked-bitfield-compat -Wsync-nand -Wno-unsuffixed-float-constants -Wdouble-promotion -Wtrampolines -Wstack-usage=8192 -Wmaybe-uninitialized -Wno-jump-misses-init -Wstrict-overflow=2 -Wno-suggest-attribute=const -Wno-suggest-attribute=noreturn -Wno-suggest-attribute=pure -Wno-suggest-attribute=format -Wdate-time -Warray-bounds=2 -Wc99-c11-compat -Wincompatible-pointer-types -Wint-conversion -Wduplicated-cond -Whsa -Wnormalized -Wnull-dereference -Wunused-const-variable -Walloca -Walloc-zero -Wduplicated-branches -Wformat-overflow=2 -Wformat-truncation=1 -Wrestrict -Wattribute-alias -Wshift-overflow=2 -Wcast-function-type -Wcast-align=strict -Wno-suggest-attribute=cold -Wno-suggest-attribute=malloc -Wattribute-alias=2 -Wmissing-profile -Wc11-c2x-compat -MD -MT src/CMakeFiles/hdf5-static.dir/H5Pstrcpl.c.o -MF src/CMakeFiles/hdf5-static.dir/H5Pstrcpl.c.o.d -o src/CMakeFiles/hdf5-static.dir/H5Pstrcpl.c.o -c /home/byrn/HDF_Projects/hdf5/dev/src/H5Pstrcpl.c
[278/4114] /usr/bin/cc -D_FILE_OFFSET_BITS=64 -D_GNU_SOURCE -D_LARGEFILE_SOURCE -D_POSIX_C_SOURCE=200809L -I/home/byrn/HDF_Projects/hdf5/dev/src -I/home/byrn/HDF_Projects/hdf5/dev/src/H5FDsubfiling -I/home/byrn/HDF_Projects/hdf5/build/ci-StdShar-GNUC/src -I/home/byrn/HDF_Projects/hdf5/build/ci-StdShar-GNUC/_deps/hdf5_zlib-build -I/home/byrn/HDF_Projects/hdf5/build/ci-StdShar-GNUC/_deps/hdf5_zlib-src -I/home/byrn/HDF_Projects/hdf5/build/ci-StdShar-GNUC/_deps/szip-build -I/home/byrn/HDF_Projects/hdf5/build/ci-StdShar-GNUC/_deps/szip-src/include -I/home/byrn/HDF_Projects/hdf5/build/ci-StdShar-GNUC/_deps/szip-src -std=c99  -fstdarg-opt -fdiagnostics-urls=never -fno-diagnostics-color -fmessage-length=0 -O2 -g -DNDEBUG -std=gnu99 -fPIC -Wall -Wcast-qual -Wconversion -Wextra -Wfloat-equal -Wformat=2 -Winit-self -Winvalid-pch -Wmissing-include-dirs -Wshadow -Wundef -Wwrite-strings -pedantic -Wno-c++-compat -Wbad-function-cast -Wcast-align -Wformat -Wimplicit-function-declaration -Wint-to-pointer-cast -Wmissing-declarations -Wmissing-prototypes -Wnested-externs -Wold-style-definition -Wpacked -Wpointer-sign -Wpointer-to-int-cast -Wredundant-decls -Wstrict-prototypes -Wswitch -Wunused-but-set-variable -Wunused-variable -Wunused-function -Wunused-parameter -finline-functions -Wno-aggregate-return -Wno-inline -Wno-missing-format-attribute -Wno-missing-noreturn -Wno-overlength-strings -Wlarger-than=2560 -Wlogical-op -Wframe-larger-than=16384 -Wpacked-bitfield-compat -Wsync-nand -Wno-unsuffixed-float-constants -Wdouble-promotion -Wtrampolines -Wstack-usage=8192 -Wmaybe-uninitialized -Wno-jump-misses-init -Wstrict-overflow=2 -Wno-suggest-attribute=const -Wno-suggest-attribute=noreturn -Wno-suggest-attribute=pure -Wno-suggest-attribute=format -Wdate-time -Warray-bounds=2 -Wc99-c11-compat -Wincompatible-pointer-types -Wint-conversion -Wduplicated-cond -Whsa -Wnormalized -Wnull-dereference -Wunused-const-variable -Walloca -Walloc-zero -Wduplicated-branches -Wformat-overflow=2 -Wformat-truncation=1 -Wrestrict -Wattribute-alias -Wshift-overflow=2 -Wcast-function-type -Wcast-align=strict -Wno-suggest-attribute=cold -Wno-suggest-attribute=malloc -Wattribute-alias=2 -Wmissing-profile -Wc11-c2x-compat -MD -MT src/CMakeFiles/hdf5-static.dir/H5Ptest.c.o -MF src/CMakeFiles/hdf5-static.dir/H5Ptest.c.o.d -o src/CMakeFiles/hdf5-static.dir/H5Ptest.c.o -c /home/byrn/HDF_Projects/hdf5/dev/src/H5Ptest.c
[279/4114] /usr/bin/cc -D_FILE_OFFSET_BITS=64 -D_GNU_SOURCE -D_LARGEFILE_SOURCE -D_POSIX_C_SOURCE=200809L -I/home/byrn/HDF_Projects/hdf5/dev/src -I/home/byrn/HDF_Projects/hdf5/dev/src/H5FDsubfiling -I/home/byrn/HDF_Projects/hdf5/build/ci-StdShar-GNUC/src -I/home/byrn/HDF_Projects/hdf5/build/ci-StdShar-GNUC/_deps/hdf5_zlib-build -I/home/byrn/HDF_Projects/hdf5/build/ci-StdShar-GNUC/_deps/hdf5_zlib-src -I/home/byrn/HDF_Projects/hdf5/build/ci-StdShar-GNUC/_deps/szip-build -I/home/byrn/HDF_Projects/hdf5/build/ci-StdShar-GNUC/_deps/szip-src/include -I/home/byrn/HDF_Projects/hdf5/build/ci-StdShar-GNUC/_deps/szip-src -std=c99  -fstdarg-opt -fdiagnostics-urls=never -fno-diagnostics-color -fmessage-length=0 -O2 -g -DNDEBUG -std=gnu99 -fPIC -Wall -Wcast-qual -Wconversion -Wextra -Wfloat-equal -Wformat=2 -Winit-self -Winvalid-pch -Wmissing-include-dirs -Wshadow -Wundef -Wwrite-strings -pedantic -Wno-c++-compat -Wbad-function-cast -Wcast-align -Wformat -Wimplicit-function-declaration -Wint-to-pointer-cast -Wmissing-declarations -Wmissing-prototypes -Wnested-externs -Wold-style-definition -Wpacked -Wpointer-sign -Wpointer-to-int-cast -Wredundant-decls -Wstrict-prototypes -Wswitch -Wunused-but-set-variable -Wunused-variable -Wunused-function -Wunused-parameter -finline-functions -Wno-aggregate-return -Wno-inline -Wno-missing-format-attribute -Wno-missing-noreturn -Wno-overlength-strings -Wlarger-than=2560 -Wlogical-op -Wframe-larger-than=16384 -Wpacked-bitfield-compat -Wsync-nand -Wno-unsuffixed-float-constants -Wdouble-promotion -Wtrampolines -Wstack-usage=8192 -Wmaybe-uninitialized -Wno-jump-misses-init -Wstrict-overflow=2 -Wno-suggest-attribute=const -Wno-suggest-attribute=noreturn -Wno-suggest-attribute=pure -Wno-suggest-attribute=format -Wdate-time -Warray-bounds=2 -Wc99-c11-compat -Wincompatible-pointer-types -Wint-conversion -Wduplicated-cond -Whsa -Wnormalized -Wnull-dereference -Wunused-const-variable -Walloca -Walloc-zero -Wduplicated-branches -Wformat-overflow=2 -Wformat-truncation=1 -Wrestrict -Wattribute-alias -Wshift-overflow=2 -Wcast-function-type -Wcast-align=strict -Wno-suggest-attribute=cold -Wno-suggest-attribute=malloc -Wattribute-alias=2 -Wmissing-profile -Wc11-c2x-compat -MD -MT src/CMakeFiles/hdf5-static.dir/H5Pocpypl.c.o -MF src/CMakeFiles/hdf5-static.dir/H5Pocpypl.c.o.d -o src/CMakeFiles/hdf5-static.dir/H5Pocpypl.c.o -c /home/byrn/HDF_Projects/hdf5/dev/src/H5Pocpypl.c
[280/4114] /usr/bin/cc -D_FILE_OFFSET_BITS=64 -D_GNU_SOURCE -D_LARGEFILE_SOURCE -D_POSIX_C_SOURCE=200809L -I/home/byrn/HDF_Projects/hdf5/dev/src -I/home/byrn/HDF_Projects/hdf5/dev/src/H5FDsubfiling -I/home/byrn/HDF_Projects/hdf5/build/ci-StdShar-GNUC/src -I/home/byrn/HDF_Projects/hdf5/build/ci-StdShar-GNUC/_deps/hdf5_zlib-build -I/home/byrn/HDF_Projects/hdf5/build/ci-StdShar-GNUC/_deps/hdf5_zlib-src -I/home/byrn/HDF_Projects/hdf5/build/ci-StdShar-GNUC/_deps/szip-build -I/home/byrn/HDF_Projects/hdf5/build/ci-StdShar-GNUC/_deps/szip-src/include -I/home/byrn/HDF_Projects/hdf5/build/ci-StdShar-GNUC/_deps/szip-src -std=c99  -fstdarg-opt -fdiagnostics-urls=never -fno-diagnostics-color -fmessage-length=0 -O2 -g -DNDEBUG -std=gnu99 -fPIC -Wall -Wcast-qual -Wconversion -Wextra -Wfloat-equal -Wformat=2 -Winit-self -Winvalid-pch -Wmissing-include-dirs -Wshadow -Wundef -Wwrite-strings -pedantic -Wno-c++-compat -Wbad-function-cast -Wcast-align -Wformat -Wimplicit-function-declaration -Wint-to-pointer-cast -Wmissing-declarations -Wmissing-prototypes -Wnested-externs -Wold-style-definition -Wpacked -Wpointer-sign -Wpointer-to-int-cast -Wredundant-decls -Wstrict-prototypes -Wswitch -Wunused-but-set-variable -Wunused-variable -Wunused-function -Wunused-parameter -finline-functions -Wno-aggregate-return -Wno-inline -Wno-missing-format-attribute -Wno-missing-noreturn -Wno-overlength-strings -Wlarger-than=2560 -Wlogical-op -Wframe-larger-than=16384 -Wpacked-bitfield-compat -Wsync-nand -Wno-unsuffixed-float-constants -Wdouble-promotion -Wtrampolines -Wstack-usage=8192 -Wmaybe-uninitialized -Wno-jump-misses-init -Wstrict-overflow=2 -Wno-suggest-attribute=const -Wno-suggest-attribute=noreturn -Wno-suggest-attribute=pure -Wno-suggest-attribute=format -Wdate-time -Warray-bounds=2 -Wc99-c11-compat -Wincompatible-pointer-types -Wint-conversion -Wduplicated-cond -Whsa -Wnormalized -Wnull-dereference -Wunused-const-variable -Walloca -Walloc-zero -Wduplicated-branches -Wformat-overflow=2 -Wformat-truncation=1 -Wrestrict -Wattribute-alias -Wshift-overflow=2 -Wcast-function-type -Wcast-align=strict -Wno-suggest-attribute=cold -Wno-suggest-attribute=malloc -Wattribute-alias=2 -Wmissing-profile -Wc11-c2x-compat -MD -MT src/CMakeFiles/hdf5-static.dir/H5PLint.c.o -MF src/CMakeFiles/hdf5-static.dir/H5PLint.c.o.d -o src/CMakeFiles/hdf5-static.dir/H5PLint.c.o -c /home/byrn/HDF_Projects/hdf5/dev/src/H5PLint.c
[281/4114] /usr/bin/cc -D_FILE_OFFSET_BITS=64 -D_GNU_SOURCE -D_LARGEFILE_SOURCE -D_POSIX_C_SOURCE=200809L -I/home/byrn/HDF_Projects/hdf5/dev/src -I/home/byrn/HDF_Projects/hdf5/dev/src/H5FDsubfiling -I/home/byrn/HDF_Projects/hdf5/build/ci-StdShar-GNUC/src -I/home/byrn/HDF_Projects/hdf5/build/ci-StdShar-GNUC/_deps/hdf5_zlib-build -I/home/byrn/HDF_Projects/hdf5/build/ci-StdShar-GNUC/_deps/hdf5_zlib-src -I/home/byrn/HDF_Projects/hdf5/build/ci-StdShar-GNUC/_deps/szip-build -I/home/byrn/HDF_Projects/hdf5/build/ci-StdShar-GNUC/_deps/szip-src/include -I/home/byrn/HDF_Projects/hdf5/build/ci-StdShar-GNUC/_deps/szip-src -std=c99  -fstdarg-opt -fdiagnostics-urls=never -fno-diagnostics-color -fmessage-length=0 -O2 -g -DNDEBUG -std=gnu99 -fPIC -Wall -Wcast-qual -Wconversion -Wextra -Wfloat-equal -Wformat=2 -Winit-self -Winvalid-pch -Wmissing-include-dirs -Wshadow -Wundef -Wwrite-strings -pedantic -Wno-c++-compat -Wbad-function-cast -Wcast-align -Wformat -Wimplicit-function-declaration -Wint-to-pointer-cast -Wmissing-declarations -Wmissing-prototypes -Wnested-externs -Wold-style-definition -Wpacked -Wpointer-sign -Wpointer-to-int-cast -Wredundant-decls -Wstrict-prototypes -Wswitch -Wunused-but-set-variable -Wunused-variable -Wunused-function -Wunused-parameter -finline-functions -Wno-aggregate-return -Wno-inline -Wno-missing-format-attribute -Wno-missing-noreturn -Wno-overlength-strings -Wlarger-than=2560 -Wlogical-op -Wframe-larger-than=16384 -Wpacked-bitfield-compat -Wsync-nand -Wno-unsuffixed-float-constants -Wdouble-promotion -Wtrampolines -Wstack-usage=8192 -Wmaybe-uninitialized -Wno-jump-misses-init -Wstrict-overflow=2 -Wno-suggest-attribute=const -Wno-suggest-attribute=noreturn -Wno-suggest-attribute=pure -Wno-suggest-attribute=format -Wdate-time -Warray-bounds=2 -Wc99-c11-compat -Wincompatible-pointer-types -Wint-conversion -Wduplicated-cond -Whsa -Wnormalized -Wnull-dereference -Wunused-const-variable -Walloca -Walloc-zero -Wduplicated-branches -Wformat-overflow=2 -Wformat-truncation=1 -Wrestrict -Wattribute-alias -Wshift-overflow=2 -Wcast-function-type -Wcast-align=strict -Wno-suggest-attribute=cold -Wno-suggest-attribute=malloc -Wattribute-alias=2 -Wmissing-profile -Wc11-c2x-compat -MD -MT src/CMakeFiles/hdf5-static.dir/H5PL.c.o -MF src/CMakeFiles/hdf5-static.dir/H5PL.c.o.d -o src/CMakeFiles/hdf5-static.dir/H5PL.c.o -c /home/byrn/HDF_Projects/hdf5/dev/src/H5PL.c
[282/4114] /usr/bin/cc -D_FILE_OFFSET_BITS=64 -D_GNU_SOURCE -D_LARGEFILE_SOURCE -D_POSIX_C_SOURCE=200809L -I/home/byrn/HDF_Projects/hdf5/dev/src -I/home/byrn/HDF_Projects/hdf5/dev/src/H5FDsubfiling -I/home/byrn/HDF_Projects/hdf5/build/ci-StdShar-GNUC/src -I/home/byrn/HDF_Projects/hdf5/build/ci-StdShar-GNUC/_deps/hdf5_zlib-build -I/home/byrn/HDF_Projects/hdf5/build/ci-StdShar-GNUC/_deps/hdf5_zlib-src -I/home/byrn/HDF_Projects/hdf5/build/ci-StdShar-GNUC/_deps/szip-build -I/home/byrn/HDF_Projects/hdf5/build/ci-StdShar-GNUC/_deps/szip-src/include -I/home/byrn/HDF_Projects/hdf5/build/ci-StdShar-GNUC/_deps/szip-src -std=c99  -fstdarg-opt -fdiagnostics-urls=never -fno-diagnostics-color -fmessage-length=0 -O2 -g -DNDEBUG -std=gnu99 -fPIC -Wall -Wcast-qual -Wconversion -Wextra -Wfloat-equal -Wformat=2 -Winit-self -Winvalid-pch -Wmissing-include-dirs -Wshadow -Wundef -Wwrite-strings -pedantic -Wno-c++-compat -Wbad-function-cast -Wcast-align -Wformat -Wimplicit-function-declaration -Wint-to-pointer-cast -Wmissing-declarations -Wmissing-prototypes -Wnested-externs -Wold-style-definition -Wpacked -Wpointer-sign -Wpointer-to-int-cast -Wredundant-decls -Wstrict-prototypes -Wswitch -Wunused-but-set-variable -Wunused-variable -Wunused-function -Wunused-parameter -finline-functions -Wno-aggregate-return -Wno-inline -Wno-missing-format-attribute -Wno-missing-noreturn -Wno-overlength-strings -Wlarger-than=2560 -Wlogical-op -Wframe-larger-than=16384 -Wpacked-bitfield-compat -Wsync-nand -Wno-unsuffixed-float-constants -Wdouble-promotion -Wtrampolines -Wstack-usage=8192 -Wmaybe-uninitialized -Wno-jump-misses-init -Wstrict-overflow=2 -Wno-suggest-attribute=const -Wno-suggest-attribute=noreturn -Wno-suggest-attribute=pure -Wno-suggest-attribute=format -Wdate-time -Warray-bounds=2 -Wc99-c11-compat -Wincompatible-pointer-types -Wint-conversion -Wduplicated-cond -Whsa -Wnormalized -Wnull-dereference -Wunused-const-variable -Walloca -Walloc-zero -Wduplicated-branches -Wformat-overflow=2 -Wformat-truncation=1 -Wrestrict -Wattribute-alias -Wshift-overflow=2 -Wcast-function-type -Wcast-align=strict -Wno-suggest-attribute=cold -Wno-suggest-attribute=malloc -Wattribute-alias=2 -Wmissing-profile -Wc11-c2x-compat -MD -MT src/CMakeFiles/hdf5-static.dir/H5Pint.c.o -MF src/CMakeFiles/hdf5-static.dir/H5Pint.c.o.d -o src/CMakeFiles/hdf5-static.dir/H5Pint.c.o -c /home/byrn/HDF_Projects/hdf5/dev/src/H5Pint.c
[283/4114] /usr/bin/cc -D_FILE_OFFSET_BITS=64 -D_GNU_SOURCE -D_LARGEFILE_SOURCE -D_POSIX_C_SOURCE=200809L -I/home/byrn/HDF_Projects/hdf5/dev/src -I/home/byrn/HDF_Projects/hdf5/dev/src/H5FDsubfiling -I/home/byrn/HDF_Projects/hdf5/build/ci-StdShar-GNUC/src -I/home/byrn/HDF_Projects/hdf5/build/ci-StdShar-GNUC/_deps/hdf5_zlib-build -I/home/byrn/HDF_Projects/hdf5/build/ci-StdShar-GNUC/_deps/hdf5_zlib-src -I/home/byrn/HDF_Projects/hdf5/build/ci-StdShar-GNUC/_deps/szip-build -I/home/byrn/HDF_Projects/hdf5/build/ci-StdShar-GNUC/_deps/szip-src/include -I/home/byrn/HDF_Projects/hdf5/build/ci-StdShar-GNUC/_deps/szip-src -std=c99  -fstdarg-opt -fdiagnostics-urls=never -fno-diagnostics-color -fmessage-length=0 -O2 -g -DNDEBUG -std=gnu99 -fPIC -Wall -Wcast-qual -Wconversion -Wextra -Wfloat-equal -Wformat=2 -Winit-self -Winvalid-pch -Wmissing-include-dirs -Wshadow -Wundef -Wwrite-strings -pedantic -Wno-c++-compat -Wbad-function-cast -Wcast-align -Wformat -Wimplicit-function-declaration -Wint-to-pointer-cast -Wmissing-declarations -Wmissing-prototypes -Wnested-externs -Wold-style-definition -Wpacked -Wpointer-sign -Wpointer-to-int-cast -Wredundant-decls -Wstrict-prototypes -Wswitch -Wunused-but-set-variable -Wunused-variable -Wunused-function -Wunused-parameter -finline-functions -Wno-aggregate-return -Wno-inline -Wno-missing-format-attribute -Wno-missing-noreturn -Wno-overlength-strings -Wlarger-than=2560 -Wlogical-op -Wframe-larger-than=16384 -Wpacked-bitfield-compat -Wsync-nand -Wno-unsuffixed-float-constants -Wdouble-promotion -Wtrampolines -Wstack-usage=8192 -Wmaybe-uninitialized -Wno-jump-misses-init -Wstrict-overflow=2 -Wno-suggest-attribute=const -Wno-suggest-attribute=noreturn -Wno-suggest-attribute=pure -Wno-suggest-attribute=format -Wdate-time -Warray-bounds=2 -Wc99-c11-compat -Wincompatible-pointer-types -Wint-conversion -Wduplicated-cond -Whsa -Wnormalized -Wnull-dereference -Wunused-const-variable -Walloca -Walloc-zero -Wduplicated-branches -Wformat-overflow=2 -Wformat-truncation=1 -Wrestrict -Wattribute-alias -Wshift-overflow=2 -Wcast-function-type -Wcast-align=strict -Wno-suggest-attribute=cold -Wno-suggest-attribute=malloc -Wattribute-alias=2 -Wmissing-profile -Wc11-c2x-compat -MD -MT src/CMakeFiles/hdf5-static.dir/H5PLpath.c.o -MF src/CMakeFiles/hdf5-static.dir/H5PLpath.c.o.d -o src/CMakeFiles/hdf5-static.dir/H5PLpath.c.o -c /home/byrn/HDF_Projects/hdf5/dev/src/H5PLpath.c
[284/4114] /usr/bin/cc -D_FILE_OFFSET_BITS=64 -D_GNU_SOURCE -D_LARGEFILE_SOURCE -D_POSIX_C_SOURCE=200809L -I/home/byrn/HDF_Projects/hdf5/dev/src -I/home/byrn/HDF_Projects/hdf5/dev/src/H5FDsubfiling -I/home/byrn/HDF_Projects/hdf5/build/ci-StdShar-GNUC/src -I/home/byrn/HDF_Projects/hdf5/build/ci-StdShar-GNUC/_deps/hdf5_zlib-build -I/home/byrn/HDF_Projects/hdf5/build/ci-StdShar-GNUC/_deps/hdf5_zlib-src -I/home/byrn/HDF_Projects/hdf5/build/ci-StdShar-GNUC/_deps/szip-build -I/home/byrn/HDF_Projects/hdf5/build/ci-StdShar-GNUC/_deps/szip-src/include -I/home/byrn/HDF_Projects/hdf5/build/ci-StdShar-GNUC/_deps/szip-src -std=c99  -fstdarg-opt -fdiagnostics-urls=never -fno-diagnostics-color -fmessage-length=0 -O2 -g -DNDEBUG -std=gnu99 -fPIC -Wall -Wcast-qual -Wconversion -Wextra -Wfloat-equal -Wformat=2 -Winit-self -Winvalid-pch -Wmissing-include-dirs -Wshadow -Wundef -Wwrite-strings -pedantic -Wno-c++-compat -Wbad-function-cast -Wcast-align -Wformat -Wimplicit-function-declaration -Wint-to-pointer-cast -Wmissing-declarations -Wmissing-prototypes -Wnested-externs -Wold-style-definition -Wpacked -Wpointer-sign -Wpointer-to-int-cast -Wredundant-decls -Wstrict-prototypes -Wswitch -Wunused-but-set-variable -Wunused-variable -Wunused-function -Wunused-parameter -finline-functions -Wno-aggregate-return -Wno-inline -Wno-missing-format-attribute -Wno-missing-noreturn -Wno-overlength-strings -Wlarger-than=2560 -Wlogical-op -Wframe-larger-than=16384 -Wpacked-bitfield-compat -Wsync-nand -Wno-unsuffixed-float-constants -Wdouble-promotion -Wtrampolines -Wstack-usage=8192 -Wmaybe-uninitialized -Wno-jump-misses-init -Wstrict-overflow=2 -Wno-suggest-attribute=const -Wno-suggest-attribute=noreturn -Wno-suggest-attribute=pure -Wno-suggest-attribute=format -Wdate-time -Warray-bounds=2 -Wc99-c11-compat -Wincompatible-pointer-types -Wint-conversion -Wduplicated-cond -Whsa -Wnormalized -Wnull-dereference -Wunused-const-variable -Walloca -Walloc-zero -Wduplicated-branches -Wformat-overflow=2 -Wformat-truncation=1 -Wrestrict -Wattribute-alias -Wshift-overflow=2 -Wcast-function-type -Wcast-align=strict -Wno-suggest-attribute=cold -Wno-suggest-attribute=malloc -Wattribute-alias=2 -Wmissing-profile -Wc11-c2x-compat -MD -MT src/CMakeFiles/hdf5-static.dir/H5PLplugin_cache.c.o -MF src/CMakeFiles/hdf5-static.dir/H5PLplugin_cache.c.o.d -o src/CMakeFiles/hdf5-static.dir/H5PLplugin_cache.c.o -c /home/byrn/HDF_Projects/hdf5/dev/src/H5PLplugin_cache.c
[285/4114] /usr/bin/cc -D_FILE_OFFSET_BITS=64 -D_GNU_SOURCE -D_LARGEFILE_SOURCE -D_POSIX_C_SOURCE=200809L -I/home/byrn/HDF_Projects/hdf5/dev/src -I/home/byrn/HDF_Projects/hdf5/dev/src/H5FDsubfiling -I/home/byrn/HDF_Projects/hdf5/build/ci-StdShar-GNUC/src -I/home/byrn/HDF_Projects/hdf5/build/ci-StdShar-GNUC/_deps/hdf5_zlib-build -I/home/byrn/HDF_Projects/hdf5/build/ci-StdShar-GNUC/_deps/hdf5_zlib-src -I/home/byrn/HDF_Projects/hdf5/build/ci-StdShar-GNUC/_deps/szip-build -I/home/byrn/HDF_Projects/hdf5/build/ci-StdShar-GNUC/_deps/szip-src/include -I/home/byrn/HDF_Projects/hdf5/build/ci-StdShar-GNUC/_deps/szip-src -std=c99  -fstdarg-opt -fdiagnostics-urls=never -fno-diagnostics-color -fmessage-length=0 -O2 -g -DNDEBUG -std=gnu99 -fPIC -Wall -Wcast-qual -Wconversion -Wextra -Wfloat-equal -Wformat=2 -Winit-self -Winvalid-pch -Wmissing-include-dirs -Wshadow -Wundef -Wwrite-strings -pedantic -Wno-c++-compat -Wbad-function-cast -Wcast-align -Wformat -Wimplicit-function-declaration -Wint-to-pointer-cast -Wmissing-declarations -Wmissing-prototypes -Wnested-externs -Wold-style-definition -Wpacked -Wpointer-sign -Wpointer-to-int-cast -Wredundant-decls -Wstrict-prototypes -Wswitch -Wunused-but-set-variable -Wunused-variable -Wunused-function -Wunused-parameter -finline-functions -Wno-aggregate-return -Wno-inline -Wno-missing-format-attribute -Wno-missing-noreturn -Wno-overlength-strings -Wlarger-than=2560 -Wlogical-op -Wframe-larger-than=16384 -Wpacked-bitfield-compat -Wsync-nand -Wno-unsuffixed-float-constants -Wdouble-promotion -Wtrampolines -Wstack-usage=8192 -Wmaybe-uninitialized -Wno-jump-misses-init -Wstrict-overflow=2 -Wno-suggest-attribute=const -Wno-suggest-attribute=noreturn -Wno-suggest-attribute=pure -Wno-suggest-attribute=format -Wdate-time -Warray-bounds=2 -Wc99-c11-compat -Wincompatible-pointer-types -Wint-conversion -Wduplicated-cond -Whsa -Wnormalized -Wnull-dereference -Wunused-const-variable -Walloca -Walloc-zero -Wduplicated-branches -Wformat-overflow=2 -Wformat-truncation=1 -Wrestrict -Wattribute-alias -Wshift-overflow=2 -Wcast-function-type -Wcast-align=strict -Wno-suggest-attribute=cold -Wno-suggest-attribute=malloc -Wattribute-alias=2 -Wmissing-profile -Wc11-c2x-compat -MD -MT src/CMakeFiles/hdf5-static.dir/H5Pdcpl.c.o -MF src/CMakeFiles/hdf5-static.dir/H5Pdcpl.c.o.d -o src/CMakeFiles/hdf5-static.dir/H5Pdcpl.c.o -c /home/byrn/HDF_Projects/hdf5/dev/src/H5Pdcpl.c
[286/4114] /usr/bin/cc -D_FILE_OFFSET_BITS=64 -D_GNU_SOURCE -D_LARGEFILE_SOURCE -D_POSIX_C_SOURCE=200809L -I/home/byrn/HDF_Projects/hdf5/dev/src -I/home/byrn/HDF_Projects/hdf5/dev/src/H5FDsubfiling -I/home/byrn/HDF_Projects/hdf5/build/ci-StdShar-GNUC/src -I/home/byrn/HDF_Projects/hdf5/build/ci-StdShar-GNUC/_deps/hdf5_zlib-build -I/home/byrn/HDF_Projects/hdf5/build/ci-StdShar-GNUC/_deps/hdf5_zlib-src -I/home/byrn/HDF_Projects/hdf5/build/ci-StdShar-GNUC/_deps/szip-build -I/home/byrn/HDF_Projects/hdf5/build/ci-StdShar-GNUC/_deps/szip-src/include -I/home/byrn/HDF_Projects/hdf5/build/ci-StdShar-GNUC/_deps/szip-src -std=c99  -fstdarg-opt -fdiagnostics-urls=never -fno-diagnostics-color -fmessage-length=0 -O2 -g -DNDEBUG -std=gnu99 -fPIC -Wall -Wcast-qual -Wconversion -Wextra -Wfloat-equal -Wformat=2 -Winit-self -Winvalid-pch -Wmissing-include-dirs -Wshadow -Wundef -Wwrite-strings -pedantic -Wno-c++-compat -Wbad-function-cast -Wcast-align -Wformat -Wimplicit-function-declaration -Wint-to-pointer-cast -Wmissing-declarations -Wmissing-prototypes -Wnested-externs -Wold-style-definition -Wpacked -Wpointer-sign -Wpointer-to-int-cast -Wredundant-decls -Wstrict-prototypes -Wswitch -Wunused-but-set-variable -Wunused-variable -Wunused-function -Wunused-parameter -finline-functions -Wno-aggregate-return -Wno-inline -Wno-missing-format-attribute -Wno-missing-noreturn -Wno-overlength-strings -Wlarger-than=2560 -Wlogical-op -Wframe-larger-than=16384 -Wpacked-bitfield-compat -Wsync-nand -Wno-unsuffixed-float-constants -Wdouble-promotion -Wtrampolines -Wstack-usage=8192 -Wmaybe-uninitialized -Wno-jump-misses-init -Wstrict-overflow=2 -Wno-suggest-attribute=const -Wno-suggest-attribute=noreturn -Wno-suggest-attribute=pure -Wno-suggest-attribute=format -Wdate-time -Warray-bounds=2 -Wc99-c11-compat -Wincompatible-pointer-types -Wint-conversion -Wduplicated-cond -Whsa -Wnormalized -Wnull-dereference -Wunused-const-variable -Walloca -Walloc-zero -Wduplicated-branches -Wformat-overflow=2 -Wformat-truncation=1 -Wrestrict -Wattribute-alias -Wshift-overflow=2 -Wcast-function-type -Wcast-align=strict -Wno-suggest-attribute=cold -Wno-suggest-attribute=malloc -Wattribute-alias=2 -Wmissing-profile -Wc11-c2x-compat -MD -MT src/CMakeFiles/hdf5-static.dir/H5Pocpl.c.o -MF src/CMakeFiles/hdf5-static.dir/H5Pocpl.c.o.d -o src/CMakeFiles/hdf5-static.dir/H5Pocpl.c.o -c /home/byrn/HDF_Projects/hdf5/dev/src/H5Pocpl.c
[287/4114] /usr/bin/cc -D_FILE_OFFSET_BITS=64 -D_GNU_SOURCE -D_LARGEFILE_SOURCE -D_POSIX_C_SOURCE=200809L -I/home/byrn/HDF_Projects/hdf5/dev/src -I/home/byrn/HDF_Projects/hdf5/dev/src/H5FDsubfiling -I/home/byrn/HDF_Projects/hdf5/build/ci-StdShar-GNUC/src -I/home/byrn/HDF_Projects/hdf5/build/ci-StdShar-GNUC/_deps/hdf5_zlib-build -I/home/byrn/HDF_Projects/hdf5/build/ci-StdShar-GNUC/_deps/hdf5_zlib-src -I/home/byrn/HDF_Projects/hdf5/build/ci-StdShar-GNUC/_deps/szip-build -I/home/byrn/HDF_Projects/hdf5/build/ci-StdShar-GNUC/_deps/szip-src/include -I/home/byrn/HDF_Projects/hdf5/build/ci-StdShar-GNUC/_deps/szip-src -std=c99  -fstdarg-opt -fdiagnostics-urls=never -fno-diagnostics-color -fmessage-length=0 -O2 -g -DNDEBUG -std=gnu99 -fPIC -Wall -Wcast-qual -Wconversion -Wextra -Wfloat-equal -Wformat=2 -Winit-self -Winvalid-pch -Wmissing-include-dirs -Wshadow -Wundef -Wwrite-strings -pedantic -Wno-c++-compat -Wbad-function-cast -Wcast-align -Wformat -Wimplicit-function-declaration -Wint-to-pointer-cast -Wmissing-declarations -Wmissing-prototypes -Wnested-externs -Wold-style-definition -Wpacked -Wpointer-sign -Wpointer-to-int-cast -Wredundant-decls -Wstrict-prototypes -Wswitch -Wunused-but-set-variable -Wunused-variable -Wunused-function -Wunused-parameter -finline-functions -Wno-aggregate-return -Wno-inline -Wno-missing-format-attribute -Wno-missing-noreturn -Wno-overlength-strings -Wlarger-than=2560 -Wlogical-op -Wframe-larger-than=16384 -Wpacked-bitfield-compat -Wsync-nand -Wno-unsuffixed-float-constants -Wdouble-promotion -Wtrampolines -Wstack-usage=8192 -Wmaybe-uninitialized -Wno-jump-misses-init -Wstrict-overflow=2 -Wno-suggest-attribute=const -Wno-suggest-attribute=noreturn -Wno-suggest-attribute=pure -Wno-suggest-attribute=format -Wdate-time -Warray-bounds=2 -Wc99-c11-compat -Wincompatible-pointer-types -Wint-conversion -Wduplicated-cond -Whsa -Wnormalized -Wnull-dereference -Wunused-const-variable -Walloca -Walloc-zero -Wduplicated-branches -Wformat-overflow=2 -Wformat-truncation=1 -Wrestrict -Wattribute-alias -Wshift-overflow=2 -Wcast-function-type -Wcast-align=strict -Wno-suggest-attribute=cold -Wno-suggest-attribute=malloc -Wattribute-alias=2 -Wmissing-profile -Wc11-c2x-compat -MD -MT src/CMakeFiles/hdf5-static.dir/H5PB.c.o -MF src/CMakeFiles/hdf5-static.dir/H5PB.c.o.d -o src/CMakeFiles/hdf5-static.dir/H5PB.c.o -c /home/byrn/HDF_Projects/hdf5/dev/src/H5PB.c
[288/4114] /usr/bin/cc -D_FILE_OFFSET_BITS=64 -D_GNU_SOURCE -D_LARGEFILE_SOURCE -D_POSIX_C_SOURCE=200809L -I/home/byrn/HDF_Projects/hdf5/dev/src -I/home/byrn/HDF_Projects/hdf5/dev/src/H5FDsubfiling -I/home/byrn/HDF_Projects/hdf5/build/ci-StdShar-GNUC/src -I/home/byrn/HDF_Projects/hdf5/build/ci-StdShar-GNUC/_deps/hdf5_zlib-build -I/home/byrn/HDF_Projects/hdf5/build/ci-StdShar-GNUC/_deps/hdf5_zlib-src -I/home/byrn/HDF_Projects/hdf5/build/ci-StdShar-GNUC/_deps/szip-build -I/home/byrn/HDF_Projects/hdf5/build/ci-StdShar-GNUC/_deps/szip-src/include -I/home/byrn/HDF_Projects/hdf5/build/ci-StdShar-GNUC/_deps/szip-src -std=c99  -fstdarg-opt -fdiagnostics-urls=never -fno-diagnostics-color -fmessage-length=0 -O2 -g -DNDEBUG -std=gnu99 -fPIC -Wall -Wcast-qual -Wconversion -Wextra -Wfloat-equal -Wformat=2 -Winit-self -Winvalid-pch -Wmissing-include-dirs -Wshadow -Wundef -Wwrite-strings -pedantic -Wno-c++-compat -Wbad-function-cast -Wcast-align -Wformat -Wimplicit-function-declaration -Wint-to-pointer-cast -Wmissing-declarations -Wmissing-prototypes -Wnested-externs -Wold-style-definition -Wpacked -Wpointer-sign -Wpointer-to-int-cast -Wredundant-decls -Wstrict-prototypes -Wswitch -Wunused-but-set-variable -Wunused-variable -Wunused-function -Wunused-parameter -finline-functions -Wno-aggregate-return -Wno-inline -Wno-missing-format-attribute -Wno-missing-noreturn -Wno-overlength-strings -Wlarger-than=2560 -Wlogical-op -Wframe-larger-than=16384 -Wpacked-bitfield-compat -Wsync-nand -Wno-unsuffixed-float-constants -Wdouble-promotion -Wtrampolines -Wstack-usage=8192 -Wmaybe-uninitialized -Wno-jump-misses-init -Wstrict-overflow=2 -Wno-suggest-attribute=const -Wno-suggest-attribute=noreturn -Wno-suggest-attribute=pure -Wno-suggest-attribute=format -Wdate-time -Warray-bounds=2 -Wc99-c11-compat -Wincompatible-pointer-types -Wint-conversion -Wduplicated-cond -Whsa -Wnormalized -Wnull-dereference -Wunused-const-variable -Walloca -Walloc-zero -Wduplicated-branches -Wformat-overflow=2 -Wformat-truncation=1 -Wrestrict -Wattribute-alias -Wshift-overflow=2 -Wcast-function-type -Wcast-align=strict -Wno-suggest-attribute=cold -Wno-suggest-attribute=malloc -Wattribute-alias=2 -Wmissing-profile -Wc11-c2x-compat -MD -MT src/CMakeFiles/hdf5-static.dir/H5UC.c.o -MF src/CMakeFiles/hdf5-static.dir/H5UC.c.o.d -o src/CMakeFiles/hdf5-static.dir/H5UC.c.o -c /home/byrn/HDF_Projects/hdf5/dev/src/H5UC.c
[289/4114] /usr/bin/cc -D_FILE_OFFSET_BITS=64 -D_GNU_SOURCE -D_LARGEFILE_SOURCE -D_POSIX_C_SOURCE=200809L -I/home/byrn/HDF_Projects/hdf5/dev/src -I/home/byrn/HDF_Projects/hdf5/dev/src/H5FDsubfiling -I/home/byrn/HDF_Projects/hdf5/build/ci-StdShar-GNUC/src -I/home/byrn/HDF_Projects/hdf5/build/ci-StdShar-GNUC/_deps/hdf5_zlib-build -I/home/byrn/HDF_Projects/hdf5/build/ci-StdShar-GNUC/_deps/hdf5_zlib-src -I/home/byrn/HDF_Projects/hdf5/build/ci-StdShar-GNUC/_deps/szip-build -I/home/byrn/HDF_Projects/hdf5/build/ci-StdShar-GNUC/_deps/szip-src/include -I/home/byrn/HDF_Projects/hdf5/build/ci-StdShar-GNUC/_deps/szip-src -std=c99  -fstdarg-opt -fdiagnostics-urls=never -fno-diagnostics-color -fmessage-length=0 -O2 -g -DNDEBUG -std=gnu99 -fPIC -Wall -Wcast-qual -Wconversion -Wextra -Wfloat-equal -Wformat=2 -Winit-self -Winvalid-pch -Wmissing-include-dirs -Wshadow -Wundef -Wwrite-strings -pedantic -Wno-c++-compat -Wbad-function-cast -Wcast-align -Wformat -Wimplicit-function-declaration -Wint-to-pointer-cast -Wmissing-declarations -Wmissing-prototypes -Wnested-externs -Wold-style-definition -Wpacked -Wpointer-sign -Wpointer-to-int-cast -Wredundant-decls -Wstrict-prototypes -Wswitch -Wunused-but-set-variable -Wunused-variable -Wunused-function -Wunused-parameter -finline-functions -Wno-aggregate-return -Wno-inline -Wno-missing-format-attribute -Wno-missing-noreturn -Wno-overlength-strings -Wlarger-than=2560 -Wlogical-op -Wframe-larger-than=16384 -Wpacked-bitfield-compat -Wsync-nand -Wno-unsuffixed-float-constants -Wdouble-promotion -Wtrampolines -Wstack-usage=8192 -Wmaybe-uninitialized -Wno-jump-misses-init -Wstrict-overflow=2 -Wno-suggest-attribute=const -Wno-suggest-attribute=noreturn -Wno-suggest-attribute=pure -Wno-suggest-attribute=format -Wdate-time -Warray-bounds=2 -Wc99-c11-compat -Wincompatible-pointer-types -Wint-conversion -Wduplicated-cond -Whsa -Wnormalized -Wnull-dereference -Wunused-const-variable -Walloca -Walloc-zero -Wduplicated-branches -Wformat-overflow=2 -Wformat-truncation=1 -Wrestrict -Wattribute-alias -Wshift-overflow=2 -Wcast-function-type -Wcast-align=strict -Wno-suggest-attribute=cold -Wno-suggest-attribute=malloc -Wattribute-alias=2 -Wmissing-profile -Wc11-c2x-compat -MD -MT src/CMakeFiles/hdf5-static.dir/H5Sdbg.c.o -MF src/CMakeFiles/hdf5-static.dir/H5Sdbg.c.o.d -o src/CMakeFiles/hdf5-static.dir/H5Sdbg.c.o -c /home/byrn/HDF_Projects/hdf5/dev/src/H5Sdbg.c
[290/4114] /usr/bin/cc -D_FILE_OFFSET_BITS=64 -D_GNU_SOURCE -D_LARGEFILE_SOURCE -D_POSIX_C_SOURCE=200809L -I/home/byrn/HDF_Projects/hdf5/dev/src -I/home/byrn/HDF_Projects/hdf5/dev/src/H5FDsubfiling -I/home/byrn/HDF_Projects/hdf5/build/ci-StdShar-GNUC/src -I/home/byrn/HDF_Projects/hdf5/build/ci-StdShar-GNUC/_deps/hdf5_zlib-build -I/home/byrn/HDF_Projects/hdf5/build/ci-StdShar-GNUC/_deps/hdf5_zlib-src -I/home/byrn/HDF_Projects/hdf5/build/ci-StdShar-GNUC/_deps/szip-build -I/home/byrn/HDF_Projects/hdf5/build/ci-StdShar-GNUC/_deps/szip-src/include -I/home/byrn/HDF_Projects/hdf5/build/ci-StdShar-GNUC/_deps/szip-src -std=c99  -fstdarg-opt -fdiagnostics-urls=never -fno-diagnostics-color -fmessage-length=0 -O2 -g -DNDEBUG -std=gnu99 -fPIC -Wall -Wcast-qual -Wconversion -Wextra -Wfloat-equal -Wformat=2 -Winit-self -Winvalid-pch -Wmissing-include-dirs -Wshadow -Wundef -Wwrite-strings -pedantic -Wno-c++-compat -Wbad-function-cast -Wcast-align -Wformat -Wimplicit-function-declaration -Wint-to-pointer-cast -Wmissing-declarations -Wmissing-prototypes -Wnested-externs -Wold-style-definition -Wpacked -Wpointer-sign -Wpointer-to-int-cast -Wredundant-decls -Wstrict-prototypes -Wswitch -Wunused-but-set-variable -Wunused-variable -Wunused-function -Wunused-parameter -finline-functions -Wno-aggregate-return -Wno-inline -Wno-missing-format-attribute -Wno-missing-noreturn -Wno-overlength-strings -Wlarger-than=2560 -Wlogical-op -Wframe-larger-than=16384 -Wpacked-bitfield-compat -Wsync-nand -Wno-unsuffixed-float-constants -Wdouble-promotion -Wtrampolines -Wstack-usage=8192 -Wmaybe-uninitialized -Wno-jump-misses-init -Wstrict-overflow=2 -Wno-suggest-attribute=const -Wno-suggest-attribute=noreturn -Wno-suggest-attribute=pure -Wno-suggest-attribute=format -Wdate-time -Warray-bounds=2 -Wc99-c11-compat -Wincompatible-pointer-types -Wint-conversion -Wduplicated-cond -Whsa -Wnormalized -Wnull-dereference -Wunused-const-variable -Walloca -Walloc-zero -Wduplicated-branches -Wformat-overflow=2 -Wformat-truncation=1 -Wrestrict -Wattribute-alias -Wshift-overflow=2 -Wcast-function-type -Wcast-align=strict -Wno-suggest-attribute=cold -Wno-suggest-attribute=malloc -Wattribute-alias=2 -Wmissing-profile -Wc11-c2x-compat -MD -MT src/CMakeFiles/hdf5-static.dir/H5RS.c.o -MF src/CMakeFiles/hdf5-static.dir/H5RS.c.o.d -o src/CMakeFiles/hdf5-static.dir/H5RS.c.o -c /home/byrn/HDF_Projects/hdf5/dev/src/H5RS.c
[291/4114] /usr/bin/cc -D_FILE_OFFSET_BITS=64 -D_GNU_SOURCE -D_LARGEFILE_SOURCE -D_POSIX_C_SOURCE=200809L -I/home/byrn/HDF_Projects/hdf5/dev/src -I/home/byrn/HDF_Projects/hdf5/dev/src/H5FDsubfiling -I/home/byrn/HDF_Projects/hdf5/build/ci-StdShar-GNUC/src -I/home/byrn/HDF_Projects/hdf5/build/ci-StdShar-GNUC/_deps/hdf5_zlib-build -I/home/byrn/HDF_Projects/hdf5/build/ci-StdShar-GNUC/_deps/hdf5_zlib-src -I/home/byrn/HDF_Projects/hdf5/build/ci-StdShar-GNUC/_deps/szip-build -I/home/byrn/HDF_Projects/hdf5/build/ci-StdShar-GNUC/_deps/szip-src/include -I/home/byrn/HDF_Projects/hdf5/build/ci-StdShar-GNUC/_deps/szip-src -std=c99  -fstdarg-opt -fdiagnostics-urls=never -fno-diagnostics-color -fmessage-length=0 -O2 -g -DNDEBUG -std=gnu99 -fPIC -Wall -Wcast-qual -Wconversion -Wextra -Wfloat-equal -Wformat=2 -Winit-self -Winvalid-pch -Wmissing-include-dirs -Wshadow -Wundef -Wwrite-strings -pedantic -Wno-c++-compat -Wbad-function-cast -Wcast-align -Wformat -Wimplicit-function-declaration -Wint-to-pointer-cast -Wmissing-declarations -Wmissing-prototypes -Wnested-externs -Wold-style-definition -Wpacked -Wpointer-sign -Wpointer-to-int-cast -Wredundant-decls -Wstrict-prototypes -Wswitch -Wunused-but-set-variable -Wunused-variable -Wunused-function -Wunused-parameter -finline-functions -Wno-aggregate-return -Wno-inline -Wno-missing-format-attribute -Wno-missing-noreturn -Wno-overlength-strings -Wlarger-than=2560 -Wlogical-op -Wframe-larger-than=16384 -Wpacked-bitfield-compat -Wsync-nand -Wno-unsuffixed-float-constants -Wdouble-promotion -Wtrampolines -Wstack-usage=8192 -Wmaybe-uninitialized -Wno-jump-misses-init -Wstrict-overflow=2 -Wno-suggest-attribute=const -Wno-suggest-attribute=noreturn -Wno-suggest-attribute=pure -Wno-suggest-attribute=format -Wdate-time -Warray-bounds=2 -Wc99-c11-compat -Wincompatible-pointer-types -Wint-conversion -Wduplicated-cond -Whsa -Wnormalized -Wnull-dereference -Wunused-const-variable -Walloca -Walloc-zero -Wduplicated-branches -Wformat-overflow=2 -Wformat-truncation=1 -Wrestrict -Wattribute-alias -Wshift-overflow=2 -Wcast-function-type -Wcast-align=strict -Wno-suggest-attribute=cold -Wno-suggest-attribute=malloc -Wattribute-alias=2 -Wmissing-profile -Wc11-c2x-compat -MD -MT src/CMakeFiles/hdf5-static.dir/H5Sall.c.o -MF src/CMakeFiles/hdf5-static.dir/H5Sall.c.o.d -o src/CMakeFiles/hdf5-static.dir/H5Sall.c.o -c /home/byrn/HDF_Projects/hdf5/dev/src/H5Sall.c
[292/4114] /usr/bin/cc -D_FILE_OFFSET_BITS=64 -D_GNU_SOURCE -D_LARGEFILE_SOURCE -D_POSIX_C_SOURCE=200809L -I/home/byrn/HDF_Projects/hdf5/dev/src -I/home/byrn/HDF_Projects/hdf5/dev/src/H5FDsubfiling -I/home/byrn/HDF_Projects/hdf5/build/ci-StdShar-GNUC/src -I/home/byrn/HDF_Projects/hdf5/build/ci-StdShar-GNUC/_deps/hdf5_zlib-build -I/home/byrn/HDF_Projects/hdf5/build/ci-StdShar-GNUC/_deps/hdf5_zlib-src -I/home/byrn/HDF_Projects/hdf5/build/ci-StdShar-GNUC/_deps/szip-build -I/home/byrn/HDF_Projects/hdf5/build/ci-StdShar-GNUC/_deps/szip-src/include -I/home/byrn/HDF_Projects/hdf5/build/ci-StdShar-GNUC/_deps/szip-src -std=c99  -fstdarg-opt -fdiagnostics-urls=never -fno-diagnostics-color -fmessage-length=0 -O2 -g -DNDEBUG -std=gnu99 -fPIC -Wall -Wcast-qual -Wconversion -Wextra -Wfloat-equal -Wformat=2 -Winit-self -Winvalid-pch -Wmissing-include-dirs -Wshadow -Wundef -Wwrite-strings -pedantic -Wno-c++-compat -Wbad-function-cast -Wcast-align -Wformat -Wimplicit-function-declaration -Wint-to-pointer-cast -Wmissing-declarations -Wmissing-prototypes -Wnested-externs -Wold-style-definition -Wpacked -Wpointer-sign -Wpointer-to-int-cast -Wredundant-decls -Wstrict-prototypes -Wswitch -Wunused-but-set-variable -Wunused-variable -Wunused-function -Wunused-parameter -finline-functions -Wno-aggregate-return -Wno-inline -Wno-missing-format-attribute -Wno-missing-noreturn -Wno-overlength-strings -Wlarger-than=2560 -Wlogical-op -Wframe-larger-than=16384 -Wpacked-bitfield-compat -Wsync-nand -Wno-unsuffixed-float-constants -Wdouble-promotion -Wtrampolines -Wstack-usage=8192 -Wmaybe-uninitialized -Wno-jump-misses-init -Wstrict-overflow=2 -Wno-suggest-attribute=const -Wno-suggest-attribute=noreturn -Wno-suggest-attribute=pure -Wno-suggest-attribute=format -Wdate-time -Warray-bounds=2 -Wc99-c11-compat -Wincompatible-pointer-types -Wint-conversion -Wduplicated-cond -Whsa -Wnormalized -Wnull-dereference -Wunused-const-variable -Walloca -Walloc-zero -Wduplicated-branches -Wformat-overflow=2 -Wformat-truncation=1 -Wrestrict -Wattribute-alias -Wshift-overflow=2 -Wcast-function-type -Wcast-align=strict -Wno-suggest-attribute=cold -Wno-suggest-attribute=malloc -Wattribute-alias=2 -Wmissing-profile -Wc11-c2x-compat -MD -MT src/CMakeFiles/hdf5-static.dir/H5Rdeprec.c.o -MF src/CMakeFiles/hdf5-static.dir/H5Rdeprec.c.o.d -o src/CMakeFiles/hdf5-static.dir/H5Rdeprec.c.o -c /home/byrn/HDF_Projects/hdf5/dev/src/H5Rdeprec.c
[293/4114] /usr/bin/cc -D_FILE_OFFSET_BITS=64 -D_GNU_SOURCE -D_LARGEFILE_SOURCE -D_POSIX_C_SOURCE=200809L -I/home/byrn/HDF_Projects/hdf5/dev/src -I/home/byrn/HDF_Projects/hdf5/dev/src/H5FDsubfiling -I/home/byrn/HDF_Projects/hdf5/build/ci-StdShar-GNUC/src -I/home/byrn/HDF_Projects/hdf5/build/ci-StdShar-GNUC/_deps/hdf5_zlib-build -I/home/byrn/HDF_Projects/hdf5/build/ci-StdShar-GNUC/_deps/hdf5_zlib-src -I/home/byrn/HDF_Projects/hdf5/build/ci-StdShar-GNUC/_deps/szip-build -I/home/byrn/HDF_Projects/hdf5/build/ci-StdShar-GNUC/_deps/szip-src/include -I/home/byrn/HDF_Projects/hdf5/build/ci-StdShar-GNUC/_deps/szip-src -std=c99  -fstdarg-opt -fdiagnostics-urls=never -fno-diagnostics-color -fmessage-length=0 -O2 -g -DNDEBUG -std=gnu99 -fPIC -Wall -Wcast-qual -Wconversion -Wextra -Wfloat-equal -Wformat=2 -Winit-self -Winvalid-pch -Wmissing-include-dirs -Wshadow -Wundef -Wwrite-strings -pedantic -Wno-c++-compat -Wbad-function-cast -Wcast-align -Wformat -Wimplicit-function-declaration -Wint-to-pointer-cast -Wmissing-declarations -Wmissing-prototypes -Wnested-externs -Wold-style-definition -Wpacked -Wpointer-sign -Wpointer-to-int-cast -Wredundant-decls -Wstrict-prototypes -Wswitch -Wunused-but-set-variable -Wunused-variable -Wunused-function -Wunused-parameter -finline-functions -Wno-aggregate-return -Wno-inline -Wno-missing-format-attribute -Wno-missing-noreturn -Wno-overlength-strings -Wlarger-than=2560 -Wlogical-op -Wframe-larger-than=16384 -Wpacked-bitfield-compat -Wsync-nand -Wno-unsuffixed-float-constants -Wdouble-promotion -Wtrampolines -Wstack-usage=8192 -Wmaybe-uninitialized -Wno-jump-misses-init -Wstrict-overflow=2 -Wno-suggest-attribute=const -Wno-suggest-attribute=noreturn -Wno-suggest-attribute=pure -Wno-suggest-attribute=format -Wdate-time -Warray-bounds=2 -Wc99-c11-compat -Wincompatible-pointer-types -Wint-conversion -Wduplicated-cond -Whsa -Wnormalized -Wnull-dereference -Wunused-const-variable -Walloca -Walloc-zero -Wduplicated-branches -Wformat-overflow=2 -Wformat-truncation=1 -Wrestrict -Wattribute-alias -Wshift-overflow=2 -Wcast-function-type -Wcast-align=strict -Wno-suggest-attribute=cold -Wno-suggest-attribute=malloc -Wattribute-alias=2 -Wmissing-profile -Wc11-c2x-compat -MD -MT src/CMakeFiles/hdf5-static.dir/H5Sdeprec.c.o -MF src/CMakeFiles/hdf5-static.dir/H5Sdeprec.c.o.d -o src/CMakeFiles/hdf5-static.dir/H5Sdeprec.c.o -c /home/byrn/HDF_Projects/hdf5/dev/src/H5Sdeprec.c
[294/4114] /usr/bin/cc -D_FILE_OFFSET_BITS=64 -D_GNU_SOURCE -D_LARGEFILE_SOURCE -D_POSIX_C_SOURCE=200809L -I/home/byrn/HDF_Projects/hdf5/dev/src -I/home/byrn/HDF_Projects/hdf5/dev/src/H5FDsubfiling -I/home/byrn/HDF_Projects/hdf5/build/ci-StdShar-GNUC/src -I/home/byrn/HDF_Projects/hdf5/build/ci-StdShar-GNUC/_deps/hdf5_zlib-build -I/home/byrn/HDF_Projects/hdf5/build/ci-StdShar-GNUC/_deps/hdf5_zlib-src -I/home/byrn/HDF_Projects/hdf5/build/ci-StdShar-GNUC/_deps/szip-build -I/home/byrn/HDF_Projects/hdf5/build/ci-StdShar-GNUC/_deps/szip-src/include -I/home/byrn/HDF_Projects/hdf5/build/ci-StdShar-GNUC/_deps/szip-src -std=c99  -fstdarg-opt -fdiagnostics-urls=never -fno-diagnostics-color -fmessage-length=0 -O2 -g -DNDEBUG -std=gnu99 -fPIC -Wall -Wcast-qual -Wconversion -Wextra -Wfloat-equal -Wformat=2 -Winit-self -Winvalid-pch -Wmissing-include-dirs -Wshadow -Wundef -Wwrite-strings -pedantic -Wno-c++-compat -Wbad-function-cast -Wcast-align -Wformat -Wimplicit-function-declaration -Wint-to-pointer-cast -Wmissing-declarations -Wmissing-prototypes -Wnested-externs -Wold-style-definition -Wpacked -Wpointer-sign -Wpointer-to-int-cast -Wredundant-decls -Wstrict-prototypes -Wswitch -Wunused-but-set-variable -Wunused-variable -Wunused-function -Wunused-parameter -finline-functions -Wno-aggregate-return -Wno-inline -Wno-missing-format-attribute -Wno-missing-noreturn -Wno-overlength-strings -Wlarger-than=2560 -Wlogical-op -Wframe-larger-than=16384 -Wpacked-bitfield-compat -Wsync-nand -Wno-unsuffixed-float-constants -Wdouble-promotion -Wtrampolines -Wstack-usage=8192 -Wmaybe-uninitialized -Wno-jump-misses-init -Wstrict-overflow=2 -Wno-suggest-attribute=const -Wno-suggest-attribute=noreturn -Wno-suggest-attribute=pure -Wno-suggest-attribute=format -Wdate-time -Warray-bounds=2 -Wc99-c11-compat -Wincompatible-pointer-types -Wint-conversion -Wduplicated-cond -Whsa -Wnormalized -Wnull-dereference -Wunused-const-variable -Walloca -Walloc-zero -Wduplicated-branches -Wformat-overflow=2 -Wformat-truncation=1 -Wrestrict -Wattribute-alias -Wshift-overflow=2 -Wcast-function-type -Wcast-align=strict -Wno-suggest-attribute=cold -Wno-suggest-attribute=malloc -Wattribute-alias=2 -Wmissing-profile -Wc11-c2x-compat -MD -MT src/CMakeFiles/hdf5-static.dir/H5Rint.c.o -MF src/CMakeFiles/hdf5-static.dir/H5Rint.c.o.d -o src/CMakeFiles/hdf5-static.dir/H5Rint.c.o -c /home/byrn/HDF_Projects/hdf5/dev/src/H5Rint.c
[295/4114] /usr/bin/cc -D_FILE_OFFSET_BITS=64 -D_GNU_SOURCE -D_LARGEFILE_SOURCE -D_POSIX_C_SOURCE=200809L -I/home/byrn/HDF_Projects/hdf5/dev/src -I/home/byrn/HDF_Projects/hdf5/dev/src/H5FDsubfiling -I/home/byrn/HDF_Projects/hdf5/build/ci-StdShar-GNUC/src -I/home/byrn/HDF_Projects/hdf5/build/ci-StdShar-GNUC/_deps/hdf5_zlib-build -I/home/byrn/HDF_Projects/hdf5/build/ci-StdShar-GNUC/_deps/hdf5_zlib-src -I/home/byrn/HDF_Projects/hdf5/build/ci-StdShar-GNUC/_deps/szip-build -I/home/byrn/HDF_Projects/hdf5/build/ci-StdShar-GNUC/_deps/szip-src/include -I/home/byrn/HDF_Projects/hdf5/build/ci-StdShar-GNUC/_deps/szip-src -std=c99  -fstdarg-opt -fdiagnostics-urls=never -fno-diagnostics-color -fmessage-length=0 -O2 -g -DNDEBUG -std=gnu99 -fPIC -Wall -Wcast-qual -Wconversion -Wextra -Wfloat-equal -Wformat=2 -Winit-self -Winvalid-pch -Wmissing-include-dirs -Wshadow -Wundef -Wwrite-strings -pedantic -Wno-c++-compat -Wbad-function-cast -Wcast-align -Wformat -Wimplicit-function-declaration -Wint-to-pointer-cast -Wmissing-declarations -Wmissing-prototypes -Wnested-externs -Wold-style-definition -Wpacked -Wpointer-sign -Wpointer-to-int-cast -Wredundant-decls -Wstrict-prototypes -Wswitch -Wunused-but-set-variable -Wunused-variable -Wunused-function -Wunused-parameter -finline-functions -Wno-aggregate-return -Wno-inline -Wno-missing-format-attribute -Wno-missing-noreturn -Wno-overlength-strings -Wlarger-than=2560 -Wlogical-op -Wframe-larger-than=16384 -Wpacked-bitfield-compat -Wsync-nand -Wno-unsuffixed-float-constants -Wdouble-promotion -Wtrampolines -Wstack-usage=8192 -Wmaybe-uninitialized -Wno-jump-misses-init -Wstrict-overflow=2 -Wno-suggest-attribute=const -Wno-suggest-attribute=noreturn -Wno-suggest-attribute=pure -Wno-suggest-attribute=format -Wdate-time -Warray-bounds=2 -Wc99-c11-compat -Wincompatible-pointer-types -Wint-conversion -Wduplicated-cond -Whsa -Wnormalized -Wnull-dereference -Wunused-const-variable -Walloca -Walloc-zero -Wduplicated-branches -Wformat-overflow=2 -Wformat-truncation=1 -Wrestrict -Wattribute-alias -Wshift-overflow=2 -Wcast-function-type -Wcast-align=strict -Wno-suggest-attribute=cold -Wno-suggest-attribute=malloc -Wattribute-alias=2 -Wmissing-profile -Wc11-c2x-compat -MD -MT src/CMakeFiles/hdf5-static.dir/H5R.c.o -MF src/CMakeFiles/hdf5-static.dir/H5R.c.o.d -o src/CMakeFiles/hdf5-static.dir/H5R.c.o -c /home/byrn/HDF_Projects/hdf5/dev/src/H5R.c
[296/4114] /usr/bin/cc -D_FILE_OFFSET_BITS=64 -D_GNU_SOURCE -D_LARGEFILE_SOURCE -D_POSIX_C_SOURCE=200809L -I/home/byrn/HDF_Projects/hdf5/dev/src -I/home/byrn/HDF_Projects/hdf5/dev/src/H5FDsubfiling -I/home/byrn/HDF_Projects/hdf5/build/ci-StdShar-GNUC/src -I/home/byrn/HDF_Projects/hdf5/build/ci-StdShar-GNUC/_deps/hdf5_zlib-build -I/home/byrn/HDF_Projects/hdf5/build/ci-StdShar-GNUC/_deps/hdf5_zlib-src -I/home/byrn/HDF_Projects/hdf5/build/ci-StdShar-GNUC/_deps/szip-build -I/home/byrn/HDF_Projects/hdf5/build/ci-StdShar-GNUC/_deps/szip-src/include -I/home/byrn/HDF_Projects/hdf5/build/ci-StdShar-GNUC/_deps/szip-src -std=c99  -fstdarg-opt -fdiagnostics-urls=never -fno-diagnostics-color -fmessage-length=0 -O2 -g -DNDEBUG -std=gnu99 -fPIC -Wall -Wcast-qual -Wconversion -Wextra -Wfloat-equal -Wformat=2 -Winit-self -Winvalid-pch -Wmissing-include-dirs -Wshadow -Wundef -Wwrite-strings -pedantic -Wno-c++-compat -Wbad-function-cast -Wcast-align -Wformat -Wimplicit-function-declaration -Wint-to-pointer-cast -Wmissing-declarations -Wmissing-prototypes -Wnested-externs -Wold-style-definition -Wpacked -Wpointer-sign -Wpointer-to-int-cast -Wredundant-decls -Wstrict-prototypes -Wswitch -Wunused-but-set-variable -Wunused-variable -Wunused-function -Wunused-parameter -finline-functions -Wno-aggregate-return -Wno-inline -Wno-missing-format-attribute -Wno-missing-noreturn -Wno-overlength-strings -Wlarger-than=2560 -Wlogical-op -Wframe-larger-than=16384 -Wpacked-bitfield-compat -Wsync-nand -Wno-unsuffixed-float-constants -Wdouble-promotion -Wtrampolines -Wstack-usage=8192 -Wmaybe-uninitialized -Wno-jump-misses-init -Wstrict-overflow=2 -Wno-suggest-attribute=const -Wno-suggest-attribute=noreturn -Wno-suggest-attribute=pure -Wno-suggest-attribute=format -Wdate-time -Warray-bounds=2 -Wc99-c11-compat -Wincompatible-pointer-types -Wint-conversion -Wduplicated-cond -Whsa -Wnormalized -Wnull-dereference -Wunused-const-variable -Walloca -Walloc-zero -Wduplicated-branches -Wformat-overflow=2 -Wformat-truncation=1 -Wrestrict -Wattribute-alias -Wshift-overflow=2 -Wcast-function-type -Wcast-align=strict -Wno-suggest-attribute=cold -Wno-suggest-attribute=malloc -Wattribute-alias=2 -Wmissing-profile -Wc11-c2x-compat -MD -MT src/CMakeFiles/hdf5-static.dir/H5Smpio.c.o -MF src/CMakeFiles/hdf5-static.dir/H5Smpio.c.o.d -o src/CMakeFiles/hdf5-static.dir/H5Smpio.c.o -c /home/byrn/HDF_Projects/hdf5/dev/src/H5Smpio.c
[297/4114] /usr/bin/cc -D_FILE_OFFSET_BITS=64 -D_GNU_SOURCE -D_LARGEFILE_SOURCE -D_POSIX_C_SOURCE=200809L -I/home/byrn/HDF_Projects/hdf5/dev/src -I/home/byrn/HDF_Projects/hdf5/dev/src/H5FDsubfiling -I/home/byrn/HDF_Projects/hdf5/build/ci-StdShar-GNUC/src -I/home/byrn/HDF_Projects/hdf5/build/ci-StdShar-GNUC/_deps/hdf5_zlib-build -I/home/byrn/HDF_Projects/hdf5/build/ci-StdShar-GNUC/_deps/hdf5_zlib-src -I/home/byrn/HDF_Projects/hdf5/build/ci-StdShar-GNUC/_deps/szip-build -I/home/byrn/HDF_Projects/hdf5/build/ci-StdShar-GNUC/_deps/szip-src/include -I/home/byrn/HDF_Projects/hdf5/build/ci-StdShar-GNUC/_deps/szip-src -std=c99  -fstdarg-opt -fdiagnostics-urls=never -fno-diagnostics-color -fmessage-length=0 -O2 -g -DNDEBUG -std=gnu99 -fPIC -Wall -Wcast-qual -Wconversion -Wextra -Wfloat-equal -Wformat=2 -Winit-self -Winvalid-pch -Wmissing-include-dirs -Wshadow -Wundef -Wwrite-strings -pedantic -Wno-c++-compat -Wbad-function-cast -Wcast-align -Wformat -Wimplicit-function-declaration -Wint-to-pointer-cast -Wmissing-declarations -Wmissing-prototypes -Wnested-externs -Wold-style-definition -Wpacked -Wpointer-sign -Wpointer-to-int-cast -Wredundant-decls -Wstrict-prototypes -Wswitch -Wunused-but-set-variable -Wunused-variable -Wunused-function -Wunused-parameter -finline-functions -Wno-aggregate-return -Wno-inline -Wno-missing-format-attribute -Wno-missing-noreturn -Wno-overlength-strings -Wlarger-than=2560 -Wlogical-op -Wframe-larger-than=16384 -Wpacked-bitfield-compat -Wsync-nand -Wno-unsuffixed-float-constants -Wdouble-promotion -Wtrampolines -Wstack-usage=8192 -Wmaybe-uninitialized -Wno-jump-misses-init -Wstrict-overflow=2 -Wno-suggest-attribute=const -Wno-suggest-attribute=noreturn -Wno-suggest-attribute=pure -Wno-suggest-attribute=format -Wdate-time -Warray-bounds=2 -Wc99-c11-compat -Wincompatible-pointer-types -Wint-conversion -Wduplicated-cond -Whsa -Wnormalized -Wnull-dereference -Wunused-const-variable -Walloca -Walloc-zero -Wduplicated-branches -Wformat-overflow=2 -Wformat-truncation=1 -Wrestrict -Wattribute-alias -Wshift-overflow=2 -Wcast-function-type -Wcast-align=strict -Wno-suggest-attribute=cold -Wno-suggest-attribute=malloc -Wattribute-alias=2 -Wmissing-profile -Wc11-c2x-compat -MD -MT src/CMakeFiles/hdf5-static.dir/H5Snone.c.o -MF src/CMakeFiles/hdf5-static.dir/H5Snone.c.o.d -o src/CMakeFiles/hdf5-static.dir/H5Snone.c.o -c /home/byrn/HDF_Projects/hdf5/dev/src/H5Snone.c
[298/4114] /usr/bin/cc -D_FILE_OFFSET_BITS=64 -D_GNU_SOURCE -D_LARGEFILE_SOURCE -D_POSIX_C_SOURCE=200809L -I/home/byrn/HDF_Projects/hdf5/dev/src -I/home/byrn/HDF_Projects/hdf5/dev/src/H5FDsubfiling -I/home/byrn/HDF_Projects/hdf5/build/ci-StdShar-GNUC/src -I/home/byrn/HDF_Projects/hdf5/build/ci-StdShar-GNUC/_deps/hdf5_zlib-build -I/home/byrn/HDF_Projects/hdf5/build/ci-StdShar-GNUC/_deps/hdf5_zlib-src -I/home/byrn/HDF_Projects/hdf5/build/ci-StdShar-GNUC/_deps/szip-build -I/home/byrn/HDF_Projects/hdf5/build/ci-StdShar-GNUC/_deps/szip-src/include -I/home/byrn/HDF_Projects/hdf5/build/ci-StdShar-GNUC/_deps/szip-src -std=c99  -fstdarg-opt -fdiagnostics-urls=never -fno-diagnostics-color -fmessage-length=0 -O2 -g -DNDEBUG -std=gnu99 -fPIC -Wall -Wcast-qual -Wconversion -Wextra -Wfloat-equal -Wformat=2 -Winit-self -Winvalid-pch -Wmissing-include-dirs -Wshadow -Wundef -Wwrite-strings -pedantic -Wno-c++-compat -Wbad-function-cast -Wcast-align -Wformat -Wimplicit-function-declaration -Wint-to-pointer-cast -Wmissing-declarations -Wmissing-prototypes -Wnested-externs -Wold-style-definition -Wpacked -Wpointer-sign -Wpointer-to-int-cast -Wredundant-decls -Wstrict-prototypes -Wswitch -Wunused-but-set-variable -Wunused-variable -Wunused-function -Wunused-parameter -finline-functions -Wno-aggregate-return -Wno-inline -Wno-missing-format-attribute -Wno-missing-noreturn -Wno-overlength-strings -Wlarger-than=2560 -Wlogical-op -Wframe-larger-than=16384 -Wpacked-bitfield-compat -Wsync-nand -Wno-unsuffixed-float-constants -Wdouble-promotion -Wtrampolines -Wstack-usage=8192 -Wmaybe-uninitialized -Wno-jump-misses-init -Wstrict-overflow=2 -Wno-suggest-attribute=const -Wno-suggest-attribute=noreturn -Wno-suggest-attribute=pure -Wno-suggest-attribute=format -Wdate-time -Warray-bounds=2 -Wc99-c11-compat -Wincompatible-pointer-types -Wint-conversion -Wduplicated-cond -Whsa -Wnormalized -Wnull-dereference -Wunused-const-variable -Walloca -Walloc-zero -Wduplicated-branches -Wformat-overflow=2 -Wformat-truncation=1 -Wrestrict -Wattribute-alias -Wshift-overflow=2 -Wcast-function-type -Wcast-align=strict -Wno-suggest-attribute=cold -Wno-suggest-attribute=malloc -Wattribute-alias=2 -Wmissing-profile -Wc11-c2x-compat -MD -MT src/CMakeFiles/hdf5-static.dir/H5S.c.o -MF src/CMakeFiles/hdf5-static.dir/H5S.c.o.d -o src/CMakeFiles/hdf5-static.dir/H5S.c.o -c /home/byrn/HDF_Projects/hdf5/dev/src/H5S.c
[299/4114] /usr/bin/cc -D_FILE_OFFSET_BITS=64 -D_GNU_SOURCE -D_LARGEFILE_SOURCE -D_POSIX_C_SOURCE=200809L -I/home/byrn/HDF_Projects/hdf5/dev/src -I/home/byrn/HDF_Projects/hdf5/dev/src/H5FDsubfiling -I/home/byrn/HDF_Projects/hdf5/build/ci-StdShar-GNUC/src -I/home/byrn/HDF_Projects/hdf5/build/ci-StdShar-GNUC/_deps/hdf5_zlib-build -I/home/byrn/HDF_Projects/hdf5/build/ci-StdShar-GNUC/_deps/hdf5_zlib-src -I/home/byrn/HDF_Projects/hdf5/build/ci-StdShar-GNUC/_deps/szip-build -I/home/byrn/HDF_Projects/hdf5/build/ci-StdShar-GNUC/_deps/szip-src/include -I/home/byrn/HDF_Projects/hdf5/build/ci-StdShar-GNUC/_deps/szip-src -std=c99  -fstdarg-opt -fdiagnostics-urls=never -fno-diagnostics-color -fmessage-length=0 -O2 -g -DNDEBUG -std=gnu99 -fPIC -Wall -Wcast-qual -Wconversion -Wextra -Wfloat-equal -Wformat=2 -Winit-self -Winvalid-pch -Wmissing-include-dirs -Wshadow -Wundef -Wwrite-strings -pedantic -Wno-c++-compat -Wbad-function-cast -Wcast-align -Wformat -Wimplicit-function-declaration -Wint-to-pointer-cast -Wmissing-declarations -Wmissing-prototypes -Wnested-externs -Wold-style-definition -Wpacked -Wpointer-sign -Wpointer-to-int-cast -Wredundant-decls -Wstrict-prototypes -Wswitch -Wunused-but-set-variable -Wunused-variable -Wunused-function -Wunused-parameter -finline-functions -Wno-aggregate-return -Wno-inline -Wno-missing-format-attribute -Wno-missing-noreturn -Wno-overlength-strings -Wlarger-than=2560 -Wlogical-op -Wframe-larger-than=16384 -Wpacked-bitfield-compat -Wsync-nand -Wno-unsuffixed-float-constants -Wdouble-promotion -Wtrampolines -Wstack-usage=8192 -Wmaybe-uninitialized -Wno-jump-misses-init -Wstrict-overflow=2 -Wno-suggest-attribute=const -Wno-suggest-attribute=noreturn -Wno-suggest-attribute=pure -Wno-suggest-attribute=format -Wdate-time -Warray-bounds=2 -Wc99-c11-compat -Wincompatible-pointer-types -Wint-conversion -Wduplicated-cond -Whsa -Wnormalized -Wnull-dereference -Wunused-const-variable -Walloca -Walloc-zero -Wduplicated-branches -Wformat-overflow=2 -Wformat-truncation=1 -Wrestrict -Wattribute-alias -Wshift-overflow=2 -Wcast-function-type -Wcast-align=strict -Wno-suggest-attribute=cold -Wno-suggest-attribute=malloc -Wattribute-alias=2 -Wmissing-profile -Wc11-c2x-compat -MD -MT src/CMakeFiles/hdf5-static.dir/H5Stest.c.o -MF src/CMakeFiles/hdf5-static.dir/H5Stest.c.o.d -o src/CMakeFiles/hdf5-static.dir/H5Stest.c.o -c /home/byrn/HDF_Projects/hdf5/dev/src/H5Stest.c
[300/4114] /usr/bin/cc -D_FILE_OFFSET_BITS=64 -D_GNU_SOURCE -D_LARGEFILE_SOURCE -D_POSIX_C_SOURCE=200809L -I/home/byrn/HDF_Projects/hdf5/dev/src -I/home/byrn/HDF_Projects/hdf5/dev/src/H5FDsubfiling -I/home/byrn/HDF_Projects/hdf5/build/ci-StdShar-GNUC/src -I/home/byrn/HDF_Projects/hdf5/build/ci-StdShar-GNUC/_deps/hdf5_zlib-build -I/home/byrn/HDF_Projects/hdf5/build/ci-StdShar-GNUC/_deps/hdf5_zlib-src -I/home/byrn/HDF_Projects/hdf5/build/ci-StdShar-GNUC/_deps/szip-build -I/home/byrn/HDF_Projects/hdf5/build/ci-StdShar-GNUC/_deps/szip-src/include -I/home/byrn/HDF_Projects/hdf5/build/ci-StdShar-GNUC/_deps/szip-src -std=c99  -fstdarg-opt -fdiagnostics-urls=never -fno-diagnostics-color -fmessage-length=0 -O2 -g -DNDEBUG -std=gnu99 -fPIC -Wall -Wcast-qual -Wconversion -Wextra -Wfloat-equal -Wformat=2 -Winit-self -Winvalid-pch -Wmissing-include-dirs -Wshadow -Wundef -Wwrite-strings -pedantic -Wno-c++-compat -Wbad-function-cast -Wcast-align -Wformat -Wimplicit-function-declaration -Wint-to-pointer-cast -Wmissing-declarations -Wmissing-prototypes -Wnested-externs -Wold-style-definition -Wpacked -Wpointer-sign -Wpointer-to-int-cast -Wredundant-decls -Wstrict-prototypes -Wswitch -Wunused-but-set-variable -Wunused-variable -Wunused-function -Wunused-parameter -finline-functions -Wno-aggregate-return -Wno-inline -Wno-missing-format-attribute -Wno-missing-noreturn -Wno-overlength-strings -Wlarger-than=2560 -Wlogical-op -Wframe-larger-than=16384 -Wpacked-bitfield-compat -Wsync-nand -Wno-unsuffixed-float-constants -Wdouble-promotion -Wtrampolines -Wstack-usage=8192 -Wmaybe-uninitialized -Wno-jump-misses-init -Wstrict-overflow=2 -Wno-suggest-attribute=const -Wno-suggest-attribute=noreturn -Wno-suggest-attribute=pure -Wno-suggest-attribute=format -Wdate-time -Warray-bounds=2 -Wc99-c11-compat -Wincompatible-pointer-types -Wint-conversion -Wduplicated-cond -Whsa -Wnormalized -Wnull-dereference -Wunused-const-variable -Walloca -Walloc-zero -Wduplicated-branches -Wformat-overflow=2 -Wformat-truncation=1 -Wrestrict -Wattribute-alias -Wshift-overflow=2 -Wcast-function-type -Wcast-align=strict -Wno-suggest-attribute=cold -Wno-suggest-attribute=malloc -Wattribute-alias=2 -Wmissing-profile -Wc11-c2x-compat -MD -MT src/CMakeFiles/hdf5-static.dir/H5SMbtree2.c.o -MF src/CMakeFiles/hdf5-static.dir/H5SMbtree2.c.o.d -o src/CMakeFiles/hdf5-static.dir/H5SMbtree2.c.o -c /home/byrn/HDF_Projects/hdf5/dev/src/H5SMbtree2.c
[301/4114] /usr/bin/cc -D_FILE_OFFSET_BITS=64 -D_GNU_SOURCE -D_LARGEFILE_SOURCE -D_POSIX_C_SOURCE=200809L -I/home/byrn/HDF_Projects/hdf5/dev/src -I/home/byrn/HDF_Projects/hdf5/dev/src/H5FDsubfiling -I/home/byrn/HDF_Projects/hdf5/build/ci-StdShar-GNUC/src -I/home/byrn/HDF_Projects/hdf5/build/ci-StdShar-GNUC/_deps/hdf5_zlib-build -I/home/byrn/HDF_Projects/hdf5/build/ci-StdShar-GNUC/_deps/hdf5_zlib-src -I/home/byrn/HDF_Projects/hdf5/build/ci-StdShar-GNUC/_deps/szip-build -I/home/byrn/HDF_Projects/hdf5/build/ci-StdShar-GNUC/_deps/szip-src/include -I/home/byrn/HDF_Projects/hdf5/build/ci-StdShar-GNUC/_deps/szip-src -std=c99  -fstdarg-opt -fdiagnostics-urls=never -fno-diagnostics-color -fmessage-length=0 -O2 -g -DNDEBUG -std=gnu99 -fPIC -Wall -Wcast-qual -Wconversion -Wextra -Wfloat-equal -Wformat=2 -Winit-self -Winvalid-pch -Wmissing-include-dirs -Wshadow -Wundef -Wwrite-strings -pedantic -Wno-c++-compat -Wbad-function-cast -Wcast-align -Wformat -Wimplicit-function-declaration -Wint-to-pointer-cast -Wmissing-declarations -Wmissing-prototypes -Wnested-externs -Wold-style-definition -Wpacked -Wpointer-sign -Wpointer-to-int-cast -Wredundant-decls -Wstrict-prototypes -Wswitch -Wunused-but-set-variable -Wunused-variable -Wunused-function -Wunused-parameter -finline-functions -Wno-aggregate-return -Wno-inline -Wno-missing-format-attribute -Wno-missing-noreturn -Wno-overlength-strings -Wlarger-than=2560 -Wlogical-op -Wframe-larger-than=16384 -Wpacked-bitfield-compat -Wsync-nand -Wno-unsuffixed-float-constants -Wdouble-promotion -Wtrampolines -Wstack-usage=8192 -Wmaybe-uninitialized -Wno-jump-misses-init -Wstrict-overflow=2 -Wno-suggest-attribute=const -Wno-suggest-attribute=noreturn -Wno-suggest-attribute=pure -Wno-suggest-attribute=format -Wdate-time -Warray-bounds=2 -Wc99-c11-compat -Wincompatible-pointer-types -Wint-conversion -Wduplicated-cond -Whsa -Wnormalized -Wnull-dereference -Wunused-const-variable -Walloca -Walloc-zero -Wduplicated-branches -Wformat-overflow=2 -Wformat-truncation=1 -Wrestrict -Wattribute-alias -Wshift-overflow=2 -Wcast-function-type -Wcast-align=strict -Wno-suggest-attribute=cold -Wno-suggest-attribute=malloc -Wattribute-alias=2 -Wmissing-profile -Wc11-c2x-compat -MD -MT src/CMakeFiles/hdf5-static.dir/H5Pfapl.c.o -MF src/CMakeFiles/hdf5-static.dir/H5Pfapl.c.o.d -o src/CMakeFiles/hdf5-static.dir/H5Pfapl.c.o -c /home/byrn/HDF_Projects/hdf5/dev/src/H5Pfapl.c
[302/4114] /usr/bin/cc -D_FILE_OFFSET_BITS=64 -D_GNU_SOURCE -D_LARGEFILE_SOURCE -D_POSIX_C_SOURCE=200809L -I/home/byrn/HDF_Projects/hdf5/dev/src -I/home/byrn/HDF_Projects/hdf5/dev/src/H5FDsubfiling -I/home/byrn/HDF_Projects/hdf5/build/ci-StdShar-GNUC/src -I/home/byrn/HDF_Projects/hdf5/build/ci-StdShar-GNUC/_deps/hdf5_zlib-build -I/home/byrn/HDF_Projects/hdf5/build/ci-StdShar-GNUC/_deps/hdf5_zlib-src -I/home/byrn/HDF_Projects/hdf5/build/ci-StdShar-GNUC/_deps/szip-build -I/home/byrn/HDF_Projects/hdf5/build/ci-StdShar-GNUC/_deps/szip-src/include -I/home/byrn/HDF_Projects/hdf5/build/ci-StdShar-GNUC/_deps/szip-src -std=c99  -fstdarg-opt -fdiagnostics-urls=never -fno-diagnostics-color -fmessage-length=0 -O2 -g -DNDEBUG -std=gnu99 -fPIC -Wall -Wcast-qual -Wconversion -Wextra -Wfloat-equal -Wformat=2 -Winit-self -Winvalid-pch -Wmissing-include-dirs -Wshadow -Wundef -Wwrite-strings -pedantic -Wno-c++-compat -Wbad-function-cast -Wcast-align -Wformat -Wimplicit-function-declaration -Wint-to-pointer-cast -Wmissing-declarations -Wmissing-prototypes -Wnested-externs -Wold-style-definition -Wpacked -Wpointer-sign -Wpointer-to-int-cast -Wredundant-decls -Wstrict-prototypes -Wswitch -Wunused-but-set-variable -Wunused-variable -Wunused-function -Wunused-parameter -finline-functions -Wno-aggregate-return -Wno-inline -Wno-missing-format-attribute -Wno-missing-noreturn -Wno-overlength-strings -Wlarger-than=2560 -Wlogical-op -Wframe-larger-than=16384 -Wpacked-bitfield-compat -Wsync-nand -Wno-unsuffixed-float-constants -Wdouble-promotion -Wtrampolines -Wstack-usage=8192 -Wmaybe-uninitialized -Wno-jump-misses-init -Wstrict-overflow=2 -Wno-suggest-attribute=const -Wno-suggest-attribute=noreturn -Wno-suggest-attribute=pure -Wno-suggest-attribute=format -Wdate-time -Warray-bounds=2 -Wc99-c11-compat -Wincompatible-pointer-types -Wint-conversion -Wduplicated-cond -Whsa -Wnormalized -Wnull-dereference -Wunused-const-variable -Walloca -Walloc-zero -Wduplicated-branches -Wformat-overflow=2 -Wformat-truncation=1 -Wrestrict -Wattribute-alias -Wshift-overflow=2 -Wcast-function-type -Wcast-align=strict -Wno-suggest-attribute=cold -Wno-suggest-attribute=malloc -Wattribute-alias=2 -Wmissing-profile -Wc11-c2x-compat -MD -MT src/CMakeFiles/hdf5-static.dir/H5SMcache.c.o -MF src/CMakeFiles/hdf5-static.dir/H5SMcache.c.o.d -o src/CMakeFiles/hdf5-static.dir/H5SMcache.c.o -c /home/byrn/HDF_Projects/hdf5/dev/src/H5SMcache.c
[303/4114] /usr/bin/cc -D_FILE_OFFSET_BITS=64 -D_GNU_SOURCE -D_LARGEFILE_SOURCE -D_POSIX_C_SOURCE=200809L -I/home/byrn/HDF_Projects/hdf5/dev/src -I/home/byrn/HDF_Projects/hdf5/dev/src/H5FDsubfiling -I/home/byrn/HDF_Projects/hdf5/build/ci-StdShar-GNUC/src -I/home/byrn/HDF_Projects/hdf5/build/ci-StdShar-GNUC/_deps/hdf5_zlib-build -I/home/byrn/HDF_Projects/hdf5/build/ci-StdShar-GNUC/_deps/hdf5_zlib-src -I/home/byrn/HDF_Projects/hdf5/build/ci-StdShar-GNUC/_deps/szip-build -I/home/byrn/HDF_Projects/hdf5/build/ci-StdShar-GNUC/_deps/szip-src/include -I/home/byrn/HDF_Projects/hdf5/build/ci-StdShar-GNUC/_deps/szip-src -std=c99  -fstdarg-opt -fdiagnostics-urls=never -fno-diagnostics-color -fmessage-length=0 -O2 -g -DNDEBUG -std=gnu99 -fPIC -Wall -Wcast-qual -Wconversion -Wextra -Wfloat-equal -Wformat=2 -Winit-self -Winvalid-pch -Wmissing-include-dirs -Wshadow -Wundef -Wwrite-strings -pedantic -Wno-c++-compat -Wbad-function-cast -Wcast-align -Wformat -Wimplicit-function-declaration -Wint-to-pointer-cast -Wmissing-declarations -Wmissing-prototypes -Wnested-externs -Wold-style-definition -Wpacked -Wpointer-sign -Wpointer-to-int-cast -Wredundant-decls -Wstrict-prototypes -Wswitch -Wunused-but-set-variable -Wunused-variable -Wunused-function -Wunused-parameter -finline-functions -Wno-aggregate-return -Wno-inline -Wno-missing-format-attribute -Wno-missing-noreturn -Wno-overlength-strings -Wlarger-than=2560 -Wlogical-op -Wframe-larger-than=16384 -Wpacked-bitfield-compat -Wsync-nand -Wno-unsuffixed-float-constants -Wdouble-promotion -Wtrampolines -Wstack-usage=8192 -Wmaybe-uninitialized -Wno-jump-misses-init -Wstrict-overflow=2 -Wno-suggest-attribute=const -Wno-suggest-attribute=noreturn -Wno-suggest-attribute=pure -Wno-suggest-attribute=format -Wdate-time -Warray-bounds=2 -Wc99-c11-compat -Wincompatible-pointer-types -Wint-conversion -Wduplicated-cond -Whsa -Wnormalized -Wnull-dereference -Wunused-const-variable -Walloca -Walloc-zero -Wduplicated-branches -Wformat-overflow=2 -Wformat-truncation=1 -Wrestrict -Wattribute-alias -Wshift-overflow=2 -Wcast-function-type -Wcast-align=strict -Wno-suggest-attribute=cold -Wno-suggest-attribute=malloc -Wattribute-alias=2 -Wmissing-profile -Wc11-c2x-compat -MD -MT src/CMakeFiles/hdf5-static.dir/H5SMmessage.c.o -MF src/CMakeFiles/hdf5-static.dir/H5SMmessage.c.o.d -o src/CMakeFiles/hdf5-static.dir/H5SMmessage.c.o -c /home/byrn/HDF_Projects/hdf5/dev/src/H5SMmessage.c
[304/4114] /usr/bin/cc -D_FILE_OFFSET_BITS=64 -D_GNU_SOURCE -D_LARGEFILE_SOURCE -D_POSIX_C_SOURCE=200809L -I/home/byrn/HDF_Projects/hdf5/dev/src -I/home/byrn/HDF_Projects/hdf5/dev/src/H5FDsubfiling -I/home/byrn/HDF_Projects/hdf5/build/ci-StdShar-GNUC/src -I/home/byrn/HDF_Projects/hdf5/build/ci-StdShar-GNUC/_deps/hdf5_zlib-build -I/home/byrn/HDF_Projects/hdf5/build/ci-StdShar-GNUC/_deps/hdf5_zlib-src -I/home/byrn/HDF_Projects/hdf5/build/ci-StdShar-GNUC/_deps/szip-build -I/home/byrn/HDF_Projects/hdf5/build/ci-StdShar-GNUC/_deps/szip-src/include -I/home/byrn/HDF_Projects/hdf5/build/ci-StdShar-GNUC/_deps/szip-src -std=c99  -fstdarg-opt -fdiagnostics-urls=never -fno-diagnostics-color -fmessage-length=0 -O2 -g -DNDEBUG -std=gnu99 -fPIC -Wall -Wcast-qual -Wconversion -Wextra -Wfloat-equal -Wformat=2 -Winit-self -Winvalid-pch -Wmissing-include-dirs -Wshadow -Wundef -Wwrite-strings -pedantic -Wno-c++-compat -Wbad-function-cast -Wcast-align -Wformat -Wimplicit-function-declaration -Wint-to-pointer-cast -Wmissing-declarations -Wmissing-prototypes -Wnested-externs -Wold-style-definition -Wpacked -Wpointer-sign -Wpointer-to-int-cast -Wredundant-decls -Wstrict-prototypes -Wswitch -Wunused-but-set-variable -Wunused-variable -Wunused-function -Wunused-parameter -finline-functions -Wno-aggregate-return -Wno-inline -Wno-missing-format-attribute -Wno-missing-noreturn -Wno-overlength-strings -Wlarger-than=2560 -Wlogical-op -Wframe-larger-than=16384 -Wpacked-bitfield-compat -Wsync-nand -Wno-unsuffixed-float-constants -Wdouble-promotion -Wtrampolines -Wstack-usage=8192 -Wmaybe-uninitialized -Wno-jump-misses-init -Wstrict-overflow=2 -Wno-suggest-attribute=const -Wno-suggest-attribute=noreturn -Wno-suggest-attribute=pure -Wno-suggest-attribute=format -Wdate-time -Warray-bounds=2 -Wc99-c11-compat -Wincompatible-pointer-types -Wint-conversion -Wduplicated-cond -Whsa -Wnormalized -Wnull-dereference -Wunused-const-variable -Walloca -Walloc-zero -Wduplicated-branches -Wformat-overflow=2 -Wformat-truncation=1 -Wrestrict -Wattribute-alias -Wshift-overflow=2 -Wcast-function-type -Wcast-align=strict -Wno-suggest-attribute=cold -Wno-suggest-attribute=malloc -Wattribute-alias=2 -Wmissing-profile -Wc11-c2x-compat -MD -MT src/CMakeFiles/hdf5-static.dir/H5Spoint.c.o -MF src/CMakeFiles/hdf5-static.dir/H5Spoint.c.o.d -o src/CMakeFiles/hdf5-static.dir/H5Spoint.c.o -c /home/byrn/HDF_Projects/hdf5/dev/src/H5Spoint.c
[305/4114] /usr/bin/cc -D_FILE_OFFSET_BITS=64 -D_GNU_SOURCE -D_LARGEFILE_SOURCE -D_POSIX_C_SOURCE=200809L -I/home/byrn/HDF_Projects/hdf5/dev/src -I/home/byrn/HDF_Projects/hdf5/dev/src/H5FDsubfiling -I/home/byrn/HDF_Projects/hdf5/build/ci-StdShar-GNUC/src -I/home/byrn/HDF_Projects/hdf5/build/ci-StdShar-GNUC/_deps/hdf5_zlib-build -I/home/byrn/HDF_Projects/hdf5/build/ci-StdShar-GNUC/_deps/hdf5_zlib-src -I/home/byrn/HDF_Projects/hdf5/build/ci-StdShar-GNUC/_deps/szip-build -I/home/byrn/HDF_Projects/hdf5/build/ci-StdShar-GNUC/_deps/szip-src/include -I/home/byrn/HDF_Projects/hdf5/build/ci-StdShar-GNUC/_deps/szip-src -std=c99  -fstdarg-opt -fdiagnostics-urls=never -fno-diagnostics-color -fmessage-length=0 -O2 -g -DNDEBUG -std=gnu99 -fPIC -Wall -Wcast-qual -Wconversion -Wextra -Wfloat-equal -Wformat=2 -Winit-self -Winvalid-pch -Wmissing-include-dirs -Wshadow -Wundef -Wwrite-strings -pedantic -Wno-c++-compat -Wbad-function-cast -Wcast-align -Wformat -Wimplicit-function-declaration -Wint-to-pointer-cast -Wmissing-declarations -Wmissing-prototypes -Wnested-externs -Wold-style-definition -Wpacked -Wpointer-sign -Wpointer-to-int-cast -Wredundant-decls -Wstrict-prototypes -Wswitch -Wunused-but-set-variable -Wunused-variable -Wunused-function -Wunused-parameter -finline-functions -Wno-aggregate-return -Wno-inline -Wno-missing-format-attribute -Wno-missing-noreturn -Wno-overlength-strings -Wlarger-than=2560 -Wlogical-op -Wframe-larger-than=16384 -Wpacked-bitfield-compat -Wsync-nand -Wno-unsuffixed-float-constants -Wdouble-promotion -Wtrampolines -Wstack-usage=8192 -Wmaybe-uninitialized -Wno-jump-misses-init -Wstrict-overflow=2 -Wno-suggest-attribute=const -Wno-suggest-attribute=noreturn -Wno-suggest-attribute=pure -Wno-suggest-attribute=format -Wdate-time -Warray-bounds=2 -Wc99-c11-compat -Wincompatible-pointer-types -Wint-conversion -Wduplicated-cond -Whsa -Wnormalized -Wnull-dereference -Wunused-const-variable -Walloca -Walloc-zero -Wduplicated-branches -Wformat-overflow=2 -Wformat-truncation=1 -Wrestrict -Wattribute-alias -Wshift-overflow=2 -Wcast-function-type -Wcast-align=strict -Wno-suggest-attribute=cold -Wno-suggest-attribute=malloc -Wattribute-alias=2 -Wmissing-profile -Wc11-c2x-compat -MD -MT src/CMakeFiles/hdf5-static.dir/H5SMtest.c.o -MF src/CMakeFiles/hdf5-static.dir/H5SMtest.c.o.d -o src/CMakeFiles/hdf5-static.dir/H5SMtest.c.o -c /home/byrn/HDF_Projects/hdf5/dev/src/H5SMtest.c
[306/4114] /usr/bin/cc -D_FILE_OFFSET_BITS=64 -D_GNU_SOURCE -D_LARGEFILE_SOURCE -D_POSIX_C_SOURCE=200809L -I/home/byrn/HDF_Projects/hdf5/dev/src -I/home/byrn/HDF_Projects/hdf5/dev/src/H5FDsubfiling -I/home/byrn/HDF_Projects/hdf5/build/ci-StdShar-GNUC/src -I/home/byrn/HDF_Projects/hdf5/build/ci-StdShar-GNUC/_deps/hdf5_zlib-build -I/home/byrn/HDF_Projects/hdf5/build/ci-StdShar-GNUC/_deps/hdf5_zlib-src -I/home/byrn/HDF_Projects/hdf5/build/ci-StdShar-GNUC/_deps/szip-build -I/home/byrn/HDF_Projects/hdf5/build/ci-StdShar-GNUC/_deps/szip-src/include -I/home/byrn/HDF_Projects/hdf5/build/ci-StdShar-GNUC/_deps/szip-src -std=c99  -fstdarg-opt -fdiagnostics-urls=never -fno-diagnostics-color -fmessage-length=0 -O2 -g -DNDEBUG -std=gnu99 -fPIC -Wall -Wcast-qual -Wconversion -Wextra -Wfloat-equal -Wformat=2 -Winit-self -Winvalid-pch -Wmissing-include-dirs -Wshadow -Wundef -Wwrite-strings -pedantic -Wno-c++-compat -Wbad-function-cast -Wcast-align -Wformat -Wimplicit-function-declaration -Wint-to-pointer-cast -Wmissing-declarations -Wmissing-prototypes -Wnested-externs -Wold-style-definition -Wpacked -Wpointer-sign -Wpointer-to-int-cast -Wredundant-decls -Wstrict-prototypes -Wswitch -Wunused-but-set-variable -Wunused-variable -Wunused-function -Wunused-parameter -finline-functions -Wno-aggregate-return -Wno-inline -Wno-missing-format-attribute -Wno-missing-noreturn -Wno-overlength-strings -Wlarger-than=2560 -Wlogical-op -Wframe-larger-than=16384 -Wpacked-bitfield-compat -Wsync-nand -Wno-unsuffixed-float-constants -Wdouble-promotion -Wtrampolines -Wstack-usage=8192 -Wmaybe-uninitialized -Wno-jump-misses-init -Wstrict-overflow=2 -Wno-suggest-attribute=const -Wno-suggest-attribute=noreturn -Wno-suggest-attribute=pure -Wno-suggest-attribute=format -Wdate-time -Warray-bounds=2 -Wc99-c11-compat -Wincompatible-pointer-types -Wint-conversion -Wduplicated-cond -Whsa -Wnormalized -Wnull-dereference -Wunused-const-variable -Walloca -Walloc-zero -Wduplicated-branches -Wformat-overflow=2 -Wformat-truncation=1 -Wrestrict -Wattribute-alias -Wshift-overflow=2 -Wcast-function-type -Wcast-align=strict -Wno-suggest-attribute=cold -Wno-suggest-attribute=malloc -Wattribute-alias=2 -Wmissing-profile -Wc11-c2x-compat -MD -MT src/CMakeFiles/hdf5-static.dir/H5Tarray.c.o -MF src/CMakeFiles/hdf5-static.dir/H5Tarray.c.o.d -o src/CMakeFiles/hdf5-static.dir/H5Tarray.c.o -c /home/byrn/HDF_Projects/hdf5/dev/src/H5Tarray.c
[307/4114] /usr/bin/cc -D_FILE_OFFSET_BITS=64 -D_GNU_SOURCE -D_LARGEFILE_SOURCE -D_POSIX_C_SOURCE=200809L -I/home/byrn/HDF_Projects/hdf5/dev/src -I/home/byrn/HDF_Projects/hdf5/dev/src/H5FDsubfiling -I/home/byrn/HDF_Projects/hdf5/build/ci-StdShar-GNUC/src -I/home/byrn/HDF_Projects/hdf5/build/ci-StdShar-GNUC/_deps/hdf5_zlib-build -I/home/byrn/HDF_Projects/hdf5/build/ci-StdShar-GNUC/_deps/hdf5_zlib-src -I/home/byrn/HDF_Projects/hdf5/build/ci-StdShar-GNUC/_deps/szip-build -I/home/byrn/HDF_Projects/hdf5/build/ci-StdShar-GNUC/_deps/szip-src/include -I/home/byrn/HDF_Projects/hdf5/build/ci-StdShar-GNUC/_deps/szip-src -std=c99  -fstdarg-opt -fdiagnostics-urls=never -fno-diagnostics-color -fmessage-length=0 -O2 -g -DNDEBUG -std=gnu99 -fPIC -Wall -Wcast-qual -Wconversion -Wextra -Wfloat-equal -Wformat=2 -Winit-self -Winvalid-pch -Wmissing-include-dirs -Wshadow -Wundef -Wwrite-strings -pedantic -Wno-c++-compat -Wbad-function-cast -Wcast-align -Wformat -Wimplicit-function-declaration -Wint-to-pointer-cast -Wmissing-declarations -Wmissing-prototypes -Wnested-externs -Wold-style-definition -Wpacked -Wpointer-sign -Wpointer-to-int-cast -Wredundant-decls -Wstrict-prototypes -Wswitch -Wunused-but-set-variable -Wunused-variable -Wunused-function -Wunused-parameter -finline-functions -Wno-aggregate-return -Wno-inline -Wno-missing-format-attribute -Wno-missing-noreturn -Wno-overlength-strings -Wlarger-than=2560 -Wlogical-op -Wframe-larger-than=16384 -Wpacked-bitfield-compat -Wsync-nand -Wno-unsuffixed-float-constants -Wdouble-promotion -Wtrampolines -Wstack-usage=8192 -Wmaybe-uninitialized -Wno-jump-misses-init -Wstrict-overflow=2 -Wno-suggest-attribute=const -Wno-suggest-attribute=noreturn -Wno-suggest-attribute=pure -Wno-suggest-attribute=format -Wdate-time -Warray-bounds=2 -Wc99-c11-compat -Wincompatible-pointer-types -Wint-conversion -Wduplicated-cond -Whsa -Wnormalized -Wnull-dereference -Wunused-const-variable -Walloca -Walloc-zero -Wduplicated-branches -Wformat-overflow=2 -Wformat-truncation=1 -Wrestrict -Wattribute-alias -Wshift-overflow=2 -Wcast-function-type -Wcast-align=strict -Wno-suggest-attribute=cold -Wno-suggest-attribute=malloc -Wattribute-alias=2 -Wmissing-profile -Wc11-c2x-compat -MD -MT src/CMakeFiles/hdf5-static.dir/H5Sselect.c.o -MF src/CMakeFiles/hdf5-static.dir/H5Sselect.c.o.d -o src/CMakeFiles/hdf5-static.dir/H5Sselect.c.o -c /home/byrn/HDF_Projects/hdf5/dev/src/H5Sselect.c
[308/4114] /usr/bin/cc -D_FILE_OFFSET_BITS=64 -D_GNU_SOURCE -D_LARGEFILE_SOURCE -D_POSIX_C_SOURCE=200809L -I/home/byrn/HDF_Projects/hdf5/dev/src -I/home/byrn/HDF_Projects/hdf5/dev/src/H5FDsubfiling -I/home/byrn/HDF_Projects/hdf5/build/ci-StdShar-GNUC/src -I/home/byrn/HDF_Projects/hdf5/build/ci-StdShar-GNUC/_deps/hdf5_zlib-build -I/home/byrn/HDF_Projects/hdf5/build/ci-StdShar-GNUC/_deps/hdf5_zlib-src -I/home/byrn/HDF_Projects/hdf5/build/ci-StdShar-GNUC/_deps/szip-build -I/home/byrn/HDF_Projects/hdf5/build/ci-StdShar-GNUC/_deps/szip-src/include -I/home/byrn/HDF_Projects/hdf5/build/ci-StdShar-GNUC/_deps/szip-src -std=c99  -fstdarg-opt -fdiagnostics-urls=never -fno-diagnostics-color -fmessage-length=0 -O2 -g -DNDEBUG -std=gnu99 -fPIC -Wall -Wcast-qual -Wconversion -Wextra -Wfloat-equal -Wformat=2 -Winit-self -Winvalid-pch -Wmissing-include-dirs -Wshadow -Wundef -Wwrite-strings -pedantic -Wno-c++-compat -Wbad-function-cast -Wcast-align -Wformat -Wimplicit-function-declaration -Wint-to-pointer-cast -Wmissing-declarations -Wmissing-prototypes -Wnested-externs -Wold-style-definition -Wpacked -Wpointer-sign -Wpointer-to-int-cast -Wredundant-decls -Wstrict-prototypes -Wswitch -Wunused-but-set-variable -Wunused-variable -Wunused-function -Wunused-parameter -finline-functions -Wno-aggregate-return -Wno-inline -Wno-missing-format-attribute -Wno-missing-noreturn -Wno-overlength-strings -Wlarger-than=2560 -Wlogical-op -Wframe-larger-than=16384 -Wpacked-bitfield-compat -Wsync-nand -Wno-unsuffixed-float-constants -Wdouble-promotion -Wtrampolines -Wstack-usage=8192 -Wmaybe-uninitialized -Wno-jump-misses-init -Wstrict-overflow=2 -Wno-suggest-attribute=const -Wno-suggest-attribute=noreturn -Wno-suggest-attribute=pure -Wno-suggest-attribute=format -Wdate-time -Warray-bounds=2 -Wc99-c11-compat -Wincompatible-pointer-types -Wint-conversion -Wduplicated-cond -Whsa -Wnormalized -Wnull-dereference -Wunused-const-variable -Walloca -Walloc-zero -Wduplicated-branches -Wformat-overflow=2 -Wformat-truncation=1 -Wrestrict -Wattribute-alias -Wshift-overflow=2 -Wcast-function-type -Wcast-align=strict -Wno-suggest-attribute=cold -Wno-suggest-attribute=malloc -Wattribute-alias=2 -Wmissing-profile -Wc11-c2x-compat -MD -MT src/CMakeFiles/hdf5-static.dir/H5Tbit.c.o -MF src/CMakeFiles/hdf5-static.dir/H5Tbit.c.o.d -o src/CMakeFiles/hdf5-static.dir/H5Tbit.c.o -c /home/byrn/HDF_Projects/hdf5/dev/src/H5Tbit.c
[309/4114] /usr/bin/cc -D_FILE_OFFSET_BITS=64 -D_GNU_SOURCE -D_LARGEFILE_SOURCE -D_POSIX_C_SOURCE=200809L -I/home/byrn/HDF_Projects/hdf5/dev/src -I/home/byrn/HDF_Projects/hdf5/dev/src/H5FDsubfiling -I/home/byrn/HDF_Projects/hdf5/build/ci-StdShar-GNUC/src -I/home/byrn/HDF_Projects/hdf5/build/ci-StdShar-GNUC/_deps/hdf5_zlib-build -I/home/byrn/HDF_Projects/hdf5/build/ci-StdShar-GNUC/_deps/hdf5_zlib-src -I/home/byrn/HDF_Projects/hdf5/build/ci-StdShar-GNUC/_deps/szip-build -I/home/byrn/HDF_Projects/hdf5/build/ci-StdShar-GNUC/_deps/szip-src/include -I/home/byrn/HDF_Projects/hdf5/build/ci-StdShar-GNUC/_deps/szip-src -std=c99  -fstdarg-opt -fdiagnostics-urls=never -fno-diagnostics-color -fmessage-length=0 -O2 -g -DNDEBUG -std=gnu99 -fPIC -Wall -Wcast-qual -Wconversion -Wextra -Wfloat-equal -Wformat=2 -Winit-self -Winvalid-pch -Wmissing-include-dirs -Wshadow -Wundef -Wwrite-strings -pedantic -Wno-c++-compat -Wbad-function-cast -Wcast-align -Wformat -Wimplicit-function-declaration -Wint-to-pointer-cast -Wmissing-declarations -Wmissing-prototypes -Wnested-externs -Wold-style-definition -Wpacked -Wpointer-sign -Wpointer-to-int-cast -Wredundant-decls -Wstrict-prototypes -Wswitch -Wunused-but-set-variable -Wunused-variable -Wunused-function -Wunused-parameter -finline-functions -Wno-aggregate-return -Wno-inline -Wno-missing-format-attribute -Wno-missing-noreturn -Wno-overlength-strings -Wlarger-than=2560 -Wlogical-op -Wframe-larger-than=16384 -Wpacked-bitfield-compat -Wsync-nand -Wno-unsuffixed-float-constants -Wdouble-promotion -Wtrampolines -Wstack-usage=8192 -Wmaybe-uninitialized -Wno-jump-misses-init -Wstrict-overflow=2 -Wno-suggest-attribute=const -Wno-suggest-attribute=noreturn -Wno-suggest-attribute=pure -Wno-suggest-attribute=format -Wdate-time -Warray-bounds=2 -Wc99-c11-compat -Wincompatible-pointer-types -Wint-conversion -Wduplicated-cond -Whsa -Wnormalized -Wnull-dereference -Wunused-const-variable -Walloca -Walloc-zero -Wduplicated-branches -Wformat-overflow=2 -Wformat-truncation=1 -Wrestrict -Wattribute-alias -Wshift-overflow=2 -Wcast-function-type -Wcast-align=strict -Wno-suggest-attribute=cold -Wno-suggest-attribute=malloc -Wattribute-alias=2 -Wmissing-profile -Wc11-c2x-compat -MD -MT src/CMakeFiles/hdf5-static.dir/H5SM.c.o -MF src/CMakeFiles/hdf5-static.dir/H5SM.c.o.d -o src/CMakeFiles/hdf5-static.dir/H5SM.c.o -c /home/byrn/HDF_Projects/hdf5/dev/src/H5SM.c
[310/4114] /usr/bin/cc -D_FILE_OFFSET_BITS=64 -D_GNU_SOURCE -D_LARGEFILE_SOURCE -D_POSIX_C_SOURCE=200809L -I/home/byrn/HDF_Projects/hdf5/dev/src -I/home/byrn/HDF_Projects/hdf5/dev/src/H5FDsubfiling -I/home/byrn/HDF_Projects/hdf5/build/ci-StdShar-GNUC/src -I/home/byrn/HDF_Projects/hdf5/build/ci-StdShar-GNUC/_deps/hdf5_zlib-build -I/home/byrn/HDF_Projects/hdf5/build/ci-StdShar-GNUC/_deps/hdf5_zlib-src -I/home/byrn/HDF_Projects/hdf5/build/ci-StdShar-GNUC/_deps/szip-build -I/home/byrn/HDF_Projects/hdf5/build/ci-StdShar-GNUC/_deps/szip-src/include -I/home/byrn/HDF_Projects/hdf5/build/ci-StdShar-GNUC/_deps/szip-src -std=c99  -fstdarg-opt -fdiagnostics-urls=never -fno-diagnostics-color -fmessage-length=0 -O2 -g -DNDEBUG -std=gnu99 -fPIC -Wall -Wcast-qual -Wconversion -Wextra -Wfloat-equal -Wformat=2 -Winit-self -Winvalid-pch -Wmissing-include-dirs -Wshadow -Wundef -Wwrite-strings -pedantic -Wno-c++-compat -Wbad-function-cast -Wcast-align -Wformat -Wimplicit-function-declaration -Wint-to-pointer-cast -Wmissing-declarations -Wmissing-prototypes -Wnested-externs -Wold-style-definition -Wpacked -Wpointer-sign -Wpointer-to-int-cast -Wredundant-decls -Wstrict-prototypes -Wswitch -Wunused-but-set-variable -Wunused-variable -Wunused-function -Wunused-parameter -finline-functions -Wno-aggregate-return -Wno-inline -Wno-missing-format-attribute -Wno-missing-noreturn -Wno-overlength-strings -Wlarger-than=2560 -Wlogical-op -Wframe-larger-than=16384 -Wpacked-bitfield-compat -Wsync-nand -Wno-unsuffixed-float-constants -Wdouble-promotion -Wtrampolines -Wstack-usage=8192 -Wmaybe-uninitialized -Wno-jump-misses-init -Wstrict-overflow=2 -Wno-suggest-attribute=const -Wno-suggest-attribute=noreturn -Wno-suggest-attribute=pure -Wno-suggest-attribute=format -Wdate-time -Warray-bounds=2 -Wc99-c11-compat -Wincompatible-pointer-types -Wint-conversion -Wduplicated-cond -Whsa -Wnormalized -Wnull-dereference -Wunused-const-variable -Walloca -Walloc-zero -Wduplicated-branches -Wformat-overflow=2 -Wformat-truncation=1 -Wrestrict -Wattribute-alias -Wshift-overflow=2 -Wcast-function-type -Wcast-align=strict -Wno-suggest-attribute=cold -Wno-suggest-attribute=malloc -Wattribute-alias=2 -Wmissing-profile -Wc11-c2x-compat -MD -MT src/CMakeFiles/hdf5-static.dir/H5Tcompound.c.o -MF src/CMakeFiles/hdf5-static.dir/H5Tcompound.c.o.d -o src/CMakeFiles/hdf5-static.dir/H5Tcompound.c.o -c /home/byrn/HDF_Projects/hdf5/dev/src/H5Tcompound.c
[311/4114] /usr/bin/cc -D_FILE_OFFSET_BITS=64 -D_GNU_SOURCE -D_LARGEFILE_SOURCE -D_POSIX_C_SOURCE=200809L -I/home/byrn/HDF_Projects/hdf5/dev/src -I/home/byrn/HDF_Projects/hdf5/dev/src/H5FDsubfiling -I/home/byrn/HDF_Projects/hdf5/build/ci-StdShar-GNUC/src -I/home/byrn/HDF_Projects/hdf5/build/ci-StdShar-GNUC/_deps/hdf5_zlib-build -I/home/byrn/HDF_Projects/hdf5/build/ci-StdShar-GNUC/_deps/hdf5_zlib-src -I/home/byrn/HDF_Projects/hdf5/build/ci-StdShar-GNUC/_deps/szip-build -I/home/byrn/HDF_Projects/hdf5/build/ci-StdShar-GNUC/_deps/szip-src/include -I/home/byrn/HDF_Projects/hdf5/build/ci-StdShar-GNUC/_deps/szip-src -std=c99  -fstdarg-opt -fdiagnostics-urls=never -fno-diagnostics-color -fmessage-length=0 -O2 -g -DNDEBUG -std=gnu99 -fPIC -Wall -Wcast-qual -Wconversion -Wextra -Wfloat-equal -Wformat=2 -Winit-self -Winvalid-pch -Wmissing-include-dirs -Wshadow -Wundef -Wwrite-strings -pedantic -Wno-c++-compat -Wbad-function-cast -Wcast-align -Wformat -Wimplicit-function-declaration -Wint-to-pointer-cast -Wmissing-declarations -Wmissing-prototypes -Wnested-externs -Wold-style-definition -Wpacked -Wpointer-sign -Wpointer-to-int-cast -Wredundant-decls -Wstrict-prototypes -Wswitch -Wunused-but-set-variable -Wunused-variable -Wunused-function -Wunused-parameter -finline-functions -Wno-aggregate-return -Wno-inline -Wno-missing-format-attribute -Wno-missing-noreturn -Wno-overlength-strings -Wlarger-than=2560 -Wlogical-op -Wframe-larger-than=16384 -Wpacked-bitfield-compat -Wsync-nand -Wno-unsuffixed-float-constants -Wdouble-promotion -Wtrampolines -Wstack-usage=8192 -Wmaybe-uninitialized -Wno-jump-misses-init -Wstrict-overflow=2 -Wno-suggest-attribute=const -Wno-suggest-attribute=noreturn -Wno-suggest-attribute=pure -Wno-suggest-attribute=format -Wdate-time -Warray-bounds=2 -Wc99-c11-compat -Wincompatible-pointer-types -Wint-conversion -Wduplicated-cond -Whsa -Wnormalized -Wnull-dereference -Wunused-const-variable -Walloca -Walloc-zero -Wduplicated-branches -Wformat-overflow=2 -Wformat-truncation=1 -Wrestrict -Wattribute-alias -Wshift-overflow=2 -Wcast-function-type -Wcast-align=strict -Wno-suggest-attribute=cold -Wno-suggest-attribute=malloc -Wattribute-alias=2 -Wmissing-profile -Wc11-c2x-compat -MD -MT src/CMakeFiles/hdf5-static.dir/H5Tcommit.c.o -MF src/CMakeFiles/hdf5-static.dir/H5Tcommit.c.o.d -o src/CMakeFiles/hdf5-static.dir/H5Tcommit.c.o -c /home/byrn/HDF_Projects/hdf5/dev/src/H5Tcommit.c
[312/4114] /usr/bin/cc -D_FILE_OFFSET_BITS=64 -D_GNU_SOURCE -D_LARGEFILE_SOURCE -D_POSIX_C_SOURCE=200809L -I/home/byrn/HDF_Projects/hdf5/dev/src -I/home/byrn/HDF_Projects/hdf5/dev/src/H5FDsubfiling -I/home/byrn/HDF_Projects/hdf5/build/ci-StdShar-GNUC/src -I/home/byrn/HDF_Projects/hdf5/build/ci-StdShar-GNUC/_deps/hdf5_zlib-build -I/home/byrn/HDF_Projects/hdf5/build/ci-StdShar-GNUC/_deps/hdf5_zlib-src -I/home/byrn/HDF_Projects/hdf5/build/ci-StdShar-GNUC/_deps/szip-build -I/home/byrn/HDF_Projects/hdf5/build/ci-StdShar-GNUC/_deps/szip-src/include -I/home/byrn/HDF_Projects/hdf5/build/ci-StdShar-GNUC/_deps/szip-src -std=c99  -fstdarg-opt -fdiagnostics-urls=never -fno-diagnostics-color -fmessage-length=0 -O2 -g -DNDEBUG -std=gnu99 -fPIC -Wall -Wcast-qual -Wconversion -Wextra -Wfloat-equal -Wformat=2 -Winit-self -Winvalid-pch -Wmissing-include-dirs -Wshadow -Wundef -Wwrite-strings -pedantic -Wno-c++-compat -Wbad-function-cast -Wcast-align -Wformat -Wimplicit-function-declaration -Wint-to-pointer-cast -Wmissing-declarations -Wmissing-prototypes -Wnested-externs -Wold-style-definition -Wpacked -Wpointer-sign -Wpointer-to-int-cast -Wredundant-decls -Wstrict-prototypes -Wswitch -Wunused-but-set-variable -Wunused-variable -Wunused-function -Wunused-parameter -finline-functions -Wno-aggregate-return -Wno-inline -Wno-missing-format-attribute -Wno-missing-noreturn -Wno-overlength-strings -Wlarger-than=2560 -Wlogical-op -Wframe-larger-than=16384 -Wpacked-bitfield-compat -Wsync-nand -Wno-unsuffixed-float-constants -Wdouble-promotion -Wtrampolines -Wstack-usage=8192 -Wmaybe-uninitialized -Wno-jump-misses-init -Wstrict-overflow=2 -Wno-suggest-attribute=const -Wno-suggest-attribute=noreturn -Wno-suggest-attribute=pure -Wno-suggest-attribute=format -Wdate-time -Warray-bounds=2 -Wc99-c11-compat -Wincompatible-pointer-types -Wint-conversion -Wduplicated-cond -Whsa -Wnormalized -Wnull-dereference -Wunused-const-variable -Walloca -Walloc-zero -Wduplicated-branches -Wformat-overflow=2 -Wformat-truncation=1 -Wrestrict -Wattribute-alias -Wshift-overflow=2 -Wcast-function-type -Wcast-align=strict -Wno-suggest-attribute=cold -Wno-suggest-attribute=malloc -Wattribute-alias=2 -Wmissing-profile -Wc11-c2x-compat -MD -MT src/CMakeFiles/hdf5-static.dir/H5Tconv.c.o -MF src/CMakeFiles/hdf5-static.dir/H5Tconv.c.o.d -o src/CMakeFiles/hdf5-static.dir/H5Tconv.c.o -c /home/byrn/HDF_Projects/hdf5/dev/src/H5Tconv.c
[313/4114] /usr/bin/cc -D_FILE_OFFSET_BITS=64 -D_GNU_SOURCE -D_LARGEFILE_SOURCE -D_POSIX_C_SOURCE=200809L -I/home/byrn/HDF_Projects/hdf5/dev/src -I/home/byrn/HDF_Projects/hdf5/dev/src/H5FDsubfiling -I/home/byrn/HDF_Projects/hdf5/build/ci-StdShar-GNUC/src -I/home/byrn/HDF_Projects/hdf5/build/ci-StdShar-GNUC/_deps/hdf5_zlib-build -I/home/byrn/HDF_Projects/hdf5/build/ci-StdShar-GNUC/_deps/hdf5_zlib-src -I/home/byrn/HDF_Projects/hdf5/build/ci-StdShar-GNUC/_deps/szip-build -I/home/byrn/HDF_Projects/hdf5/build/ci-StdShar-GNUC/_deps/szip-src/include -I/home/byrn/HDF_Projects/hdf5/build/ci-StdShar-GNUC/_deps/szip-src -std=c99  -fstdarg-opt -fdiagnostics-urls=never -fno-diagnostics-color -fmessage-length=0 -O2 -g -DNDEBUG -std=gnu99 -fPIC -Wall -Wcast-qual -Wconversion -Wextra -Wfloat-equal -Wformat=2 -Winit-self -Winvalid-pch -Wmissing-include-dirs -Wshadow -Wundef -Wwrite-strings -pedantic -Wno-c++-compat -Wbad-function-cast -Wcast-align -Wformat -Wimplicit-function-declaration -Wint-to-pointer-cast -Wmissing-declarations -Wmissing-prototypes -Wnested-externs -Wold-style-definition -Wpacked -Wpointer-sign -Wpointer-to-int-cast -Wredundant-decls -Wstrict-prototypes -Wswitch -Wunused-but-set-variable -Wunused-variable -Wunused-function -Wunused-parameter -finline-functions -Wno-aggregate-return -Wno-inline -Wno-missing-format-attribute -Wno-missing-noreturn -Wno-overlength-strings -Wlarger-than=2560 -Wlogical-op -Wframe-larger-than=16384 -Wpacked-bitfield-compat -Wsync-nand -Wno-unsuffixed-float-constants -Wdouble-promotion -Wtrampolines -Wstack-usage=8192 -Wmaybe-uninitialized -Wno-jump-misses-init -Wstrict-overflow=2 -Wno-suggest-attribute=const -Wno-suggest-attribute=noreturn -Wno-suggest-attribute=pure -Wno-suggest-attribute=format -Wdate-time -Warray-bounds=2 -Wc99-c11-compat -Wincompatible-pointer-types -Wint-conversion -Wduplicated-cond -Whsa -Wnormalized -Wnull-dereference -Wunused-const-variable -Walloca -Walloc-zero -Wduplicated-branches -Wformat-overflow=2 -Wformat-truncation=1 -Wrestrict -Wattribute-alias -Wshift-overflow=2 -Wcast-function-type -Wcast-align=strict -Wno-suggest-attribute=cold -Wno-suggest-attribute=malloc -Wattribute-alias=2 -Wmissing-profile -Wc11-c2x-compat -MD -MT src/CMakeFiles/hdf5-static.dir/H5Tconv_string.c.o -MF src/CMakeFiles/hdf5-static.dir/H5Tconv_string.c.o.d -o src/CMakeFiles/hdf5-static.dir/H5Tconv_string.c.o -c /home/byrn/HDF_Projects/hdf5/dev/src/H5Tconv_string.c
[314/4114] /usr/bin/cc -D_FILE_OFFSET_BITS=64 -D_GNU_SOURCE -D_LARGEFILE_SOURCE -D_POSIX_C_SOURCE=200809L -I/home/byrn/HDF_Projects/hdf5/dev/src -I/home/byrn/HDF_Projects/hdf5/dev/src/H5FDsubfiling -I/home/byrn/HDF_Projects/hdf5/build/ci-StdShar-GNUC/src -I/home/byrn/HDF_Projects/hdf5/build/ci-StdShar-GNUC/_deps/hdf5_zlib-build -I/home/byrn/HDF_Projects/hdf5/build/ci-StdShar-GNUC/_deps/hdf5_zlib-src -I/home/byrn/HDF_Projects/hdf5/build/ci-StdShar-GNUC/_deps/szip-build -I/home/byrn/HDF_Projects/hdf5/build/ci-StdShar-GNUC/_deps/szip-src/include -I/home/byrn/HDF_Projects/hdf5/build/ci-StdShar-GNUC/_deps/szip-src -std=c99  -fstdarg-opt -fdiagnostics-urls=never -fno-diagnostics-color -fmessage-length=0 -O2 -g -DNDEBUG -std=gnu99 -fPIC -Wall -Wcast-qual -Wconversion -Wextra -Wfloat-equal -Wformat=2 -Winit-self -Winvalid-pch -Wmissing-include-dirs -Wshadow -Wundef -Wwrite-strings -pedantic -Wno-c++-compat -Wbad-function-cast -Wcast-align -Wformat -Wimplicit-function-declaration -Wint-to-pointer-cast -Wmissing-declarations -Wmissing-prototypes -Wnested-externs -Wold-style-definition -Wpacked -Wpointer-sign -Wpointer-to-int-cast -Wredundant-decls -Wstrict-prototypes -Wswitch -Wunused-but-set-variable -Wunused-variable -Wunused-function -Wunused-parameter -finline-functions -Wno-aggregate-return -Wno-inline -Wno-missing-format-attribute -Wno-missing-noreturn -Wno-overlength-strings -Wlarger-than=2560 -Wlogical-op -Wframe-larger-than=16384 -Wpacked-bitfield-compat -Wsync-nand -Wno-unsuffixed-float-constants -Wdouble-promotion -Wtrampolines -Wstack-usage=8192 -Wmaybe-uninitialized -Wno-jump-misses-init -Wstrict-overflow=2 -Wno-suggest-attribute=const -Wno-suggest-attribute=noreturn -Wno-suggest-attribute=pure -Wno-suggest-attribute=format -Wdate-time -Warray-bounds=2 -Wc99-c11-compat -Wincompatible-pointer-types -Wint-conversion -Wduplicated-cond -Whsa -Wnormalized -Wnull-dereference -Wunused-const-variable -Walloca -Walloc-zero -Wduplicated-branches -Wformat-overflow=2 -Wformat-truncation=1 -Wrestrict -Wattribute-alias -Wshift-overflow=2 -Wcast-function-type -Wcast-align=strict -Wno-suggest-attribute=cold -Wno-suggest-attribute=malloc -Wattribute-alias=2 -Wmissing-profile -Wc11-c2x-compat -MD -MT src/CMakeFiles/hdf5-static.dir/H5Tconv_bitfield.c.o -MF src/CMakeFiles/hdf5-static.dir/H5Tconv_bitfield.c.o.d -o src/CMakeFiles/hdf5-static.dir/H5Tconv_bitfield.c.o -c /home/byrn/HDF_Projects/hdf5/dev/src/H5Tconv_bitfield.c
[315/4114] /usr/bin/cc -D_FILE_OFFSET_BITS=64 -D_GNU_SOURCE -D_LARGEFILE_SOURCE -D_POSIX_C_SOURCE=200809L -I/home/byrn/HDF_Projects/hdf5/dev/src -I/home/byrn/HDF_Projects/hdf5/dev/src/H5FDsubfiling -I/home/byrn/HDF_Projects/hdf5/build/ci-StdShar-GNUC/src -I/home/byrn/HDF_Projects/hdf5/build/ci-StdShar-GNUC/_deps/hdf5_zlib-build -I/home/byrn/HDF_Projects/hdf5/build/ci-StdShar-GNUC/_deps/hdf5_zlib-src -I/home/byrn/HDF_Projects/hdf5/build/ci-StdShar-GNUC/_deps/szip-build -I/home/byrn/HDF_Projects/hdf5/build/ci-StdShar-GNUC/_deps/szip-src/include -I/home/byrn/HDF_Projects/hdf5/build/ci-StdShar-GNUC/_deps/szip-src -std=c99  -fstdarg-opt -fdiagnostics-urls=never -fno-diagnostics-color -fmessage-length=0 -O2 -g -DNDEBUG -std=gnu99 -fPIC -Wall -Wcast-qual -Wconversion -Wextra -Wfloat-equal -Wformat=2 -Winit-self -Winvalid-pch -Wmissing-include-dirs -Wshadow -Wundef -Wwrite-strings -pedantic -Wno-c++-compat -Wbad-function-cast -Wcast-align -Wformat -Wimplicit-function-declaration -Wint-to-pointer-cast -Wmissing-declarations -Wmissing-prototypes -Wnested-externs -Wold-style-definition -Wpacked -Wpointer-sign -Wpointer-to-int-cast -Wredundant-decls -Wstrict-prototypes -Wswitch -Wunused-but-set-variable -Wunused-variable -Wunused-function -Wunused-parameter -finline-functions -Wno-aggregate-return -Wno-inline -Wno-missing-format-attribute -Wno-missing-noreturn -Wno-overlength-strings -Wlarger-than=2560 -Wlogical-op -Wframe-larger-than=16384 -Wpacked-bitfield-compat -Wsync-nand -Wno-unsuffixed-float-constants -Wdouble-promotion -Wtrampolines -Wstack-usage=8192 -Wmaybe-uninitialized -Wno-jump-misses-init -Wstrict-overflow=2 -Wno-suggest-attribute=const -Wno-suggest-attribute=noreturn -Wno-suggest-attribute=pure -Wno-suggest-attribute=format -Wdate-time -Warray-bounds=2 -Wc99-c11-compat -Wincompatible-pointer-types -Wint-conversion -Wduplicated-cond -Whsa -Wnormalized -Wnull-dereference -Wunused-const-variable -Walloca -Walloc-zero -Wduplicated-branches -Wformat-overflow=2 -Wformat-truncation=1 -Wrestrict -Wattribute-alias -Wshift-overflow=2 -Wcast-function-type -Wcast-align=strict -Wno-suggest-attribute=cold -Wno-suggest-attribute=malloc -Wattribute-alias=2 -Wmissing-profile -Wc11-c2x-compat -MD -MT src/CMakeFiles/hdf5-static.dir/H5Tconv_reference.c.o -MF src/CMakeFiles/hdf5-static.dir/H5Tconv_reference.c.o.d -o src/CMakeFiles/hdf5-static.dir/H5Tconv_reference.c.o -c /home/byrn/HDF_Projects/hdf5/dev/src/H5Tconv_reference.c
[316/4114] /usr/bin/cc -D_FILE_OFFSET_BITS=64 -D_GNU_SOURCE -D_LARGEFILE_SOURCE -D_POSIX_C_SOURCE=200809L -I/home/byrn/HDF_Projects/hdf5/dev/src -I/home/byrn/HDF_Projects/hdf5/dev/src/H5FDsubfiling -I/home/byrn/HDF_Projects/hdf5/build/ci-StdShar-GNUC/src -I/home/byrn/HDF_Projects/hdf5/build/ci-StdShar-GNUC/_deps/hdf5_zlib-build -I/home/byrn/HDF_Projects/hdf5/build/ci-StdShar-GNUC/_deps/hdf5_zlib-src -I/home/byrn/HDF_Projects/hdf5/build/ci-StdShar-GNUC/_deps/szip-build -I/home/byrn/HDF_Projects/hdf5/build/ci-StdShar-GNUC/_deps/szip-src/include -I/home/byrn/HDF_Projects/hdf5/build/ci-StdShar-GNUC/_deps/szip-src -std=c99  -fstdarg-opt -fdiagnostics-urls=never -fno-diagnostics-color -fmessage-length=0 -O2 -g -DNDEBUG -std=gnu99 -fPIC -Wall -Wcast-qual -Wconversion -Wextra -Wfloat-equal -Wformat=2 -Winit-self -Winvalid-pch -Wmissing-include-dirs -Wshadow -Wundef -Wwrite-strings -pedantic -Wno-c++-compat -Wbad-function-cast -Wcast-align -Wformat -Wimplicit-function-declaration -Wint-to-pointer-cast -Wmissing-declarations -Wmissing-prototypes -Wnested-externs -Wold-style-definition -Wpacked -Wpointer-sign -Wpointer-to-int-cast -Wredundant-decls -Wstrict-prototypes -Wswitch -Wunused-but-set-variable -Wunused-variable -Wunused-function -Wunused-parameter -finline-functions -Wno-aggregate-return -Wno-inline -Wno-missing-format-attribute -Wno-missing-noreturn -Wno-overlength-strings -Wlarger-than=2560 -Wlogical-op -Wframe-larger-than=16384 -Wpacked-bitfield-compat -Wsync-nand -Wno-unsuffixed-float-constants -Wdouble-promotion -Wtrampolines -Wstack-usage=8192 -Wmaybe-uninitialized -Wno-jump-misses-init -Wstrict-overflow=2 -Wno-suggest-attribute=const -Wno-suggest-attribute=noreturn -Wno-suggest-attribute=pure -Wno-suggest-attribute=format -Wdate-time -Warray-bounds=2 -Wc99-c11-compat -Wincompatible-pointer-types -Wint-conversion -Wduplicated-cond -Whsa -Wnormalized -Wnull-dereference -Wunused-const-variable -Walloca -Walloc-zero -Wduplicated-branches -Wformat-overflow=2 -Wformat-truncation=1 -Wrestrict -Wattribute-alias -Wshift-overflow=2 -Wcast-function-type -Wcast-align=strict -Wno-suggest-attribute=cold -Wno-suggest-attribute=malloc -Wattribute-alias=2 -Wmissing-profile -Wc11-c2x-compat -MD -MT src/CMakeFiles/hdf5-static.dir/H5Tconv_compound.c.o -MF src/CMakeFiles/hdf5-static.dir/H5Tconv_compound.c.o.d -o src/CMakeFiles/hdf5-static.dir/H5Tconv_compound.c.o -c /home/byrn/HDF_Projects/hdf5/dev/src/H5Tconv_compound.c
[317/4114] /usr/bin/cc -D_FILE_OFFSET_BITS=64 -D_GNU_SOURCE -D_LARGEFILE_SOURCE -D_POSIX_C_SOURCE=200809L -I/home/byrn/HDF_Projects/hdf5/dev/src -I/home/byrn/HDF_Projects/hdf5/dev/src/H5FDsubfiling -I/home/byrn/HDF_Projects/hdf5/build/ci-StdShar-GNUC/src -I/home/byrn/HDF_Projects/hdf5/build/ci-StdShar-GNUC/_deps/hdf5_zlib-build -I/home/byrn/HDF_Projects/hdf5/build/ci-StdShar-GNUC/_deps/hdf5_zlib-src -I/home/byrn/HDF_Projects/hdf5/build/ci-StdShar-GNUC/_deps/szip-build -I/home/byrn/HDF_Projects/hdf5/build/ci-StdShar-GNUC/_deps/szip-src/include -I/home/byrn/HDF_Projects/hdf5/build/ci-StdShar-GNUC/_deps/szip-src -std=c99  -fstdarg-opt -fdiagnostics-urls=never -fno-diagnostics-color -fmessage-length=0 -O2 -g -DNDEBUG -std=gnu99 -fPIC -Wall -Wcast-qual -Wconversion -Wextra -Wfloat-equal -Wformat=2 -Winit-self -Winvalid-pch -Wmissing-include-dirs -Wshadow -Wundef -Wwrite-strings -pedantic -Wno-c++-compat -Wbad-function-cast -Wcast-align -Wformat -Wimplicit-function-declaration -Wint-to-pointer-cast -Wmissing-declarations -Wmissing-prototypes -Wnested-externs -Wold-style-definition -Wpacked -Wpointer-sign -Wpointer-to-int-cast -Wredundant-decls -Wstrict-prototypes -Wswitch -Wunused-but-set-variable -Wunused-variable -Wunused-function -Wunused-parameter -finline-functions -Wno-aggregate-return -Wno-inline -Wno-missing-format-attribute -Wno-missing-noreturn -Wno-overlength-strings -Wlarger-than=2560 -Wlogical-op -Wframe-larger-than=16384 -Wpacked-bitfield-compat -Wsync-nand -Wno-unsuffixed-float-constants -Wdouble-promotion -Wtrampolines -Wstack-usage=8192 -Wmaybe-uninitialized -Wno-jump-misses-init -Wstrict-overflow=2 -Wno-suggest-attribute=const -Wno-suggest-attribute=noreturn -Wno-suggest-attribute=pure -Wno-suggest-attribute=format -Wdate-time -Warray-bounds=2 -Wc99-c11-compat -Wincompatible-pointer-types -Wint-conversion -Wduplicated-cond -Whsa -Wnormalized -Wnull-dereference -Wunused-const-variable -Walloca -Walloc-zero -Wduplicated-branches -Wformat-overflow=2 -Wformat-truncation=1 -Wrestrict -Wattribute-alias -Wshift-overflow=2 -Wcast-function-type -Wcast-align=strict -Wno-suggest-attribute=cold -Wno-suggest-attribute=malloc -Wattribute-alias=2 -Wmissing-profile -Wc11-c2x-compat -MD -MT src/CMakeFiles/hdf5-static.dir/H5Tconv_enum.c.o -MF src/CMakeFiles/hdf5-static.dir/H5Tconv_enum.c.o.d -o src/CMakeFiles/hdf5-static.dir/H5Tconv_enum.c.o -c /home/byrn/HDF_Projects/hdf5/dev/src/H5Tconv_enum.c
[318/4114] /usr/bin/cc -D_FILE_OFFSET_BITS=64 -D_GNU_SOURCE -D_LARGEFILE_SOURCE -D_POSIX_C_SOURCE=200809L -I/home/byrn/HDF_Projects/hdf5/dev/src -I/home/byrn/HDF_Projects/hdf5/dev/src/H5FDsubfiling -I/home/byrn/HDF_Projects/hdf5/build/ci-StdShar-GNUC/src -I/home/byrn/HDF_Projects/hdf5/build/ci-StdShar-GNUC/_deps/hdf5_zlib-build -I/home/byrn/HDF_Projects/hdf5/build/ci-StdShar-GNUC/_deps/hdf5_zlib-src -I/home/byrn/HDF_Projects/hdf5/build/ci-StdShar-GNUC/_deps/szip-build -I/home/byrn/HDF_Projects/hdf5/build/ci-StdShar-GNUC/_deps/szip-src/include -I/home/byrn/HDF_Projects/hdf5/build/ci-StdShar-GNUC/_deps/szip-src -std=c99  -fstdarg-opt -fdiagnostics-urls=never -fno-diagnostics-color -fmessage-length=0 -O2 -g -DNDEBUG -std=gnu99 -fPIC -Wall -Wcast-qual -Wconversion -Wextra -Wfloat-equal -Wformat=2 -Winit-self -Winvalid-pch -Wmissing-include-dirs -Wshadow -Wundef -Wwrite-strings -pedantic -Wno-c++-compat -Wbad-function-cast -Wcast-align -Wformat -Wimplicit-function-declaration -Wint-to-pointer-cast -Wmissing-declarations -Wmissing-prototypes -Wnested-externs -Wold-style-definition -Wpacked -Wpointer-sign -Wpointer-to-int-cast -Wredundant-decls -Wstrict-prototypes -Wswitch -Wunused-but-set-variable -Wunused-variable -Wunused-function -Wunused-parameter -finline-functions -Wno-aggregate-return -Wno-inline -Wno-missing-format-attribute -Wno-missing-noreturn -Wno-overlength-strings -Wlarger-than=2560 -Wlogical-op -Wframe-larger-than=16384 -Wpacked-bitfield-compat -Wsync-nand -Wno-unsuffixed-float-constants -Wdouble-promotion -Wtrampolines -Wstack-usage=8192 -Wmaybe-uninitialized -Wno-jump-misses-init -Wstrict-overflow=2 -Wno-suggest-attribute=const -Wno-suggest-attribute=noreturn -Wno-suggest-attribute=pure -Wno-suggest-attribute=format -Wdate-time -Warray-bounds=2 -Wc99-c11-compat -Wincompatible-pointer-types -Wint-conversion -Wduplicated-cond -Whsa -Wnormalized -Wnull-dereference -Wunused-const-variable -Walloca -Walloc-zero -Wduplicated-branches -Wformat-overflow=2 -Wformat-truncation=1 -Wrestrict -Wattribute-alias -Wshift-overflow=2 -Wcast-function-type -Wcast-align=strict -Wno-suggest-attribute=cold -Wno-suggest-attribute=malloc -Wattribute-alias=2 -Wmissing-profile -Wc11-c2x-compat -MD -MT src/CMakeFiles/hdf5-static.dir/H5Tcset.c.o -MF src/CMakeFiles/hdf5-static.dir/H5Tcset.c.o.d -o src/CMakeFiles/hdf5-static.dir/H5Tcset.c.o -c /home/byrn/HDF_Projects/hdf5/dev/src/H5Tcset.c
[319/4114] /usr/bin/cc -D_FILE_OFFSET_BITS=64 -D_GNU_SOURCE -D_LARGEFILE_SOURCE -D_POSIX_C_SOURCE=200809L -I/home/byrn/HDF_Projects/hdf5/dev/src -I/home/byrn/HDF_Projects/hdf5/dev/src/H5FDsubfiling -I/home/byrn/HDF_Projects/hdf5/build/ci-StdShar-GNUC/src -I/home/byrn/HDF_Projects/hdf5/build/ci-StdShar-GNUC/_deps/hdf5_zlib-build -I/home/byrn/HDF_Projects/hdf5/build/ci-StdShar-GNUC/_deps/hdf5_zlib-src -I/home/byrn/HDF_Projects/hdf5/build/ci-StdShar-GNUC/_deps/szip-build -I/home/byrn/HDF_Projects/hdf5/build/ci-StdShar-GNUC/_deps/szip-src/include -I/home/byrn/HDF_Projects/hdf5/build/ci-StdShar-GNUC/_deps/szip-src -std=c99  -fstdarg-opt -fdiagnostics-urls=never -fno-diagnostics-color -fmessage-length=0 -O2 -g -DNDEBUG -std=gnu99 -fPIC -Wall -Wcast-qual -Wconversion -Wextra -Wfloat-equal -Wformat=2 -Winit-self -Winvalid-pch -Wmissing-include-dirs -Wshadow -Wundef -Wwrite-strings -pedantic -Wno-c++-compat -Wbad-function-cast -Wcast-align -Wformat -Wimplicit-function-declaration -Wint-to-pointer-cast -Wmissing-declarations -Wmissing-prototypes -Wnested-externs -Wold-style-definition -Wpacked -Wpointer-sign -Wpointer-to-int-cast -Wredundant-decls -Wstrict-prototypes -Wswitch -Wunused-but-set-variable -Wunused-variable -Wunused-function -Wunused-parameter -finline-functions -Wno-aggregate-return -Wno-inline -Wno-missing-format-attribute -Wno-missing-noreturn -Wno-overlength-strings -Wlarger-than=2560 -Wlogical-op -Wframe-larger-than=16384 -Wpacked-bitfield-compat -Wsync-nand -Wno-unsuffixed-float-constants -Wdouble-promotion -Wtrampolines -Wstack-usage=8192 -Wmaybe-uninitialized -Wno-jump-misses-init -Wstrict-overflow=2 -Wno-suggest-attribute=const -Wno-suggest-attribute=noreturn -Wno-suggest-attribute=pure -Wno-suggest-attribute=format -Wdate-time -Warray-bounds=2 -Wc99-c11-compat -Wincompatible-pointer-types -Wint-conversion -Wduplicated-cond -Whsa -Wnormalized -Wnull-dereference -Wunused-const-variable -Walloca -Walloc-zero -Wduplicated-branches -Wformat-overflow=2 -Wformat-truncation=1 -Wrestrict -Wattribute-alias -Wshift-overflow=2 -Wcast-function-type -Wcast-align=strict -Wno-suggest-attribute=cold -Wno-suggest-attribute=malloc -Wattribute-alias=2 -Wmissing-profile -Wc11-c2x-compat -MD -MT src/CMakeFiles/hdf5-static.dir/H5Tconv_vlen.c.o -MF src/CMakeFiles/hdf5-static.dir/H5Tconv_vlen.c.o.d -o src/CMakeFiles/hdf5-static.dir/H5Tconv_vlen.c.o -c /home/byrn/HDF_Projects/hdf5/dev/src/H5Tconv_vlen.c
[320/4114] /usr/bin/cc -D_FILE_OFFSET_BITS=64 -D_GNU_SOURCE -D_LARGEFILE_SOURCE -D_POSIX_C_SOURCE=200809L -I/home/byrn/HDF_Projects/hdf5/dev/src -I/home/byrn/HDF_Projects/hdf5/dev/src/H5FDsubfiling -I/home/byrn/HDF_Projects/hdf5/build/ci-StdShar-GNUC/src -I/home/byrn/HDF_Projects/hdf5/build/ci-StdShar-GNUC/_deps/hdf5_zlib-build -I/home/byrn/HDF_Projects/hdf5/build/ci-StdShar-GNUC/_deps/hdf5_zlib-src -I/home/byrn/HDF_Projects/hdf5/build/ci-StdShar-GNUC/_deps/szip-build -I/home/byrn/HDF_Projects/hdf5/build/ci-StdShar-GNUC/_deps/szip-src/include -I/home/byrn/HDF_Projects/hdf5/build/ci-StdShar-GNUC/_deps/szip-src -std=c99  -fstdarg-opt -fdiagnostics-urls=never -fno-diagnostics-color -fmessage-length=0 -O2 -g -DNDEBUG -std=gnu99 -fPIC -Wall -Wcast-qual -Wconversion -Wextra -Wfloat-equal -Wformat=2 -Winit-self -Winvalid-pch -Wmissing-include-dirs -Wshadow -Wundef -Wwrite-strings -pedantic -Wno-c++-compat -Wbad-function-cast -Wcast-align -Wformat -Wimplicit-function-declaration -Wint-to-pointer-cast -Wmissing-declarations -Wmissing-prototypes -Wnested-externs -Wold-style-definition -Wpacked -Wpointer-sign -Wpointer-to-int-cast -Wredundant-decls -Wstrict-prototypes -Wswitch -Wunused-but-set-variable -Wunused-variable -Wunused-function -Wunused-parameter -finline-functions -Wno-aggregate-return -Wno-inline -Wno-missing-format-attribute -Wno-missing-noreturn -Wno-overlength-strings -Wlarger-than=2560 -Wlogical-op -Wframe-larger-than=16384 -Wpacked-bitfield-compat -Wsync-nand -Wno-unsuffixed-float-constants -Wdouble-promotion -Wtrampolines -Wstack-usage=8192 -Wmaybe-uninitialized -Wno-jump-misses-init -Wstrict-overflow=2 -Wno-suggest-attribute=const -Wno-suggest-attribute=noreturn -Wno-suggest-attribute=pure -Wno-suggest-attribute=format -Wdate-time -Warray-bounds=2 -Wc99-c11-compat -Wincompatible-pointer-types -Wint-conversion -Wduplicated-cond -Whsa -Wnormalized -Wnull-dereference -Wunused-const-variable -Walloca -Walloc-zero -Wduplicated-branches -Wformat-overflow=2 -Wformat-truncation=1 -Wrestrict -Wattribute-alias -Wshift-overflow=2 -Wcast-function-type -Wcast-align=strict -Wno-suggest-attribute=cold -Wno-suggest-attribute=malloc -Wattribute-alias=2 -Wmissing-profile -Wc11-c2x-compat -MD -MT src/CMakeFiles/hdf5-static.dir/H5Tconv_array.c.o -MF src/CMakeFiles/hdf5-static.dir/H5Tconv_array.c.o.d -o src/CMakeFiles/hdf5-static.dir/H5Tconv_array.c.o -c /home/byrn/HDF_Projects/hdf5/dev/src/H5Tconv_array.c
[321/4114] /usr/bin/cc -D_FILE_OFFSET_BITS=64 -D_GNU_SOURCE -D_LARGEFILE_SOURCE -D_POSIX_C_SOURCE=200809L -I/home/byrn/HDF_Projects/hdf5/dev/src -I/home/byrn/HDF_Projects/hdf5/dev/src/H5FDsubfiling -I/home/byrn/HDF_Projects/hdf5/build/ci-StdShar-GNUC/src -I/home/byrn/HDF_Projects/hdf5/build/ci-StdShar-GNUC/_deps/hdf5_zlib-build -I/home/byrn/HDF_Projects/hdf5/build/ci-StdShar-GNUC/_deps/hdf5_zlib-src -I/home/byrn/HDF_Projects/hdf5/build/ci-StdShar-GNUC/_deps/szip-build -I/home/byrn/HDF_Projects/hdf5/build/ci-StdShar-GNUC/_deps/szip-src/include -I/home/byrn/HDF_Projects/hdf5/build/ci-StdShar-GNUC/_deps/szip-src -std=c99  -fstdarg-opt -fdiagnostics-urls=never -fno-diagnostics-color -fmessage-length=0 -O2 -g -DNDEBUG -std=gnu99 -fPIC -Wall -Wcast-qual -Wconversion -Wextra -Wfloat-equal -Wformat=2 -Winit-self -Winvalid-pch -Wmissing-include-dirs -Wshadow -Wundef -Wwrite-strings -pedantic -Wno-c++-compat -Wbad-function-cast -Wcast-align -Wformat -Wimplicit-function-declaration -Wint-to-pointer-cast -Wmissing-declarations -Wmissing-prototypes -Wnested-externs -Wold-style-definition -Wpacked -Wpointer-sign -Wpointer-to-int-cast -Wredundant-decls -Wstrict-prototypes -Wswitch -Wunused-but-set-variable -Wunused-variable -Wunused-function -Wunused-parameter -finline-functions -Wno-aggregate-return -Wno-inline -Wno-missing-format-attribute -Wno-missing-noreturn -Wno-overlength-strings -Wlarger-than=2560 -Wlogical-op -Wframe-larger-than=16384 -Wpacked-bitfield-compat -Wsync-nand -Wno-unsuffixed-float-constants -Wdouble-promotion -Wtrampolines -Wstack-usage=8192 -Wmaybe-uninitialized -Wno-jump-misses-init -Wstrict-overflow=2 -Wno-suggest-attribute=const -Wno-suggest-attribute=noreturn -Wno-suggest-attribute=pure -Wno-suggest-attribute=format -Wdate-time -Warray-bounds=2 -Wc99-c11-compat -Wincompatible-pointer-types -Wint-conversion -Wduplicated-cond -Whsa -Wnormalized -Wnull-dereference -Wunused-const-variable -Walloca -Walloc-zero -Wduplicated-branches -Wformat-overflow=2 -Wformat-truncation=1 -Wrestrict -Wattribute-alias -Wshift-overflow=2 -Wcast-function-type -Wcast-align=strict -Wno-suggest-attribute=cold -Wno-suggest-attribute=malloc -Wattribute-alias=2 -Wmissing-profile -Wc11-c2x-compat -MD -MT src/CMakeFiles/hdf5-static.dir/H5Tdbg.c.o -MF src/CMakeFiles/hdf5-static.dir/H5Tdbg.c.o.d -o src/CMakeFiles/hdf5-static.dir/H5Tdbg.c.o -c /home/byrn/HDF_Projects/hdf5/dev/src/H5Tdbg.c
[322/4114] /usr/bin/cc -D_FILE_OFFSET_BITS=64 -D_GNU_SOURCE -D_LARGEFILE_SOURCE -D_POSIX_C_SOURCE=200809L -I/home/byrn/HDF_Projects/hdf5/dev/src -I/home/byrn/HDF_Projects/hdf5/dev/src/H5FDsubfiling -I/home/byrn/HDF_Projects/hdf5/build/ci-StdShar-GNUC/src -I/home/byrn/HDF_Projects/hdf5/build/ci-StdShar-GNUC/_deps/hdf5_zlib-build -I/home/byrn/HDF_Projects/hdf5/build/ci-StdShar-GNUC/_deps/hdf5_zlib-src -I/home/byrn/HDF_Projects/hdf5/build/ci-StdShar-GNUC/_deps/szip-build -I/home/byrn/HDF_Projects/hdf5/build/ci-StdShar-GNUC/_deps/szip-src/include -I/home/byrn/HDF_Projects/hdf5/build/ci-StdShar-GNUC/_deps/szip-src -std=c99  -fstdarg-opt -fdiagnostics-urls=never -fno-diagnostics-color -fmessage-length=0 -O2 -g -DNDEBUG -std=gnu99 -fPIC -Wall -Wcast-qual -Wconversion -Wextra -Wfloat-equal -Wformat=2 -Winit-self -Winvalid-pch -Wmissing-include-dirs -Wshadow -Wundef -Wwrite-strings -pedantic -Wno-c++-compat -Wbad-function-cast -Wcast-align -Wformat -Wimplicit-function-declaration -Wint-to-pointer-cast -Wmissing-declarations -Wmissing-prototypes -Wnested-externs -Wold-style-definition -Wpacked -Wpointer-sign -Wpointer-to-int-cast -Wredundant-decls -Wstrict-prototypes -Wswitch -Wunused-but-set-variable -Wunused-variable -Wunused-function -Wunused-parameter -finline-functions -Wno-aggregate-return -Wno-inline -Wno-missing-format-attribute -Wno-missing-noreturn -Wno-overlength-strings -Wlarger-than=2560 -Wlogical-op -Wframe-larger-than=16384 -Wpacked-bitfield-compat -Wsync-nand -Wno-unsuffixed-float-constants -Wdouble-promotion -Wtrampolines -Wstack-usage=8192 -Wmaybe-uninitialized -Wno-jump-misses-init -Wstrict-overflow=2 -Wno-suggest-attribute=const -Wno-suggest-attribute=noreturn -Wno-suggest-attribute=pure -Wno-suggest-attribute=format -Wdate-time -Warray-bounds=2 -Wc99-c11-compat -Wincompatible-pointer-types -Wint-conversion -Wduplicated-cond -Whsa -Wnormalized -Wnull-dereference -Wunused-const-variable -Walloca -Walloc-zero -Wduplicated-branches -Wformat-overflow=2 -Wformat-truncation=1 -Wrestrict -Wattribute-alias -Wshift-overflow=2 -Wcast-function-type -Wcast-align=strict -Wno-suggest-attribute=cold -Wno-suggest-attribute=malloc -Wattribute-alias=2 -Wmissing-profile -Wc11-c2x-compat -MD -MT src/CMakeFiles/hdf5-static.dir/H5Tdeprec.c.o -MF src/CMakeFiles/hdf5-static.dir/H5Tdeprec.c.o.d -o src/CMakeFiles/hdf5-static.dir/H5Tdeprec.c.o -c /home/byrn/HDF_Projects/hdf5/dev/src/H5Tdeprec.c
[323/4114] /usr/bin/cc -D_FILE_OFFSET_BITS=64 -D_GNU_SOURCE -D_LARGEFILE_SOURCE -D_POSIX_C_SOURCE=200809L -I/home/byrn/HDF_Projects/hdf5/dev/src -I/home/byrn/HDF_Projects/hdf5/dev/src/H5FDsubfiling -I/home/byrn/HDF_Projects/hdf5/build/ci-StdShar-GNUC/src -I/home/byrn/HDF_Projects/hdf5/build/ci-StdShar-GNUC/_deps/hdf5_zlib-build -I/home/byrn/HDF_Projects/hdf5/build/ci-StdShar-GNUC/_deps/hdf5_zlib-src -I/home/byrn/HDF_Projects/hdf5/build/ci-StdShar-GNUC/_deps/szip-build -I/home/byrn/HDF_Projects/hdf5/build/ci-StdShar-GNUC/_deps/szip-src/include -I/home/byrn/HDF_Projects/hdf5/build/ci-StdShar-GNUC/_deps/szip-src -std=c99  -fstdarg-opt -fdiagnostics-urls=never -fno-diagnostics-color -fmessage-length=0 -O2 -g -DNDEBUG -std=gnu99 -fPIC -Wall -Wcast-qual -Wconversion -Wextra -Wfloat-equal -Wformat=2 -Winit-self -Winvalid-pch -Wmissing-include-dirs -Wshadow -Wundef -Wwrite-strings -pedantic -Wno-c++-compat -Wbad-function-cast -Wcast-align -Wformat -Wimplicit-function-declaration -Wint-to-pointer-cast -Wmissing-declarations -Wmissing-prototypes -Wnested-externs -Wold-style-definition -Wpacked -Wpointer-sign -Wpointer-to-int-cast -Wredundant-decls -Wstrict-prototypes -Wswitch -Wunused-but-set-variable -Wunused-variable -Wunused-function -Wunused-parameter -finline-functions -Wno-aggregate-return -Wno-inline -Wno-missing-format-attribute -Wno-missing-noreturn -Wno-overlength-strings -Wlarger-than=2560 -Wlogical-op -Wframe-larger-than=16384 -Wpacked-bitfield-compat -Wsync-nand -Wno-unsuffixed-float-constants -Wdouble-promotion -Wtrampolines -Wstack-usage=8192 -Wmaybe-uninitialized -Wno-jump-misses-init -Wstrict-overflow=2 -Wno-suggest-attribute=const -Wno-suggest-attribute=noreturn -Wno-suggest-attribute=pure -Wno-suggest-attribute=format -Wdate-time -Warray-bounds=2 -Wc99-c11-compat -Wincompatible-pointer-types -Wint-conversion -Wduplicated-cond -Whsa -Wnormalized -Wnull-dereference -Wunused-const-variable -Walloca -Walloc-zero -Wduplicated-branches -Wformat-overflow=2 -Wformat-truncation=1 -Wrestrict -Wattribute-alias -Wshift-overflow=2 -Wcast-function-type -Wcast-align=strict -Wno-suggest-attribute=cold -Wno-suggest-attribute=malloc -Wattribute-alias=2 -Wmissing-profile -Wc11-c2x-compat -MD -MT src/CMakeFiles/hdf5-static.dir/H5Tenum.c.o -MF src/CMakeFiles/hdf5-static.dir/H5Tenum.c.o.d -o src/CMakeFiles/hdf5-static.dir/H5Tenum.c.o -c /home/byrn/HDF_Projects/hdf5/dev/src/H5Tenum.c
[324/4114] /usr/bin/cc -D_FILE_OFFSET_BITS=64 -D_GNU_SOURCE -D_LARGEFILE_SOURCE -D_POSIX_C_SOURCE=200809L -I/home/byrn/HDF_Projects/hdf5/dev/src -I/home/byrn/HDF_Projects/hdf5/dev/src/H5FDsubfiling -I/home/byrn/HDF_Projects/hdf5/build/ci-StdShar-GNUC/src -I/home/byrn/HDF_Projects/hdf5/build/ci-StdShar-GNUC/_deps/hdf5_zlib-build -I/home/byrn/HDF_Projects/hdf5/build/ci-StdShar-GNUC/_deps/hdf5_zlib-src -I/home/byrn/HDF_Projects/hdf5/build/ci-StdShar-GNUC/_deps/szip-build -I/home/byrn/HDF_Projects/hdf5/build/ci-StdShar-GNUC/_deps/szip-src/include -I/home/byrn/HDF_Projects/hdf5/build/ci-StdShar-GNUC/_deps/szip-src -std=c99  -fstdarg-opt -fdiagnostics-urls=never -fno-diagnostics-color -fmessage-length=0 -O2 -g -DNDEBUG -std=gnu99 -fPIC -Wall -Wcast-qual -Wconversion -Wextra -Wfloat-equal -Wformat=2 -Winit-self -Winvalid-pch -Wmissing-include-dirs -Wshadow -Wundef -Wwrite-strings -pedantic -Wno-c++-compat -Wbad-function-cast -Wcast-align -Wformat -Wimplicit-function-declaration -Wint-to-pointer-cast -Wmissing-declarations -Wmissing-prototypes -Wnested-externs -Wold-style-definition -Wpacked -Wpointer-sign -Wpointer-to-int-cast -Wredundant-decls -Wstrict-prototypes -Wswitch -Wunused-but-set-variable -Wunused-variable -Wunused-function -Wunused-parameter -finline-functions -Wno-aggregate-return -Wno-inline -Wno-missing-format-attribute -Wno-missing-noreturn -Wno-overlength-strings -Wlarger-than=2560 -Wlogical-op -Wframe-larger-than=16384 -Wpacked-bitfield-compat -Wsync-nand -Wno-unsuffixed-float-constants -Wdouble-promotion -Wtrampolines -Wstack-usage=8192 -Wmaybe-uninitialized -Wno-jump-misses-init -Wstrict-overflow=2 -Wno-suggest-attribute=const -Wno-suggest-attribute=noreturn -Wno-suggest-attribute=pure -Wno-suggest-attribute=format -Wdate-time -Warray-bounds=2 -Wc99-c11-compat -Wincompatible-pointer-types -Wint-conversion -Wduplicated-cond -Whsa -Wnormalized -Wnull-dereference -Wunused-const-variable -Walloca -Walloc-zero -Wduplicated-branches -Wformat-overflow=2 -Wformat-truncation=1 -Wrestrict -Wattribute-alias -Wshift-overflow=2 -Wcast-function-type -Wcast-align=strict -Wno-suggest-attribute=cold -Wno-suggest-attribute=malloc -Wattribute-alias=2 -Wmissing-profile -Wc11-c2x-compat -MD -MT src/CMakeFiles/hdf5-static.dir/H5Tfixed.c.o -MF src/CMakeFiles/hdf5-static.dir/H5Tfixed.c.o.d -o src/CMakeFiles/hdf5-static.dir/H5Tfixed.c.o -c /home/byrn/HDF_Projects/hdf5/dev/src/H5Tfixed.c
[325/4114] /usr/bin/cc -D_FILE_OFFSET_BITS=64 -D_GNU_SOURCE -D_LARGEFILE_SOURCE -D_POSIX_C_SOURCE=200809L -I/home/byrn/HDF_Projects/hdf5/dev/src -I/home/byrn/HDF_Projects/hdf5/dev/src/H5FDsubfiling -I/home/byrn/HDF_Projects/hdf5/build/ci-StdShar-GNUC/src -I/home/byrn/HDF_Projects/hdf5/build/ci-StdShar-GNUC/_deps/hdf5_zlib-build -I/home/byrn/HDF_Projects/hdf5/build/ci-StdShar-GNUC/_deps/hdf5_zlib-src -I/home/byrn/HDF_Projects/hdf5/build/ci-StdShar-GNUC/_deps/szip-build -I/home/byrn/HDF_Projects/hdf5/build/ci-StdShar-GNUC/_deps/szip-src/include -I/home/byrn/HDF_Projects/hdf5/build/ci-StdShar-GNUC/_deps/szip-src -std=c99  -fstdarg-opt -fdiagnostics-urls=never -fno-diagnostics-color -fmessage-length=0 -O2 -g -DNDEBUG -std=gnu99 -fPIC -Wall -Wcast-qual -Wconversion -Wextra -Wfloat-equal -Wformat=2 -Winit-self -Winvalid-pch -Wmissing-include-dirs -Wshadow -Wundef -Wwrite-strings -pedantic -Wno-c++-compat -Wbad-function-cast -Wcast-align -Wformat -Wimplicit-function-declaration -Wint-to-pointer-cast -Wmissing-declarations -Wmissing-prototypes -Wnested-externs -Wold-style-definition -Wpacked -Wpointer-sign -Wpointer-to-int-cast -Wredundant-decls -Wstrict-prototypes -Wswitch -Wunused-but-set-variable -Wunused-variable -Wunused-function -Wunused-parameter -finline-functions -Wno-aggregate-return -Wno-inline -Wno-missing-format-attribute -Wno-missing-noreturn -Wno-overlength-strings -Wlarger-than=2560 -Wlogical-op -Wframe-larger-than=16384 -Wpacked-bitfield-compat -Wsync-nand -Wno-unsuffixed-float-constants -Wdouble-promotion -Wtrampolines -Wstack-usage=8192 -Wmaybe-uninitialized -Wno-jump-misses-init -Wstrict-overflow=2 -Wno-suggest-attribute=const -Wno-suggest-attribute=noreturn -Wno-suggest-attribute=pure -Wno-suggest-attribute=format -Wdate-time -Warray-bounds=2 -Wc99-c11-compat -Wincompatible-pointer-types -Wint-conversion -Wduplicated-cond -Whsa -Wnormalized -Wnull-dereference -Wunused-const-variable -Walloca -Walloc-zero -Wduplicated-branches -Wformat-overflow=2 -Wformat-truncation=1 -Wrestrict -Wattribute-alias -Wshift-overflow=2 -Wcast-function-type -Wcast-align=strict -Wno-suggest-attribute=cold -Wno-suggest-attribute=malloc -Wattribute-alias=2 -Wmissing-profile -Wc11-c2x-compat -MD -MT src/CMakeFiles/hdf5-static.dir/H5Tfields.c.o -MF src/CMakeFiles/hdf5-static.dir/H5Tfields.c.o.d -o src/CMakeFiles/hdf5-static.dir/H5Tfields.c.o -c /home/byrn/HDF_Projects/hdf5/dev/src/H5Tfields.c
[326/4114] /usr/bin/cc -D_FILE_OFFSET_BITS=64 -D_GNU_SOURCE -D_LARGEFILE_SOURCE -D_POSIX_C_SOURCE=200809L -I/home/byrn/HDF_Projects/hdf5/dev/src -I/home/byrn/HDF_Projects/hdf5/dev/src/H5FDsubfiling -I/home/byrn/HDF_Projects/hdf5/build/ci-StdShar-GNUC/src -I/home/byrn/HDF_Projects/hdf5/build/ci-StdShar-GNUC/_deps/hdf5_zlib-build -I/home/byrn/HDF_Projects/hdf5/build/ci-StdShar-GNUC/_deps/hdf5_zlib-src -I/home/byrn/HDF_Projects/hdf5/build/ci-StdShar-GNUC/_deps/szip-build -I/home/byrn/HDF_Projects/hdf5/build/ci-StdShar-GNUC/_deps/szip-src/include -I/home/byrn/HDF_Projects/hdf5/build/ci-StdShar-GNUC/_deps/szip-src -std=c99  -fstdarg-opt -fdiagnostics-urls=never -fno-diagnostics-color -fmessage-length=0 -O2 -g -DNDEBUG -std=gnu99 -fPIC -Wall -Wcast-qual -Wconversion -Wextra -Wfloat-equal -Wformat=2 -Winit-self -Winvalid-pch -Wmissing-include-dirs -Wshadow -Wundef -Wwrite-strings -pedantic -Wno-c++-compat -Wbad-function-cast -Wcast-align -Wformat -Wimplicit-function-declaration -Wint-to-pointer-cast -Wmissing-declarations -Wmissing-prototypes -Wnested-externs -Wold-style-definition -Wpacked -Wpointer-sign -Wpointer-to-int-cast -Wredundant-decls -Wstrict-prototypes -Wswitch -Wunused-but-set-variable -Wunused-variable -Wunused-function -Wunused-parameter -finline-functions -Wno-aggregate-return -Wno-inline -Wno-missing-format-attribute -Wno-missing-noreturn -Wno-overlength-strings -Wlarger-than=2560 -Wlogical-op -Wframe-larger-than=16384 -Wpacked-bitfield-compat -Wsync-nand -Wno-unsuffixed-float-constants -Wdouble-promotion -Wtrampolines -Wstack-usage=8192 -Wmaybe-uninitialized -Wno-jump-misses-init -Wstrict-overflow=2 -Wno-suggest-attribute=const -Wno-suggest-attribute=noreturn -Wno-suggest-attribute=pure -Wno-suggest-attribute=format -Wdate-time -Warray-bounds=2 -Wc99-c11-compat -Wincompatible-pointer-types -Wint-conversion -Wduplicated-cond -Whsa -Wnormalized -Wnull-dereference -Wunused-const-variable -Walloca -Walloc-zero -Wduplicated-branches -Wformat-overflow=2 -Wformat-truncation=1 -Wrestrict -Wattribute-alias -Wshift-overflow=2 -Wcast-function-type -Wcast-align=strict -Wno-suggest-attribute=cold -Wno-suggest-attribute=malloc -Wattribute-alias=2 -Wmissing-profile -Wc11-c2x-compat -MD -MT src/CMakeFiles/hdf5-static.dir/H5Tfloat.c.o -MF src/CMakeFiles/hdf5-static.dir/H5Tfloat.c.o.d -o src/CMakeFiles/hdf5-static.dir/H5Tfloat.c.o -c /home/byrn/HDF_Projects/hdf5/dev/src/H5Tfloat.c
[327/4114] /usr/bin/cc -D_FILE_OFFSET_BITS=64 -D_GNU_SOURCE -D_LARGEFILE_SOURCE -D_POSIX_C_SOURCE=200809L -I/home/byrn/HDF_Projects/hdf5/dev/src -I/home/byrn/HDF_Projects/hdf5/dev/src/H5FDsubfiling -I/home/byrn/HDF_Projects/hdf5/build/ci-StdShar-GNUC/src -I/home/byrn/HDF_Projects/hdf5/build/ci-StdShar-GNUC/_deps/hdf5_zlib-build -I/home/byrn/HDF_Projects/hdf5/build/ci-StdShar-GNUC/_deps/hdf5_zlib-src -I/home/byrn/HDF_Projects/hdf5/build/ci-StdShar-GNUC/_deps/szip-build -I/home/byrn/HDF_Projects/hdf5/build/ci-StdShar-GNUC/_deps/szip-src/include -I/home/byrn/HDF_Projects/hdf5/build/ci-StdShar-GNUC/_deps/szip-src -std=c99  -fstdarg-opt -fdiagnostics-urls=never -fno-diagnostics-color -fmessage-length=0 -O2 -g -DNDEBUG -std=gnu99 -fPIC -Wall -Wcast-qual -Wconversion -Wextra -Wfloat-equal -Wformat=2 -Winit-self -Winvalid-pch -Wmissing-include-dirs -Wshadow -Wundef -Wwrite-strings -pedantic -Wno-c++-compat -Wbad-function-cast -Wcast-align -Wformat -Wimplicit-function-declaration -Wint-to-pointer-cast -Wmissing-declarations -Wmissing-prototypes -Wnested-externs -Wold-style-definition -Wpacked -Wpointer-sign -Wpointer-to-int-cast -Wredundant-decls -Wstrict-prototypes -Wswitch -Wunused-but-set-variable -Wunused-variable -Wunused-function -Wunused-parameter -finline-functions -Wno-aggregate-return -Wno-inline -Wno-missing-format-attribute -Wno-missing-noreturn -Wno-overlength-strings -Wlarger-than=2560 -Wlogical-op -Wframe-larger-than=16384 -Wpacked-bitfield-compat -Wsync-nand -Wno-unsuffixed-float-constants -Wdouble-promotion -Wtrampolines -Wstack-usage=8192 -Wmaybe-uninitialized -Wno-jump-misses-init -Wstrict-overflow=2 -Wno-suggest-attribute=const -Wno-suggest-attribute=noreturn -Wno-suggest-attribute=pure -Wno-suggest-attribute=format -Wdate-time -Warray-bounds=2 -Wc99-c11-compat -Wincompatible-pointer-types -Wint-conversion -Wduplicated-cond -Whsa -Wnormalized -Wnull-dereference -Wunused-const-variable -Walloca -Walloc-zero -Wduplicated-branches -Wformat-overflow=2 -Wformat-truncation=1 -Wrestrict -Wattribute-alias -Wshift-overflow=2 -Wcast-function-type -Wcast-align=strict -Wno-suggest-attribute=cold -Wno-suggest-attribute=malloc -Wattribute-alias=2 -Wmissing-profile -Wc11-c2x-compat -MD -MT src/CMakeFiles/hdf5-static.dir/H5Toffset.c.o -MF src/CMakeFiles/hdf5-static.dir/H5Toffset.c.o.d -o src/CMakeFiles/hdf5-static.dir/H5Toffset.c.o -c /home/byrn/HDF_Projects/hdf5/dev/src/H5Toffset.c
[328/4114] /usr/bin/cc -D_FILE_OFFSET_BITS=64 -D_GNU_SOURCE -D_LARGEFILE_SOURCE -D_POSIX_C_SOURCE=200809L -I/home/byrn/HDF_Projects/hdf5/dev/src -I/home/byrn/HDF_Projects/hdf5/dev/src/H5FDsubfiling -I/home/byrn/HDF_Projects/hdf5/build/ci-StdShar-GNUC/src -I/home/byrn/HDF_Projects/hdf5/build/ci-StdShar-GNUC/_deps/hdf5_zlib-build -I/home/byrn/HDF_Projects/hdf5/build/ci-StdShar-GNUC/_deps/hdf5_zlib-src -I/home/byrn/HDF_Projects/hdf5/build/ci-StdShar-GNUC/_deps/szip-build -I/home/byrn/HDF_Projects/hdf5/build/ci-StdShar-GNUC/_deps/szip-src/include -I/home/byrn/HDF_Projects/hdf5/build/ci-StdShar-GNUC/_deps/szip-src -std=c99  -fstdarg-opt -fdiagnostics-urls=never -fno-diagnostics-color -fmessage-length=0 -O2 -g -DNDEBUG -std=gnu99 -fPIC -Wall -Wcast-qual -Wconversion -Wextra -Wfloat-equal -Wformat=2 -Winit-self -Winvalid-pch -Wmissing-include-dirs -Wshadow -Wundef -Wwrite-strings -pedantic -Wno-c++-compat -Wbad-function-cast -Wcast-align -Wformat -Wimplicit-function-declaration -Wint-to-pointer-cast -Wmissing-declarations -Wmissing-prototypes -Wnested-externs -Wold-style-definition -Wpacked -Wpointer-sign -Wpointer-to-int-cast -Wredundant-decls -Wstrict-prototypes -Wswitch -Wunused-but-set-variable -Wunused-variable -Wunused-function -Wunused-parameter -finline-functions -Wno-aggregate-return -Wno-inline -Wno-missing-format-attribute -Wno-missing-noreturn -Wno-overlength-strings -Wlarger-than=2560 -Wlogical-op -Wframe-larger-than=16384 -Wpacked-bitfield-compat -Wsync-nand -Wno-unsuffixed-float-constants -Wdouble-promotion -Wtrampolines -Wstack-usage=8192 -Wmaybe-uninitialized -Wno-jump-misses-init -Wstrict-overflow=2 -Wno-suggest-attribute=const -Wno-suggest-attribute=noreturn -Wno-suggest-attribute=pure -Wno-suggest-attribute=format -Wdate-time -Warray-bounds=2 -Wc99-c11-compat -Wincompatible-pointer-types -Wint-conversion -Wduplicated-cond -Whsa -Wnormalized -Wnull-dereference -Wunused-const-variable -Walloca -Walloc-zero -Wduplicated-branches -Wformat-overflow=2 -Wformat-truncation=1 -Wrestrict -Wattribute-alias -Wshift-overflow=2 -Wcast-function-type -Wcast-align=strict -Wno-suggest-attribute=cold -Wno-suggest-attribute=malloc -Wattribute-alias=2 -Wmissing-profile -Wc11-c2x-compat -MD -MT src/CMakeFiles/hdf5-static.dir/H5Tinit_float.c.o -MF src/CMakeFiles/hdf5-static.dir/H5Tinit_float.c.o.d -o src/CMakeFiles/hdf5-static.dir/H5Tinit_float.c.o -c /home/byrn/HDF_Projects/hdf5/dev/src/H5Tinit_float.c
[329/4114] /usr/bin/cc -D_FILE_OFFSET_BITS=64 -D_GNU_SOURCE -D_LARGEFILE_SOURCE -D_POSIX_C_SOURCE=200809L -I/home/byrn/HDF_Projects/hdf5/dev/src -I/home/byrn/HDF_Projects/hdf5/dev/src/H5FDsubfiling -I/home/byrn/HDF_Projects/hdf5/build/ci-StdShar-GNUC/src -I/home/byrn/HDF_Projects/hdf5/build/ci-StdShar-GNUC/_deps/hdf5_zlib-build -I/home/byrn/HDF_Projects/hdf5/build/ci-StdShar-GNUC/_deps/hdf5_zlib-src -I/home/byrn/HDF_Projects/hdf5/build/ci-StdShar-GNUC/_deps/szip-build -I/home/byrn/HDF_Projects/hdf5/build/ci-StdShar-GNUC/_deps/szip-src/include -I/home/byrn/HDF_Projects/hdf5/build/ci-StdShar-GNUC/_deps/szip-src -std=c99  -fstdarg-opt -fdiagnostics-urls=never -fno-diagnostics-color -fmessage-length=0 -O2 -g -DNDEBUG -std=gnu99 -fPIC -Wall -Wcast-qual -Wconversion -Wextra -Wfloat-equal -Wformat=2 -Winit-self -Winvalid-pch -Wmissing-include-dirs -Wshadow -Wundef -Wwrite-strings -pedantic -Wno-c++-compat -Wbad-function-cast -Wcast-align -Wformat -Wimplicit-function-declaration -Wint-to-pointer-cast -Wmissing-declarations -Wmissing-prototypes -Wnested-externs -Wold-style-definition -Wpacked -Wpointer-sign -Wpointer-to-int-cast -Wredundant-decls -Wstrict-prototypes -Wswitch -Wunused-but-set-variable -Wunused-variable -Wunused-function -Wunused-parameter -finline-functions -Wno-aggregate-return -Wno-inline -Wno-missing-format-attribute -Wno-missing-noreturn -Wno-overlength-strings -Wlarger-than=2560 -Wlogical-op -Wframe-larger-than=16384 -Wpacked-bitfield-compat -Wsync-nand -Wno-unsuffixed-float-constants -Wdouble-promotion -Wtrampolines -Wstack-usage=8192 -Wmaybe-uninitialized -Wno-jump-misses-init -Wstrict-overflow=2 -Wno-suggest-attribute=const -Wno-suggest-attribute=noreturn -Wno-suggest-attribute=pure -Wno-suggest-attribute=format -Wdate-time -Warray-bounds=2 -Wc99-c11-compat -Wincompatible-pointer-types -Wint-conversion -Wduplicated-cond -Whsa -Wnormalized -Wnull-dereference -Wunused-const-variable -Walloca -Walloc-zero -Wduplicated-branches -Wformat-overflow=2 -Wformat-truncation=1 -Wrestrict -Wattribute-alias -Wshift-overflow=2 -Wcast-function-type -Wcast-align=strict -Wno-suggest-attribute=cold -Wno-suggest-attribute=malloc -Wattribute-alias=2 -Wmissing-profile -Wc11-c2x-compat -MD -MT src/CMakeFiles/hdf5-static.dir/H5Tnative.c.o -MF src/CMakeFiles/hdf5-static.dir/H5Tnative.c.o.d -o src/CMakeFiles/hdf5-static.dir/H5Tnative.c.o -c /home/byrn/HDF_Projects/hdf5/dev/src/H5Tnative.c
[330/4114] /usr/bin/cc -D_FILE_OFFSET_BITS=64 -D_GNU_SOURCE -D_LARGEFILE_SOURCE -D_POSIX_C_SOURCE=200809L -I/home/byrn/HDF_Projects/hdf5/dev/src -I/home/byrn/HDF_Projects/hdf5/dev/src/H5FDsubfiling -I/home/byrn/HDF_Projects/hdf5/build/ci-StdShar-GNUC/src -I/home/byrn/HDF_Projects/hdf5/build/ci-StdShar-GNUC/_deps/hdf5_zlib-build -I/home/byrn/HDF_Projects/hdf5/build/ci-StdShar-GNUC/_deps/hdf5_zlib-src -I/home/byrn/HDF_Projects/hdf5/build/ci-StdShar-GNUC/_deps/szip-build -I/home/byrn/HDF_Projects/hdf5/build/ci-StdShar-GNUC/_deps/szip-src/include -I/home/byrn/HDF_Projects/hdf5/build/ci-StdShar-GNUC/_deps/szip-src -std=c99  -fstdarg-opt -fdiagnostics-urls=never -fno-diagnostics-color -fmessage-length=0 -O2 -g -DNDEBUG -std=gnu99 -fPIC -Wall -Wcast-qual -Wconversion -Wextra -Wfloat-equal -Wformat=2 -Winit-self -Winvalid-pch -Wmissing-include-dirs -Wshadow -Wundef -Wwrite-strings -pedantic -Wno-c++-compat -Wbad-function-cast -Wcast-align -Wformat -Wimplicit-function-declaration -Wint-to-pointer-cast -Wmissing-declarations -Wmissing-prototypes -Wnested-externs -Wold-style-definition -Wpacked -Wpointer-sign -Wpointer-to-int-cast -Wredundant-decls -Wstrict-prototypes -Wswitch -Wunused-but-set-variable -Wunused-variable -Wunused-function -Wunused-parameter -finline-functions -Wno-aggregate-return -Wno-inline -Wno-missing-format-attribute -Wno-missing-noreturn -Wno-overlength-strings -Wlarger-than=2560 -Wlogical-op -Wframe-larger-than=16384 -Wpacked-bitfield-compat -Wsync-nand -Wno-unsuffixed-float-constants -Wdouble-promotion -Wtrampolines -Wstack-usage=8192 -Wmaybe-uninitialized -Wno-jump-misses-init -Wstrict-overflow=2 -Wno-suggest-attribute=const -Wno-suggest-attribute=noreturn -Wno-suggest-attribute=pure -Wno-suggest-attribute=format -Wdate-time -Warray-bounds=2 -Wc99-c11-compat -Wincompatible-pointer-types -Wint-conversion -Wduplicated-cond -Whsa -Wnormalized -Wnull-dereference -Wunused-const-variable -Walloca -Walloc-zero -Wduplicated-branches -Wformat-overflow=2 -Wformat-truncation=1 -Wrestrict -Wattribute-alias -Wshift-overflow=2 -Wcast-function-type -Wcast-align=strict -Wno-suggest-attribute=cold -Wno-suggest-attribute=malloc -Wattribute-alias=2 -Wmissing-profile -Wc11-c2x-compat -MD -MT src/CMakeFiles/hdf5-static.dir/H5Toh.c.o -MF src/CMakeFiles/hdf5-static.dir/H5Toh.c.o.d -o src/CMakeFiles/hdf5-static.dir/H5Toh.c.o -c /home/byrn/HDF_Projects/hdf5/dev/src/H5Toh.c
[331/4114] /usr/bin/cc -D_FILE_OFFSET_BITS=64 -D_GNU_SOURCE -D_LARGEFILE_SOURCE -D_POSIX_C_SOURCE=200809L -I/home/byrn/HDF_Projects/hdf5/dev/src -I/home/byrn/HDF_Projects/hdf5/dev/src/H5FDsubfiling -I/home/byrn/HDF_Projects/hdf5/build/ci-StdShar-GNUC/src -I/home/byrn/HDF_Projects/hdf5/build/ci-StdShar-GNUC/_deps/hdf5_zlib-build -I/home/byrn/HDF_Projects/hdf5/build/ci-StdShar-GNUC/_deps/hdf5_zlib-src -I/home/byrn/HDF_Projects/hdf5/build/ci-StdShar-GNUC/_deps/szip-build -I/home/byrn/HDF_Projects/hdf5/build/ci-StdShar-GNUC/_deps/szip-src/include -I/home/byrn/HDF_Projects/hdf5/build/ci-StdShar-GNUC/_deps/szip-src -std=c99  -fstdarg-opt -fdiagnostics-urls=never -fno-diagnostics-color -fmessage-length=0 -O2 -g -DNDEBUG -std=gnu99 -fPIC -Wall -Wcast-qual -Wconversion -Wextra -Wfloat-equal -Wformat=2 -Winit-self -Winvalid-pch -Wmissing-include-dirs -Wshadow -Wundef -Wwrite-strings -pedantic -Wno-c++-compat -Wbad-function-cast -Wcast-align -Wformat -Wimplicit-function-declaration -Wint-to-pointer-cast -Wmissing-declarations -Wmissing-prototypes -Wnested-externs -Wold-style-definition -Wpacked -Wpointer-sign -Wpointer-to-int-cast -Wredundant-decls -Wstrict-prototypes -Wswitch -Wunused-but-set-variable -Wunused-variable -Wunused-function -Wunused-parameter -finline-functions -Wno-aggregate-return -Wno-inline -Wno-missing-format-attribute -Wno-missing-noreturn -Wno-overlength-strings -Wlarger-than=2560 -Wlogical-op -Wframe-larger-than=16384 -Wpacked-bitfield-compat -Wsync-nand -Wno-unsuffixed-float-constants -Wdouble-promotion -Wtrampolines -Wstack-usage=8192 -Wmaybe-uninitialized -Wno-jump-misses-init -Wstrict-overflow=2 -Wno-suggest-attribute=const -Wno-suggest-attribute=noreturn -Wno-suggest-attribute=pure -Wno-suggest-attribute=format -Wdate-time -Warray-bounds=2 -Wc99-c11-compat -Wincompatible-pointer-types -Wint-conversion -Wduplicated-cond -Whsa -Wnormalized -Wnull-dereference -Wunused-const-variable -Walloca -Walloc-zero -Wduplicated-branches -Wformat-overflow=2 -Wformat-truncation=1 -Wrestrict -Wattribute-alias -Wshift-overflow=2 -Wcast-function-type -Wcast-align=strict -Wno-suggest-attribute=cold -Wno-suggest-attribute=malloc -Wattribute-alias=2 -Wmissing-profile -Wc11-c2x-compat -MD -MT src/CMakeFiles/hdf5-static.dir/H5T.c.o -MF src/CMakeFiles/hdf5-static.dir/H5T.c.o.d -o src/CMakeFiles/hdf5-static.dir/H5T.c.o -c /home/byrn/HDF_Projects/hdf5/dev/src/H5T.c
[332/4114] /usr/bin/cc -D_FILE_OFFSET_BITS=64 -D_GNU_SOURCE -D_LARGEFILE_SOURCE -D_POSIX_C_SOURCE=200809L -I/home/byrn/HDF_Projects/hdf5/dev/src -I/home/byrn/HDF_Projects/hdf5/dev/src/H5FDsubfiling -I/home/byrn/HDF_Projects/hdf5/build/ci-StdShar-GNUC/src -I/home/byrn/HDF_Projects/hdf5/build/ci-StdShar-GNUC/_deps/hdf5_zlib-build -I/home/byrn/HDF_Projects/hdf5/build/ci-StdShar-GNUC/_deps/hdf5_zlib-src -I/home/byrn/HDF_Projects/hdf5/build/ci-StdShar-GNUC/_deps/szip-build -I/home/byrn/HDF_Projects/hdf5/build/ci-StdShar-GNUC/_deps/szip-src/include -I/home/byrn/HDF_Projects/hdf5/build/ci-StdShar-GNUC/_deps/szip-src -std=c99  -fstdarg-opt -fdiagnostics-urls=never -fno-diagnostics-color -fmessage-length=0 -O2 -g -DNDEBUG -std=gnu99 -fPIC -Wall -Wcast-qual -Wconversion -Wextra -Wfloat-equal -Wformat=2 -Winit-self -Winvalid-pch -Wmissing-include-dirs -Wshadow -Wundef -Wwrite-strings -pedantic -Wno-c++-compat -Wbad-function-cast -Wcast-align -Wformat -Wimplicit-function-declaration -Wint-to-pointer-cast -Wmissing-declarations -Wmissing-prototypes -Wnested-externs -Wold-style-definition -Wpacked -Wpointer-sign -Wpointer-to-int-cast -Wredundant-decls -Wstrict-prototypes -Wswitch -Wunused-but-set-variable -Wunused-variable -Wunused-function -Wunused-parameter -finline-functions -Wno-aggregate-return -Wno-inline -Wno-missing-format-attribute -Wno-missing-noreturn -Wno-overlength-strings -Wlarger-than=2560 -Wlogical-op -Wframe-larger-than=16384 -Wpacked-bitfield-compat -Wsync-nand -Wno-unsuffixed-float-constants -Wdouble-promotion -Wtrampolines -Wstack-usage=8192 -Wmaybe-uninitialized -Wno-jump-misses-init -Wstrict-overflow=2 -Wno-suggest-attribute=const -Wno-suggest-attribute=noreturn -Wno-suggest-attribute=pure -Wno-suggest-attribute=format -Wdate-time -Warray-bounds=2 -Wc99-c11-compat -Wincompatible-pointer-types -Wint-conversion -Wduplicated-cond -Whsa -Wnormalized -Wnull-dereference -Wunused-const-variable -Walloca -Walloc-zero -Wduplicated-branches -Wformat-overflow=2 -Wformat-truncation=1 -Wrestrict -Wattribute-alias -Wshift-overflow=2 -Wcast-function-type -Wcast-align=strict -Wno-suggest-attribute=cold -Wno-suggest-attribute=malloc -Wattribute-alias=2 -Wmissing-profile -Wc11-c2x-compat -MD -MT src/CMakeFiles/hdf5-static.dir/H5Topaque.c.o -MF src/CMakeFiles/hdf5-static.dir/H5Topaque.c.o.d -o src/CMakeFiles/hdf5-static.dir/H5Topaque.c.o -c /home/byrn/HDF_Projects/hdf5/dev/src/H5Topaque.c
[333/4114] /usr/bin/cc -D_FILE_OFFSET_BITS=64 -D_GNU_SOURCE -D_LARGEFILE_SOURCE -D_POSIX_C_SOURCE=200809L -I/home/byrn/HDF_Projects/hdf5/dev/src -I/home/byrn/HDF_Projects/hdf5/dev/src/H5FDsubfiling -I/home/byrn/HDF_Projects/hdf5/build/ci-StdShar-GNUC/src -I/home/byrn/HDF_Projects/hdf5/build/ci-StdShar-GNUC/_deps/hdf5_zlib-build -I/home/byrn/HDF_Projects/hdf5/build/ci-StdShar-GNUC/_deps/hdf5_zlib-src -I/home/byrn/HDF_Projects/hdf5/build/ci-StdShar-GNUC/_deps/szip-build -I/home/byrn/HDF_Projects/hdf5/build/ci-StdShar-GNUC/_deps/szip-src/include -I/home/byrn/HDF_Projects/hdf5/build/ci-StdShar-GNUC/_deps/szip-src -std=c99  -fstdarg-opt -fdiagnostics-urls=never -fno-diagnostics-color -fmessage-length=0 -O2 -g -DNDEBUG -std=gnu99 -fPIC -Wall -Wcast-qual -Wconversion -Wextra -Wfloat-equal -Wformat=2 -Winit-self -Winvalid-pch -Wmissing-include-dirs -Wshadow -Wundef -Wwrite-strings -pedantic -Wno-c++-compat -Wbad-function-cast -Wcast-align -Wformat -Wimplicit-function-declaration -Wint-to-pointer-cast -Wmissing-declarations -Wmissing-prototypes -Wnested-externs -Wold-style-definition -Wpacked -Wpointer-sign -Wpointer-to-int-cast -Wredundant-decls -Wstrict-prototypes -Wswitch -Wunused-but-set-variable -Wunused-variable -Wunused-function -Wunused-parameter -finline-functions -Wno-aggregate-return -Wno-inline -Wno-missing-format-attribute -Wno-missing-noreturn -Wno-overlength-strings -Wlarger-than=2560 -Wlogical-op -Wframe-larger-than=16384 -Wpacked-bitfield-compat -Wsync-nand -Wno-unsuffixed-float-constants -Wdouble-promotion -Wtrampolines -Wstack-usage=8192 -Wmaybe-uninitialized -Wno-jump-misses-init -Wstrict-overflow=2 -Wno-suggest-attribute=const -Wno-suggest-attribute=noreturn -Wno-suggest-attribute=pure -Wno-suggest-attribute=format -Wdate-time -Warray-bounds=2 -Wc99-c11-compat -Wincompatible-pointer-types -Wint-conversion -Wduplicated-cond -Whsa -Wnormalized -Wnull-dereference -Wunused-const-variable -Walloca -Walloc-zero -Wduplicated-branches -Wformat-overflow=2 -Wformat-truncation=1 -Wrestrict -Wattribute-alias -Wshift-overflow=2 -Wcast-function-type -Wcast-align=strict -Wno-suggest-attribute=cold -Wno-suggest-attribute=malloc -Wattribute-alias=2 -Wmissing-profile -Wc11-c2x-compat -MD -MT src/CMakeFiles/hdf5-static.dir/H5Torder.c.o -MF src/CMakeFiles/hdf5-static.dir/H5Torder.c.o.d -o src/CMakeFiles/hdf5-static.dir/H5Torder.c.o -c /home/byrn/HDF_Projects/hdf5/dev/src/H5Torder.c
[334/4114] /usr/bin/cc -D_FILE_OFFSET_BITS=64 -D_GNU_SOURCE -D_LARGEFILE_SOURCE -D_POSIX_C_SOURCE=200809L -I/home/byrn/HDF_Projects/hdf5/dev/src -I/home/byrn/HDF_Projects/hdf5/dev/src/H5FDsubfiling -I/home/byrn/HDF_Projects/hdf5/build/ci-StdShar-GNUC/src -I/home/byrn/HDF_Projects/hdf5/build/ci-StdShar-GNUC/_deps/hdf5_zlib-build -I/home/byrn/HDF_Projects/hdf5/build/ci-StdShar-GNUC/_deps/hdf5_zlib-src -I/home/byrn/HDF_Projects/hdf5/build/ci-StdShar-GNUC/_deps/szip-build -I/home/byrn/HDF_Projects/hdf5/build/ci-StdShar-GNUC/_deps/szip-src/include -I/home/byrn/HDF_Projects/hdf5/build/ci-StdShar-GNUC/_deps/szip-src -std=c99  -fstdarg-opt -fdiagnostics-urls=never -fno-diagnostics-color -fmessage-length=0 -O2 -g -DNDEBUG -std=gnu99 -fPIC -Wall -Wcast-qual -Wconversion -Wextra -Wfloat-equal -Wformat=2 -Winit-self -Winvalid-pch -Wmissing-include-dirs -Wshadow -Wundef -Wwrite-strings -pedantic -Wno-c++-compat -Wbad-function-cast -Wcast-align -Wformat -Wimplicit-function-declaration -Wint-to-pointer-cast -Wmissing-declarations -Wmissing-prototypes -Wnested-externs -Wold-style-definition -Wpacked -Wpointer-sign -Wpointer-to-int-cast -Wredundant-decls -Wstrict-prototypes -Wswitch -Wunused-but-set-variable -Wunused-variable -Wunused-function -Wunused-parameter -finline-functions -Wno-aggregate-return -Wno-inline -Wno-missing-format-attribute -Wno-missing-noreturn -Wno-overlength-strings -Wlarger-than=2560 -Wlogical-op -Wframe-larger-than=16384 -Wpacked-bitfield-compat -Wsync-nand -Wno-unsuffixed-float-constants -Wdouble-promotion -Wtrampolines -Wstack-usage=8192 -Wmaybe-uninitialized -Wno-jump-misses-init -Wstrict-overflow=2 -Wno-suggest-attribute=const -Wno-suggest-attribute=noreturn -Wno-suggest-attribute=pure -Wno-suggest-attribute=format -Wdate-time -Warray-bounds=2 -Wc99-c11-compat -Wincompatible-pointer-types -Wint-conversion -Wduplicated-cond -Whsa -Wnormalized -Wnull-dereference -Wunused-const-variable -Walloca -Walloc-zero -Wduplicated-branches -Wformat-overflow=2 -Wformat-truncation=1 -Wrestrict -Wattribute-alias -Wshift-overflow=2 -Wcast-function-type -Wcast-align=strict -Wno-suggest-attribute=cold -Wno-suggest-attribute=malloc -Wattribute-alias=2 -Wmissing-profile -Wc11-c2x-compat -MD -MT src/CMakeFiles/hdf5-static.dir/H5Tpad.c.o -MF src/CMakeFiles/hdf5-static.dir/H5Tpad.c.o.d -o src/CMakeFiles/hdf5-static.dir/H5Tpad.c.o -c /home/byrn/HDF_Projects/hdf5/dev/src/H5Tpad.c
[335/4114] /usr/bin/cc -D_FILE_OFFSET_BITS=64 -D_GNU_SOURCE -D_LARGEFILE_SOURCE -D_POSIX_C_SOURCE=200809L -I/home/byrn/HDF_Projects/hdf5/dev/src -I/home/byrn/HDF_Projects/hdf5/dev/src/H5FDsubfiling -I/home/byrn/HDF_Projects/hdf5/build/ci-StdShar-GNUC/src -I/home/byrn/HDF_Projects/hdf5/build/ci-StdShar-GNUC/_deps/hdf5_zlib-build -I/home/byrn/HDF_Projects/hdf5/build/ci-StdShar-GNUC/_deps/hdf5_zlib-src -I/home/byrn/HDF_Projects/hdf5/build/ci-StdShar-GNUC/_deps/szip-build -I/home/byrn/HDF_Projects/hdf5/build/ci-StdShar-GNUC/_deps/szip-src/include -I/home/byrn/HDF_Projects/hdf5/build/ci-StdShar-GNUC/_deps/szip-src -std=c99  -fstdarg-opt -fdiagnostics-urls=never -fno-diagnostics-color -fmessage-length=0 -O2 -g -DNDEBUG -std=gnu99 -fPIC -Wall -Wcast-qual -Wconversion -Wextra -Wfloat-equal -Wformat=2 -Winit-self -Winvalid-pch -Wmissing-include-dirs -Wshadow -Wundef -Wwrite-strings -pedantic -Wno-c++-compat -Wbad-function-cast -Wcast-align -Wformat -Wimplicit-function-declaration -Wint-to-pointer-cast -Wmissing-declarations -Wmissing-prototypes -Wnested-externs -Wold-style-definition -Wpacked -Wpointer-sign -Wpointer-to-int-cast -Wredundant-decls -Wstrict-prototypes -Wswitch -Wunused-but-set-variable -Wunused-variable -Wunused-function -Wunused-parameter -finline-functions -Wno-aggregate-return -Wno-inline -Wno-missing-format-attribute -Wno-missing-noreturn -Wno-overlength-strings -Wlarger-than=2560 -Wlogical-op -Wframe-larger-than=16384 -Wpacked-bitfield-compat -Wsync-nand -Wno-unsuffixed-float-constants -Wdouble-promotion -Wtrampolines -Wstack-usage=8192 -Wmaybe-uninitialized -Wno-jump-misses-init -Wstrict-overflow=2 -Wno-suggest-attribute=const -Wno-suggest-attribute=noreturn -Wno-suggest-attribute=pure -Wno-suggest-attribute=format -Wdate-time -Warray-bounds=2 -Wc99-c11-compat -Wincompatible-pointer-types -Wint-conversion -Wduplicated-cond -Whsa -Wnormalized -Wnull-dereference -Wunused-const-variable -Walloca -Walloc-zero -Wduplicated-branches -Wformat-overflow=2 -Wformat-truncation=1 -Wrestrict -Wattribute-alias -Wshift-overflow=2 -Wcast-function-type -Wcast-align=strict -Wno-suggest-attribute=cold -Wno-suggest-attribute=malloc -Wattribute-alias=2 -Wmissing-profile -Wc11-c2x-compat -MD -MT src/CMakeFiles/hdf5-static.dir/H5Tprecis.c.o -MF src/CMakeFiles/hdf5-static.dir/H5Tprecis.c.o.d -o src/CMakeFiles/hdf5-static.dir/H5Tprecis.c.o -c /home/byrn/HDF_Projects/hdf5/dev/src/H5Tprecis.c
[336/4114] /usr/bin/cc -D_FILE_OFFSET_BITS=64 -D_GNU_SOURCE -D_LARGEFILE_SOURCE -D_POSIX_C_SOURCE=200809L -I/home/byrn/HDF_Projects/hdf5/dev/src -I/home/byrn/HDF_Projects/hdf5/dev/src/H5FDsubfiling -I/home/byrn/HDF_Projects/hdf5/build/ci-StdShar-GNUC/src -I/home/byrn/HDF_Projects/hdf5/build/ci-StdShar-GNUC/_deps/hdf5_zlib-build -I/home/byrn/HDF_Projects/hdf5/build/ci-StdShar-GNUC/_deps/hdf5_zlib-src -I/home/byrn/HDF_Projects/hdf5/build/ci-StdShar-GNUC/_deps/szip-build -I/home/byrn/HDF_Projects/hdf5/build/ci-StdShar-GNUC/_deps/szip-src/include -I/home/byrn/HDF_Projects/hdf5/build/ci-StdShar-GNUC/_deps/szip-src -std=c99  -fstdarg-opt -fdiagnostics-urls=never -fno-diagnostics-color -fmessage-length=0 -O2 -g -DNDEBUG -std=gnu99 -fPIC -Wall -Wcast-qual -Wconversion -Wextra -Wfloat-equal -Wformat=2 -Winit-self -Winvalid-pch -Wmissing-include-dirs -Wshadow -Wundef -Wwrite-strings -pedantic -Wno-c++-compat -Wbad-function-cast -Wcast-align -Wformat -Wimplicit-function-declaration -Wint-to-pointer-cast -Wmissing-declarations -Wmissing-prototypes -Wnested-externs -Wold-style-definition -Wpacked -Wpointer-sign -Wpointer-to-int-cast -Wredundant-decls -Wstrict-prototypes -Wswitch -Wunused-but-set-variable -Wunused-variable -Wunused-function -Wunused-parameter -finline-functions -Wno-aggregate-return -Wno-inline -Wno-missing-format-attribute -Wno-missing-noreturn -Wno-overlength-strings -Wlarger-than=2560 -Wlogical-op -Wframe-larger-than=16384 -Wpacked-bitfield-compat -Wsync-nand -Wno-unsuffixed-float-constants -Wdouble-promotion -Wtrampolines -Wstack-usage=8192 -Wmaybe-uninitialized -Wno-jump-misses-init -Wstrict-overflow=2 -Wno-suggest-attribute=const -Wno-suggest-attribute=noreturn -Wno-suggest-attribute=pure -Wno-suggest-attribute=format -Wdate-time -Warray-bounds=2 -Wc99-c11-compat -Wincompatible-pointer-types -Wint-conversion -Wduplicated-cond -Whsa -Wnormalized -Wnull-dereference -Wunused-const-variable -Walloca -Walloc-zero -Wduplicated-branches -Wformat-overflow=2 -Wformat-truncation=1 -Wrestrict -Wattribute-alias -Wshift-overflow=2 -Wcast-function-type -Wcast-align=strict -Wno-suggest-attribute=cold -Wno-suggest-attribute=malloc -Wattribute-alias=2 -Wmissing-profile -Wc11-c2x-compat -MD -MT src/CMakeFiles/hdf5-static.dir/H5Tstrpad.c.o -MF src/CMakeFiles/hdf5-static.dir/H5Tstrpad.c.o.d -o src/CMakeFiles/hdf5-static.dir/H5Tstrpad.c.o -c /home/byrn/HDF_Projects/hdf5/dev/src/H5Tstrpad.c
[337/4114] /usr/bin/cc -D_FILE_OFFSET_BITS=64 -D_GNU_SOURCE -D_LARGEFILE_SOURCE -D_POSIX_C_SOURCE=200809L -I/home/byrn/HDF_Projects/hdf5/dev/src -I/home/byrn/HDF_Projects/hdf5/dev/src/H5FDsubfiling -I/home/byrn/HDF_Projects/hdf5/build/ci-StdShar-GNUC/src -I/home/byrn/HDF_Projects/hdf5/build/ci-StdShar-GNUC/_deps/hdf5_zlib-build -I/home/byrn/HDF_Projects/hdf5/build/ci-StdShar-GNUC/_deps/hdf5_zlib-src -I/home/byrn/HDF_Projects/hdf5/build/ci-StdShar-GNUC/_deps/szip-build -I/home/byrn/HDF_Projects/hdf5/build/ci-StdShar-GNUC/_deps/szip-src/include -I/home/byrn/HDF_Projects/hdf5/build/ci-StdShar-GNUC/_deps/szip-src -std=c99  -fstdarg-opt -fdiagnostics-urls=never -fno-diagnostics-color -fmessage-length=0 -O2 -g -DNDEBUG -std=gnu99 -fPIC -Wall -Wcast-qual -Wconversion -Wextra -Wfloat-equal -Wformat=2 -Winit-self -Winvalid-pch -Wmissing-include-dirs -Wshadow -Wundef -Wwrite-strings -pedantic -Wno-c++-compat -Wbad-function-cast -Wcast-align -Wformat -Wimplicit-function-declaration -Wint-to-pointer-cast -Wmissing-declarations -Wmissing-prototypes -Wnested-externs -Wold-style-definition -Wpacked -Wpointer-sign -Wpointer-to-int-cast -Wredundant-decls -Wstrict-prototypes -Wswitch -Wunused-but-set-variable -Wunused-variable -Wunused-function -Wunused-parameter -finline-functions -Wno-aggregate-return -Wno-inline -Wno-missing-format-attribute -Wno-missing-noreturn -Wno-overlength-strings -Wlarger-than=2560 -Wlogical-op -Wframe-larger-than=16384 -Wpacked-bitfield-compat -Wsync-nand -Wno-unsuffixed-float-constants -Wdouble-promotion -Wtrampolines -Wstack-usage=8192 -Wmaybe-uninitialized -Wno-jump-misses-init -Wstrict-overflow=2 -Wno-suggest-attribute=const -Wno-suggest-attribute=noreturn -Wno-suggest-attribute=pure -Wno-suggest-attribute=format -Wdate-time -Warray-bounds=2 -Wc99-c11-compat -Wincompatible-pointer-types -Wint-conversion -Wduplicated-cond -Whsa -Wnormalized -Wnull-dereference -Wunused-const-variable -Walloca -Walloc-zero -Wduplicated-branches -Wformat-overflow=2 -Wformat-truncation=1 -Wrestrict -Wattribute-alias -Wshift-overflow=2 -Wcast-function-type -Wcast-align=strict -Wno-suggest-attribute=cold -Wno-suggest-attribute=malloc -Wattribute-alias=2 -Wmissing-profile -Wc11-c2x-compat -MD -MT src/CMakeFiles/hdf5-static.dir/H5Tvisit.c.o -MF src/CMakeFiles/hdf5-static.dir/H5Tvisit.c.o.d -o src/CMakeFiles/hdf5-static.dir/H5Tvisit.c.o -c /home/byrn/HDF_Projects/hdf5/dev/src/H5Tvisit.c
[338/4114] /usr/bin/cc -D_FILE_OFFSET_BITS=64 -D_GNU_SOURCE -D_LARGEFILE_SOURCE -D_POSIX_C_SOURCE=200809L -I/home/byrn/HDF_Projects/hdf5/dev/src -I/home/byrn/HDF_Projects/hdf5/dev/src/H5FDsubfiling -I/home/byrn/HDF_Projects/hdf5/build/ci-StdShar-GNUC/src -I/home/byrn/HDF_Projects/hdf5/build/ci-StdShar-GNUC/_deps/hdf5_zlib-build -I/home/byrn/HDF_Projects/hdf5/build/ci-StdShar-GNUC/_deps/hdf5_zlib-src -I/home/byrn/HDF_Projects/hdf5/build/ci-StdShar-GNUC/_deps/szip-build -I/home/byrn/HDF_Projects/hdf5/build/ci-StdShar-GNUC/_deps/szip-src/include -I/home/byrn/HDF_Projects/hdf5/build/ci-StdShar-GNUC/_deps/szip-src -std=c99  -fstdarg-opt -fdiagnostics-urls=never -fno-diagnostics-color -fmessage-length=0 -O2 -g -DNDEBUG -std=gnu99 -fPIC -Wall -Wcast-qual -Wconversion -Wextra -Wfloat-equal -Wformat=2 -Winit-self -Winvalid-pch -Wmissing-include-dirs -Wshadow -Wundef -Wwrite-strings -pedantic -Wno-c++-compat -Wbad-function-cast -Wcast-align -Wformat -Wimplicit-function-declaration -Wint-to-pointer-cast -Wmissing-declarations -Wmissing-prototypes -Wnested-externs -Wold-style-definition -Wpacked -Wpointer-sign -Wpointer-to-int-cast -Wredundant-decls -Wstrict-prototypes -Wswitch -Wunused-but-set-variable -Wunused-variable -Wunused-function -Wunused-parameter -finline-functions -Wno-aggregate-return -Wno-inline -Wno-missing-format-attribute -Wno-missing-noreturn -Wno-overlength-strings -Wlarger-than=2560 -Wlogical-op -Wframe-larger-than=16384 -Wpacked-bitfield-compat -Wsync-nand -Wno-unsuffixed-float-constants -Wdouble-promotion -Wtrampolines -Wstack-usage=8192 -Wmaybe-uninitialized -Wno-jump-misses-init -Wstrict-overflow=2 -Wno-suggest-attribute=const -Wno-suggest-attribute=noreturn -Wno-suggest-attribute=pure -Wno-suggest-attribute=format -Wdate-time -Warray-bounds=2 -Wc99-c11-compat -Wincompatible-pointer-types -Wint-conversion -Wduplicated-cond -Whsa -Wnormalized -Wnull-dereference -Wunused-const-variable -Walloca -Walloc-zero -Wduplicated-branches -Wformat-overflow=2 -Wformat-truncation=1 -Wrestrict -Wattribute-alias -Wshift-overflow=2 -Wcast-function-type -Wcast-align=strict -Wno-suggest-attribute=cold -Wno-suggest-attribute=malloc -Wattribute-alias=2 -Wmissing-profile -Wc11-c2x-compat -MD -MT src/CMakeFiles/hdf5-static.dir/H5Tref.c.o -MF src/CMakeFiles/hdf5-static.dir/H5Tref.c.o.d -o src/CMakeFiles/hdf5-static.dir/H5Tref.c.o -c /home/byrn/HDF_Projects/hdf5/dev/src/H5Tref.c
[339/4114] /usr/bin/cc -D_FILE_OFFSET_BITS=64 -D_GNU_SOURCE -D_LARGEFILE_SOURCE -D_POSIX_C_SOURCE=200809L -I/home/byrn/HDF_Projects/hdf5/dev/src -I/home/byrn/HDF_Projects/hdf5/dev/src/H5FDsubfiling -I/home/byrn/HDF_Projects/hdf5/build/ci-StdShar-GNUC/src -I/home/byrn/HDF_Projects/hdf5/build/ci-StdShar-GNUC/_deps/hdf5_zlib-build -I/home/byrn/HDF_Projects/hdf5/build/ci-StdShar-GNUC/_deps/hdf5_zlib-src -I/home/byrn/HDF_Projects/hdf5/build/ci-StdShar-GNUC/_deps/szip-build -I/home/byrn/HDF_Projects/hdf5/build/ci-StdShar-GNUC/_deps/szip-src/include -I/home/byrn/HDF_Projects/hdf5/build/ci-StdShar-GNUC/_deps/szip-src -std=c99  -fstdarg-opt -fdiagnostics-urls=never -fno-diagnostics-color -fmessage-length=0 -O2 -g -DNDEBUG -std=gnu99 -fPIC -Wall -Wcast-qual -Wconversion -Wextra -Wfloat-equal -Wformat=2 -Winit-self -Winvalid-pch -Wmissing-include-dirs -Wshadow -Wundef -Wwrite-strings -pedantic -Wno-c++-compat -Wbad-function-cast -Wcast-align -Wformat -Wimplicit-function-declaration -Wint-to-pointer-cast -Wmissing-declarations -Wmissing-prototypes -Wnested-externs -Wold-style-definition -Wpacked -Wpointer-sign -Wpointer-to-int-cast -Wredundant-decls -Wstrict-prototypes -Wswitch -Wunused-but-set-variable -Wunused-variable -Wunused-function -Wunused-parameter -finline-functions -Wno-aggregate-return -Wno-inline -Wno-missing-format-attribute -Wno-missing-noreturn -Wno-overlength-strings -Wlarger-than=2560 -Wlogical-op -Wframe-larger-than=16384 -Wpacked-bitfield-compat -Wsync-nand -Wno-unsuffixed-float-constants -Wdouble-promotion -Wtrampolines -Wstack-usage=8192 -Wmaybe-uninitialized -Wno-jump-misses-init -Wstrict-overflow=2 -Wno-suggest-attribute=const -Wno-suggest-attribute=noreturn -Wno-suggest-attribute=pure -Wno-suggest-attribute=format -Wdate-time -Warray-bounds=2 -Wc99-c11-compat -Wincompatible-pointer-types -Wint-conversion -Wduplicated-cond -Whsa -Wnormalized -Wnull-dereference -Wunused-const-variable -Walloca -Walloc-zero -Wduplicated-branches -Wformat-overflow=2 -Wformat-truncation=1 -Wrestrict -Wattribute-alias -Wshift-overflow=2 -Wcast-function-type -Wcast-align=strict -Wno-suggest-attribute=cold -Wno-suggest-attribute=malloc -Wattribute-alias=2 -Wmissing-profile -Wc11-c2x-compat -MD -MT src/CMakeFiles/hdf5-static.dir/H5TS.c.o -MF src/CMakeFiles/hdf5-static.dir/H5TS.c.o.d -o src/CMakeFiles/hdf5-static.dir/H5TS.c.o -c /home/byrn/HDF_Projects/hdf5/dev/src/H5TS.c
[340/4114] /usr/bin/cc -D_FILE_OFFSET_BITS=64 -D_GNU_SOURCE -D_LARGEFILE_SOURCE -D_POSIX_C_SOURCE=200809L -I/home/byrn/HDF_Projects/hdf5/dev/src -I/home/byrn/HDF_Projects/hdf5/dev/src/H5FDsubfiling -I/home/byrn/HDF_Projects/hdf5/build/ci-StdShar-GNUC/src -I/home/byrn/HDF_Projects/hdf5/build/ci-StdShar-GNUC/_deps/hdf5_zlib-build -I/home/byrn/HDF_Projects/hdf5/build/ci-StdShar-GNUC/_deps/hdf5_zlib-src -I/home/byrn/HDF_Projects/hdf5/build/ci-StdShar-GNUC/_deps/szip-build -I/home/byrn/HDF_Projects/hdf5/build/ci-StdShar-GNUC/_deps/szip-src/include -I/home/byrn/HDF_Projects/hdf5/build/ci-StdShar-GNUC/_deps/szip-src -std=c99  -fstdarg-opt -fdiagnostics-urls=never -fno-diagnostics-color -fmessage-length=0 -O2 -g -DNDEBUG -std=gnu99 -fPIC -Wall -Wcast-qual -Wconversion -Wextra -Wfloat-equal -Wformat=2 -Winit-self -Winvalid-pch -Wmissing-include-dirs -Wshadow -Wundef -Wwrite-strings -pedantic -Wno-c++-compat -Wbad-function-cast -Wcast-align -Wformat -Wimplicit-function-declaration -Wint-to-pointer-cast -Wmissing-declarations -Wmissing-prototypes -Wnested-externs -Wold-style-definition -Wpacked -Wpointer-sign -Wpointer-to-int-cast -Wredundant-decls -Wstrict-prototypes -Wswitch -Wunused-but-set-variable -Wunused-variable -Wunused-function -Wunused-parameter -finline-functions -Wno-aggregate-return -Wno-inline -Wno-missing-format-attribute -Wno-missing-noreturn -Wno-overlength-strings -Wlarger-than=2560 -Wlogical-op -Wframe-larger-than=16384 -Wpacked-bitfield-compat -Wsync-nand -Wno-unsuffixed-float-constants -Wdouble-promotion -Wtrampolines -Wstack-usage=8192 -Wmaybe-uninitialized -Wno-jump-misses-init -Wstrict-overflow=2 -Wno-suggest-attribute=const -Wno-suggest-attribute=noreturn -Wno-suggest-attribute=pure -Wno-suggest-attribute=format -Wdate-time -Warray-bounds=2 -Wc99-c11-compat -Wincompatible-pointer-types -Wint-conversion -Wduplicated-cond -Whsa -Wnormalized -Wnull-dereference -Wunused-const-variable -Walloca -Walloc-zero -Wduplicated-branches -Wformat-overflow=2 -Wformat-truncation=1 -Wrestrict -Wattribute-alias -Wshift-overflow=2 -Wcast-function-type -Wcast-align=strict -Wno-suggest-attribute=cold -Wno-suggest-attribute=malloc -Wattribute-alias=2 -Wmissing-profile -Wc11-c2x-compat -MD -MT src/CMakeFiles/hdf5-static.dir/H5SL.c.o -MF src/CMakeFiles/hdf5-static.dir/H5SL.c.o.d -o src/CMakeFiles/hdf5-static.dir/H5SL.c.o -c /home/byrn/HDF_Projects/hdf5/dev/src/H5SL.c
[341/4114] /usr/bin/cc -D_FILE_OFFSET_BITS=64 -D_GNU_SOURCE -D_LARGEFILE_SOURCE -D_POSIX_C_SOURCE=200809L -I/home/byrn/HDF_Projects/hdf5/dev/src -I/home/byrn/HDF_Projects/hdf5/dev/src/H5FDsubfiling -I/home/byrn/HDF_Projects/hdf5/build/ci-StdShar-GNUC/src -I/home/byrn/HDF_Projects/hdf5/build/ci-StdShar-GNUC/_deps/hdf5_zlib-build -I/home/byrn/HDF_Projects/hdf5/build/ci-StdShar-GNUC/_deps/hdf5_zlib-src -I/home/byrn/HDF_Projects/hdf5/build/ci-StdShar-GNUC/_deps/szip-build -I/home/byrn/HDF_Projects/hdf5/build/ci-StdShar-GNUC/_deps/szip-src/include -I/home/byrn/HDF_Projects/hdf5/build/ci-StdShar-GNUC/_deps/szip-src -std=c99  -fstdarg-opt -fdiagnostics-urls=never -fno-diagnostics-color -fmessage-length=0 -O2 -g -DNDEBUG -std=gnu99 -fPIC -Wall -Wcast-qual -Wconversion -Wextra -Wfloat-equal -Wformat=2 -Winit-self -Winvalid-pch -Wmissing-include-dirs -Wshadow -Wundef -Wwrite-strings -pedantic -Wno-c++-compat -Wbad-function-cast -Wcast-align -Wformat -Wimplicit-function-declaration -Wint-to-pointer-cast -Wmissing-declarations -Wmissing-prototypes -Wnested-externs -Wold-style-definition -Wpacked -Wpointer-sign -Wpointer-to-int-cast -Wredundant-decls -Wstrict-prototypes -Wswitch -Wunused-but-set-variable -Wunused-variable -Wunused-function -Wunused-parameter -finline-functions -Wno-aggregate-return -Wno-inline -Wno-missing-format-attribute -Wno-missing-noreturn -Wno-overlength-strings -Wlarger-than=2560 -Wlogical-op -Wframe-larger-than=16384 -Wpacked-bitfield-compat -Wsync-nand -Wno-unsuffixed-float-constants -Wdouble-promotion -Wtrampolines -Wstack-usage=8192 -Wmaybe-uninitialized -Wno-jump-misses-init -Wstrict-overflow=2 -Wno-suggest-attribute=const -Wno-suggest-attribute=noreturn -Wno-suggest-attribute=pure -Wno-suggest-attribute=format -Wdate-time -Warray-bounds=2 -Wc99-c11-compat -Wincompatible-pointer-types -Wint-conversion -Wduplicated-cond -Whsa -Wnormalized -Wnull-dereference -Wunused-const-variable -Walloca -Walloc-zero -Wduplicated-branches -Wformat-overflow=2 -Wformat-truncation=1 -Wrestrict -Wattribute-alias -Wshift-overflow=2 -Wcast-function-type -Wcast-align=strict -Wno-suggest-attribute=cold -Wno-suggest-attribute=malloc -Wattribute-alias=2 -Wmissing-profile -Wc11-c2x-compat -MD -MT src/CMakeFiles/hdf5-static.dir/H5Tvlen.c.o -MF src/CMakeFiles/hdf5-static.dir/H5Tvlen.c.o.d -o src/CMakeFiles/hdf5-static.dir/H5Tvlen.c.o -c /home/byrn/HDF_Projects/hdf5/dev/src/H5Tvlen.c
[342/4114] /usr/bin/cc -D_FILE_OFFSET_BITS=64 -D_GNU_SOURCE -D_LARGEFILE_SOURCE -D_POSIX_C_SOURCE=200809L -I/home/byrn/HDF_Projects/hdf5/dev/src -I/home/byrn/HDF_Projects/hdf5/dev/src/H5FDsubfiling -I/home/byrn/HDF_Projects/hdf5/build/ci-StdShar-GNUC/src -I/home/byrn/HDF_Projects/hdf5/build/ci-StdShar-GNUC/_deps/hdf5_zlib-build -I/home/byrn/HDF_Projects/hdf5/build/ci-StdShar-GNUC/_deps/hdf5_zlib-src -I/home/byrn/HDF_Projects/hdf5/build/ci-StdShar-GNUC/_deps/szip-build -I/home/byrn/HDF_Projects/hdf5/build/ci-StdShar-GNUC/_deps/szip-src/include -I/home/byrn/HDF_Projects/hdf5/build/ci-StdShar-GNUC/_deps/szip-src -std=c99  -fstdarg-opt -fdiagnostics-urls=never -fno-diagnostics-color -fmessage-length=0 -O2 -g -DNDEBUG -std=gnu99 -fPIC -Wall -Wcast-qual -Wconversion -Wextra -Wfloat-equal -Wformat=2 -Winit-self -Winvalid-pch -Wmissing-include-dirs -Wshadow -Wundef -Wwrite-strings -pedantic -Wno-c++-compat -Wbad-function-cast -Wcast-align -Wformat -Wimplicit-function-declaration -Wint-to-pointer-cast -Wmissing-declarations -Wmissing-prototypes -Wnested-externs -Wold-style-definition -Wpacked -Wpointer-sign -Wpointer-to-int-cast -Wredundant-decls -Wstrict-prototypes -Wswitch -Wunused-but-set-variable -Wunused-variable -Wunused-function -Wunused-parameter -finline-functions -Wno-aggregate-return -Wno-inline -Wno-missing-format-attribute -Wno-missing-noreturn -Wno-overlength-strings -Wlarger-than=2560 -Wlogical-op -Wframe-larger-than=16384 -Wpacked-bitfield-compat -Wsync-nand -Wno-unsuffixed-float-constants -Wdouble-promotion -Wtrampolines -Wstack-usage=8192 -Wmaybe-uninitialized -Wno-jump-misses-init -Wstrict-overflow=2 -Wno-suggest-attribute=const -Wno-suggest-attribute=noreturn -Wno-suggest-attribute=pure -Wno-suggest-attribute=format -Wdate-time -Warray-bounds=2 -Wc99-c11-compat -Wincompatible-pointer-types -Wint-conversion -Wduplicated-cond -Whsa -Wnormalized -Wnull-dereference -Wunused-const-variable -Walloca -Walloc-zero -Wduplicated-branches -Wformat-overflow=2 -Wformat-truncation=1 -Wrestrict -Wattribute-alias -Wshift-overflow=2 -Wcast-function-type -Wcast-align=strict -Wno-suggest-attribute=cold -Wno-suggest-attribute=malloc -Wattribute-alias=2 -Wmissing-profile -Wc11-c2x-compat -MD -MT src/CMakeFiles/hdf5-static.dir/H5Shyper.c.o -MF src/CMakeFiles/hdf5-static.dir/H5Shyper.c.o.d -o src/CMakeFiles/hdf5-static.dir/H5Shyper.c.o -c /home/byrn/HDF_Projects/hdf5/dev/src/H5Shyper.c
[343/4114] /usr/bin/cc -D_FILE_OFFSET_BITS=64 -D_GNU_SOURCE -D_LARGEFILE_SOURCE -D_POSIX_C_SOURCE=200809L -I/home/byrn/HDF_Projects/hdf5/dev/src -I/home/byrn/HDF_Projects/hdf5/dev/src/H5FDsubfiling -I/home/byrn/HDF_Projects/hdf5/build/ci-StdShar-GNUC/src -I/home/byrn/HDF_Projects/hdf5/build/ci-StdShar-GNUC/_deps/hdf5_zlib-build -I/home/byrn/HDF_Projects/hdf5/build/ci-StdShar-GNUC/_deps/hdf5_zlib-src -I/home/byrn/HDF_Projects/hdf5/build/ci-StdShar-GNUC/_deps/szip-build -I/home/byrn/HDF_Projects/hdf5/build/ci-StdShar-GNUC/_deps/szip-src/include -I/home/byrn/HDF_Projects/hdf5/build/ci-StdShar-GNUC/_deps/szip-src -std=c99  -fstdarg-opt -fdiagnostics-urls=never -fno-diagnostics-color -fmessage-length=0 -O2 -g -DNDEBUG -std=gnu99 -fPIC -Wall -Wcast-qual -Wconversion -Wextra -Wfloat-equal -Wformat=2 -Winit-self -Winvalid-pch -Wmissing-include-dirs -Wshadow -Wundef -Wwrite-strings -pedantic -Wno-c++-compat -Wbad-function-cast -Wcast-align -Wformat -Wimplicit-function-declaration -Wint-to-pointer-cast -Wmissing-declarations -Wmissing-prototypes -Wnested-externs -Wold-style-definition -Wpacked -Wpointer-sign -Wpointer-to-int-cast -Wredundant-decls -Wstrict-prototypes -Wswitch -Wunused-but-set-variable -Wunused-variable -Wunused-function -Wunused-parameter -finline-functions -Wno-aggregate-return -Wno-inline -Wno-missing-format-attribute -Wno-missing-noreturn -Wno-overlength-strings -Wlarger-than=2560 -Wlogical-op -Wframe-larger-than=16384 -Wpacked-bitfield-compat -Wsync-nand -Wno-unsuffixed-float-constants -Wdouble-promotion -Wtrampolines -Wstack-usage=8192 -Wmaybe-uninitialized -Wno-jump-misses-init -Wstrict-overflow=2 -Wno-suggest-attribute=const -Wno-suggest-attribute=noreturn -Wno-suggest-attribute=pure -Wno-suggest-attribute=format -Wdate-time -Warray-bounds=2 -Wc99-c11-compat -Wincompatible-pointer-types -Wint-conversion -Wduplicated-cond -Whsa -Wnormalized -Wnull-dereference -Wunused-const-variable -Walloca -Walloc-zero -Wduplicated-branches -Wformat-overflow=2 -Wformat-truncation=1 -Wrestrict -Wattribute-alias -Wshift-overflow=2 -Wcast-function-type -Wcast-align=strict -Wno-suggest-attribute=cold -Wno-suggest-attribute=malloc -Wattribute-alias=2 -Wmissing-profile -Wc11-c2x-compat -MD -MT src/CMakeFiles/hdf5-static.dir/H5VLdyn_ops.c.o -MF src/CMakeFiles/hdf5-static.dir/H5VLdyn_ops.c.o.d -o src/CMakeFiles/hdf5-static.dir/H5VLdyn_ops.c.o -c /home/byrn/HDF_Projects/hdf5/dev/src/H5VLdyn_ops.c
[344/4114] /usr/bin/cc -D_FILE_OFFSET_BITS=64 -D_GNU_SOURCE -D_LARGEFILE_SOURCE -D_POSIX_C_SOURCE=200809L -I/home/byrn/HDF_Projects/hdf5/dev/src -I/home/byrn/HDF_Projects/hdf5/dev/src/H5FDsubfiling -I/home/byrn/HDF_Projects/hdf5/build/ci-StdShar-GNUC/src -I/home/byrn/HDF_Projects/hdf5/build/ci-StdShar-GNUC/_deps/hdf5_zlib-build -I/home/byrn/HDF_Projects/hdf5/build/ci-StdShar-GNUC/_deps/hdf5_zlib-src -I/home/byrn/HDF_Projects/hdf5/build/ci-StdShar-GNUC/_deps/szip-build -I/home/byrn/HDF_Projects/hdf5/build/ci-StdShar-GNUC/_deps/szip-src/include -I/home/byrn/HDF_Projects/hdf5/build/ci-StdShar-GNUC/_deps/szip-src -std=c99  -fstdarg-opt -fdiagnostics-urls=never -fno-diagnostics-color -fmessage-length=0 -O2 -g -DNDEBUG -std=gnu99 -fPIC -Wall -Wcast-qual -Wconversion -Wextra -Wfloat-equal -Wformat=2 -Winit-self -Winvalid-pch -Wmissing-include-dirs -Wshadow -Wundef -Wwrite-strings -pedantic -Wno-c++-compat -Wbad-function-cast -Wcast-align -Wformat -Wimplicit-function-declaration -Wint-to-pointer-cast -Wmissing-declarations -Wmissing-prototypes -Wnested-externs -Wold-style-definition -Wpacked -Wpointer-sign -Wpointer-to-int-cast -Wredundant-decls -Wstrict-prototypes -Wswitch -Wunused-but-set-variable -Wunused-variable -Wunused-function -Wunused-parameter -finline-functions -Wno-aggregate-return -Wno-inline -Wno-missing-format-attribute -Wno-missing-noreturn -Wno-overlength-strings -Wlarger-than=2560 -Wlogical-op -Wframe-larger-than=16384 -Wpacked-bitfield-compat -Wsync-nand -Wno-unsuffixed-float-constants -Wdouble-promotion -Wtrampolines -Wstack-usage=8192 -Wmaybe-uninitialized -Wno-jump-misses-init -Wstrict-overflow=2 -Wno-suggest-attribute=const -Wno-suggest-attribute=noreturn -Wno-suggest-attribute=pure -Wno-suggest-attribute=format -Wdate-time -Warray-bounds=2 -Wc99-c11-compat -Wincompatible-pointer-types -Wint-conversion -Wduplicated-cond -Whsa -Wnormalized -Wnull-dereference -Wunused-const-variable -Walloca -Walloc-zero -Wduplicated-branches -Wformat-overflow=2 -Wformat-truncation=1 -Wrestrict -Wattribute-alias -Wshift-overflow=2 -Wcast-function-type -Wcast-align=strict -Wno-suggest-attribute=cold -Wno-suggest-attribute=malloc -Wattribute-alias=2 -Wmissing-profile -Wc11-c2x-compat -MD -MT src/CMakeFiles/hdf5-static.dir/H5VLnative.c.o -MF src/CMakeFiles/hdf5-static.dir/H5VLnative.c.o.d -o src/CMakeFiles/hdf5-static.dir/H5VLnative.c.o -c /home/byrn/HDF_Projects/hdf5/dev/src/H5VLnative.c
[345/4114] /usr/bin/cc -D_FILE_OFFSET_BITS=64 -D_GNU_SOURCE -D_LARGEFILE_SOURCE -D_POSIX_C_SOURCE=200809L -I/home/byrn/HDF_Projects/hdf5/dev/src -I/home/byrn/HDF_Projects/hdf5/dev/src/H5FDsubfiling -I/home/byrn/HDF_Projects/hdf5/build/ci-StdShar-GNUC/src -I/home/byrn/HDF_Projects/hdf5/build/ci-StdShar-GNUC/_deps/hdf5_zlib-build -I/home/byrn/HDF_Projects/hdf5/build/ci-StdShar-GNUC/_deps/hdf5_zlib-src -I/home/byrn/HDF_Projects/hdf5/build/ci-StdShar-GNUC/_deps/szip-build -I/home/byrn/HDF_Projects/hdf5/build/ci-StdShar-GNUC/_deps/szip-src/include -I/home/byrn/HDF_Projects/hdf5/build/ci-StdShar-GNUC/_deps/szip-src -std=c99  -fstdarg-opt -fdiagnostics-urls=never -fno-diagnostics-color -fmessage-length=0 -O2 -g -DNDEBUG -std=gnu99 -fPIC -Wall -Wcast-qual -Wconversion -Wextra -Wfloat-equal -Wformat=2 -Winit-self -Winvalid-pch -Wmissing-include-dirs -Wshadow -Wundef -Wwrite-strings -pedantic -Wno-c++-compat -Wbad-function-cast -Wcast-align -Wformat -Wimplicit-function-declaration -Wint-to-pointer-cast -Wmissing-declarations -Wmissing-prototypes -Wnested-externs -Wold-style-definition -Wpacked -Wpointer-sign -Wpointer-to-int-cast -Wredundant-decls -Wstrict-prototypes -Wswitch -Wunused-but-set-variable -Wunused-variable -Wunused-function -Wunused-parameter -finline-functions -Wno-aggregate-return -Wno-inline -Wno-missing-format-attribute -Wno-missing-noreturn -Wno-overlength-strings -Wlarger-than=2560 -Wlogical-op -Wframe-larger-than=16384 -Wpacked-bitfield-compat -Wsync-nand -Wno-unsuffixed-float-constants -Wdouble-promotion -Wtrampolines -Wstack-usage=8192 -Wmaybe-uninitialized -Wno-jump-misses-init -Wstrict-overflow=2 -Wno-suggest-attribute=const -Wno-suggest-attribute=noreturn -Wno-suggest-attribute=pure -Wno-suggest-attribute=format -Wdate-time -Warray-bounds=2 -Wc99-c11-compat -Wincompatible-pointer-types -Wint-conversion -Wduplicated-cond -Whsa -Wnormalized -Wnull-dereference -Wunused-const-variable -Walloca -Walloc-zero -Wduplicated-branches -Wformat-overflow=2 -Wformat-truncation=1 -Wrestrict -Wattribute-alias -Wshift-overflow=2 -Wcast-function-type -Wcast-align=strict -Wno-suggest-attribute=cold -Wno-suggest-attribute=malloc -Wattribute-alias=2 -Wmissing-profile -Wc11-c2x-compat -MD -MT src/CMakeFiles/hdf5-static.dir/H5VLnative_blob.c.o -MF src/CMakeFiles/hdf5-static.dir/H5VLnative_blob.c.o.d -o src/CMakeFiles/hdf5-static.dir/H5VLnative_blob.c.o -c /home/byrn/HDF_Projects/hdf5/dev/src/H5VLnative_blob.c
[346/4114] /usr/bin/cc -D_FILE_OFFSET_BITS=64 -D_GNU_SOURCE -D_LARGEFILE_SOURCE -D_POSIX_C_SOURCE=200809L -I/home/byrn/HDF_Projects/hdf5/dev/src -I/home/byrn/HDF_Projects/hdf5/dev/src/H5FDsubfiling -I/home/byrn/HDF_Projects/hdf5/build/ci-StdShar-GNUC/src -I/home/byrn/HDF_Projects/hdf5/build/ci-StdShar-GNUC/_deps/hdf5_zlib-build -I/home/byrn/HDF_Projects/hdf5/build/ci-StdShar-GNUC/_deps/hdf5_zlib-src -I/home/byrn/HDF_Projects/hdf5/build/ci-StdShar-GNUC/_deps/szip-build -I/home/byrn/HDF_Projects/hdf5/build/ci-StdShar-GNUC/_deps/szip-src/include -I/home/byrn/HDF_Projects/hdf5/build/ci-StdShar-GNUC/_deps/szip-src -std=c99  -fstdarg-opt -fdiagnostics-urls=never -fno-diagnostics-color -fmessage-length=0 -O2 -g -DNDEBUG -std=gnu99 -fPIC -Wall -Wcast-qual -Wconversion -Wextra -Wfloat-equal -Wformat=2 -Winit-self -Winvalid-pch -Wmissing-include-dirs -Wshadow -Wundef -Wwrite-strings -pedantic -Wno-c++-compat -Wbad-function-cast -Wcast-align -Wformat -Wimplicit-function-declaration -Wint-to-pointer-cast -Wmissing-declarations -Wmissing-prototypes -Wnested-externs -Wold-style-definition -Wpacked -Wpointer-sign -Wpointer-to-int-cast -Wredundant-decls -Wstrict-prototypes -Wswitch -Wunused-but-set-variable -Wunused-variable -Wunused-function -Wunused-parameter -finline-functions -Wno-aggregate-return -Wno-inline -Wno-missing-format-attribute -Wno-missing-noreturn -Wno-overlength-strings -Wlarger-than=2560 -Wlogical-op -Wframe-larger-than=16384 -Wpacked-bitfield-compat -Wsync-nand -Wno-unsuffixed-float-constants -Wdouble-promotion -Wtrampolines -Wstack-usage=8192 -Wmaybe-uninitialized -Wno-jump-misses-init -Wstrict-overflow=2 -Wno-suggest-attribute=const -Wno-suggest-attribute=noreturn -Wno-suggest-attribute=pure -Wno-suggest-attribute=format -Wdate-time -Warray-bounds=2 -Wc99-c11-compat -Wincompatible-pointer-types -Wint-conversion -Wduplicated-cond -Whsa -Wnormalized -Wnull-dereference -Wunused-const-variable -Walloca -Walloc-zero -Wduplicated-branches -Wformat-overflow=2 -Wformat-truncation=1 -Wrestrict -Wattribute-alias -Wshift-overflow=2 -Wcast-function-type -Wcast-align=strict -Wno-suggest-attribute=cold -Wno-suggest-attribute=malloc -Wattribute-alias=2 -Wmissing-profile -Wc11-c2x-compat -MD -MT src/CMakeFiles/hdf5-static.dir/H5VLnative_attr.c.o -MF src/CMakeFiles/hdf5-static.dir/H5VLnative_attr.c.o.d -o src/CMakeFiles/hdf5-static.dir/H5VLnative_attr.c.o -c /home/byrn/HDF_Projects/hdf5/dev/src/H5VLnative_attr.c
[347/4114] /usr/bin/cc -D_FILE_OFFSET_BITS=64 -D_GNU_SOURCE -D_LARGEFILE_SOURCE -D_POSIX_C_SOURCE=200809L -I/home/byrn/HDF_Projects/hdf5/dev/src -I/home/byrn/HDF_Projects/hdf5/dev/src/H5FDsubfiling -I/home/byrn/HDF_Projects/hdf5/build/ci-StdShar-GNUC/src -I/home/byrn/HDF_Projects/hdf5/build/ci-StdShar-GNUC/_deps/hdf5_zlib-build -I/home/byrn/HDF_Projects/hdf5/build/ci-StdShar-GNUC/_deps/hdf5_zlib-src -I/home/byrn/HDF_Projects/hdf5/build/ci-StdShar-GNUC/_deps/szip-build -I/home/byrn/HDF_Projects/hdf5/build/ci-StdShar-GNUC/_deps/szip-src/include -I/home/byrn/HDF_Projects/hdf5/build/ci-StdShar-GNUC/_deps/szip-src -std=c99  -fstdarg-opt -fdiagnostics-urls=never -fno-diagnostics-color -fmessage-length=0 -O2 -g -DNDEBUG -std=gnu99 -fPIC -Wall -Wcast-qual -Wconversion -Wextra -Wfloat-equal -Wformat=2 -Winit-self -Winvalid-pch -Wmissing-include-dirs -Wshadow -Wundef -Wwrite-strings -pedantic -Wno-c++-compat -Wbad-function-cast -Wcast-align -Wformat -Wimplicit-function-declaration -Wint-to-pointer-cast -Wmissing-declarations -Wmissing-prototypes -Wnested-externs -Wold-style-definition -Wpacked -Wpointer-sign -Wpointer-to-int-cast -Wredundant-decls -Wstrict-prototypes -Wswitch -Wunused-but-set-variable -Wunused-variable -Wunused-function -Wunused-parameter -finline-functions -Wno-aggregate-return -Wno-inline -Wno-missing-format-attribute -Wno-missing-noreturn -Wno-overlength-strings -Wlarger-than=2560 -Wlogical-op -Wframe-larger-than=16384 -Wpacked-bitfield-compat -Wsync-nand -Wno-unsuffixed-float-constants -Wdouble-promotion -Wtrampolines -Wstack-usage=8192 -Wmaybe-uninitialized -Wno-jump-misses-init -Wstrict-overflow=2 -Wno-suggest-attribute=const -Wno-suggest-attribute=noreturn -Wno-suggest-attribute=pure -Wno-suggest-attribute=format -Wdate-time -Warray-bounds=2 -Wc99-c11-compat -Wincompatible-pointer-types -Wint-conversion -Wduplicated-cond -Whsa -Wnormalized -Wnull-dereference -Wunused-const-variable -Walloca -Walloc-zero -Wduplicated-branches -Wformat-overflow=2 -Wformat-truncation=1 -Wrestrict -Wattribute-alias -Wshift-overflow=2 -Wcast-function-type -Wcast-align=strict -Wno-suggest-attribute=cold -Wno-suggest-attribute=malloc -Wattribute-alias=2 -Wmissing-profile -Wc11-c2x-compat -MD -MT src/CMakeFiles/hdf5-static.dir/H5VL.c.o -MF src/CMakeFiles/hdf5-static.dir/H5VL.c.o.d -o src/CMakeFiles/hdf5-static.dir/H5VL.c.o -c /home/byrn/HDF_Projects/hdf5/dev/src/H5VL.c
[348/4114] /usr/bin/cc -D_FILE_OFFSET_BITS=64 -D_GNU_SOURCE -D_LARGEFILE_SOURCE -D_POSIX_C_SOURCE=200809L -I/home/byrn/HDF_Projects/hdf5/dev/src -I/home/byrn/HDF_Projects/hdf5/dev/src/H5FDsubfiling -I/home/byrn/HDF_Projects/hdf5/build/ci-StdShar-GNUC/src -I/home/byrn/HDF_Projects/hdf5/build/ci-StdShar-GNUC/_deps/hdf5_zlib-build -I/home/byrn/HDF_Projects/hdf5/build/ci-StdShar-GNUC/_deps/hdf5_zlib-src -I/home/byrn/HDF_Projects/hdf5/build/ci-StdShar-GNUC/_deps/szip-build -I/home/byrn/HDF_Projects/hdf5/build/ci-StdShar-GNUC/_deps/szip-src/include -I/home/byrn/HDF_Projects/hdf5/build/ci-StdShar-GNUC/_deps/szip-src -std=c99  -fstdarg-opt -fdiagnostics-urls=never -fno-diagnostics-color -fmessage-length=0 -O2 -g -DNDEBUG -std=gnu99 -fPIC -Wall -Wcast-qual -Wconversion -Wextra -Wfloat-equal -Wformat=2 -Winit-self -Winvalid-pch -Wmissing-include-dirs -Wshadow -Wundef -Wwrite-strings -pedantic -Wno-c++-compat -Wbad-function-cast -Wcast-align -Wformat -Wimplicit-function-declaration -Wint-to-pointer-cast -Wmissing-declarations -Wmissing-prototypes -Wnested-externs -Wold-style-definition -Wpacked -Wpointer-sign -Wpointer-to-int-cast -Wredundant-decls -Wstrict-prototypes -Wswitch -Wunused-but-set-variable -Wunused-variable -Wunused-function -Wunused-parameter -finline-functions -Wno-aggregate-return -Wno-inline -Wno-missing-format-attribute -Wno-missing-noreturn -Wno-overlength-strings -Wlarger-than=2560 -Wlogical-op -Wframe-larger-than=16384 -Wpacked-bitfield-compat -Wsync-nand -Wno-unsuffixed-float-constants -Wdouble-promotion -Wtrampolines -Wstack-usage=8192 -Wmaybe-uninitialized -Wno-jump-misses-init -Wstrict-overflow=2 -Wno-suggest-attribute=const -Wno-suggest-attribute=noreturn -Wno-suggest-attribute=pure -Wno-suggest-attribute=format -Wdate-time -Warray-bounds=2 -Wc99-c11-compat -Wincompatible-pointer-types -Wint-conversion -Wduplicated-cond -Whsa -Wnormalized -Wnull-dereference -Wunused-const-variable -Walloca -Walloc-zero -Wduplicated-branches -Wformat-overflow=2 -Wformat-truncation=1 -Wrestrict -Wattribute-alias -Wshift-overflow=2 -Wcast-function-type -Wcast-align=strict -Wno-suggest-attribute=cold -Wno-suggest-attribute=malloc -Wattribute-alias=2 -Wmissing-profile -Wc11-c2x-compat -MD -MT src/CMakeFiles/hdf5-static.dir/H5VLnative_datatype.c.o -MF src/CMakeFiles/hdf5-static.dir/H5VLnative_datatype.c.o.d -o src/CMakeFiles/hdf5-static.dir/H5VLnative_datatype.c.o -c /home/byrn/HDF_Projects/hdf5/dev/src/H5VLnative_datatype.c
[349/4114] /usr/bin/cc -D_FILE_OFFSET_BITS=64 -D_GNU_SOURCE -D_LARGEFILE_SOURCE -D_POSIX_C_SOURCE=200809L -I/home/byrn/HDF_Projects/hdf5/dev/src -I/home/byrn/HDF_Projects/hdf5/dev/src/H5FDsubfiling -I/home/byrn/HDF_Projects/hdf5/build/ci-StdShar-GNUC/src -I/home/byrn/HDF_Projects/hdf5/build/ci-StdShar-GNUC/_deps/hdf5_zlib-build -I/home/byrn/HDF_Projects/hdf5/build/ci-StdShar-GNUC/_deps/hdf5_zlib-src -I/home/byrn/HDF_Projects/hdf5/build/ci-StdShar-GNUC/_deps/szip-build -I/home/byrn/HDF_Projects/hdf5/build/ci-StdShar-GNUC/_deps/szip-src/include -I/home/byrn/HDF_Projects/hdf5/build/ci-StdShar-GNUC/_deps/szip-src -std=c99  -fstdarg-opt -fdiagnostics-urls=never -fno-diagnostics-color -fmessage-length=0 -O2 -g -DNDEBUG -std=gnu99 -fPIC -Wall -Wcast-qual -Wconversion -Wextra -Wfloat-equal -Wformat=2 -Winit-self -Winvalid-pch -Wmissing-include-dirs -Wshadow -Wundef -Wwrite-strings -pedantic -Wno-c++-compat -Wbad-function-cast -Wcast-align -Wformat -Wimplicit-function-declaration -Wint-to-pointer-cast -Wmissing-declarations -Wmissing-prototypes -Wnested-externs -Wold-style-definition -Wpacked -Wpointer-sign -Wpointer-to-int-cast -Wredundant-decls -Wstrict-prototypes -Wswitch -Wunused-but-set-variable -Wunused-variable -Wunused-function -Wunused-parameter -finline-functions -Wno-aggregate-return -Wno-inline -Wno-missing-format-attribute -Wno-missing-noreturn -Wno-overlength-strings -Wlarger-than=2560 -Wlogical-op -Wframe-larger-than=16384 -Wpacked-bitfield-compat -Wsync-nand -Wno-unsuffixed-float-constants -Wdouble-promotion -Wtrampolines -Wstack-usage=8192 -Wmaybe-uninitialized -Wno-jump-misses-init -Wstrict-overflow=2 -Wno-suggest-attribute=const -Wno-suggest-attribute=noreturn -Wno-suggest-attribute=pure -Wno-suggest-attribute=format -Wdate-time -Warray-bounds=2 -Wc99-c11-compat -Wincompatible-pointer-types -Wint-conversion -Wduplicated-cond -Whsa -Wnormalized -Wnull-dereference -Wunused-const-variable -Walloca -Walloc-zero -Wduplicated-branches -Wformat-overflow=2 -Wformat-truncation=1 -Wrestrict -Wattribute-alias -Wshift-overflow=2 -Wcast-function-type -Wcast-align=strict -Wno-suggest-attribute=cold -Wno-suggest-attribute=malloc -Wattribute-alias=2 -Wmissing-profile -Wc11-c2x-compat -MD -MT src/CMakeFiles/hdf5-static.dir/H5VLnative_group.c.o -MF src/CMakeFiles/hdf5-static.dir/H5VLnative_group.c.o.d -o src/CMakeFiles/hdf5-static.dir/H5VLnative_group.c.o -c /home/byrn/HDF_Projects/hdf5/dev/src/H5VLnative_group.c
[350/4114] /usr/bin/cc -D_FILE_OFFSET_BITS=64 -D_GNU_SOURCE -D_LARGEFILE_SOURCE -D_POSIX_C_SOURCE=200809L -I/home/byrn/HDF_Projects/hdf5/dev/src -I/home/byrn/HDF_Projects/hdf5/dev/src/H5FDsubfiling -I/home/byrn/HDF_Projects/hdf5/build/ci-StdShar-GNUC/src -I/home/byrn/HDF_Projects/hdf5/build/ci-StdShar-GNUC/_deps/hdf5_zlib-build -I/home/byrn/HDF_Projects/hdf5/build/ci-StdShar-GNUC/_deps/hdf5_zlib-src -I/home/byrn/HDF_Projects/hdf5/build/ci-StdShar-GNUC/_deps/szip-build -I/home/byrn/HDF_Projects/hdf5/build/ci-StdShar-GNUC/_deps/szip-src/include -I/home/byrn/HDF_Projects/hdf5/build/ci-StdShar-GNUC/_deps/szip-src -std=c99  -fstdarg-opt -fdiagnostics-urls=never -fno-diagnostics-color -fmessage-length=0 -O2 -g -DNDEBUG -std=gnu99 -fPIC -Wall -Wcast-qual -Wconversion -Wextra -Wfloat-equal -Wformat=2 -Winit-self -Winvalid-pch -Wmissing-include-dirs -Wshadow -Wundef -Wwrite-strings -pedantic -Wno-c++-compat -Wbad-function-cast -Wcast-align -Wformat -Wimplicit-function-declaration -Wint-to-pointer-cast -Wmissing-declarations -Wmissing-prototypes -Wnested-externs -Wold-style-definition -Wpacked -Wpointer-sign -Wpointer-to-int-cast -Wredundant-decls -Wstrict-prototypes -Wswitch -Wunused-but-set-variable -Wunused-variable -Wunused-function -Wunused-parameter -finline-functions -Wno-aggregate-return -Wno-inline -Wno-missing-format-attribute -Wno-missing-noreturn -Wno-overlength-strings -Wlarger-than=2560 -Wlogical-op -Wframe-larger-than=16384 -Wpacked-bitfield-compat -Wsync-nand -Wno-unsuffixed-float-constants -Wdouble-promotion -Wtrampolines -Wstack-usage=8192 -Wmaybe-uninitialized -Wno-jump-misses-init -Wstrict-overflow=2 -Wno-suggest-attribute=const -Wno-suggest-attribute=noreturn -Wno-suggest-attribute=pure -Wno-suggest-attribute=format -Wdate-time -Warray-bounds=2 -Wc99-c11-compat -Wincompatible-pointer-types -Wint-conversion -Wduplicated-cond -Whsa -Wnormalized -Wnull-dereference -Wunused-const-variable -Walloca -Walloc-zero -Wduplicated-branches -Wformat-overflow=2 -Wformat-truncation=1 -Wrestrict -Wattribute-alias -Wshift-overflow=2 -Wcast-function-type -Wcast-align=strict -Wno-suggest-attribute=cold -Wno-suggest-attribute=malloc -Wattribute-alias=2 -Wmissing-profile -Wc11-c2x-compat -MD -MT src/CMakeFiles/hdf5-static.dir/H5VLnative_dataset.c.o -MF src/CMakeFiles/hdf5-static.dir/H5VLnative_dataset.c.o.d -o src/CMakeFiles/hdf5-static.dir/H5VLnative_dataset.c.o -c /home/byrn/HDF_Projects/hdf5/dev/src/H5VLnative_dataset.c
[351/4114] /usr/bin/cc -D_FILE_OFFSET_BITS=64 -D_GNU_SOURCE -D_LARGEFILE_SOURCE -D_POSIX_C_SOURCE=200809L -I/home/byrn/HDF_Projects/hdf5/dev/src -I/home/byrn/HDF_Projects/hdf5/dev/src/H5FDsubfiling -I/home/byrn/HDF_Projects/hdf5/build/ci-StdShar-GNUC/src -I/home/byrn/HDF_Projects/hdf5/build/ci-StdShar-GNUC/_deps/hdf5_zlib-build -I/home/byrn/HDF_Projects/hdf5/build/ci-StdShar-GNUC/_deps/hdf5_zlib-src -I/home/byrn/HDF_Projects/hdf5/build/ci-StdShar-GNUC/_deps/szip-build -I/home/byrn/HDF_Projects/hdf5/build/ci-StdShar-GNUC/_deps/szip-src/include -I/home/byrn/HDF_Projects/hdf5/build/ci-StdShar-GNUC/_deps/szip-src -std=c99  -fstdarg-opt -fdiagnostics-urls=never -fno-diagnostics-color -fmessage-length=0 -O2 -g -DNDEBUG -std=gnu99 -fPIC -Wall -Wcast-qual -Wconversion -Wextra -Wfloat-equal -Wformat=2 -Winit-self -Winvalid-pch -Wmissing-include-dirs -Wshadow -Wundef -Wwrite-strings -pedantic -Wno-c++-compat -Wbad-function-cast -Wcast-align -Wformat -Wimplicit-function-declaration -Wint-to-pointer-cast -Wmissing-declarations -Wmissing-prototypes -Wnested-externs -Wold-style-definition -Wpacked -Wpointer-sign -Wpointer-to-int-cast -Wredundant-decls -Wstrict-prototypes -Wswitch -Wunused-but-set-variable -Wunused-variable -Wunused-function -Wunused-parameter -finline-functions -Wno-aggregate-return -Wno-inline -Wno-missing-format-attribute -Wno-missing-noreturn -Wno-overlength-strings -Wlarger-than=2560 -Wlogical-op -Wframe-larger-than=16384 -Wpacked-bitfield-compat -Wsync-nand -Wno-unsuffixed-float-constants -Wdouble-promotion -Wtrampolines -Wstack-usage=8192 -Wmaybe-uninitialized -Wno-jump-misses-init -Wstrict-overflow=2 -Wno-suggest-attribute=const -Wno-suggest-attribute=noreturn -Wno-suggest-attribute=pure -Wno-suggest-attribute=format -Wdate-time -Warray-bounds=2 -Wc99-c11-compat -Wincompatible-pointer-types -Wint-conversion -Wduplicated-cond -Whsa -Wnormalized -Wnull-dereference -Wunused-const-variable -Walloca -Walloc-zero -Wduplicated-branches -Wformat-overflow=2 -Wformat-truncation=1 -Wrestrict -Wattribute-alias -Wshift-overflow=2 -Wcast-function-type -Wcast-align=strict -Wno-suggest-attribute=cold -Wno-suggest-attribute=malloc -Wattribute-alias=2 -Wmissing-profile -Wc11-c2x-compat -MD -MT src/CMakeFiles/hdf5-static.dir/H5VLnative_file.c.o -MF src/CMakeFiles/hdf5-static.dir/H5VLnative_file.c.o.d -o src/CMakeFiles/hdf5-static.dir/H5VLnative_file.c.o -c /home/byrn/HDF_Projects/hdf5/dev/src/H5VLnative_file.c
[352/4114] /usr/bin/cc -D_FILE_OFFSET_BITS=64 -D_GNU_SOURCE -D_LARGEFILE_SOURCE -D_POSIX_C_SOURCE=200809L -I/home/byrn/HDF_Projects/hdf5/dev/src -I/home/byrn/HDF_Projects/hdf5/dev/src/H5FDsubfiling -I/home/byrn/HDF_Projects/hdf5/build/ci-StdShar-GNUC/src -I/home/byrn/HDF_Projects/hdf5/build/ci-StdShar-GNUC/_deps/hdf5_zlib-build -I/home/byrn/HDF_Projects/hdf5/build/ci-StdShar-GNUC/_deps/hdf5_zlib-src -I/home/byrn/HDF_Projects/hdf5/build/ci-StdShar-GNUC/_deps/szip-build -I/home/byrn/HDF_Projects/hdf5/build/ci-StdShar-GNUC/_deps/szip-src/include -I/home/byrn/HDF_Projects/hdf5/build/ci-StdShar-GNUC/_deps/szip-src -std=c99  -fstdarg-opt -fdiagnostics-urls=never -fno-diagnostics-color -fmessage-length=0 -O2 -g -DNDEBUG -std=gnu99 -fPIC -Wall -Wcast-qual -Wconversion -Wextra -Wfloat-equal -Wformat=2 -Winit-self -Winvalid-pch -Wmissing-include-dirs -Wshadow -Wundef -Wwrite-strings -pedantic -Wno-c++-compat -Wbad-function-cast -Wcast-align -Wformat -Wimplicit-function-declaration -Wint-to-pointer-cast -Wmissing-declarations -Wmissing-prototypes -Wnested-externs -Wold-style-definition -Wpacked -Wpointer-sign -Wpointer-to-int-cast -Wredundant-decls -Wstrict-prototypes -Wswitch -Wunused-but-set-variable -Wunused-variable -Wunused-function -Wunused-parameter -finline-functions -Wno-aggregate-return -Wno-inline -Wno-missing-format-attribute -Wno-missing-noreturn -Wno-overlength-strings -Wlarger-than=2560 -Wlogical-op -Wframe-larger-than=16384 -Wpacked-bitfield-compat -Wsync-nand -Wno-unsuffixed-float-constants -Wdouble-promotion -Wtrampolines -Wstack-usage=8192 -Wmaybe-uninitialized -Wno-jump-misses-init -Wstrict-overflow=2 -Wno-suggest-attribute=const -Wno-suggest-attribute=noreturn -Wno-suggest-attribute=pure -Wno-suggest-attribute=format -Wdate-time -Warray-bounds=2 -Wc99-c11-compat -Wincompatible-pointer-types -Wint-conversion -Wduplicated-cond -Whsa -Wnormalized -Wnull-dereference -Wunused-const-variable -Walloca -Walloc-zero -Wduplicated-branches -Wformat-overflow=2 -Wformat-truncation=1 -Wrestrict -Wattribute-alias -Wshift-overflow=2 -Wcast-function-type -Wcast-align=strict -Wno-suggest-attribute=cold -Wno-suggest-attribute=malloc -Wattribute-alias=2 -Wmissing-profile -Wc11-c2x-compat -MD -MT src/CMakeFiles/hdf5-static.dir/H5VLnative_link.c.o -MF src/CMakeFiles/hdf5-static.dir/H5VLnative_link.c.o.d -o src/CMakeFiles/hdf5-static.dir/H5VLnative_link.c.o -c /home/byrn/HDF_Projects/hdf5/dev/src/H5VLnative_link.c
[353/4114] /usr/bin/cc -D_FILE_OFFSET_BITS=64 -D_GNU_SOURCE -D_LARGEFILE_SOURCE -D_POSIX_C_SOURCE=200809L -I/home/byrn/HDF_Projects/hdf5/dev/src -I/home/byrn/HDF_Projects/hdf5/dev/src/H5FDsubfiling -I/home/byrn/HDF_Projects/hdf5/build/ci-StdShar-GNUC/src -I/home/byrn/HDF_Projects/hdf5/build/ci-StdShar-GNUC/_deps/hdf5_zlib-build -I/home/byrn/HDF_Projects/hdf5/build/ci-StdShar-GNUC/_deps/hdf5_zlib-src -I/home/byrn/HDF_Projects/hdf5/build/ci-StdShar-GNUC/_deps/szip-build -I/home/byrn/HDF_Projects/hdf5/build/ci-StdShar-GNUC/_deps/szip-src/include -I/home/byrn/HDF_Projects/hdf5/build/ci-StdShar-GNUC/_deps/szip-src -std=c99  -fstdarg-opt -fdiagnostics-urls=never -fno-diagnostics-color -fmessage-length=0 -O2 -g -DNDEBUG -std=gnu99 -fPIC -Wall -Wcast-qual -Wconversion -Wextra -Wfloat-equal -Wformat=2 -Winit-self -Winvalid-pch -Wmissing-include-dirs -Wshadow -Wundef -Wwrite-strings -pedantic -Wno-c++-compat -Wbad-function-cast -Wcast-align -Wformat -Wimplicit-function-declaration -Wint-to-pointer-cast -Wmissing-declarations -Wmissing-prototypes -Wnested-externs -Wold-style-definition -Wpacked -Wpointer-sign -Wpointer-to-int-cast -Wredundant-decls -Wstrict-prototypes -Wswitch -Wunused-but-set-variable -Wunused-variable -Wunused-function -Wunused-parameter -finline-functions -Wno-aggregate-return -Wno-inline -Wno-missing-format-attribute -Wno-missing-noreturn -Wno-overlength-strings -Wlarger-than=2560 -Wlogical-op -Wframe-larger-than=16384 -Wpacked-bitfield-compat -Wsync-nand -Wno-unsuffixed-float-constants -Wdouble-promotion -Wtrampolines -Wstack-usage=8192 -Wmaybe-uninitialized -Wno-jump-misses-init -Wstrict-overflow=2 -Wno-suggest-attribute=const -Wno-suggest-attribute=noreturn -Wno-suggest-attribute=pure -Wno-suggest-attribute=format -Wdate-time -Warray-bounds=2 -Wc99-c11-compat -Wincompatible-pointer-types -Wint-conversion -Wduplicated-cond -Whsa -Wnormalized -Wnull-dereference -Wunused-const-variable -Walloca -Walloc-zero -Wduplicated-branches -Wformat-overflow=2 -Wformat-truncation=1 -Wrestrict -Wattribute-alias -Wshift-overflow=2 -Wcast-function-type -Wcast-align=strict -Wno-suggest-attribute=cold -Wno-suggest-attribute=malloc -Wattribute-alias=2 -Wmissing-profile -Wc11-c2x-compat -MD -MT src/CMakeFiles/hdf5-static.dir/H5VLnative_introspect.c.o -MF src/CMakeFiles/hdf5-static.dir/H5VLnative_introspect.c.o.d -o src/CMakeFiles/hdf5-static.dir/H5VLnative_introspect.c.o -c /home/byrn/HDF_Projects/hdf5/dev/src/H5VLnative_introspect.c
[354/4114] /usr/bin/cc -D_FILE_OFFSET_BITS=64 -D_GNU_SOURCE -D_LARGEFILE_SOURCE -D_POSIX_C_SOURCE=200809L -I/home/byrn/HDF_Projects/hdf5/dev/src -I/home/byrn/HDF_Projects/hdf5/dev/src/H5FDsubfiling -I/home/byrn/HDF_Projects/hdf5/build/ci-StdShar-GNUC/src -I/home/byrn/HDF_Projects/hdf5/build/ci-StdShar-GNUC/_deps/hdf5_zlib-build -I/home/byrn/HDF_Projects/hdf5/build/ci-StdShar-GNUC/_deps/hdf5_zlib-src -I/home/byrn/HDF_Projects/hdf5/build/ci-StdShar-GNUC/_deps/szip-build -I/home/byrn/HDF_Projects/hdf5/build/ci-StdShar-GNUC/_deps/szip-src/include -I/home/byrn/HDF_Projects/hdf5/build/ci-StdShar-GNUC/_deps/szip-src -std=c99  -fstdarg-opt -fdiagnostics-urls=never -fno-diagnostics-color -fmessage-length=0 -O2 -g -DNDEBUG -std=gnu99 -fPIC -Wall -Wcast-qual -Wconversion -Wextra -Wfloat-equal -Wformat=2 -Winit-self -Winvalid-pch -Wmissing-include-dirs -Wshadow -Wundef -Wwrite-strings -pedantic -Wno-c++-compat -Wbad-function-cast -Wcast-align -Wformat -Wimplicit-function-declaration -Wint-to-pointer-cast -Wmissing-declarations -Wmissing-prototypes -Wnested-externs -Wold-style-definition -Wpacked -Wpointer-sign -Wpointer-to-int-cast -Wredundant-decls -Wstrict-prototypes -Wswitch -Wunused-but-set-variable -Wunused-variable -Wunused-function -Wunused-parameter -finline-functions -Wno-aggregate-return -Wno-inline -Wno-missing-format-attribute -Wno-missing-noreturn -Wno-overlength-strings -Wlarger-than=2560 -Wlogical-op -Wframe-larger-than=16384 -Wpacked-bitfield-compat -Wsync-nand -Wno-unsuffixed-float-constants -Wdouble-promotion -Wtrampolines -Wstack-usage=8192 -Wmaybe-uninitialized -Wno-jump-misses-init -Wstrict-overflow=2 -Wno-suggest-attribute=const -Wno-suggest-attribute=noreturn -Wno-suggest-attribute=pure -Wno-suggest-attribute=format -Wdate-time -Warray-bounds=2 -Wc99-c11-compat -Wincompatible-pointer-types -Wint-conversion -Wduplicated-cond -Whsa -Wnormalized -Wnull-dereference -Wunused-const-variable -Walloca -Walloc-zero -Wduplicated-branches -Wformat-overflow=2 -Wformat-truncation=1 -Wrestrict -Wattribute-alias -Wshift-overflow=2 -Wcast-function-type -Wcast-align=strict -Wno-suggest-attribute=cold -Wno-suggest-attribute=malloc -Wattribute-alias=2 -Wmissing-profile -Wc11-c2x-compat -MD -MT src/CMakeFiles/hdf5-static.dir/H5VLint.c.o -MF src/CMakeFiles/hdf5-static.dir/H5VLint.c.o.d -o src/CMakeFiles/hdf5-static.dir/H5VLint.c.o -c /home/byrn/HDF_Projects/hdf5/dev/src/H5VLint.c
[355/4114] /usr/bin/cc -D_FILE_OFFSET_BITS=64 -D_GNU_SOURCE -D_LARGEFILE_SOURCE -D_POSIX_C_SOURCE=200809L -I/home/byrn/HDF_Projects/hdf5/dev/src -I/home/byrn/HDF_Projects/hdf5/dev/src/H5FDsubfiling -I/home/byrn/HDF_Projects/hdf5/build/ci-StdShar-GNUC/src -I/home/byrn/HDF_Projects/hdf5/build/ci-StdShar-GNUC/_deps/hdf5_zlib-build -I/home/byrn/HDF_Projects/hdf5/build/ci-StdShar-GNUC/_deps/hdf5_zlib-src -I/home/byrn/HDF_Projects/hdf5/build/ci-StdShar-GNUC/_deps/szip-build -I/home/byrn/HDF_Projects/hdf5/build/ci-StdShar-GNUC/_deps/szip-src/include -I/home/byrn/HDF_Projects/hdf5/build/ci-StdShar-GNUC/_deps/szip-src -std=c99  -fstdarg-opt -fdiagnostics-urls=never -fno-diagnostics-color -fmessage-length=0 -O2 -g -DNDEBUG -std=gnu99 -fPIC -Wall -Wcast-qual -Wconversion -Wextra -Wfloat-equal -Wformat=2 -Winit-self -Winvalid-pch -Wmissing-include-dirs -Wshadow -Wundef -Wwrite-strings -pedantic -Wno-c++-compat -Wbad-function-cast -Wcast-align -Wformat -Wimplicit-function-declaration -Wint-to-pointer-cast -Wmissing-declarations -Wmissing-prototypes -Wnested-externs -Wold-style-definition -Wpacked -Wpointer-sign -Wpointer-to-int-cast -Wredundant-decls -Wstrict-prototypes -Wswitch -Wunused-but-set-variable -Wunused-variable -Wunused-function -Wunused-parameter -finline-functions -Wno-aggregate-return -Wno-inline -Wno-missing-format-attribute -Wno-missing-noreturn -Wno-overlength-strings -Wlarger-than=2560 -Wlogical-op -Wframe-larger-than=16384 -Wpacked-bitfield-compat -Wsync-nand -Wno-unsuffixed-float-constants -Wdouble-promotion -Wtrampolines -Wstack-usage=8192 -Wmaybe-uninitialized -Wno-jump-misses-init -Wstrict-overflow=2 -Wno-suggest-attribute=const -Wno-suggest-attribute=noreturn -Wno-suggest-attribute=pure -Wno-suggest-attribute=format -Wdate-time -Warray-bounds=2 -Wc99-c11-compat -Wincompatible-pointer-types -Wint-conversion -Wduplicated-cond -Whsa -Wnormalized -Wnull-dereference -Wunused-const-variable -Walloca -Walloc-zero -Wduplicated-branches -Wformat-overflow=2 -Wformat-truncation=1 -Wrestrict -Wattribute-alias -Wshift-overflow=2 -Wcast-function-type -Wcast-align=strict -Wno-suggest-attribute=cold -Wno-suggest-attribute=malloc -Wattribute-alias=2 -Wmissing-profile -Wc11-c2x-compat -MD -MT src/CMakeFiles/hdf5-static.dir/H5VLnative_token.c.o -MF src/CMakeFiles/hdf5-static.dir/H5VLnative_token.c.o.d -o src/CMakeFiles/hdf5-static.dir/H5VLnative_token.c.o -c /home/byrn/HDF_Projects/hdf5/dev/src/H5VLnative_token.c
[356/4114] /usr/bin/cc -D_FILE_OFFSET_BITS=64 -D_GNU_SOURCE -D_LARGEFILE_SOURCE -D_POSIX_C_SOURCE=200809L -I/home/byrn/HDF_Projects/hdf5/dev/src -I/home/byrn/HDF_Projects/hdf5/dev/src/H5FDsubfiling -I/home/byrn/HDF_Projects/hdf5/build/ci-StdShar-GNUC/src -I/home/byrn/HDF_Projects/hdf5/build/ci-StdShar-GNUC/_deps/hdf5_zlib-build -I/home/byrn/HDF_Projects/hdf5/build/ci-StdShar-GNUC/_deps/hdf5_zlib-src -I/home/byrn/HDF_Projects/hdf5/build/ci-StdShar-GNUC/_deps/szip-build -I/home/byrn/HDF_Projects/hdf5/build/ci-StdShar-GNUC/_deps/szip-src/include -I/home/byrn/HDF_Projects/hdf5/build/ci-StdShar-GNUC/_deps/szip-src -std=c99  -fstdarg-opt -fdiagnostics-urls=never -fno-diagnostics-color -fmessage-length=0 -O2 -g -DNDEBUG -std=gnu99 -fPIC -Wall -Wcast-qual -Wconversion -Wextra -Wfloat-equal -Wformat=2 -Winit-self -Winvalid-pch -Wmissing-include-dirs -Wshadow -Wundef -Wwrite-strings -pedantic -Wno-c++-compat -Wbad-function-cast -Wcast-align -Wformat -Wimplicit-function-declaration -Wint-to-pointer-cast -Wmissing-declarations -Wmissing-prototypes -Wnested-externs -Wold-style-definition -Wpacked -Wpointer-sign -Wpointer-to-int-cast -Wredundant-decls -Wstrict-prototypes -Wswitch -Wunused-but-set-variable -Wunused-variable -Wunused-function -Wunused-parameter -finline-functions -Wno-aggregate-return -Wno-inline -Wno-missing-format-attribute -Wno-missing-noreturn -Wno-overlength-strings -Wlarger-than=2560 -Wlogical-op -Wframe-larger-than=16384 -Wpacked-bitfield-compat -Wsync-nand -Wno-unsuffixed-float-constants -Wdouble-promotion -Wtrampolines -Wstack-usage=8192 -Wmaybe-uninitialized -Wno-jump-misses-init -Wstrict-overflow=2 -Wno-suggest-attribute=const -Wno-suggest-attribute=noreturn -Wno-suggest-attribute=pure -Wno-suggest-attribute=format -Wdate-time -Warray-bounds=2 -Wc99-c11-compat -Wincompatible-pointer-types -Wint-conversion -Wduplicated-cond -Whsa -Wnormalized -Wnull-dereference -Wunused-const-variable -Walloca -Walloc-zero -Wduplicated-branches -Wformat-overflow=2 -Wformat-truncation=1 -Wrestrict -Wattribute-alias -Wshift-overflow=2 -Wcast-function-type -Wcast-align=strict -Wno-suggest-attribute=cold -Wno-suggest-attribute=malloc -Wattribute-alias=2 -Wmissing-profile -Wc11-c2x-compat -MD -MT src/CMakeFiles/hdf5-static.dir/H5VLtest.c.o -MF src/CMakeFiles/hdf5-static.dir/H5VLtest.c.o.d -o src/CMakeFiles/hdf5-static.dir/H5VLtest.c.o -c /home/byrn/HDF_Projects/hdf5/dev/src/H5VLtest.c
[357/4114] /usr/bin/cc -D_FILE_OFFSET_BITS=64 -D_GNU_SOURCE -D_LARGEFILE_SOURCE -D_POSIX_C_SOURCE=200809L -I/home/byrn/HDF_Projects/hdf5/dev/src -I/home/byrn/HDF_Projects/hdf5/dev/src/H5FDsubfiling -I/home/byrn/HDF_Projects/hdf5/build/ci-StdShar-GNUC/src -I/home/byrn/HDF_Projects/hdf5/build/ci-StdShar-GNUC/_deps/hdf5_zlib-build -I/home/byrn/HDF_Projects/hdf5/build/ci-StdShar-GNUC/_deps/hdf5_zlib-src -I/home/byrn/HDF_Projects/hdf5/build/ci-StdShar-GNUC/_deps/szip-build -I/home/byrn/HDF_Projects/hdf5/build/ci-StdShar-GNUC/_deps/szip-src/include -I/home/byrn/HDF_Projects/hdf5/build/ci-StdShar-GNUC/_deps/szip-src -std=c99  -fstdarg-opt -fdiagnostics-urls=never -fno-diagnostics-color -fmessage-length=0 -O2 -g -DNDEBUG -std=gnu99 -fPIC -Wall -Wcast-qual -Wconversion -Wextra -Wfloat-equal -Wformat=2 -Winit-self -Winvalid-pch -Wmissing-include-dirs -Wshadow -Wundef -Wwrite-strings -pedantic -Wno-c++-compat -Wbad-function-cast -Wcast-align -Wformat -Wimplicit-function-declaration -Wint-to-pointer-cast -Wmissing-declarations -Wmissing-prototypes -Wnested-externs -Wold-style-definition -Wpacked -Wpointer-sign -Wpointer-to-int-cast -Wredundant-decls -Wstrict-prototypes -Wswitch -Wunused-but-set-variable -Wunused-variable -Wunused-function -Wunused-parameter -finline-functions -Wno-aggregate-return -Wno-inline -Wno-missing-format-attribute -Wno-missing-noreturn -Wno-overlength-strings -Wlarger-than=2560 -Wlogical-op -Wframe-larger-than=16384 -Wpacked-bitfield-compat -Wsync-nand -Wno-unsuffixed-float-constants -Wdouble-promotion -Wtrampolines -Wstack-usage=8192 -Wmaybe-uninitialized -Wno-jump-misses-init -Wstrict-overflow=2 -Wno-suggest-attribute=const -Wno-suggest-attribute=noreturn -Wno-suggest-attribute=pure -Wno-suggest-attribute=format -Wdate-time -Warray-bounds=2 -Wc99-c11-compat -Wincompatible-pointer-types -Wint-conversion -Wduplicated-cond -Whsa -Wnormalized -Wnull-dereference -Wunused-const-variable -Walloca -Walloc-zero -Wduplicated-branches -Wformat-overflow=2 -Wformat-truncation=1 -Wrestrict -Wattribute-alias -Wshift-overflow=2 -Wcast-function-type -Wcast-align=strict -Wno-suggest-attribute=cold -Wno-suggest-attribute=malloc -Wattribute-alias=2 -Wmissing-profile -Wc11-c2x-compat -MD -MT src/CMakeFiles/hdf5-static.dir/H5VLnative_object.c.o -MF src/CMakeFiles/hdf5-static.dir/H5VLnative_object.c.o.d -o src/CMakeFiles/hdf5-static.dir/H5VLnative_object.c.o -c /home/byrn/HDF_Projects/hdf5/dev/src/H5VLnative_object.c
[358/4114] /usr/bin/cc -D_FILE_OFFSET_BITS=64 -D_GNU_SOURCE -D_LARGEFILE_SOURCE -D_POSIX_C_SOURCE=200809L -I/home/byrn/HDF_Projects/hdf5/dev/src -I/home/byrn/HDF_Projects/hdf5/dev/src/H5FDsubfiling -I/home/byrn/HDF_Projects/hdf5/build/ci-StdShar-GNUC/src -I/home/byrn/HDF_Projects/hdf5/build/ci-StdShar-GNUC/_deps/hdf5_zlib-build -I/home/byrn/HDF_Projects/hdf5/build/ci-StdShar-GNUC/_deps/hdf5_zlib-src -I/home/byrn/HDF_Projects/hdf5/build/ci-StdShar-GNUC/_deps/szip-build -I/home/byrn/HDF_Projects/hdf5/build/ci-StdShar-GNUC/_deps/szip-src/include -I/home/byrn/HDF_Projects/hdf5/build/ci-StdShar-GNUC/_deps/szip-src -std=c99  -fstdarg-opt -fdiagnostics-urls=never -fno-diagnostics-color -fmessage-length=0 -O2 -g -DNDEBUG -std=gnu99 -fPIC -Wall -Wcast-qual -Wconversion -Wextra -Wfloat-equal -Wformat=2 -Winit-self -Winvalid-pch -Wmissing-include-dirs -Wshadow -Wundef -Wwrite-strings -pedantic -Wno-c++-compat -Wbad-function-cast -Wcast-align -Wformat -Wimplicit-function-declaration -Wint-to-pointer-cast -Wmissing-declarations -Wmissing-prototypes -Wnested-externs -Wold-style-definition -Wpacked -Wpointer-sign -Wpointer-to-int-cast -Wredundant-decls -Wstrict-prototypes -Wswitch -Wunused-but-set-variable -Wunused-variable -Wunused-function -Wunused-parameter -finline-functions -Wno-aggregate-return -Wno-inline -Wno-missing-format-attribute -Wno-missing-noreturn -Wno-overlength-strings -Wlarger-than=2560 -Wlogical-op -Wframe-larger-than=16384 -Wpacked-bitfield-compat -Wsync-nand -Wno-unsuffixed-float-constants -Wdouble-promotion -Wtrampolines -Wstack-usage=8192 -Wmaybe-uninitialized -Wno-jump-misses-init -Wstrict-overflow=2 -Wno-suggest-attribute=const -Wno-suggest-attribute=noreturn -Wno-suggest-attribute=pure -Wno-suggest-attribute=format -Wdate-time -Warray-bounds=2 -Wc99-c11-compat -Wincompatible-pointer-types -Wint-conversion -Wduplicated-cond -Whsa -Wnormalized -Wnull-dereference -Wunused-const-variable -Walloca -Walloc-zero -Wduplicated-branches -Wformat-overflow=2 -Wformat-truncation=1 -Wrestrict -Wattribute-alias -Wshift-overflow=2 -Wcast-function-type -Wcast-align=strict -Wno-suggest-attribute=cold -Wno-suggest-attribute=malloc -Wattribute-alias=2 -Wmissing-profile -Wc11-c2x-compat -MD -MT src/CMakeFiles/hdf5-static.dir/H5WB.c.o -MF src/CMakeFiles/hdf5-static.dir/H5WB.c.o.d -o src/CMakeFiles/hdf5-static.dir/H5WB.c.o -c /home/byrn/HDF_Projects/hdf5/dev/src/H5WB.c
[359/4114] /usr/bin/cc -D_FILE_OFFSET_BITS=64 -D_GNU_SOURCE -D_LARGEFILE_SOURCE -D_POSIX_C_SOURCE=200809L -I/home/byrn/HDF_Projects/hdf5/dev/src -I/home/byrn/HDF_Projects/hdf5/dev/src/H5FDsubfiling -I/home/byrn/HDF_Projects/hdf5/build/ci-StdShar-GNUC/src -I/home/byrn/HDF_Projects/hdf5/build/ci-StdShar-GNUC/_deps/hdf5_zlib-build -I/home/byrn/HDF_Projects/hdf5/build/ci-StdShar-GNUC/_deps/hdf5_zlib-src -I/home/byrn/HDF_Projects/hdf5/build/ci-StdShar-GNUC/_deps/szip-build -I/home/byrn/HDF_Projects/hdf5/build/ci-StdShar-GNUC/_deps/szip-src/include -I/home/byrn/HDF_Projects/hdf5/build/ci-StdShar-GNUC/_deps/szip-src -std=c99  -fstdarg-opt -fdiagnostics-urls=never -fno-diagnostics-color -fmessage-length=0 -O2 -g -DNDEBUG -std=gnu99 -fPIC -Wall -Wcast-qual -Wconversion -Wextra -Wfloat-equal -Wformat=2 -Winit-self -Winvalid-pch -Wmissing-include-dirs -Wshadow -Wundef -Wwrite-strings -pedantic -Wno-c++-compat -Wbad-function-cast -Wcast-align -Wformat -Wimplicit-function-declaration -Wint-to-pointer-cast -Wmissing-declarations -Wmissing-prototypes -Wnested-externs -Wold-style-definition -Wpacked -Wpointer-sign -Wpointer-to-int-cast -Wredundant-decls -Wstrict-prototypes -Wswitch -Wunused-but-set-variable -Wunused-variable -Wunused-function -Wunused-parameter -finline-functions -Wno-aggregate-return -Wno-inline -Wno-missing-format-attribute -Wno-missing-noreturn -Wno-overlength-strings -Wlarger-than=2560 -Wlogical-op -Wframe-larger-than=16384 -Wpacked-bitfield-compat -Wsync-nand -Wno-unsuffixed-float-constants -Wdouble-promotion -Wtrampolines -Wstack-usage=8192 -Wmaybe-uninitialized -Wno-jump-misses-init -Wstrict-overflow=2 -Wno-suggest-attribute=const -Wno-suggest-attribute=noreturn -Wno-suggest-attribute=pure -Wno-suggest-attribute=format -Wdate-time -Warray-bounds=2 -Wc99-c11-compat -Wincompatible-pointer-types -Wint-conversion -Wduplicated-cond -Whsa -Wnormalized -Wnull-dereference -Wunused-const-variable -Walloca -Walloc-zero -Wduplicated-branches -Wformat-overflow=2 -Wformat-truncation=1 -Wrestrict -Wattribute-alias -Wshift-overflow=2 -Wcast-function-type -Wcast-align=strict -Wno-suggest-attribute=cold -Wno-suggest-attribute=malloc -Wattribute-alias=2 -Wmissing-profile -Wc11-c2x-compat -MD -MT src/CMakeFiles/hdf5-static.dir/H5Zdeflate.c.o -MF src/CMakeFiles/hdf5-static.dir/H5Zdeflate.c.o.d -o src/CMakeFiles/hdf5-static.dir/H5Zdeflate.c.o -c /home/byrn/HDF_Projects/hdf5/dev/src/H5Zdeflate.c
[360/4114] /usr/bin/cc -D_FILE_OFFSET_BITS=64 -D_GNU_SOURCE -D_LARGEFILE_SOURCE -D_POSIX_C_SOURCE=200809L -I/home/byrn/HDF_Projects/hdf5/dev/src -I/home/byrn/HDF_Projects/hdf5/dev/src/H5FDsubfiling -I/home/byrn/HDF_Projects/hdf5/build/ci-StdShar-GNUC/src -I/home/byrn/HDF_Projects/hdf5/build/ci-StdShar-GNUC/_deps/hdf5_zlib-build -I/home/byrn/HDF_Projects/hdf5/build/ci-StdShar-GNUC/_deps/hdf5_zlib-src -I/home/byrn/HDF_Projects/hdf5/build/ci-StdShar-GNUC/_deps/szip-build -I/home/byrn/HDF_Projects/hdf5/build/ci-StdShar-GNUC/_deps/szip-src/include -I/home/byrn/HDF_Projects/hdf5/build/ci-StdShar-GNUC/_deps/szip-src -std=c99  -fstdarg-opt -fdiagnostics-urls=never -fno-diagnostics-color -fmessage-length=0 -O2 -g -DNDEBUG -std=gnu99 -fPIC -Wall -Wcast-qual -Wconversion -Wextra -Wfloat-equal -Wformat=2 -Winit-self -Winvalid-pch -Wmissing-include-dirs -Wshadow -Wundef -Wwrite-strings -pedantic -Wno-c++-compat -Wbad-function-cast -Wcast-align -Wformat -Wimplicit-function-declaration -Wint-to-pointer-cast -Wmissing-declarations -Wmissing-prototypes -Wnested-externs -Wold-style-definition -Wpacked -Wpointer-sign -Wpointer-to-int-cast -Wredundant-decls -Wstrict-prototypes -Wswitch -Wunused-but-set-variable -Wunused-variable -Wunused-function -Wunused-parameter -finline-functions -Wno-aggregate-return -Wno-inline -Wno-missing-format-attribute -Wno-missing-noreturn -Wno-overlength-strings -Wlarger-than=2560 -Wlogical-op -Wframe-larger-than=16384 -Wpacked-bitfield-compat -Wsync-nand -Wno-unsuffixed-float-constants -Wdouble-promotion -Wtrampolines -Wstack-usage=8192 -Wmaybe-uninitialized -Wno-jump-misses-init -Wstrict-overflow=2 -Wno-suggest-attribute=const -Wno-suggest-attribute=noreturn -Wno-suggest-attribute=pure -Wno-suggest-attribute=format -Wdate-time -Warray-bounds=2 -Wc99-c11-compat -Wincompatible-pointer-types -Wint-conversion -Wduplicated-cond -Whsa -Wnormalized -Wnull-dereference -Wunused-const-variable -Walloca -Walloc-zero -Wduplicated-branches -Wformat-overflow=2 -Wformat-truncation=1 -Wrestrict -Wattribute-alias -Wshift-overflow=2 -Wcast-function-type -Wcast-align=strict -Wno-suggest-attribute=cold -Wno-suggest-attribute=malloc -Wattribute-alias=2 -Wmissing-profile -Wc11-c2x-compat -MD -MT src/CMakeFiles/hdf5-static.dir/H5Zfletcher32.c.o -MF src/CMakeFiles/hdf5-static.dir/H5Zfletcher32.c.o.d -o src/CMakeFiles/hdf5-static.dir/H5Zfletcher32.c.o -c /home/byrn/HDF_Projects/hdf5/dev/src/H5Zfletcher32.c
[361/4114] /usr/bin/cc -D_FILE_OFFSET_BITS=64 -D_GNU_SOURCE -D_LARGEFILE_SOURCE -D_POSIX_C_SOURCE=200809L -I/home/byrn/HDF_Projects/hdf5/dev/src -I/home/byrn/HDF_Projects/hdf5/dev/src/H5FDsubfiling -I/home/byrn/HDF_Projects/hdf5/build/ci-StdShar-GNUC/src -I/home/byrn/HDF_Projects/hdf5/build/ci-StdShar-GNUC/_deps/hdf5_zlib-build -I/home/byrn/HDF_Projects/hdf5/build/ci-StdShar-GNUC/_deps/hdf5_zlib-src -I/home/byrn/HDF_Projects/hdf5/build/ci-StdShar-GNUC/_deps/szip-build -I/home/byrn/HDF_Projects/hdf5/build/ci-StdShar-GNUC/_deps/szip-src/include -I/home/byrn/HDF_Projects/hdf5/build/ci-StdShar-GNUC/_deps/szip-src -std=c99  -fstdarg-opt -fdiagnostics-urls=never -fno-diagnostics-color -fmessage-length=0 -O2 -g -DNDEBUG -std=gnu99 -fPIC -Wall -Wcast-qual -Wconversion -Wextra -Wfloat-equal -Wformat=2 -Winit-self -Winvalid-pch -Wmissing-include-dirs -Wshadow -Wundef -Wwrite-strings -pedantic -Wno-c++-compat -Wbad-function-cast -Wcast-align -Wformat -Wimplicit-function-declaration -Wint-to-pointer-cast -Wmissing-declarations -Wmissing-prototypes -Wnested-externs -Wold-style-definition -Wpacked -Wpointer-sign -Wpointer-to-int-cast -Wredundant-decls -Wstrict-prototypes -Wswitch -Wunused-but-set-variable -Wunused-variable -Wunused-function -Wunused-parameter -finline-functions -Wno-aggregate-return -Wno-inline -Wno-missing-format-attribute -Wno-missing-noreturn -Wno-overlength-strings -Wlarger-than=2560 -Wlogical-op -Wframe-larger-than=16384 -Wpacked-bitfield-compat -Wsync-nand -Wno-unsuffixed-float-constants -Wdouble-promotion -Wtrampolines -Wstack-usage=8192 -Wmaybe-uninitialized -Wno-jump-misses-init -Wstrict-overflow=2 -Wno-suggest-attribute=const -Wno-suggest-attribute=noreturn -Wno-suggest-attribute=pure -Wno-suggest-attribute=format -Wdate-time -Warray-bounds=2 -Wc99-c11-compat -Wincompatible-pointer-types -Wint-conversion -Wduplicated-cond -Whsa -Wnormalized -Wnull-dereference -Wunused-const-variable -Walloca -Walloc-zero -Wduplicated-branches -Wformat-overflow=2 -Wformat-truncation=1 -Wrestrict -Wattribute-alias -Wshift-overflow=2 -Wcast-function-type -Wcast-align=strict -Wno-suggest-attribute=cold -Wno-suggest-attribute=malloc -Wattribute-alias=2 -Wmissing-profile -Wc11-c2x-compat -MD -MT src/CMakeFiles/hdf5-static.dir/H5VLpassthru.c.o -MF src/CMakeFiles/hdf5-static.dir/H5VLpassthru.c.o.d -o src/CMakeFiles/hdf5-static.dir/H5VLpassthru.c.o -c /home/byrn/HDF_Projects/hdf5/dev/src/H5VLpassthru.c
[362/4114] /usr/bin/cc -D_FILE_OFFSET_BITS=64 -D_GNU_SOURCE -D_LARGEFILE_SOURCE -D_POSIX_C_SOURCE=200809L -I/home/byrn/HDF_Projects/hdf5/dev/src -I/home/byrn/HDF_Projects/hdf5/dev/src/H5FDsubfiling -I/home/byrn/HDF_Projects/hdf5/build/ci-StdShar-GNUC/src -I/home/byrn/HDF_Projects/hdf5/build/ci-StdShar-GNUC/_deps/hdf5_zlib-build -I/home/byrn/HDF_Projects/hdf5/build/ci-StdShar-GNUC/_deps/hdf5_zlib-src -I/home/byrn/HDF_Projects/hdf5/build/ci-StdShar-GNUC/_deps/szip-build -I/home/byrn/HDF_Projects/hdf5/build/ci-StdShar-GNUC/_deps/szip-src/include -I/home/byrn/HDF_Projects/hdf5/build/ci-StdShar-GNUC/_deps/szip-src -std=c99  -fstdarg-opt -fdiagnostics-urls=never -fno-diagnostics-color -fmessage-length=0 -O2 -g -DNDEBUG -std=gnu99 -fPIC -Wall -Wcast-qual -Wconversion -Wextra -Wfloat-equal -Wformat=2 -Winit-self -Winvalid-pch -Wmissing-include-dirs -Wshadow -Wundef -Wwrite-strings -pedantic -Wno-c++-compat -Wbad-function-cast -Wcast-align -Wformat -Wimplicit-function-declaration -Wint-to-pointer-cast -Wmissing-declarations -Wmissing-prototypes -Wnested-externs -Wold-style-definition -Wpacked -Wpointer-sign -Wpointer-to-int-cast -Wredundant-decls -Wstrict-prototypes -Wswitch -Wunused-but-set-variable -Wunused-variable -Wunused-function -Wunused-parameter -finline-functions -Wno-aggregate-return -Wno-inline -Wno-missing-format-attribute -Wno-missing-noreturn -Wno-overlength-strings -Wlarger-than=2560 -Wlogical-op -Wframe-larger-than=16384 -Wpacked-bitfield-compat -Wsync-nand -Wno-unsuffixed-float-constants -Wdouble-promotion -Wtrampolines -Wstack-usage=8192 -Wmaybe-uninitialized -Wno-jump-misses-init -Wstrict-overflow=2 -Wno-suggest-attribute=const -Wno-suggest-attribute=noreturn -Wno-suggest-attribute=pure -Wno-suggest-attribute=format -Wdate-time -Warray-bounds=2 -Wc99-c11-compat -Wincompatible-pointer-types -Wint-conversion -Wduplicated-cond -Whsa -Wnormalized -Wnull-dereference -Wunused-const-variable -Walloca -Walloc-zero -Wduplicated-branches -Wformat-overflow=2 -Wformat-truncation=1 -Wrestrict -Wattribute-alias -Wshift-overflow=2 -Wcast-function-type -Wcast-align=strict -Wno-suggest-attribute=cold -Wno-suggest-attribute=malloc -Wattribute-alias=2 -Wmissing-profile -Wc11-c2x-compat -MD -MT src/CMakeFiles/hdf5-static.dir/H5VM.c.o -MF src/CMakeFiles/hdf5-static.dir/H5VM.c.o.d -o src/CMakeFiles/hdf5-static.dir/H5VM.c.o -c /home/byrn/HDF_Projects/hdf5/dev/src/H5VM.c
[363/4114] /usr/bin/cc -D_FILE_OFFSET_BITS=64 -D_GNU_SOURCE -D_LARGEFILE_SOURCE -D_POSIX_C_SOURCE=200809L -I/home/byrn/HDF_Projects/hdf5/dev/src -I/home/byrn/HDF_Projects/hdf5/dev/src/H5FDsubfiling -I/home/byrn/HDF_Projects/hdf5/build/ci-StdShar-GNUC/src -I/home/byrn/HDF_Projects/hdf5/build/ci-StdShar-GNUC/_deps/hdf5_zlib-build -I/home/byrn/HDF_Projects/hdf5/build/ci-StdShar-GNUC/_deps/hdf5_zlib-src -I/home/byrn/HDF_Projects/hdf5/build/ci-StdShar-GNUC/_deps/szip-build -I/home/byrn/HDF_Projects/hdf5/build/ci-StdShar-GNUC/_deps/szip-src/include -I/home/byrn/HDF_Projects/hdf5/build/ci-StdShar-GNUC/_deps/szip-src -std=c99  -fstdarg-opt -fdiagnostics-urls=never -fno-diagnostics-color -fmessage-length=0 -O2 -g -DNDEBUG -std=gnu99 -fPIC -Wall -Wcast-qual -Wconversion -Wextra -Wfloat-equal -Wformat=2 -Winit-self -Winvalid-pch -Wmissing-include-dirs -Wshadow -Wundef -Wwrite-strings -pedantic -Wno-c++-compat -Wbad-function-cast -Wcast-align -Wformat -Wimplicit-function-declaration -Wint-to-pointer-cast -Wmissing-declarations -Wmissing-prototypes -Wnested-externs -Wold-style-definition -Wpacked -Wpointer-sign -Wpointer-to-int-cast -Wredundant-decls -Wstrict-prototypes -Wswitch -Wunused-but-set-variable -Wunused-variable -Wunused-function -Wunused-parameter -finline-functions -Wno-aggregate-return -Wno-inline -Wno-missing-format-attribute -Wno-missing-noreturn -Wno-overlength-strings -Wlarger-than=2560 -Wlogical-op -Wframe-larger-than=16384 -Wpacked-bitfield-compat -Wsync-nand -Wno-unsuffixed-float-constants -Wdouble-promotion -Wtrampolines -Wstack-usage=8192 -Wmaybe-uninitialized -Wno-jump-misses-init -Wstrict-overflow=2 -Wno-suggest-attribute=const -Wno-suggest-attribute=noreturn -Wno-suggest-attribute=pure -Wno-suggest-attribute=format -Wdate-time -Warray-bounds=2 -Wc99-c11-compat -Wincompatible-pointer-types -Wint-conversion -Wduplicated-cond -Whsa -Wnormalized -Wnull-dereference -Wunused-const-variable -Walloca -Walloc-zero -Wduplicated-branches -Wformat-overflow=2 -Wformat-truncation=1 -Wrestrict -Wattribute-alias -Wshift-overflow=2 -Wcast-function-type -Wcast-align=strict -Wno-suggest-attribute=cold -Wno-suggest-attribute=malloc -Wattribute-alias=2 -Wmissing-profile -Wc11-c2x-compat -MD -MT src/CMakeFiles/hdf5-static.dir/H5Zshuffle.c.o -MF src/CMakeFiles/hdf5-static.dir/H5Zshuffle.c.o.d -o src/CMakeFiles/hdf5-static.dir/H5Zshuffle.c.o -c /home/byrn/HDF_Projects/hdf5/dev/src/H5Zshuffle.c
[364/4114] /usr/bin/cc -D_FILE_OFFSET_BITS=64 -D_GNU_SOURCE -D_LARGEFILE_SOURCE -D_POSIX_C_SOURCE=200809L -I/home/byrn/HDF_Projects/hdf5/dev/src -I/home/byrn/HDF_Projects/hdf5/dev/src/H5FDsubfiling -I/home/byrn/HDF_Projects/hdf5/build/ci-StdShar-GNUC/src -I/home/byrn/HDF_Projects/hdf5/build/ci-StdShar-GNUC/_deps/hdf5_zlib-build -I/home/byrn/HDF_Projects/hdf5/build/ci-StdShar-GNUC/_deps/hdf5_zlib-src -I/home/byrn/HDF_Projects/hdf5/build/ci-StdShar-GNUC/_deps/szip-build -I/home/byrn/HDF_Projects/hdf5/build/ci-StdShar-GNUC/_deps/szip-src/include -I/home/byrn/HDF_Projects/hdf5/build/ci-StdShar-GNUC/_deps/szip-src -std=c99  -fstdarg-opt -fdiagnostics-urls=never -fno-diagnostics-color -fmessage-length=0 -O2 -g -DNDEBUG -std=gnu99 -fPIC -Wall -Wcast-qual -Wconversion -Wextra -Wfloat-equal -Wformat=2 -Winit-self -Winvalid-pch -Wmissing-include-dirs -Wshadow -Wundef -Wwrite-strings -pedantic -Wno-c++-compat -Wbad-function-cast -Wcast-align -Wformat -Wimplicit-function-declaration -Wint-to-pointer-cast -Wmissing-declarations -Wmissing-prototypes -Wnested-externs -Wold-style-definition -Wpacked -Wpointer-sign -Wpointer-to-int-cast -Wredundant-decls -Wstrict-prototypes -Wswitch -Wunused-but-set-variable -Wunused-variable -Wunused-function -Wunused-parameter -finline-functions -Wno-aggregate-return -Wno-inline -Wno-missing-format-attribute -Wno-missing-noreturn -Wno-overlength-strings -Wlarger-than=2560 -Wlogical-op -Wframe-larger-than=16384 -Wpacked-bitfield-compat -Wsync-nand -Wno-unsuffixed-float-constants -Wdouble-promotion -Wtrampolines -Wstack-usage=8192 -Wmaybe-uninitialized -Wno-jump-misses-init -Wstrict-overflow=2 -Wno-suggest-attribute=const -Wno-suggest-attribute=noreturn -Wno-suggest-attribute=pure -Wno-suggest-attribute=format -Wdate-time -Warray-bounds=2 -Wc99-c11-compat -Wincompatible-pointer-types -Wint-conversion -Wduplicated-cond -Whsa -Wnormalized -Wnull-dereference -Wunused-const-variable -Walloca -Walloc-zero -Wduplicated-branches -Wformat-overflow=2 -Wformat-truncation=1 -Wrestrict -Wattribute-alias -Wshift-overflow=2 -Wcast-function-type -Wcast-align=strict -Wno-suggest-attribute=cold -Wno-suggest-attribute=malloc -Wattribute-alias=2 -Wmissing-profile -Wc11-c2x-compat -MD -MT src/CMakeFiles/hdf5-static.dir/H5Z.c.o -MF src/CMakeFiles/hdf5-static.dir/H5Z.c.o.d -o src/CMakeFiles/hdf5-static.dir/H5Z.c.o -c /home/byrn/HDF_Projects/hdf5/dev/src/H5Z.c
In file included from /home/byrn/HDF_Projects/hdf5/build/ci-StdShar-GNUC/_deps/szip-src/include/szlib.h:41,
                 from /home/byrn/HDF_Projects/hdf5/dev/src/H5Z.c:28:
/home/byrn/HDF_Projects/hdf5/build/ci-StdShar-GNUC/_deps/szip-src/include/libaec.h:47:5: warning: "BUILDING_LIBAEC" is not defined, evaluates to 0 [-Wundef]
   47 | #if BUILDING_LIBAEC && HAVE_VISIBILITY
      |     ^~~~~~~~~~~~~~~
[365/4114] /usr/bin/cc -D_FILE_OFFSET_BITS=64 -D_GNU_SOURCE -D_LARGEFILE_SOURCE -D_POSIX_C_SOURCE=200809L -I/home/byrn/HDF_Projects/hdf5/dev/src -I/home/byrn/HDF_Projects/hdf5/dev/src/H5FDsubfiling -I/home/byrn/HDF_Projects/hdf5/build/ci-StdShar-GNUC/src -I/home/byrn/HDF_Projects/hdf5/build/ci-StdShar-GNUC/_deps/hdf5_zlib-build -I/home/byrn/HDF_Projects/hdf5/build/ci-StdShar-GNUC/_deps/hdf5_zlib-src -I/home/byrn/HDF_Projects/hdf5/build/ci-StdShar-GNUC/_deps/szip-build -I/home/byrn/HDF_Projects/hdf5/build/ci-StdShar-GNUC/_deps/szip-src/include -I/home/byrn/HDF_Projects/hdf5/build/ci-StdShar-GNUC/_deps/szip-src -std=c99  -fstdarg-opt -fdiagnostics-urls=never -fno-diagnostics-color -fmessage-length=0 -O2 -g -DNDEBUG -std=gnu99 -fPIC -Wall -Wcast-qual -Wconversion -Wextra -Wfloat-equal -Wformat=2 -Winit-self -Winvalid-pch -Wmissing-include-dirs -Wshadow -Wundef -Wwrite-strings -pedantic -Wno-c++-compat -Wbad-function-cast -Wcast-align -Wformat -Wimplicit-function-declaration -Wint-to-pointer-cast -Wmissing-declarations -Wmissing-prototypes -Wnested-externs -Wold-style-definition -Wpacked -Wpointer-sign -Wpointer-to-int-cast -Wredundant-decls -Wstrict-prototypes -Wswitch -Wunused-but-set-variable -Wunused-variable -Wunused-function -Wunused-parameter -finline-functions -Wno-aggregate-return -Wno-inline -Wno-missing-format-attribute -Wno-missing-noreturn -Wno-overlength-strings -Wlarger-than=2560 -Wlogical-op -Wframe-larger-than=16384 -Wpacked-bitfield-compat -Wsync-nand -Wno-unsuffixed-float-constants -Wdouble-promotion -Wtrampolines -Wstack-usage=8192 -Wmaybe-uninitialized -Wno-jump-misses-init -Wstrict-overflow=2 -Wno-suggest-attribute=const -Wno-suggest-attribute=noreturn -Wno-suggest-attribute=pure -Wno-suggest-attribute=format -Wdate-time -Warray-bounds=2 -Wc99-c11-compat -Wincompatible-pointer-types -Wint-conversion -Wduplicated-cond -Whsa -Wnormalized -Wnull-dereference -Wunused-const-variable -Walloca -Walloc-zero -Wduplicated-branches -Wformat-overflow=2 -Wformat-truncation=1 -Wrestrict -Wattribute-alias -Wshift-overflow=2 -Wcast-function-type -Wcast-align=strict -Wno-suggest-attribute=cold -Wno-suggest-attribute=malloc -Wattribute-alias=2 -Wmissing-profile -Wc11-c2x-compat -MD -MT src/CMakeFiles/hdf5-static.dir/H5Zszip.c.o -MF src/CMakeFiles/hdf5-static.dir/H5Zszip.c.o.d -o src/CMakeFiles/hdf5-static.dir/H5Zszip.c.o -c /home/byrn/HDF_Projects/hdf5/dev/src/H5Zszip.c
In file included from /home/byrn/HDF_Projects/hdf5/build/ci-StdShar-GNUC/_deps/szip-src/include/szlib.h:41,
                 from /home/byrn/HDF_Projects/hdf5/dev/src/H5Zszip.c:28:
/home/byrn/HDF_Projects/hdf5/build/ci-StdShar-GNUC/_deps/szip-src/include/libaec.h:47:5: warning: "BUILDING_LIBAEC" is not defined, evaluates to 0 [-Wundef]
   47 | #if BUILDING_LIBAEC && HAVE_VISIBILITY
      |     ^~~~~~~~~~~~~~~
[366/4114] /usr/bin/cc -DH5_BUILT_AS_DYNAMIC_LIB -D_FILE_OFFSET_BITS=64 -D_GNU_SOURCE -D_LARGEFILE_SOURCE -D_POSIX_C_SOURCE=200809L -Dhdf5_shared_EXPORTS -I/home/byrn/HDF_Projects/hdf5/dev/src -I/home/byrn/HDF_Projects/hdf5/dev/src/H5FDsubfiling -I/home/byrn/HDF_Projects/hdf5/build/ci-StdShar-GNUC/src -I/home/byrn/HDF_Projects/hdf5/build/ci-StdShar-GNUC/_deps/hdf5_zlib-build -I/home/byrn/HDF_Projects/hdf5/build/ci-StdShar-GNUC/_deps/hdf5_zlib-src -I/home/byrn/HDF_Projects/hdf5/build/ci-StdShar-GNUC/_deps/szip-build -I/home/byrn/HDF_Projects/hdf5/build/ci-StdShar-GNUC/_deps/szip-src/include -I/home/byrn/HDF_Projects/hdf5/build/ci-StdShar-GNUC/_deps/szip-src -std=c99  -fstdarg-opt -fdiagnostics-urls=never -fno-diagnostics-color -fmessage-length=0 -O2 -g -DNDEBUG -std=gnu99 -fPIC -Wall -Wcast-qual -Wconversion -Wextra -Wfloat-equal -Wformat=2 -Winit-self -Winvalid-pch -Wmissing-include-dirs -Wshadow -Wundef -Wwrite-strings -pedantic -Wno-c++-compat -Wbad-function-cast -Wcast-align -Wformat -Wimplicit-function-declaration -Wint-to-pointer-cast -Wmissing-declarations -Wmissing-prototypes -Wnested-externs -Wold-style-definition -Wpacked -Wpointer-sign -Wpointer-to-int-cast -Wredundant-decls -Wstrict-prototypes -Wswitch -Wunused-but-set-variable -Wunused-variable -Wunused-function -Wunused-parameter -finline-functions -Wno-aggregate-return -Wno-inline -Wno-missing-format-attribute -Wno-missing-noreturn -Wno-overlength-strings -Wlarger-than=2560 -Wlogical-op -Wframe-larger-than=16384 -Wpacked-bitfield-compat -Wsync-nand -Wno-unsuffixed-float-constants -Wdouble-promotion -Wtrampolines -Wstack-usage=8192 -Wmaybe-uninitialized -Wno-jump-misses-init -Wstrict-overflow=2 -Wno-suggest-attribute=const -Wno-suggest-attribute=noreturn -Wno-suggest-attribute=pure -Wno-suggest-attribute=format -Wdate-time -Warray-bounds=2 -Wc99-c11-compat -Wincompatible-pointer-types -Wint-conversion -Wduplicated-cond -Whsa -Wnormalized -Wnull-dereference -Wunused-const-variable -Walloca -Walloc-zero -Wduplicated-branches -Wformat-overflow=2 -Wformat-truncation=1 -Wrestrict -Wattribute-alias -Wshift-overflow=2 -Wcast-function-type -Wcast-align=strict -Wno-suggest-attribute=cold -Wno-suggest-attribute=malloc -Wattribute-alias=2 -Wmissing-profile -Wc11-c2x-compat -MD -MT src/CMakeFiles/hdf5-shared.dir/H5build_settings.c.o -MF src/CMakeFiles/hdf5-shared.dir/H5build_settings.c.o.d -o src/CMakeFiles/hdf5-shared.dir/H5build_settings.c.o -c /home/byrn/HDF_Projects/hdf5/build/ci-StdShar-GNUC/src/H5build_settings.c
[367/4114] /usr/bin/cc -DH5_BUILT_AS_DYNAMIC_LIB -D_FILE_OFFSET_BITS=64 -D_GNU_SOURCE -D_LARGEFILE_SOURCE -D_POSIX_C_SOURCE=200809L -Dhdf5_shared_EXPORTS -I/home/byrn/HDF_Projects/hdf5/dev/src -I/home/byrn/HDF_Projects/hdf5/dev/src/H5FDsubfiling -I/home/byrn/HDF_Projects/hdf5/build/ci-StdShar-GNUC/src -I/home/byrn/HDF_Projects/hdf5/build/ci-StdShar-GNUC/_deps/hdf5_zlib-build -I/home/byrn/HDF_Projects/hdf5/build/ci-StdShar-GNUC/_deps/hdf5_zlib-src -I/home/byrn/HDF_Projects/hdf5/build/ci-StdShar-GNUC/_deps/szip-build -I/home/byrn/HDF_Projects/hdf5/build/ci-StdShar-GNUC/_deps/szip-src/include -I/home/byrn/HDF_Projects/hdf5/build/ci-StdShar-GNUC/_deps/szip-src -std=c99  -fstdarg-opt -fdiagnostics-urls=never -fno-diagnostics-color -fmessage-length=0 -O2 -g -DNDEBUG -std=gnu99 -fPIC -Wall -Wcast-qual -Wconversion -Wextra -Wfloat-equal -Wformat=2 -Winit-self -Winvalid-pch -Wmissing-include-dirs -Wshadow -Wundef -Wwrite-strings -pedantic -Wno-c++-compat -Wbad-function-cast -Wcast-align -Wformat -Wimplicit-function-declaration -Wint-to-pointer-cast -Wmissing-declarations -Wmissing-prototypes -Wnested-externs -Wold-style-definition -Wpacked -Wpointer-sign -Wpointer-to-int-cast -Wredundant-decls -Wstrict-prototypes -Wswitch -Wunused-but-set-variable -Wunused-variable -Wunused-function -Wunused-parameter -finline-functions -Wno-aggregate-return -Wno-inline -Wno-missing-format-attribute -Wno-missing-noreturn -Wno-overlength-strings -Wlarger-than=2560 -Wlogical-op -Wframe-larger-than=16384 -Wpacked-bitfield-compat -Wsync-nand -Wno-unsuffixed-float-constants -Wdouble-promotion -Wtrampolines -Wstack-usage=8192 -Wmaybe-uninitialized -Wno-jump-misses-init -Wstrict-overflow=2 -Wno-suggest-attribute=const -Wno-suggest-attribute=noreturn -Wno-suggest-attribute=pure -Wno-suggest-attribute=format -Wdate-time -Warray-bounds=2 -Wc99-c11-compat -Wincompatible-pointer-types -Wint-conversion -Wduplicated-cond -Whsa -Wnormalized -Wnull-dereference -Wunused-const-variable -Walloca -Walloc-zero -Wduplicated-branches -Wformat-overflow=2 -Wformat-truncation=1 -Wrestrict -Wattribute-alias -Wshift-overflow=2 -Wcast-function-type -Wcast-align=strict -Wno-suggest-attribute=cold -Wno-suggest-attribute=malloc -Wattribute-alias=2 -Wmissing-profile -Wc11-c2x-compat -MD -MT src/CMakeFiles/hdf5-shared.dir/H5checksum.c.o -MF src/CMakeFiles/hdf5-shared.dir/H5checksum.c.o.d -o src/CMakeFiles/hdf5-shared.dir/H5checksum.c.o -c /home/byrn/HDF_Projects/hdf5/dev/src/H5checksum.c
[368/4114] /usr/bin/cc -DH5_BUILT_AS_DYNAMIC_LIB -D_FILE_OFFSET_BITS=64 -D_GNU_SOURCE -D_LARGEFILE_SOURCE -D_POSIX_C_SOURCE=200809L -Dhdf5_shared_EXPORTS -I/home/byrn/HDF_Projects/hdf5/dev/src -I/home/byrn/HDF_Projects/hdf5/dev/src/H5FDsubfiling -I/home/byrn/HDF_Projects/hdf5/build/ci-StdShar-GNUC/src -I/home/byrn/HDF_Projects/hdf5/build/ci-StdShar-GNUC/_deps/hdf5_zlib-build -I/home/byrn/HDF_Projects/hdf5/build/ci-StdShar-GNUC/_deps/hdf5_zlib-src -I/home/byrn/HDF_Projects/hdf5/build/ci-StdShar-GNUC/_deps/szip-build -I/home/byrn/HDF_Projects/hdf5/build/ci-StdShar-GNUC/_deps/szip-src/include -I/home/byrn/HDF_Projects/hdf5/build/ci-StdShar-GNUC/_deps/szip-src -std=c99  -fstdarg-opt -fdiagnostics-urls=never -fno-diagnostics-color -fmessage-length=0 -O2 -g -DNDEBUG -std=gnu99 -fPIC -Wall -Wcast-qual -Wconversion -Wextra -Wfloat-equal -Wformat=2 -Winit-self -Winvalid-pch -Wmissing-include-dirs -Wshadow -Wundef -Wwrite-strings -pedantic -Wno-c++-compat -Wbad-function-cast -Wcast-align -Wformat -Wimplicit-function-declaration -Wint-to-pointer-cast -Wmissing-declarations -Wmissing-prototypes -Wnested-externs -Wold-style-definition -Wpacked -Wpointer-sign -Wpointer-to-int-cast -Wredundant-decls -Wstrict-prototypes -Wswitch -Wunused-but-set-variable -Wunused-variable -Wunused-function -Wunused-parameter -finline-functions -Wno-aggregate-return -Wno-inline -Wno-missing-format-attribute -Wno-missing-noreturn -Wno-overlength-strings -Wlarger-than=2560 -Wlogical-op -Wframe-larger-than=16384 -Wpacked-bitfield-compat -Wsync-nand -Wno-unsuffixed-float-constants -Wdouble-promotion -Wtrampolines -Wstack-usage=8192 -Wmaybe-uninitialized -Wno-jump-misses-init -Wstrict-overflow=2 -Wno-suggest-attribute=const -Wno-suggest-attribute=noreturn -Wno-suggest-attribute=pure -Wno-suggest-attribute=format -Wdate-time -Warray-bounds=2 -Wc99-c11-compat -Wincompatible-pointer-types -Wint-conversion -Wduplicated-cond -Whsa -Wnormalized -Wnull-dereference -Wunused-const-variable -Walloca -Walloc-zero -Wduplicated-branches -Wformat-overflow=2 -Wformat-truncation=1 -Wrestrict -Wattribute-alias -Wshift-overflow=2 -Wcast-function-type -Wcast-align=strict -Wno-suggest-attribute=cold -Wno-suggest-attribute=malloc -Wattribute-alias=2 -Wmissing-profile -Wc11-c2x-compat -MD -MT src/CMakeFiles/hdf5-shared.dir/H5.c.o -MF src/CMakeFiles/hdf5-shared.dir/H5.c.o.d -o src/CMakeFiles/hdf5-shared.dir/H5.c.o -c /home/byrn/HDF_Projects/hdf5/dev/src/H5.c
[369/4114] /usr/bin/cc -D_FILE_OFFSET_BITS=64 -D_GNU_SOURCE -D_LARGEFILE_SOURCE -D_POSIX_C_SOURCE=200809L -I/home/byrn/HDF_Projects/hdf5/dev/src -I/home/byrn/HDF_Projects/hdf5/dev/src/H5FDsubfiling -I/home/byrn/HDF_Projects/hdf5/build/ci-StdShar-GNUC/src -I/home/byrn/HDF_Projects/hdf5/build/ci-StdShar-GNUC/_deps/hdf5_zlib-build -I/home/byrn/HDF_Projects/hdf5/build/ci-StdShar-GNUC/_deps/hdf5_zlib-src -I/home/byrn/HDF_Projects/hdf5/build/ci-StdShar-GNUC/_deps/szip-build -I/home/byrn/HDF_Projects/hdf5/build/ci-StdShar-GNUC/_deps/szip-src/include -I/home/byrn/HDF_Projects/hdf5/build/ci-StdShar-GNUC/_deps/szip-src -std=c99  -fstdarg-opt -fdiagnostics-urls=never -fno-diagnostics-color -fmessage-length=0 -O2 -g -DNDEBUG -std=gnu99 -fPIC -Wall -Wcast-qual -Wconversion -Wextra -Wfloat-equal -Wformat=2 -Winit-self -Winvalid-pch -Wmissing-include-dirs -Wshadow -Wundef -Wwrite-strings -pedantic -Wno-c++-compat -Wbad-function-cast -Wcast-align -Wformat -Wimplicit-function-declaration -Wint-to-pointer-cast -Wmissing-declarations -Wmissing-prototypes -Wnested-externs -Wold-style-definition -Wpacked -Wpointer-sign -Wpointer-to-int-cast -Wredundant-decls -Wstrict-prototypes -Wswitch -Wunused-but-set-variable -Wunused-variable -Wunused-function -Wunused-parameter -finline-functions -Wno-aggregate-return -Wno-inline -Wno-missing-format-attribute -Wno-missing-noreturn -Wno-overlength-strings -Wlarger-than=2560 -Wlogical-op -Wframe-larger-than=16384 -Wpacked-bitfield-compat -Wsync-nand -Wno-unsuffixed-float-constants -Wdouble-promotion -Wtrampolines -Wstack-usage=8192 -Wmaybe-uninitialized -Wno-jump-misses-init -Wstrict-overflow=2 -Wno-suggest-attribute=const -Wno-suggest-attribute=noreturn -Wno-suggest-attribute=pure -Wno-suggest-attribute=format -Wdate-time -Warray-bounds=2 -Wc99-c11-compat -Wincompatible-pointer-types -Wint-conversion -Wduplicated-cond -Whsa -Wnormalized -Wnull-dereference -Wunused-const-variable -Walloca -Walloc-zero -Wduplicated-branches -Wformat-overflow=2 -Wformat-truncation=1 -Wrestrict -Wattribute-alias -Wshift-overflow=2 -Wcast-function-type -Wcast-align=strict -Wno-suggest-attribute=cold -Wno-suggest-attribute=malloc -Wattribute-alias=2 -Wmissing-profile -Wc11-c2x-compat -MD -MT src/CMakeFiles/hdf5-static.dir/H5Znbit.c.o -MF src/CMakeFiles/hdf5-static.dir/H5Znbit.c.o.d -o src/CMakeFiles/hdf5-static.dir/H5Znbit.c.o -c /home/byrn/HDF_Projects/hdf5/dev/src/H5Znbit.c
[370/4114] /usr/bin/cc -DH5_BUILT_AS_DYNAMIC_LIB -D_FILE_OFFSET_BITS=64 -D_GNU_SOURCE -D_LARGEFILE_SOURCE -D_POSIX_C_SOURCE=200809L -Dhdf5_shared_EXPORTS -I/home/byrn/HDF_Projects/hdf5/dev/src -I/home/byrn/HDF_Projects/hdf5/dev/src/H5FDsubfiling -I/home/byrn/HDF_Projects/hdf5/build/ci-StdShar-GNUC/src -I/home/byrn/HDF_Projects/hdf5/build/ci-StdShar-GNUC/_deps/hdf5_zlib-build -I/home/byrn/HDF_Projects/hdf5/build/ci-StdShar-GNUC/_deps/hdf5_zlib-src -I/home/byrn/HDF_Projects/hdf5/build/ci-StdShar-GNUC/_deps/szip-build -I/home/byrn/HDF_Projects/hdf5/build/ci-StdShar-GNUC/_deps/szip-src/include -I/home/byrn/HDF_Projects/hdf5/build/ci-StdShar-GNUC/_deps/szip-src -std=c99  -fstdarg-opt -fdiagnostics-urls=never -fno-diagnostics-color -fmessage-length=0 -O2 -g -DNDEBUG -std=gnu99 -fPIC -Wall -Wcast-qual -Wconversion -Wextra -Wfloat-equal -Wformat=2 -Winit-self -Winvalid-pch -Wmissing-include-dirs -Wshadow -Wundef -Wwrite-strings -pedantic -Wno-c++-compat -Wbad-function-cast -Wcast-align -Wformat -Wimplicit-function-declaration -Wint-to-pointer-cast -Wmissing-declarations -Wmissing-prototypes -Wnested-externs -Wold-style-definition -Wpacked -Wpointer-sign -Wpointer-to-int-cast -Wredundant-decls -Wstrict-prototypes -Wswitch -Wunused-but-set-variable -Wunused-variable -Wunused-function -Wunused-parameter -finline-functions -Wno-aggregate-return -Wno-inline -Wno-missing-format-attribute -Wno-missing-noreturn -Wno-overlength-strings -Wlarger-than=2560 -Wlogical-op -Wframe-larger-than=16384 -Wpacked-bitfield-compat -Wsync-nand -Wno-unsuffixed-float-constants -Wdouble-promotion -Wtrampolines -Wstack-usage=8192 -Wmaybe-uninitialized -Wno-jump-misses-init -Wstrict-overflow=2 -Wno-suggest-attribute=const -Wno-suggest-attribute=noreturn -Wno-suggest-attribute=pure -Wno-suggest-attribute=format -Wdate-time -Warray-bounds=2 -Wc99-c11-compat -Wincompatible-pointer-types -Wint-conversion -Wduplicated-cond -Whsa -Wnormalized -Wnull-dereference -Wunused-const-variable -Walloca -Walloc-zero -Wduplicated-branches -Wformat-overflow=2 -Wformat-truncation=1 -Wrestrict -Wattribute-alias -Wshift-overflow=2 -Wcast-function-type -Wcast-align=strict -Wno-suggest-attribute=cold -Wno-suggest-attribute=malloc -Wattribute-alias=2 -Wmissing-profile -Wc11-c2x-compat -MD -MT src/CMakeFiles/hdf5-shared.dir/H5dbg.c.o -MF src/CMakeFiles/hdf5-shared.dir/H5dbg.c.o.d -o src/CMakeFiles/hdf5-shared.dir/H5dbg.c.o -c /home/byrn/HDF_Projects/hdf5/dev/src/H5dbg.c
[371/4114] /usr/bin/cc -DH5_BUILT_AS_DYNAMIC_LIB -D_FILE_OFFSET_BITS=64 -D_GNU_SOURCE -D_LARGEFILE_SOURCE -D_POSIX_C_SOURCE=200809L -Dhdf5_shared_EXPORTS -I/home/byrn/HDF_Projects/hdf5/dev/src -I/home/byrn/HDF_Projects/hdf5/dev/src/H5FDsubfiling -I/home/byrn/HDF_Projects/hdf5/build/ci-StdShar-GNUC/src -I/home/byrn/HDF_Projects/hdf5/build/ci-StdShar-GNUC/_deps/hdf5_zlib-build -I/home/byrn/HDF_Projects/hdf5/build/ci-StdShar-GNUC/_deps/hdf5_zlib-src -I/home/byrn/HDF_Projects/hdf5/build/ci-StdShar-GNUC/_deps/szip-build -I/home/byrn/HDF_Projects/hdf5/build/ci-StdShar-GNUC/_deps/szip-src/include -I/home/byrn/HDF_Projects/hdf5/build/ci-StdShar-GNUC/_deps/szip-src -std=c99  -fstdarg-opt -fdiagnostics-urls=never -fno-diagnostics-color -fmessage-length=0 -O2 -g -DNDEBUG -std=gnu99 -fPIC -Wall -Wcast-qual -Wconversion -Wextra -Wfloat-equal -Wformat=2 -Winit-self -Winvalid-pch -Wmissing-include-dirs -Wshadow -Wundef -Wwrite-strings -pedantic -Wno-c++-compat -Wbad-function-cast -Wcast-align -Wformat -Wimplicit-function-declaration -Wint-to-pointer-cast -Wmissing-declarations -Wmissing-prototypes -Wnested-externs -Wold-style-definition -Wpacked -Wpointer-sign -Wpointer-to-int-cast -Wredundant-decls -Wstrict-prototypes -Wswitch -Wunused-but-set-variable -Wunused-variable -Wunused-function -Wunused-parameter -finline-functions -Wno-aggregate-return -Wno-inline -Wno-missing-format-attribute -Wno-missing-noreturn -Wno-overlength-strings -Wlarger-than=2560 -Wlogical-op -Wframe-larger-than=16384 -Wpacked-bitfield-compat -Wsync-nand -Wno-unsuffixed-float-constants -Wdouble-promotion -Wtrampolines -Wstack-usage=8192 -Wmaybe-uninitialized -Wno-jump-misses-init -Wstrict-overflow=2 -Wno-suggest-attribute=const -Wno-suggest-attribute=noreturn -Wno-suggest-attribute=pure -Wno-suggest-attribute=format -Wdate-time -Warray-bounds=2 -Wc99-c11-compat -Wincompatible-pointer-types -Wint-conversion -Wduplicated-cond -Whsa -Wnormalized -Wnull-dereference -Wunused-const-variable -Walloca -Walloc-zero -Wduplicated-branches -Wformat-overflow=2 -Wformat-truncation=1 -Wrestrict -Wattribute-alias -Wshift-overflow=2 -Wcast-function-type -Wcast-align=strict -Wno-suggest-attribute=cold -Wno-suggest-attribute=malloc -Wattribute-alias=2 -Wmissing-profile -Wc11-c2x-compat -MD -MT src/CMakeFiles/hdf5-shared.dir/H5mpi.c.o -MF src/CMakeFiles/hdf5-shared.dir/H5mpi.c.o.d -o src/CMakeFiles/hdf5-shared.dir/H5mpi.c.o -c /home/byrn/HDF_Projects/hdf5/dev/src/H5mpi.c
[372/4114] /usr/bin/cc -DH5_BUILT_AS_DYNAMIC_LIB -D_FILE_OFFSET_BITS=64 -D_GNU_SOURCE -D_LARGEFILE_SOURCE -D_POSIX_C_SOURCE=200809L -Dhdf5_shared_EXPORTS -I/home/byrn/HDF_Projects/hdf5/dev/src -I/home/byrn/HDF_Projects/hdf5/dev/src/H5FDsubfiling -I/home/byrn/HDF_Projects/hdf5/build/ci-StdShar-GNUC/src -I/home/byrn/HDF_Projects/hdf5/build/ci-StdShar-GNUC/_deps/hdf5_zlib-build -I/home/byrn/HDF_Projects/hdf5/build/ci-StdShar-GNUC/_deps/hdf5_zlib-src -I/home/byrn/HDF_Projects/hdf5/build/ci-StdShar-GNUC/_deps/szip-build -I/home/byrn/HDF_Projects/hdf5/build/ci-StdShar-GNUC/_deps/szip-src/include -I/home/byrn/HDF_Projects/hdf5/build/ci-StdShar-GNUC/_deps/szip-src -std=c99  -fstdarg-opt -fdiagnostics-urls=never -fno-diagnostics-color -fmessage-length=0 -O2 -g -DNDEBUG -std=gnu99 -fPIC -Wall -Wcast-qual -Wconversion -Wextra -Wfloat-equal -Wformat=2 -Winit-self -Winvalid-pch -Wmissing-include-dirs -Wshadow -Wundef -Wwrite-strings -pedantic -Wno-c++-compat -Wbad-function-cast -Wcast-align -Wformat -Wimplicit-function-declaration -Wint-to-pointer-cast -Wmissing-declarations -Wmissing-prototypes -Wnested-externs -Wold-style-definition -Wpacked -Wpointer-sign -Wpointer-to-int-cast -Wredundant-decls -Wstrict-prototypes -Wswitch -Wunused-but-set-variable -Wunused-variable -Wunused-function -Wunused-parameter -finline-functions -Wno-aggregate-return -Wno-inline -Wno-missing-format-attribute -Wno-missing-noreturn -Wno-overlength-strings -Wlarger-than=2560 -Wlogical-op -Wframe-larger-than=16384 -Wpacked-bitfield-compat -Wsync-nand -Wno-unsuffixed-float-constants -Wdouble-promotion -Wtrampolines -Wstack-usage=8192 -Wmaybe-uninitialized -Wno-jump-misses-init -Wstrict-overflow=2 -Wno-suggest-attribute=const -Wno-suggest-attribute=noreturn -Wno-suggest-attribute=pure -Wno-suggest-attribute=format -Wdate-time -Warray-bounds=2 -Wc99-c11-compat -Wincompatible-pointer-types -Wint-conversion -Wduplicated-cond -Whsa -Wnormalized -Wnull-dereference -Wunused-const-variable -Walloca -Walloc-zero -Wduplicated-branches -Wformat-overflow=2 -Wformat-truncation=1 -Wrestrict -Wattribute-alias -Wshift-overflow=2 -Wcast-function-type -Wcast-align=strict -Wno-suggest-attribute=cold -Wno-suggest-attribute=malloc -Wattribute-alias=2 -Wmissing-profile -Wc11-c2x-compat -MD -MT src/CMakeFiles/hdf5-shared.dir/H5timer.c.o -MF src/CMakeFiles/hdf5-shared.dir/H5timer.c.o.d -o src/CMakeFiles/hdf5-shared.dir/H5timer.c.o -c /home/byrn/HDF_Projects/hdf5/dev/src/H5timer.c
[373/4114] /usr/bin/cc -DH5_BUILT_AS_DYNAMIC_LIB -D_FILE_OFFSET_BITS=64 -D_GNU_SOURCE -D_LARGEFILE_SOURCE -D_POSIX_C_SOURCE=200809L -Dhdf5_shared_EXPORTS -I/home/byrn/HDF_Projects/hdf5/dev/src -I/home/byrn/HDF_Projects/hdf5/dev/src/H5FDsubfiling -I/home/byrn/HDF_Projects/hdf5/build/ci-StdShar-GNUC/src -I/home/byrn/HDF_Projects/hdf5/build/ci-StdShar-GNUC/_deps/hdf5_zlib-build -I/home/byrn/HDF_Projects/hdf5/build/ci-StdShar-GNUC/_deps/hdf5_zlib-src -I/home/byrn/HDF_Projects/hdf5/build/ci-StdShar-GNUC/_deps/szip-build -I/home/byrn/HDF_Projects/hdf5/build/ci-StdShar-GNUC/_deps/szip-src/include -I/home/byrn/HDF_Projects/hdf5/build/ci-StdShar-GNUC/_deps/szip-src -std=c99  -fstdarg-opt -fdiagnostics-urls=never -fno-diagnostics-color -fmessage-length=0 -O2 -g -DNDEBUG -std=gnu99 -fPIC -Wall -Wcast-qual -Wconversion -Wextra -Wfloat-equal -Wformat=2 -Winit-self -Winvalid-pch -Wmissing-include-dirs -Wshadow -Wundef -Wwrite-strings -pedantic -Wno-c++-compat -Wbad-function-cast -Wcast-align -Wformat -Wimplicit-function-declaration -Wint-to-pointer-cast -Wmissing-declarations -Wmissing-prototypes -Wnested-externs -Wold-style-definition -Wpacked -Wpointer-sign -Wpointer-to-int-cast -Wredundant-decls -Wstrict-prototypes -Wswitch -Wunused-but-set-variable -Wunused-variable -Wunused-function -Wunused-parameter -finline-functions -Wno-aggregate-return -Wno-inline -Wno-missing-format-attribute -Wno-missing-noreturn -Wno-overlength-strings -Wlarger-than=2560 -Wlogical-op -Wframe-larger-than=16384 -Wpacked-bitfield-compat -Wsync-nand -Wno-unsuffixed-float-constants -Wdouble-promotion -Wtrampolines -Wstack-usage=8192 -Wmaybe-uninitialized -Wno-jump-misses-init -Wstrict-overflow=2 -Wno-suggest-attribute=const -Wno-suggest-attribute=noreturn -Wno-suggest-attribute=pure -Wno-suggest-attribute=format -Wdate-time -Warray-bounds=2 -Wc99-c11-compat -Wincompatible-pointer-types -Wint-conversion -Wduplicated-cond -Whsa -Wnormalized -Wnull-dereference -Wunused-const-variable -Walloca -Walloc-zero -Wduplicated-branches -Wformat-overflow=2 -Wformat-truncation=1 -Wrestrict -Wattribute-alias -Wshift-overflow=2 -Wcast-function-type -Wcast-align=strict -Wno-suggest-attribute=cold -Wno-suggest-attribute=malloc -Wattribute-alias=2 -Wmissing-profile -Wc11-c2x-compat -MD -MT src/CMakeFiles/hdf5-shared.dir/H5system.c.o -MF src/CMakeFiles/hdf5-shared.dir/H5system.c.o.d -o src/CMakeFiles/hdf5-shared.dir/H5system.c.o -c /home/byrn/HDF_Projects/hdf5/dev/src/H5system.c
[374/4114] /usr/bin/cc -DH5_BUILT_AS_DYNAMIC_LIB -D_FILE_OFFSET_BITS=64 -D_GNU_SOURCE -D_LARGEFILE_SOURCE -D_POSIX_C_SOURCE=200809L -Dhdf5_shared_EXPORTS -I/home/byrn/HDF_Projects/hdf5/dev/src -I/home/byrn/HDF_Projects/hdf5/dev/src/H5FDsubfiling -I/home/byrn/HDF_Projects/hdf5/build/ci-StdShar-GNUC/src -I/home/byrn/HDF_Projects/hdf5/build/ci-StdShar-GNUC/_deps/hdf5_zlib-build -I/home/byrn/HDF_Projects/hdf5/build/ci-StdShar-GNUC/_deps/hdf5_zlib-src -I/home/byrn/HDF_Projects/hdf5/build/ci-StdShar-GNUC/_deps/szip-build -I/home/byrn/HDF_Projects/hdf5/build/ci-StdShar-GNUC/_deps/szip-src/include -I/home/byrn/HDF_Projects/hdf5/build/ci-StdShar-GNUC/_deps/szip-src -std=c99  -fstdarg-opt -fdiagnostics-urls=never -fno-diagnostics-color -fmessage-length=0 -O2 -g -DNDEBUG -std=gnu99 -fPIC -Wall -Wcast-qual -Wconversion -Wextra -Wfloat-equal -Wformat=2 -Winit-self -Winvalid-pch -Wmissing-include-dirs -Wshadow -Wundef -Wwrite-strings -pedantic -Wno-c++-compat -Wbad-function-cast -Wcast-align -Wformat -Wimplicit-function-declaration -Wint-to-pointer-cast -Wmissing-declarations -Wmissing-prototypes -Wnested-externs -Wold-style-definition -Wpacked -Wpointer-sign -Wpointer-to-int-cast -Wredundant-decls -Wstrict-prototypes -Wswitch -Wunused-but-set-variable -Wunused-variable -Wunused-function -Wunused-parameter -finline-functions -Wno-aggregate-return -Wno-inline -Wno-missing-format-attribute -Wno-missing-noreturn -Wno-overlength-strings -Wlarger-than=2560 -Wlogical-op -Wframe-larger-than=16384 -Wpacked-bitfield-compat -Wsync-nand -Wno-unsuffixed-float-constants -Wdouble-promotion -Wtrampolines -Wstack-usage=8192 -Wmaybe-uninitialized -Wno-jump-misses-init -Wstrict-overflow=2 -Wno-suggest-attribute=const -Wno-suggest-attribute=noreturn -Wno-suggest-attribute=pure -Wno-suggest-attribute=format -Wdate-time -Warray-bounds=2 -Wc99-c11-compat -Wincompatible-pointer-types -Wint-conversion -Wduplicated-cond -Whsa -Wnormalized -Wnull-dereference -Wunused-const-variable -Walloca -Walloc-zero -Wduplicated-branches -Wformat-overflow=2 -Wformat-truncation=1 -Wrestrict -Wattribute-alias -Wshift-overflow=2 -Wcast-function-type -Wcast-align=strict -Wno-suggest-attribute=cold -Wno-suggest-attribute=malloc -Wattribute-alias=2 -Wmissing-profile -Wc11-c2x-compat -MD -MT src/CMakeFiles/hdf5-shared.dir/H5Abtree2.c.o -MF src/CMakeFiles/hdf5-shared.dir/H5Abtree2.c.o.d -o src/CMakeFiles/hdf5-shared.dir/H5Abtree2.c.o -c /home/byrn/HDF_Projects/hdf5/dev/src/H5Abtree2.c
[375/4114] /usr/bin/cc -D_FILE_OFFSET_BITS=64 -D_GNU_SOURCE -D_LARGEFILE_SOURCE -D_POSIX_C_SOURCE=200809L -I/home/byrn/HDF_Projects/hdf5/dev/src -I/home/byrn/HDF_Projects/hdf5/dev/src/H5FDsubfiling -I/home/byrn/HDF_Projects/hdf5/build/ci-StdShar-GNUC/src -I/home/byrn/HDF_Projects/hdf5/build/ci-StdShar-GNUC/_deps/hdf5_zlib-build -I/home/byrn/HDF_Projects/hdf5/build/ci-StdShar-GNUC/_deps/hdf5_zlib-src -I/home/byrn/HDF_Projects/hdf5/build/ci-StdShar-GNUC/_deps/szip-build -I/home/byrn/HDF_Projects/hdf5/build/ci-StdShar-GNUC/_deps/szip-src/include -I/home/byrn/HDF_Projects/hdf5/build/ci-StdShar-GNUC/_deps/szip-src -std=c99  -fstdarg-opt -fdiagnostics-urls=never -fno-diagnostics-color -fmessage-length=0 -O2 -g -DNDEBUG -std=gnu99 -fPIC -Wall -Wcast-qual -Wconversion -Wextra -Wfloat-equal -Wformat=2 -Winit-self -Winvalid-pch -Wmissing-include-dirs -Wshadow -Wundef -Wwrite-strings -pedantic -Wno-c++-compat -Wbad-function-cast -Wcast-align -Wformat -Wimplicit-function-declaration -Wint-to-pointer-cast -Wmissing-declarations -Wmissing-prototypes -Wnested-externs -Wold-style-definition -Wpacked -Wpointer-sign -Wpointer-to-int-cast -Wredundant-decls -Wstrict-prototypes -Wswitch -Wunused-but-set-variable -Wunused-variable -Wunused-function -Wunused-parameter -finline-functions -Wno-aggregate-return -Wno-inline -Wno-missing-format-attribute -Wno-missing-noreturn -Wno-overlength-strings -Wlarger-than=2560 -Wlogical-op -Wframe-larger-than=16384 -Wpacked-bitfield-compat -Wsync-nand -Wno-unsuffixed-float-constants -Wdouble-promotion -Wtrampolines -Wstack-usage=8192 -Wmaybe-uninitialized -Wno-jump-misses-init -Wstrict-overflow=2 -Wno-suggest-attribute=const -Wno-suggest-attribute=noreturn -Wno-suggest-attribute=pure -Wno-suggest-attribute=format -Wdate-time -Warray-bounds=2 -Wc99-c11-compat -Wincompatible-pointer-types -Wint-conversion -Wduplicated-cond -Whsa -Wnormalized -Wnull-dereference -Wunused-const-variable -Walloca -Walloc-zero -Wduplicated-branches -Wformat-overflow=2 -Wformat-truncation=1 -Wrestrict -Wattribute-alias -Wshift-overflow=2 -Wcast-function-type -Wcast-align=strict -Wno-suggest-attribute=cold -Wno-suggest-attribute=malloc -Wattribute-alias=2 -Wmissing-profile -Wc11-c2x-compat -MD -MT src/CMakeFiles/hdf5-static.dir/H5VLcallback.c.o -MF src/CMakeFiles/hdf5-static.dir/H5VLcallback.c.o.d -o src/CMakeFiles/hdf5-static.dir/H5VLcallback.c.o -c /home/byrn/HDF_Projects/hdf5/dev/src/H5VLcallback.c
[376/4114] /usr/bin/cc -DH5_BUILT_AS_DYNAMIC_LIB -D_FILE_OFFSET_BITS=64 -D_GNU_SOURCE -D_LARGEFILE_SOURCE -D_POSIX_C_SOURCE=200809L -Dhdf5_shared_EXPORTS -I/home/byrn/HDF_Projects/hdf5/dev/src -I/home/byrn/HDF_Projects/hdf5/dev/src/H5FDsubfiling -I/home/byrn/HDF_Projects/hdf5/build/ci-StdShar-GNUC/src -I/home/byrn/HDF_Projects/hdf5/build/ci-StdShar-GNUC/_deps/hdf5_zlib-build -I/home/byrn/HDF_Projects/hdf5/build/ci-StdShar-GNUC/_deps/hdf5_zlib-src -I/home/byrn/HDF_Projects/hdf5/build/ci-StdShar-GNUC/_deps/szip-build -I/home/byrn/HDF_Projects/hdf5/build/ci-StdShar-GNUC/_deps/szip-src/include -I/home/byrn/HDF_Projects/hdf5/build/ci-StdShar-GNUC/_deps/szip-src -std=c99  -fstdarg-opt -fdiagnostics-urls=never -fno-diagnostics-color -fmessage-length=0 -O2 -g -DNDEBUG -std=gnu99 -fPIC -Wall -Wcast-qual -Wconversion -Wextra -Wfloat-equal -Wformat=2 -Winit-self -Winvalid-pch -Wmissing-include-dirs -Wshadow -Wundef -Wwrite-strings -pedantic -Wno-c++-compat -Wbad-function-cast -Wcast-align -Wformat -Wimplicit-function-declaration -Wint-to-pointer-cast -Wmissing-declarations -Wmissing-prototypes -Wnested-externs -Wold-style-definition -Wpacked -Wpointer-sign -Wpointer-to-int-cast -Wredundant-decls -Wstrict-prototypes -Wswitch -Wunused-but-set-variable -Wunused-variable -Wunused-function -Wunused-parameter -finline-functions -Wno-aggregate-return -Wno-inline -Wno-missing-format-attribute -Wno-missing-noreturn -Wno-overlength-strings -Wlarger-than=2560 -Wlogical-op -Wframe-larger-than=16384 -Wpacked-bitfield-compat -Wsync-nand -Wno-unsuffixed-float-constants -Wdouble-promotion -Wtrampolines -Wstack-usage=8192 -Wmaybe-uninitialized -Wno-jump-misses-init -Wstrict-overflow=2 -Wno-suggest-attribute=const -Wno-suggest-attribute=noreturn -Wno-suggest-attribute=pure -Wno-suggest-attribute=format -Wdate-time -Warray-bounds=2 -Wc99-c11-compat -Wincompatible-pointer-types -Wint-conversion -Wduplicated-cond -Whsa -Wnormalized -Wnull-dereference -Wunused-const-variable -Walloca -Walloc-zero -Wduplicated-branches -Wformat-overflow=2 -Wformat-truncation=1 -Wrestrict -Wattribute-alias -Wshift-overflow=2 -Wcast-function-type -Wcast-align=strict -Wno-suggest-attribute=cold -Wno-suggest-attribute=malloc -Wattribute-alias=2 -Wmissing-profile -Wc11-c2x-compat -MD -MT src/CMakeFiles/hdf5-shared.dir/H5Adeprec.c.o -MF src/CMakeFiles/hdf5-shared.dir/H5Adeprec.c.o.d -o src/CMakeFiles/hdf5-shared.dir/H5Adeprec.c.o -c /home/byrn/HDF_Projects/hdf5/dev/src/H5Adeprec.c
[377/4114] /usr/bin/cc -DH5_BUILT_AS_DYNAMIC_LIB -D_FILE_OFFSET_BITS=64 -D_GNU_SOURCE -D_LARGEFILE_SOURCE -D_POSIX_C_SOURCE=200809L -Dhdf5_shared_EXPORTS -I/home/byrn/HDF_Projects/hdf5/dev/src -I/home/byrn/HDF_Projects/hdf5/dev/src/H5FDsubfiling -I/home/byrn/HDF_Projects/hdf5/build/ci-StdShar-GNUC/src -I/home/byrn/HDF_Projects/hdf5/build/ci-StdShar-GNUC/_deps/hdf5_zlib-build -I/home/byrn/HDF_Projects/hdf5/build/ci-StdShar-GNUC/_deps/hdf5_zlib-src -I/home/byrn/HDF_Projects/hdf5/build/ci-StdShar-GNUC/_deps/szip-build -I/home/byrn/HDF_Projects/hdf5/build/ci-StdShar-GNUC/_deps/szip-src/include -I/home/byrn/HDF_Projects/hdf5/build/ci-StdShar-GNUC/_deps/szip-src -std=c99  -fstdarg-opt -fdiagnostics-urls=never -fno-diagnostics-color -fmessage-length=0 -O2 -g -DNDEBUG -std=gnu99 -fPIC -Wall -Wcast-qual -Wconversion -Wextra -Wfloat-equal -Wformat=2 -Winit-self -Winvalid-pch -Wmissing-include-dirs -Wshadow -Wundef -Wwrite-strings -pedantic -Wno-c++-compat -Wbad-function-cast -Wcast-align -Wformat -Wimplicit-function-declaration -Wint-to-pointer-cast -Wmissing-declarations -Wmissing-prototypes -Wnested-externs -Wold-style-definition -Wpacked -Wpointer-sign -Wpointer-to-int-cast -Wredundant-decls -Wstrict-prototypes -Wswitch -Wunused-but-set-variable -Wunused-variable -Wunused-function -Wunused-parameter -finline-functions -Wno-aggregate-return -Wno-inline -Wno-missing-format-attribute -Wno-missing-noreturn -Wno-overlength-strings -Wlarger-than=2560 -Wlogical-op -Wframe-larger-than=16384 -Wpacked-bitfield-compat -Wsync-nand -Wno-unsuffixed-float-constants -Wdouble-promotion -Wtrampolines -Wstack-usage=8192 -Wmaybe-uninitialized -Wno-jump-misses-init -Wstrict-overflow=2 -Wno-suggest-attribute=const -Wno-suggest-attribute=noreturn -Wno-suggest-attribute=pure -Wno-suggest-attribute=format -Wdate-time -Warray-bounds=2 -Wc99-c11-compat -Wincompatible-pointer-types -Wint-conversion -Wduplicated-cond -Whsa -Wnormalized -Wnull-dereference -Wunused-const-variable -Walloca -Walloc-zero -Wduplicated-branches -Wformat-overflow=2 -Wformat-truncation=1 -Wrestrict -Wattribute-alias -Wshift-overflow=2 -Wcast-function-type -Wcast-align=strict -Wno-suggest-attribute=cold -Wno-suggest-attribute=malloc -Wattribute-alias=2 -Wmissing-profile -Wc11-c2x-compat -MD -MT src/CMakeFiles/hdf5-shared.dir/H5Adense.c.o -MF src/CMakeFiles/hdf5-shared.dir/H5Adense.c.o.d -o src/CMakeFiles/hdf5-shared.dir/H5Adense.c.o -c /home/byrn/HDF_Projects/hdf5/dev/src/H5Adense.c
[378/4114] /usr/bin/cc -D_FILE_OFFSET_BITS=64 -D_GNU_SOURCE -D_LARGEFILE_SOURCE -D_POSIX_C_SOURCE=200809L -I/home/byrn/HDF_Projects/hdf5/dev/src -I/home/byrn/HDF_Projects/hdf5/dev/src/H5FDsubfiling -I/home/byrn/HDF_Projects/hdf5/build/ci-StdShar-GNUC/src -I/home/byrn/HDF_Projects/hdf5/build/ci-StdShar-GNUC/_deps/hdf5_zlib-build -I/home/byrn/HDF_Projects/hdf5/build/ci-StdShar-GNUC/_deps/hdf5_zlib-src -I/home/byrn/HDF_Projects/hdf5/build/ci-StdShar-GNUC/_deps/szip-build -I/home/byrn/HDF_Projects/hdf5/build/ci-StdShar-GNUC/_deps/szip-src/include -I/home/byrn/HDF_Projects/hdf5/build/ci-StdShar-GNUC/_deps/szip-src -std=c99  -fstdarg-opt -fdiagnostics-urls=never -fno-diagnostics-color -fmessage-length=0 -O2 -g -DNDEBUG -std=gnu99 -fPIC -Wall -Wcast-qual -Wconversion -Wextra -Wfloat-equal -Wformat=2 -Winit-self -Winvalid-pch -Wmissing-include-dirs -Wshadow -Wundef -Wwrite-strings -pedantic -Wno-c++-compat -Wbad-function-cast -Wcast-align -Wformat -Wimplicit-function-declaration -Wint-to-pointer-cast -Wmissing-declarations -Wmissing-prototypes -Wnested-externs -Wold-style-definition -Wpacked -Wpointer-sign -Wpointer-to-int-cast -Wredundant-decls -Wstrict-prototypes -Wswitch -Wunused-but-set-variable -Wunused-variable -Wunused-function -Wunused-parameter -finline-functions -Wno-aggregate-return -Wno-inline -Wno-missing-format-attribute -Wno-missing-noreturn -Wno-overlength-strings -Wlarger-than=2560 -Wlogical-op -Wframe-larger-than=16384 -Wpacked-bitfield-compat -Wsync-nand -Wno-unsuffixed-float-constants -Wdouble-promotion -Wtrampolines -Wstack-usage=8192 -Wmaybe-uninitialized -Wno-jump-misses-init -Wstrict-overflow=2 -Wno-suggest-attribute=const -Wno-suggest-attribute=noreturn -Wno-suggest-attribute=pure -Wno-suggest-attribute=format -Wdate-time -Warray-bounds=2 -Wc99-c11-compat -Wincompatible-pointer-types -Wint-conversion -Wduplicated-cond -Whsa -Wnormalized -Wnull-dereference -Wunused-const-variable -Walloca -Walloc-zero -Wduplicated-branches -Wformat-overflow=2 -Wformat-truncation=1 -Wrestrict -Wattribute-alias -Wshift-overflow=2 -Wcast-function-type -Wcast-align=strict -Wno-suggest-attribute=cold -Wno-suggest-attribute=malloc -Wattribute-alias=2 -Wmissing-profile -Wc11-c2x-compat -MD -MT src/CMakeFiles/hdf5-static.dir/H5Zscaleoffset.c.o -MF src/CMakeFiles/hdf5-static.dir/H5Zscaleoffset.c.o.d -o src/CMakeFiles/hdf5-static.dir/H5Zscaleoffset.c.o -c /home/byrn/HDF_Projects/hdf5/dev/src/H5Zscaleoffset.c
[379/4114] /usr/bin/cc -DH5_BUILT_AS_DYNAMIC_LIB -D_FILE_OFFSET_BITS=64 -D_GNU_SOURCE -D_LARGEFILE_SOURCE -D_POSIX_C_SOURCE=200809L -Dhdf5_shared_EXPORTS -I/home/byrn/HDF_Projects/hdf5/dev/src -I/home/byrn/HDF_Projects/hdf5/dev/src/H5FDsubfiling -I/home/byrn/HDF_Projects/hdf5/build/ci-StdShar-GNUC/src -I/home/byrn/HDF_Projects/hdf5/build/ci-StdShar-GNUC/_deps/hdf5_zlib-build -I/home/byrn/HDF_Projects/hdf5/build/ci-StdShar-GNUC/_deps/hdf5_zlib-src -I/home/byrn/HDF_Projects/hdf5/build/ci-StdShar-GNUC/_deps/szip-build -I/home/byrn/HDF_Projects/hdf5/build/ci-StdShar-GNUC/_deps/szip-src/include -I/home/byrn/HDF_Projects/hdf5/build/ci-StdShar-GNUC/_deps/szip-src -std=c99  -fstdarg-opt -fdiagnostics-urls=never -fno-diagnostics-color -fmessage-length=0 -O2 -g -DNDEBUG -std=gnu99 -fPIC -Wall -Wcast-qual -Wconversion -Wextra -Wfloat-equal -Wformat=2 -Winit-self -Winvalid-pch -Wmissing-include-dirs -Wshadow -Wundef -Wwrite-strings -pedantic -Wno-c++-compat -Wbad-function-cast -Wcast-align -Wformat -Wimplicit-function-declaration -Wint-to-pointer-cast -Wmissing-declarations -Wmissing-prototypes -Wnested-externs -Wold-style-definition -Wpacked -Wpointer-sign -Wpointer-to-int-cast -Wredundant-decls -Wstrict-prototypes -Wswitch -Wunused-but-set-variable -Wunused-variable -Wunused-function -Wunused-parameter -finline-functions -Wno-aggregate-return -Wno-inline -Wno-missing-format-attribute -Wno-missing-noreturn -Wno-overlength-strings -Wlarger-than=2560 -Wlogical-op -Wframe-larger-than=16384 -Wpacked-bitfield-compat -Wsync-nand -Wno-unsuffixed-float-constants -Wdouble-promotion -Wtrampolines -Wstack-usage=8192 -Wmaybe-uninitialized -Wno-jump-misses-init -Wstrict-overflow=2 -Wno-suggest-attribute=const -Wno-suggest-attribute=noreturn -Wno-suggest-attribute=pure -Wno-suggest-attribute=format -Wdate-time -Warray-bounds=2 -Wc99-c11-compat -Wincompatible-pointer-types -Wint-conversion -Wduplicated-cond -Whsa -Wnormalized -Wnull-dereference -Wunused-const-variable -Walloca -Walloc-zero -Wduplicated-branches -Wformat-overflow=2 -Wformat-truncation=1 -Wrestrict -Wattribute-alias -Wshift-overflow=2 -Wcast-function-type -Wcast-align=strict -Wno-suggest-attribute=cold -Wno-suggest-attribute=malloc -Wattribute-alias=2 -Wmissing-profile -Wc11-c2x-compat -MD -MT src/CMakeFiles/hdf5-shared.dir/H5trace.c.o -MF src/CMakeFiles/hdf5-shared.dir/H5trace.c.o.d -o src/CMakeFiles/hdf5-shared.dir/H5trace.c.o -c /home/byrn/HDF_Projects/hdf5/dev/src/H5trace.c
[380/4114] /usr/bin/cc -DH5_BUILT_AS_DYNAMIC_LIB -D_FILE_OFFSET_BITS=64 -D_GNU_SOURCE -D_LARGEFILE_SOURCE -D_POSIX_C_SOURCE=200809L -Dhdf5_shared_EXPORTS -I/home/byrn/HDF_Projects/hdf5/dev/src -I/home/byrn/HDF_Projects/hdf5/dev/src/H5FDsubfiling -I/home/byrn/HDF_Projects/hdf5/build/ci-StdShar-GNUC/src -I/home/byrn/HDF_Projects/hdf5/build/ci-StdShar-GNUC/_deps/hdf5_zlib-build -I/home/byrn/HDF_Projects/hdf5/build/ci-StdShar-GNUC/_deps/hdf5_zlib-src -I/home/byrn/HDF_Projects/hdf5/build/ci-StdShar-GNUC/_deps/szip-build -I/home/byrn/HDF_Projects/hdf5/build/ci-StdShar-GNUC/_deps/szip-src/include -I/home/byrn/HDF_Projects/hdf5/build/ci-StdShar-GNUC/_deps/szip-src -std=c99  -fstdarg-opt -fdiagnostics-urls=never -fno-diagnostics-color -fmessage-length=0 -O2 -g -DNDEBUG -std=gnu99 -fPIC -Wall -Wcast-qual -Wconversion -Wextra -Wfloat-equal -Wformat=2 -Winit-self -Winvalid-pch -Wmissing-include-dirs -Wshadow -Wundef -Wwrite-strings -pedantic -Wno-c++-compat -Wbad-function-cast -Wcast-align -Wformat -Wimplicit-function-declaration -Wint-to-pointer-cast -Wmissing-declarations -Wmissing-prototypes -Wnested-externs -Wold-style-definition -Wpacked -Wpointer-sign -Wpointer-to-int-cast -Wredundant-decls -Wstrict-prototypes -Wswitch -Wunused-but-set-variable -Wunused-variable -Wunused-function -Wunused-parameter -finline-functions -Wno-aggregate-return -Wno-inline -Wno-missing-format-attribute -Wno-missing-noreturn -Wno-overlength-strings -Wlarger-than=2560 -Wlogical-op -Wframe-larger-than=16384 -Wpacked-bitfield-compat -Wsync-nand -Wno-unsuffixed-float-constants -Wdouble-promotion -Wtrampolines -Wstack-usage=8192 -Wmaybe-uninitialized -Wno-jump-misses-init -Wstrict-overflow=2 -Wno-suggest-attribute=const -Wno-suggest-attribute=noreturn -Wno-suggest-attribute=pure -Wno-suggest-attribute=format -Wdate-time -Warray-bounds=2 -Wc99-c11-compat -Wincompatible-pointer-types -Wint-conversion -Wduplicated-cond -Whsa -Wnormalized -Wnull-dereference -Wunused-const-variable -Walloca -Walloc-zero -Wduplicated-branches -Wformat-overflow=2 -Wformat-truncation=1 -Wrestrict -Wattribute-alias -Wshift-overflow=2 -Wcast-function-type -Wcast-align=strict -Wno-suggest-attribute=cold -Wno-suggest-attribute=malloc -Wattribute-alias=2 -Wmissing-profile -Wc11-c2x-compat -MD -MT src/CMakeFiles/hdf5-shared.dir/H5Atest.c.o -MF src/CMakeFiles/hdf5-shared.dir/H5Atest.c.o.d -o src/CMakeFiles/hdf5-shared.dir/H5Atest.c.o -c /home/byrn/HDF_Projects/hdf5/dev/src/H5Atest.c
[381/4114] /usr/bin/cc -DH5_BUILT_AS_DYNAMIC_LIB -D_FILE_OFFSET_BITS=64 -D_GNU_SOURCE -D_LARGEFILE_SOURCE -D_POSIX_C_SOURCE=200809L -Dhdf5_shared_EXPORTS -I/home/byrn/HDF_Projects/hdf5/dev/src -I/home/byrn/HDF_Projects/hdf5/dev/src/H5FDsubfiling -I/home/byrn/HDF_Projects/hdf5/build/ci-StdShar-GNUC/src -I/home/byrn/HDF_Projects/hdf5/build/ci-StdShar-GNUC/_deps/hdf5_zlib-build -I/home/byrn/HDF_Projects/hdf5/build/ci-StdShar-GNUC/_deps/hdf5_zlib-src -I/home/byrn/HDF_Projects/hdf5/build/ci-StdShar-GNUC/_deps/szip-build -I/home/byrn/HDF_Projects/hdf5/build/ci-StdShar-GNUC/_deps/szip-src/include -I/home/byrn/HDF_Projects/hdf5/build/ci-StdShar-GNUC/_deps/szip-src -std=c99  -fstdarg-opt -fdiagnostics-urls=never -fno-diagnostics-color -fmessage-length=0 -O2 -g -DNDEBUG -std=gnu99 -fPIC -Wall -Wcast-qual -Wconversion -Wextra -Wfloat-equal -Wformat=2 -Winit-self -Winvalid-pch -Wmissing-include-dirs -Wshadow -Wundef -Wwrite-strings -pedantic -Wno-c++-compat -Wbad-function-cast -Wcast-align -Wformat -Wimplicit-function-declaration -Wint-to-pointer-cast -Wmissing-declarations -Wmissing-prototypes -Wnested-externs -Wold-style-definition -Wpacked -Wpointer-sign -Wpointer-to-int-cast -Wredundant-decls -Wstrict-prototypes -Wswitch -Wunused-but-set-variable -Wunused-variable -Wunused-function -Wunused-parameter -finline-functions -Wno-aggregate-return -Wno-inline -Wno-missing-format-attribute -Wno-missing-noreturn -Wno-overlength-strings -Wlarger-than=2560 -Wlogical-op -Wframe-larger-than=16384 -Wpacked-bitfield-compat -Wsync-nand -Wno-unsuffixed-float-constants -Wdouble-promotion -Wtrampolines -Wstack-usage=8192 -Wmaybe-uninitialized -Wno-jump-misses-init -Wstrict-overflow=2 -Wno-suggest-attribute=const -Wno-suggest-attribute=noreturn -Wno-suggest-attribute=pure -Wno-suggest-attribute=format -Wdate-time -Warray-bounds=2 -Wc99-c11-compat -Wincompatible-pointer-types -Wint-conversion -Wduplicated-cond -Whsa -Wnormalized -Wnull-dereference -Wunused-const-variable -Walloca -Walloc-zero -Wduplicated-branches -Wformat-overflow=2 -Wformat-truncation=1 -Wrestrict -Wattribute-alias -Wshift-overflow=2 -Wcast-function-type -Wcast-align=strict -Wno-suggest-attribute=cold -Wno-suggest-attribute=malloc -Wattribute-alias=2 -Wmissing-profile -Wc11-c2x-compat -MD -MT src/CMakeFiles/hdf5-shared.dir/H5ACmpio.c.o -MF src/CMakeFiles/hdf5-shared.dir/H5ACmpio.c.o.d -o src/CMakeFiles/hdf5-shared.dir/H5ACmpio.c.o -c /home/byrn/HDF_Projects/hdf5/dev/src/H5ACmpio.c
[382/4114] /usr/bin/cc -DH5_BUILT_AS_DYNAMIC_LIB -D_FILE_OFFSET_BITS=64 -D_GNU_SOURCE -D_LARGEFILE_SOURCE -D_POSIX_C_SOURCE=200809L -Dhdf5_shared_EXPORTS -I/home/byrn/HDF_Projects/hdf5/dev/src -I/home/byrn/HDF_Projects/hdf5/dev/src/H5FDsubfiling -I/home/byrn/HDF_Projects/hdf5/build/ci-StdShar-GNUC/src -I/home/byrn/HDF_Projects/hdf5/build/ci-StdShar-GNUC/_deps/hdf5_zlib-build -I/home/byrn/HDF_Projects/hdf5/build/ci-StdShar-GNUC/_deps/hdf5_zlib-src -I/home/byrn/HDF_Projects/hdf5/build/ci-StdShar-GNUC/_deps/szip-build -I/home/byrn/HDF_Projects/hdf5/build/ci-StdShar-GNUC/_deps/szip-src/include -I/home/byrn/HDF_Projects/hdf5/build/ci-StdShar-GNUC/_deps/szip-src -std=c99  -fstdarg-opt -fdiagnostics-urls=never -fno-diagnostics-color -fmessage-length=0 -O2 -g -DNDEBUG -std=gnu99 -fPIC -Wall -Wcast-qual -Wconversion -Wextra -Wfloat-equal -Wformat=2 -Winit-self -Winvalid-pch -Wmissing-include-dirs -Wshadow -Wundef -Wwrite-strings -pedantic -Wno-c++-compat -Wbad-function-cast -Wcast-align -Wformat -Wimplicit-function-declaration -Wint-to-pointer-cast -Wmissing-declarations -Wmissing-prototypes -Wnested-externs -Wold-style-definition -Wpacked -Wpointer-sign -Wpointer-to-int-cast -Wredundant-decls -Wstrict-prototypes -Wswitch -Wunused-but-set-variable -Wunused-variable -Wunused-function -Wunused-parameter -finline-functions -Wno-aggregate-return -Wno-inline -Wno-missing-format-attribute -Wno-missing-noreturn -Wno-overlength-strings -Wlarger-than=2560 -Wlogical-op -Wframe-larger-than=16384 -Wpacked-bitfield-compat -Wsync-nand -Wno-unsuffixed-float-constants -Wdouble-promotion -Wtrampolines -Wstack-usage=8192 -Wmaybe-uninitialized -Wno-jump-misses-init -Wstrict-overflow=2 -Wno-suggest-attribute=const -Wno-suggest-attribute=noreturn -Wno-suggest-attribute=pure -Wno-suggest-attribute=format -Wdate-time -Warray-bounds=2 -Wc99-c11-compat -Wincompatible-pointer-types -Wint-conversion -Wduplicated-cond -Whsa -Wnormalized -Wnull-dereference -Wunused-const-variable -Walloca -Walloc-zero -Wduplicated-branches -Wformat-overflow=2 -Wformat-truncation=1 -Wrestrict -Wattribute-alias -Wshift-overflow=2 -Wcast-function-type -Wcast-align=strict -Wno-suggest-attribute=cold -Wno-suggest-attribute=malloc -Wattribute-alias=2 -Wmissing-profile -Wc11-c2x-compat -MD -MT src/CMakeFiles/hdf5-shared.dir/H5ACdbg.c.o -MF src/CMakeFiles/hdf5-shared.dir/H5ACdbg.c.o.d -o src/CMakeFiles/hdf5-shared.dir/H5ACdbg.c.o -c /home/byrn/HDF_Projects/hdf5/dev/src/H5ACdbg.c
[383/4114] /usr/bin/cc -DH5_BUILT_AS_DYNAMIC_LIB -D_FILE_OFFSET_BITS=64 -D_GNU_SOURCE -D_LARGEFILE_SOURCE -D_POSIX_C_SOURCE=200809L -Dhdf5_shared_EXPORTS -I/home/byrn/HDF_Projects/hdf5/dev/src -I/home/byrn/HDF_Projects/hdf5/dev/src/H5FDsubfiling -I/home/byrn/HDF_Projects/hdf5/build/ci-StdShar-GNUC/src -I/home/byrn/HDF_Projects/hdf5/build/ci-StdShar-GNUC/_deps/hdf5_zlib-build -I/home/byrn/HDF_Projects/hdf5/build/ci-StdShar-GNUC/_deps/hdf5_zlib-src -I/home/byrn/HDF_Projects/hdf5/build/ci-StdShar-GNUC/_deps/szip-build -I/home/byrn/HDF_Projects/hdf5/build/ci-StdShar-GNUC/_deps/szip-src/include -I/home/byrn/HDF_Projects/hdf5/build/ci-StdShar-GNUC/_deps/szip-src -std=c99  -fstdarg-opt -fdiagnostics-urls=never -fno-diagnostics-color -fmessage-length=0 -O2 -g -DNDEBUG -std=gnu99 -fPIC -Wall -Wcast-qual -Wconversion -Wextra -Wfloat-equal -Wformat=2 -Winit-self -Winvalid-pch -Wmissing-include-dirs -Wshadow -Wundef -Wwrite-strings -pedantic -Wno-c++-compat -Wbad-function-cast -Wcast-align -Wformat -Wimplicit-function-declaration -Wint-to-pointer-cast -Wmissing-declarations -Wmissing-prototypes -Wnested-externs -Wold-style-definition -Wpacked -Wpointer-sign -Wpointer-to-int-cast -Wredundant-decls -Wstrict-prototypes -Wswitch -Wunused-but-set-variable -Wunused-variable -Wunused-function -Wunused-parameter -finline-functions -Wno-aggregate-return -Wno-inline -Wno-missing-format-attribute -Wno-missing-noreturn -Wno-overlength-strings -Wlarger-than=2560 -Wlogical-op -Wframe-larger-than=16384 -Wpacked-bitfield-compat -Wsync-nand -Wno-unsuffixed-float-constants -Wdouble-promotion -Wtrampolines -Wstack-usage=8192 -Wmaybe-uninitialized -Wno-jump-misses-init -Wstrict-overflow=2 -Wno-suggest-attribute=const -Wno-suggest-attribute=noreturn -Wno-suggest-attribute=pure -Wno-suggest-attribute=format -Wdate-time -Warray-bounds=2 -Wc99-c11-compat -Wincompatible-pointer-types -Wint-conversion -Wduplicated-cond -Whsa -Wnormalized -Wnull-dereference -Wunused-const-variable -Walloca -Walloc-zero -Wduplicated-branches -Wformat-overflow=2 -Wformat-truncation=1 -Wrestrict -Wattribute-alias -Wshift-overflow=2 -Wcast-function-type -Wcast-align=strict -Wno-suggest-attribute=cold -Wno-suggest-attribute=malloc -Wattribute-alias=2 -Wmissing-profile -Wc11-c2x-compat -MD -MT src/CMakeFiles/hdf5-shared.dir/H5Aint.c.o -MF src/CMakeFiles/hdf5-shared.dir/H5Aint.c.o.d -o src/CMakeFiles/hdf5-shared.dir/H5Aint.c.o -c /home/byrn/HDF_Projects/hdf5/dev/src/H5Aint.c
[384/4114] /usr/bin/cc -D_FILE_OFFSET_BITS=64 -D_GNU_SOURCE -D_LARGEFILE_SOURCE -D_POSIX_C_SOURCE=200809L -I/home/byrn/HDF_Projects/hdf5/dev/src -I/home/byrn/HDF_Projects/hdf5/dev/src/H5FDsubfiling -I/home/byrn/HDF_Projects/hdf5/build/ci-StdShar-GNUC/src -I/home/byrn/HDF_Projects/hdf5/build/ci-StdShar-GNUC/_deps/hdf5_zlib-build -I/home/byrn/HDF_Projects/hdf5/build/ci-StdShar-GNUC/_deps/hdf5_zlib-src -I/home/byrn/HDF_Projects/hdf5/build/ci-StdShar-GNUC/_deps/szip-build -I/home/byrn/HDF_Projects/hdf5/build/ci-StdShar-GNUC/_deps/szip-src/include -I/home/byrn/HDF_Projects/hdf5/build/ci-StdShar-GNUC/_deps/szip-src -std=c99  -fstdarg-opt -fdiagnostics-urls=never -fno-diagnostics-color -fmessage-length=0 -O2 -g -DNDEBUG -std=gnu99 -fPIC -Wall -Wcast-qual -Wconversion -Wextra -Wfloat-equal -Wformat=2 -Winit-self -Winvalid-pch -Wmissing-include-dirs -Wshadow -Wundef -Wwrite-strings -pedantic -Wno-c++-compat -Wbad-function-cast -Wcast-align -Wformat -Wimplicit-function-declaration -Wint-to-pointer-cast -Wmissing-declarations -Wmissing-prototypes -Wnested-externs -Wold-style-definition -Wpacked -Wpointer-sign -Wpointer-to-int-cast -Wredundant-decls -Wstrict-prototypes -Wswitch -Wunused-but-set-variable -Wunused-variable -Wunused-function -Wunused-parameter -finline-functions -Wno-aggregate-return -Wno-inline -Wno-missing-format-attribute -Wno-missing-noreturn -Wno-overlength-strings -Wlarger-than=2560 -Wlogical-op -Wframe-larger-than=16384 -Wpacked-bitfield-compat -Wsync-nand -Wno-unsuffixed-float-constants -Wdouble-promotion -Wtrampolines -Wstack-usage=8192 -Wmaybe-uninitialized -Wno-jump-misses-init -Wstrict-overflow=2 -Wno-suggest-attribute=const -Wno-suggest-attribute=noreturn -Wno-suggest-attribute=pure -Wno-suggest-attribute=format -Wdate-time -Warray-bounds=2 -Wc99-c11-compat -Wincompatible-pointer-types -Wint-conversion -Wduplicated-cond -Whsa -Wnormalized -Wnull-dereference -Wunused-const-variable -Walloca -Walloc-zero -Wduplicated-branches -Wformat-overflow=2 -Wformat-truncation=1 -Wrestrict -Wattribute-alias -Wshift-overflow=2 -Wcast-function-type -Wcast-align=strict -Wno-suggest-attribute=cold -Wno-suggest-attribute=malloc -Wattribute-alias=2 -Wmissing-profile -Wc11-c2x-compat -MD -MT src/CMakeFiles/hdf5-static.dir/H5Ztrans.c.o -MF src/CMakeFiles/hdf5-static.dir/H5Ztrans.c.o.d -o src/CMakeFiles/hdf5-static.dir/H5Ztrans.c.o -c /home/byrn/HDF_Projects/hdf5/dev/src/H5Ztrans.c
[385/4114] /usr/bin/cc -DH5_BUILT_AS_DYNAMIC_LIB -D_FILE_OFFSET_BITS=64 -D_GNU_SOURCE -D_LARGEFILE_SOURCE -D_POSIX_C_SOURCE=200809L -Dhdf5_shared_EXPORTS -I/home/byrn/HDF_Projects/hdf5/dev/src -I/home/byrn/HDF_Projects/hdf5/dev/src/H5FDsubfiling -I/home/byrn/HDF_Projects/hdf5/build/ci-StdShar-GNUC/src -I/home/byrn/HDF_Projects/hdf5/build/ci-StdShar-GNUC/_deps/hdf5_zlib-build -I/home/byrn/HDF_Projects/hdf5/build/ci-StdShar-GNUC/_deps/hdf5_zlib-src -I/home/byrn/HDF_Projects/hdf5/build/ci-StdShar-GNUC/_deps/szip-build -I/home/byrn/HDF_Projects/hdf5/build/ci-StdShar-GNUC/_deps/szip-src/include -I/home/byrn/HDF_Projects/hdf5/build/ci-StdShar-GNUC/_deps/szip-src -std=c99  -fstdarg-opt -fdiagnostics-urls=never -fno-diagnostics-color -fmessage-length=0 -O2 -g -DNDEBUG -std=gnu99 -fPIC -Wall -Wcast-qual -Wconversion -Wextra -Wfloat-equal -Wformat=2 -Winit-self -Winvalid-pch -Wmissing-include-dirs -Wshadow -Wundef -Wwrite-strings -pedantic -Wno-c++-compat -Wbad-function-cast -Wcast-align -Wformat -Wimplicit-function-declaration -Wint-to-pointer-cast -Wmissing-declarations -Wmissing-prototypes -Wnested-externs -Wold-style-definition -Wpacked -Wpointer-sign -Wpointer-to-int-cast -Wredundant-decls -Wstrict-prototypes -Wswitch -Wunused-but-set-variable -Wunused-variable -Wunused-function -Wunused-parameter -finline-functions -Wno-aggregate-return -Wno-inline -Wno-missing-format-attribute -Wno-missing-noreturn -Wno-overlength-strings -Wlarger-than=2560 -Wlogical-op -Wframe-larger-than=16384 -Wpacked-bitfield-compat -Wsync-nand -Wno-unsuffixed-float-constants -Wdouble-promotion -Wtrampolines -Wstack-usage=8192 -Wmaybe-uninitialized -Wno-jump-misses-init -Wstrict-overflow=2 -Wno-suggest-attribute=const -Wno-suggest-attribute=noreturn -Wno-suggest-attribute=pure -Wno-suggest-attribute=format -Wdate-time -Warray-bounds=2 -Wc99-c11-compat -Wincompatible-pointer-types -Wint-conversion -Wduplicated-cond -Whsa -Wnormalized -Wnull-dereference -Wunused-const-variable -Walloca -Walloc-zero -Wduplicated-branches -Wformat-overflow=2 -Wformat-truncation=1 -Wrestrict -Wattribute-alias -Wshift-overflow=2 -Wcast-function-type -Wcast-align=strict -Wno-suggest-attribute=cold -Wno-suggest-attribute=malloc -Wattribute-alias=2 -Wmissing-profile -Wc11-c2x-compat -MD -MT src/CMakeFiles/hdf5-shared.dir/H5ACproxy_entry.c.o -MF src/CMakeFiles/hdf5-shared.dir/H5ACproxy_entry.c.o.d -o src/CMakeFiles/hdf5-shared.dir/H5ACproxy_entry.c.o -c /home/byrn/HDF_Projects/hdf5/dev/src/H5ACproxy_entry.c
[386/4114] /usr/bin/cc -DH5_BUILT_AS_DYNAMIC_LIB -D_FILE_OFFSET_BITS=64 -D_GNU_SOURCE -D_LARGEFILE_SOURCE -D_POSIX_C_SOURCE=200809L -Dhdf5_shared_EXPORTS -I/home/byrn/HDF_Projects/hdf5/dev/src -I/home/byrn/HDF_Projects/hdf5/dev/src/H5FDsubfiling -I/home/byrn/HDF_Projects/hdf5/build/ci-StdShar-GNUC/src -I/home/byrn/HDF_Projects/hdf5/build/ci-StdShar-GNUC/_deps/hdf5_zlib-build -I/home/byrn/HDF_Projects/hdf5/build/ci-StdShar-GNUC/_deps/hdf5_zlib-src -I/home/byrn/HDF_Projects/hdf5/build/ci-StdShar-GNUC/_deps/szip-build -I/home/byrn/HDF_Projects/hdf5/build/ci-StdShar-GNUC/_deps/szip-src/include -I/home/byrn/HDF_Projects/hdf5/build/ci-StdShar-GNUC/_deps/szip-src -std=c99  -fstdarg-opt -fdiagnostics-urls=never -fno-diagnostics-color -fmessage-length=0 -O2 -g -DNDEBUG -std=gnu99 -fPIC -Wall -Wcast-qual -Wconversion -Wextra -Wfloat-equal -Wformat=2 -Winit-self -Winvalid-pch -Wmissing-include-dirs -Wshadow -Wundef -Wwrite-strings -pedantic -Wno-c++-compat -Wbad-function-cast -Wcast-align -Wformat -Wimplicit-function-declaration -Wint-to-pointer-cast -Wmissing-declarations -Wmissing-prototypes -Wnested-externs -Wold-style-definition -Wpacked -Wpointer-sign -Wpointer-to-int-cast -Wredundant-decls -Wstrict-prototypes -Wswitch -Wunused-but-set-variable -Wunused-variable -Wunused-function -Wunused-parameter -finline-functions -Wno-aggregate-return -Wno-inline -Wno-missing-format-attribute -Wno-missing-noreturn -Wno-overlength-strings -Wlarger-than=2560 -Wlogical-op -Wframe-larger-than=16384 -Wpacked-bitfield-compat -Wsync-nand -Wno-unsuffixed-float-constants -Wdouble-promotion -Wtrampolines -Wstack-usage=8192 -Wmaybe-uninitialized -Wno-jump-misses-init -Wstrict-overflow=2 -Wno-suggest-attribute=const -Wno-suggest-attribute=noreturn -Wno-suggest-attribute=pure -Wno-suggest-attribute=format -Wdate-time -Warray-bounds=2 -Wc99-c11-compat -Wincompatible-pointer-types -Wint-conversion -Wduplicated-cond -Whsa -Wnormalized -Wnull-dereference -Wunused-const-variable -Walloca -Walloc-zero -Wduplicated-branches -Wformat-overflow=2 -Wformat-truncation=1 -Wrestrict -Wattribute-alias -Wshift-overflow=2 -Wcast-function-type -Wcast-align=strict -Wno-suggest-attribute=cold -Wno-suggest-attribute=malloc -Wattribute-alias=2 -Wmissing-profile -Wc11-c2x-compat -MD -MT src/CMakeFiles/hdf5-shared.dir/H5A.c.o -MF src/CMakeFiles/hdf5-shared.dir/H5A.c.o.d -o src/CMakeFiles/hdf5-shared.dir/H5A.c.o -c /home/byrn/HDF_Projects/hdf5/dev/src/H5A.c
[387/4114] /usr/bin/cc -DH5_BUILT_AS_DYNAMIC_LIB -D_FILE_OFFSET_BITS=64 -D_GNU_SOURCE -D_LARGEFILE_SOURCE -D_POSIX_C_SOURCE=200809L -Dhdf5_shared_EXPORTS -I/home/byrn/HDF_Projects/hdf5/dev/src -I/home/byrn/HDF_Projects/hdf5/dev/src/H5FDsubfiling -I/home/byrn/HDF_Projects/hdf5/build/ci-StdShar-GNUC/src -I/home/byrn/HDF_Projects/hdf5/build/ci-StdShar-GNUC/_deps/hdf5_zlib-build -I/home/byrn/HDF_Projects/hdf5/build/ci-StdShar-GNUC/_deps/hdf5_zlib-src -I/home/byrn/HDF_Projects/hdf5/build/ci-StdShar-GNUC/_deps/szip-build -I/home/byrn/HDF_Projects/hdf5/build/ci-StdShar-GNUC/_deps/szip-src/include -I/home/byrn/HDF_Projects/hdf5/build/ci-StdShar-GNUC/_deps/szip-src -std=c99  -fstdarg-opt -fdiagnostics-urls=never -fno-diagnostics-color -fmessage-length=0 -O2 -g -DNDEBUG -std=gnu99 -fPIC -Wall -Wcast-qual -Wconversion -Wextra -Wfloat-equal -Wformat=2 -Winit-self -Winvalid-pch -Wmissing-include-dirs -Wshadow -Wundef -Wwrite-strings -pedantic -Wno-c++-compat -Wbad-function-cast -Wcast-align -Wformat -Wimplicit-function-declaration -Wint-to-pointer-cast -Wmissing-declarations -Wmissing-prototypes -Wnested-externs -Wold-style-definition -Wpacked -Wpointer-sign -Wpointer-to-int-cast -Wredundant-decls -Wstrict-prototypes -Wswitch -Wunused-but-set-variable -Wunused-variable -Wunused-function -Wunused-parameter -finline-functions -Wno-aggregate-return -Wno-inline -Wno-missing-format-attribute -Wno-missing-noreturn -Wno-overlength-strings -Wlarger-than=2560 -Wlogical-op -Wframe-larger-than=16384 -Wpacked-bitfield-compat -Wsync-nand -Wno-unsuffixed-float-constants -Wdouble-promotion -Wtrampolines -Wstack-usage=8192 -Wmaybe-uninitialized -Wno-jump-misses-init -Wstrict-overflow=2 -Wno-suggest-attribute=const -Wno-suggest-attribute=noreturn -Wno-suggest-attribute=pure -Wno-suggest-attribute=format -Wdate-time -Warray-bounds=2 -Wc99-c11-compat -Wincompatible-pointer-types -Wint-conversion -Wduplicated-cond -Whsa -Wnormalized -Wnull-dereference -Wunused-const-variable -Walloca -Walloc-zero -Wduplicated-branches -Wformat-overflow=2 -Wformat-truncation=1 -Wrestrict -Wattribute-alias -Wshift-overflow=2 -Wcast-function-type -Wcast-align=strict -Wno-suggest-attribute=cold -Wno-suggest-attribute=malloc -Wattribute-alias=2 -Wmissing-profile -Wc11-c2x-compat -MD -MT src/CMakeFiles/hdf5-shared.dir/H5AC.c.o -MF src/CMakeFiles/hdf5-shared.dir/H5AC.c.o.d -o src/CMakeFiles/hdf5-shared.dir/H5AC.c.o -c /home/byrn/HDF_Projects/hdf5/dev/src/H5AC.c
[388/4114] /usr/bin/cc -DH5_BUILT_AS_DYNAMIC_LIB -D_FILE_OFFSET_BITS=64 -D_GNU_SOURCE -D_LARGEFILE_SOURCE -D_POSIX_C_SOURCE=200809L -Dhdf5_shared_EXPORTS -I/home/byrn/HDF_Projects/hdf5/dev/src -I/home/byrn/HDF_Projects/hdf5/dev/src/H5FDsubfiling -I/home/byrn/HDF_Projects/hdf5/build/ci-StdShar-GNUC/src -I/home/byrn/HDF_Projects/hdf5/build/ci-StdShar-GNUC/_deps/hdf5_zlib-build -I/home/byrn/HDF_Projects/hdf5/build/ci-StdShar-GNUC/_deps/hdf5_zlib-src -I/home/byrn/HDF_Projects/hdf5/build/ci-StdShar-GNUC/_deps/szip-build -I/home/byrn/HDF_Projects/hdf5/build/ci-StdShar-GNUC/_deps/szip-src/include -I/home/byrn/HDF_Projects/hdf5/build/ci-StdShar-GNUC/_deps/szip-src -std=c99  -fstdarg-opt -fdiagnostics-urls=never -fno-diagnostics-color -fmessage-length=0 -O2 -g -DNDEBUG -std=gnu99 -fPIC -Wall -Wcast-qual -Wconversion -Wextra -Wfloat-equal -Wformat=2 -Winit-self -Winvalid-pch -Wmissing-include-dirs -Wshadow -Wundef -Wwrite-strings -pedantic -Wno-c++-compat -Wbad-function-cast -Wcast-align -Wformat -Wimplicit-function-declaration -Wint-to-pointer-cast -Wmissing-declarations -Wmissing-prototypes -Wnested-externs -Wold-style-definition -Wpacked -Wpointer-sign -Wpointer-to-int-cast -Wredundant-decls -Wstrict-prototypes -Wswitch -Wunused-but-set-variable -Wunused-variable -Wunused-function -Wunused-parameter -finline-functions -Wno-aggregate-return -Wno-inline -Wno-missing-format-attribute -Wno-missing-noreturn -Wno-overlength-strings -Wlarger-than=2560 -Wlogical-op -Wframe-larger-than=16384 -Wpacked-bitfield-compat -Wsync-nand -Wno-unsuffixed-float-constants -Wdouble-promotion -Wtrampolines -Wstack-usage=8192 -Wmaybe-uninitialized -Wno-jump-misses-init -Wstrict-overflow=2 -Wno-suggest-attribute=const -Wno-suggest-attribute=noreturn -Wno-suggest-attribute=pure -Wno-suggest-attribute=format -Wdate-time -Warray-bounds=2 -Wc99-c11-compat -Wincompatible-pointer-types -Wint-conversion -Wduplicated-cond -Whsa -Wnormalized -Wnull-dereference -Wunused-const-variable -Walloca -Walloc-zero -Wduplicated-branches -Wformat-overflow=2 -Wformat-truncation=1 -Wrestrict -Wattribute-alias -Wshift-overflow=2 -Wcast-function-type -Wcast-align=strict -Wno-suggest-attribute=cold -Wno-suggest-attribute=malloc -Wattribute-alias=2 -Wmissing-profile -Wc11-c2x-compat -MD -MT src/CMakeFiles/hdf5-shared.dir/H5Bcache.c.o -MF src/CMakeFiles/hdf5-shared.dir/H5Bcache.c.o.d -o src/CMakeFiles/hdf5-shared.dir/H5Bcache.c.o -c /home/byrn/HDF_Projects/hdf5/dev/src/H5Bcache.c
[389/4114] /usr/bin/cc -DH5_BUILT_AS_DYNAMIC_LIB -D_FILE_OFFSET_BITS=64 -D_GNU_SOURCE -D_LARGEFILE_SOURCE -D_POSIX_C_SOURCE=200809L -Dhdf5_shared_EXPORTS -I/home/byrn/HDF_Projects/hdf5/dev/src -I/home/byrn/HDF_Projects/hdf5/dev/src/H5FDsubfiling -I/home/byrn/HDF_Projects/hdf5/build/ci-StdShar-GNUC/src -I/home/byrn/HDF_Projects/hdf5/build/ci-StdShar-GNUC/_deps/hdf5_zlib-build -I/home/byrn/HDF_Projects/hdf5/build/ci-StdShar-GNUC/_deps/hdf5_zlib-src -I/home/byrn/HDF_Projects/hdf5/build/ci-StdShar-GNUC/_deps/szip-build -I/home/byrn/HDF_Projects/hdf5/build/ci-StdShar-GNUC/_deps/szip-src/include -I/home/byrn/HDF_Projects/hdf5/build/ci-StdShar-GNUC/_deps/szip-src -std=c99  -fstdarg-opt -fdiagnostics-urls=never -fno-diagnostics-color -fmessage-length=0 -O2 -g -DNDEBUG -std=gnu99 -fPIC -Wall -Wcast-qual -Wconversion -Wextra -Wfloat-equal -Wformat=2 -Winit-self -Winvalid-pch -Wmissing-include-dirs -Wshadow -Wundef -Wwrite-strings -pedantic -Wno-c++-compat -Wbad-function-cast -Wcast-align -Wformat -Wimplicit-function-declaration -Wint-to-pointer-cast -Wmissing-declarations -Wmissing-prototypes -Wnested-externs -Wold-style-definition -Wpacked -Wpointer-sign -Wpointer-to-int-cast -Wredundant-decls -Wstrict-prototypes -Wswitch -Wunused-but-set-variable -Wunused-variable -Wunused-function -Wunused-parameter -finline-functions -Wno-aggregate-return -Wno-inline -Wno-missing-format-attribute -Wno-missing-noreturn -Wno-overlength-strings -Wlarger-than=2560 -Wlogical-op -Wframe-larger-than=16384 -Wpacked-bitfield-compat -Wsync-nand -Wno-unsuffixed-float-constants -Wdouble-promotion -Wtrampolines -Wstack-usage=8192 -Wmaybe-uninitialized -Wno-jump-misses-init -Wstrict-overflow=2 -Wno-suggest-attribute=const -Wno-suggest-attribute=noreturn -Wno-suggest-attribute=pure -Wno-suggest-attribute=format -Wdate-time -Warray-bounds=2 -Wc99-c11-compat -Wincompatible-pointer-types -Wint-conversion -Wduplicated-cond -Whsa -Wnormalized -Wnull-dereference -Wunused-const-variable -Walloca -Walloc-zero -Wduplicated-branches -Wformat-overflow=2 -Wformat-truncation=1 -Wrestrict -Wattribute-alias -Wshift-overflow=2 -Wcast-function-type -Wcast-align=strict -Wno-suggest-attribute=cold -Wno-suggest-attribute=malloc -Wattribute-alias=2 -Wmissing-profile -Wc11-c2x-compat -MD -MT src/CMakeFiles/hdf5-shared.dir/H5B2dbg.c.o -MF src/CMakeFiles/hdf5-shared.dir/H5B2dbg.c.o.d -o src/CMakeFiles/hdf5-shared.dir/H5B2dbg.c.o -c /home/byrn/HDF_Projects/hdf5/dev/src/H5B2dbg.c
[390/4114] /usr/bin/cc -DH5_BUILT_AS_DYNAMIC_LIB -D_FILE_OFFSET_BITS=64 -D_GNU_SOURCE -D_LARGEFILE_SOURCE -D_POSIX_C_SOURCE=200809L -Dhdf5_shared_EXPORTS -I/home/byrn/HDF_Projects/hdf5/dev/src -I/home/byrn/HDF_Projects/hdf5/dev/src/H5FDsubfiling -I/home/byrn/HDF_Projects/hdf5/build/ci-StdShar-GNUC/src -I/home/byrn/HDF_Projects/hdf5/build/ci-StdShar-GNUC/_deps/hdf5_zlib-build -I/home/byrn/HDF_Projects/hdf5/build/ci-StdShar-GNUC/_deps/hdf5_zlib-src -I/home/byrn/HDF_Projects/hdf5/build/ci-StdShar-GNUC/_deps/szip-build -I/home/byrn/HDF_Projects/hdf5/build/ci-StdShar-GNUC/_deps/szip-src/include -I/home/byrn/HDF_Projects/hdf5/build/ci-StdShar-GNUC/_deps/szip-src -std=c99  -fstdarg-opt -fdiagnostics-urls=never -fno-diagnostics-color -fmessage-length=0 -O2 -g -DNDEBUG -std=gnu99 -fPIC -Wall -Wcast-qual -Wconversion -Wextra -Wfloat-equal -Wformat=2 -Winit-self -Winvalid-pch -Wmissing-include-dirs -Wshadow -Wundef -Wwrite-strings -pedantic -Wno-c++-compat -Wbad-function-cast -Wcast-align -Wformat -Wimplicit-function-declaration -Wint-to-pointer-cast -Wmissing-declarations -Wmissing-prototypes -Wnested-externs -Wold-style-definition -Wpacked -Wpointer-sign -Wpointer-to-int-cast -Wredundant-decls -Wstrict-prototypes -Wswitch -Wunused-but-set-variable -Wunused-variable -Wunused-function -Wunused-parameter -finline-functions -Wno-aggregate-return -Wno-inline -Wno-missing-format-attribute -Wno-missing-noreturn -Wno-overlength-strings -Wlarger-than=2560 -Wlogical-op -Wframe-larger-than=16384 -Wpacked-bitfield-compat -Wsync-nand -Wno-unsuffixed-float-constants -Wdouble-promotion -Wtrampolines -Wstack-usage=8192 -Wmaybe-uninitialized -Wno-jump-misses-init -Wstrict-overflow=2 -Wno-suggest-attribute=const -Wno-suggest-attribute=noreturn -Wno-suggest-attribute=pure -Wno-suggest-attribute=format -Wdate-time -Warray-bounds=2 -Wc99-c11-compat -Wincompatible-pointer-types -Wint-conversion -Wduplicated-cond -Whsa -Wnormalized -Wnull-dereference -Wunused-const-variable -Walloca -Walloc-zero -Wduplicated-branches -Wformat-overflow=2 -Wformat-truncation=1 -Wrestrict -Wattribute-alias -Wshift-overflow=2 -Wcast-function-type -Wcast-align=strict -Wno-suggest-attribute=cold -Wno-suggest-attribute=malloc -Wattribute-alias=2 -Wmissing-profile -Wc11-c2x-compat -MD -MT src/CMakeFiles/hdf5-shared.dir/H5Bdbg.c.o -MF src/CMakeFiles/hdf5-shared.dir/H5Bdbg.c.o.d -o src/CMakeFiles/hdf5-shared.dir/H5Bdbg.c.o -c /home/byrn/HDF_Projects/hdf5/dev/src/H5Bdbg.c
[391/4114] /usr/bin/cc -DH5_BUILT_AS_DYNAMIC_LIB -D_FILE_OFFSET_BITS=64 -D_GNU_SOURCE -D_LARGEFILE_SOURCE -D_POSIX_C_SOURCE=200809L -Dhdf5_shared_EXPORTS -I/home/byrn/HDF_Projects/hdf5/dev/src -I/home/byrn/HDF_Projects/hdf5/dev/src/H5FDsubfiling -I/home/byrn/HDF_Projects/hdf5/build/ci-StdShar-GNUC/src -I/home/byrn/HDF_Projects/hdf5/build/ci-StdShar-GNUC/_deps/hdf5_zlib-build -I/home/byrn/HDF_Projects/hdf5/build/ci-StdShar-GNUC/_deps/hdf5_zlib-src -I/home/byrn/HDF_Projects/hdf5/build/ci-StdShar-GNUC/_deps/szip-build -I/home/byrn/HDF_Projects/hdf5/build/ci-StdShar-GNUC/_deps/szip-src/include -I/home/byrn/HDF_Projects/hdf5/build/ci-StdShar-GNUC/_deps/szip-src -std=c99  -fstdarg-opt -fdiagnostics-urls=never -fno-diagnostics-color -fmessage-length=0 -O2 -g -DNDEBUG -std=gnu99 -fPIC -Wall -Wcast-qual -Wconversion -Wextra -Wfloat-equal -Wformat=2 -Winit-self -Winvalid-pch -Wmissing-include-dirs -Wshadow -Wundef -Wwrite-strings -pedantic -Wno-c++-compat -Wbad-function-cast -Wcast-align -Wformat -Wimplicit-function-declaration -Wint-to-pointer-cast -Wmissing-declarations -Wmissing-prototypes -Wnested-externs -Wold-style-definition -Wpacked -Wpointer-sign -Wpointer-to-int-cast -Wredundant-decls -Wstrict-prototypes -Wswitch -Wunused-but-set-variable -Wunused-variable -Wunused-function -Wunused-parameter -finline-functions -Wno-aggregate-return -Wno-inline -Wno-missing-format-attribute -Wno-missing-noreturn -Wno-overlength-strings -Wlarger-than=2560 -Wlogical-op -Wframe-larger-than=16384 -Wpacked-bitfield-compat -Wsync-nand -Wno-unsuffixed-float-constants -Wdouble-promotion -Wtrampolines -Wstack-usage=8192 -Wmaybe-uninitialized -Wno-jump-misses-init -Wstrict-overflow=2 -Wno-suggest-attribute=const -Wno-suggest-attribute=noreturn -Wno-suggest-attribute=pure -Wno-suggest-attribute=format -Wdate-time -Warray-bounds=2 -Wc99-c11-compat -Wincompatible-pointer-types -Wint-conversion -Wduplicated-cond -Whsa -Wnormalized -Wnull-dereference -Wunused-const-variable -Walloca -Walloc-zero -Wduplicated-branches -Wformat-overflow=2 -Wformat-truncation=1 -Wrestrict -Wattribute-alias -Wshift-overflow=2 -Wcast-function-type -Wcast-align=strict -Wno-suggest-attribute=cold -Wno-suggest-attribute=malloc -Wattribute-alias=2 -Wmissing-profile -Wc11-c2x-compat -MD -MT src/CMakeFiles/hdf5-shared.dir/H5B2hdr.c.o -MF src/CMakeFiles/hdf5-shared.dir/H5B2hdr.c.o.d -o src/CMakeFiles/hdf5-shared.dir/H5B2hdr.c.o -c /home/byrn/HDF_Projects/hdf5/dev/src/H5B2hdr.c
[392/4114] /usr/bin/cc -DH5_BUILT_AS_DYNAMIC_LIB -D_FILE_OFFSET_BITS=64 -D_GNU_SOURCE -D_LARGEFILE_SOURCE -D_POSIX_C_SOURCE=200809L -Dhdf5_shared_EXPORTS -I/home/byrn/HDF_Projects/hdf5/dev/src -I/home/byrn/HDF_Projects/hdf5/dev/src/H5FDsubfiling -I/home/byrn/HDF_Projects/hdf5/build/ci-StdShar-GNUC/src -I/home/byrn/HDF_Projects/hdf5/build/ci-StdShar-GNUC/_deps/hdf5_zlib-build -I/home/byrn/HDF_Projects/hdf5/build/ci-StdShar-GNUC/_deps/hdf5_zlib-src -I/home/byrn/HDF_Projects/hdf5/build/ci-StdShar-GNUC/_deps/szip-build -I/home/byrn/HDF_Projects/hdf5/build/ci-StdShar-GNUC/_deps/szip-src/include -I/home/byrn/HDF_Projects/hdf5/build/ci-StdShar-GNUC/_deps/szip-src -std=c99  -fstdarg-opt -fdiagnostics-urls=never -fno-diagnostics-color -fmessage-length=0 -O2 -g -DNDEBUG -std=gnu99 -fPIC -Wall -Wcast-qual -Wconversion -Wextra -Wfloat-equal -Wformat=2 -Winit-self -Winvalid-pch -Wmissing-include-dirs -Wshadow -Wundef -Wwrite-strings -pedantic -Wno-c++-compat -Wbad-function-cast -Wcast-align -Wformat -Wimplicit-function-declaration -Wint-to-pointer-cast -Wmissing-declarations -Wmissing-prototypes -Wnested-externs -Wold-style-definition -Wpacked -Wpointer-sign -Wpointer-to-int-cast -Wredundant-decls -Wstrict-prototypes -Wswitch -Wunused-but-set-variable -Wunused-variable -Wunused-function -Wunused-parameter -finline-functions -Wno-aggregate-return -Wno-inline -Wno-missing-format-attribute -Wno-missing-noreturn -Wno-overlength-strings -Wlarger-than=2560 -Wlogical-op -Wframe-larger-than=16384 -Wpacked-bitfield-compat -Wsync-nand -Wno-unsuffixed-float-constants -Wdouble-promotion -Wtrampolines -Wstack-usage=8192 -Wmaybe-uninitialized -Wno-jump-misses-init -Wstrict-overflow=2 -Wno-suggest-attribute=const -Wno-suggest-attribute=noreturn -Wno-suggest-attribute=pure -Wno-suggest-attribute=format -Wdate-time -Warray-bounds=2 -Wc99-c11-compat -Wincompatible-pointer-types -Wint-conversion -Wduplicated-cond -Whsa -Wnormalized -Wnull-dereference -Wunused-const-variable -Walloca -Walloc-zero -Wduplicated-branches -Wformat-overflow=2 -Wformat-truncation=1 -Wrestrict -Wattribute-alias -Wshift-overflow=2 -Wcast-function-type -Wcast-align=strict -Wno-suggest-attribute=cold -Wno-suggest-attribute=malloc -Wattribute-alias=2 -Wmissing-profile -Wc11-c2x-compat -MD -MT src/CMakeFiles/hdf5-shared.dir/H5B2cache.c.o -MF src/CMakeFiles/hdf5-shared.dir/H5B2cache.c.o.d -o src/CMakeFiles/hdf5-shared.dir/H5B2cache.c.o -c /home/byrn/HDF_Projects/hdf5/dev/src/H5B2cache.c
[393/4114] /usr/bin/cc -DH5_BUILT_AS_DYNAMIC_LIB -D_FILE_OFFSET_BITS=64 -D_GNU_SOURCE -D_LARGEFILE_SOURCE -D_POSIX_C_SOURCE=200809L -Dhdf5_shared_EXPORTS -I/home/byrn/HDF_Projects/hdf5/dev/src -I/home/byrn/HDF_Projects/hdf5/dev/src/H5FDsubfiling -I/home/byrn/HDF_Projects/hdf5/build/ci-StdShar-GNUC/src -I/home/byrn/HDF_Projects/hdf5/build/ci-StdShar-GNUC/_deps/hdf5_zlib-build -I/home/byrn/HDF_Projects/hdf5/build/ci-StdShar-GNUC/_deps/hdf5_zlib-src -I/home/byrn/HDF_Projects/hdf5/build/ci-StdShar-GNUC/_deps/szip-build -I/home/byrn/HDF_Projects/hdf5/build/ci-StdShar-GNUC/_deps/szip-src/include -I/home/byrn/HDF_Projects/hdf5/build/ci-StdShar-GNUC/_deps/szip-src -std=c99  -fstdarg-opt -fdiagnostics-urls=never -fno-diagnostics-color -fmessage-length=0 -O2 -g -DNDEBUG -std=gnu99 -fPIC -Wall -Wcast-qual -Wconversion -Wextra -Wfloat-equal -Wformat=2 -Winit-self -Winvalid-pch -Wmissing-include-dirs -Wshadow -Wundef -Wwrite-strings -pedantic -Wno-c++-compat -Wbad-function-cast -Wcast-align -Wformat -Wimplicit-function-declaration -Wint-to-pointer-cast -Wmissing-declarations -Wmissing-prototypes -Wnested-externs -Wold-style-definition -Wpacked -Wpointer-sign -Wpointer-to-int-cast -Wredundant-decls -Wstrict-prototypes -Wswitch -Wunused-but-set-variable -Wunused-variable -Wunused-function -Wunused-parameter -finline-functions -Wno-aggregate-return -Wno-inline -Wno-missing-format-attribute -Wno-missing-noreturn -Wno-overlength-strings -Wlarger-than=2560 -Wlogical-op -Wframe-larger-than=16384 -Wpacked-bitfield-compat -Wsync-nand -Wno-unsuffixed-float-constants -Wdouble-promotion -Wtrampolines -Wstack-usage=8192 -Wmaybe-uninitialized -Wno-jump-misses-init -Wstrict-overflow=2 -Wno-suggest-attribute=const -Wno-suggest-attribute=noreturn -Wno-suggest-attribute=pure -Wno-suggest-attribute=format -Wdate-time -Warray-bounds=2 -Wc99-c11-compat -Wincompatible-pointer-types -Wint-conversion -Wduplicated-cond -Whsa -Wnormalized -Wnull-dereference -Wunused-const-variable -Walloca -Walloc-zero -Wduplicated-branches -Wformat-overflow=2 -Wformat-truncation=1 -Wrestrict -Wattribute-alias -Wshift-overflow=2 -Wcast-function-type -Wcast-align=strict -Wno-suggest-attribute=cold -Wno-suggest-attribute=malloc -Wattribute-alias=2 -Wmissing-profile -Wc11-c2x-compat -MD -MT src/CMakeFiles/hdf5-shared.dir/H5B.c.o -MF src/CMakeFiles/hdf5-shared.dir/H5B.c.o.d -o src/CMakeFiles/hdf5-shared.dir/H5B.c.o -c /home/byrn/HDF_Projects/hdf5/dev/src/H5B.c
In file included from /home/byrn/HDF_Projects/hdf5/dev/src/H5B.c:100:
/home/byrn/HDF_Projects/hdf5/dev/src/H5B.c: In function ‘H5B__remove_helper’:
/home/byrn/HDF_Projects/hdf5/dev/src/H5B.c:1429:46: warning: potential null pointer dereference [-Wnull-dereference]
 1429 |     if (*lt_key_changed && H5_addr_defined(bt->left)) {
/home/byrn/HDF_Projects/hdf5/dev/src/H5private.h:449:36: note: in definition of macro ‘H5_addr_defined’
  449 | #define H5_addr_defined(X)       ((X) != HADDR_UNDEF)
      |                                    ^
/home/byrn/HDF_Projects/hdf5/dev/src/H5B.c:1444:51: warning: potential null pointer dereference [-Wnull-dereference]
 1444 |     else if (*rt_key_changed && H5_addr_defined(bt->right)) {
/home/byrn/HDF_Projects/hdf5/dev/src/H5private.h:449:36: note: in definition of macro ‘H5_addr_defined’
  449 | #define H5_addr_defined(X)       ((X) != HADDR_UNDEF)
      |                                    ^
[394/4114] /usr/bin/cc -DH5_BUILT_AS_DYNAMIC_LIB -D_FILE_OFFSET_BITS=64 -D_GNU_SOURCE -D_LARGEFILE_SOURCE -D_POSIX_C_SOURCE=200809L -Dhdf5_shared_EXPORTS -I/home/byrn/HDF_Projects/hdf5/dev/src -I/home/byrn/HDF_Projects/hdf5/dev/src/H5FDsubfiling -I/home/byrn/HDF_Projects/hdf5/build/ci-StdShar-GNUC/src -I/home/byrn/HDF_Projects/hdf5/build/ci-StdShar-GNUC/_deps/hdf5_zlib-build -I/home/byrn/HDF_Projects/hdf5/build/ci-StdShar-GNUC/_deps/hdf5_zlib-src -I/home/byrn/HDF_Projects/hdf5/build/ci-StdShar-GNUC/_deps/szip-build -I/home/byrn/HDF_Projects/hdf5/build/ci-StdShar-GNUC/_deps/szip-src/include -I/home/byrn/HDF_Projects/hdf5/build/ci-StdShar-GNUC/_deps/szip-src -std=c99  -fstdarg-opt -fdiagnostics-urls=never -fno-diagnostics-color -fmessage-length=0 -O2 -g -DNDEBUG -std=gnu99 -fPIC -Wall -Wcast-qual -Wconversion -Wextra -Wfloat-equal -Wformat=2 -Winit-self -Winvalid-pch -Wmissing-include-dirs -Wshadow -Wundef -Wwrite-strings -pedantic -Wno-c++-compat -Wbad-function-cast -Wcast-align -Wformat -Wimplicit-function-declaration -Wint-to-pointer-cast -Wmissing-declarations -Wmissing-prototypes -Wnested-externs -Wold-style-definition -Wpacked -Wpointer-sign -Wpointer-to-int-cast -Wredundant-decls -Wstrict-prototypes -Wswitch -Wunused-but-set-variable -Wunused-variable -Wunused-function -Wunused-parameter -finline-functions -Wno-aggregate-return -Wno-inline -Wno-missing-format-attribute -Wno-missing-noreturn -Wno-overlength-strings -Wlarger-than=2560 -Wlogical-op -Wframe-larger-than=16384 -Wpacked-bitfield-compat -Wsync-nand -Wno-unsuffixed-float-constants -Wdouble-promotion -Wtrampolines -Wstack-usage=8192 -Wmaybe-uninitialized -Wno-jump-misses-init -Wstrict-overflow=2 -Wno-suggest-attribute=const -Wno-suggest-attribute=noreturn -Wno-suggest-attribute=pure -Wno-suggest-attribute=format -Wdate-time -Warray-bounds=2 -Wc99-c11-compat -Wincompatible-pointer-types -Wint-conversion -Wduplicated-cond -Whsa -Wnormalized -Wnull-dereference -Wunused-const-variable -Walloca -Walloc-zero -Wduplicated-branches -Wformat-overflow=2 -Wformat-truncation=1 -Wrestrict -Wattribute-alias -Wshift-overflow=2 -Wcast-function-type -Wcast-align=strict -Wno-suggest-attribute=cold -Wno-suggest-attribute=malloc -Wattribute-alias=2 -Wmissing-profile -Wc11-c2x-compat -MD -MT src/CMakeFiles/hdf5-shared.dir/H5B2.c.o -MF src/CMakeFiles/hdf5-shared.dir/H5B2.c.o.d -o src/CMakeFiles/hdf5-shared.dir/H5B2.c.o -c /home/byrn/HDF_Projects/hdf5/dev/src/H5B2.c
[395/4114] /usr/bin/cc -DH5_BUILT_AS_DYNAMIC_LIB -D_FILE_OFFSET_BITS=64 -D_GNU_SOURCE -D_LARGEFILE_SOURCE -D_POSIX_C_SOURCE=200809L -Dhdf5_shared_EXPORTS -I/home/byrn/HDF_Projects/hdf5/dev/src -I/home/byrn/HDF_Projects/hdf5/dev/src/H5FDsubfiling -I/home/byrn/HDF_Projects/hdf5/build/ci-StdShar-GNUC/src -I/home/byrn/HDF_Projects/hdf5/build/ci-StdShar-GNUC/_deps/hdf5_zlib-build -I/home/byrn/HDF_Projects/hdf5/build/ci-StdShar-GNUC/_deps/hdf5_zlib-src -I/home/byrn/HDF_Projects/hdf5/build/ci-StdShar-GNUC/_deps/szip-build -I/home/byrn/HDF_Projects/hdf5/build/ci-StdShar-GNUC/_deps/szip-src/include -I/home/byrn/HDF_Projects/hdf5/build/ci-StdShar-GNUC/_deps/szip-src -std=c99  -fstdarg-opt -fdiagnostics-urls=never -fno-diagnostics-color -fmessage-length=0 -O2 -g -DNDEBUG -std=gnu99 -fPIC -Wall -Wcast-qual -Wconversion -Wextra -Wfloat-equal -Wformat=2 -Winit-self -Winvalid-pch -Wmissing-include-dirs -Wshadow -Wundef -Wwrite-strings -pedantic -Wno-c++-compat -Wbad-function-cast -Wcast-align -Wformat -Wimplicit-function-declaration -Wint-to-pointer-cast -Wmissing-declarations -Wmissing-prototypes -Wnested-externs -Wold-style-definition -Wpacked -Wpointer-sign -Wpointer-to-int-cast -Wredundant-decls -Wstrict-prototypes -Wswitch -Wunused-but-set-variable -Wunused-variable -Wunused-function -Wunused-parameter -finline-functions -Wno-aggregate-return -Wno-inline -Wno-missing-format-attribute -Wno-missing-noreturn -Wno-overlength-strings -Wlarger-than=2560 -Wlogical-op -Wframe-larger-than=16384 -Wpacked-bitfield-compat -Wsync-nand -Wno-unsuffixed-float-constants -Wdouble-promotion -Wtrampolines -Wstack-usage=8192 -Wmaybe-uninitialized -Wno-jump-misses-init -Wstrict-overflow=2 -Wno-suggest-attribute=const -Wno-suggest-attribute=noreturn -Wno-suggest-attribute=pure -Wno-suggest-attribute=format -Wdate-time -Warray-bounds=2 -Wc99-c11-compat -Wincompatible-pointer-types -Wint-conversion -Wduplicated-cond -Whsa -Wnormalized -Wnull-dereference -Wunused-const-variable -Walloca -Walloc-zero -Wduplicated-branches -Wformat-overflow=2 -Wformat-truncation=1 -Wrestrict -Wattribute-alias -Wshift-overflow=2 -Wcast-function-type -Wcast-align=strict -Wno-suggest-attribute=cold -Wno-suggest-attribute=malloc -Wattribute-alias=2 -Wmissing-profile -Wc11-c2x-compat -MD -MT src/CMakeFiles/hdf5-shared.dir/H5B2stat.c.o -MF src/CMakeFiles/hdf5-shared.dir/H5B2stat.c.o.d -o src/CMakeFiles/hdf5-shared.dir/H5B2stat.c.o -c /home/byrn/HDF_Projects/hdf5/dev/src/H5B2stat.c
[396/4114] /usr/bin/cc -DH5_BUILT_AS_DYNAMIC_LIB -D_FILE_OFFSET_BITS=64 -D_GNU_SOURCE -D_LARGEFILE_SOURCE -D_POSIX_C_SOURCE=200809L -Dhdf5_shared_EXPORTS -I/home/byrn/HDF_Projects/hdf5/dev/src -I/home/byrn/HDF_Projects/hdf5/dev/src/H5FDsubfiling -I/home/byrn/HDF_Projects/hdf5/build/ci-StdShar-GNUC/src -I/home/byrn/HDF_Projects/hdf5/build/ci-StdShar-GNUC/_deps/hdf5_zlib-build -I/home/byrn/HDF_Projects/hdf5/build/ci-StdShar-GNUC/_deps/hdf5_zlib-src -I/home/byrn/HDF_Projects/hdf5/build/ci-StdShar-GNUC/_deps/szip-build -I/home/byrn/HDF_Projects/hdf5/build/ci-StdShar-GNUC/_deps/szip-src/include -I/home/byrn/HDF_Projects/hdf5/build/ci-StdShar-GNUC/_deps/szip-src -std=c99  -fstdarg-opt -fdiagnostics-urls=never -fno-diagnostics-color -fmessage-length=0 -O2 -g -DNDEBUG -std=gnu99 -fPIC -Wall -Wcast-qual -Wconversion -Wextra -Wfloat-equal -Wformat=2 -Winit-self -Winvalid-pch -Wmissing-include-dirs -Wshadow -Wundef -Wwrite-strings -pedantic -Wno-c++-compat -Wbad-function-cast -Wcast-align -Wformat -Wimplicit-function-declaration -Wint-to-pointer-cast -Wmissing-declarations -Wmissing-prototypes -Wnested-externs -Wold-style-definition -Wpacked -Wpointer-sign -Wpointer-to-int-cast -Wredundant-decls -Wstrict-prototypes -Wswitch -Wunused-but-set-variable -Wunused-variable -Wunused-function -Wunused-parameter -finline-functions -Wno-aggregate-return -Wno-inline -Wno-missing-format-attribute -Wno-missing-noreturn -Wno-overlength-strings -Wlarger-than=2560 -Wlogical-op -Wframe-larger-than=16384 -Wpacked-bitfield-compat -Wsync-nand -Wno-unsuffixed-float-constants -Wdouble-promotion -Wtrampolines -Wstack-usage=8192 -Wmaybe-uninitialized -Wno-jump-misses-init -Wstrict-overflow=2 -Wno-suggest-attribute=const -Wno-suggest-attribute=noreturn -Wno-suggest-attribute=pure -Wno-suggest-attribute=format -Wdate-time -Warray-bounds=2 -Wc99-c11-compat -Wincompatible-pointer-types -Wint-conversion -Wduplicated-cond -Whsa -Wnormalized -Wnull-dereference -Wunused-const-variable -Walloca -Walloc-zero -Wduplicated-branches -Wformat-overflow=2 -Wformat-truncation=1 -Wrestrict -Wattribute-alias -Wshift-overflow=2 -Wcast-function-type -Wcast-align=strict -Wno-suggest-attribute=cold -Wno-suggest-attribute=malloc -Wattribute-alias=2 -Wmissing-profile -Wc11-c2x-compat -MD -MT src/CMakeFiles/hdf5-shared.dir/H5B2test.c.o -MF src/CMakeFiles/hdf5-shared.dir/H5B2test.c.o.d -o src/CMakeFiles/hdf5-shared.dir/H5B2test.c.o -c /home/byrn/HDF_Projects/hdf5/dev/src/H5B2test.c
[397/4114] /usr/bin/cc -DH5_BUILT_AS_DYNAMIC_LIB -D_FILE_OFFSET_BITS=64 -D_GNU_SOURCE -D_LARGEFILE_SOURCE -D_POSIX_C_SOURCE=200809L -Dhdf5_shared_EXPORTS -I/home/byrn/HDF_Projects/hdf5/dev/src -I/home/byrn/HDF_Projects/hdf5/dev/src/H5FDsubfiling -I/home/byrn/HDF_Projects/hdf5/build/ci-StdShar-GNUC/src -I/home/byrn/HDF_Projects/hdf5/build/ci-StdShar-GNUC/_deps/hdf5_zlib-build -I/home/byrn/HDF_Projects/hdf5/build/ci-StdShar-GNUC/_deps/hdf5_zlib-src -I/home/byrn/HDF_Projects/hdf5/build/ci-StdShar-GNUC/_deps/szip-build -I/home/byrn/HDF_Projects/hdf5/build/ci-StdShar-GNUC/_deps/szip-src/include -I/home/byrn/HDF_Projects/hdf5/build/ci-StdShar-GNUC/_deps/szip-src -std=c99  -fstdarg-opt -fdiagnostics-urls=never -fno-diagnostics-color -fmessage-length=0 -O2 -g -DNDEBUG -std=gnu99 -fPIC -Wall -Wcast-qual -Wconversion -Wextra -Wfloat-equal -Wformat=2 -Winit-self -Winvalid-pch -Wmissing-include-dirs -Wshadow -Wundef -Wwrite-strings -pedantic -Wno-c++-compat -Wbad-function-cast -Wcast-align -Wformat -Wimplicit-function-declaration -Wint-to-pointer-cast -Wmissing-declarations -Wmissing-prototypes -Wnested-externs -Wold-style-definition -Wpacked -Wpointer-sign -Wpointer-to-int-cast -Wredundant-decls -Wstrict-prototypes -Wswitch -Wunused-but-set-variable -Wunused-variable -Wunused-function -Wunused-parameter -finline-functions -Wno-aggregate-return -Wno-inline -Wno-missing-format-attribute -Wno-missing-noreturn -Wno-overlength-strings -Wlarger-than=2560 -Wlogical-op -Wframe-larger-than=16384 -Wpacked-bitfield-compat -Wsync-nand -Wno-unsuffixed-float-constants -Wdouble-promotion -Wtrampolines -Wstack-usage=8192 -Wmaybe-uninitialized -Wno-jump-misses-init -Wstrict-overflow=2 -Wno-suggest-attribute=const -Wno-suggest-attribute=noreturn -Wno-suggest-attribute=pure -Wno-suggest-attribute=format -Wdate-time -Warray-bounds=2 -Wc99-c11-compat -Wincompatible-pointer-types -Wint-conversion -Wduplicated-cond -Whsa -Wnormalized -Wnull-dereference -Wunused-const-variable -Walloca -Walloc-zero -Wduplicated-branches -Wformat-overflow=2 -Wformat-truncation=1 -Wrestrict -Wattribute-alias -Wshift-overflow=2 -Wcast-function-type -Wcast-align=strict -Wno-suggest-attribute=cold -Wno-suggest-attribute=malloc -Wattribute-alias=2 -Wmissing-profile -Wc11-c2x-compat -MD -MT src/CMakeFiles/hdf5-shared.dir/H5Cdbg.c.o -MF src/CMakeFiles/hdf5-shared.dir/H5Cdbg.c.o.d -o src/CMakeFiles/hdf5-shared.dir/H5Cdbg.c.o -c /home/byrn/HDF_Projects/hdf5/dev/src/H5Cdbg.c
[398/4114] /usr/bin/cc -DH5_BUILT_AS_DYNAMIC_LIB -D_FILE_OFFSET_BITS=64 -D_GNU_SOURCE -D_LARGEFILE_SOURCE -D_POSIX_C_SOURCE=200809L -Dhdf5_shared_EXPORTS -I/home/byrn/HDF_Projects/hdf5/dev/src -I/home/byrn/HDF_Projects/hdf5/dev/src/H5FDsubfiling -I/home/byrn/HDF_Projects/hdf5/build/ci-StdShar-GNUC/src -I/home/byrn/HDF_Projects/hdf5/build/ci-StdShar-GNUC/_deps/hdf5_zlib-build -I/home/byrn/HDF_Projects/hdf5/build/ci-StdShar-GNUC/_deps/hdf5_zlib-src -I/home/byrn/HDF_Projects/hdf5/build/ci-StdShar-GNUC/_deps/szip-build -I/home/byrn/HDF_Projects/hdf5/build/ci-StdShar-GNUC/_deps/szip-src/include -I/home/byrn/HDF_Projects/hdf5/build/ci-StdShar-GNUC/_deps/szip-src -std=c99  -fstdarg-opt -fdiagnostics-urls=never -fno-diagnostics-color -fmessage-length=0 -O2 -g -DNDEBUG -std=gnu99 -fPIC -Wall -Wcast-qual -Wconversion -Wextra -Wfloat-equal -Wformat=2 -Winit-self -Winvalid-pch -Wmissing-include-dirs -Wshadow -Wundef -Wwrite-strings -pedantic -Wno-c++-compat -Wbad-function-cast -Wcast-align -Wformat -Wimplicit-function-declaration -Wint-to-pointer-cast -Wmissing-declarations -Wmissing-prototypes -Wnested-externs -Wold-style-definition -Wpacked -Wpointer-sign -Wpointer-to-int-cast -Wredundant-decls -Wstrict-prototypes -Wswitch -Wunused-but-set-variable -Wunused-variable -Wunused-function -Wunused-parameter -finline-functions -Wno-aggregate-return -Wno-inline -Wno-missing-format-attribute -Wno-missing-noreturn -Wno-overlength-strings -Wlarger-than=2560 -Wlogical-op -Wframe-larger-than=16384 -Wpacked-bitfield-compat -Wsync-nand -Wno-unsuffixed-float-constants -Wdouble-promotion -Wtrampolines -Wstack-usage=8192 -Wmaybe-uninitialized -Wno-jump-misses-init -Wstrict-overflow=2 -Wno-suggest-attribute=const -Wno-suggest-attribute=noreturn -Wno-suggest-attribute=pure -Wno-suggest-attribute=format -Wdate-time -Warray-bounds=2 -Wc99-c11-compat -Wincompatible-pointer-types -Wint-conversion -Wduplicated-cond -Whsa -Wnormalized -Wnull-dereference -Wunused-const-variable -Walloca -Walloc-zero -Wduplicated-branches -Wformat-overflow=2 -Wformat-truncation=1 -Wrestrict -Wattribute-alias -Wshift-overflow=2 -Wcast-function-type -Wcast-align=strict -Wno-suggest-attribute=cold -Wno-suggest-attribute=malloc -Wattribute-alias=2 -Wmissing-profile -Wc11-c2x-compat -MD -MT src/CMakeFiles/hdf5-shared.dir/H5B2leaf.c.o -MF src/CMakeFiles/hdf5-shared.dir/H5B2leaf.c.o.d -o src/CMakeFiles/hdf5-shared.dir/H5B2leaf.c.o -c /home/byrn/HDF_Projects/hdf5/dev/src/H5B2leaf.c
[399/4114] /usr/bin/cc -DH5_BUILT_AS_DYNAMIC_LIB -D_FILE_OFFSET_BITS=64 -D_GNU_SOURCE -D_LARGEFILE_SOURCE -D_POSIX_C_SOURCE=200809L -Dhdf5_shared_EXPORTS -I/home/byrn/HDF_Projects/hdf5/dev/src -I/home/byrn/HDF_Projects/hdf5/dev/src/H5FDsubfiling -I/home/byrn/HDF_Projects/hdf5/build/ci-StdShar-GNUC/src -I/home/byrn/HDF_Projects/hdf5/build/ci-StdShar-GNUC/_deps/hdf5_zlib-build -I/home/byrn/HDF_Projects/hdf5/build/ci-StdShar-GNUC/_deps/hdf5_zlib-src -I/home/byrn/HDF_Projects/hdf5/build/ci-StdShar-GNUC/_deps/szip-build -I/home/byrn/HDF_Projects/hdf5/build/ci-StdShar-GNUC/_deps/szip-src/include -I/home/byrn/HDF_Projects/hdf5/build/ci-StdShar-GNUC/_deps/szip-src -std=c99  -fstdarg-opt -fdiagnostics-urls=never -fno-diagnostics-color -fmessage-length=0 -O2 -g -DNDEBUG -std=gnu99 -fPIC -Wall -Wcast-qual -Wconversion -Wextra -Wfloat-equal -Wformat=2 -Winit-self -Winvalid-pch -Wmissing-include-dirs -Wshadow -Wundef -Wwrite-strings -pedantic -Wno-c++-compat -Wbad-function-cast -Wcast-align -Wformat -Wimplicit-function-declaration -Wint-to-pointer-cast -Wmissing-declarations -Wmissing-prototypes -Wnested-externs -Wold-style-definition -Wpacked -Wpointer-sign -Wpointer-to-int-cast -Wredundant-decls -Wstrict-prototypes -Wswitch -Wunused-but-set-variable -Wunused-variable -Wunused-function -Wunused-parameter -finline-functions -Wno-aggregate-return -Wno-inline -Wno-missing-format-attribute -Wno-missing-noreturn -Wno-overlength-strings -Wlarger-than=2560 -Wlogical-op -Wframe-larger-than=16384 -Wpacked-bitfield-compat -Wsync-nand -Wno-unsuffixed-float-constants -Wdouble-promotion -Wtrampolines -Wstack-usage=8192 -Wmaybe-uninitialized -Wno-jump-misses-init -Wstrict-overflow=2 -Wno-suggest-attribute=const -Wno-suggest-attribute=noreturn -Wno-suggest-attribute=pure -Wno-suggest-attribute=format -Wdate-time -Warray-bounds=2 -Wc99-c11-compat -Wincompatible-pointer-types -Wint-conversion -Wduplicated-cond -Whsa -Wnormalized -Wnull-dereference -Wunused-const-variable -Walloca -Walloc-zero -Wduplicated-branches -Wformat-overflow=2 -Wformat-truncation=1 -Wrestrict -Wattribute-alias -Wshift-overflow=2 -Wcast-function-type -Wcast-align=strict -Wno-suggest-attribute=cold -Wno-suggest-attribute=malloc -Wattribute-alias=2 -Wmissing-profile -Wc11-c2x-compat -MD -MT src/CMakeFiles/hdf5-shared.dir/H5Cepoch.c.o -MF src/CMakeFiles/hdf5-shared.dir/H5Cepoch.c.o.d -o src/CMakeFiles/hdf5-shared.dir/H5Cepoch.c.o -c /home/byrn/HDF_Projects/hdf5/dev/src/H5Cepoch.c
[400/4114] /usr/bin/cc -DH5_BUILT_AS_DYNAMIC_LIB -D_FILE_OFFSET_BITS=64 -D_GNU_SOURCE -D_LARGEFILE_SOURCE -D_POSIX_C_SOURCE=200809L -Dhdf5_shared_EXPORTS -I/home/byrn/HDF_Projects/hdf5/dev/src -I/home/byrn/HDF_Projects/hdf5/dev/src/H5FDsubfiling -I/home/byrn/HDF_Projects/hdf5/build/ci-StdShar-GNUC/src -I/home/byrn/HDF_Projects/hdf5/build/ci-StdShar-GNUC/_deps/hdf5_zlib-build -I/home/byrn/HDF_Projects/hdf5/build/ci-StdShar-GNUC/_deps/hdf5_zlib-src -I/home/byrn/HDF_Projects/hdf5/build/ci-StdShar-GNUC/_deps/szip-build -I/home/byrn/HDF_Projects/hdf5/build/ci-StdShar-GNUC/_deps/szip-src/include -I/home/byrn/HDF_Projects/hdf5/build/ci-StdShar-GNUC/_deps/szip-src -std=c99  -fstdarg-opt -fdiagnostics-urls=never -fno-diagnostics-color -fmessage-length=0 -O2 -g -DNDEBUG -std=gnu99 -fPIC -Wall -Wcast-qual -Wconversion -Wextra -Wfloat-equal -Wformat=2 -Winit-self -Winvalid-pch -Wmissing-include-dirs -Wshadow -Wundef -Wwrite-strings -pedantic -Wno-c++-compat -Wbad-function-cast -Wcast-align -Wformat -Wimplicit-function-declaration -Wint-to-pointer-cast -Wmissing-declarations -Wmissing-prototypes -Wnested-externs -Wold-style-definition -Wpacked -Wpointer-sign -Wpointer-to-int-cast -Wredundant-decls -Wstrict-prototypes -Wswitch -Wunused-but-set-variable -Wunused-variable -Wunused-function -Wunused-parameter -finline-functions -Wno-aggregate-return -Wno-inline -Wno-missing-format-attribute -Wno-missing-noreturn -Wno-overlength-strings -Wlarger-than=2560 -Wlogical-op -Wframe-larger-than=16384 -Wpacked-bitfield-compat -Wsync-nand -Wno-unsuffixed-float-constants -Wdouble-promotion -Wtrampolines -Wstack-usage=8192 -Wmaybe-uninitialized -Wno-jump-misses-init -Wstrict-overflow=2 -Wno-suggest-attribute=const -Wno-suggest-attribute=noreturn -Wno-suggest-attribute=pure -Wno-suggest-attribute=format -Wdate-time -Warray-bounds=2 -Wc99-c11-compat -Wincompatible-pointer-types -Wint-conversion -Wduplicated-cond -Whsa -Wnormalized -Wnull-dereference -Wunused-const-variable -Walloca -Walloc-zero -Wduplicated-branches -Wformat-overflow=2 -Wformat-truncation=1 -Wrestrict -Wattribute-alias -Wshift-overflow=2 -Wcast-function-type -Wcast-align=strict -Wno-suggest-attribute=cold -Wno-suggest-attribute=malloc -Wattribute-alias=2 -Wmissing-profile -Wc11-c2x-compat -MD -MT src/CMakeFiles/hdf5-shared.dir/H5B2internal.c.o -MF src/CMakeFiles/hdf5-shared.dir/H5B2internal.c.o.d -o src/CMakeFiles/hdf5-shared.dir/H5B2internal.c.o -c /home/byrn/HDF_Projects/hdf5/dev/src/H5B2internal.c
[401/4114] /usr/bin/cc -DH5_BUILT_AS_DYNAMIC_LIB -D_FILE_OFFSET_BITS=64 -D_GNU_SOURCE -D_LARGEFILE_SOURCE -D_POSIX_C_SOURCE=200809L -Dhdf5_shared_EXPORTS -I/home/byrn/HDF_Projects/hdf5/dev/src -I/home/byrn/HDF_Projects/hdf5/dev/src/H5FDsubfiling -I/home/byrn/HDF_Projects/hdf5/build/ci-StdShar-GNUC/src -I/home/byrn/HDF_Projects/hdf5/build/ci-StdShar-GNUC/_deps/hdf5_zlib-build -I/home/byrn/HDF_Projects/hdf5/build/ci-StdShar-GNUC/_deps/hdf5_zlib-src -I/home/byrn/HDF_Projects/hdf5/build/ci-StdShar-GNUC/_deps/szip-build -I/home/byrn/HDF_Projects/hdf5/build/ci-StdShar-GNUC/_deps/szip-src/include -I/home/byrn/HDF_Projects/hdf5/build/ci-StdShar-GNUC/_deps/szip-src -std=c99  -fstdarg-opt -fdiagnostics-urls=never -fno-diagnostics-color -fmessage-length=0 -O2 -g -DNDEBUG -std=gnu99 -fPIC -Wall -Wcast-qual -Wconversion -Wextra -Wfloat-equal -Wformat=2 -Winit-self -Winvalid-pch -Wmissing-include-dirs -Wshadow -Wundef -Wwrite-strings -pedantic -Wno-c++-compat -Wbad-function-cast -Wcast-align -Wformat -Wimplicit-function-declaration -Wint-to-pointer-cast -Wmissing-declarations -Wmissing-prototypes -Wnested-externs -Wold-style-definition -Wpacked -Wpointer-sign -Wpointer-to-int-cast -Wredundant-decls -Wstrict-prototypes -Wswitch -Wunused-but-set-variable -Wunused-variable -Wunused-function -Wunused-parameter -finline-functions -Wno-aggregate-return -Wno-inline -Wno-missing-format-attribute -Wno-missing-noreturn -Wno-overlength-strings -Wlarger-than=2560 -Wlogical-op -Wframe-larger-than=16384 -Wpacked-bitfield-compat -Wsync-nand -Wno-unsuffixed-float-constants -Wdouble-promotion -Wtrampolines -Wstack-usage=8192 -Wmaybe-uninitialized -Wno-jump-misses-init -Wstrict-overflow=2 -Wno-suggest-attribute=const -Wno-suggest-attribute=noreturn -Wno-suggest-attribute=pure -Wno-suggest-attribute=format -Wdate-time -Warray-bounds=2 -Wc99-c11-compat -Wincompatible-pointer-types -Wint-conversion -Wduplicated-cond -Whsa -Wnormalized -Wnull-dereference -Wunused-const-variable -Walloca -Walloc-zero -Wduplicated-branches -Wformat-overflow=2 -Wformat-truncation=1 -Wrestrict -Wattribute-alias -Wshift-overflow=2 -Wcast-function-type -Wcast-align=strict -Wno-suggest-attribute=cold -Wno-suggest-attribute=malloc -Wattribute-alias=2 -Wmissing-profile -Wc11-c2x-compat -MD -MT src/CMakeFiles/hdf5-shared.dir/H5C.c.o -MF src/CMakeFiles/hdf5-shared.dir/H5C.c.o.d -o src/CMakeFiles/hdf5-shared.dir/H5C.c.o -c /home/byrn/HDF_Projects/hdf5/dev/src/H5C.c
[402/4114] /usr/bin/cc -DH5_BUILT_AS_DYNAMIC_LIB -D_FILE_OFFSET_BITS=64 -D_GNU_SOURCE -D_LARGEFILE_SOURCE -D_POSIX_C_SOURCE=200809L -Dhdf5_shared_EXPORTS -I/home/byrn/HDF_Projects/hdf5/dev/src -I/home/byrn/HDF_Projects/hdf5/dev/src/H5FDsubfiling -I/home/byrn/HDF_Projects/hdf5/build/ci-StdShar-GNUC/src -I/home/byrn/HDF_Projects/hdf5/build/ci-StdShar-GNUC/_deps/hdf5_zlib-build -I/home/byrn/HDF_Projects/hdf5/build/ci-StdShar-GNUC/_deps/hdf5_zlib-src -I/home/byrn/HDF_Projects/hdf5/build/ci-StdShar-GNUC/_deps/szip-build -I/home/byrn/HDF_Projects/hdf5/build/ci-StdShar-GNUC/_deps/szip-src/include -I/home/byrn/HDF_Projects/hdf5/build/ci-StdShar-GNUC/_deps/szip-src -std=c99  -fstdarg-opt -fdiagnostics-urls=never -fno-diagnostics-color -fmessage-length=0 -O2 -g -DNDEBUG -std=gnu99 -fPIC -Wall -Wcast-qual -Wconversion -Wextra -Wfloat-equal -Wformat=2 -Winit-self -Winvalid-pch -Wmissing-include-dirs -Wshadow -Wundef -Wwrite-strings -pedantic -Wno-c++-compat -Wbad-function-cast -Wcast-align -Wformat -Wimplicit-function-declaration -Wint-to-pointer-cast -Wmissing-declarations -Wmissing-prototypes -Wnested-externs -Wold-style-definition -Wpacked -Wpointer-sign -Wpointer-to-int-cast -Wredundant-decls -Wstrict-prototypes -Wswitch -Wunused-but-set-variable -Wunused-variable -Wunused-function -Wunused-parameter -finline-functions -Wno-aggregate-return -Wno-inline -Wno-missing-format-attribute -Wno-missing-noreturn -Wno-overlength-strings -Wlarger-than=2560 -Wlogical-op -Wframe-larger-than=16384 -Wpacked-bitfield-compat -Wsync-nand -Wno-unsuffixed-float-constants -Wdouble-promotion -Wtrampolines -Wstack-usage=8192 -Wmaybe-uninitialized -Wno-jump-misses-init -Wstrict-overflow=2 -Wno-suggest-attribute=const -Wno-suggest-attribute=noreturn -Wno-suggest-attribute=pure -Wno-suggest-attribute=format -Wdate-time -Warray-bounds=2 -Wc99-c11-compat -Wincompatible-pointer-types -Wint-conversion -Wduplicated-cond -Whsa -Wnormalized -Wnull-dereference -Wunused-const-variable -Walloca -Walloc-zero -Wduplicated-branches -Wformat-overflow=2 -Wformat-truncation=1 -Wrestrict -Wattribute-alias -Wshift-overflow=2 -Wcast-function-type -Wcast-align=strict -Wno-suggest-attribute=cold -Wno-suggest-attribute=malloc -Wattribute-alias=2 -Wmissing-profile -Wc11-c2x-compat -MD -MT src/CMakeFiles/hdf5-shared.dir/H5B2int.c.o -MF src/CMakeFiles/hdf5-shared.dir/H5B2int.c.o.d -o src/CMakeFiles/hdf5-shared.dir/H5B2int.c.o -c /home/byrn/HDF_Projects/hdf5/dev/src/H5B2int.c
[403/4114] /usr/bin/cc -DH5_BUILT_AS_DYNAMIC_LIB -D_FILE_OFFSET_BITS=64 -D_GNU_SOURCE -D_LARGEFILE_SOURCE -D_POSIX_C_SOURCE=200809L -Dhdf5_shared_EXPORTS -I/home/byrn/HDF_Projects/hdf5/dev/src -I/home/byrn/HDF_Projects/hdf5/dev/src/H5FDsubfiling -I/home/byrn/HDF_Projects/hdf5/build/ci-StdShar-GNUC/src -I/home/byrn/HDF_Projects/hdf5/build/ci-StdShar-GNUC/_deps/hdf5_zlib-build -I/home/byrn/HDF_Projects/hdf5/build/ci-StdShar-GNUC/_deps/hdf5_zlib-src -I/home/byrn/HDF_Projects/hdf5/build/ci-StdShar-GNUC/_deps/szip-build -I/home/byrn/HDF_Projects/hdf5/build/ci-StdShar-GNUC/_deps/szip-src/include -I/home/byrn/HDF_Projects/hdf5/build/ci-StdShar-GNUC/_deps/szip-src -std=c99  -fstdarg-opt -fdiagnostics-urls=never -fno-diagnostics-color -fmessage-length=0 -O2 -g -DNDEBUG -std=gnu99 -fPIC -Wall -Wcast-qual -Wconversion -Wextra -Wfloat-equal -Wformat=2 -Winit-self -Winvalid-pch -Wmissing-include-dirs -Wshadow -Wundef -Wwrite-strings -pedantic -Wno-c++-compat -Wbad-function-cast -Wcast-align -Wformat -Wimplicit-function-declaration -Wint-to-pointer-cast -Wmissing-declarations -Wmissing-prototypes -Wnested-externs -Wold-style-definition -Wpacked -Wpointer-sign -Wpointer-to-int-cast -Wredundant-decls -Wstrict-prototypes -Wswitch -Wunused-but-set-variable -Wunused-variable -Wunused-function -Wunused-parameter -finline-functions -Wno-aggregate-return -Wno-inline -Wno-missing-format-attribute -Wno-missing-noreturn -Wno-overlength-strings -Wlarger-than=2560 -Wlogical-op -Wframe-larger-than=16384 -Wpacked-bitfield-compat -Wsync-nand -Wno-unsuffixed-float-constants -Wdouble-promotion -Wtrampolines -Wstack-usage=8192 -Wmaybe-uninitialized -Wno-jump-misses-init -Wstrict-overflow=2 -Wno-suggest-attribute=const -Wno-suggest-attribute=noreturn -Wno-suggest-attribute=pure -Wno-suggest-attribute=format -Wdate-time -Warray-bounds=2 -Wc99-c11-compat -Wincompatible-pointer-types -Wint-conversion -Wduplicated-cond -Whsa -Wnormalized -Wnull-dereference -Wunused-const-variable -Walloca -Walloc-zero -Wduplicated-branches -Wformat-overflow=2 -Wformat-truncation=1 -Wrestrict -Wattribute-alias -Wshift-overflow=2 -Wcast-function-type -Wcast-align=strict -Wno-suggest-attribute=cold -Wno-suggest-attribute=malloc -Wattribute-alias=2 -Wmissing-profile -Wc11-c2x-compat -MD -MT src/CMakeFiles/hdf5-shared.dir/H5Clog.c.o -MF src/CMakeFiles/hdf5-shared.dir/H5Clog.c.o.d -o src/CMakeFiles/hdf5-shared.dir/H5Clog.c.o -c /home/byrn/HDF_Projects/hdf5/dev/src/H5Clog.c
[404/4114] /usr/bin/cc -D_FILE_OFFSET_BITS=64 -D_GNU_SOURCE -D_LARGEFILE_SOURCE -D_POSIX_C_SOURCE=200809L -I/home/byrn/HDF_Projects/hdf5/dev/src -I/home/byrn/HDF_Projects/hdf5/dev/src/H5FDsubfiling -I/home/byrn/HDF_Projects/hdf5/build/ci-StdShar-GNUC/src -I/home/byrn/HDF_Projects/hdf5/build/ci-StdShar-GNUC/_deps/hdf5_zlib-build -I/home/byrn/HDF_Projects/hdf5/build/ci-StdShar-GNUC/_deps/hdf5_zlib-src -I/home/byrn/HDF_Projects/hdf5/build/ci-StdShar-GNUC/_deps/szip-build -I/home/byrn/HDF_Projects/hdf5/build/ci-StdShar-GNUC/_deps/szip-src/include -I/home/byrn/HDF_Projects/hdf5/build/ci-StdShar-GNUC/_deps/szip-src -std=c99  -fstdarg-opt -fdiagnostics-urls=never -fno-diagnostics-color -fmessage-length=0 -O2 -g -DNDEBUG -std=gnu99 -fPIC -Wall -Wcast-qual -Wconversion -Wextra -Wfloat-equal -Wformat=2 -Winit-self -Winvalid-pch -Wmissing-include-dirs -Wshadow -Wundef -Wwrite-strings -pedantic -Wno-c++-compat -Wbad-function-cast -Wcast-align -Wformat -Wimplicit-function-declaration -Wint-to-pointer-cast -Wmissing-declarations -Wmissing-prototypes -Wnested-externs -Wold-style-definition -Wpacked -Wpointer-sign -Wpointer-to-int-cast -Wredundant-decls -Wstrict-prototypes -Wswitch -Wunused-but-set-variable -Wunused-variable -Wunused-function -Wunused-parameter -finline-functions -Wno-aggregate-return -Wno-inline -Wno-missing-format-attribute -Wno-missing-noreturn -Wno-overlength-strings -Wlarger-than=2560 -Wlogical-op -Wframe-larger-than=16384 -Wpacked-bitfield-compat -Wsync-nand -Wno-unsuffixed-float-constants -Wdouble-promotion -Wtrampolines -Wstack-usage=8192 -Wmaybe-uninitialized -Wno-jump-misses-init -Wstrict-overflow=2 -Wno-suggest-attribute=const -Wno-suggest-attribute=noreturn -Wno-suggest-attribute=pure -Wno-suggest-attribute=format -Wdate-time -Warray-bounds=2 -Wc99-c11-compat -Wincompatible-pointer-types -Wint-conversion -Wduplicated-cond -Whsa -Wnormalized -Wnull-dereference -Wunused-const-variable -Walloca -Walloc-zero -Wduplicated-branches -Wformat-overflow=2 -Wformat-truncation=1 -Wrestrict -Wattribute-alias -Wshift-overflow=2 -Wcast-function-type -Wcast-align=strict -Wno-suggest-attribute=cold -Wno-suggest-attribute=malloc -Wattribute-alias=2 -Wmissing-profile -Wc11-c2x-compat -MD -MT src/CMakeFiles/hdf5-static.dir/H5Tconv_float.c.o -MF src/CMakeFiles/hdf5-static.dir/H5Tconv_float.c.o.d -o src/CMakeFiles/hdf5-static.dir/H5Tconv_float.c.o -c /home/byrn/HDF_Projects/hdf5/dev/src/H5Tconv_float.c
/home/byrn/HDF_Projects/hdf5/dev/src/H5Tconv_float.c: In function ‘H5T__conv_float__Float16’:
/home/byrn/HDF_Projects/hdf5/dev/src/H5Tconv_float.c:1735:5: warning: non-standard suffix on floating constant before C23 [-Wc11-c23-compat]
 1735 |     H5T_CONV_Ff(FLOAT, FLOAT16, float, H5__Float16, -FLT16_MAX, FLT16_MAX);
      |     ^~~~~~~~~~~
/home/byrn/HDF_Projects/hdf5/dev/src/H5Tconv_float.c:1735:5: warning: non-standard suffix on floating constant before C23 [-Wc11-c23-compat]
/home/byrn/HDF_Projects/hdf5/dev/src/H5Tconv_float.c:1735:5: warning: non-standard suffix on floating constant before C23 [-Wc11-c23-compat]
/home/byrn/HDF_Projects/hdf5/dev/src/H5Tconv_float.c:1735:5: warning: non-standard suffix on floating constant before C23 [-Wc11-c23-compat]
/home/byrn/HDF_Projects/hdf5/dev/src/H5Tconv_float.c:1735:5: warning: non-standard suffix on floating constant before C23 [-Wc11-c23-compat]
/home/byrn/HDF_Projects/hdf5/dev/src/H5Tconv_float.c:1735:5: warning: non-standard suffix on floating constant before C23 [-Wc11-c23-compat]
/home/byrn/HDF_Projects/hdf5/dev/src/H5Tconv_float.c:1735:5: warning: non-standard suffix on floating constant before C23 [-Wc11-c23-compat]
/home/byrn/HDF_Projects/hdf5/dev/src/H5Tconv_float.c:1735:5: warning: non-standard suffix on floating constant before C23 [-Wc11-c23-compat]
/home/byrn/HDF_Projects/hdf5/dev/src/H5Tconv_float.c:1735:5: warning: non-standard suffix on floating constant before C23 [-Wc11-c23-compat]
/home/byrn/HDF_Projects/hdf5/dev/src/H5Tconv_float.c:1735:5: warning: non-standard suffix on floating constant before C23 [-Wc11-c23-compat]
/home/byrn/HDF_Projects/hdf5/dev/src/H5Tconv_float.c:1735:5: warning: non-standard suffix on floating constant before C23 [-Wc11-c23-compat]
/home/byrn/HDF_Projects/hdf5/dev/src/H5Tconv_float.c:1735:5: warning: non-standard suffix on floating constant before C23 [-Wc11-c23-compat]
/home/byrn/HDF_Projects/hdf5/dev/src/H5Tconv_float.c:1735:5: warning: non-standard suffix on floating constant before C23 [-Wc11-c23-compat]
/home/byrn/HDF_Projects/hdf5/dev/src/H5Tconv_float.c:1735:5: warning: non-standard suffix on floating constant before C23 [-Wc11-c23-compat]
/home/byrn/HDF_Projects/hdf5/dev/src/H5Tconv_float.c:1735:5: warning: non-standard suffix on floating constant before C23 [-Wc11-c23-compat]
/home/byrn/HDF_Projects/hdf5/dev/src/H5Tconv_float.c:1735:5: warning: non-standard suffix on floating constant before C23 [-Wc11-c23-compat]
/home/byrn/HDF_Projects/hdf5/dev/src/H5Tconv_float.c: In function ‘H5T__conv_double__Float16’:
/home/byrn/HDF_Projects/hdf5/dev/src/H5Tconv_float.c:1994:5: warning: non-standard suffix on floating constant before C23 [-Wc11-c23-compat]
 1994 |     H5T_CONV_Ff(DOUBLE, FLOAT16, double, H5__Float16, -FLT16_MAX, FLT16_MAX);
      |     ^~~~~~~~~~~
/home/byrn/HDF_Projects/hdf5/dev/src/H5Tconv_float.c:1994:5: warning: non-standard suffix on floating constant before C23 [-Wc11-c23-compat]
/home/byrn/HDF_Projects/hdf5/dev/src/H5Tconv_float.c:1994:5: warning: non-standard suffix on floating constant before C23 [-Wc11-c23-compat]
/home/byrn/HDF_Projects/hdf5/dev/src/H5Tconv_float.c:1994:5: warning: non-standard suffix on floating constant before C23 [-Wc11-c23-compat]
/home/byrn/HDF_Projects/hdf5/dev/src/H5Tconv_float.c:1994:5: warning: non-standard suffix on floating constant before C23 [-Wc11-c23-compat]
/home/byrn/HDF_Projects/hdf5/dev/src/H5Tconv_float.c:1994:5: warning: non-standard suffix on floating constant before C23 [-Wc11-c23-compat]
/home/byrn/HDF_Projects/hdf5/dev/src/H5Tconv_float.c:1994:5: warning: non-standard suffix on floating constant before C23 [-Wc11-c23-compat]
/home/byrn/HDF_Projects/hdf5/dev/src/H5Tconv_float.c:1994:5: warning: non-standard suffix on floating constant before C23 [-Wc11-c23-compat]
/home/byrn/HDF_Projects/hdf5/dev/src/H5Tconv_float.c:1994:5: warning: non-standard suffix on floating constant before C23 [-Wc11-c23-compat]
/home/byrn/HDF_Projects/hdf5/dev/src/H5Tconv_float.c:1994:5: warning: non-standard suffix on floating constant before C23 [-Wc11-c23-compat]
/home/byrn/HDF_Projects/hdf5/dev/src/H5Tconv_float.c:1994:5: warning: non-standard suffix on floating constant before C23 [-Wc11-c23-compat]
/home/byrn/HDF_Projects/hdf5/dev/src/H5Tconv_float.c:1994:5: warning: non-standard suffix on floating constant before C23 [-Wc11-c23-compat]
/home/byrn/HDF_Projects/hdf5/dev/src/H5Tconv_float.c:1994:5: warning: non-standard suffix on floating constant before C23 [-Wc11-c23-compat]
/home/byrn/HDF_Projects/hdf5/dev/src/H5Tconv_float.c:1994:5: warning: non-standard suffix on floating constant before C23 [-Wc11-c23-compat]
/home/byrn/HDF_Projects/hdf5/dev/src/H5Tconv_float.c:1994:5: warning: non-standard suffix on floating constant before C23 [-Wc11-c23-compat]
/home/byrn/HDF_Projects/hdf5/dev/src/H5Tconv_float.c:1994:5: warning: non-standard suffix on floating constant before C23 [-Wc11-c23-compat]
/home/byrn/HDF_Projects/hdf5/dev/src/H5Tconv_float.c: In function ‘H5T__conv_ldouble__Float16’:
/home/byrn/HDF_Projects/hdf5/dev/src/H5Tconv_float.c:2258:5: warning: non-standard suffix on floating constant before C23 [-Wc11-c23-compat]
 2258 |     H5T_CONV_Ff(LDOUBLE, FLOAT16, long double, H5__Float16, -FLT16_MAX, FLT16_MAX);
      |     ^~~~~~~~~~~
/home/byrn/HDF_Projects/hdf5/dev/src/H5Tconv_float.c:2258:5: warning: non-standard suffix on floating constant before C23 [-Wc11-c23-compat]
/home/byrn/HDF_Projects/hdf5/dev/src/H5Tconv_float.c:2258:5: warning: non-standard suffix on floating constant before C23 [-Wc11-c23-compat]
/home/byrn/HDF_Projects/hdf5/dev/src/H5Tconv_float.c:2258:5: warning: non-standard suffix on floating constant before C23 [-Wc11-c23-compat]
/home/byrn/HDF_Projects/hdf5/dev/src/H5Tconv_float.c:2258:5: warning: non-standard suffix on floating constant before C23 [-Wc11-c23-compat]
/home/byrn/HDF_Projects/hdf5/dev/src/H5Tconv_float.c:2258:5: warning: non-standard suffix on floating constant before C23 [-Wc11-c23-compat]
/home/byrn/HDF_Projects/hdf5/dev/src/H5Tconv_float.c:2258:5: warning: non-standard suffix on floating constant before C23 [-Wc11-c23-compat]
/home/byrn/HDF_Projects/hdf5/dev/src/H5Tconv_float.c:2258:5: warning: non-standard suffix on floating constant before C23 [-Wc11-c23-compat]
/home/byrn/HDF_Projects/hdf5/dev/src/H5Tconv_float.c:2258:5: warning: non-standard suffix on floating constant before C23 [-Wc11-c23-compat]
/home/byrn/HDF_Projects/hdf5/dev/src/H5Tconv_float.c:2258:5: warning: non-standard suffix on floating constant before C23 [-Wc11-c23-compat]
/home/byrn/HDF_Projects/hdf5/dev/src/H5Tconv_float.c:2258:5: warning: non-standard suffix on floating constant before C23 [-Wc11-c23-compat]
/home/byrn/HDF_Projects/hdf5/dev/src/H5Tconv_float.c:2258:5: warning: non-standard suffix on floating constant before C23 [-Wc11-c23-compat]
/home/byrn/HDF_Projects/hdf5/dev/src/H5Tconv_float.c:2258:5: warning: non-standard suffix on floating constant before C23 [-Wc11-c23-compat]
/home/byrn/HDF_Projects/hdf5/dev/src/H5Tconv_float.c:2258:5: warning: non-standard suffix on floating constant before C23 [-Wc11-c23-compat]
/home/byrn/HDF_Projects/hdf5/dev/src/H5Tconv_float.c:2258:5: warning: non-standard suffix on floating constant before C23 [-Wc11-c23-compat]
/home/byrn/HDF_Projects/hdf5/dev/src/H5Tconv_float.c:2258:5: warning: non-standard suffix on floating constant before C23 [-Wc11-c23-compat]
[405/4114] /usr/bin/cc -DH5_BUILT_AS_DYNAMIC_LIB -D_FILE_OFFSET_BITS=64 -D_GNU_SOURCE -D_LARGEFILE_SOURCE -D_POSIX_C_SOURCE=200809L -Dhdf5_shared_EXPORTS -I/home/byrn/HDF_Projects/hdf5/dev/src -I/home/byrn/HDF_Projects/hdf5/dev/src/H5FDsubfiling -I/home/byrn/HDF_Projects/hdf5/build/ci-StdShar-GNUC/src -I/home/byrn/HDF_Projects/hdf5/build/ci-StdShar-GNUC/_deps/hdf5_zlib-build -I/home/byrn/HDF_Projects/hdf5/build/ci-StdShar-GNUC/_deps/hdf5_zlib-src -I/home/byrn/HDF_Projects/hdf5/build/ci-StdShar-GNUC/_deps/szip-build -I/home/byrn/HDF_Projects/hdf5/build/ci-StdShar-GNUC/_deps/szip-src/include -I/home/byrn/HDF_Projects/hdf5/build/ci-StdShar-GNUC/_deps/szip-src -std=c99  -fstdarg-opt -fdiagnostics-urls=never -fno-diagnostics-color -fmessage-length=0 -O2 -g -DNDEBUG -std=gnu99 -fPIC -Wall -Wcast-qual -Wconversion -Wextra -Wfloat-equal -Wformat=2 -Winit-self -Winvalid-pch -Wmissing-include-dirs -Wshadow -Wundef -Wwrite-strings -pedantic -Wno-c++-compat -Wbad-function-cast -Wcast-align -Wformat -Wimplicit-function-declaration -Wint-to-pointer-cast -Wmissing-declarations -Wmissing-prototypes -Wnested-externs -Wold-style-definition -Wpacked -Wpointer-sign -Wpointer-to-int-cast -Wredundant-decls -Wstrict-prototypes -Wswitch -Wunused-but-set-variable -Wunused-variable -Wunused-function -Wunused-parameter -finline-functions -Wno-aggregate-return -Wno-inline -Wno-missing-format-attribute -Wno-missing-noreturn -Wno-overlength-strings -Wlarger-than=2560 -Wlogical-op -Wframe-larger-than=16384 -Wpacked-bitfield-compat -Wsync-nand -Wno-unsuffixed-float-constants -Wdouble-promotion -Wtrampolines -Wstack-usage=8192 -Wmaybe-uninitialized -Wno-jump-misses-init -Wstrict-overflow=2 -Wno-suggest-attribute=const -Wno-suggest-attribute=noreturn -Wno-suggest-attribute=pure -Wno-suggest-attribute=format -Wdate-time -Warray-bounds=2 -Wc99-c11-compat -Wincompatible-pointer-types -Wint-conversion -Wduplicated-cond -Whsa -Wnormalized -Wnull-dereference -Wunused-const-variable -Walloca -Walloc-zero -Wduplicated-branches -Wformat-overflow=2 -Wformat-truncation=1 -Wrestrict -Wattribute-alias -Wshift-overflow=2 -Wcast-function-type -Wcast-align=strict -Wno-suggest-attribute=cold -Wno-suggest-attribute=malloc -Wattribute-alias=2 -Wmissing-profile -Wc11-c2x-compat -MD -MT src/CMakeFiles/hdf5-shared.dir/H5Cmpio.c.o -MF src/CMakeFiles/hdf5-shared.dir/H5Cmpio.c.o.d -o src/CMakeFiles/hdf5-shared.dir/H5Cmpio.c.o -c /home/byrn/HDF_Projects/hdf5/dev/src/H5Cmpio.c
[406/4114] /usr/bin/cc -DH5_BUILT_AS_DYNAMIC_LIB -D_FILE_OFFSET_BITS=64 -D_GNU_SOURCE -D_LARGEFILE_SOURCE -D_POSIX_C_SOURCE=200809L -Dhdf5_shared_EXPORTS -I/home/byrn/HDF_Projects/hdf5/dev/src -I/home/byrn/HDF_Projects/hdf5/dev/src/H5FDsubfiling -I/home/byrn/HDF_Projects/hdf5/build/ci-StdShar-GNUC/src -I/home/byrn/HDF_Projects/hdf5/build/ci-StdShar-GNUC/_deps/hdf5_zlib-build -I/home/byrn/HDF_Projects/hdf5/build/ci-StdShar-GNUC/_deps/hdf5_zlib-src -I/home/byrn/HDF_Projects/hdf5/build/ci-StdShar-GNUC/_deps/szip-build -I/home/byrn/HDF_Projects/hdf5/build/ci-StdShar-GNUC/_deps/szip-src/include -I/home/byrn/HDF_Projects/hdf5/build/ci-StdShar-GNUC/_deps/szip-src -std=c99  -fstdarg-opt -fdiagnostics-urls=never -fno-diagnostics-color -fmessage-length=0 -O2 -g -DNDEBUG -std=gnu99 -fPIC -Wall -Wcast-qual -Wconversion -Wextra -Wfloat-equal -Wformat=2 -Winit-self -Winvalid-pch -Wmissing-include-dirs -Wshadow -Wundef -Wwrite-strings -pedantic -Wno-c++-compat -Wbad-function-cast -Wcast-align -Wformat -Wimplicit-function-declaration -Wint-to-pointer-cast -Wmissing-declarations -Wmissing-prototypes -Wnested-externs -Wold-style-definition -Wpacked -Wpointer-sign -Wpointer-to-int-cast -Wredundant-decls -Wstrict-prototypes -Wswitch -Wunused-but-set-variable -Wunused-variable -Wunused-function -Wunused-parameter -finline-functions -Wno-aggregate-return -Wno-inline -Wno-missing-format-attribute -Wno-missing-noreturn -Wno-overlength-strings -Wlarger-than=2560 -Wlogical-op -Wframe-larger-than=16384 -Wpacked-bitfield-compat -Wsync-nand -Wno-unsuffixed-float-constants -Wdouble-promotion -Wtrampolines -Wstack-usage=8192 -Wmaybe-uninitialized -Wno-jump-misses-init -Wstrict-overflow=2 -Wno-suggest-attribute=const -Wno-suggest-attribute=noreturn -Wno-suggest-attribute=pure -Wno-suggest-attribute=format -Wdate-time -Warray-bounds=2 -Wc99-c11-compat -Wincompatible-pointer-types -Wint-conversion -Wduplicated-cond -Whsa -Wnormalized -Wnull-dereference -Wunused-const-variable -Walloca -Walloc-zero -Wduplicated-branches -Wformat-overflow=2 -Wformat-truncation=1 -Wrestrict -Wattribute-alias -Wshift-overflow=2 -Wcast-function-type -Wcast-align=strict -Wno-suggest-attribute=cold -Wno-suggest-attribute=malloc -Wattribute-alias=2 -Wmissing-profile -Wc11-c2x-compat -MD -MT src/CMakeFiles/hdf5-shared.dir/H5Cimage.c.o -MF src/CMakeFiles/hdf5-shared.dir/H5Cimage.c.o.d -o src/CMakeFiles/hdf5-shared.dir/H5Cimage.c.o -c /home/byrn/HDF_Projects/hdf5/dev/src/H5Cimage.c
[407/4114] /usr/bin/cc -DH5_BUILT_AS_DYNAMIC_LIB -D_FILE_OFFSET_BITS=64 -D_GNU_SOURCE -D_LARGEFILE_SOURCE -D_POSIX_C_SOURCE=200809L -Dhdf5_shared_EXPORTS -I/home/byrn/HDF_Projects/hdf5/dev/src -I/home/byrn/HDF_Projects/hdf5/dev/src/H5FDsubfiling -I/home/byrn/HDF_Projects/hdf5/build/ci-StdShar-GNUC/src -I/home/byrn/HDF_Projects/hdf5/build/ci-StdShar-GNUC/_deps/hdf5_zlib-build -I/home/byrn/HDF_Projects/hdf5/build/ci-StdShar-GNUC/_deps/hdf5_zlib-src -I/home/byrn/HDF_Projects/hdf5/build/ci-StdShar-GNUC/_deps/szip-build -I/home/byrn/HDF_Projects/hdf5/build/ci-StdShar-GNUC/_deps/szip-src/include -I/home/byrn/HDF_Projects/hdf5/build/ci-StdShar-GNUC/_deps/szip-src -std=c99  -fstdarg-opt -fdiagnostics-urls=never -fno-diagnostics-color -fmessage-length=0 -O2 -g -DNDEBUG -std=gnu99 -fPIC -Wall -Wcast-qual -Wconversion -Wextra -Wfloat-equal -Wformat=2 -Winit-self -Winvalid-pch -Wmissing-include-dirs -Wshadow -Wundef -Wwrite-strings -pedantic -Wno-c++-compat -Wbad-function-cast -Wcast-align -Wformat -Wimplicit-function-declaration -Wint-to-pointer-cast -Wmissing-declarations -Wmissing-prototypes -Wnested-externs -Wold-style-definition -Wpacked -Wpointer-sign -Wpointer-to-int-cast -Wredundant-decls -Wstrict-prototypes -Wswitch -Wunused-but-set-variable -Wunused-variable -Wunused-function -Wunused-parameter -finline-functions -Wno-aggregate-return -Wno-inline -Wno-missing-format-attribute -Wno-missing-noreturn -Wno-overlength-strings -Wlarger-than=2560 -Wlogical-op -Wframe-larger-than=16384 -Wpacked-bitfield-compat -Wsync-nand -Wno-unsuffixed-float-constants -Wdouble-promotion -Wtrampolines -Wstack-usage=8192 -Wmaybe-uninitialized -Wno-jump-misses-init -Wstrict-overflow=2 -Wno-suggest-attribute=const -Wno-suggest-attribute=noreturn -Wno-suggest-attribute=pure -Wno-suggest-attribute=format -Wdate-time -Warray-bounds=2 -Wc99-c11-compat -Wincompatible-pointer-types -Wint-conversion -Wduplicated-cond -Whsa -Wnormalized -Wnull-dereference -Wunused-const-variable -Walloca -Walloc-zero -Wduplicated-branches -Wformat-overflow=2 -Wformat-truncation=1 -Wrestrict -Wattribute-alias -Wshift-overflow=2 -Wcast-function-type -Wcast-align=strict -Wno-suggest-attribute=cold -Wno-suggest-attribute=malloc -Wattribute-alias=2 -Wmissing-profile -Wc11-c2x-compat -MD -MT src/CMakeFiles/hdf5-shared.dir/H5Clog_trace.c.o -MF src/CMakeFiles/hdf5-shared.dir/H5Clog_trace.c.o.d -o src/CMakeFiles/hdf5-shared.dir/H5Clog_trace.c.o -c /home/byrn/HDF_Projects/hdf5/dev/src/H5Clog_trace.c
[408/4114] /usr/bin/cc -DH5_BUILT_AS_DYNAMIC_LIB -D_FILE_OFFSET_BITS=64 -D_GNU_SOURCE -D_LARGEFILE_SOURCE -D_POSIX_C_SOURCE=200809L -Dhdf5_shared_EXPORTS -I/home/byrn/HDF_Projects/hdf5/dev/src -I/home/byrn/HDF_Projects/hdf5/dev/src/H5FDsubfiling -I/home/byrn/HDF_Projects/hdf5/build/ci-StdShar-GNUC/src -I/home/byrn/HDF_Projects/hdf5/build/ci-StdShar-GNUC/_deps/hdf5_zlib-build -I/home/byrn/HDF_Projects/hdf5/build/ci-StdShar-GNUC/_deps/hdf5_zlib-src -I/home/byrn/HDF_Projects/hdf5/build/ci-StdShar-GNUC/_deps/szip-build -I/home/byrn/HDF_Projects/hdf5/build/ci-StdShar-GNUC/_deps/szip-src/include -I/home/byrn/HDF_Projects/hdf5/build/ci-StdShar-GNUC/_deps/szip-src -std=c99  -fstdarg-opt -fdiagnostics-urls=never -fno-diagnostics-color -fmessage-length=0 -O2 -g -DNDEBUG -std=gnu99 -fPIC -Wall -Wcast-qual -Wconversion -Wextra -Wfloat-equal -Wformat=2 -Winit-self -Winvalid-pch -Wmissing-include-dirs -Wshadow -Wundef -Wwrite-strings -pedantic -Wno-c++-compat -Wbad-function-cast -Wcast-align -Wformat -Wimplicit-function-declaration -Wint-to-pointer-cast -Wmissing-declarations -Wmissing-prototypes -Wnested-externs -Wold-style-definition -Wpacked -Wpointer-sign -Wpointer-to-int-cast -Wredundant-decls -Wstrict-prototypes -Wswitch -Wunused-but-set-variable -Wunused-variable -Wunused-function -Wunused-parameter -finline-functions -Wno-aggregate-return -Wno-inline -Wno-missing-format-attribute -Wno-missing-noreturn -Wno-overlength-strings -Wlarger-than=2560 -Wlogical-op -Wframe-larger-than=16384 -Wpacked-bitfield-compat -Wsync-nand -Wno-unsuffixed-float-constants -Wdouble-promotion -Wtrampolines -Wstack-usage=8192 -Wmaybe-uninitialized -Wno-jump-misses-init -Wstrict-overflow=2 -Wno-suggest-attribute=const -Wno-suggest-attribute=noreturn -Wno-suggest-attribute=pure -Wno-suggest-attribute=format -Wdate-time -Warray-bounds=2 -Wc99-c11-compat -Wincompatible-pointer-types -Wint-conversion -Wduplicated-cond -Whsa -Wnormalized -Wnull-dereference -Wunused-const-variable -Walloca -Walloc-zero -Wduplicated-branches -Wformat-overflow=2 -Wformat-truncation=1 -Wrestrict -Wattribute-alias -Wshift-overflow=2 -Wcast-function-type -Wcast-align=strict -Wno-suggest-attribute=cold -Wno-suggest-attribute=malloc -Wattribute-alias=2 -Wmissing-profile -Wc11-c2x-compat -MD -MT src/CMakeFiles/hdf5-shared.dir/H5Clog_json.c.o -MF src/CMakeFiles/hdf5-shared.dir/H5Clog_json.c.o.d -o src/CMakeFiles/hdf5-shared.dir/H5Clog_json.c.o -c /home/byrn/HDF_Projects/hdf5/dev/src/H5Clog_json.c
[409/4114] /usr/bin/cc -DH5_BUILT_AS_DYNAMIC_LIB -D_FILE_OFFSET_BITS=64 -D_GNU_SOURCE -D_LARGEFILE_SOURCE -D_POSIX_C_SOURCE=200809L -Dhdf5_shared_EXPORTS -I/home/byrn/HDF_Projects/hdf5/dev/src -I/home/byrn/HDF_Projects/hdf5/dev/src/H5FDsubfiling -I/home/byrn/HDF_Projects/hdf5/build/ci-StdShar-GNUC/src -I/home/byrn/HDF_Projects/hdf5/build/ci-StdShar-GNUC/_deps/hdf5_zlib-build -I/home/byrn/HDF_Projects/hdf5/build/ci-StdShar-GNUC/_deps/hdf5_zlib-src -I/home/byrn/HDF_Projects/hdf5/build/ci-StdShar-GNUC/_deps/szip-build -I/home/byrn/HDF_Projects/hdf5/build/ci-StdShar-GNUC/_deps/szip-src/include -I/home/byrn/HDF_Projects/hdf5/build/ci-StdShar-GNUC/_deps/szip-src -std=c99  -fstdarg-opt -fdiagnostics-urls=never -fno-diagnostics-color -fmessage-length=0 -O2 -g -DNDEBUG -std=gnu99 -fPIC -Wall -Wcast-qual -Wconversion -Wextra -Wfloat-equal -Wformat=2 -Winit-self -Winvalid-pch -Wmissing-include-dirs -Wshadow -Wundef -Wwrite-strings -pedantic -Wno-c++-compat -Wbad-function-cast -Wcast-align -Wformat -Wimplicit-function-declaration -Wint-to-pointer-cast -Wmissing-declarations -Wmissing-prototypes -Wnested-externs -Wold-style-definition -Wpacked -Wpointer-sign -Wpointer-to-int-cast -Wredundant-decls -Wstrict-prototypes -Wswitch -Wunused-but-set-variable -Wunused-variable -Wunused-function -Wunused-parameter -finline-functions -Wno-aggregate-return -Wno-inline -Wno-missing-format-attribute -Wno-missing-noreturn -Wno-overlength-strings -Wlarger-than=2560 -Wlogical-op -Wframe-larger-than=16384 -Wpacked-bitfield-compat -Wsync-nand -Wno-unsuffixed-float-constants -Wdouble-promotion -Wtrampolines -Wstack-usage=8192 -Wmaybe-uninitialized -Wno-jump-misses-init -Wstrict-overflow=2 -Wno-suggest-attribute=const -Wno-suggest-attribute=noreturn -Wno-suggest-attribute=pure -Wno-suggest-attribute=format -Wdate-time -Warray-bounds=2 -Wc99-c11-compat -Wincompatible-pointer-types -Wint-conversion -Wduplicated-cond -Whsa -Wnormalized -Wnull-dereference -Wunused-const-variable -Walloca -Walloc-zero -Wduplicated-branches -Wformat-overflow=2 -Wformat-truncation=1 -Wrestrict -Wattribute-alias -Wshift-overflow=2 -Wcast-function-type -Wcast-align=strict -Wno-suggest-attribute=cold -Wno-suggest-attribute=malloc -Wattribute-alias=2 -Wmissing-profile -Wc11-c2x-compat -MD -MT src/CMakeFiles/hdf5-shared.dir/H5Cprefetched.c.o -MF src/CMakeFiles/hdf5-shared.dir/H5Cprefetched.c.o.d -o src/CMakeFiles/hdf5-shared.dir/H5Cprefetched.c.o -c /home/byrn/HDF_Projects/hdf5/dev/src/H5Cprefetched.c
[410/4114] /usr/bin/cc -DH5_BUILT_AS_DYNAMIC_LIB -D_FILE_OFFSET_BITS=64 -D_GNU_SOURCE -D_LARGEFILE_SOURCE -D_POSIX_C_SOURCE=200809L -Dhdf5_shared_EXPORTS -I/home/byrn/HDF_Projects/hdf5/dev/src -I/home/byrn/HDF_Projects/hdf5/dev/src/H5FDsubfiling -I/home/byrn/HDF_Projects/hdf5/build/ci-StdShar-GNUC/src -I/home/byrn/HDF_Projects/hdf5/build/ci-StdShar-GNUC/_deps/hdf5_zlib-build -I/home/byrn/HDF_Projects/hdf5/build/ci-StdShar-GNUC/_deps/hdf5_zlib-src -I/home/byrn/HDF_Projects/hdf5/build/ci-StdShar-GNUC/_deps/szip-build -I/home/byrn/HDF_Projects/hdf5/build/ci-StdShar-GNUC/_deps/szip-src/include -I/home/byrn/HDF_Projects/hdf5/build/ci-StdShar-GNUC/_deps/szip-src -std=c99  -fstdarg-opt -fdiagnostics-urls=never -fno-diagnostics-color -fmessage-length=0 -O2 -g -DNDEBUG -std=gnu99 -fPIC -Wall -Wcast-qual -Wconversion -Wextra -Wfloat-equal -Wformat=2 -Winit-self -Winvalid-pch -Wmissing-include-dirs -Wshadow -Wundef -Wwrite-strings -pedantic -Wno-c++-compat -Wbad-function-cast -Wcast-align -Wformat -Wimplicit-function-declaration -Wint-to-pointer-cast -Wmissing-declarations -Wmissing-prototypes -Wnested-externs -Wold-style-definition -Wpacked -Wpointer-sign -Wpointer-to-int-cast -Wredundant-decls -Wstrict-prototypes -Wswitch -Wunused-but-set-variable -Wunused-variable -Wunused-function -Wunused-parameter -finline-functions -Wno-aggregate-return -Wno-inline -Wno-missing-format-attribute -Wno-missing-noreturn -Wno-overlength-strings -Wlarger-than=2560 -Wlogical-op -Wframe-larger-than=16384 -Wpacked-bitfield-compat -Wsync-nand -Wno-unsuffixed-float-constants -Wdouble-promotion -Wtrampolines -Wstack-usage=8192 -Wmaybe-uninitialized -Wno-jump-misses-init -Wstrict-overflow=2 -Wno-suggest-attribute=const -Wno-suggest-attribute=noreturn -Wno-suggest-attribute=pure -Wno-suggest-attribute=format -Wdate-time -Warray-bounds=2 -Wc99-c11-compat -Wincompatible-pointer-types -Wint-conversion -Wduplicated-cond -Whsa -Wnormalized -Wnull-dereference -Wunused-const-variable -Walloca -Walloc-zero -Wduplicated-branches -Wformat-overflow=2 -Wformat-truncation=1 -Wrestrict -Wattribute-alias -Wshift-overflow=2 -Wcast-function-type -Wcast-align=strict -Wno-suggest-attribute=cold -Wno-suggest-attribute=malloc -Wattribute-alias=2 -Wmissing-profile -Wc11-c2x-compat -MD -MT src/CMakeFiles/hdf5-shared.dir/H5Cint.c.o -MF src/CMakeFiles/hdf5-shared.dir/H5Cint.c.o.d -o src/CMakeFiles/hdf5-shared.dir/H5Cint.c.o -c /home/byrn/HDF_Projects/hdf5/dev/src/H5Cint.c
[411/4114] /usr/bin/cc -DH5_BUILT_AS_DYNAMIC_LIB -D_FILE_OFFSET_BITS=64 -D_GNU_SOURCE -D_LARGEFILE_SOURCE -D_POSIX_C_SOURCE=200809L -Dhdf5_shared_EXPORTS -I/home/byrn/HDF_Projects/hdf5/dev/src -I/home/byrn/HDF_Projects/hdf5/dev/src/H5FDsubfiling -I/home/byrn/HDF_Projects/hdf5/build/ci-StdShar-GNUC/src -I/home/byrn/HDF_Projects/hdf5/build/ci-StdShar-GNUC/_deps/hdf5_zlib-build -I/home/byrn/HDF_Projects/hdf5/build/ci-StdShar-GNUC/_deps/hdf5_zlib-src -I/home/byrn/HDF_Projects/hdf5/build/ci-StdShar-GNUC/_deps/szip-build -I/home/byrn/HDF_Projects/hdf5/build/ci-StdShar-GNUC/_deps/szip-src/include -I/home/byrn/HDF_Projects/hdf5/build/ci-StdShar-GNUC/_deps/szip-src -std=c99  -fstdarg-opt -fdiagnostics-urls=never -fno-diagnostics-color -fmessage-length=0 -O2 -g -DNDEBUG -std=gnu99 -fPIC -Wall -Wcast-qual -Wconversion -Wextra -Wfloat-equal -Wformat=2 -Winit-self -Winvalid-pch -Wmissing-include-dirs -Wshadow -Wundef -Wwrite-strings -pedantic -Wno-c++-compat -Wbad-function-cast -Wcast-align -Wformat -Wimplicit-function-declaration -Wint-to-pointer-cast -Wmissing-declarations -Wmissing-prototypes -Wnested-externs -Wold-style-definition -Wpacked -Wpointer-sign -Wpointer-to-int-cast -Wredundant-decls -Wstrict-prototypes -Wswitch -Wunused-but-set-variable -Wunused-variable -Wunused-function -Wunused-parameter -finline-functions -Wno-aggregate-return -Wno-inline -Wno-missing-format-attribute -Wno-missing-noreturn -Wno-overlength-strings -Wlarger-than=2560 -Wlogical-op -Wframe-larger-than=16384 -Wpacked-bitfield-compat -Wsync-nand -Wno-unsuffixed-float-constants -Wdouble-promotion -Wtrampolines -Wstack-usage=8192 -Wmaybe-uninitialized -Wno-jump-misses-init -Wstrict-overflow=2 -Wno-suggest-attribute=const -Wno-suggest-attribute=noreturn -Wno-suggest-attribute=pure -Wno-suggest-attribute=format -Wdate-time -Warray-bounds=2 -Wc99-c11-compat -Wincompatible-pointer-types -Wint-conversion -Wduplicated-cond -Whsa -Wnormalized -Wnull-dereference -Wunused-const-variable -Walloca -Walloc-zero -Wduplicated-branches -Wformat-overflow=2 -Wformat-truncation=1 -Wrestrict -Wattribute-alias -Wshift-overflow=2 -Wcast-function-type -Wcast-align=strict -Wno-suggest-attribute=cold -Wno-suggest-attribute=malloc -Wattribute-alias=2 -Wmissing-profile -Wc11-c2x-compat -MD -MT src/CMakeFiles/hdf5-shared.dir/H5Ctest.c.o -MF src/CMakeFiles/hdf5-shared.dir/H5Ctest.c.o.d -o src/CMakeFiles/hdf5-shared.dir/H5Ctest.c.o -c /home/byrn/HDF_Projects/hdf5/dev/src/H5Ctest.c
[412/4114] /usr/bin/cc -DH5_BUILT_AS_DYNAMIC_LIB -D_FILE_OFFSET_BITS=64 -D_GNU_SOURCE -D_LARGEFILE_SOURCE -D_POSIX_C_SOURCE=200809L -Dhdf5_shared_EXPORTS -I/home/byrn/HDF_Projects/hdf5/dev/src -I/home/byrn/HDF_Projects/hdf5/dev/src/H5FDsubfiling -I/home/byrn/HDF_Projects/hdf5/build/ci-StdShar-GNUC/src -I/home/byrn/HDF_Projects/hdf5/build/ci-StdShar-GNUC/_deps/hdf5_zlib-build -I/home/byrn/HDF_Projects/hdf5/build/ci-StdShar-GNUC/_deps/hdf5_zlib-src -I/home/byrn/HDF_Projects/hdf5/build/ci-StdShar-GNUC/_deps/szip-build -I/home/byrn/HDF_Projects/hdf5/build/ci-StdShar-GNUC/_deps/szip-src/include -I/home/byrn/HDF_Projects/hdf5/build/ci-StdShar-GNUC/_deps/szip-src -std=c99  -fstdarg-opt -fdiagnostics-urls=never -fno-diagnostics-color -fmessage-length=0 -O2 -g -DNDEBUG -std=gnu99 -fPIC -Wall -Wcast-qual -Wconversion -Wextra -Wfloat-equal -Wformat=2 -Winit-self -Winvalid-pch -Wmissing-include-dirs -Wshadow -Wundef -Wwrite-strings -pedantic -Wno-c++-compat -Wbad-function-cast -Wcast-align -Wformat -Wimplicit-function-declaration -Wint-to-pointer-cast -Wmissing-declarations -Wmissing-prototypes -Wnested-externs -Wold-style-definition -Wpacked -Wpointer-sign -Wpointer-to-int-cast -Wredundant-decls -Wstrict-prototypes -Wswitch -Wunused-but-set-variable -Wunused-variable -Wunused-function -Wunused-parameter -finline-functions -Wno-aggregate-return -Wno-inline -Wno-missing-format-attribute -Wno-missing-noreturn -Wno-overlength-strings -Wlarger-than=2560 -Wlogical-op -Wframe-larger-than=16384 -Wpacked-bitfield-compat -Wsync-nand -Wno-unsuffixed-float-constants -Wdouble-promotion -Wtrampolines -Wstack-usage=8192 -Wmaybe-uninitialized -Wno-jump-misses-init -Wstrict-overflow=2 -Wno-suggest-attribute=const -Wno-suggest-attribute=noreturn -Wno-suggest-attribute=pure -Wno-suggest-attribute=format -Wdate-time -Warray-bounds=2 -Wc99-c11-compat -Wincompatible-pointer-types -Wint-conversion -Wduplicated-cond -Whsa -Wnormalized -Wnull-dereference -Wunused-const-variable -Walloca -Walloc-zero -Wduplicated-branches -Wformat-overflow=2 -Wformat-truncation=1 -Wrestrict -Wattribute-alias -Wshift-overflow=2 -Wcast-function-type -Wcast-align=strict -Wno-suggest-attribute=cold -Wno-suggest-attribute=malloc -Wattribute-alias=2 -Wmissing-profile -Wc11-c2x-compat -MD -MT src/CMakeFiles/hdf5-shared.dir/H5Cquery.c.o -MF src/CMakeFiles/hdf5-shared.dir/H5Cquery.c.o.d -o src/CMakeFiles/hdf5-shared.dir/H5Cquery.c.o -c /home/byrn/HDF_Projects/hdf5/dev/src/H5Cquery.c
[413/4114] /usr/bin/cc -DH5_BUILT_AS_DYNAMIC_LIB -D_FILE_OFFSET_BITS=64 -D_GNU_SOURCE -D_LARGEFILE_SOURCE -D_POSIX_C_SOURCE=200809L -Dhdf5_shared_EXPORTS -I/home/byrn/HDF_Projects/hdf5/dev/src -I/home/byrn/HDF_Projects/hdf5/dev/src/H5FDsubfiling -I/home/byrn/HDF_Projects/hdf5/build/ci-StdShar-GNUC/src -I/home/byrn/HDF_Projects/hdf5/build/ci-StdShar-GNUC/_deps/hdf5_zlib-build -I/home/byrn/HDF_Projects/hdf5/build/ci-StdShar-GNUC/_deps/hdf5_zlib-src -I/home/byrn/HDF_Projects/hdf5/build/ci-StdShar-GNUC/_deps/szip-build -I/home/byrn/HDF_Projects/hdf5/build/ci-StdShar-GNUC/_deps/szip-src/include -I/home/byrn/HDF_Projects/hdf5/build/ci-StdShar-GNUC/_deps/szip-src -std=c99  -fstdarg-opt -fdiagnostics-urls=never -fno-diagnostics-color -fmessage-length=0 -O2 -g -DNDEBUG -std=gnu99 -fPIC -Wall -Wcast-qual -Wconversion -Wextra -Wfloat-equal -Wformat=2 -Winit-self -Winvalid-pch -Wmissing-include-dirs -Wshadow -Wundef -Wwrite-strings -pedantic -Wno-c++-compat -Wbad-function-cast -Wcast-align -Wformat -Wimplicit-function-declaration -Wint-to-pointer-cast -Wmissing-declarations -Wmissing-prototypes -Wnested-externs -Wold-style-definition -Wpacked -Wpointer-sign -Wpointer-to-int-cast -Wredundant-decls -Wstrict-prototypes -Wswitch -Wunused-but-set-variable -Wunused-variable -Wunused-function -Wunused-parameter -finline-functions -Wno-aggregate-return -Wno-inline -Wno-missing-format-attribute -Wno-missing-noreturn -Wno-overlength-strings -Wlarger-than=2560 -Wlogical-op -Wframe-larger-than=16384 -Wpacked-bitfield-compat -Wsync-nand -Wno-unsuffixed-float-constants -Wdouble-promotion -Wtrampolines -Wstack-usage=8192 -Wmaybe-uninitialized -Wno-jump-misses-init -Wstrict-overflow=2 -Wno-suggest-attribute=const -Wno-suggest-attribute=noreturn -Wno-suggest-attribute=pure -Wno-suggest-attribute=format -Wdate-time -Warray-bounds=2 -Wc99-c11-compat -Wincompatible-pointer-types -Wint-conversion -Wduplicated-cond -Whsa -Wnormalized -Wnull-dereference -Wunused-const-variable -Walloca -Walloc-zero -Wduplicated-branches -Wformat-overflow=2 -Wformat-truncation=1 -Wrestrict -Wattribute-alias -Wshift-overflow=2 -Wcast-function-type -Wcast-align=strict -Wno-suggest-attribute=cold -Wno-suggest-attribute=malloc -Wattribute-alias=2 -Wmissing-profile -Wc11-c2x-compat -MD -MT src/CMakeFiles/hdf5-shared.dir/H5Centry.c.o -MF src/CMakeFiles/hdf5-shared.dir/H5Centry.c.o.d -o src/CMakeFiles/hdf5-shared.dir/H5Centry.c.o -c /home/byrn/HDF_Projects/hdf5/dev/src/H5Centry.c
[414/4114] /usr/bin/cc -DH5_BUILT_AS_DYNAMIC_LIB -D_FILE_OFFSET_BITS=64 -D_GNU_SOURCE -D_LARGEFILE_SOURCE -D_POSIX_C_SOURCE=200809L -Dhdf5_shared_EXPORTS -I/home/byrn/HDF_Projects/hdf5/dev/src -I/home/byrn/HDF_Projects/hdf5/dev/src/H5FDsubfiling -I/home/byrn/HDF_Projects/hdf5/build/ci-StdShar-GNUC/src -I/home/byrn/HDF_Projects/hdf5/build/ci-StdShar-GNUC/_deps/hdf5_zlib-build -I/home/byrn/HDF_Projects/hdf5/build/ci-StdShar-GNUC/_deps/hdf5_zlib-src -I/home/byrn/HDF_Projects/hdf5/build/ci-StdShar-GNUC/_deps/szip-build -I/home/byrn/HDF_Projects/hdf5/build/ci-StdShar-GNUC/_deps/szip-src/include -I/home/byrn/HDF_Projects/hdf5/build/ci-StdShar-GNUC/_deps/szip-src -std=c99  -fstdarg-opt -fdiagnostics-urls=never -fno-diagnostics-color -fmessage-length=0 -O2 -g -DNDEBUG -std=gnu99 -fPIC -Wall -Wcast-qual -Wconversion -Wextra -Wfloat-equal -Wformat=2 -Winit-self -Winvalid-pch -Wmissing-include-dirs -Wshadow -Wundef -Wwrite-strings -pedantic -Wno-c++-compat -Wbad-function-cast -Wcast-align -Wformat -Wimplicit-function-declaration -Wint-to-pointer-cast -Wmissing-declarations -Wmissing-prototypes -Wnested-externs -Wold-style-definition -Wpacked -Wpointer-sign -Wpointer-to-int-cast -Wredundant-decls -Wstrict-prototypes -Wswitch -Wunused-but-set-variable -Wunused-variable -Wunused-function -Wunused-parameter -finline-functions -Wno-aggregate-return -Wno-inline -Wno-missing-format-attribute -Wno-missing-noreturn -Wno-overlength-strings -Wlarger-than=2560 -Wlogical-op -Wframe-larger-than=16384 -Wpacked-bitfield-compat -Wsync-nand -Wno-unsuffixed-float-constants -Wdouble-promotion -Wtrampolines -Wstack-usage=8192 -Wmaybe-uninitialized -Wno-jump-misses-init -Wstrict-overflow=2 -Wno-suggest-attribute=const -Wno-suggest-attribute=noreturn -Wno-suggest-attribute=pure -Wno-suggest-attribute=format -Wdate-time -Warray-bounds=2 -Wc99-c11-compat -Wincompatible-pointer-types -Wint-conversion -Wduplicated-cond -Whsa -Wnormalized -Wnull-dereference -Wunused-const-variable -Walloca -Walloc-zero -Wduplicated-branches -Wformat-overflow=2 -Wformat-truncation=1 -Wrestrict -Wattribute-alias -Wshift-overflow=2 -Wcast-function-type -Wcast-align=strict -Wno-suggest-attribute=cold -Wno-suggest-attribute=malloc -Wattribute-alias=2 -Wmissing-profile -Wc11-c2x-compat -MD -MT src/CMakeFiles/hdf5-shared.dir/H5Dbtree.c.o -MF src/CMakeFiles/hdf5-shared.dir/H5Dbtree.c.o.d -o src/CMakeFiles/hdf5-shared.dir/H5Dbtree.c.o -c /home/byrn/HDF_Projects/hdf5/dev/src/H5Dbtree.c
[415/4114] /usr/bin/cc -DH5_BUILT_AS_DYNAMIC_LIB -D_FILE_OFFSET_BITS=64 -D_GNU_SOURCE -D_LARGEFILE_SOURCE -D_POSIX_C_SOURCE=200809L -Dhdf5_shared_EXPORTS -I/home/byrn/HDF_Projects/hdf5/dev/src -I/home/byrn/HDF_Projects/hdf5/dev/src/H5FDsubfiling -I/home/byrn/HDF_Projects/hdf5/build/ci-StdShar-GNUC/src -I/home/byrn/HDF_Projects/hdf5/build/ci-StdShar-GNUC/_deps/hdf5_zlib-build -I/home/byrn/HDF_Projects/hdf5/build/ci-StdShar-GNUC/_deps/hdf5_zlib-src -I/home/byrn/HDF_Projects/hdf5/build/ci-StdShar-GNUC/_deps/szip-build -I/home/byrn/HDF_Projects/hdf5/build/ci-StdShar-GNUC/_deps/szip-src/include -I/home/byrn/HDF_Projects/hdf5/build/ci-StdShar-GNUC/_deps/szip-src -std=c99  -fstdarg-opt -fdiagnostics-urls=never -fno-diagnostics-color -fmessage-length=0 -O2 -g -DNDEBUG -std=gnu99 -fPIC -Wall -Wcast-qual -Wconversion -Wextra -Wfloat-equal -Wformat=2 -Winit-self -Winvalid-pch -Wmissing-include-dirs -Wshadow -Wundef -Wwrite-strings -pedantic -Wno-c++-compat -Wbad-function-cast -Wcast-align -Wformat -Wimplicit-function-declaration -Wint-to-pointer-cast -Wmissing-declarations -Wmissing-prototypes -Wnested-externs -Wold-style-definition -Wpacked -Wpointer-sign -Wpointer-to-int-cast -Wredundant-decls -Wstrict-prototypes -Wswitch -Wunused-but-set-variable -Wunused-variable -Wunused-function -Wunused-parameter -finline-functions -Wno-aggregate-return -Wno-inline -Wno-missing-format-attribute -Wno-missing-noreturn -Wno-overlength-strings -Wlarger-than=2560 -Wlogical-op -Wframe-larger-than=16384 -Wpacked-bitfield-compat -Wsync-nand -Wno-unsuffixed-float-constants -Wdouble-promotion -Wtrampolines -Wstack-usage=8192 -Wmaybe-uninitialized -Wno-jump-misses-init -Wstrict-overflow=2 -Wno-suggest-attribute=const -Wno-suggest-attribute=noreturn -Wno-suggest-attribute=pure -Wno-suggest-attribute=format -Wdate-time -Warray-bounds=2 -Wc99-c11-compat -Wincompatible-pointer-types -Wint-conversion -Wduplicated-cond -Whsa -Wnormalized -Wnull-dereference -Wunused-const-variable -Walloca -Walloc-zero -Wduplicated-branches -Wformat-overflow=2 -Wformat-truncation=1 -Wrestrict -Wattribute-alias -Wshift-overflow=2 -Wcast-function-type -Wcast-align=strict -Wno-suggest-attribute=cold -Wno-suggest-attribute=malloc -Wattribute-alias=2 -Wmissing-profile -Wc11-c2x-compat -MD -MT src/CMakeFiles/hdf5-shared.dir/H5Ctag.c.o -MF src/CMakeFiles/hdf5-shared.dir/H5Ctag.c.o.d -o src/CMakeFiles/hdf5-shared.dir/H5Ctag.c.o -c /home/byrn/HDF_Projects/hdf5/dev/src/H5Ctag.c
[416/4114] /usr/bin/cc -DH5_BUILT_AS_DYNAMIC_LIB -D_FILE_OFFSET_BITS=64 -D_GNU_SOURCE -D_LARGEFILE_SOURCE -D_POSIX_C_SOURCE=200809L -Dhdf5_shared_EXPORTS -I/home/byrn/HDF_Projects/hdf5/dev/src -I/home/byrn/HDF_Projects/hdf5/dev/src/H5FDsubfiling -I/home/byrn/HDF_Projects/hdf5/build/ci-StdShar-GNUC/src -I/home/byrn/HDF_Projects/hdf5/build/ci-StdShar-GNUC/_deps/hdf5_zlib-build -I/home/byrn/HDF_Projects/hdf5/build/ci-StdShar-GNUC/_deps/hdf5_zlib-src -I/home/byrn/HDF_Projects/hdf5/build/ci-StdShar-GNUC/_deps/szip-build -I/home/byrn/HDF_Projects/hdf5/build/ci-StdShar-GNUC/_deps/szip-src/include -I/home/byrn/HDF_Projects/hdf5/build/ci-StdShar-GNUC/_deps/szip-src -std=c99  -fstdarg-opt -fdiagnostics-urls=never -fno-diagnostics-color -fmessage-length=0 -O2 -g -DNDEBUG -std=gnu99 -fPIC -Wall -Wcast-qual -Wconversion -Wextra -Wfloat-equal -Wformat=2 -Winit-self -Winvalid-pch -Wmissing-include-dirs -Wshadow -Wundef -Wwrite-strings -pedantic -Wno-c++-compat -Wbad-function-cast -Wcast-align -Wformat -Wimplicit-function-declaration -Wint-to-pointer-cast -Wmissing-declarations -Wmissing-prototypes -Wnested-externs -Wold-style-definition -Wpacked -Wpointer-sign -Wpointer-to-int-cast -Wredundant-decls -Wstrict-prototypes -Wswitch -Wunused-but-set-variable -Wunused-variable -Wunused-function -Wunused-parameter -finline-functions -Wno-aggregate-return -Wno-inline -Wno-missing-format-attribute -Wno-missing-noreturn -Wno-overlength-strings -Wlarger-than=2560 -Wlogical-op -Wframe-larger-than=16384 -Wpacked-bitfield-compat -Wsync-nand -Wno-unsuffixed-float-constants -Wdouble-promotion -Wtrampolines -Wstack-usage=8192 -Wmaybe-uninitialized -Wno-jump-misses-init -Wstrict-overflow=2 -Wno-suggest-attribute=const -Wno-suggest-attribute=noreturn -Wno-suggest-attribute=pure -Wno-suggest-attribute=format -Wdate-time -Warray-bounds=2 -Wc99-c11-compat -Wincompatible-pointer-types -Wint-conversion -Wduplicated-cond -Whsa -Wnormalized -Wnull-dereference -Wunused-const-variable -Walloca -Walloc-zero -Wduplicated-branches -Wformat-overflow=2 -Wformat-truncation=1 -Wrestrict -Wattribute-alias -Wshift-overflow=2 -Wcast-function-type -Wcast-align=strict -Wno-suggest-attribute=cold -Wno-suggest-attribute=malloc -Wattribute-alias=2 -Wmissing-profile -Wc11-c2x-compat -MD -MT src/CMakeFiles/hdf5-shared.dir/H5Dbtree2.c.o -MF src/CMakeFiles/hdf5-shared.dir/H5Dbtree2.c.o.d -o src/CMakeFiles/hdf5-shared.dir/H5Dbtree2.c.o -c /home/byrn/HDF_Projects/hdf5/dev/src/H5Dbtree2.c
[417/4114] /usr/bin/cc -DH5_BUILT_AS_DYNAMIC_LIB -D_FILE_OFFSET_BITS=64 -D_GNU_SOURCE -D_LARGEFILE_SOURCE -D_POSIX_C_SOURCE=200809L -Dhdf5_shared_EXPORTS -I/home/byrn/HDF_Projects/hdf5/dev/src -I/home/byrn/HDF_Projects/hdf5/dev/src/H5FDsubfiling -I/home/byrn/HDF_Projects/hdf5/build/ci-StdShar-GNUC/src -I/home/byrn/HDF_Projects/hdf5/build/ci-StdShar-GNUC/_deps/hdf5_zlib-build -I/home/byrn/HDF_Projects/hdf5/build/ci-StdShar-GNUC/_deps/hdf5_zlib-src -I/home/byrn/HDF_Projects/hdf5/build/ci-StdShar-GNUC/_deps/szip-build -I/home/byrn/HDF_Projects/hdf5/build/ci-StdShar-GNUC/_deps/szip-src/include -I/home/byrn/HDF_Projects/hdf5/build/ci-StdShar-GNUC/_deps/szip-src -std=c99  -fstdarg-opt -fdiagnostics-urls=never -fno-diagnostics-color -fmessage-length=0 -O2 -g -DNDEBUG -std=gnu99 -fPIC -Wall -Wcast-qual -Wconversion -Wextra -Wfloat-equal -Wformat=2 -Winit-self -Winvalid-pch -Wmissing-include-dirs -Wshadow -Wundef -Wwrite-strings -pedantic -Wno-c++-compat -Wbad-function-cast -Wcast-align -Wformat -Wimplicit-function-declaration -Wint-to-pointer-cast -Wmissing-declarations -Wmissing-prototypes -Wnested-externs -Wold-style-definition -Wpacked -Wpointer-sign -Wpointer-to-int-cast -Wredundant-decls -Wstrict-prototypes -Wswitch -Wunused-but-set-variable -Wunused-variable -Wunused-function -Wunused-parameter -finline-functions -Wno-aggregate-return -Wno-inline -Wno-missing-format-attribute -Wno-missing-noreturn -Wno-overlength-strings -Wlarger-than=2560 -Wlogical-op -Wframe-larger-than=16384 -Wpacked-bitfield-compat -Wsync-nand -Wno-unsuffixed-float-constants -Wdouble-promotion -Wtrampolines -Wstack-usage=8192 -Wmaybe-uninitialized -Wno-jump-misses-init -Wstrict-overflow=2 -Wno-suggest-attribute=const -Wno-suggest-attribute=noreturn -Wno-suggest-attribute=pure -Wno-suggest-attribute=format -Wdate-time -Warray-bounds=2 -Wc99-c11-compat -Wincompatible-pointer-types -Wint-conversion -Wduplicated-cond -Whsa -Wnormalized -Wnull-dereference -Wunused-const-variable -Walloca -Walloc-zero -Wduplicated-branches -Wformat-overflow=2 -Wformat-truncation=1 -Wrestrict -Wattribute-alias -Wshift-overflow=2 -Wcast-function-type -Wcast-align=strict -Wno-suggest-attribute=cold -Wno-suggest-attribute=malloc -Wattribute-alias=2 -Wmissing-profile -Wc11-c2x-compat -MD -MT src/CMakeFiles/hdf5-shared.dir/H5Ddbg.c.o -MF src/CMakeFiles/hdf5-shared.dir/H5Ddbg.c.o.d -o src/CMakeFiles/hdf5-shared.dir/H5Ddbg.c.o -c /home/byrn/HDF_Projects/hdf5/dev/src/H5Ddbg.c
[418/4114] /usr/bin/cc -DH5_BUILT_AS_DYNAMIC_LIB -D_FILE_OFFSET_BITS=64 -D_GNU_SOURCE -D_LARGEFILE_SOURCE -D_POSIX_C_SOURCE=200809L -Dhdf5_shared_EXPORTS -I/home/byrn/HDF_Projects/hdf5/dev/src -I/home/byrn/HDF_Projects/hdf5/dev/src/H5FDsubfiling -I/home/byrn/HDF_Projects/hdf5/build/ci-StdShar-GNUC/src -I/home/byrn/HDF_Projects/hdf5/build/ci-StdShar-GNUC/_deps/hdf5_zlib-build -I/home/byrn/HDF_Projects/hdf5/build/ci-StdShar-GNUC/_deps/hdf5_zlib-src -I/home/byrn/HDF_Projects/hdf5/build/ci-StdShar-GNUC/_deps/szip-build -I/home/byrn/HDF_Projects/hdf5/build/ci-StdShar-GNUC/_deps/szip-src/include -I/home/byrn/HDF_Projects/hdf5/build/ci-StdShar-GNUC/_deps/szip-src -std=c99  -fstdarg-opt -fdiagnostics-urls=never -fno-diagnostics-color -fmessage-length=0 -O2 -g -DNDEBUG -std=gnu99 -fPIC -Wall -Wcast-qual -Wconversion -Wextra -Wfloat-equal -Wformat=2 -Winit-self -Winvalid-pch -Wmissing-include-dirs -Wshadow -Wundef -Wwrite-strings -pedantic -Wno-c++-compat -Wbad-function-cast -Wcast-align -Wformat -Wimplicit-function-declaration -Wint-to-pointer-cast -Wmissing-declarations -Wmissing-prototypes -Wnested-externs -Wold-style-definition -Wpacked -Wpointer-sign -Wpointer-to-int-cast -Wredundant-decls -Wstrict-prototypes -Wswitch -Wunused-but-set-variable -Wunused-variable -Wunused-function -Wunused-parameter -finline-functions -Wno-aggregate-return -Wno-inline -Wno-missing-format-attribute -Wno-missing-noreturn -Wno-overlength-strings -Wlarger-than=2560 -Wlogical-op -Wframe-larger-than=16384 -Wpacked-bitfield-compat -Wsync-nand -Wno-unsuffixed-float-constants -Wdouble-promotion -Wtrampolines -Wstack-usage=8192 -Wmaybe-uninitialized -Wno-jump-misses-init -Wstrict-overflow=2 -Wno-suggest-attribute=const -Wno-suggest-attribute=noreturn -Wno-suggest-attribute=pure -Wno-suggest-attribute=format -Wdate-time -Warray-bounds=2 -Wc99-c11-compat -Wincompatible-pointer-types -Wint-conversion -Wduplicated-cond -Whsa -Wnormalized -Wnull-dereference -Wunused-const-variable -Walloca -Walloc-zero -Wduplicated-branches -Wformat-overflow=2 -Wformat-truncation=1 -Wrestrict -Wattribute-alias -Wshift-overflow=2 -Wcast-function-type -Wcast-align=strict -Wno-suggest-attribute=cold -Wno-suggest-attribute=malloc -Wattribute-alias=2 -Wmissing-profile -Wc11-c2x-compat -MD -MT src/CMakeFiles/hdf5-shared.dir/H5CX.c.o -MF src/CMakeFiles/hdf5-shared.dir/H5CX.c.o.d -o src/CMakeFiles/hdf5-shared.dir/H5CX.c.o -c /home/byrn/HDF_Projects/hdf5/dev/src/H5CX.c
[419/4114] /usr/bin/cc -DH5_BUILT_AS_DYNAMIC_LIB -D_FILE_OFFSET_BITS=64 -D_GNU_SOURCE -D_LARGEFILE_SOURCE -D_POSIX_C_SOURCE=200809L -Dhdf5_shared_EXPORTS -I/home/byrn/HDF_Projects/hdf5/dev/src -I/home/byrn/HDF_Projects/hdf5/dev/src/H5FDsubfiling -I/home/byrn/HDF_Projects/hdf5/build/ci-StdShar-GNUC/src -I/home/byrn/HDF_Projects/hdf5/build/ci-StdShar-GNUC/_deps/hdf5_zlib-build -I/home/byrn/HDF_Projects/hdf5/build/ci-StdShar-GNUC/_deps/hdf5_zlib-src -I/home/byrn/HDF_Projects/hdf5/build/ci-StdShar-GNUC/_deps/szip-build -I/home/byrn/HDF_Projects/hdf5/build/ci-StdShar-GNUC/_deps/szip-src/include -I/home/byrn/HDF_Projects/hdf5/build/ci-StdShar-GNUC/_deps/szip-src -std=c99  -fstdarg-opt -fdiagnostics-urls=never -fno-diagnostics-color -fmessage-length=0 -O2 -g -DNDEBUG -std=gnu99 -fPIC -Wall -Wcast-qual -Wconversion -Wextra -Wfloat-equal -Wformat=2 -Winit-self -Winvalid-pch -Wmissing-include-dirs -Wshadow -Wundef -Wwrite-strings -pedantic -Wno-c++-compat -Wbad-function-cast -Wcast-align -Wformat -Wimplicit-function-declaration -Wint-to-pointer-cast -Wmissing-declarations -Wmissing-prototypes -Wnested-externs -Wold-style-definition -Wpacked -Wpointer-sign -Wpointer-to-int-cast -Wredundant-decls -Wstrict-prototypes -Wswitch -Wunused-but-set-variable -Wunused-variable -Wunused-function -Wunused-parameter -finline-functions -Wno-aggregate-return -Wno-inline -Wno-missing-format-attribute -Wno-missing-noreturn -Wno-overlength-strings -Wlarger-than=2560 -Wlogical-op -Wframe-larger-than=16384 -Wpacked-bitfield-compat -Wsync-nand -Wno-unsuffixed-float-constants -Wdouble-promotion -Wtrampolines -Wstack-usage=8192 -Wmaybe-uninitialized -Wno-jump-misses-init -Wstrict-overflow=2 -Wno-suggest-attribute=const -Wno-suggest-attribute=noreturn -Wno-suggest-attribute=pure -Wno-suggest-attribute=format -Wdate-time -Warray-bounds=2 -Wc99-c11-compat -Wincompatible-pointer-types -Wint-conversion -Wduplicated-cond -Whsa -Wnormalized -Wnull-dereference -Wunused-const-variable -Walloca -Walloc-zero -Wduplicated-branches -Wformat-overflow=2 -Wformat-truncation=1 -Wrestrict -Wattribute-alias -Wshift-overflow=2 -Wcast-function-type -Wcast-align=strict -Wno-suggest-attribute=cold -Wno-suggest-attribute=malloc -Wattribute-alias=2 -Wmissing-profile -Wc11-c2x-compat -MD -MT src/CMakeFiles/hdf5-shared.dir/H5Dcompact.c.o -MF src/CMakeFiles/hdf5-shared.dir/H5Dcompact.c.o.d -o src/CMakeFiles/hdf5-shared.dir/H5Dcompact.c.o -c /home/byrn/HDF_Projects/hdf5/dev/src/H5Dcompact.c
[420/4114] /usr/bin/cc -DH5_BUILT_AS_DYNAMIC_LIB -D_FILE_OFFSET_BITS=64 -D_GNU_SOURCE -D_LARGEFILE_SOURCE -D_POSIX_C_SOURCE=200809L -Dhdf5_shared_EXPORTS -I/home/byrn/HDF_Projects/hdf5/dev/src -I/home/byrn/HDF_Projects/hdf5/dev/src/H5FDsubfiling -I/home/byrn/HDF_Projects/hdf5/build/ci-StdShar-GNUC/src -I/home/byrn/HDF_Projects/hdf5/build/ci-StdShar-GNUC/_deps/hdf5_zlib-build -I/home/byrn/HDF_Projects/hdf5/build/ci-StdShar-GNUC/_deps/hdf5_zlib-src -I/home/byrn/HDF_Projects/hdf5/build/ci-StdShar-GNUC/_deps/szip-build -I/home/byrn/HDF_Projects/hdf5/build/ci-StdShar-GNUC/_deps/szip-src/include -I/home/byrn/HDF_Projects/hdf5/build/ci-StdShar-GNUC/_deps/szip-src -std=c99  -fstdarg-opt -fdiagnostics-urls=never -fno-diagnostics-color -fmessage-length=0 -O2 -g -DNDEBUG -std=gnu99 -fPIC -Wall -Wcast-qual -Wconversion -Wextra -Wfloat-equal -Wformat=2 -Winit-self -Winvalid-pch -Wmissing-include-dirs -Wshadow -Wundef -Wwrite-strings -pedantic -Wno-c++-compat -Wbad-function-cast -Wcast-align -Wformat -Wimplicit-function-declaration -Wint-to-pointer-cast -Wmissing-declarations -Wmissing-prototypes -Wnested-externs -Wold-style-definition -Wpacked -Wpointer-sign -Wpointer-to-int-cast -Wredundant-decls -Wstrict-prototypes -Wswitch -Wunused-but-set-variable -Wunused-variable -Wunused-function -Wunused-parameter -finline-functions -Wno-aggregate-return -Wno-inline -Wno-missing-format-attribute -Wno-missing-noreturn -Wno-overlength-strings -Wlarger-than=2560 -Wlogical-op -Wframe-larger-than=16384 -Wpacked-bitfield-compat -Wsync-nand -Wno-unsuffixed-float-constants -Wdouble-promotion -Wtrampolines -Wstack-usage=8192 -Wmaybe-uninitialized -Wno-jump-misses-init -Wstrict-overflow=2 -Wno-suggest-attribute=const -Wno-suggest-attribute=noreturn -Wno-suggest-attribute=pure -Wno-suggest-attribute=format -Wdate-time -Warray-bounds=2 -Wc99-c11-compat -Wincompatible-pointer-types -Wint-conversion -Wduplicated-cond -Whsa -Wnormalized -Wnull-dereference -Wunused-const-variable -Walloca -Walloc-zero -Wduplicated-branches -Wformat-overflow=2 -Wformat-truncation=1 -Wrestrict -Wattribute-alias -Wshift-overflow=2 -Wcast-function-type -Wcast-align=strict -Wno-suggest-attribute=cold -Wno-suggest-attribute=malloc -Wattribute-alias=2 -Wmissing-profile -Wc11-c2x-compat -MD -MT src/CMakeFiles/hdf5-shared.dir/H5Ddeprec.c.o -MF src/CMakeFiles/hdf5-shared.dir/H5Ddeprec.c.o.d -o src/CMakeFiles/hdf5-shared.dir/H5Ddeprec.c.o -c /home/byrn/HDF_Projects/hdf5/dev/src/H5Ddeprec.c
[421/4114] /usr/bin/cc -DH5_BUILT_AS_DYNAMIC_LIB -D_FILE_OFFSET_BITS=64 -D_GNU_SOURCE -D_LARGEFILE_SOURCE -D_POSIX_C_SOURCE=200809L -Dhdf5_shared_EXPORTS -I/home/byrn/HDF_Projects/hdf5/dev/src -I/home/byrn/HDF_Projects/hdf5/dev/src/H5FDsubfiling -I/home/byrn/HDF_Projects/hdf5/build/ci-StdShar-GNUC/src -I/home/byrn/HDF_Projects/hdf5/build/ci-StdShar-GNUC/_deps/hdf5_zlib-build -I/home/byrn/HDF_Projects/hdf5/build/ci-StdShar-GNUC/_deps/hdf5_zlib-src -I/home/byrn/HDF_Projects/hdf5/build/ci-StdShar-GNUC/_deps/szip-build -I/home/byrn/HDF_Projects/hdf5/build/ci-StdShar-GNUC/_deps/szip-src/include -I/home/byrn/HDF_Projects/hdf5/build/ci-StdShar-GNUC/_deps/szip-src -std=c99  -fstdarg-opt -fdiagnostics-urls=never -fno-diagnostics-color -fmessage-length=0 -O2 -g -DNDEBUG -std=gnu99 -fPIC -Wall -Wcast-qual -Wconversion -Wextra -Wfloat-equal -Wformat=2 -Winit-self -Winvalid-pch -Wmissing-include-dirs -Wshadow -Wundef -Wwrite-strings -pedantic -Wno-c++-compat -Wbad-function-cast -Wcast-align -Wformat -Wimplicit-function-declaration -Wint-to-pointer-cast -Wmissing-declarations -Wmissing-prototypes -Wnested-externs -Wold-style-definition -Wpacked -Wpointer-sign -Wpointer-to-int-cast -Wredundant-decls -Wstrict-prototypes -Wswitch -Wunused-but-set-variable -Wunused-variable -Wunused-function -Wunused-parameter -finline-functions -Wno-aggregate-return -Wno-inline -Wno-missing-format-attribute -Wno-missing-noreturn -Wno-overlength-strings -Wlarger-than=2560 -Wlogical-op -Wframe-larger-than=16384 -Wpacked-bitfield-compat -Wsync-nand -Wno-unsuffixed-float-constants -Wdouble-promotion -Wtrampolines -Wstack-usage=8192 -Wmaybe-uninitialized -Wno-jump-misses-init -Wstrict-overflow=2 -Wno-suggest-attribute=const -Wno-suggest-attribute=noreturn -Wno-suggest-attribute=pure -Wno-suggest-attribute=format -Wdate-time -Warray-bounds=2 -Wc99-c11-compat -Wincompatible-pointer-types -Wint-conversion -Wduplicated-cond -Whsa -Wnormalized -Wnull-dereference -Wunused-const-variable -Walloca -Walloc-zero -Wduplicated-branches -Wformat-overflow=2 -Wformat-truncation=1 -Wrestrict -Wattribute-alias -Wshift-overflow=2 -Wcast-function-type -Wcast-align=strict -Wno-suggest-attribute=cold -Wno-suggest-attribute=malloc -Wattribute-alias=2 -Wmissing-profile -Wc11-c2x-compat -MD -MT src/CMakeFiles/hdf5-shared.dir/H5Defl.c.o -MF src/CMakeFiles/hdf5-shared.dir/H5Defl.c.o.d -o src/CMakeFiles/hdf5-shared.dir/H5Defl.c.o -c /home/byrn/HDF_Projects/hdf5/dev/src/H5Defl.c
[422/4114] /usr/bin/cc -DH5_BUILT_AS_DYNAMIC_LIB -D_FILE_OFFSET_BITS=64 -D_GNU_SOURCE -D_LARGEFILE_SOURCE -D_POSIX_C_SOURCE=200809L -Dhdf5_shared_EXPORTS -I/home/byrn/HDF_Projects/hdf5/dev/src -I/home/byrn/HDF_Projects/hdf5/dev/src/H5FDsubfiling -I/home/byrn/HDF_Projects/hdf5/build/ci-StdShar-GNUC/src -I/home/byrn/HDF_Projects/hdf5/build/ci-StdShar-GNUC/_deps/hdf5_zlib-build -I/home/byrn/HDF_Projects/hdf5/build/ci-StdShar-GNUC/_deps/hdf5_zlib-src -I/home/byrn/HDF_Projects/hdf5/build/ci-StdShar-GNUC/_deps/szip-build -I/home/byrn/HDF_Projects/hdf5/build/ci-StdShar-GNUC/_deps/szip-src/include -I/home/byrn/HDF_Projects/hdf5/build/ci-StdShar-GNUC/_deps/szip-src -std=c99  -fstdarg-opt -fdiagnostics-urls=never -fno-diagnostics-color -fmessage-length=0 -O2 -g -DNDEBUG -std=gnu99 -fPIC -Wall -Wcast-qual -Wconversion -Wextra -Wfloat-equal -Wformat=2 -Winit-self -Winvalid-pch -Wmissing-include-dirs -Wshadow -Wundef -Wwrite-strings -pedantic -Wno-c++-compat -Wbad-function-cast -Wcast-align -Wformat -Wimplicit-function-declaration -Wint-to-pointer-cast -Wmissing-declarations -Wmissing-prototypes -Wnested-externs -Wold-style-definition -Wpacked -Wpointer-sign -Wpointer-to-int-cast -Wredundant-decls -Wstrict-prototypes -Wswitch -Wunused-but-set-variable -Wunused-variable -Wunused-function -Wunused-parameter -finline-functions -Wno-aggregate-return -Wno-inline -Wno-missing-format-attribute -Wno-missing-noreturn -Wno-overlength-strings -Wlarger-than=2560 -Wlogical-op -Wframe-larger-than=16384 -Wpacked-bitfield-compat -Wsync-nand -Wno-unsuffixed-float-constants -Wdouble-promotion -Wtrampolines -Wstack-usage=8192 -Wmaybe-uninitialized -Wno-jump-misses-init -Wstrict-overflow=2 -Wno-suggest-attribute=const -Wno-suggest-attribute=noreturn -Wno-suggest-attribute=pure -Wno-suggest-attribute=format -Wdate-time -Warray-bounds=2 -Wc99-c11-compat -Wincompatible-pointer-types -Wint-conversion -Wduplicated-cond -Whsa -Wnormalized -Wnull-dereference -Wunused-const-variable -Walloca -Walloc-zero -Wduplicated-branches -Wformat-overflow=2 -Wformat-truncation=1 -Wrestrict -Wattribute-alias -Wshift-overflow=2 -Wcast-function-type -Wcast-align=strict -Wno-suggest-attribute=cold -Wno-suggest-attribute=malloc -Wattribute-alias=2 -Wmissing-profile -Wc11-c2x-compat -MD -MT src/CMakeFiles/hdf5-shared.dir/H5Dcontig.c.o -MF src/CMakeFiles/hdf5-shared.dir/H5Dcontig.c.o.d -o src/CMakeFiles/hdf5-shared.dir/H5Dcontig.c.o -c /home/byrn/HDF_Projects/hdf5/dev/src/H5Dcontig.c
[423/4114] /usr/bin/cc -DH5_BUILT_AS_DYNAMIC_LIB -D_FILE_OFFSET_BITS=64 -D_GNU_SOURCE -D_LARGEFILE_SOURCE -D_POSIX_C_SOURCE=200809L -Dhdf5_shared_EXPORTS -I/home/byrn/HDF_Projects/hdf5/dev/src -I/home/byrn/HDF_Projects/hdf5/dev/src/H5FDsubfiling -I/home/byrn/HDF_Projects/hdf5/build/ci-StdShar-GNUC/src -I/home/byrn/HDF_Projects/hdf5/build/ci-StdShar-GNUC/_deps/hdf5_zlib-build -I/home/byrn/HDF_Projects/hdf5/build/ci-StdShar-GNUC/_deps/hdf5_zlib-src -I/home/byrn/HDF_Projects/hdf5/build/ci-StdShar-GNUC/_deps/szip-build -I/home/byrn/HDF_Projects/hdf5/build/ci-StdShar-GNUC/_deps/szip-src/include -I/home/byrn/HDF_Projects/hdf5/build/ci-StdShar-GNUC/_deps/szip-src -std=c99  -fstdarg-opt -fdiagnostics-urls=never -fno-diagnostics-color -fmessage-length=0 -O2 -g -DNDEBUG -std=gnu99 -fPIC -Wall -Wcast-qual -Wconversion -Wextra -Wfloat-equal -Wformat=2 -Winit-self -Winvalid-pch -Wmissing-include-dirs -Wshadow -Wundef -Wwrite-strings -pedantic -Wno-c++-compat -Wbad-function-cast -Wcast-align -Wformat -Wimplicit-function-declaration -Wint-to-pointer-cast -Wmissing-declarations -Wmissing-prototypes -Wnested-externs -Wold-style-definition -Wpacked -Wpointer-sign -Wpointer-to-int-cast -Wredundant-decls -Wstrict-prototypes -Wswitch -Wunused-but-set-variable -Wunused-variable -Wunused-function -Wunused-parameter -finline-functions -Wno-aggregate-return -Wno-inline -Wno-missing-format-attribute -Wno-missing-noreturn -Wno-overlength-strings -Wlarger-than=2560 -Wlogical-op -Wframe-larger-than=16384 -Wpacked-bitfield-compat -Wsync-nand -Wno-unsuffixed-float-constants -Wdouble-promotion -Wtrampolines -Wstack-usage=8192 -Wmaybe-uninitialized -Wno-jump-misses-init -Wstrict-overflow=2 -Wno-suggest-attribute=const -Wno-suggest-attribute=noreturn -Wno-suggest-attribute=pure -Wno-suggest-attribute=format -Wdate-time -Warray-bounds=2 -Wc99-c11-compat -Wincompatible-pointer-types -Wint-conversion -Wduplicated-cond -Whsa -Wnormalized -Wnull-dereference -Wunused-const-variable -Walloca -Walloc-zero -Wduplicated-branches -Wformat-overflow=2 -Wformat-truncation=1 -Wrestrict -Wattribute-alias -Wshift-overflow=2 -Wcast-function-type -Wcast-align=strict -Wno-suggest-attribute=cold -Wno-suggest-attribute=malloc -Wattribute-alias=2 -Wmissing-profile -Wc11-c2x-compat -MD -MT src/CMakeFiles/hdf5-shared.dir/H5Dfill.c.o -MF src/CMakeFiles/hdf5-shared.dir/H5Dfill.c.o.d -o src/CMakeFiles/hdf5-shared.dir/H5Dfill.c.o -c /home/byrn/HDF_Projects/hdf5/dev/src/H5Dfill.c
[424/4114] /usr/bin/cc -DH5_BUILT_AS_DYNAMIC_LIB -D_FILE_OFFSET_BITS=64 -D_GNU_SOURCE -D_LARGEFILE_SOURCE -D_POSIX_C_SOURCE=200809L -Dhdf5_shared_EXPORTS -I/home/byrn/HDF_Projects/hdf5/dev/src -I/home/byrn/HDF_Projects/hdf5/dev/src/H5FDsubfiling -I/home/byrn/HDF_Projects/hdf5/build/ci-StdShar-GNUC/src -I/home/byrn/HDF_Projects/hdf5/build/ci-StdShar-GNUC/_deps/hdf5_zlib-build -I/home/byrn/HDF_Projects/hdf5/build/ci-StdShar-GNUC/_deps/hdf5_zlib-src -I/home/byrn/HDF_Projects/hdf5/build/ci-StdShar-GNUC/_deps/szip-build -I/home/byrn/HDF_Projects/hdf5/build/ci-StdShar-GNUC/_deps/szip-src/include -I/home/byrn/HDF_Projects/hdf5/build/ci-StdShar-GNUC/_deps/szip-src -std=c99  -fstdarg-opt -fdiagnostics-urls=never -fno-diagnostics-color -fmessage-length=0 -O2 -g -DNDEBUG -std=gnu99 -fPIC -Wall -Wcast-qual -Wconversion -Wextra -Wfloat-equal -Wformat=2 -Winit-self -Winvalid-pch -Wmissing-include-dirs -Wshadow -Wundef -Wwrite-strings -pedantic -Wno-c++-compat -Wbad-function-cast -Wcast-align -Wformat -Wimplicit-function-declaration -Wint-to-pointer-cast -Wmissing-declarations -Wmissing-prototypes -Wnested-externs -Wold-style-definition -Wpacked -Wpointer-sign -Wpointer-to-int-cast -Wredundant-decls -Wstrict-prototypes -Wswitch -Wunused-but-set-variable -Wunused-variable -Wunused-function -Wunused-parameter -finline-functions -Wno-aggregate-return -Wno-inline -Wno-missing-format-attribute -Wno-missing-noreturn -Wno-overlength-strings -Wlarger-than=2560 -Wlogical-op -Wframe-larger-than=16384 -Wpacked-bitfield-compat -Wsync-nand -Wno-unsuffixed-float-constants -Wdouble-promotion -Wtrampolines -Wstack-usage=8192 -Wmaybe-uninitialized -Wno-jump-misses-init -Wstrict-overflow=2 -Wno-suggest-attribute=const -Wno-suggest-attribute=noreturn -Wno-suggest-attribute=pure -Wno-suggest-attribute=format -Wdate-time -Warray-bounds=2 -Wc99-c11-compat -Wincompatible-pointer-types -Wint-conversion -Wduplicated-cond -Whsa -Wnormalized -Wnull-dereference -Wunused-const-variable -Walloca -Walloc-zero -Wduplicated-branches -Wformat-overflow=2 -Wformat-truncation=1 -Wrestrict -Wattribute-alias -Wshift-overflow=2 -Wcast-function-type -Wcast-align=strict -Wno-suggest-attribute=cold -Wno-suggest-attribute=malloc -Wattribute-alias=2 -Wmissing-profile -Wc11-c2x-compat -MD -MT src/CMakeFiles/hdf5-shared.dir/H5Dearray.c.o -MF src/CMakeFiles/hdf5-shared.dir/H5Dearray.c.o.d -o src/CMakeFiles/hdf5-shared.dir/H5Dearray.c.o -c /home/byrn/HDF_Projects/hdf5/dev/src/H5Dearray.c
[425/4114] /usr/bin/cc -DH5_BUILT_AS_DYNAMIC_LIB -D_FILE_OFFSET_BITS=64 -D_GNU_SOURCE -D_LARGEFILE_SOURCE -D_POSIX_C_SOURCE=200809L -Dhdf5_shared_EXPORTS -I/home/byrn/HDF_Projects/hdf5/dev/src -I/home/byrn/HDF_Projects/hdf5/dev/src/H5FDsubfiling -I/home/byrn/HDF_Projects/hdf5/build/ci-StdShar-GNUC/src -I/home/byrn/HDF_Projects/hdf5/build/ci-StdShar-GNUC/_deps/hdf5_zlib-build -I/home/byrn/HDF_Projects/hdf5/build/ci-StdShar-GNUC/_deps/hdf5_zlib-src -I/home/byrn/HDF_Projects/hdf5/build/ci-StdShar-GNUC/_deps/szip-build -I/home/byrn/HDF_Projects/hdf5/build/ci-StdShar-GNUC/_deps/szip-src/include -I/home/byrn/HDF_Projects/hdf5/build/ci-StdShar-GNUC/_deps/szip-src -std=c99  -fstdarg-opt -fdiagnostics-urls=never -fno-diagnostics-color -fmessage-length=0 -O2 -g -DNDEBUG -std=gnu99 -fPIC -Wall -Wcast-qual -Wconversion -Wextra -Wfloat-equal -Wformat=2 -Winit-self -Winvalid-pch -Wmissing-include-dirs -Wshadow -Wundef -Wwrite-strings -pedantic -Wno-c++-compat -Wbad-function-cast -Wcast-align -Wformat -Wimplicit-function-declaration -Wint-to-pointer-cast -Wmissing-declarations -Wmissing-prototypes -Wnested-externs -Wold-style-definition -Wpacked -Wpointer-sign -Wpointer-to-int-cast -Wredundant-decls -Wstrict-prototypes -Wswitch -Wunused-but-set-variable -Wunused-variable -Wunused-function -Wunused-parameter -finline-functions -Wno-aggregate-return -Wno-inline -Wno-missing-format-attribute -Wno-missing-noreturn -Wno-overlength-strings -Wlarger-than=2560 -Wlogical-op -Wframe-larger-than=16384 -Wpacked-bitfield-compat -Wsync-nand -Wno-unsuffixed-float-constants -Wdouble-promotion -Wtrampolines -Wstack-usage=8192 -Wmaybe-uninitialized -Wno-jump-misses-init -Wstrict-overflow=2 -Wno-suggest-attribute=const -Wno-suggest-attribute=noreturn -Wno-suggest-attribute=pure -Wno-suggest-attribute=format -Wdate-time -Warray-bounds=2 -Wc99-c11-compat -Wincompatible-pointer-types -Wint-conversion -Wduplicated-cond -Whsa -Wnormalized -Wnull-dereference -Wunused-const-variable -Walloca -Walloc-zero -Wduplicated-branches -Wformat-overflow=2 -Wformat-truncation=1 -Wrestrict -Wattribute-alias -Wshift-overflow=2 -Wcast-function-type -Wcast-align=strict -Wno-suggest-attribute=cold -Wno-suggest-attribute=malloc -Wattribute-alias=2 -Wmissing-profile -Wc11-c2x-compat -MD -MT src/CMakeFiles/hdf5-shared.dir/H5D.c.o -MF src/CMakeFiles/hdf5-shared.dir/H5D.c.o.d -o src/CMakeFiles/hdf5-shared.dir/H5D.c.o -c /home/byrn/HDF_Projects/hdf5/dev/src/H5D.c
[426/4114] /usr/bin/cc -DH5_BUILT_AS_DYNAMIC_LIB -D_FILE_OFFSET_BITS=64 -D_GNU_SOURCE -D_LARGEFILE_SOURCE -D_POSIX_C_SOURCE=200809L -Dhdf5_shared_EXPORTS -I/home/byrn/HDF_Projects/hdf5/dev/src -I/home/byrn/HDF_Projects/hdf5/dev/src/H5FDsubfiling -I/home/byrn/HDF_Projects/hdf5/build/ci-StdShar-GNUC/src -I/home/byrn/HDF_Projects/hdf5/build/ci-StdShar-GNUC/_deps/hdf5_zlib-build -I/home/byrn/HDF_Projects/hdf5/build/ci-StdShar-GNUC/_deps/hdf5_zlib-src -I/home/byrn/HDF_Projects/hdf5/build/ci-StdShar-GNUC/_deps/szip-build -I/home/byrn/HDF_Projects/hdf5/build/ci-StdShar-GNUC/_deps/szip-src/include -I/home/byrn/HDF_Projects/hdf5/build/ci-StdShar-GNUC/_deps/szip-src -std=c99  -fstdarg-opt -fdiagnostics-urls=never -fno-diagnostics-color -fmessage-length=0 -O2 -g -DNDEBUG -std=gnu99 -fPIC -Wall -Wcast-qual -Wconversion -Wextra -Wfloat-equal -Wformat=2 -Winit-self -Winvalid-pch -Wmissing-include-dirs -Wshadow -Wundef -Wwrite-strings -pedantic -Wno-c++-compat -Wbad-function-cast -Wcast-align -Wformat -Wimplicit-function-declaration -Wint-to-pointer-cast -Wmissing-declarations -Wmissing-prototypes -Wnested-externs -Wold-style-definition -Wpacked -Wpointer-sign -Wpointer-to-int-cast -Wredundant-decls -Wstrict-prototypes -Wswitch -Wunused-but-set-variable -Wunused-variable -Wunused-function -Wunused-parameter -finline-functions -Wno-aggregate-return -Wno-inline -Wno-missing-format-attribute -Wno-missing-noreturn -Wno-overlength-strings -Wlarger-than=2560 -Wlogical-op -Wframe-larger-than=16384 -Wpacked-bitfield-compat -Wsync-nand -Wno-unsuffixed-float-constants -Wdouble-promotion -Wtrampolines -Wstack-usage=8192 -Wmaybe-uninitialized -Wno-jump-misses-init -Wstrict-overflow=2 -Wno-suggest-attribute=const -Wno-suggest-attribute=noreturn -Wno-suggest-attribute=pure -Wno-suggest-attribute=format -Wdate-time -Warray-bounds=2 -Wc99-c11-compat -Wincompatible-pointer-types -Wint-conversion -Wduplicated-cond -Whsa -Wnormalized -Wnull-dereference -Wunused-const-variable -Walloca -Walloc-zero -Wduplicated-branches -Wformat-overflow=2 -Wformat-truncation=1 -Wrestrict -Wattribute-alias -Wshift-overflow=2 -Wcast-function-type -Wcast-align=strict -Wno-suggest-attribute=cold -Wno-suggest-attribute=malloc -Wattribute-alias=2 -Wmissing-profile -Wc11-c2x-compat -MD -MT src/CMakeFiles/hdf5-shared.dir/H5Dmpio.c.o -MF src/CMakeFiles/hdf5-shared.dir/H5Dmpio.c.o.d -o src/CMakeFiles/hdf5-shared.dir/H5Dmpio.c.o -c /home/byrn/HDF_Projects/hdf5/dev/src/H5Dmpio.c
[427/4114] /usr/bin/cc -DH5_BUILT_AS_DYNAMIC_LIB -D_FILE_OFFSET_BITS=64 -D_GNU_SOURCE -D_LARGEFILE_SOURCE -D_POSIX_C_SOURCE=200809L -Dhdf5_shared_EXPORTS -I/home/byrn/HDF_Projects/hdf5/dev/src -I/home/byrn/HDF_Projects/hdf5/dev/src/H5FDsubfiling -I/home/byrn/HDF_Projects/hdf5/build/ci-StdShar-GNUC/src -I/home/byrn/HDF_Projects/hdf5/build/ci-StdShar-GNUC/_deps/hdf5_zlib-build -I/home/byrn/HDF_Projects/hdf5/build/ci-StdShar-GNUC/_deps/hdf5_zlib-src -I/home/byrn/HDF_Projects/hdf5/build/ci-StdShar-GNUC/_deps/szip-build -I/home/byrn/HDF_Projects/hdf5/build/ci-StdShar-GNUC/_deps/szip-src/include -I/home/byrn/HDF_Projects/hdf5/build/ci-StdShar-GNUC/_deps/szip-src -std=c99  -fstdarg-opt -fdiagnostics-urls=never -fno-diagnostics-color -fmessage-length=0 -O2 -g -DNDEBUG -std=gnu99 -fPIC -Wall -Wcast-qual -Wconversion -Wextra -Wfloat-equal -Wformat=2 -Winit-self -Winvalid-pch -Wmissing-include-dirs -Wshadow -Wundef -Wwrite-strings -pedantic -Wno-c++-compat -Wbad-function-cast -Wcast-align -Wformat -Wimplicit-function-declaration -Wint-to-pointer-cast -Wmissing-declarations -Wmissing-prototypes -Wnested-externs -Wold-style-definition -Wpacked -Wpointer-sign -Wpointer-to-int-cast -Wredundant-decls -Wstrict-prototypes -Wswitch -Wunused-but-set-variable -Wunused-variable -Wunused-function -Wunused-parameter -finline-functions -Wno-aggregate-return -Wno-inline -Wno-missing-format-attribute -Wno-missing-noreturn -Wno-overlength-strings -Wlarger-than=2560 -Wlogical-op -Wframe-larger-than=16384 -Wpacked-bitfield-compat -Wsync-nand -Wno-unsuffixed-float-constants -Wdouble-promotion -Wtrampolines -Wstack-usage=8192 -Wmaybe-uninitialized -Wno-jump-misses-init -Wstrict-overflow=2 -Wno-suggest-attribute=const -Wno-suggest-attribute=noreturn -Wno-suggest-attribute=pure -Wno-suggest-attribute=format -Wdate-time -Warray-bounds=2 -Wc99-c11-compat -Wincompatible-pointer-types -Wint-conversion -Wduplicated-cond -Whsa -Wnormalized -Wnull-dereference -Wunused-const-variable -Walloca -Walloc-zero -Wduplicated-branches -Wformat-overflow=2 -Wformat-truncation=1 -Wrestrict -Wattribute-alias -Wshift-overflow=2 -Wcast-function-type -Wcast-align=strict -Wno-suggest-attribute=cold -Wno-suggest-attribute=malloc -Wattribute-alias=2 -Wmissing-profile -Wc11-c2x-compat -MD -MT src/CMakeFiles/hdf5-shared.dir/H5Dfarray.c.o -MF src/CMakeFiles/hdf5-shared.dir/H5Dfarray.c.o.d -o src/CMakeFiles/hdf5-shared.dir/H5Dfarray.c.o -c /home/byrn/HDF_Projects/hdf5/dev/src/H5Dfarray.c
[428/4114] /usr/bin/cc -DH5_BUILT_AS_DYNAMIC_LIB -D_FILE_OFFSET_BITS=64 -D_GNU_SOURCE -D_LARGEFILE_SOURCE -D_POSIX_C_SOURCE=200809L -Dhdf5_shared_EXPORTS -I/home/byrn/HDF_Projects/hdf5/dev/src -I/home/byrn/HDF_Projects/hdf5/dev/src/H5FDsubfiling -I/home/byrn/HDF_Projects/hdf5/build/ci-StdShar-GNUC/src -I/home/byrn/HDF_Projects/hdf5/build/ci-StdShar-GNUC/_deps/hdf5_zlib-build -I/home/byrn/HDF_Projects/hdf5/build/ci-StdShar-GNUC/_deps/hdf5_zlib-src -I/home/byrn/HDF_Projects/hdf5/build/ci-StdShar-GNUC/_deps/szip-build -I/home/byrn/HDF_Projects/hdf5/build/ci-StdShar-GNUC/_deps/szip-src/include -I/home/byrn/HDF_Projects/hdf5/build/ci-StdShar-GNUC/_deps/szip-src -std=c99  -fstdarg-opt -fdiagnostics-urls=never -fno-diagnostics-color -fmessage-length=0 -O2 -g -DNDEBUG -std=gnu99 -fPIC -Wall -Wcast-qual -Wconversion -Wextra -Wfloat-equal -Wformat=2 -Winit-self -Winvalid-pch -Wmissing-include-dirs -Wshadow -Wundef -Wwrite-strings -pedantic -Wno-c++-compat -Wbad-function-cast -Wcast-align -Wformat -Wimplicit-function-declaration -Wint-to-pointer-cast -Wmissing-declarations -Wmissing-prototypes -Wnested-externs -Wold-style-definition -Wpacked -Wpointer-sign -Wpointer-to-int-cast -Wredundant-decls -Wstrict-prototypes -Wswitch -Wunused-but-set-variable -Wunused-variable -Wunused-function -Wunused-parameter -finline-functions -Wno-aggregate-return -Wno-inline -Wno-missing-format-attribute -Wno-missing-noreturn -Wno-overlength-strings -Wlarger-than=2560 -Wlogical-op -Wframe-larger-than=16384 -Wpacked-bitfield-compat -Wsync-nand -Wno-unsuffixed-float-constants -Wdouble-promotion -Wtrampolines -Wstack-usage=8192 -Wmaybe-uninitialized -Wno-jump-misses-init -Wstrict-overflow=2 -Wno-suggest-attribute=const -Wno-suggest-attribute=noreturn -Wno-suggest-attribute=pure -Wno-suggest-attribute=format -Wdate-time -Warray-bounds=2 -Wc99-c11-compat -Wincompatible-pointer-types -Wint-conversion -Wduplicated-cond -Whsa -Wnormalized -Wnull-dereference -Wunused-const-variable -Walloca -Walloc-zero -Wduplicated-branches -Wformat-overflow=2 -Wformat-truncation=1 -Wrestrict -Wattribute-alias -Wshift-overflow=2 -Wcast-function-type -Wcast-align=strict -Wno-suggest-attribute=cold -Wno-suggest-attribute=malloc -Wattribute-alias=2 -Wmissing-profile -Wc11-c2x-compat -MD -MT src/CMakeFiles/hdf5-shared.dir/H5Dnone.c.o -MF src/CMakeFiles/hdf5-shared.dir/H5Dnone.c.o.d -o src/CMakeFiles/hdf5-shared.dir/H5Dnone.c.o -c /home/byrn/HDF_Projects/hdf5/dev/src/H5Dnone.c
[429/4114] /usr/bin/cc -DH5_BUILT_AS_DYNAMIC_LIB -D_FILE_OFFSET_BITS=64 -D_GNU_SOURCE -D_LARGEFILE_SOURCE -D_POSIX_C_SOURCE=200809L -Dhdf5_shared_EXPORTS -I/home/byrn/HDF_Projects/hdf5/dev/src -I/home/byrn/HDF_Projects/hdf5/dev/src/H5FDsubfiling -I/home/byrn/HDF_Projects/hdf5/build/ci-StdShar-GNUC/src -I/home/byrn/HDF_Projects/hdf5/build/ci-StdShar-GNUC/_deps/hdf5_zlib-build -I/home/byrn/HDF_Projects/hdf5/build/ci-StdShar-GNUC/_deps/hdf5_zlib-src -I/home/byrn/HDF_Projects/hdf5/build/ci-StdShar-GNUC/_deps/szip-build -I/home/byrn/HDF_Projects/hdf5/build/ci-StdShar-GNUC/_deps/szip-src/include -I/home/byrn/HDF_Projects/hdf5/build/ci-StdShar-GNUC/_deps/szip-src -std=c99  -fstdarg-opt -fdiagnostics-urls=never -fno-diagnostics-color -fmessage-length=0 -O2 -g -DNDEBUG -std=gnu99 -fPIC -Wall -Wcast-qual -Wconversion -Wextra -Wfloat-equal -Wformat=2 -Winit-self -Winvalid-pch -Wmissing-include-dirs -Wshadow -Wundef -Wwrite-strings -pedantic -Wno-c++-compat -Wbad-function-cast -Wcast-align -Wformat -Wimplicit-function-declaration -Wint-to-pointer-cast -Wmissing-declarations -Wmissing-prototypes -Wnested-externs -Wold-style-definition -Wpacked -Wpointer-sign -Wpointer-to-int-cast -Wredundant-decls -Wstrict-prototypes -Wswitch -Wunused-but-set-variable -Wunused-variable -Wunused-function -Wunused-parameter -finline-functions -Wno-aggregate-return -Wno-inline -Wno-missing-format-attribute -Wno-missing-noreturn -Wno-overlength-strings -Wlarger-than=2560 -Wlogical-op -Wframe-larger-than=16384 -Wpacked-bitfield-compat -Wsync-nand -Wno-unsuffixed-float-constants -Wdouble-promotion -Wtrampolines -Wstack-usage=8192 -Wmaybe-uninitialized -Wno-jump-misses-init -Wstrict-overflow=2 -Wno-suggest-attribute=const -Wno-suggest-attribute=noreturn -Wno-suggest-attribute=pure -Wno-suggest-attribute=format -Wdate-time -Warray-bounds=2 -Wc99-c11-compat -Wincompatible-pointer-types -Wint-conversion -Wduplicated-cond -Whsa -Wnormalized -Wnull-dereference -Wunused-const-variable -Walloca -Walloc-zero -Wduplicated-branches -Wformat-overflow=2 -Wformat-truncation=1 -Wrestrict -Wattribute-alias -Wshift-overflow=2 -Wcast-function-type -Wcast-align=strict -Wno-suggest-attribute=cold -Wno-suggest-attribute=malloc -Wattribute-alias=2 -Wmissing-profile -Wc11-c2x-compat -MD -MT src/CMakeFiles/hdf5-shared.dir/H5Dlayout.c.o -MF src/CMakeFiles/hdf5-shared.dir/H5Dlayout.c.o.d -o src/CMakeFiles/hdf5-shared.dir/H5Dlayout.c.o -c /home/byrn/HDF_Projects/hdf5/dev/src/H5Dlayout.c
[430/4114] /usr/bin/cc -DH5_BUILT_AS_DYNAMIC_LIB -D_FILE_OFFSET_BITS=64 -D_GNU_SOURCE -D_LARGEFILE_SOURCE -D_POSIX_C_SOURCE=200809L -Dhdf5_shared_EXPORTS -I/home/byrn/HDF_Projects/hdf5/dev/src -I/home/byrn/HDF_Projects/hdf5/dev/src/H5FDsubfiling -I/home/byrn/HDF_Projects/hdf5/build/ci-StdShar-GNUC/src -I/home/byrn/HDF_Projects/hdf5/build/ci-StdShar-GNUC/_deps/hdf5_zlib-build -I/home/byrn/HDF_Projects/hdf5/build/ci-StdShar-GNUC/_deps/hdf5_zlib-src -I/home/byrn/HDF_Projects/hdf5/build/ci-StdShar-GNUC/_deps/szip-build -I/home/byrn/HDF_Projects/hdf5/build/ci-StdShar-GNUC/_deps/szip-src/include -I/home/byrn/HDF_Projects/hdf5/build/ci-StdShar-GNUC/_deps/szip-src -std=c99  -fstdarg-opt -fdiagnostics-urls=never -fno-diagnostics-color -fmessage-length=0 -O2 -g -DNDEBUG -std=gnu99 -fPIC -Wall -Wcast-qual -Wconversion -Wextra -Wfloat-equal -Wformat=2 -Winit-self -Winvalid-pch -Wmissing-include-dirs -Wshadow -Wundef -Wwrite-strings -pedantic -Wno-c++-compat -Wbad-function-cast -Wcast-align -Wformat -Wimplicit-function-declaration -Wint-to-pointer-cast -Wmissing-declarations -Wmissing-prototypes -Wnested-externs -Wold-style-definition -Wpacked -Wpointer-sign -Wpointer-to-int-cast -Wredundant-decls -Wstrict-prototypes -Wswitch -Wunused-but-set-variable -Wunused-variable -Wunused-function -Wunused-parameter -finline-functions -Wno-aggregate-return -Wno-inline -Wno-missing-format-attribute -Wno-missing-noreturn -Wno-overlength-strings -Wlarger-than=2560 -Wlogical-op -Wframe-larger-than=16384 -Wpacked-bitfield-compat -Wsync-nand -Wno-unsuffixed-float-constants -Wdouble-promotion -Wtrampolines -Wstack-usage=8192 -Wmaybe-uninitialized -Wno-jump-misses-init -Wstrict-overflow=2 -Wno-suggest-attribute=const -Wno-suggest-attribute=noreturn -Wno-suggest-attribute=pure -Wno-suggest-attribute=format -Wdate-time -Warray-bounds=2 -Wc99-c11-compat -Wincompatible-pointer-types -Wint-conversion -Wduplicated-cond -Whsa -Wnormalized -Wnull-dereference -Wunused-const-variable -Walloca -Walloc-zero -Wduplicated-branches -Wformat-overflow=2 -Wformat-truncation=1 -Wrestrict -Wattribute-alias -Wshift-overflow=2 -Wcast-function-type -Wcast-align=strict -Wno-suggest-attribute=cold -Wno-suggest-attribute=malloc -Wattribute-alias=2 -Wmissing-profile -Wc11-c2x-compat -MD -MT src/CMakeFiles/hdf5-shared.dir/H5Doh.c.o -MF src/CMakeFiles/hdf5-shared.dir/H5Doh.c.o.d -o src/CMakeFiles/hdf5-shared.dir/H5Doh.c.o -c /home/byrn/HDF_Projects/hdf5/dev/src/H5Doh.c
[431/4114] /usr/bin/cc -DH5_BUILT_AS_DYNAMIC_LIB -D_FILE_OFFSET_BITS=64 -D_GNU_SOURCE -D_LARGEFILE_SOURCE -D_POSIX_C_SOURCE=200809L -Dhdf5_shared_EXPORTS -I/home/byrn/HDF_Projects/hdf5/dev/src -I/home/byrn/HDF_Projects/hdf5/dev/src/H5FDsubfiling -I/home/byrn/HDF_Projects/hdf5/build/ci-StdShar-GNUC/src -I/home/byrn/HDF_Projects/hdf5/build/ci-StdShar-GNUC/_deps/hdf5_zlib-build -I/home/byrn/HDF_Projects/hdf5/build/ci-StdShar-GNUC/_deps/hdf5_zlib-src -I/home/byrn/HDF_Projects/hdf5/build/ci-StdShar-GNUC/_deps/szip-build -I/home/byrn/HDF_Projects/hdf5/build/ci-StdShar-GNUC/_deps/szip-src/include -I/home/byrn/HDF_Projects/hdf5/build/ci-StdShar-GNUC/_deps/szip-src -std=c99  -fstdarg-opt -fdiagnostics-urls=never -fno-diagnostics-color -fmessage-length=0 -O2 -g -DNDEBUG -std=gnu99 -fPIC -Wall -Wcast-qual -Wconversion -Wextra -Wfloat-equal -Wformat=2 -Winit-self -Winvalid-pch -Wmissing-include-dirs -Wshadow -Wundef -Wwrite-strings -pedantic -Wno-c++-compat -Wbad-function-cast -Wcast-align -Wformat -Wimplicit-function-declaration -Wint-to-pointer-cast -Wmissing-declarations -Wmissing-prototypes -Wnested-externs -Wold-style-definition -Wpacked -Wpointer-sign -Wpointer-to-int-cast -Wredundant-decls -Wstrict-prototypes -Wswitch -Wunused-but-set-variable -Wunused-variable -Wunused-function -Wunused-parameter -finline-functions -Wno-aggregate-return -Wno-inline -Wno-missing-format-attribute -Wno-missing-noreturn -Wno-overlength-strings -Wlarger-than=2560 -Wlogical-op -Wframe-larger-than=16384 -Wpacked-bitfield-compat -Wsync-nand -Wno-unsuffixed-float-constants -Wdouble-promotion -Wtrampolines -Wstack-usage=8192 -Wmaybe-uninitialized -Wno-jump-misses-init -Wstrict-overflow=2 -Wno-suggest-attribute=const -Wno-suggest-attribute=noreturn -Wno-suggest-attribute=pure -Wno-suggest-attribute=format -Wdate-time -Warray-bounds=2 -Wc99-c11-compat -Wincompatible-pointer-types -Wint-conversion -Wduplicated-cond -Whsa -Wnormalized -Wnull-dereference -Wunused-const-variable -Walloca -Walloc-zero -Wduplicated-branches -Wformat-overflow=2 -Wformat-truncation=1 -Wrestrict -Wattribute-alias -Wshift-overflow=2 -Wcast-function-type -Wcast-align=strict -Wno-suggest-attribute=cold -Wno-suggest-attribute=malloc -Wattribute-alias=2 -Wmissing-profile -Wc11-c2x-compat -MD -MT src/CMakeFiles/hdf5-shared.dir/H5Dio.c.o -MF src/CMakeFiles/hdf5-shared.dir/H5Dio.c.o.d -o src/CMakeFiles/hdf5-shared.dir/H5Dio.c.o -c /home/byrn/HDF_Projects/hdf5/dev/src/H5Dio.c
[432/4114] /usr/bin/cc -DH5_BUILT_AS_DYNAMIC_LIB -D_FILE_OFFSET_BITS=64 -D_GNU_SOURCE -D_LARGEFILE_SOURCE -D_POSIX_C_SOURCE=200809L -Dhdf5_shared_EXPORTS -I/home/byrn/HDF_Projects/hdf5/dev/src -I/home/byrn/HDF_Projects/hdf5/dev/src/H5FDsubfiling -I/home/byrn/HDF_Projects/hdf5/build/ci-StdShar-GNUC/src -I/home/byrn/HDF_Projects/hdf5/build/ci-StdShar-GNUC/_deps/hdf5_zlib-build -I/home/byrn/HDF_Projects/hdf5/build/ci-StdShar-GNUC/_deps/hdf5_zlib-src -I/home/byrn/HDF_Projects/hdf5/build/ci-StdShar-GNUC/_deps/szip-build -I/home/byrn/HDF_Projects/hdf5/build/ci-StdShar-GNUC/_deps/szip-src/include -I/home/byrn/HDF_Projects/hdf5/build/ci-StdShar-GNUC/_deps/szip-src -std=c99  -fstdarg-opt -fdiagnostics-urls=never -fno-diagnostics-color -fmessage-length=0 -O2 -g -DNDEBUG -std=gnu99 -fPIC -Wall -Wcast-qual -Wconversion -Wextra -Wfloat-equal -Wformat=2 -Winit-self -Winvalid-pch -Wmissing-include-dirs -Wshadow -Wundef -Wwrite-strings -pedantic -Wno-c++-compat -Wbad-function-cast -Wcast-align -Wformat -Wimplicit-function-declaration -Wint-to-pointer-cast -Wmissing-declarations -Wmissing-prototypes -Wnested-externs -Wold-style-definition -Wpacked -Wpointer-sign -Wpointer-to-int-cast -Wredundant-decls -Wstrict-prototypes -Wswitch -Wunused-but-set-variable -Wunused-variable -Wunused-function -Wunused-parameter -finline-functions -Wno-aggregate-return -Wno-inline -Wno-missing-format-attribute -Wno-missing-noreturn -Wno-overlength-strings -Wlarger-than=2560 -Wlogical-op -Wframe-larger-than=16384 -Wpacked-bitfield-compat -Wsync-nand -Wno-unsuffixed-float-constants -Wdouble-promotion -Wtrampolines -Wstack-usage=8192 -Wmaybe-uninitialized -Wno-jump-misses-init -Wstrict-overflow=2 -Wno-suggest-attribute=const -Wno-suggest-attribute=noreturn -Wno-suggest-attribute=pure -Wno-suggest-attribute=format -Wdate-time -Warray-bounds=2 -Wc99-c11-compat -Wincompatible-pointer-types -Wint-conversion -Wduplicated-cond -Whsa -Wnormalized -Wnull-dereference -Wunused-const-variable -Walloca -Walloc-zero -Wduplicated-branches -Wformat-overflow=2 -Wformat-truncation=1 -Wrestrict -Wattribute-alias -Wshift-overflow=2 -Wcast-function-type -Wcast-align=strict -Wno-suggest-attribute=cold -Wno-suggest-attribute=malloc -Wattribute-alias=2 -Wmissing-profile -Wc11-c2x-compat -MD -MT src/CMakeFiles/hdf5-shared.dir/H5Dsingle.c.o -MF src/CMakeFiles/hdf5-shared.dir/H5Dsingle.c.o.d -o src/CMakeFiles/hdf5-shared.dir/H5Dsingle.c.o -c /home/byrn/HDF_Projects/hdf5/dev/src/H5Dsingle.c
[433/4114] /usr/bin/cc -DH5_BUILT_AS_DYNAMIC_LIB -D_FILE_OFFSET_BITS=64 -D_GNU_SOURCE -D_LARGEFILE_SOURCE -D_POSIX_C_SOURCE=200809L -Dhdf5_shared_EXPORTS -I/home/byrn/HDF_Projects/hdf5/dev/src -I/home/byrn/HDF_Projects/hdf5/dev/src/H5FDsubfiling -I/home/byrn/HDF_Projects/hdf5/build/ci-StdShar-GNUC/src -I/home/byrn/HDF_Projects/hdf5/build/ci-StdShar-GNUC/_deps/hdf5_zlib-build -I/home/byrn/HDF_Projects/hdf5/build/ci-StdShar-GNUC/_deps/hdf5_zlib-src -I/home/byrn/HDF_Projects/hdf5/build/ci-StdShar-GNUC/_deps/szip-build -I/home/byrn/HDF_Projects/hdf5/build/ci-StdShar-GNUC/_deps/szip-src/include -I/home/byrn/HDF_Projects/hdf5/build/ci-StdShar-GNUC/_deps/szip-src -std=c99  -fstdarg-opt -fdiagnostics-urls=never -fno-diagnostics-color -fmessage-length=0 -O2 -g -DNDEBUG -std=gnu99 -fPIC -Wall -Wcast-qual -Wconversion -Wextra -Wfloat-equal -Wformat=2 -Winit-self -Winvalid-pch -Wmissing-include-dirs -Wshadow -Wundef -Wwrite-strings -pedantic -Wno-c++-compat -Wbad-function-cast -Wcast-align -Wformat -Wimplicit-function-declaration -Wint-to-pointer-cast -Wmissing-declarations -Wmissing-prototypes -Wnested-externs -Wold-style-definition -Wpacked -Wpointer-sign -Wpointer-to-int-cast -Wredundant-decls -Wstrict-prototypes -Wswitch -Wunused-but-set-variable -Wunused-variable -Wunused-function -Wunused-parameter -finline-functions -Wno-aggregate-return -Wno-inline -Wno-missing-format-attribute -Wno-missing-noreturn -Wno-overlength-strings -Wlarger-than=2560 -Wlogical-op -Wframe-larger-than=16384 -Wpacked-bitfield-compat -Wsync-nand -Wno-unsuffixed-float-constants -Wdouble-promotion -Wtrampolines -Wstack-usage=8192 -Wmaybe-uninitialized -Wno-jump-misses-init -Wstrict-overflow=2 -Wno-suggest-attribute=const -Wno-suggest-attribute=noreturn -Wno-suggest-attribute=pure -Wno-suggest-attribute=format -Wdate-time -Warray-bounds=2 -Wc99-c11-compat -Wincompatible-pointer-types -Wint-conversion -Wduplicated-cond -Whsa -Wnormalized -Wnull-dereference -Wunused-const-variable -Walloca -Walloc-zero -Wduplicated-branches -Wformat-overflow=2 -Wformat-truncation=1 -Wrestrict -Wattribute-alias -Wshift-overflow=2 -Wcast-function-type -Wcast-align=strict -Wno-suggest-attribute=cold -Wno-suggest-attribute=malloc -Wattribute-alias=2 -Wmissing-profile -Wc11-c2x-compat -MD -MT src/CMakeFiles/hdf5-shared.dir/H5Dtest.c.o -MF src/CMakeFiles/hdf5-shared.dir/H5Dtest.c.o.d -o src/CMakeFiles/hdf5-shared.dir/H5Dtest.c.o -c /home/byrn/HDF_Projects/hdf5/dev/src/H5Dtest.c
[434/4114] /usr/bin/cc -DH5_BUILT_AS_DYNAMIC_LIB -D_FILE_OFFSET_BITS=64 -D_GNU_SOURCE -D_LARGEFILE_SOURCE -D_POSIX_C_SOURCE=200809L -Dhdf5_shared_EXPORTS -I/home/byrn/HDF_Projects/hdf5/dev/src -I/home/byrn/HDF_Projects/hdf5/dev/src/H5FDsubfiling -I/home/byrn/HDF_Projects/hdf5/build/ci-StdShar-GNUC/src -I/home/byrn/HDF_Projects/hdf5/build/ci-StdShar-GNUC/_deps/hdf5_zlib-build -I/home/byrn/HDF_Projects/hdf5/build/ci-StdShar-GNUC/_deps/hdf5_zlib-src -I/home/byrn/HDF_Projects/hdf5/build/ci-StdShar-GNUC/_deps/szip-build -I/home/byrn/HDF_Projects/hdf5/build/ci-StdShar-GNUC/_deps/szip-src/include -I/home/byrn/HDF_Projects/hdf5/build/ci-StdShar-GNUC/_deps/szip-src -std=c99  -fstdarg-opt -fdiagnostics-urls=never -fno-diagnostics-color -fmessage-length=0 -O2 -g -DNDEBUG -std=gnu99 -fPIC -Wall -Wcast-qual -Wconversion -Wextra -Wfloat-equal -Wformat=2 -Winit-self -Winvalid-pch -Wmissing-include-dirs -Wshadow -Wundef -Wwrite-strings -pedantic -Wno-c++-compat -Wbad-function-cast -Wcast-align -Wformat -Wimplicit-function-declaration -Wint-to-pointer-cast -Wmissing-declarations -Wmissing-prototypes -Wnested-externs -Wold-style-definition -Wpacked -Wpointer-sign -Wpointer-to-int-cast -Wredundant-decls -Wstrict-prototypes -Wswitch -Wunused-but-set-variable -Wunused-variable -Wunused-function -Wunused-parameter -finline-functions -Wno-aggregate-return -Wno-inline -Wno-missing-format-attribute -Wno-missing-noreturn -Wno-overlength-strings -Wlarger-than=2560 -Wlogical-op -Wframe-larger-than=16384 -Wpacked-bitfield-compat -Wsync-nand -Wno-unsuffixed-float-constants -Wdouble-promotion -Wtrampolines -Wstack-usage=8192 -Wmaybe-uninitialized -Wno-jump-misses-init -Wstrict-overflow=2 -Wno-suggest-attribute=const -Wno-suggest-attribute=noreturn -Wno-suggest-attribute=pure -Wno-suggest-attribute=format -Wdate-time -Warray-bounds=2 -Wc99-c11-compat -Wincompatible-pointer-types -Wint-conversion -Wduplicated-cond -Whsa -Wnormalized -Wnull-dereference -Wunused-const-variable -Walloca -Walloc-zero -Wduplicated-branches -Wformat-overflow=2 -Wformat-truncation=1 -Wrestrict -Wattribute-alias -Wshift-overflow=2 -Wcast-function-type -Wcast-align=strict -Wno-suggest-attribute=cold -Wno-suggest-attribute=malloc -Wattribute-alias=2 -Wmissing-profile -Wc11-c2x-compat -MD -MT src/CMakeFiles/hdf5-shared.dir/H5Dselect.c.o -MF src/CMakeFiles/hdf5-shared.dir/H5Dselect.c.o.d -o src/CMakeFiles/hdf5-shared.dir/H5Dselect.c.o -c /home/byrn/HDF_Projects/hdf5/dev/src/H5Dselect.c
[435/4114] /usr/bin/cc -DH5_BUILT_AS_DYNAMIC_LIB -D_FILE_OFFSET_BITS=64 -D_GNU_SOURCE -D_LARGEFILE_SOURCE -D_POSIX_C_SOURCE=200809L -Dhdf5_shared_EXPORTS -I/home/byrn/HDF_Projects/hdf5/dev/src -I/home/byrn/HDF_Projects/hdf5/dev/src/H5FDsubfiling -I/home/byrn/HDF_Projects/hdf5/build/ci-StdShar-GNUC/src -I/home/byrn/HDF_Projects/hdf5/build/ci-StdShar-GNUC/_deps/hdf5_zlib-build -I/home/byrn/HDF_Projects/hdf5/build/ci-StdShar-GNUC/_deps/hdf5_zlib-src -I/home/byrn/HDF_Projects/hdf5/build/ci-StdShar-GNUC/_deps/szip-build -I/home/byrn/HDF_Projects/hdf5/build/ci-StdShar-GNUC/_deps/szip-src/include -I/home/byrn/HDF_Projects/hdf5/build/ci-StdShar-GNUC/_deps/szip-src -std=c99  -fstdarg-opt -fdiagnostics-urls=never -fno-diagnostics-color -fmessage-length=0 -O2 -g -DNDEBUG -std=gnu99 -fPIC -Wall -Wcast-qual -Wconversion -Wextra -Wfloat-equal -Wformat=2 -Winit-self -Winvalid-pch -Wmissing-include-dirs -Wshadow -Wundef -Wwrite-strings -pedantic -Wno-c++-compat -Wbad-function-cast -Wcast-align -Wformat -Wimplicit-function-declaration -Wint-to-pointer-cast -Wmissing-declarations -Wmissing-prototypes -Wnested-externs -Wold-style-definition -Wpacked -Wpointer-sign -Wpointer-to-int-cast -Wredundant-decls -Wstrict-prototypes -Wswitch -Wunused-but-set-variable -Wunused-variable -Wunused-function -Wunused-parameter -finline-functions -Wno-aggregate-return -Wno-inline -Wno-missing-format-attribute -Wno-missing-noreturn -Wno-overlength-strings -Wlarger-than=2560 -Wlogical-op -Wframe-larger-than=16384 -Wpacked-bitfield-compat -Wsync-nand -Wno-unsuffixed-float-constants -Wdouble-promotion -Wtrampolines -Wstack-usage=8192 -Wmaybe-uninitialized -Wno-jump-misses-init -Wstrict-overflow=2 -Wno-suggest-attribute=const -Wno-suggest-attribute=noreturn -Wno-suggest-attribute=pure -Wno-suggest-attribute=format -Wdate-time -Warray-bounds=2 -Wc99-c11-compat -Wincompatible-pointer-types -Wint-conversion -Wduplicated-cond -Whsa -Wnormalized -Wnull-dereference -Wunused-const-variable -Walloca -Walloc-zero -Wduplicated-branches -Wformat-overflow=2 -Wformat-truncation=1 -Wrestrict -Wattribute-alias -Wshift-overflow=2 -Wcast-function-type -Wcast-align=strict -Wno-suggest-attribute=cold -Wno-suggest-attribute=malloc -Wattribute-alias=2 -Wmissing-profile -Wc11-c2x-compat -MD -MT src/CMakeFiles/hdf5-shared.dir/H5Edeprec.c.o -MF src/CMakeFiles/hdf5-shared.dir/H5Edeprec.c.o.d -o src/CMakeFiles/hdf5-shared.dir/H5Edeprec.c.o -c /home/byrn/HDF_Projects/hdf5/dev/src/H5Edeprec.c
[436/4114] /usr/bin/cc -DH5_BUILT_AS_DYNAMIC_LIB -D_FILE_OFFSET_BITS=64 -D_GNU_SOURCE -D_LARGEFILE_SOURCE -D_POSIX_C_SOURCE=200809L -Dhdf5_shared_EXPORTS -I/home/byrn/HDF_Projects/hdf5/dev/src -I/home/byrn/HDF_Projects/hdf5/dev/src/H5FDsubfiling -I/home/byrn/HDF_Projects/hdf5/build/ci-StdShar-GNUC/src -I/home/byrn/HDF_Projects/hdf5/build/ci-StdShar-GNUC/_deps/hdf5_zlib-build -I/home/byrn/HDF_Projects/hdf5/build/ci-StdShar-GNUC/_deps/hdf5_zlib-src -I/home/byrn/HDF_Projects/hdf5/build/ci-StdShar-GNUC/_deps/szip-build -I/home/byrn/HDF_Projects/hdf5/build/ci-StdShar-GNUC/_deps/szip-src/include -I/home/byrn/HDF_Projects/hdf5/build/ci-StdShar-GNUC/_deps/szip-src -std=c99  -fstdarg-opt -fdiagnostics-urls=never -fno-diagnostics-color -fmessage-length=0 -O2 -g -DNDEBUG -std=gnu99 -fPIC -Wall -Wcast-qual -Wconversion -Wextra -Wfloat-equal -Wformat=2 -Winit-self -Winvalid-pch -Wmissing-include-dirs -Wshadow -Wundef -Wwrite-strings -pedantic -Wno-c++-compat -Wbad-function-cast -Wcast-align -Wformat -Wimplicit-function-declaration -Wint-to-pointer-cast -Wmissing-declarations -Wmissing-prototypes -Wnested-externs -Wold-style-definition -Wpacked -Wpointer-sign -Wpointer-to-int-cast -Wredundant-decls -Wstrict-prototypes -Wswitch -Wunused-but-set-variable -Wunused-variable -Wunused-function -Wunused-parameter -finline-functions -Wno-aggregate-return -Wno-inline -Wno-missing-format-attribute -Wno-missing-noreturn -Wno-overlength-strings -Wlarger-than=2560 -Wlogical-op -Wframe-larger-than=16384 -Wpacked-bitfield-compat -Wsync-nand -Wno-unsuffixed-float-constants -Wdouble-promotion -Wtrampolines -Wstack-usage=8192 -Wmaybe-uninitialized -Wno-jump-misses-init -Wstrict-overflow=2 -Wno-suggest-attribute=const -Wno-suggest-attribute=noreturn -Wno-suggest-attribute=pure -Wno-suggest-attribute=format -Wdate-time -Warray-bounds=2 -Wc99-c11-compat -Wincompatible-pointer-types -Wint-conversion -Wduplicated-cond -Whsa -Wnormalized -Wnull-dereference -Wunused-const-variable -Walloca -Walloc-zero -Wduplicated-branches -Wformat-overflow=2 -Wformat-truncation=1 -Wrestrict -Wattribute-alias -Wshift-overflow=2 -Wcast-function-type -Wcast-align=strict -Wno-suggest-attribute=cold -Wno-suggest-attribute=malloc -Wattribute-alias=2 -Wmissing-profile -Wc11-c2x-compat -MD -MT src/CMakeFiles/hdf5-shared.dir/H5Eint.c.o -MF src/CMakeFiles/hdf5-shared.dir/H5Eint.c.o.d -o src/CMakeFiles/hdf5-shared.dir/H5Eint.c.o -c /home/byrn/HDF_Projects/hdf5/dev/src/H5Eint.c
[437/4114] /usr/bin/cc -DH5_BUILT_AS_DYNAMIC_LIB -D_FILE_OFFSET_BITS=64 -D_GNU_SOURCE -D_LARGEFILE_SOURCE -D_POSIX_C_SOURCE=200809L -Dhdf5_shared_EXPORTS -I/home/byrn/HDF_Projects/hdf5/dev/src -I/home/byrn/HDF_Projects/hdf5/dev/src/H5FDsubfiling -I/home/byrn/HDF_Projects/hdf5/build/ci-StdShar-GNUC/src -I/home/byrn/HDF_Projects/hdf5/build/ci-StdShar-GNUC/_deps/hdf5_zlib-build -I/home/byrn/HDF_Projects/hdf5/build/ci-StdShar-GNUC/_deps/hdf5_zlib-src -I/home/byrn/HDF_Projects/hdf5/build/ci-StdShar-GNUC/_deps/szip-build -I/home/byrn/HDF_Projects/hdf5/build/ci-StdShar-GNUC/_deps/szip-src/include -I/home/byrn/HDF_Projects/hdf5/build/ci-StdShar-GNUC/_deps/szip-src -std=c99  -fstdarg-opt -fdiagnostics-urls=never -fno-diagnostics-color -fmessage-length=0 -O2 -g -DNDEBUG -std=gnu99 -fPIC -Wall -Wcast-qual -Wconversion -Wextra -Wfloat-equal -Wformat=2 -Winit-self -Winvalid-pch -Wmissing-include-dirs -Wshadow -Wundef -Wwrite-strings -pedantic -Wno-c++-compat -Wbad-function-cast -Wcast-align -Wformat -Wimplicit-function-declaration -Wint-to-pointer-cast -Wmissing-declarations -Wmissing-prototypes -Wnested-externs -Wold-style-definition -Wpacked -Wpointer-sign -Wpointer-to-int-cast -Wredundant-decls -Wstrict-prototypes -Wswitch -Wunused-but-set-variable -Wunused-variable -Wunused-function -Wunused-parameter -finline-functions -Wno-aggregate-return -Wno-inline -Wno-missing-format-attribute -Wno-missing-noreturn -Wno-overlength-strings -Wlarger-than=2560 -Wlogical-op -Wframe-larger-than=16384 -Wpacked-bitfield-compat -Wsync-nand -Wno-unsuffixed-float-constants -Wdouble-promotion -Wtrampolines -Wstack-usage=8192 -Wmaybe-uninitialized -Wno-jump-misses-init -Wstrict-overflow=2 -Wno-suggest-attribute=const -Wno-suggest-attribute=noreturn -Wno-suggest-attribute=pure -Wno-suggest-attribute=format -Wdate-time -Warray-bounds=2 -Wc99-c11-compat -Wincompatible-pointer-types -Wint-conversion -Wduplicated-cond -Whsa -Wnormalized -Wnull-dereference -Wunused-const-variable -Walloca -Walloc-zero -Wduplicated-branches -Wformat-overflow=2 -Wformat-truncation=1 -Wrestrict -Wattribute-alias -Wshift-overflow=2 -Wcast-function-type -Wcast-align=strict -Wno-suggest-attribute=cold -Wno-suggest-attribute=malloc -Wattribute-alias=2 -Wmissing-profile -Wc11-c2x-compat -MD -MT src/CMakeFiles/hdf5-shared.dir/H5Dscatgath.c.o -MF src/CMakeFiles/hdf5-shared.dir/H5Dscatgath.c.o.d -o src/CMakeFiles/hdf5-shared.dir/H5Dscatgath.c.o -c /home/byrn/HDF_Projects/hdf5/dev/src/H5Dscatgath.c
[438/4114] /usr/bin/cc -DH5_BUILT_AS_DYNAMIC_LIB -D_FILE_OFFSET_BITS=64 -D_GNU_SOURCE -D_LARGEFILE_SOURCE -D_POSIX_C_SOURCE=200809L -Dhdf5_shared_EXPORTS -I/home/byrn/HDF_Projects/hdf5/dev/src -I/home/byrn/HDF_Projects/hdf5/dev/src/H5FDsubfiling -I/home/byrn/HDF_Projects/hdf5/build/ci-StdShar-GNUC/src -I/home/byrn/HDF_Projects/hdf5/build/ci-StdShar-GNUC/_deps/hdf5_zlib-build -I/home/byrn/HDF_Projects/hdf5/build/ci-StdShar-GNUC/_deps/hdf5_zlib-src -I/home/byrn/HDF_Projects/hdf5/build/ci-StdShar-GNUC/_deps/szip-build -I/home/byrn/HDF_Projects/hdf5/build/ci-StdShar-GNUC/_deps/szip-src/include -I/home/byrn/HDF_Projects/hdf5/build/ci-StdShar-GNUC/_deps/szip-src -std=c99  -fstdarg-opt -fdiagnostics-urls=never -fno-diagnostics-color -fmessage-length=0 -O2 -g -DNDEBUG -std=gnu99 -fPIC -Wall -Wcast-qual -Wconversion -Wextra -Wfloat-equal -Wformat=2 -Winit-self -Winvalid-pch -Wmissing-include-dirs -Wshadow -Wundef -Wwrite-strings -pedantic -Wno-c++-compat -Wbad-function-cast -Wcast-align -Wformat -Wimplicit-function-declaration -Wint-to-pointer-cast -Wmissing-declarations -Wmissing-prototypes -Wnested-externs -Wold-style-definition -Wpacked -Wpointer-sign -Wpointer-to-int-cast -Wredundant-decls -Wstrict-prototypes -Wswitch -Wunused-but-set-variable -Wunused-variable -Wunused-function -Wunused-parameter -finline-functions -Wno-aggregate-return -Wno-inline -Wno-missing-format-attribute -Wno-missing-noreturn -Wno-overlength-strings -Wlarger-than=2560 -Wlogical-op -Wframe-larger-than=16384 -Wpacked-bitfield-compat -Wsync-nand -Wno-unsuffixed-float-constants -Wdouble-promotion -Wtrampolines -Wstack-usage=8192 -Wmaybe-uninitialized -Wno-jump-misses-init -Wstrict-overflow=2 -Wno-suggest-attribute=const -Wno-suggest-attribute=noreturn -Wno-suggest-attribute=pure -Wno-suggest-attribute=format -Wdate-time -Warray-bounds=2 -Wc99-c11-compat -Wincompatible-pointer-types -Wint-conversion -Wduplicated-cond -Whsa -Wnormalized -Wnull-dereference -Wunused-const-variable -Walloca -Walloc-zero -Wduplicated-branches -Wformat-overflow=2 -Wformat-truncation=1 -Wrestrict -Wattribute-alias -Wshift-overflow=2 -Wcast-function-type -Wcast-align=strict -Wno-suggest-attribute=cold -Wno-suggest-attribute=malloc -Wattribute-alias=2 -Wmissing-profile -Wc11-c2x-compat -MD -MT src/CMakeFiles/hdf5-shared.dir/H5EA.c.o -MF src/CMakeFiles/hdf5-shared.dir/H5EA.c.o.d -o src/CMakeFiles/hdf5-shared.dir/H5EA.c.o -c /home/byrn/HDF_Projects/hdf5/dev/src/H5EA.c
[439/4114] /usr/bin/cc -DH5_BUILT_AS_DYNAMIC_LIB -D_FILE_OFFSET_BITS=64 -D_GNU_SOURCE -D_LARGEFILE_SOURCE -D_POSIX_C_SOURCE=200809L -Dhdf5_shared_EXPORTS -I/home/byrn/HDF_Projects/hdf5/dev/src -I/home/byrn/HDF_Projects/hdf5/dev/src/H5FDsubfiling -I/home/byrn/HDF_Projects/hdf5/build/ci-StdShar-GNUC/src -I/home/byrn/HDF_Projects/hdf5/build/ci-StdShar-GNUC/_deps/hdf5_zlib-build -I/home/byrn/HDF_Projects/hdf5/build/ci-StdShar-GNUC/_deps/hdf5_zlib-src -I/home/byrn/HDF_Projects/hdf5/build/ci-StdShar-GNUC/_deps/szip-build -I/home/byrn/HDF_Projects/hdf5/build/ci-StdShar-GNUC/_deps/szip-src/include -I/home/byrn/HDF_Projects/hdf5/build/ci-StdShar-GNUC/_deps/szip-src -std=c99  -fstdarg-opt -fdiagnostics-urls=never -fno-diagnostics-color -fmessage-length=0 -O2 -g -DNDEBUG -std=gnu99 -fPIC -Wall -Wcast-qual -Wconversion -Wextra -Wfloat-equal -Wformat=2 -Winit-self -Winvalid-pch -Wmissing-include-dirs -Wshadow -Wundef -Wwrite-strings -pedantic -Wno-c++-compat -Wbad-function-cast -Wcast-align -Wformat -Wimplicit-function-declaration -Wint-to-pointer-cast -Wmissing-declarations -Wmissing-prototypes -Wnested-externs -Wold-style-definition -Wpacked -Wpointer-sign -Wpointer-to-int-cast -Wredundant-decls -Wstrict-prototypes -Wswitch -Wunused-but-set-variable -Wunused-variable -Wunused-function -Wunused-parameter -finline-functions -Wno-aggregate-return -Wno-inline -Wno-missing-format-attribute -Wno-missing-noreturn -Wno-overlength-strings -Wlarger-than=2560 -Wlogical-op -Wframe-larger-than=16384 -Wpacked-bitfield-compat -Wsync-nand -Wno-unsuffixed-float-constants -Wdouble-promotion -Wtrampolines -Wstack-usage=8192 -Wmaybe-uninitialized -Wno-jump-misses-init -Wstrict-overflow=2 -Wno-suggest-attribute=const -Wno-suggest-attribute=noreturn -Wno-suggest-attribute=pure -Wno-suggest-attribute=format -Wdate-time -Warray-bounds=2 -Wc99-c11-compat -Wincompatible-pointer-types -Wint-conversion -Wduplicated-cond -Whsa -Wnormalized -Wnull-dereference -Wunused-const-variable -Walloca -Walloc-zero -Wduplicated-branches -Wformat-overflow=2 -Wformat-truncation=1 -Wrestrict -Wattribute-alias -Wshift-overflow=2 -Wcast-function-type -Wcast-align=strict -Wno-suggest-attribute=cold -Wno-suggest-attribute=malloc -Wattribute-alias=2 -Wmissing-profile -Wc11-c2x-compat -MD -MT src/CMakeFiles/hdf5-shared.dir/H5EAdbg.c.o -MF src/CMakeFiles/hdf5-shared.dir/H5EAdbg.c.o.d -o src/CMakeFiles/hdf5-shared.dir/H5EAdbg.c.o -c /home/byrn/HDF_Projects/hdf5/dev/src/H5EAdbg.c
[440/4114] /usr/bin/cc -DH5_BUILT_AS_DYNAMIC_LIB -D_FILE_OFFSET_BITS=64 -D_GNU_SOURCE -D_LARGEFILE_SOURCE -D_POSIX_C_SOURCE=200809L -Dhdf5_shared_EXPORTS -I/home/byrn/HDF_Projects/hdf5/dev/src -I/home/byrn/HDF_Projects/hdf5/dev/src/H5FDsubfiling -I/home/byrn/HDF_Projects/hdf5/build/ci-StdShar-GNUC/src -I/home/byrn/HDF_Projects/hdf5/build/ci-StdShar-GNUC/_deps/hdf5_zlib-build -I/home/byrn/HDF_Projects/hdf5/build/ci-StdShar-GNUC/_deps/hdf5_zlib-src -I/home/byrn/HDF_Projects/hdf5/build/ci-StdShar-GNUC/_deps/szip-build -I/home/byrn/HDF_Projects/hdf5/build/ci-StdShar-GNUC/_deps/szip-src/include -I/home/byrn/HDF_Projects/hdf5/build/ci-StdShar-GNUC/_deps/szip-src -std=c99  -fstdarg-opt -fdiagnostics-urls=never -fno-diagnostics-color -fmessage-length=0 -O2 -g -DNDEBUG -std=gnu99 -fPIC -Wall -Wcast-qual -Wconversion -Wextra -Wfloat-equal -Wformat=2 -Winit-self -Winvalid-pch -Wmissing-include-dirs -Wshadow -Wundef -Wwrite-strings -pedantic -Wno-c++-compat -Wbad-function-cast -Wcast-align -Wformat -Wimplicit-function-declaration -Wint-to-pointer-cast -Wmissing-declarations -Wmissing-prototypes -Wnested-externs -Wold-style-definition -Wpacked -Wpointer-sign -Wpointer-to-int-cast -Wredundant-decls -Wstrict-prototypes -Wswitch -Wunused-but-set-variable -Wunused-variable -Wunused-function -Wunused-parameter -finline-functions -Wno-aggregate-return -Wno-inline -Wno-missing-format-attribute -Wno-missing-noreturn -Wno-overlength-strings -Wlarger-than=2560 -Wlogical-op -Wframe-larger-than=16384 -Wpacked-bitfield-compat -Wsync-nand -Wno-unsuffixed-float-constants -Wdouble-promotion -Wtrampolines -Wstack-usage=8192 -Wmaybe-uninitialized -Wno-jump-misses-init -Wstrict-overflow=2 -Wno-suggest-attribute=const -Wno-suggest-attribute=noreturn -Wno-suggest-attribute=pure -Wno-suggest-attribute=format -Wdate-time -Warray-bounds=2 -Wc99-c11-compat -Wincompatible-pointer-types -Wint-conversion -Wduplicated-cond -Whsa -Wnormalized -Wnull-dereference -Wunused-const-variable -Walloca -Walloc-zero -Wduplicated-branches -Wformat-overflow=2 -Wformat-truncation=1 -Wrestrict -Wattribute-alias -Wshift-overflow=2 -Wcast-function-type -Wcast-align=strict -Wno-suggest-attribute=cold -Wno-suggest-attribute=malloc -Wattribute-alias=2 -Wmissing-profile -Wc11-c2x-compat -MD -MT src/CMakeFiles/hdf5-shared.dir/H5EAdblkpage.c.o -MF src/CMakeFiles/hdf5-shared.dir/H5EAdblkpage.c.o.d -o src/CMakeFiles/hdf5-shared.dir/H5EAdblkpage.c.o -c /home/byrn/HDF_Projects/hdf5/dev/src/H5EAdblkpage.c
[441/4114] /usr/bin/cc -DH5_BUILT_AS_DYNAMIC_LIB -D_FILE_OFFSET_BITS=64 -D_GNU_SOURCE -D_LARGEFILE_SOURCE -D_POSIX_C_SOURCE=200809L -Dhdf5_shared_EXPORTS -I/home/byrn/HDF_Projects/hdf5/dev/src -I/home/byrn/HDF_Projects/hdf5/dev/src/H5FDsubfiling -I/home/byrn/HDF_Projects/hdf5/build/ci-StdShar-GNUC/src -I/home/byrn/HDF_Projects/hdf5/build/ci-StdShar-GNUC/_deps/hdf5_zlib-build -I/home/byrn/HDF_Projects/hdf5/build/ci-StdShar-GNUC/_deps/hdf5_zlib-src -I/home/byrn/HDF_Projects/hdf5/build/ci-StdShar-GNUC/_deps/szip-build -I/home/byrn/HDF_Projects/hdf5/build/ci-StdShar-GNUC/_deps/szip-src/include -I/home/byrn/HDF_Projects/hdf5/build/ci-StdShar-GNUC/_deps/szip-src -std=c99  -fstdarg-opt -fdiagnostics-urls=never -fno-diagnostics-color -fmessage-length=0 -O2 -g -DNDEBUG -std=gnu99 -fPIC -Wall -Wcast-qual -Wconversion -Wextra -Wfloat-equal -Wformat=2 -Winit-self -Winvalid-pch -Wmissing-include-dirs -Wshadow -Wundef -Wwrite-strings -pedantic -Wno-c++-compat -Wbad-function-cast -Wcast-align -Wformat -Wimplicit-function-declaration -Wint-to-pointer-cast -Wmissing-declarations -Wmissing-prototypes -Wnested-externs -Wold-style-definition -Wpacked -Wpointer-sign -Wpointer-to-int-cast -Wredundant-decls -Wstrict-prototypes -Wswitch -Wunused-but-set-variable -Wunused-variable -Wunused-function -Wunused-parameter -finline-functions -Wno-aggregate-return -Wno-inline -Wno-missing-format-attribute -Wno-missing-noreturn -Wno-overlength-strings -Wlarger-than=2560 -Wlogical-op -Wframe-larger-than=16384 -Wpacked-bitfield-compat -Wsync-nand -Wno-unsuffixed-float-constants -Wdouble-promotion -Wtrampolines -Wstack-usage=8192 -Wmaybe-uninitialized -Wno-jump-misses-init -Wstrict-overflow=2 -Wno-suggest-attribute=const -Wno-suggest-attribute=noreturn -Wno-suggest-attribute=pure -Wno-suggest-attribute=format -Wdate-time -Warray-bounds=2 -Wc99-c11-compat -Wincompatible-pointer-types -Wint-conversion -Wduplicated-cond -Whsa -Wnormalized -Wnull-dereference -Wunused-const-variable -Walloca -Walloc-zero -Wduplicated-branches -Wformat-overflow=2 -Wformat-truncation=1 -Wrestrict -Wattribute-alias -Wshift-overflow=2 -Wcast-function-type -Wcast-align=strict -Wno-suggest-attribute=cold -Wno-suggest-attribute=malloc -Wattribute-alias=2 -Wmissing-profile -Wc11-c2x-compat -MD -MT src/CMakeFiles/hdf5-shared.dir/H5Dint.c.o -MF src/CMakeFiles/hdf5-shared.dir/H5Dint.c.o.d -o src/CMakeFiles/hdf5-shared.dir/H5Dint.c.o -c /home/byrn/HDF_Projects/hdf5/dev/src/H5Dint.c
[442/4114] /usr/bin/cc -DH5_BUILT_AS_DYNAMIC_LIB -D_FILE_OFFSET_BITS=64 -D_GNU_SOURCE -D_LARGEFILE_SOURCE -D_POSIX_C_SOURCE=200809L -Dhdf5_shared_EXPORTS -I/home/byrn/HDF_Projects/hdf5/dev/src -I/home/byrn/HDF_Projects/hdf5/dev/src/H5FDsubfiling -I/home/byrn/HDF_Projects/hdf5/build/ci-StdShar-GNUC/src -I/home/byrn/HDF_Projects/hdf5/build/ci-StdShar-GNUC/_deps/hdf5_zlib-build -I/home/byrn/HDF_Projects/hdf5/build/ci-StdShar-GNUC/_deps/hdf5_zlib-src -I/home/byrn/HDF_Projects/hdf5/build/ci-StdShar-GNUC/_deps/szip-build -I/home/byrn/HDF_Projects/hdf5/build/ci-StdShar-GNUC/_deps/szip-src/include -I/home/byrn/HDF_Projects/hdf5/build/ci-StdShar-GNUC/_deps/szip-src -std=c99  -fstdarg-opt -fdiagnostics-urls=never -fno-diagnostics-color -fmessage-length=0 -O2 -g -DNDEBUG -std=gnu99 -fPIC -Wall -Wcast-qual -Wconversion -Wextra -Wfloat-equal -Wformat=2 -Winit-self -Winvalid-pch -Wmissing-include-dirs -Wshadow -Wundef -Wwrite-strings -pedantic -Wno-c++-compat -Wbad-function-cast -Wcast-align -Wformat -Wimplicit-function-declaration -Wint-to-pointer-cast -Wmissing-declarations -Wmissing-prototypes -Wnested-externs -Wold-style-definition -Wpacked -Wpointer-sign -Wpointer-to-int-cast -Wredundant-decls -Wstrict-prototypes -Wswitch -Wunused-but-set-variable -Wunused-variable -Wunused-function -Wunused-parameter -finline-functions -Wno-aggregate-return -Wno-inline -Wno-missing-format-attribute -Wno-missing-noreturn -Wno-overlength-strings -Wlarger-than=2560 -Wlogical-op -Wframe-larger-than=16384 -Wpacked-bitfield-compat -Wsync-nand -Wno-unsuffixed-float-constants -Wdouble-promotion -Wtrampolines -Wstack-usage=8192 -Wmaybe-uninitialized -Wno-jump-misses-init -Wstrict-overflow=2 -Wno-suggest-attribute=const -Wno-suggest-attribute=noreturn -Wno-suggest-attribute=pure -Wno-suggest-attribute=format -Wdate-time -Warray-bounds=2 -Wc99-c11-compat -Wincompatible-pointer-types -Wint-conversion -Wduplicated-cond -Whsa -Wnormalized -Wnull-dereference -Wunused-const-variable -Walloca -Walloc-zero -Wduplicated-branches -Wformat-overflow=2 -Wformat-truncation=1 -Wrestrict -Wattribute-alias -Wshift-overflow=2 -Wcast-function-type -Wcast-align=strict -Wno-suggest-attribute=cold -Wno-suggest-attribute=malloc -Wattribute-alias=2 -Wmissing-profile -Wc11-c2x-compat -MD -MT src/CMakeFiles/hdf5-shared.dir/H5Dvirtual.c.o -MF src/CMakeFiles/hdf5-shared.dir/H5Dvirtual.c.o.d -o src/CMakeFiles/hdf5-shared.dir/H5Dvirtual.c.o -c /home/byrn/HDF_Projects/hdf5/dev/src/H5Dvirtual.c
[443/4114] /usr/bin/cc -DH5_BUILT_AS_DYNAMIC_LIB -D_FILE_OFFSET_BITS=64 -D_GNU_SOURCE -D_LARGEFILE_SOURCE -D_POSIX_C_SOURCE=200809L -Dhdf5_shared_EXPORTS -I/home/byrn/HDF_Projects/hdf5/dev/src -I/home/byrn/HDF_Projects/hdf5/dev/src/H5FDsubfiling -I/home/byrn/HDF_Projects/hdf5/build/ci-StdShar-GNUC/src -I/home/byrn/HDF_Projects/hdf5/build/ci-StdShar-GNUC/_deps/hdf5_zlib-build -I/home/byrn/HDF_Projects/hdf5/build/ci-StdShar-GNUC/_deps/hdf5_zlib-src -I/home/byrn/HDF_Projects/hdf5/build/ci-StdShar-GNUC/_deps/szip-build -I/home/byrn/HDF_Projects/hdf5/build/ci-StdShar-GNUC/_deps/szip-src/include -I/home/byrn/HDF_Projects/hdf5/build/ci-StdShar-GNUC/_deps/szip-src -std=c99  -fstdarg-opt -fdiagnostics-urls=never -fno-diagnostics-color -fmessage-length=0 -O2 -g -DNDEBUG -std=gnu99 -fPIC -Wall -Wcast-qual -Wconversion -Wextra -Wfloat-equal -Wformat=2 -Winit-self -Winvalid-pch -Wmissing-include-dirs -Wshadow -Wundef -Wwrite-strings -pedantic -Wno-c++-compat -Wbad-function-cast -Wcast-align -Wformat -Wimplicit-function-declaration -Wint-to-pointer-cast -Wmissing-declarations -Wmissing-prototypes -Wnested-externs -Wold-style-definition -Wpacked -Wpointer-sign -Wpointer-to-int-cast -Wredundant-decls -Wstrict-prototypes -Wswitch -Wunused-but-set-variable -Wunused-variable -Wunused-function -Wunused-parameter -finline-functions -Wno-aggregate-return -Wno-inline -Wno-missing-format-attribute -Wno-missing-noreturn -Wno-overlength-strings -Wlarger-than=2560 -Wlogical-op -Wframe-larger-than=16384 -Wpacked-bitfield-compat -Wsync-nand -Wno-unsuffixed-float-constants -Wdouble-promotion -Wtrampolines -Wstack-usage=8192 -Wmaybe-uninitialized -Wno-jump-misses-init -Wstrict-overflow=2 -Wno-suggest-attribute=const -Wno-suggest-attribute=noreturn -Wno-suggest-attribute=pure -Wno-suggest-attribute=format -Wdate-time -Warray-bounds=2 -Wc99-c11-compat -Wincompatible-pointer-types -Wint-conversion -Wduplicated-cond -Whsa -Wnormalized -Wnull-dereference -Wunused-const-variable -Walloca -Walloc-zero -Wduplicated-branches -Wformat-overflow=2 -Wformat-truncation=1 -Wrestrict -Wattribute-alias -Wshift-overflow=2 -Wcast-function-type -Wcast-align=strict -Wno-suggest-attribute=cold -Wno-suggest-attribute=malloc -Wattribute-alias=2 -Wmissing-profile -Wc11-c2x-compat -MD -MT src/CMakeFiles/hdf5-shared.dir/H5EAcache.c.o -MF src/CMakeFiles/hdf5-shared.dir/H5EAcache.c.o.d -o src/CMakeFiles/hdf5-shared.dir/H5EAcache.c.o -c /home/byrn/HDF_Projects/hdf5/dev/src/H5EAcache.c
[444/4114] /usr/bin/cc -DH5_BUILT_AS_DYNAMIC_LIB -D_FILE_OFFSET_BITS=64 -D_GNU_SOURCE -D_LARGEFILE_SOURCE -D_POSIX_C_SOURCE=200809L -Dhdf5_shared_EXPORTS -I/home/byrn/HDF_Projects/hdf5/dev/src -I/home/byrn/HDF_Projects/hdf5/dev/src/H5FDsubfiling -I/home/byrn/HDF_Projects/hdf5/build/ci-StdShar-GNUC/src -I/home/byrn/HDF_Projects/hdf5/build/ci-StdShar-GNUC/_deps/hdf5_zlib-build -I/home/byrn/HDF_Projects/hdf5/build/ci-StdShar-GNUC/_deps/hdf5_zlib-src -I/home/byrn/HDF_Projects/hdf5/build/ci-StdShar-GNUC/_deps/szip-build -I/home/byrn/HDF_Projects/hdf5/build/ci-StdShar-GNUC/_deps/szip-src/include -I/home/byrn/HDF_Projects/hdf5/build/ci-StdShar-GNUC/_deps/szip-src -std=c99  -fstdarg-opt -fdiagnostics-urls=never -fno-diagnostics-color -fmessage-length=0 -O2 -g -DNDEBUG -std=gnu99 -fPIC -Wall -Wcast-qual -Wconversion -Wextra -Wfloat-equal -Wformat=2 -Winit-self -Winvalid-pch -Wmissing-include-dirs -Wshadow -Wundef -Wwrite-strings -pedantic -Wno-c++-compat -Wbad-function-cast -Wcast-align -Wformat -Wimplicit-function-declaration -Wint-to-pointer-cast -Wmissing-declarations -Wmissing-prototypes -Wnested-externs -Wold-style-definition -Wpacked -Wpointer-sign -Wpointer-to-int-cast -Wredundant-decls -Wstrict-prototypes -Wswitch -Wunused-but-set-variable -Wunused-variable -Wunused-function -Wunused-parameter -finline-functions -Wno-aggregate-return -Wno-inline -Wno-missing-format-attribute -Wno-missing-noreturn -Wno-overlength-strings -Wlarger-than=2560 -Wlogical-op -Wframe-larger-than=16384 -Wpacked-bitfield-compat -Wsync-nand -Wno-unsuffixed-float-constants -Wdouble-promotion -Wtrampolines -Wstack-usage=8192 -Wmaybe-uninitialized -Wno-jump-misses-init -Wstrict-overflow=2 -Wno-suggest-attribute=const -Wno-suggest-attribute=noreturn -Wno-suggest-attribute=pure -Wno-suggest-attribute=format -Wdate-time -Warray-bounds=2 -Wc99-c11-compat -Wincompatible-pointer-types -Wint-conversion -Wduplicated-cond -Whsa -Wnormalized -Wnull-dereference -Wunused-const-variable -Walloca -Walloc-zero -Wduplicated-branches -Wformat-overflow=2 -Wformat-truncation=1 -Wrestrict -Wattribute-alias -Wshift-overflow=2 -Wcast-function-type -Wcast-align=strict -Wno-suggest-attribute=cold -Wno-suggest-attribute=malloc -Wattribute-alias=2 -Wmissing-profile -Wc11-c2x-compat -MD -MT src/CMakeFiles/hdf5-shared.dir/H5EAdblock.c.o -MF src/CMakeFiles/hdf5-shared.dir/H5EAdblock.c.o.d -o src/CMakeFiles/hdf5-shared.dir/H5EAdblock.c.o -c /home/byrn/HDF_Projects/hdf5/dev/src/H5EAdblock.c
[445/4114] /usr/bin/cc -DH5_BUILT_AS_DYNAMIC_LIB -D_FILE_OFFSET_BITS=64 -D_GNU_SOURCE -D_LARGEFILE_SOURCE -D_POSIX_C_SOURCE=200809L -Dhdf5_shared_EXPORTS -I/home/byrn/HDF_Projects/hdf5/dev/src -I/home/byrn/HDF_Projects/hdf5/dev/src/H5FDsubfiling -I/home/byrn/HDF_Projects/hdf5/build/ci-StdShar-GNUC/src -I/home/byrn/HDF_Projects/hdf5/build/ci-StdShar-GNUC/_deps/hdf5_zlib-build -I/home/byrn/HDF_Projects/hdf5/build/ci-StdShar-GNUC/_deps/hdf5_zlib-src -I/home/byrn/HDF_Projects/hdf5/build/ci-StdShar-GNUC/_deps/szip-build -I/home/byrn/HDF_Projects/hdf5/build/ci-StdShar-GNUC/_deps/szip-src/include -I/home/byrn/HDF_Projects/hdf5/build/ci-StdShar-GNUC/_deps/szip-src -std=c99  -fstdarg-opt -fdiagnostics-urls=never -fno-diagnostics-color -fmessage-length=0 -O2 -g -DNDEBUG -std=gnu99 -fPIC -Wall -Wcast-qual -Wconversion -Wextra -Wfloat-equal -Wformat=2 -Winit-self -Winvalid-pch -Wmissing-include-dirs -Wshadow -Wundef -Wwrite-strings -pedantic -Wno-c++-compat -Wbad-function-cast -Wcast-align -Wformat -Wimplicit-function-declaration -Wint-to-pointer-cast -Wmissing-declarations -Wmissing-prototypes -Wnested-externs -Wold-style-definition -Wpacked -Wpointer-sign -Wpointer-to-int-cast -Wredundant-decls -Wstrict-prototypes -Wswitch -Wunused-but-set-variable -Wunused-variable -Wunused-function -Wunused-parameter -finline-functions -Wno-aggregate-return -Wno-inline -Wno-missing-format-attribute -Wno-missing-noreturn -Wno-overlength-strings -Wlarger-than=2560 -Wlogical-op -Wframe-larger-than=16384 -Wpacked-bitfield-compat -Wsync-nand -Wno-unsuffixed-float-constants -Wdouble-promotion -Wtrampolines -Wstack-usage=8192 -Wmaybe-uninitialized -Wno-jump-misses-init -Wstrict-overflow=2 -Wno-suggest-attribute=const -Wno-suggest-attribute=noreturn -Wno-suggest-attribute=pure -Wno-suggest-attribute=format -Wdate-time -Warray-bounds=2 -Wc99-c11-compat -Wincompatible-pointer-types -Wint-conversion -Wduplicated-cond -Whsa -Wnormalized -Wnull-dereference -Wunused-const-variable -Walloca -Walloc-zero -Wduplicated-branches -Wformat-overflow=2 -Wformat-truncation=1 -Wrestrict -Wattribute-alias -Wshift-overflow=2 -Wcast-function-type -Wcast-align=strict -Wno-suggest-attribute=cold -Wno-suggest-attribute=malloc -Wattribute-alias=2 -Wmissing-profile -Wc11-c2x-compat -MD -MT src/CMakeFiles/hdf5-shared.dir/H5EAint.c.o -MF src/CMakeFiles/hdf5-shared.dir/H5EAint.c.o.d -o src/CMakeFiles/hdf5-shared.dir/H5EAint.c.o -c /home/byrn/HDF_Projects/hdf5/dev/src/H5EAint.c
[446/4114] /usr/bin/cc -DH5_BUILT_AS_DYNAMIC_LIB -D_FILE_OFFSET_BITS=64 -D_GNU_SOURCE -D_LARGEFILE_SOURCE -D_POSIX_C_SOURCE=200809L -Dhdf5_shared_EXPORTS -I/home/byrn/HDF_Projects/hdf5/dev/src -I/home/byrn/HDF_Projects/hdf5/dev/src/H5FDsubfiling -I/home/byrn/HDF_Projects/hdf5/build/ci-StdShar-GNUC/src -I/home/byrn/HDF_Projects/hdf5/build/ci-StdShar-GNUC/_deps/hdf5_zlib-build -I/home/byrn/HDF_Projects/hdf5/build/ci-StdShar-GNUC/_deps/hdf5_zlib-src -I/home/byrn/HDF_Projects/hdf5/build/ci-StdShar-GNUC/_deps/szip-build -I/home/byrn/HDF_Projects/hdf5/build/ci-StdShar-GNUC/_deps/szip-src/include -I/home/byrn/HDF_Projects/hdf5/build/ci-StdShar-GNUC/_deps/szip-src -std=c99  -fstdarg-opt -fdiagnostics-urls=never -fno-diagnostics-color -fmessage-length=0 -O2 -g -DNDEBUG -std=gnu99 -fPIC -Wall -Wcast-qual -Wconversion -Wextra -Wfloat-equal -Wformat=2 -Winit-self -Winvalid-pch -Wmissing-include-dirs -Wshadow -Wundef -Wwrite-strings -pedantic -Wno-c++-compat -Wbad-function-cast -Wcast-align -Wformat -Wimplicit-function-declaration -Wint-to-pointer-cast -Wmissing-declarations -Wmissing-prototypes -Wnested-externs -Wold-style-definition -Wpacked -Wpointer-sign -Wpointer-to-int-cast -Wredundant-decls -Wstrict-prototypes -Wswitch -Wunused-but-set-variable -Wunused-variable -Wunused-function -Wunused-parameter -finline-functions -Wno-aggregate-return -Wno-inline -Wno-missing-format-attribute -Wno-missing-noreturn -Wno-overlength-strings -Wlarger-than=2560 -Wlogical-op -Wframe-larger-than=16384 -Wpacked-bitfield-compat -Wsync-nand -Wno-unsuffixed-float-constants -Wdouble-promotion -Wtrampolines -Wstack-usage=8192 -Wmaybe-uninitialized -Wno-jump-misses-init -Wstrict-overflow=2 -Wno-suggest-attribute=const -Wno-suggest-attribute=noreturn -Wno-suggest-attribute=pure -Wno-suggest-attribute=format -Wdate-time -Warray-bounds=2 -Wc99-c11-compat -Wincompatible-pointer-types -Wint-conversion -Wduplicated-cond -Whsa -Wnormalized -Wnull-dereference -Wunused-const-variable -Walloca -Walloc-zero -Wduplicated-branches -Wformat-overflow=2 -Wformat-truncation=1 -Wrestrict -Wattribute-alias -Wshift-overflow=2 -Wcast-function-type -Wcast-align=strict -Wno-suggest-attribute=cold -Wno-suggest-attribute=malloc -Wattribute-alias=2 -Wmissing-profile -Wc11-c2x-compat -MD -MT src/CMakeFiles/hdf5-shared.dir/H5EAiblock.c.o -MF src/CMakeFiles/hdf5-shared.dir/H5EAiblock.c.o.d -o src/CMakeFiles/hdf5-shared.dir/H5EAiblock.c.o -c /home/byrn/HDF_Projects/hdf5/dev/src/H5EAiblock.c
[447/4114] /usr/bin/cc -DH5_BUILT_AS_DYNAMIC_LIB -D_FILE_OFFSET_BITS=64 -D_GNU_SOURCE -D_LARGEFILE_SOURCE -D_POSIX_C_SOURCE=200809L -Dhdf5_shared_EXPORTS -I/home/byrn/HDF_Projects/hdf5/dev/src -I/home/byrn/HDF_Projects/hdf5/dev/src/H5FDsubfiling -I/home/byrn/HDF_Projects/hdf5/build/ci-StdShar-GNUC/src -I/home/byrn/HDF_Projects/hdf5/build/ci-StdShar-GNUC/_deps/hdf5_zlib-build -I/home/byrn/HDF_Projects/hdf5/build/ci-StdShar-GNUC/_deps/hdf5_zlib-src -I/home/byrn/HDF_Projects/hdf5/build/ci-StdShar-GNUC/_deps/szip-build -I/home/byrn/HDF_Projects/hdf5/build/ci-StdShar-GNUC/_deps/szip-src/include -I/home/byrn/HDF_Projects/hdf5/build/ci-StdShar-GNUC/_deps/szip-src -std=c99  -fstdarg-opt -fdiagnostics-urls=never -fno-diagnostics-color -fmessage-length=0 -O2 -g -DNDEBUG -std=gnu99 -fPIC -Wall -Wcast-qual -Wconversion -Wextra -Wfloat-equal -Wformat=2 -Winit-self -Winvalid-pch -Wmissing-include-dirs -Wshadow -Wundef -Wwrite-strings -pedantic -Wno-c++-compat -Wbad-function-cast -Wcast-align -Wformat -Wimplicit-function-declaration -Wint-to-pointer-cast -Wmissing-declarations -Wmissing-prototypes -Wnested-externs -Wold-style-definition -Wpacked -Wpointer-sign -Wpointer-to-int-cast -Wredundant-decls -Wstrict-prototypes -Wswitch -Wunused-but-set-variable -Wunused-variable -Wunused-function -Wunused-parameter -finline-functions -Wno-aggregate-return -Wno-inline -Wno-missing-format-attribute -Wno-missing-noreturn -Wno-overlength-strings -Wlarger-than=2560 -Wlogical-op -Wframe-larger-than=16384 -Wpacked-bitfield-compat -Wsync-nand -Wno-unsuffixed-float-constants -Wdouble-promotion -Wtrampolines -Wstack-usage=8192 -Wmaybe-uninitialized -Wno-jump-misses-init -Wstrict-overflow=2 -Wno-suggest-attribute=const -Wno-suggest-attribute=noreturn -Wno-suggest-attribute=pure -Wno-suggest-attribute=format -Wdate-time -Warray-bounds=2 -Wc99-c11-compat -Wincompatible-pointer-types -Wint-conversion -Wduplicated-cond -Whsa -Wnormalized -Wnull-dereference -Wunused-const-variable -Walloca -Walloc-zero -Wduplicated-branches -Wformat-overflow=2 -Wformat-truncation=1 -Wrestrict -Wattribute-alias -Wshift-overflow=2 -Wcast-function-type -Wcast-align=strict -Wno-suggest-attribute=cold -Wno-suggest-attribute=malloc -Wattribute-alias=2 -Wmissing-profile -Wc11-c2x-compat -MD -MT src/CMakeFiles/hdf5-shared.dir/H5EAhdr.c.o -MF src/CMakeFiles/hdf5-shared.dir/H5EAhdr.c.o.d -o src/CMakeFiles/hdf5-shared.dir/H5EAhdr.c.o -c /home/byrn/HDF_Projects/hdf5/dev/src/H5EAhdr.c
[448/4114] /usr/bin/cc -DH5_BUILT_AS_DYNAMIC_LIB -D_FILE_OFFSET_BITS=64 -D_GNU_SOURCE -D_LARGEFILE_SOURCE -D_POSIX_C_SOURCE=200809L -Dhdf5_shared_EXPORTS -I/home/byrn/HDF_Projects/hdf5/dev/src -I/home/byrn/HDF_Projects/hdf5/dev/src/H5FDsubfiling -I/home/byrn/HDF_Projects/hdf5/build/ci-StdShar-GNUC/src -I/home/byrn/HDF_Projects/hdf5/build/ci-StdShar-GNUC/_deps/hdf5_zlib-build -I/home/byrn/HDF_Projects/hdf5/build/ci-StdShar-GNUC/_deps/hdf5_zlib-src -I/home/byrn/HDF_Projects/hdf5/build/ci-StdShar-GNUC/_deps/szip-build -I/home/byrn/HDF_Projects/hdf5/build/ci-StdShar-GNUC/_deps/szip-src/include -I/home/byrn/HDF_Projects/hdf5/build/ci-StdShar-GNUC/_deps/szip-src -std=c99  -fstdarg-opt -fdiagnostics-urls=never -fno-diagnostics-color -fmessage-length=0 -O2 -g -DNDEBUG -std=gnu99 -fPIC -Wall -Wcast-qual -Wconversion -Wextra -Wfloat-equal -Wformat=2 -Winit-self -Winvalid-pch -Wmissing-include-dirs -Wshadow -Wundef -Wwrite-strings -pedantic -Wno-c++-compat -Wbad-function-cast -Wcast-align -Wformat -Wimplicit-function-declaration -Wint-to-pointer-cast -Wmissing-declarations -Wmissing-prototypes -Wnested-externs -Wold-style-definition -Wpacked -Wpointer-sign -Wpointer-to-int-cast -Wredundant-decls -Wstrict-prototypes -Wswitch -Wunused-but-set-variable -Wunused-variable -Wunused-function -Wunused-parameter -finline-functions -Wno-aggregate-return -Wno-inline -Wno-missing-format-attribute -Wno-missing-noreturn -Wno-overlength-strings -Wlarger-than=2560 -Wlogical-op -Wframe-larger-than=16384 -Wpacked-bitfield-compat -Wsync-nand -Wno-unsuffixed-float-constants -Wdouble-promotion -Wtrampolines -Wstack-usage=8192 -Wmaybe-uninitialized -Wno-jump-misses-init -Wstrict-overflow=2 -Wno-suggest-attribute=const -Wno-suggest-attribute=noreturn -Wno-suggest-attribute=pure -Wno-suggest-attribute=format -Wdate-time -Warray-bounds=2 -Wc99-c11-compat -Wincompatible-pointer-types -Wint-conversion -Wduplicated-cond -Whsa -Wnormalized -Wnull-dereference -Wunused-const-variable -Walloca -Walloc-zero -Wduplicated-branches -Wformat-overflow=2 -Wformat-truncation=1 -Wrestrict -Wattribute-alias -Wshift-overflow=2 -Wcast-function-type -Wcast-align=strict -Wno-suggest-attribute=cold -Wno-suggest-attribute=malloc -Wattribute-alias=2 -Wmissing-profile -Wc11-c2x-compat -MD -MT src/CMakeFiles/hdf5-shared.dir/H5EAsblock.c.o -MF src/CMakeFiles/hdf5-shared.dir/H5EAsblock.c.o.d -o src/CMakeFiles/hdf5-shared.dir/H5EAsblock.c.o -c /home/byrn/HDF_Projects/hdf5/dev/src/H5EAsblock.c
[449/4114] /usr/bin/cc -DH5_BUILT_AS_DYNAMIC_LIB -D_FILE_OFFSET_BITS=64 -D_GNU_SOURCE -D_LARGEFILE_SOURCE -D_POSIX_C_SOURCE=200809L -Dhdf5_shared_EXPORTS -I/home/byrn/HDF_Projects/hdf5/dev/src -I/home/byrn/HDF_Projects/hdf5/dev/src/H5FDsubfiling -I/home/byrn/HDF_Projects/hdf5/build/ci-StdShar-GNUC/src -I/home/byrn/HDF_Projects/hdf5/build/ci-StdShar-GNUC/_deps/hdf5_zlib-build -I/home/byrn/HDF_Projects/hdf5/build/ci-StdShar-GNUC/_deps/hdf5_zlib-src -I/home/byrn/HDF_Projects/hdf5/build/ci-StdShar-GNUC/_deps/szip-build -I/home/byrn/HDF_Projects/hdf5/build/ci-StdShar-GNUC/_deps/szip-src/include -I/home/byrn/HDF_Projects/hdf5/build/ci-StdShar-GNUC/_deps/szip-src -std=c99  -fstdarg-opt -fdiagnostics-urls=never -fno-diagnostics-color -fmessage-length=0 -O2 -g -DNDEBUG -std=gnu99 -fPIC -Wall -Wcast-qual -Wconversion -Wextra -Wfloat-equal -Wformat=2 -Winit-self -Winvalid-pch -Wmissing-include-dirs -Wshadow -Wundef -Wwrite-strings -pedantic -Wno-c++-compat -Wbad-function-cast -Wcast-align -Wformat -Wimplicit-function-declaration -Wint-to-pointer-cast -Wmissing-declarations -Wmissing-prototypes -Wnested-externs -Wold-style-definition -Wpacked -Wpointer-sign -Wpointer-to-int-cast -Wredundant-decls -Wstrict-prototypes -Wswitch -Wunused-but-set-variable -Wunused-variable -Wunused-function -Wunused-parameter -finline-functions -Wno-aggregate-return -Wno-inline -Wno-missing-format-attribute -Wno-missing-noreturn -Wno-overlength-strings -Wlarger-than=2560 -Wlogical-op -Wframe-larger-than=16384 -Wpacked-bitfield-compat -Wsync-nand -Wno-unsuffixed-float-constants -Wdouble-promotion -Wtrampolines -Wstack-usage=8192 -Wmaybe-uninitialized -Wno-jump-misses-init -Wstrict-overflow=2 -Wno-suggest-attribute=const -Wno-suggest-attribute=noreturn -Wno-suggest-attribute=pure -Wno-suggest-attribute=format -Wdate-time -Warray-bounds=2 -Wc99-c11-compat -Wincompatible-pointer-types -Wint-conversion -Wduplicated-cond -Whsa -Wnormalized -Wnull-dereference -Wunused-const-variable -Walloca -Walloc-zero -Wduplicated-branches -Wformat-overflow=2 -Wformat-truncation=1 -Wrestrict -Wattribute-alias -Wshift-overflow=2 -Wcast-function-type -Wcast-align=strict -Wno-suggest-attribute=cold -Wno-suggest-attribute=malloc -Wattribute-alias=2 -Wmissing-profile -Wc11-c2x-compat -MD -MT src/CMakeFiles/hdf5-shared.dir/H5EAstat.c.o -MF src/CMakeFiles/hdf5-shared.dir/H5EAstat.c.o.d -o src/CMakeFiles/hdf5-shared.dir/H5EAstat.c.o -c /home/byrn/HDF_Projects/hdf5/dev/src/H5EAstat.c
[450/4114] /usr/bin/cc -DH5_BUILT_AS_DYNAMIC_LIB -D_FILE_OFFSET_BITS=64 -D_GNU_SOURCE -D_LARGEFILE_SOURCE -D_POSIX_C_SOURCE=200809L -Dhdf5_shared_EXPORTS -I/home/byrn/HDF_Projects/hdf5/dev/src -I/home/byrn/HDF_Projects/hdf5/dev/src/H5FDsubfiling -I/home/byrn/HDF_Projects/hdf5/build/ci-StdShar-GNUC/src -I/home/byrn/HDF_Projects/hdf5/build/ci-StdShar-GNUC/_deps/hdf5_zlib-build -I/home/byrn/HDF_Projects/hdf5/build/ci-StdShar-GNUC/_deps/hdf5_zlib-src -I/home/byrn/HDF_Projects/hdf5/build/ci-StdShar-GNUC/_deps/szip-build -I/home/byrn/HDF_Projects/hdf5/build/ci-StdShar-GNUC/_deps/szip-src/include -I/home/byrn/HDF_Projects/hdf5/build/ci-StdShar-GNUC/_deps/szip-src -std=c99  -fstdarg-opt -fdiagnostics-urls=never -fno-diagnostics-color -fmessage-length=0 -O2 -g -DNDEBUG -std=gnu99 -fPIC -Wall -Wcast-qual -Wconversion -Wextra -Wfloat-equal -Wformat=2 -Winit-self -Winvalid-pch -Wmissing-include-dirs -Wshadow -Wundef -Wwrite-strings -pedantic -Wno-c++-compat -Wbad-function-cast -Wcast-align -Wformat -Wimplicit-function-declaration -Wint-to-pointer-cast -Wmissing-declarations -Wmissing-prototypes -Wnested-externs -Wold-style-definition -Wpacked -Wpointer-sign -Wpointer-to-int-cast -Wredundant-decls -Wstrict-prototypes -Wswitch -Wunused-but-set-variable -Wunused-variable -Wunused-function -Wunused-parameter -finline-functions -Wno-aggregate-return -Wno-inline -Wno-missing-format-attribute -Wno-missing-noreturn -Wno-overlength-strings -Wlarger-than=2560 -Wlogical-op -Wframe-larger-than=16384 -Wpacked-bitfield-compat -Wsync-nand -Wno-unsuffixed-float-constants -Wdouble-promotion -Wtrampolines -Wstack-usage=8192 -Wmaybe-uninitialized -Wno-jump-misses-init -Wstrict-overflow=2 -Wno-suggest-attribute=const -Wno-suggest-attribute=noreturn -Wno-suggest-attribute=pure -Wno-suggest-attribute=format -Wdate-time -Warray-bounds=2 -Wc99-c11-compat -Wincompatible-pointer-types -Wint-conversion -Wduplicated-cond -Whsa -Wnormalized -Wnull-dereference -Wunused-const-variable -Walloca -Walloc-zero -Wduplicated-branches -Wformat-overflow=2 -Wformat-truncation=1 -Wrestrict -Wattribute-alias -Wshift-overflow=2 -Wcast-function-type -Wcast-align=strict -Wno-suggest-attribute=cold -Wno-suggest-attribute=malloc -Wattribute-alias=2 -Wmissing-profile -Wc11-c2x-compat -MD -MT src/CMakeFiles/hdf5-shared.dir/H5ESevent.c.o -MF src/CMakeFiles/hdf5-shared.dir/H5ESevent.c.o.d -o src/CMakeFiles/hdf5-shared.dir/H5ESevent.c.o -c /home/byrn/HDF_Projects/hdf5/dev/src/H5ESevent.c
[451/4114] /usr/bin/cc -DH5_BUILT_AS_DYNAMIC_LIB -D_FILE_OFFSET_BITS=64 -D_GNU_SOURCE -D_LARGEFILE_SOURCE -D_POSIX_C_SOURCE=200809L -Dhdf5_shared_EXPORTS -I/home/byrn/HDF_Projects/hdf5/dev/src -I/home/byrn/HDF_Projects/hdf5/dev/src/H5FDsubfiling -I/home/byrn/HDF_Projects/hdf5/build/ci-StdShar-GNUC/src -I/home/byrn/HDF_Projects/hdf5/build/ci-StdShar-GNUC/_deps/hdf5_zlib-build -I/home/byrn/HDF_Projects/hdf5/build/ci-StdShar-GNUC/_deps/hdf5_zlib-src -I/home/byrn/HDF_Projects/hdf5/build/ci-StdShar-GNUC/_deps/szip-build -I/home/byrn/HDF_Projects/hdf5/build/ci-StdShar-GNUC/_deps/szip-src/include -I/home/byrn/HDF_Projects/hdf5/build/ci-StdShar-GNUC/_deps/szip-src -std=c99  -fstdarg-opt -fdiagnostics-urls=never -fno-diagnostics-color -fmessage-length=0 -O2 -g -DNDEBUG -std=gnu99 -fPIC -Wall -Wcast-qual -Wconversion -Wextra -Wfloat-equal -Wformat=2 -Winit-self -Winvalid-pch -Wmissing-include-dirs -Wshadow -Wundef -Wwrite-strings -pedantic -Wno-c++-compat -Wbad-function-cast -Wcast-align -Wformat -Wimplicit-function-declaration -Wint-to-pointer-cast -Wmissing-declarations -Wmissing-prototypes -Wnested-externs -Wold-style-definition -Wpacked -Wpointer-sign -Wpointer-to-int-cast -Wredundant-decls -Wstrict-prototypes -Wswitch -Wunused-but-set-variable -Wunused-variable -Wunused-function -Wunused-parameter -finline-functions -Wno-aggregate-return -Wno-inline -Wno-missing-format-attribute -Wno-missing-noreturn -Wno-overlength-strings -Wlarger-than=2560 -Wlogical-op -Wframe-larger-than=16384 -Wpacked-bitfield-compat -Wsync-nand -Wno-unsuffixed-float-constants -Wdouble-promotion -Wtrampolines -Wstack-usage=8192 -Wmaybe-uninitialized -Wno-jump-misses-init -Wstrict-overflow=2 -Wno-suggest-attribute=const -Wno-suggest-attribute=noreturn -Wno-suggest-attribute=pure -Wno-suggest-attribute=format -Wdate-time -Warray-bounds=2 -Wc99-c11-compat -Wincompatible-pointer-types -Wint-conversion -Wduplicated-cond -Whsa -Wnormalized -Wnull-dereference -Wunused-const-variable -Walloca -Walloc-zero -Wduplicated-branches -Wformat-overflow=2 -Wformat-truncation=1 -Wrestrict -Wattribute-alias -Wshift-overflow=2 -Wcast-function-type -Wcast-align=strict -Wno-suggest-attribute=cold -Wno-suggest-attribute=malloc -Wattribute-alias=2 -Wmissing-profile -Wc11-c2x-compat -MD -MT src/CMakeFiles/hdf5-shared.dir/H5EAtest.c.o -MF src/CMakeFiles/hdf5-shared.dir/H5EAtest.c.o.d -o src/CMakeFiles/hdf5-shared.dir/H5EAtest.c.o -c /home/byrn/HDF_Projects/hdf5/dev/src/H5EAtest.c
[452/4114] /usr/bin/cc -DH5_BUILT_AS_DYNAMIC_LIB -D_FILE_OFFSET_BITS=64 -D_GNU_SOURCE -D_LARGEFILE_SOURCE -D_POSIX_C_SOURCE=200809L -Dhdf5_shared_EXPORTS -I/home/byrn/HDF_Projects/hdf5/dev/src -I/home/byrn/HDF_Projects/hdf5/dev/src/H5FDsubfiling -I/home/byrn/HDF_Projects/hdf5/build/ci-StdShar-GNUC/src -I/home/byrn/HDF_Projects/hdf5/build/ci-StdShar-GNUC/_deps/hdf5_zlib-build -I/home/byrn/HDF_Projects/hdf5/build/ci-StdShar-GNUC/_deps/hdf5_zlib-src -I/home/byrn/HDF_Projects/hdf5/build/ci-StdShar-GNUC/_deps/szip-build -I/home/byrn/HDF_Projects/hdf5/build/ci-StdShar-GNUC/_deps/szip-src/include -I/home/byrn/HDF_Projects/hdf5/build/ci-StdShar-GNUC/_deps/szip-src -std=c99  -fstdarg-opt -fdiagnostics-urls=never -fno-diagnostics-color -fmessage-length=0 -O2 -g -DNDEBUG -std=gnu99 -fPIC -Wall -Wcast-qual -Wconversion -Wextra -Wfloat-equal -Wformat=2 -Winit-self -Winvalid-pch -Wmissing-include-dirs -Wshadow -Wundef -Wwrite-strings -pedantic -Wno-c++-compat -Wbad-function-cast -Wcast-align -Wformat -Wimplicit-function-declaration -Wint-to-pointer-cast -Wmissing-declarations -Wmissing-prototypes -Wnested-externs -Wold-style-definition -Wpacked -Wpointer-sign -Wpointer-to-int-cast -Wredundant-decls -Wstrict-prototypes -Wswitch -Wunused-but-set-variable -Wunused-variable -Wunused-function -Wunused-parameter -finline-functions -Wno-aggregate-return -Wno-inline -Wno-missing-format-attribute -Wno-missing-noreturn -Wno-overlength-strings -Wlarger-than=2560 -Wlogical-op -Wframe-larger-than=16384 -Wpacked-bitfield-compat -Wsync-nand -Wno-unsuffixed-float-constants -Wdouble-promotion -Wtrampolines -Wstack-usage=8192 -Wmaybe-uninitialized -Wno-jump-misses-init -Wstrict-overflow=2 -Wno-suggest-attribute=const -Wno-suggest-attribute=noreturn -Wno-suggest-attribute=pure -Wno-suggest-attribute=format -Wdate-time -Warray-bounds=2 -Wc99-c11-compat -Wincompatible-pointer-types -Wint-conversion -Wduplicated-cond -Whsa -Wnormalized -Wnull-dereference -Wunused-const-variable -Walloca -Walloc-zero -Wduplicated-branches -Wformat-overflow=2 -Wformat-truncation=1 -Wrestrict -Wattribute-alias -Wshift-overflow=2 -Wcast-function-type -Wcast-align=strict -Wno-suggest-attribute=cold -Wno-suggest-attribute=malloc -Wattribute-alias=2 -Wmissing-profile -Wc11-c2x-compat -MD -MT src/CMakeFiles/hdf5-shared.dir/H5ESlist.c.o -MF src/CMakeFiles/hdf5-shared.dir/H5ESlist.c.o.d -o src/CMakeFiles/hdf5-shared.dir/H5ESlist.c.o -c /home/byrn/HDF_Projects/hdf5/dev/src/H5ESlist.c
[453/4114] /usr/bin/cc -DH5_BUILT_AS_DYNAMIC_LIB -D_FILE_OFFSET_BITS=64 -D_GNU_SOURCE -D_LARGEFILE_SOURCE -D_POSIX_C_SOURCE=200809L -Dhdf5_shared_EXPORTS -I/home/byrn/HDF_Projects/hdf5/dev/src -I/home/byrn/HDF_Projects/hdf5/dev/src/H5FDsubfiling -I/home/byrn/HDF_Projects/hdf5/build/ci-StdShar-GNUC/src -I/home/byrn/HDF_Projects/hdf5/build/ci-StdShar-GNUC/_deps/hdf5_zlib-build -I/home/byrn/HDF_Projects/hdf5/build/ci-StdShar-GNUC/_deps/hdf5_zlib-src -I/home/byrn/HDF_Projects/hdf5/build/ci-StdShar-GNUC/_deps/szip-build -I/home/byrn/HDF_Projects/hdf5/build/ci-StdShar-GNUC/_deps/szip-src/include -I/home/byrn/HDF_Projects/hdf5/build/ci-StdShar-GNUC/_deps/szip-src -std=c99  -fstdarg-opt -fdiagnostics-urls=never -fno-diagnostics-color -fmessage-length=0 -O2 -g -DNDEBUG -std=gnu99 -fPIC -Wall -Wcast-qual -Wconversion -Wextra -Wfloat-equal -Wformat=2 -Winit-self -Winvalid-pch -Wmissing-include-dirs -Wshadow -Wundef -Wwrite-strings -pedantic -Wno-c++-compat -Wbad-function-cast -Wcast-align -Wformat -Wimplicit-function-declaration -Wint-to-pointer-cast -Wmissing-declarations -Wmissing-prototypes -Wnested-externs -Wold-style-definition -Wpacked -Wpointer-sign -Wpointer-to-int-cast -Wredundant-decls -Wstrict-prototypes -Wswitch -Wunused-but-set-variable -Wunused-variable -Wunused-function -Wunused-parameter -finline-functions -Wno-aggregate-return -Wno-inline -Wno-missing-format-attribute -Wno-missing-noreturn -Wno-overlength-strings -Wlarger-than=2560 -Wlogical-op -Wframe-larger-than=16384 -Wpacked-bitfield-compat -Wsync-nand -Wno-unsuffixed-float-constants -Wdouble-promotion -Wtrampolines -Wstack-usage=8192 -Wmaybe-uninitialized -Wno-jump-misses-init -Wstrict-overflow=2 -Wno-suggest-attribute=const -Wno-suggest-attribute=noreturn -Wno-suggest-attribute=pure -Wno-suggest-attribute=format -Wdate-time -Warray-bounds=2 -Wc99-c11-compat -Wincompatible-pointer-types -Wint-conversion -Wduplicated-cond -Whsa -Wnormalized -Wnull-dereference -Wunused-const-variable -Walloca -Walloc-zero -Wduplicated-branches -Wformat-overflow=2 -Wformat-truncation=1 -Wrestrict -Wattribute-alias -Wshift-overflow=2 -Wcast-function-type -Wcast-align=strict -Wno-suggest-attribute=cold -Wno-suggest-attribute=malloc -Wattribute-alias=2 -Wmissing-profile -Wc11-c2x-compat -MD -MT src/CMakeFiles/hdf5-shared.dir/H5Dchunk.c.o -MF src/CMakeFiles/hdf5-shared.dir/H5Dchunk.c.o.d -o src/CMakeFiles/hdf5-shared.dir/H5Dchunk.c.o -c /home/byrn/HDF_Projects/hdf5/dev/src/H5Dchunk.c
[454/4114] /usr/bin/cc -DH5_BUILT_AS_DYNAMIC_LIB -D_FILE_OFFSET_BITS=64 -D_GNU_SOURCE -D_LARGEFILE_SOURCE -D_POSIX_C_SOURCE=200809L -Dhdf5_shared_EXPORTS -I/home/byrn/HDF_Projects/hdf5/dev/src -I/home/byrn/HDF_Projects/hdf5/dev/src/H5FDsubfiling -I/home/byrn/HDF_Projects/hdf5/build/ci-StdShar-GNUC/src -I/home/byrn/HDF_Projects/hdf5/build/ci-StdShar-GNUC/_deps/hdf5_zlib-build -I/home/byrn/HDF_Projects/hdf5/build/ci-StdShar-GNUC/_deps/hdf5_zlib-src -I/home/byrn/HDF_Projects/hdf5/build/ci-StdShar-GNUC/_deps/szip-build -I/home/byrn/HDF_Projects/hdf5/build/ci-StdShar-GNUC/_deps/szip-src/include -I/home/byrn/HDF_Projects/hdf5/build/ci-StdShar-GNUC/_deps/szip-src -std=c99  -fstdarg-opt -fdiagnostics-urls=never -fno-diagnostics-color -fmessage-length=0 -O2 -g -DNDEBUG -std=gnu99 -fPIC -Wall -Wcast-qual -Wconversion -Wextra -Wfloat-equal -Wformat=2 -Winit-self -Winvalid-pch -Wmissing-include-dirs -Wshadow -Wundef -Wwrite-strings -pedantic -Wno-c++-compat -Wbad-function-cast -Wcast-align -Wformat -Wimplicit-function-declaration -Wint-to-pointer-cast -Wmissing-declarations -Wmissing-prototypes -Wnested-externs -Wold-style-definition -Wpacked -Wpointer-sign -Wpointer-to-int-cast -Wredundant-decls -Wstrict-prototypes -Wswitch -Wunused-but-set-variable -Wunused-variable -Wunused-function -Wunused-parameter -finline-functions -Wno-aggregate-return -Wno-inline -Wno-missing-format-attribute -Wno-missing-noreturn -Wno-overlength-strings -Wlarger-than=2560 -Wlogical-op -Wframe-larger-than=16384 -Wpacked-bitfield-compat -Wsync-nand -Wno-unsuffixed-float-constants -Wdouble-promotion -Wtrampolines -Wstack-usage=8192 -Wmaybe-uninitialized -Wno-jump-misses-init -Wstrict-overflow=2 -Wno-suggest-attribute=const -Wno-suggest-attribute=noreturn -Wno-suggest-attribute=pure -Wno-suggest-attribute=format -Wdate-time -Warray-bounds=2 -Wc99-c11-compat -Wincompatible-pointer-types -Wint-conversion -Wduplicated-cond -Whsa -Wnormalized -Wnull-dereference -Wunused-const-variable -Walloca -Walloc-zero -Wduplicated-branches -Wformat-overflow=2 -Wformat-truncation=1 -Wrestrict -Wattribute-alias -Wshift-overflow=2 -Wcast-function-type -Wcast-align=strict -Wno-suggest-attribute=cold -Wno-suggest-attribute=malloc -Wattribute-alias=2 -Wmissing-profile -Wc11-c2x-compat -MD -MT src/CMakeFiles/hdf5-shared.dir/H5ES.c.o -MF src/CMakeFiles/hdf5-shared.dir/H5ES.c.o.d -o src/CMakeFiles/hdf5-shared.dir/H5ES.c.o -c /home/byrn/HDF_Projects/hdf5/dev/src/H5ES.c
[455/4114] /usr/bin/cc -DH5_BUILT_AS_DYNAMIC_LIB -D_FILE_OFFSET_BITS=64 -D_GNU_SOURCE -D_LARGEFILE_SOURCE -D_POSIX_C_SOURCE=200809L -Dhdf5_shared_EXPORTS -I/home/byrn/HDF_Projects/hdf5/dev/src -I/home/byrn/HDF_Projects/hdf5/dev/src/H5FDsubfiling -I/home/byrn/HDF_Projects/hdf5/build/ci-StdShar-GNUC/src -I/home/byrn/HDF_Projects/hdf5/build/ci-StdShar-GNUC/_deps/hdf5_zlib-build -I/home/byrn/HDF_Projects/hdf5/build/ci-StdShar-GNUC/_deps/hdf5_zlib-src -I/home/byrn/HDF_Projects/hdf5/build/ci-StdShar-GNUC/_deps/szip-build -I/home/byrn/HDF_Projects/hdf5/build/ci-StdShar-GNUC/_deps/szip-src/include -I/home/byrn/HDF_Projects/hdf5/build/ci-StdShar-GNUC/_deps/szip-src -std=c99  -fstdarg-opt -fdiagnostics-urls=never -fno-diagnostics-color -fmessage-length=0 -O2 -g -DNDEBUG -std=gnu99 -fPIC -Wall -Wcast-qual -Wconversion -Wextra -Wfloat-equal -Wformat=2 -Winit-self -Winvalid-pch -Wmissing-include-dirs -Wshadow -Wundef -Wwrite-strings -pedantic -Wno-c++-compat -Wbad-function-cast -Wcast-align -Wformat -Wimplicit-function-declaration -Wint-to-pointer-cast -Wmissing-declarations -Wmissing-prototypes -Wnested-externs -Wold-style-definition -Wpacked -Wpointer-sign -Wpointer-to-int-cast -Wredundant-decls -Wstrict-prototypes -Wswitch -Wunused-but-set-variable -Wunused-variable -Wunused-function -Wunused-parameter -finline-functions -Wno-aggregate-return -Wno-inline -Wno-missing-format-attribute -Wno-missing-noreturn -Wno-overlength-strings -Wlarger-than=2560 -Wlogical-op -Wframe-larger-than=16384 -Wpacked-bitfield-compat -Wsync-nand -Wno-unsuffixed-float-constants -Wdouble-promotion -Wtrampolines -Wstack-usage=8192 -Wmaybe-uninitialized -Wno-jump-misses-init -Wstrict-overflow=2 -Wno-suggest-attribute=const -Wno-suggest-attribute=noreturn -Wno-suggest-attribute=pure -Wno-suggest-attribute=format -Wdate-time -Warray-bounds=2 -Wc99-c11-compat -Wincompatible-pointer-types -Wint-conversion -Wduplicated-cond -Whsa -Wnormalized -Wnull-dereference -Wunused-const-variable -Walloca -Walloc-zero -Wduplicated-branches -Wformat-overflow=2 -Wformat-truncation=1 -Wrestrict -Wattribute-alias -Wshift-overflow=2 -Wcast-function-type -Wcast-align=strict -Wno-suggest-attribute=cold -Wno-suggest-attribute=malloc -Wattribute-alias=2 -Wmissing-profile -Wc11-c2x-compat -MD -MT src/CMakeFiles/hdf5-shared.dir/H5ESint.c.o -MF src/CMakeFiles/hdf5-shared.dir/H5ESint.c.o.d -o src/CMakeFiles/hdf5-shared.dir/H5ESint.c.o -c /home/byrn/HDF_Projects/hdf5/dev/src/H5ESint.c
[456/4114] /usr/bin/cc -DH5_BUILT_AS_DYNAMIC_LIB -D_FILE_OFFSET_BITS=64 -D_GNU_SOURCE -D_LARGEFILE_SOURCE -D_POSIX_C_SOURCE=200809L -Dhdf5_shared_EXPORTS -I/home/byrn/HDF_Projects/hdf5/dev/src -I/home/byrn/HDF_Projects/hdf5/dev/src/H5FDsubfiling -I/home/byrn/HDF_Projects/hdf5/build/ci-StdShar-GNUC/src -I/home/byrn/HDF_Projects/hdf5/build/ci-StdShar-GNUC/_deps/hdf5_zlib-build -I/home/byrn/HDF_Projects/hdf5/build/ci-StdShar-GNUC/_deps/hdf5_zlib-src -I/home/byrn/HDF_Projects/hdf5/build/ci-StdShar-GNUC/_deps/szip-build -I/home/byrn/HDF_Projects/hdf5/build/ci-StdShar-GNUC/_deps/szip-src/include -I/home/byrn/HDF_Projects/hdf5/build/ci-StdShar-GNUC/_deps/szip-src -std=c99  -fstdarg-opt -fdiagnostics-urls=never -fno-diagnostics-color -fmessage-length=0 -O2 -g -DNDEBUG -std=gnu99 -fPIC -Wall -Wcast-qual -Wconversion -Wextra -Wfloat-equal -Wformat=2 -Winit-self -Winvalid-pch -Wmissing-include-dirs -Wshadow -Wundef -Wwrite-strings -pedantic -Wno-c++-compat -Wbad-function-cast -Wcast-align -Wformat -Wimplicit-function-declaration -Wint-to-pointer-cast -Wmissing-declarations -Wmissing-prototypes -Wnested-externs -Wold-style-definition -Wpacked -Wpointer-sign -Wpointer-to-int-cast -Wredundant-decls -Wstrict-prototypes -Wswitch -Wunused-but-set-variable -Wunused-variable -Wunused-function -Wunused-parameter -finline-functions -Wno-aggregate-return -Wno-inline -Wno-missing-format-attribute -Wno-missing-noreturn -Wno-overlength-strings -Wlarger-than=2560 -Wlogical-op -Wframe-larger-than=16384 -Wpacked-bitfield-compat -Wsync-nand -Wno-unsuffixed-float-constants -Wdouble-promotion -Wtrampolines -Wstack-usage=8192 -Wmaybe-uninitialized -Wno-jump-misses-init -Wstrict-overflow=2 -Wno-suggest-attribute=const -Wno-suggest-attribute=noreturn -Wno-suggest-attribute=pure -Wno-suggest-attribute=format -Wdate-time -Warray-bounds=2 -Wc99-c11-compat -Wincompatible-pointer-types -Wint-conversion -Wduplicated-cond -Whsa -Wnormalized -Wnull-dereference -Wunused-const-variable -Walloca -Walloc-zero -Wduplicated-branches -Wformat-overflow=2 -Wformat-truncation=1 -Wrestrict -Wattribute-alias -Wshift-overflow=2 -Wcast-function-type -Wcast-align=strict -Wno-suggest-attribute=cold -Wno-suggest-attribute=malloc -Wattribute-alias=2 -Wmissing-profile -Wc11-c2x-compat -MD -MT src/CMakeFiles/hdf5-shared.dir/H5Fcwfs.c.o -MF src/CMakeFiles/hdf5-shared.dir/H5Fcwfs.c.o.d -o src/CMakeFiles/hdf5-shared.dir/H5Fcwfs.c.o -c /home/byrn/HDF_Projects/hdf5/dev/src/H5Fcwfs.c
[457/4114] /usr/bin/cc -DH5_BUILT_AS_DYNAMIC_LIB -D_FILE_OFFSET_BITS=64 -D_GNU_SOURCE -D_LARGEFILE_SOURCE -D_POSIX_C_SOURCE=200809L -Dhdf5_shared_EXPORTS -I/home/byrn/HDF_Projects/hdf5/dev/src -I/home/byrn/HDF_Projects/hdf5/dev/src/H5FDsubfiling -I/home/byrn/HDF_Projects/hdf5/build/ci-StdShar-GNUC/src -I/home/byrn/HDF_Projects/hdf5/build/ci-StdShar-GNUC/_deps/hdf5_zlib-build -I/home/byrn/HDF_Projects/hdf5/build/ci-StdShar-GNUC/_deps/hdf5_zlib-src -I/home/byrn/HDF_Projects/hdf5/build/ci-StdShar-GNUC/_deps/szip-build -I/home/byrn/HDF_Projects/hdf5/build/ci-StdShar-GNUC/_deps/szip-src/include -I/home/byrn/HDF_Projects/hdf5/build/ci-StdShar-GNUC/_deps/szip-src -std=c99  -fstdarg-opt -fdiagnostics-urls=never -fno-diagnostics-color -fmessage-length=0 -O2 -g -DNDEBUG -std=gnu99 -fPIC -Wall -Wcast-qual -Wconversion -Wextra -Wfloat-equal -Wformat=2 -Winit-self -Winvalid-pch -Wmissing-include-dirs -Wshadow -Wundef -Wwrite-strings -pedantic -Wno-c++-compat -Wbad-function-cast -Wcast-align -Wformat -Wimplicit-function-declaration -Wint-to-pointer-cast -Wmissing-declarations -Wmissing-prototypes -Wnested-externs -Wold-style-definition -Wpacked -Wpointer-sign -Wpointer-to-int-cast -Wredundant-decls -Wstrict-prototypes -Wswitch -Wunused-but-set-variable -Wunused-variable -Wunused-function -Wunused-parameter -finline-functions -Wno-aggregate-return -Wno-inline -Wno-missing-format-attribute -Wno-missing-noreturn -Wno-overlength-strings -Wlarger-than=2560 -Wlogical-op -Wframe-larger-than=16384 -Wpacked-bitfield-compat -Wsync-nand -Wno-unsuffixed-float-constants -Wdouble-promotion -Wtrampolines -Wstack-usage=8192 -Wmaybe-uninitialized -Wno-jump-misses-init -Wstrict-overflow=2 -Wno-suggest-attribute=const -Wno-suggest-attribute=noreturn -Wno-suggest-attribute=pure -Wno-suggest-attribute=format -Wdate-time -Warray-bounds=2 -Wc99-c11-compat -Wincompatible-pointer-types -Wint-conversion -Wduplicated-cond -Whsa -Wnormalized -Wnull-dereference -Wunused-const-variable -Walloca -Walloc-zero -Wduplicated-branches -Wformat-overflow=2 -Wformat-truncation=1 -Wrestrict -Wattribute-alias -Wshift-overflow=2 -Wcast-function-type -Wcast-align=strict -Wno-suggest-attribute=cold -Wno-suggest-attribute=malloc -Wattribute-alias=2 -Wmissing-profile -Wc11-c2x-compat -MD -MT src/CMakeFiles/hdf5-shared.dir/H5Fdbg.c.o -MF src/CMakeFiles/hdf5-shared.dir/H5Fdbg.c.o.d -o src/CMakeFiles/hdf5-shared.dir/H5Fdbg.c.o -c /home/byrn/HDF_Projects/hdf5/dev/src/H5Fdbg.c
[458/4114] /usr/bin/cc -DH5_BUILT_AS_DYNAMIC_LIB -D_FILE_OFFSET_BITS=64 -D_GNU_SOURCE -D_LARGEFILE_SOURCE -D_POSIX_C_SOURCE=200809L -Dhdf5_shared_EXPORTS -I/home/byrn/HDF_Projects/hdf5/dev/src -I/home/byrn/HDF_Projects/hdf5/dev/src/H5FDsubfiling -I/home/byrn/HDF_Projects/hdf5/build/ci-StdShar-GNUC/src -I/home/byrn/HDF_Projects/hdf5/build/ci-StdShar-GNUC/_deps/hdf5_zlib-build -I/home/byrn/HDF_Projects/hdf5/build/ci-StdShar-GNUC/_deps/hdf5_zlib-src -I/home/byrn/HDF_Projects/hdf5/build/ci-StdShar-GNUC/_deps/szip-build -I/home/byrn/HDF_Projects/hdf5/build/ci-StdShar-GNUC/_deps/szip-src/include -I/home/byrn/HDF_Projects/hdf5/build/ci-StdShar-GNUC/_deps/szip-src -std=c99  -fstdarg-opt -fdiagnostics-urls=never -fno-diagnostics-color -fmessage-length=0 -O2 -g -DNDEBUG -std=gnu99 -fPIC -Wall -Wcast-qual -Wconversion -Wextra -Wfloat-equal -Wformat=2 -Winit-self -Winvalid-pch -Wmissing-include-dirs -Wshadow -Wundef -Wwrite-strings -pedantic -Wno-c++-compat -Wbad-function-cast -Wcast-align -Wformat -Wimplicit-function-declaration -Wint-to-pointer-cast -Wmissing-declarations -Wmissing-prototypes -Wnested-externs -Wold-style-definition -Wpacked -Wpointer-sign -Wpointer-to-int-cast -Wredundant-decls -Wstrict-prototypes -Wswitch -Wunused-but-set-variable -Wunused-variable -Wunused-function -Wunused-parameter -finline-functions -Wno-aggregate-return -Wno-inline -Wno-missing-format-attribute -Wno-missing-noreturn -Wno-overlength-strings -Wlarger-than=2560 -Wlogical-op -Wframe-larger-than=16384 -Wpacked-bitfield-compat -Wsync-nand -Wno-unsuffixed-float-constants -Wdouble-promotion -Wtrampolines -Wstack-usage=8192 -Wmaybe-uninitialized -Wno-jump-misses-init -Wstrict-overflow=2 -Wno-suggest-attribute=const -Wno-suggest-attribute=noreturn -Wno-suggest-attribute=pure -Wno-suggest-attribute=format -Wdate-time -Warray-bounds=2 -Wc99-c11-compat -Wincompatible-pointer-types -Wint-conversion -Wduplicated-cond -Whsa -Wnormalized -Wnull-dereference -Wunused-const-variable -Walloca -Walloc-zero -Wduplicated-branches -Wformat-overflow=2 -Wformat-truncation=1 -Wrestrict -Wattribute-alias -Wshift-overflow=2 -Wcast-function-type -Wcast-align=strict -Wno-suggest-attribute=cold -Wno-suggest-attribute=malloc -Wattribute-alias=2 -Wmissing-profile -Wc11-c2x-compat -MD -MT src/CMakeFiles/hdf5-shared.dir/H5Fdeprec.c.o -MF src/CMakeFiles/hdf5-shared.dir/H5Fdeprec.c.o.d -o src/CMakeFiles/hdf5-shared.dir/H5Fdeprec.c.o -c /home/byrn/HDF_Projects/hdf5/dev/src/H5Fdeprec.c
[459/4114] /usr/bin/cc -DH5_BUILT_AS_DYNAMIC_LIB -D_FILE_OFFSET_BITS=64 -D_GNU_SOURCE -D_LARGEFILE_SOURCE -D_POSIX_C_SOURCE=200809L -Dhdf5_shared_EXPORTS -I/home/byrn/HDF_Projects/hdf5/dev/src -I/home/byrn/HDF_Projects/hdf5/dev/src/H5FDsubfiling -I/home/byrn/HDF_Projects/hdf5/build/ci-StdShar-GNUC/src -I/home/byrn/HDF_Projects/hdf5/build/ci-StdShar-GNUC/_deps/hdf5_zlib-build -I/home/byrn/HDF_Projects/hdf5/build/ci-StdShar-GNUC/_deps/hdf5_zlib-src -I/home/byrn/HDF_Projects/hdf5/build/ci-StdShar-GNUC/_deps/szip-build -I/home/byrn/HDF_Projects/hdf5/build/ci-StdShar-GNUC/_deps/szip-src/include -I/home/byrn/HDF_Projects/hdf5/build/ci-StdShar-GNUC/_deps/szip-src -std=c99  -fstdarg-opt -fdiagnostics-urls=never -fno-diagnostics-color -fmessage-length=0 -O2 -g -DNDEBUG -std=gnu99 -fPIC -Wall -Wcast-qual -Wconversion -Wextra -Wfloat-equal -Wformat=2 -Winit-self -Winvalid-pch -Wmissing-include-dirs -Wshadow -Wundef -Wwrite-strings -pedantic -Wno-c++-compat -Wbad-function-cast -Wcast-align -Wformat -Wimplicit-function-declaration -Wint-to-pointer-cast -Wmissing-declarations -Wmissing-prototypes -Wnested-externs -Wold-style-definition -Wpacked -Wpointer-sign -Wpointer-to-int-cast -Wredundant-decls -Wstrict-prototypes -Wswitch -Wunused-but-set-variable -Wunused-variable -Wunused-function -Wunused-parameter -finline-functions -Wno-aggregate-return -Wno-inline -Wno-missing-format-attribute -Wno-missing-noreturn -Wno-overlength-strings -Wlarger-than=2560 -Wlogical-op -Wframe-larger-than=16384 -Wpacked-bitfield-compat -Wsync-nand -Wno-unsuffixed-float-constants -Wdouble-promotion -Wtrampolines -Wstack-usage=8192 -Wmaybe-uninitialized -Wno-jump-misses-init -Wstrict-overflow=2 -Wno-suggest-attribute=const -Wno-suggest-attribute=noreturn -Wno-suggest-attribute=pure -Wno-suggest-attribute=format -Wdate-time -Warray-bounds=2 -Wc99-c11-compat -Wincompatible-pointer-types -Wint-conversion -Wduplicated-cond -Whsa -Wnormalized -Wnull-dereference -Wunused-const-variable -Walloca -Walloc-zero -Wduplicated-branches -Wformat-overflow=2 -Wformat-truncation=1 -Wrestrict -Wattribute-alias -Wshift-overflow=2 -Wcast-function-type -Wcast-align=strict -Wno-suggest-attribute=cold -Wno-suggest-attribute=malloc -Wattribute-alias=2 -Wmissing-profile -Wc11-c2x-compat -MD -MT src/CMakeFiles/hdf5-shared.dir/H5Faccum.c.o -MF src/CMakeFiles/hdf5-shared.dir/H5Faccum.c.o.d -o src/CMakeFiles/hdf5-shared.dir/H5Faccum.c.o -c /home/byrn/HDF_Projects/hdf5/dev/src/H5Faccum.c
[460/4114] /usr/bin/cc -DH5_BUILT_AS_DYNAMIC_LIB -D_FILE_OFFSET_BITS=64 -D_GNU_SOURCE -D_LARGEFILE_SOURCE -D_POSIX_C_SOURCE=200809L -Dhdf5_shared_EXPORTS -I/home/byrn/HDF_Projects/hdf5/dev/src -I/home/byrn/HDF_Projects/hdf5/dev/src/H5FDsubfiling -I/home/byrn/HDF_Projects/hdf5/build/ci-StdShar-GNUC/src -I/home/byrn/HDF_Projects/hdf5/build/ci-StdShar-GNUC/_deps/hdf5_zlib-build -I/home/byrn/HDF_Projects/hdf5/build/ci-StdShar-GNUC/_deps/hdf5_zlib-src -I/home/byrn/HDF_Projects/hdf5/build/ci-StdShar-GNUC/_deps/szip-build -I/home/byrn/HDF_Projects/hdf5/build/ci-StdShar-GNUC/_deps/szip-src/include -I/home/byrn/HDF_Projects/hdf5/build/ci-StdShar-GNUC/_deps/szip-src -std=c99  -fstdarg-opt -fdiagnostics-urls=never -fno-diagnostics-color -fmessage-length=0 -O2 -g -DNDEBUG -std=gnu99 -fPIC -Wall -Wcast-qual -Wconversion -Wextra -Wfloat-equal -Wformat=2 -Winit-self -Winvalid-pch -Wmissing-include-dirs -Wshadow -Wundef -Wwrite-strings -pedantic -Wno-c++-compat -Wbad-function-cast -Wcast-align -Wformat -Wimplicit-function-declaration -Wint-to-pointer-cast -Wmissing-declarations -Wmissing-prototypes -Wnested-externs -Wold-style-definition -Wpacked -Wpointer-sign -Wpointer-to-int-cast -Wredundant-decls -Wstrict-prototypes -Wswitch -Wunused-but-set-variable -Wunused-variable -Wunused-function -Wunused-parameter -finline-functions -Wno-aggregate-return -Wno-inline -Wno-missing-format-attribute -Wno-missing-noreturn -Wno-overlength-strings -Wlarger-than=2560 -Wlogical-op -Wframe-larger-than=16384 -Wpacked-bitfield-compat -Wsync-nand -Wno-unsuffixed-float-constants -Wdouble-promotion -Wtrampolines -Wstack-usage=8192 -Wmaybe-uninitialized -Wno-jump-misses-init -Wstrict-overflow=2 -Wno-suggest-attribute=const -Wno-suggest-attribute=noreturn -Wno-suggest-attribute=pure -Wno-suggest-attribute=format -Wdate-time -Warray-bounds=2 -Wc99-c11-compat -Wincompatible-pointer-types -Wint-conversion -Wduplicated-cond -Whsa -Wnormalized -Wnull-dereference -Wunused-const-variable -Walloca -Walloc-zero -Wduplicated-branches -Wformat-overflow=2 -Wformat-truncation=1 -Wrestrict -Wattribute-alias -Wshift-overflow=2 -Wcast-function-type -Wcast-align=strict -Wno-suggest-attribute=cold -Wno-suggest-attribute=malloc -Wattribute-alias=2 -Wmissing-profile -Wc11-c2x-compat -MD -MT src/CMakeFiles/hdf5-shared.dir/H5Ffake.c.o -MF src/CMakeFiles/hdf5-shared.dir/H5Ffake.c.o.d -o src/CMakeFiles/hdf5-shared.dir/H5Ffake.c.o -c /home/byrn/HDF_Projects/hdf5/dev/src/H5Ffake.c
[461/4114] /usr/bin/cc -DH5_BUILT_AS_DYNAMIC_LIB -D_FILE_OFFSET_BITS=64 -D_GNU_SOURCE -D_LARGEFILE_SOURCE -D_POSIX_C_SOURCE=200809L -Dhdf5_shared_EXPORTS -I/home/byrn/HDF_Projects/hdf5/dev/src -I/home/byrn/HDF_Projects/hdf5/dev/src/H5FDsubfiling -I/home/byrn/HDF_Projects/hdf5/build/ci-StdShar-GNUC/src -I/home/byrn/HDF_Projects/hdf5/build/ci-StdShar-GNUC/_deps/hdf5_zlib-build -I/home/byrn/HDF_Projects/hdf5/build/ci-StdShar-GNUC/_deps/hdf5_zlib-src -I/home/byrn/HDF_Projects/hdf5/build/ci-StdShar-GNUC/_deps/szip-build -I/home/byrn/HDF_Projects/hdf5/build/ci-StdShar-GNUC/_deps/szip-src/include -I/home/byrn/HDF_Projects/hdf5/build/ci-StdShar-GNUC/_deps/szip-src -std=c99  -fstdarg-opt -fdiagnostics-urls=never -fno-diagnostics-color -fmessage-length=0 -O2 -g -DNDEBUG -std=gnu99 -fPIC -Wall -Wcast-qual -Wconversion -Wextra -Wfloat-equal -Wformat=2 -Winit-self -Winvalid-pch -Wmissing-include-dirs -Wshadow -Wundef -Wwrite-strings -pedantic -Wno-c++-compat -Wbad-function-cast -Wcast-align -Wformat -Wimplicit-function-declaration -Wint-to-pointer-cast -Wmissing-declarations -Wmissing-prototypes -Wnested-externs -Wold-style-definition -Wpacked -Wpointer-sign -Wpointer-to-int-cast -Wredundant-decls -Wstrict-prototypes -Wswitch -Wunused-but-set-variable -Wunused-variable -Wunused-function -Wunused-parameter -finline-functions -Wno-aggregate-return -Wno-inline -Wno-missing-format-attribute -Wno-missing-noreturn -Wno-overlength-strings -Wlarger-than=2560 -Wlogical-op -Wframe-larger-than=16384 -Wpacked-bitfield-compat -Wsync-nand -Wno-unsuffixed-float-constants -Wdouble-promotion -Wtrampolines -Wstack-usage=8192 -Wmaybe-uninitialized -Wno-jump-misses-init -Wstrict-overflow=2 -Wno-suggest-attribute=const -Wno-suggest-attribute=noreturn -Wno-suggest-attribute=pure -Wno-suggest-attribute=format -Wdate-time -Warray-bounds=2 -Wc99-c11-compat -Wincompatible-pointer-types -Wint-conversion -Wduplicated-cond -Whsa -Wnormalized -Wnull-dereference -Wunused-const-variable -Walloca -Walloc-zero -Wduplicated-branches -Wformat-overflow=2 -Wformat-truncation=1 -Wrestrict -Wattribute-alias -Wshift-overflow=2 -Wcast-function-type -Wcast-align=strict -Wno-suggest-attribute=cold -Wno-suggest-attribute=malloc -Wattribute-alias=2 -Wmissing-profile -Wc11-c2x-compat -MD -MT src/CMakeFiles/hdf5-shared.dir/H5Fefc.c.o -MF src/CMakeFiles/hdf5-shared.dir/H5Fefc.c.o.d -o src/CMakeFiles/hdf5-shared.dir/H5Fefc.c.o -c /home/byrn/HDF_Projects/hdf5/dev/src/H5Fefc.c
[462/4114] /usr/bin/cc -DH5_BUILT_AS_DYNAMIC_LIB -D_FILE_OFFSET_BITS=64 -D_GNU_SOURCE -D_LARGEFILE_SOURCE -D_POSIX_C_SOURCE=200809L -Dhdf5_shared_EXPORTS -I/home/byrn/HDF_Projects/hdf5/dev/src -I/home/byrn/HDF_Projects/hdf5/dev/src/H5FDsubfiling -I/home/byrn/HDF_Projects/hdf5/build/ci-StdShar-GNUC/src -I/home/byrn/HDF_Projects/hdf5/build/ci-StdShar-GNUC/_deps/hdf5_zlib-build -I/home/byrn/HDF_Projects/hdf5/build/ci-StdShar-GNUC/_deps/hdf5_zlib-src -I/home/byrn/HDF_Projects/hdf5/build/ci-StdShar-GNUC/_deps/szip-build -I/home/byrn/HDF_Projects/hdf5/build/ci-StdShar-GNUC/_deps/szip-src/include -I/home/byrn/HDF_Projects/hdf5/build/ci-StdShar-GNUC/_deps/szip-src -std=c99  -fstdarg-opt -fdiagnostics-urls=never -fno-diagnostics-color -fmessage-length=0 -O2 -g -DNDEBUG -std=gnu99 -fPIC -Wall -Wcast-qual -Wconversion -Wextra -Wfloat-equal -Wformat=2 -Winit-self -Winvalid-pch -Wmissing-include-dirs -Wshadow -Wundef -Wwrite-strings -pedantic -Wno-c++-compat -Wbad-function-cast -Wcast-align -Wformat -Wimplicit-function-declaration -Wint-to-pointer-cast -Wmissing-declarations -Wmissing-prototypes -Wnested-externs -Wold-style-definition -Wpacked -Wpointer-sign -Wpointer-to-int-cast -Wredundant-decls -Wstrict-prototypes -Wswitch -Wunused-but-set-variable -Wunused-variable -Wunused-function -Wunused-parameter -finline-functions -Wno-aggregate-return -Wno-inline -Wno-missing-format-attribute -Wno-missing-noreturn -Wno-overlength-strings -Wlarger-than=2560 -Wlogical-op -Wframe-larger-than=16384 -Wpacked-bitfield-compat -Wsync-nand -Wno-unsuffixed-float-constants -Wdouble-promotion -Wtrampolines -Wstack-usage=8192 -Wmaybe-uninitialized -Wno-jump-misses-init -Wstrict-overflow=2 -Wno-suggest-attribute=const -Wno-suggest-attribute=noreturn -Wno-suggest-attribute=pure -Wno-suggest-attribute=format -Wdate-time -Warray-bounds=2 -Wc99-c11-compat -Wincompatible-pointer-types -Wint-conversion -Wduplicated-cond -Whsa -Wnormalized -Wnull-dereference -Wunused-const-variable -Walloca -Walloc-zero -Wduplicated-branches -Wformat-overflow=2 -Wformat-truncation=1 -Wrestrict -Wattribute-alias -Wshift-overflow=2 -Wcast-function-type -Wcast-align=strict -Wno-suggest-attribute=cold -Wno-suggest-attribute=malloc -Wattribute-alias=2 -Wmissing-profile -Wc11-c2x-compat -MD -MT src/CMakeFiles/hdf5-shared.dir/H5Fmpi.c.o -MF src/CMakeFiles/hdf5-shared.dir/H5Fmpi.c.o.d -o src/CMakeFiles/hdf5-shared.dir/H5Fmpi.c.o -c /home/byrn/HDF_Projects/hdf5/dev/src/H5Fmpi.c
[463/4114] /usr/bin/cc -DH5_BUILT_AS_DYNAMIC_LIB -D_FILE_OFFSET_BITS=64 -D_GNU_SOURCE -D_LARGEFILE_SOURCE -D_POSIX_C_SOURCE=200809L -Dhdf5_shared_EXPORTS -I/home/byrn/HDF_Projects/hdf5/dev/src -I/home/byrn/HDF_Projects/hdf5/dev/src/H5FDsubfiling -I/home/byrn/HDF_Projects/hdf5/build/ci-StdShar-GNUC/src -I/home/byrn/HDF_Projects/hdf5/build/ci-StdShar-GNUC/_deps/hdf5_zlib-build -I/home/byrn/HDF_Projects/hdf5/build/ci-StdShar-GNUC/_deps/hdf5_zlib-src -I/home/byrn/HDF_Projects/hdf5/build/ci-StdShar-GNUC/_deps/szip-build -I/home/byrn/HDF_Projects/hdf5/build/ci-StdShar-GNUC/_deps/szip-src/include -I/home/byrn/HDF_Projects/hdf5/build/ci-StdShar-GNUC/_deps/szip-src -std=c99  -fstdarg-opt -fdiagnostics-urls=never -fno-diagnostics-color -fmessage-length=0 -O2 -g -DNDEBUG -std=gnu99 -fPIC -Wall -Wcast-qual -Wconversion -Wextra -Wfloat-equal -Wformat=2 -Winit-self -Winvalid-pch -Wmissing-include-dirs -Wshadow -Wundef -Wwrite-strings -pedantic -Wno-c++-compat -Wbad-function-cast -Wcast-align -Wformat -Wimplicit-function-declaration -Wint-to-pointer-cast -Wmissing-declarations -Wmissing-prototypes -Wnested-externs -Wold-style-definition -Wpacked -Wpointer-sign -Wpointer-to-int-cast -Wredundant-decls -Wstrict-prototypes -Wswitch -Wunused-but-set-variable -Wunused-variable -Wunused-function -Wunused-parameter -finline-functions -Wno-aggregate-return -Wno-inline -Wno-missing-format-attribute -Wno-missing-noreturn -Wno-overlength-strings -Wlarger-than=2560 -Wlogical-op -Wframe-larger-than=16384 -Wpacked-bitfield-compat -Wsync-nand -Wno-unsuffixed-float-constants -Wdouble-promotion -Wtrampolines -Wstack-usage=8192 -Wmaybe-uninitialized -Wno-jump-misses-init -Wstrict-overflow=2 -Wno-suggest-attribute=const -Wno-suggest-attribute=noreturn -Wno-suggest-attribute=pure -Wno-suggest-attribute=format -Wdate-time -Warray-bounds=2 -Wc99-c11-compat -Wincompatible-pointer-types -Wint-conversion -Wduplicated-cond -Whsa -Wnormalized -Wnull-dereference -Wunused-const-variable -Walloca -Walloc-zero -Wduplicated-branches -Wformat-overflow=2 -Wformat-truncation=1 -Wrestrict -Wattribute-alias -Wshift-overflow=2 -Wcast-function-type -Wcast-align=strict -Wno-suggest-attribute=cold -Wno-suggest-attribute=malloc -Wattribute-alias=2 -Wmissing-profile -Wc11-c2x-compat -MD -MT src/CMakeFiles/hdf5-shared.dir/H5Fio.c.o -MF src/CMakeFiles/hdf5-shared.dir/H5Fio.c.o.d -o src/CMakeFiles/hdf5-shared.dir/H5Fio.c.o -c /home/byrn/HDF_Projects/hdf5/dev/src/H5Fio.c
[464/4114] /usr/bin/cc -DH5_BUILT_AS_DYNAMIC_LIB -D_FILE_OFFSET_BITS=64 -D_GNU_SOURCE -D_LARGEFILE_SOURCE -D_POSIX_C_SOURCE=200809L -Dhdf5_shared_EXPORTS -I/home/byrn/HDF_Projects/hdf5/dev/src -I/home/byrn/HDF_Projects/hdf5/dev/src/H5FDsubfiling -I/home/byrn/HDF_Projects/hdf5/build/ci-StdShar-GNUC/src -I/home/byrn/HDF_Projects/hdf5/build/ci-StdShar-GNUC/_deps/hdf5_zlib-build -I/home/byrn/HDF_Projects/hdf5/build/ci-StdShar-GNUC/_deps/hdf5_zlib-src -I/home/byrn/HDF_Projects/hdf5/build/ci-StdShar-GNUC/_deps/szip-build -I/home/byrn/HDF_Projects/hdf5/build/ci-StdShar-GNUC/_deps/szip-src/include -I/home/byrn/HDF_Projects/hdf5/build/ci-StdShar-GNUC/_deps/szip-src -std=c99  -fstdarg-opt -fdiagnostics-urls=never -fno-diagnostics-color -fmessage-length=0 -O2 -g -DNDEBUG -std=gnu99 -fPIC -Wall -Wcast-qual -Wconversion -Wextra -Wfloat-equal -Wformat=2 -Winit-self -Winvalid-pch -Wmissing-include-dirs -Wshadow -Wundef -Wwrite-strings -pedantic -Wno-c++-compat -Wbad-function-cast -Wcast-align -Wformat -Wimplicit-function-declaration -Wint-to-pointer-cast -Wmissing-declarations -Wmissing-prototypes -Wnested-externs -Wold-style-definition -Wpacked -Wpointer-sign -Wpointer-to-int-cast -Wredundant-decls -Wstrict-prototypes -Wswitch -Wunused-but-set-variable -Wunused-variable -Wunused-function -Wunused-parameter -finline-functions -Wno-aggregate-return -Wno-inline -Wno-missing-format-attribute -Wno-missing-noreturn -Wno-overlength-strings -Wlarger-than=2560 -Wlogical-op -Wframe-larger-than=16384 -Wpacked-bitfield-compat -Wsync-nand -Wno-unsuffixed-float-constants -Wdouble-promotion -Wtrampolines -Wstack-usage=8192 -Wmaybe-uninitialized -Wno-jump-misses-init -Wstrict-overflow=2 -Wno-suggest-attribute=const -Wno-suggest-attribute=noreturn -Wno-suggest-attribute=pure -Wno-suggest-attribute=format -Wdate-time -Warray-bounds=2 -Wc99-c11-compat -Wincompatible-pointer-types -Wint-conversion -Wduplicated-cond -Whsa -Wnormalized -Wnull-dereference -Wunused-const-variable -Walloca -Walloc-zero -Wduplicated-branches -Wformat-overflow=2 -Wformat-truncation=1 -Wrestrict -Wattribute-alias -Wshift-overflow=2 -Wcast-function-type -Wcast-align=strict -Wno-suggest-attribute=cold -Wno-suggest-attribute=malloc -Wattribute-alias=2 -Wmissing-profile -Wc11-c2x-compat -MD -MT src/CMakeFiles/hdf5-shared.dir/H5Fmount.c.o -MF src/CMakeFiles/hdf5-shared.dir/H5Fmount.c.o.d -o src/CMakeFiles/hdf5-shared.dir/H5Fmount.c.o -c /home/byrn/HDF_Projects/hdf5/dev/src/H5Fmount.c
[465/4114] /usr/bin/cc -DH5_BUILT_AS_DYNAMIC_LIB -D_FILE_OFFSET_BITS=64 -D_GNU_SOURCE -D_LARGEFILE_SOURCE -D_POSIX_C_SOURCE=200809L -Dhdf5_shared_EXPORTS -I/home/byrn/HDF_Projects/hdf5/dev/src -I/home/byrn/HDF_Projects/hdf5/dev/src/H5FDsubfiling -I/home/byrn/HDF_Projects/hdf5/build/ci-StdShar-GNUC/src -I/home/byrn/HDF_Projects/hdf5/build/ci-StdShar-GNUC/_deps/hdf5_zlib-build -I/home/byrn/HDF_Projects/hdf5/build/ci-StdShar-GNUC/_deps/hdf5_zlib-src -I/home/byrn/HDF_Projects/hdf5/build/ci-StdShar-GNUC/_deps/szip-build -I/home/byrn/HDF_Projects/hdf5/build/ci-StdShar-GNUC/_deps/szip-src/include -I/home/byrn/HDF_Projects/hdf5/build/ci-StdShar-GNUC/_deps/szip-src -std=c99  -fstdarg-opt -fdiagnostics-urls=never -fno-diagnostics-color -fmessage-length=0 -O2 -g -DNDEBUG -std=gnu99 -fPIC -Wall -Wcast-qual -Wconversion -Wextra -Wfloat-equal -Wformat=2 -Winit-self -Winvalid-pch -Wmissing-include-dirs -Wshadow -Wundef -Wwrite-strings -pedantic -Wno-c++-compat -Wbad-function-cast -Wcast-align -Wformat -Wimplicit-function-declaration -Wint-to-pointer-cast -Wmissing-declarations -Wmissing-prototypes -Wnested-externs -Wold-style-definition -Wpacked -Wpointer-sign -Wpointer-to-int-cast -Wredundant-decls -Wstrict-prototypes -Wswitch -Wunused-but-set-variable -Wunused-variable -Wunused-function -Wunused-parameter -finline-functions -Wno-aggregate-return -Wno-inline -Wno-missing-format-attribute -Wno-missing-noreturn -Wno-overlength-strings -Wlarger-than=2560 -Wlogical-op -Wframe-larger-than=16384 -Wpacked-bitfield-compat -Wsync-nand -Wno-unsuffixed-float-constants -Wdouble-promotion -Wtrampolines -Wstack-usage=8192 -Wmaybe-uninitialized -Wno-jump-misses-init -Wstrict-overflow=2 -Wno-suggest-attribute=const -Wno-suggest-attribute=noreturn -Wno-suggest-attribute=pure -Wno-suggest-attribute=format -Wdate-time -Warray-bounds=2 -Wc99-c11-compat -Wincompatible-pointer-types -Wint-conversion -Wduplicated-cond -Whsa -Wnormalized -Wnull-dereference -Wunused-const-variable -Walloca -Walloc-zero -Wduplicated-branches -Wformat-overflow=2 -Wformat-truncation=1 -Wrestrict -Wattribute-alias -Wshift-overflow=2 -Wcast-function-type -Wcast-align=strict -Wno-suggest-attribute=cold -Wno-suggest-attribute=malloc -Wattribute-alias=2 -Wmissing-profile -Wc11-c2x-compat -MD -MT src/CMakeFiles/hdf5-shared.dir/H5Fquery.c.o -MF src/CMakeFiles/hdf5-shared.dir/H5Fquery.c.o.d -o src/CMakeFiles/hdf5-shared.dir/H5Fquery.c.o -c /home/byrn/HDF_Projects/hdf5/dev/src/H5Fquery.c
[466/4114] /usr/bin/cc -DH5_BUILT_AS_DYNAMIC_LIB -D_FILE_OFFSET_BITS=64 -D_GNU_SOURCE -D_LARGEFILE_SOURCE -D_POSIX_C_SOURCE=200809L -Dhdf5_shared_EXPORTS -I/home/byrn/HDF_Projects/hdf5/dev/src -I/home/byrn/HDF_Projects/hdf5/dev/src/H5FDsubfiling -I/home/byrn/HDF_Projects/hdf5/build/ci-StdShar-GNUC/src -I/home/byrn/HDF_Projects/hdf5/build/ci-StdShar-GNUC/_deps/hdf5_zlib-build -I/home/byrn/HDF_Projects/hdf5/build/ci-StdShar-GNUC/_deps/hdf5_zlib-src -I/home/byrn/HDF_Projects/hdf5/build/ci-StdShar-GNUC/_deps/szip-build -I/home/byrn/HDF_Projects/hdf5/build/ci-StdShar-GNUC/_deps/szip-src/include -I/home/byrn/HDF_Projects/hdf5/build/ci-StdShar-GNUC/_deps/szip-src -std=c99  -fstdarg-opt -fdiagnostics-urls=never -fno-diagnostics-color -fmessage-length=0 -O2 -g -DNDEBUG -std=gnu99 -fPIC -Wall -Wcast-qual -Wconversion -Wextra -Wfloat-equal -Wformat=2 -Winit-self -Winvalid-pch -Wmissing-include-dirs -Wshadow -Wundef -Wwrite-strings -pedantic -Wno-c++-compat -Wbad-function-cast -Wcast-align -Wformat -Wimplicit-function-declaration -Wint-to-pointer-cast -Wmissing-declarations -Wmissing-prototypes -Wnested-externs -Wold-style-definition -Wpacked -Wpointer-sign -Wpointer-to-int-cast -Wredundant-decls -Wstrict-prototypes -Wswitch -Wunused-but-set-variable -Wunused-variable -Wunused-function -Wunused-parameter -finline-functions -Wno-aggregate-return -Wno-inline -Wno-missing-format-attribute -Wno-missing-noreturn -Wno-overlength-strings -Wlarger-than=2560 -Wlogical-op -Wframe-larger-than=16384 -Wpacked-bitfield-compat -Wsync-nand -Wno-unsuffixed-float-constants -Wdouble-promotion -Wtrampolines -Wstack-usage=8192 -Wmaybe-uninitialized -Wno-jump-misses-init -Wstrict-overflow=2 -Wno-suggest-attribute=const -Wno-suggest-attribute=noreturn -Wno-suggest-attribute=pure -Wno-suggest-attribute=format -Wdate-time -Warray-bounds=2 -Wc99-c11-compat -Wincompatible-pointer-types -Wint-conversion -Wduplicated-cond -Whsa -Wnormalized -Wnull-dereference -Wunused-const-variable -Walloca -Walloc-zero -Wduplicated-branches -Wformat-overflow=2 -Wformat-truncation=1 -Wrestrict -Wattribute-alias -Wshift-overflow=2 -Wcast-function-type -Wcast-align=strict -Wno-suggest-attribute=cold -Wno-suggest-attribute=malloc -Wattribute-alias=2 -Wmissing-profile -Wc11-c2x-compat -MD -MT src/CMakeFiles/hdf5-shared.dir/H5Fspace.c.o -MF src/CMakeFiles/hdf5-shared.dir/H5Fspace.c.o.d -o src/CMakeFiles/hdf5-shared.dir/H5Fspace.c.o -c /home/byrn/HDF_Projects/hdf5/dev/src/H5Fspace.c
[467/4114] /usr/bin/cc -DH5_BUILT_AS_DYNAMIC_LIB -D_FILE_OFFSET_BITS=64 -D_GNU_SOURCE -D_LARGEFILE_SOURCE -D_POSIX_C_SOURCE=200809L -Dhdf5_shared_EXPORTS -I/home/byrn/HDF_Projects/hdf5/dev/src -I/home/byrn/HDF_Projects/hdf5/dev/src/H5FDsubfiling -I/home/byrn/HDF_Projects/hdf5/build/ci-StdShar-GNUC/src -I/home/byrn/HDF_Projects/hdf5/build/ci-StdShar-GNUC/_deps/hdf5_zlib-build -I/home/byrn/HDF_Projects/hdf5/build/ci-StdShar-GNUC/_deps/hdf5_zlib-src -I/home/byrn/HDF_Projects/hdf5/build/ci-StdShar-GNUC/_deps/szip-build -I/home/byrn/HDF_Projects/hdf5/build/ci-StdShar-GNUC/_deps/szip-src/include -I/home/byrn/HDF_Projects/hdf5/build/ci-StdShar-GNUC/_deps/szip-src -std=c99  -fstdarg-opt -fdiagnostics-urls=never -fno-diagnostics-color -fmessage-length=0 -O2 -g -DNDEBUG -std=gnu99 -fPIC -Wall -Wcast-qual -Wconversion -Wextra -Wfloat-equal -Wformat=2 -Winit-self -Winvalid-pch -Wmissing-include-dirs -Wshadow -Wundef -Wwrite-strings -pedantic -Wno-c++-compat -Wbad-function-cast -Wcast-align -Wformat -Wimplicit-function-declaration -Wint-to-pointer-cast -Wmissing-declarations -Wmissing-prototypes -Wnested-externs -Wold-style-definition -Wpacked -Wpointer-sign -Wpointer-to-int-cast -Wredundant-decls -Wstrict-prototypes -Wswitch -Wunused-but-set-variable -Wunused-variable -Wunused-function -Wunused-parameter -finline-functions -Wno-aggregate-return -Wno-inline -Wno-missing-format-attribute -Wno-missing-noreturn -Wno-overlength-strings -Wlarger-than=2560 -Wlogical-op -Wframe-larger-than=16384 -Wpacked-bitfield-compat -Wsync-nand -Wno-unsuffixed-float-constants -Wdouble-promotion -Wtrampolines -Wstack-usage=8192 -Wmaybe-uninitialized -Wno-jump-misses-init -Wstrict-overflow=2 -Wno-suggest-attribute=const -Wno-suggest-attribute=noreturn -Wno-suggest-attribute=pure -Wno-suggest-attribute=format -Wdate-time -Warray-bounds=2 -Wc99-c11-compat -Wincompatible-pointer-types -Wint-conversion -Wduplicated-cond -Whsa -Wnormalized -Wnull-dereference -Wunused-const-variable -Walloca -Walloc-zero -Wduplicated-branches -Wformat-overflow=2 -Wformat-truncation=1 -Wrestrict -Wattribute-alias -Wshift-overflow=2 -Wcast-function-type -Wcast-align=strict -Wno-suggest-attribute=cold -Wno-suggest-attribute=malloc -Wattribute-alias=2 -Wmissing-profile -Wc11-c2x-compat -MD -MT src/CMakeFiles/hdf5-shared.dir/H5Fsfile.c.o -MF src/CMakeFiles/hdf5-shared.dir/H5Fsfile.c.o.d -o src/CMakeFiles/hdf5-shared.dir/H5Fsfile.c.o -c /home/byrn/HDF_Projects/hdf5/dev/src/H5Fsfile.c
[468/4114] /usr/bin/cc -DH5_BUILT_AS_DYNAMIC_LIB -D_FILE_OFFSET_BITS=64 -D_GNU_SOURCE -D_LARGEFILE_SOURCE -D_POSIX_C_SOURCE=200809L -Dhdf5_shared_EXPORTS -I/home/byrn/HDF_Projects/hdf5/dev/src -I/home/byrn/HDF_Projects/hdf5/dev/src/H5FDsubfiling -I/home/byrn/HDF_Projects/hdf5/build/ci-StdShar-GNUC/src -I/home/byrn/HDF_Projects/hdf5/build/ci-StdShar-GNUC/_deps/hdf5_zlib-build -I/home/byrn/HDF_Projects/hdf5/build/ci-StdShar-GNUC/_deps/hdf5_zlib-src -I/home/byrn/HDF_Projects/hdf5/build/ci-StdShar-GNUC/_deps/szip-build -I/home/byrn/HDF_Projects/hdf5/build/ci-StdShar-GNUC/_deps/szip-src/include -I/home/byrn/HDF_Projects/hdf5/build/ci-StdShar-GNUC/_deps/szip-src -std=c99  -fstdarg-opt -fdiagnostics-urls=never -fno-diagnostics-color -fmessage-length=0 -O2 -g -DNDEBUG -std=gnu99 -fPIC -Wall -Wcast-qual -Wconversion -Wextra -Wfloat-equal -Wformat=2 -Winit-self -Winvalid-pch -Wmissing-include-dirs -Wshadow -Wundef -Wwrite-strings -pedantic -Wno-c++-compat -Wbad-function-cast -Wcast-align -Wformat -Wimplicit-function-declaration -Wint-to-pointer-cast -Wmissing-declarations -Wmissing-prototypes -Wnested-externs -Wold-style-definition -Wpacked -Wpointer-sign -Wpointer-to-int-cast -Wredundant-decls -Wstrict-prototypes -Wswitch -Wunused-but-set-variable -Wunused-variable -Wunused-function -Wunused-parameter -finline-functions -Wno-aggregate-return -Wno-inline -Wno-missing-format-attribute -Wno-missing-noreturn -Wno-overlength-strings -Wlarger-than=2560 -Wlogical-op -Wframe-larger-than=16384 -Wpacked-bitfield-compat -Wsync-nand -Wno-unsuffixed-float-constants -Wdouble-promotion -Wtrampolines -Wstack-usage=8192 -Wmaybe-uninitialized -Wno-jump-misses-init -Wstrict-overflow=2 -Wno-suggest-attribute=const -Wno-suggest-attribute=noreturn -Wno-suggest-attribute=pure -Wno-suggest-attribute=format -Wdate-time -Warray-bounds=2 -Wc99-c11-compat -Wincompatible-pointer-types -Wint-conversion -Wduplicated-cond -Whsa -Wnormalized -Wnull-dereference -Wunused-const-variable -Walloca -Walloc-zero -Wduplicated-branches -Wformat-overflow=2 -Wformat-truncation=1 -Wrestrict -Wattribute-alias -Wshift-overflow=2 -Wcast-function-type -Wcast-align=strict -Wno-suggest-attribute=cold -Wno-suggest-attribute=malloc -Wattribute-alias=2 -Wmissing-profile -Wc11-c2x-compat -MD -MT src/CMakeFiles/hdf5-shared.dir/H5E.c.o -MF src/CMakeFiles/hdf5-shared.dir/H5E.c.o.d -o src/CMakeFiles/hdf5-shared.dir/H5E.c.o -c /home/byrn/HDF_Projects/hdf5/dev/src/H5E.c
[469/4114] /usr/bin/cc -DH5_BUILT_AS_DYNAMIC_LIB -D_FILE_OFFSET_BITS=64 -D_GNU_SOURCE -D_LARGEFILE_SOURCE -D_POSIX_C_SOURCE=200809L -Dhdf5_shared_EXPORTS -I/home/byrn/HDF_Projects/hdf5/dev/src -I/home/byrn/HDF_Projects/hdf5/dev/src/H5FDsubfiling -I/home/byrn/HDF_Projects/hdf5/build/ci-StdShar-GNUC/src -I/home/byrn/HDF_Projects/hdf5/build/ci-StdShar-GNUC/_deps/hdf5_zlib-build -I/home/byrn/HDF_Projects/hdf5/build/ci-StdShar-GNUC/_deps/hdf5_zlib-src -I/home/byrn/HDF_Projects/hdf5/build/ci-StdShar-GNUC/_deps/szip-build -I/home/byrn/HDF_Projects/hdf5/build/ci-StdShar-GNUC/_deps/szip-src/include -I/home/byrn/HDF_Projects/hdf5/build/ci-StdShar-GNUC/_deps/szip-src -std=c99  -fstdarg-opt -fdiagnostics-urls=never -fno-diagnostics-color -fmessage-length=0 -O2 -g -DNDEBUG -std=gnu99 -fPIC -Wall -Wcast-qual -Wconversion -Wextra -Wfloat-equal -Wformat=2 -Winit-self -Winvalid-pch -Wmissing-include-dirs -Wshadow -Wundef -Wwrite-strings -pedantic -Wno-c++-compat -Wbad-function-cast -Wcast-align -Wformat -Wimplicit-function-declaration -Wint-to-pointer-cast -Wmissing-declarations -Wmissing-prototypes -Wnested-externs -Wold-style-definition -Wpacked -Wpointer-sign -Wpointer-to-int-cast -Wredundant-decls -Wstrict-prototypes -Wswitch -Wunused-but-set-variable -Wunused-variable -Wunused-function -Wunused-parameter -finline-functions -Wno-aggregate-return -Wno-inline -Wno-missing-format-attribute -Wno-missing-noreturn -Wno-overlength-strings -Wlarger-than=2560 -Wlogical-op -Wframe-larger-than=16384 -Wpacked-bitfield-compat -Wsync-nand -Wno-unsuffixed-float-constants -Wdouble-promotion -Wtrampolines -Wstack-usage=8192 -Wmaybe-uninitialized -Wno-jump-misses-init -Wstrict-overflow=2 -Wno-suggest-attribute=const -Wno-suggest-attribute=noreturn -Wno-suggest-attribute=pure -Wno-suggest-attribute=format -Wdate-time -Warray-bounds=2 -Wc99-c11-compat -Wincompatible-pointer-types -Wint-conversion -Wduplicated-cond -Whsa -Wnormalized -Wnull-dereference -Wunused-const-variable -Walloca -Walloc-zero -Wduplicated-branches -Wformat-overflow=2 -Wformat-truncation=1 -Wrestrict -Wattribute-alias -Wshift-overflow=2 -Wcast-function-type -Wcast-align=strict -Wno-suggest-attribute=cold -Wno-suggest-attribute=malloc -Wattribute-alias=2 -Wmissing-profile -Wc11-c2x-compat -MD -MT src/CMakeFiles/hdf5-shared.dir/H5Ftest.c.o -MF src/CMakeFiles/hdf5-shared.dir/H5Ftest.c.o.d -o src/CMakeFiles/hdf5-shared.dir/H5Ftest.c.o -c /home/byrn/HDF_Projects/hdf5/dev/src/H5Ftest.c
[470/4114] /usr/bin/cc -DH5_BUILT_AS_DYNAMIC_LIB -D_FILE_OFFSET_BITS=64 -D_GNU_SOURCE -D_LARGEFILE_SOURCE -D_POSIX_C_SOURCE=200809L -Dhdf5_shared_EXPORTS -I/home/byrn/HDF_Projects/hdf5/dev/src -I/home/byrn/HDF_Projects/hdf5/dev/src/H5FDsubfiling -I/home/byrn/HDF_Projects/hdf5/build/ci-StdShar-GNUC/src -I/home/byrn/HDF_Projects/hdf5/build/ci-StdShar-GNUC/_deps/hdf5_zlib-build -I/home/byrn/HDF_Projects/hdf5/build/ci-StdShar-GNUC/_deps/hdf5_zlib-src -I/home/byrn/HDF_Projects/hdf5/build/ci-StdShar-GNUC/_deps/szip-build -I/home/byrn/HDF_Projects/hdf5/build/ci-StdShar-GNUC/_deps/szip-src/include -I/home/byrn/HDF_Projects/hdf5/build/ci-StdShar-GNUC/_deps/szip-src -std=c99  -fstdarg-opt -fdiagnostics-urls=never -fno-diagnostics-color -fmessage-length=0 -O2 -g -DNDEBUG -std=gnu99 -fPIC -Wall -Wcast-qual -Wconversion -Wextra -Wfloat-equal -Wformat=2 -Winit-self -Winvalid-pch -Wmissing-include-dirs -Wshadow -Wundef -Wwrite-strings -pedantic -Wno-c++-compat -Wbad-function-cast -Wcast-align -Wformat -Wimplicit-function-declaration -Wint-to-pointer-cast -Wmissing-declarations -Wmissing-prototypes -Wnested-externs -Wold-style-definition -Wpacked -Wpointer-sign -Wpointer-to-int-cast -Wredundant-decls -Wstrict-prototypes -Wswitch -Wunused-but-set-variable -Wunused-variable -Wunused-function -Wunused-parameter -finline-functions -Wno-aggregate-return -Wno-inline -Wno-missing-format-attribute -Wno-missing-noreturn -Wno-overlength-strings -Wlarger-than=2560 -Wlogical-op -Wframe-larger-than=16384 -Wpacked-bitfield-compat -Wsync-nand -Wno-unsuffixed-float-constants -Wdouble-promotion -Wtrampolines -Wstack-usage=8192 -Wmaybe-uninitialized -Wno-jump-misses-init -Wstrict-overflow=2 -Wno-suggest-attribute=const -Wno-suggest-attribute=noreturn -Wno-suggest-attribute=pure -Wno-suggest-attribute=format -Wdate-time -Warray-bounds=2 -Wc99-c11-compat -Wincompatible-pointer-types -Wint-conversion -Wduplicated-cond -Whsa -Wnormalized -Wnull-dereference -Wunused-const-variable -Walloca -Walloc-zero -Wduplicated-branches -Wformat-overflow=2 -Wformat-truncation=1 -Wrestrict -Wattribute-alias -Wshift-overflow=2 -Wcast-function-type -Wcast-align=strict -Wno-suggest-attribute=cold -Wno-suggest-attribute=malloc -Wattribute-alias=2 -Wmissing-profile -Wc11-c2x-compat -MD -MT src/CMakeFiles/hdf5-shared.dir/H5F.c.o -MF src/CMakeFiles/hdf5-shared.dir/H5F.c.o.d -o src/CMakeFiles/hdf5-shared.dir/H5F.c.o -c /home/byrn/HDF_Projects/hdf5/dev/src/H5F.c
[471/4114] /usr/bin/cc -DH5_BUILT_AS_DYNAMIC_LIB -D_FILE_OFFSET_BITS=64 -D_GNU_SOURCE -D_LARGEFILE_SOURCE -D_POSIX_C_SOURCE=200809L -Dhdf5_shared_EXPORTS -I/home/byrn/HDF_Projects/hdf5/dev/src -I/home/byrn/HDF_Projects/hdf5/dev/src/H5FDsubfiling -I/home/byrn/HDF_Projects/hdf5/build/ci-StdShar-GNUC/src -I/home/byrn/HDF_Projects/hdf5/build/ci-StdShar-GNUC/_deps/hdf5_zlib-build -I/home/byrn/HDF_Projects/hdf5/build/ci-StdShar-GNUC/_deps/hdf5_zlib-src -I/home/byrn/HDF_Projects/hdf5/build/ci-StdShar-GNUC/_deps/szip-build -I/home/byrn/HDF_Projects/hdf5/build/ci-StdShar-GNUC/_deps/szip-src/include -I/home/byrn/HDF_Projects/hdf5/build/ci-StdShar-GNUC/_deps/szip-src -std=c99  -fstdarg-opt -fdiagnostics-urls=never -fno-diagnostics-color -fmessage-length=0 -O2 -g -DNDEBUG -std=gnu99 -fPIC -Wall -Wcast-qual -Wconversion -Wextra -Wfloat-equal -Wformat=2 -Winit-self -Winvalid-pch -Wmissing-include-dirs -Wshadow -Wundef -Wwrite-strings -pedantic -Wno-c++-compat -Wbad-function-cast -Wcast-align -Wformat -Wimplicit-function-declaration -Wint-to-pointer-cast -Wmissing-declarations -Wmissing-prototypes -Wnested-externs -Wold-style-definition -Wpacked -Wpointer-sign -Wpointer-to-int-cast -Wredundant-decls -Wstrict-prototypes -Wswitch -Wunused-but-set-variable -Wunused-variable -Wunused-function -Wunused-parameter -finline-functions -Wno-aggregate-return -Wno-inline -Wno-missing-format-attribute -Wno-missing-noreturn -Wno-overlength-strings -Wlarger-than=2560 -Wlogical-op -Wframe-larger-than=16384 -Wpacked-bitfield-compat -Wsync-nand -Wno-unsuffixed-float-constants -Wdouble-promotion -Wtrampolines -Wstack-usage=8192 -Wmaybe-uninitialized -Wno-jump-misses-init -Wstrict-overflow=2 -Wno-suggest-attribute=const -Wno-suggest-attribute=noreturn -Wno-suggest-attribute=pure -Wno-suggest-attribute=format -Wdate-time -Warray-bounds=2 -Wc99-c11-compat -Wincompatible-pointer-types -Wint-conversion -Wduplicated-cond -Whsa -Wnormalized -Wnull-dereference -Wunused-const-variable -Walloca -Walloc-zero -Wduplicated-branches -Wformat-overflow=2 -Wformat-truncation=1 -Wrestrict -Wattribute-alias -Wshift-overflow=2 -Wcast-function-type -Wcast-align=strict -Wno-suggest-attribute=cold -Wno-suggest-attribute=malloc -Wattribute-alias=2 -Wmissing-profile -Wc11-c2x-compat -MD -MT src/CMakeFiles/hdf5-shared.dir/H5Fsuper_cache.c.o -MF src/CMakeFiles/hdf5-shared.dir/H5Fsuper_cache.c.o.d -o src/CMakeFiles/hdf5-shared.dir/H5Fsuper_cache.c.o -c /home/byrn/HDF_Projects/hdf5/dev/src/H5Fsuper_cache.c
[472/4114] /usr/bin/cc -DH5_BUILT_AS_DYNAMIC_LIB -D_FILE_OFFSET_BITS=64 -D_GNU_SOURCE -D_LARGEFILE_SOURCE -D_POSIX_C_SOURCE=200809L -Dhdf5_shared_EXPORTS -I/home/byrn/HDF_Projects/hdf5/dev/src -I/home/byrn/HDF_Projects/hdf5/dev/src/H5FDsubfiling -I/home/byrn/HDF_Projects/hdf5/build/ci-StdShar-GNUC/src -I/home/byrn/HDF_Projects/hdf5/build/ci-StdShar-GNUC/_deps/hdf5_zlib-build -I/home/byrn/HDF_Projects/hdf5/build/ci-StdShar-GNUC/_deps/hdf5_zlib-src -I/home/byrn/HDF_Projects/hdf5/build/ci-StdShar-GNUC/_deps/szip-build -I/home/byrn/HDF_Projects/hdf5/build/ci-StdShar-GNUC/_deps/szip-src/include -I/home/byrn/HDF_Projects/hdf5/build/ci-StdShar-GNUC/_deps/szip-src -std=c99  -fstdarg-opt -fdiagnostics-urls=never -fno-diagnostics-color -fmessage-length=0 -O2 -g -DNDEBUG -std=gnu99 -fPIC -Wall -Wcast-qual -Wconversion -Wextra -Wfloat-equal -Wformat=2 -Winit-self -Winvalid-pch -Wmissing-include-dirs -Wshadow -Wundef -Wwrite-strings -pedantic -Wno-c++-compat -Wbad-function-cast -Wcast-align -Wformat -Wimplicit-function-declaration -Wint-to-pointer-cast -Wmissing-declarations -Wmissing-prototypes -Wnested-externs -Wold-style-definition -Wpacked -Wpointer-sign -Wpointer-to-int-cast -Wredundant-decls -Wstrict-prototypes -Wswitch -Wunused-but-set-variable -Wunused-variable -Wunused-function -Wunused-parameter -finline-functions -Wno-aggregate-return -Wno-inline -Wno-missing-format-attribute -Wno-missing-noreturn -Wno-overlength-strings -Wlarger-than=2560 -Wlogical-op -Wframe-larger-than=16384 -Wpacked-bitfield-compat -Wsync-nand -Wno-unsuffixed-float-constants -Wdouble-promotion -Wtrampolines -Wstack-usage=8192 -Wmaybe-uninitialized -Wno-jump-misses-init -Wstrict-overflow=2 -Wno-suggest-attribute=const -Wno-suggest-attribute=noreturn -Wno-suggest-attribute=pure -Wno-suggest-attribute=format -Wdate-time -Warray-bounds=2 -Wc99-c11-compat -Wincompatible-pointer-types -Wint-conversion -Wduplicated-cond -Whsa -Wnormalized -Wnull-dereference -Wunused-const-variable -Walloca -Walloc-zero -Wduplicated-branches -Wformat-overflow=2 -Wformat-truncation=1 -Wrestrict -Wattribute-alias -Wshift-overflow=2 -Wcast-function-type -Wcast-align=strict -Wno-suggest-attribute=cold -Wno-suggest-attribute=malloc -Wattribute-alias=2 -Wmissing-profile -Wc11-c2x-compat -MD -MT src/CMakeFiles/hdf5-shared.dir/H5FAcache.c.o -MF src/CMakeFiles/hdf5-shared.dir/H5FAcache.c.o.d -o src/CMakeFiles/hdf5-shared.dir/H5FAcache.c.o -c /home/byrn/HDF_Projects/hdf5/dev/src/H5FAcache.c
[473/4114] /usr/bin/cc -DH5_BUILT_AS_DYNAMIC_LIB -D_FILE_OFFSET_BITS=64 -D_GNU_SOURCE -D_LARGEFILE_SOURCE -D_POSIX_C_SOURCE=200809L -Dhdf5_shared_EXPORTS -I/home/byrn/HDF_Projects/hdf5/dev/src -I/home/byrn/HDF_Projects/hdf5/dev/src/H5FDsubfiling -I/home/byrn/HDF_Projects/hdf5/build/ci-StdShar-GNUC/src -I/home/byrn/HDF_Projects/hdf5/build/ci-StdShar-GNUC/_deps/hdf5_zlib-build -I/home/byrn/HDF_Projects/hdf5/build/ci-StdShar-GNUC/_deps/hdf5_zlib-src -I/home/byrn/HDF_Projects/hdf5/build/ci-StdShar-GNUC/_deps/szip-build -I/home/byrn/HDF_Projects/hdf5/build/ci-StdShar-GNUC/_deps/szip-src/include -I/home/byrn/HDF_Projects/hdf5/build/ci-StdShar-GNUC/_deps/szip-src -std=c99  -fstdarg-opt -fdiagnostics-urls=never -fno-diagnostics-color -fmessage-length=0 -O2 -g -DNDEBUG -std=gnu99 -fPIC -Wall -Wcast-qual -Wconversion -Wextra -Wfloat-equal -Wformat=2 -Winit-self -Winvalid-pch -Wmissing-include-dirs -Wshadow -Wundef -Wwrite-strings -pedantic -Wno-c++-compat -Wbad-function-cast -Wcast-align -Wformat -Wimplicit-function-declaration -Wint-to-pointer-cast -Wmissing-declarations -Wmissing-prototypes -Wnested-externs -Wold-style-definition -Wpacked -Wpointer-sign -Wpointer-to-int-cast -Wredundant-decls -Wstrict-prototypes -Wswitch -Wunused-but-set-variable -Wunused-variable -Wunused-function -Wunused-parameter -finline-functions -Wno-aggregate-return -Wno-inline -Wno-missing-format-attribute -Wno-missing-noreturn -Wno-overlength-strings -Wlarger-than=2560 -Wlogical-op -Wframe-larger-than=16384 -Wpacked-bitfield-compat -Wsync-nand -Wno-unsuffixed-float-constants -Wdouble-promotion -Wtrampolines -Wstack-usage=8192 -Wmaybe-uninitialized -Wno-jump-misses-init -Wstrict-overflow=2 -Wno-suggest-attribute=const -Wno-suggest-attribute=noreturn -Wno-suggest-attribute=pure -Wno-suggest-attribute=format -Wdate-time -Warray-bounds=2 -Wc99-c11-compat -Wincompatible-pointer-types -Wint-conversion -Wduplicated-cond -Whsa -Wnormalized -Wnull-dereference -Wunused-const-variable -Walloca -Walloc-zero -Wduplicated-branches -Wformat-overflow=2 -Wformat-truncation=1 -Wrestrict -Wattribute-alias -Wshift-overflow=2 -Wcast-function-type -Wcast-align=strict -Wno-suggest-attribute=cold -Wno-suggest-attribute=malloc -Wattribute-alias=2 -Wmissing-profile -Wc11-c2x-compat -MD -MT src/CMakeFiles/hdf5-shared.dir/H5FA.c.o -MF src/CMakeFiles/hdf5-shared.dir/H5FA.c.o.d -o src/CMakeFiles/hdf5-shared.dir/H5FA.c.o -c /home/byrn/HDF_Projects/hdf5/dev/src/H5FA.c
[474/4114] /usr/bin/cc -DH5_BUILT_AS_DYNAMIC_LIB -D_FILE_OFFSET_BITS=64 -D_GNU_SOURCE -D_LARGEFILE_SOURCE -D_POSIX_C_SOURCE=200809L -Dhdf5_shared_EXPORTS -I/home/byrn/HDF_Projects/hdf5/dev/src -I/home/byrn/HDF_Projects/hdf5/dev/src/H5FDsubfiling -I/home/byrn/HDF_Projects/hdf5/build/ci-StdShar-GNUC/src -I/home/byrn/HDF_Projects/hdf5/build/ci-StdShar-GNUC/_deps/hdf5_zlib-build -I/home/byrn/HDF_Projects/hdf5/build/ci-StdShar-GNUC/_deps/hdf5_zlib-src -I/home/byrn/HDF_Projects/hdf5/build/ci-StdShar-GNUC/_deps/szip-build -I/home/byrn/HDF_Projects/hdf5/build/ci-StdShar-GNUC/_deps/szip-src/include -I/home/byrn/HDF_Projects/hdf5/build/ci-StdShar-GNUC/_deps/szip-src -std=c99  -fstdarg-opt -fdiagnostics-urls=never -fno-diagnostics-color -fmessage-length=0 -O2 -g -DNDEBUG -std=gnu99 -fPIC -Wall -Wcast-qual -Wconversion -Wextra -Wfloat-equal -Wformat=2 -Winit-self -Winvalid-pch -Wmissing-include-dirs -Wshadow -Wundef -Wwrite-strings -pedantic -Wno-c++-compat -Wbad-function-cast -Wcast-align -Wformat -Wimplicit-function-declaration -Wint-to-pointer-cast -Wmissing-declarations -Wmissing-prototypes -Wnested-externs -Wold-style-definition -Wpacked -Wpointer-sign -Wpointer-to-int-cast -Wredundant-decls -Wstrict-prototypes -Wswitch -Wunused-but-set-variable -Wunused-variable -Wunused-function -Wunused-parameter -finline-functions -Wno-aggregate-return -Wno-inline -Wno-missing-format-attribute -Wno-missing-noreturn -Wno-overlength-strings -Wlarger-than=2560 -Wlogical-op -Wframe-larger-than=16384 -Wpacked-bitfield-compat -Wsync-nand -Wno-unsuffixed-float-constants -Wdouble-promotion -Wtrampolines -Wstack-usage=8192 -Wmaybe-uninitialized -Wno-jump-misses-init -Wstrict-overflow=2 -Wno-suggest-attribute=const -Wno-suggest-attribute=noreturn -Wno-suggest-attribute=pure -Wno-suggest-attribute=format -Wdate-time -Warray-bounds=2 -Wc99-c11-compat -Wincompatible-pointer-types -Wint-conversion -Wduplicated-cond -Whsa -Wnormalized -Wnull-dereference -Wunused-const-variable -Walloca -Walloc-zero -Wduplicated-branches -Wformat-overflow=2 -Wformat-truncation=1 -Wrestrict -Wattribute-alias -Wshift-overflow=2 -Wcast-function-type -Wcast-align=strict -Wno-suggest-attribute=cold -Wno-suggest-attribute=malloc -Wattribute-alias=2 -Wmissing-profile -Wc11-c2x-compat -MD -MT src/CMakeFiles/hdf5-shared.dir/H5FAdbg.c.o -MF src/CMakeFiles/hdf5-shared.dir/H5FAdbg.c.o.d -o src/CMakeFiles/hdf5-shared.dir/H5FAdbg.c.o -c /home/byrn/HDF_Projects/hdf5/dev/src/H5FAdbg.c
[475/4114] /usr/bin/cc -DH5_BUILT_AS_DYNAMIC_LIB -D_FILE_OFFSET_BITS=64 -D_GNU_SOURCE -D_LARGEFILE_SOURCE -D_POSIX_C_SOURCE=200809L -Dhdf5_shared_EXPORTS -I/home/byrn/HDF_Projects/hdf5/dev/src -I/home/byrn/HDF_Projects/hdf5/dev/src/H5FDsubfiling -I/home/byrn/HDF_Projects/hdf5/build/ci-StdShar-GNUC/src -I/home/byrn/HDF_Projects/hdf5/build/ci-StdShar-GNUC/_deps/hdf5_zlib-build -I/home/byrn/HDF_Projects/hdf5/build/ci-StdShar-GNUC/_deps/hdf5_zlib-src -I/home/byrn/HDF_Projects/hdf5/build/ci-StdShar-GNUC/_deps/szip-build -I/home/byrn/HDF_Projects/hdf5/build/ci-StdShar-GNUC/_deps/szip-src/include -I/home/byrn/HDF_Projects/hdf5/build/ci-StdShar-GNUC/_deps/szip-src -std=c99  -fstdarg-opt -fdiagnostics-urls=never -fno-diagnostics-color -fmessage-length=0 -O2 -g -DNDEBUG -std=gnu99 -fPIC -Wall -Wcast-qual -Wconversion -Wextra -Wfloat-equal -Wformat=2 -Winit-self -Winvalid-pch -Wmissing-include-dirs -Wshadow -Wundef -Wwrite-strings -pedantic -Wno-c++-compat -Wbad-function-cast -Wcast-align -Wformat -Wimplicit-function-declaration -Wint-to-pointer-cast -Wmissing-declarations -Wmissing-prototypes -Wnested-externs -Wold-style-definition -Wpacked -Wpointer-sign -Wpointer-to-int-cast -Wredundant-decls -Wstrict-prototypes -Wswitch -Wunused-but-set-variable -Wunused-variable -Wunused-function -Wunused-parameter -finline-functions -Wno-aggregate-return -Wno-inline -Wno-missing-format-attribute -Wno-missing-noreturn -Wno-overlength-strings -Wlarger-than=2560 -Wlogical-op -Wframe-larger-than=16384 -Wpacked-bitfield-compat -Wsync-nand -Wno-unsuffixed-float-constants -Wdouble-promotion -Wtrampolines -Wstack-usage=8192 -Wmaybe-uninitialized -Wno-jump-misses-init -Wstrict-overflow=2 -Wno-suggest-attribute=const -Wno-suggest-attribute=noreturn -Wno-suggest-attribute=pure -Wno-suggest-attribute=format -Wdate-time -Warray-bounds=2 -Wc99-c11-compat -Wincompatible-pointer-types -Wint-conversion -Wduplicated-cond -Whsa -Wnormalized -Wnull-dereference -Wunused-const-variable -Walloca -Walloc-zero -Wduplicated-branches -Wformat-overflow=2 -Wformat-truncation=1 -Wrestrict -Wattribute-alias -Wshift-overflow=2 -Wcast-function-type -Wcast-align=strict -Wno-suggest-attribute=cold -Wno-suggest-attribute=malloc -Wattribute-alias=2 -Wmissing-profile -Wc11-c2x-compat -MD -MT src/CMakeFiles/hdf5-shared.dir/H5FAdblkpage.c.o -MF src/CMakeFiles/hdf5-shared.dir/H5FAdblkpage.c.o.d -o src/CMakeFiles/hdf5-shared.dir/H5FAdblkpage.c.o -c /home/byrn/HDF_Projects/hdf5/dev/src/H5FAdblkpage.c
[476/4114] /usr/bin/cc -DH5_BUILT_AS_DYNAMIC_LIB -D_FILE_OFFSET_BITS=64 -D_GNU_SOURCE -D_LARGEFILE_SOURCE -D_POSIX_C_SOURCE=200809L -Dhdf5_shared_EXPORTS -I/home/byrn/HDF_Projects/hdf5/dev/src -I/home/byrn/HDF_Projects/hdf5/dev/src/H5FDsubfiling -I/home/byrn/HDF_Projects/hdf5/build/ci-StdShar-GNUC/src -I/home/byrn/HDF_Projects/hdf5/build/ci-StdShar-GNUC/_deps/hdf5_zlib-build -I/home/byrn/HDF_Projects/hdf5/build/ci-StdShar-GNUC/_deps/hdf5_zlib-src -I/home/byrn/HDF_Projects/hdf5/build/ci-StdShar-GNUC/_deps/szip-build -I/home/byrn/HDF_Projects/hdf5/build/ci-StdShar-GNUC/_deps/szip-src/include -I/home/byrn/HDF_Projects/hdf5/build/ci-StdShar-GNUC/_deps/szip-src -std=c99  -fstdarg-opt -fdiagnostics-urls=never -fno-diagnostics-color -fmessage-length=0 -O2 -g -DNDEBUG -std=gnu99 -fPIC -Wall -Wcast-qual -Wconversion -Wextra -Wfloat-equal -Wformat=2 -Winit-self -Winvalid-pch -Wmissing-include-dirs -Wshadow -Wundef -Wwrite-strings -pedantic -Wno-c++-compat -Wbad-function-cast -Wcast-align -Wformat -Wimplicit-function-declaration -Wint-to-pointer-cast -Wmissing-declarations -Wmissing-prototypes -Wnested-externs -Wold-style-definition -Wpacked -Wpointer-sign -Wpointer-to-int-cast -Wredundant-decls -Wstrict-prototypes -Wswitch -Wunused-but-set-variable -Wunused-variable -Wunused-function -Wunused-parameter -finline-functions -Wno-aggregate-return -Wno-inline -Wno-missing-format-attribute -Wno-missing-noreturn -Wno-overlength-strings -Wlarger-than=2560 -Wlogical-op -Wframe-larger-than=16384 -Wpacked-bitfield-compat -Wsync-nand -Wno-unsuffixed-float-constants -Wdouble-promotion -Wtrampolines -Wstack-usage=8192 -Wmaybe-uninitialized -Wno-jump-misses-init -Wstrict-overflow=2 -Wno-suggest-attribute=const -Wno-suggest-attribute=noreturn -Wno-suggest-attribute=pure -Wno-suggest-attribute=format -Wdate-time -Warray-bounds=2 -Wc99-c11-compat -Wincompatible-pointer-types -Wint-conversion -Wduplicated-cond -Whsa -Wnormalized -Wnull-dereference -Wunused-const-variable -Walloca -Walloc-zero -Wduplicated-branches -Wformat-overflow=2 -Wformat-truncation=1 -Wrestrict -Wattribute-alias -Wshift-overflow=2 -Wcast-function-type -Wcast-align=strict -Wno-suggest-attribute=cold -Wno-suggest-attribute=malloc -Wattribute-alias=2 -Wmissing-profile -Wc11-c2x-compat -MD -MT src/CMakeFiles/hdf5-shared.dir/H5FAint.c.o -MF src/CMakeFiles/hdf5-shared.dir/H5FAint.c.o.d -o src/CMakeFiles/hdf5-shared.dir/H5FAint.c.o -c /home/byrn/HDF_Projects/hdf5/dev/src/H5FAint.c
[477/4114] /usr/bin/cc -DH5_BUILT_AS_DYNAMIC_LIB -D_FILE_OFFSET_BITS=64 -D_GNU_SOURCE -D_LARGEFILE_SOURCE -D_POSIX_C_SOURCE=200809L -Dhdf5_shared_EXPORTS -I/home/byrn/HDF_Projects/hdf5/dev/src -I/home/byrn/HDF_Projects/hdf5/dev/src/H5FDsubfiling -I/home/byrn/HDF_Projects/hdf5/build/ci-StdShar-GNUC/src -I/home/byrn/HDF_Projects/hdf5/build/ci-StdShar-GNUC/_deps/hdf5_zlib-build -I/home/byrn/HDF_Projects/hdf5/build/ci-StdShar-GNUC/_deps/hdf5_zlib-src -I/home/byrn/HDF_Projects/hdf5/build/ci-StdShar-GNUC/_deps/szip-build -I/home/byrn/HDF_Projects/hdf5/build/ci-StdShar-GNUC/_deps/szip-src/include -I/home/byrn/HDF_Projects/hdf5/build/ci-StdShar-GNUC/_deps/szip-src -std=c99  -fstdarg-opt -fdiagnostics-urls=never -fno-diagnostics-color -fmessage-length=0 -O2 -g -DNDEBUG -std=gnu99 -fPIC -Wall -Wcast-qual -Wconversion -Wextra -Wfloat-equal -Wformat=2 -Winit-self -Winvalid-pch -Wmissing-include-dirs -Wshadow -Wundef -Wwrite-strings -pedantic -Wno-c++-compat -Wbad-function-cast -Wcast-align -Wformat -Wimplicit-function-declaration -Wint-to-pointer-cast -Wmissing-declarations -Wmissing-prototypes -Wnested-externs -Wold-style-definition -Wpacked -Wpointer-sign -Wpointer-to-int-cast -Wredundant-decls -Wstrict-prototypes -Wswitch -Wunused-but-set-variable -Wunused-variable -Wunused-function -Wunused-parameter -finline-functions -Wno-aggregate-return -Wno-inline -Wno-missing-format-attribute -Wno-missing-noreturn -Wno-overlength-strings -Wlarger-than=2560 -Wlogical-op -Wframe-larger-than=16384 -Wpacked-bitfield-compat -Wsync-nand -Wno-unsuffixed-float-constants -Wdouble-promotion -Wtrampolines -Wstack-usage=8192 -Wmaybe-uninitialized -Wno-jump-misses-init -Wstrict-overflow=2 -Wno-suggest-attribute=const -Wno-suggest-attribute=noreturn -Wno-suggest-attribute=pure -Wno-suggest-attribute=format -Wdate-time -Warray-bounds=2 -Wc99-c11-compat -Wincompatible-pointer-types -Wint-conversion -Wduplicated-cond -Whsa -Wnormalized -Wnull-dereference -Wunused-const-variable -Walloca -Walloc-zero -Wduplicated-branches -Wformat-overflow=2 -Wformat-truncation=1 -Wrestrict -Wattribute-alias -Wshift-overflow=2 -Wcast-function-type -Wcast-align=strict -Wno-suggest-attribute=cold -Wno-suggest-attribute=malloc -Wattribute-alias=2 -Wmissing-profile -Wc11-c2x-compat -MD -MT src/CMakeFiles/hdf5-shared.dir/H5FAdblock.c.o -MF src/CMakeFiles/hdf5-shared.dir/H5FAdblock.c.o.d -o src/CMakeFiles/hdf5-shared.dir/H5FAdblock.c.o -c /home/byrn/HDF_Projects/hdf5/dev/src/H5FAdblock.c
[478/4114] /usr/bin/cc -DH5_BUILT_AS_DYNAMIC_LIB -D_FILE_OFFSET_BITS=64 -D_GNU_SOURCE -D_LARGEFILE_SOURCE -D_POSIX_C_SOURCE=200809L -Dhdf5_shared_EXPORTS -I/home/byrn/HDF_Projects/hdf5/dev/src -I/home/byrn/HDF_Projects/hdf5/dev/src/H5FDsubfiling -I/home/byrn/HDF_Projects/hdf5/build/ci-StdShar-GNUC/src -I/home/byrn/HDF_Projects/hdf5/build/ci-StdShar-GNUC/_deps/hdf5_zlib-build -I/home/byrn/HDF_Projects/hdf5/build/ci-StdShar-GNUC/_deps/hdf5_zlib-src -I/home/byrn/HDF_Projects/hdf5/build/ci-StdShar-GNUC/_deps/szip-build -I/home/byrn/HDF_Projects/hdf5/build/ci-StdShar-GNUC/_deps/szip-src/include -I/home/byrn/HDF_Projects/hdf5/build/ci-StdShar-GNUC/_deps/szip-src -std=c99  -fstdarg-opt -fdiagnostics-urls=never -fno-diagnostics-color -fmessage-length=0 -O2 -g -DNDEBUG -std=gnu99 -fPIC -Wall -Wcast-qual -Wconversion -Wextra -Wfloat-equal -Wformat=2 -Winit-self -Winvalid-pch -Wmissing-include-dirs -Wshadow -Wundef -Wwrite-strings -pedantic -Wno-c++-compat -Wbad-function-cast -Wcast-align -Wformat -Wimplicit-function-declaration -Wint-to-pointer-cast -Wmissing-declarations -Wmissing-prototypes -Wnested-externs -Wold-style-definition -Wpacked -Wpointer-sign -Wpointer-to-int-cast -Wredundant-decls -Wstrict-prototypes -Wswitch -Wunused-but-set-variable -Wunused-variable -Wunused-function -Wunused-parameter -finline-functions -Wno-aggregate-return -Wno-inline -Wno-missing-format-attribute -Wno-missing-noreturn -Wno-overlength-strings -Wlarger-than=2560 -Wlogical-op -Wframe-larger-than=16384 -Wpacked-bitfield-compat -Wsync-nand -Wno-unsuffixed-float-constants -Wdouble-promotion -Wtrampolines -Wstack-usage=8192 -Wmaybe-uninitialized -Wno-jump-misses-init -Wstrict-overflow=2 -Wno-suggest-attribute=const -Wno-suggest-attribute=noreturn -Wno-suggest-attribute=pure -Wno-suggest-attribute=format -Wdate-time -Warray-bounds=2 -Wc99-c11-compat -Wincompatible-pointer-types -Wint-conversion -Wduplicated-cond -Whsa -Wnormalized -Wnull-dereference -Wunused-const-variable -Walloca -Walloc-zero -Wduplicated-branches -Wformat-overflow=2 -Wformat-truncation=1 -Wrestrict -Wattribute-alias -Wshift-overflow=2 -Wcast-function-type -Wcast-align=strict -Wno-suggest-attribute=cold -Wno-suggest-attribute=malloc -Wattribute-alias=2 -Wmissing-profile -Wc11-c2x-compat -MD -MT src/CMakeFiles/hdf5-shared.dir/H5FAstat.c.o -MF src/CMakeFiles/hdf5-shared.dir/H5FAstat.c.o.d -o src/CMakeFiles/hdf5-shared.dir/H5FAstat.c.o -c /home/byrn/HDF_Projects/hdf5/dev/src/H5FAstat.c
[479/4114] /usr/bin/cc -DH5_BUILT_AS_DYNAMIC_LIB -D_FILE_OFFSET_BITS=64 -D_GNU_SOURCE -D_LARGEFILE_SOURCE -D_POSIX_C_SOURCE=200809L -Dhdf5_shared_EXPORTS -I/home/byrn/HDF_Projects/hdf5/dev/src -I/home/byrn/HDF_Projects/hdf5/dev/src/H5FDsubfiling -I/home/byrn/HDF_Projects/hdf5/build/ci-StdShar-GNUC/src -I/home/byrn/HDF_Projects/hdf5/build/ci-StdShar-GNUC/_deps/hdf5_zlib-build -I/home/byrn/HDF_Projects/hdf5/build/ci-StdShar-GNUC/_deps/hdf5_zlib-src -I/home/byrn/HDF_Projects/hdf5/build/ci-StdShar-GNUC/_deps/szip-build -I/home/byrn/HDF_Projects/hdf5/build/ci-StdShar-GNUC/_deps/szip-src/include -I/home/byrn/HDF_Projects/hdf5/build/ci-StdShar-GNUC/_deps/szip-src -std=c99  -fstdarg-opt -fdiagnostics-urls=never -fno-diagnostics-color -fmessage-length=0 -O2 -g -DNDEBUG -std=gnu99 -fPIC -Wall -Wcast-qual -Wconversion -Wextra -Wfloat-equal -Wformat=2 -Winit-self -Winvalid-pch -Wmissing-include-dirs -Wshadow -Wundef -Wwrite-strings -pedantic -Wno-c++-compat -Wbad-function-cast -Wcast-align -Wformat -Wimplicit-function-declaration -Wint-to-pointer-cast -Wmissing-declarations -Wmissing-prototypes -Wnested-externs -Wold-style-definition -Wpacked -Wpointer-sign -Wpointer-to-int-cast -Wredundant-decls -Wstrict-prototypes -Wswitch -Wunused-but-set-variable -Wunused-variable -Wunused-function -Wunused-parameter -finline-functions -Wno-aggregate-return -Wno-inline -Wno-missing-format-attribute -Wno-missing-noreturn -Wno-overlength-strings -Wlarger-than=2560 -Wlogical-op -Wframe-larger-than=16384 -Wpacked-bitfield-compat -Wsync-nand -Wno-unsuffixed-float-constants -Wdouble-promotion -Wtrampolines -Wstack-usage=8192 -Wmaybe-uninitialized -Wno-jump-misses-init -Wstrict-overflow=2 -Wno-suggest-attribute=const -Wno-suggest-attribute=noreturn -Wno-suggest-attribute=pure -Wno-suggest-attribute=format -Wdate-time -Warray-bounds=2 -Wc99-c11-compat -Wincompatible-pointer-types -Wint-conversion -Wduplicated-cond -Whsa -Wnormalized -Wnull-dereference -Wunused-const-variable -Walloca -Walloc-zero -Wduplicated-branches -Wformat-overflow=2 -Wformat-truncation=1 -Wrestrict -Wattribute-alias -Wshift-overflow=2 -Wcast-function-type -Wcast-align=strict -Wno-suggest-attribute=cold -Wno-suggest-attribute=malloc -Wattribute-alias=2 -Wmissing-profile -Wc11-c2x-compat -MD -MT src/CMakeFiles/hdf5-shared.dir/H5FAhdr.c.o -MF src/CMakeFiles/hdf5-shared.dir/H5FAhdr.c.o.d -o src/CMakeFiles/hdf5-shared.dir/H5FAhdr.c.o -c /home/byrn/HDF_Projects/hdf5/dev/src/H5FAhdr.c
[480/4114] /usr/bin/cc -DH5_BUILT_AS_DYNAMIC_LIB -D_FILE_OFFSET_BITS=64 -D_GNU_SOURCE -D_LARGEFILE_SOURCE -D_POSIX_C_SOURCE=200809L -Dhdf5_shared_EXPORTS -I/home/byrn/HDF_Projects/hdf5/dev/src -I/home/byrn/HDF_Projects/hdf5/dev/src/H5FDsubfiling -I/home/byrn/HDF_Projects/hdf5/build/ci-StdShar-GNUC/src -I/home/byrn/HDF_Projects/hdf5/build/ci-StdShar-GNUC/_deps/hdf5_zlib-build -I/home/byrn/HDF_Projects/hdf5/build/ci-StdShar-GNUC/_deps/hdf5_zlib-src -I/home/byrn/HDF_Projects/hdf5/build/ci-StdShar-GNUC/_deps/szip-build -I/home/byrn/HDF_Projects/hdf5/build/ci-StdShar-GNUC/_deps/szip-src/include -I/home/byrn/HDF_Projects/hdf5/build/ci-StdShar-GNUC/_deps/szip-src -std=c99  -fstdarg-opt -fdiagnostics-urls=never -fno-diagnostics-color -fmessage-length=0 -O2 -g -DNDEBUG -std=gnu99 -fPIC -Wall -Wcast-qual -Wconversion -Wextra -Wfloat-equal -Wformat=2 -Winit-self -Winvalid-pch -Wmissing-include-dirs -Wshadow -Wundef -Wwrite-strings -pedantic -Wno-c++-compat -Wbad-function-cast -Wcast-align -Wformat -Wimplicit-function-declaration -Wint-to-pointer-cast -Wmissing-declarations -Wmissing-prototypes -Wnested-externs -Wold-style-definition -Wpacked -Wpointer-sign -Wpointer-to-int-cast -Wredundant-decls -Wstrict-prototypes -Wswitch -Wunused-but-set-variable -Wunused-variable -Wunused-function -Wunused-parameter -finline-functions -Wno-aggregate-return -Wno-inline -Wno-missing-format-attribute -Wno-missing-noreturn -Wno-overlength-strings -Wlarger-than=2560 -Wlogical-op -Wframe-larger-than=16384 -Wpacked-bitfield-compat -Wsync-nand -Wno-unsuffixed-float-constants -Wdouble-promotion -Wtrampolines -Wstack-usage=8192 -Wmaybe-uninitialized -Wno-jump-misses-init -Wstrict-overflow=2 -Wno-suggest-attribute=const -Wno-suggest-attribute=noreturn -Wno-suggest-attribute=pure -Wno-suggest-attribute=format -Wdate-time -Warray-bounds=2 -Wc99-c11-compat -Wincompatible-pointer-types -Wint-conversion -Wduplicated-cond -Whsa -Wnormalized -Wnull-dereference -Wunused-const-variable -Walloca -Walloc-zero -Wduplicated-branches -Wformat-overflow=2 -Wformat-truncation=1 -Wrestrict -Wattribute-alias -Wshift-overflow=2 -Wcast-function-type -Wcast-align=strict -Wno-suggest-attribute=cold -Wno-suggest-attribute=malloc -Wattribute-alias=2 -Wmissing-profile -Wc11-c2x-compat -MD -MT src/CMakeFiles/hdf5-shared.dir/H5Fint.c.o -MF src/CMakeFiles/hdf5-shared.dir/H5Fint.c.o.d -o src/CMakeFiles/hdf5-shared.dir/H5Fint.c.o -c /home/byrn/HDF_Projects/hdf5/dev/src/H5Fint.c
[481/4114] /usr/bin/cc -DH5_BUILT_AS_DYNAMIC_LIB -D_FILE_OFFSET_BITS=64 -D_GNU_SOURCE -D_LARGEFILE_SOURCE -D_POSIX_C_SOURCE=200809L -Dhdf5_shared_EXPORTS -I/home/byrn/HDF_Projects/hdf5/dev/src -I/home/byrn/HDF_Projects/hdf5/dev/src/H5FDsubfiling -I/home/byrn/HDF_Projects/hdf5/build/ci-StdShar-GNUC/src -I/home/byrn/HDF_Projects/hdf5/build/ci-StdShar-GNUC/_deps/hdf5_zlib-build -I/home/byrn/HDF_Projects/hdf5/build/ci-StdShar-GNUC/_deps/hdf5_zlib-src -I/home/byrn/HDF_Projects/hdf5/build/ci-StdShar-GNUC/_deps/szip-build -I/home/byrn/HDF_Projects/hdf5/build/ci-StdShar-GNUC/_deps/szip-src/include -I/home/byrn/HDF_Projects/hdf5/build/ci-StdShar-GNUC/_deps/szip-src -std=c99  -fstdarg-opt -fdiagnostics-urls=never -fno-diagnostics-color -fmessage-length=0 -O2 -g -DNDEBUG -std=gnu99 -fPIC -Wall -Wcast-qual -Wconversion -Wextra -Wfloat-equal -Wformat=2 -Winit-self -Winvalid-pch -Wmissing-include-dirs -Wshadow -Wundef -Wwrite-strings -pedantic -Wno-c++-compat -Wbad-function-cast -Wcast-align -Wformat -Wimplicit-function-declaration -Wint-to-pointer-cast -Wmissing-declarations -Wmissing-prototypes -Wnested-externs -Wold-style-definition -Wpacked -Wpointer-sign -Wpointer-to-int-cast -Wredundant-decls -Wstrict-prototypes -Wswitch -Wunused-but-set-variable -Wunused-variable -Wunused-function -Wunused-parameter -finline-functions -Wno-aggregate-return -Wno-inline -Wno-missing-format-attribute -Wno-missing-noreturn -Wno-overlength-strings -Wlarger-than=2560 -Wlogical-op -Wframe-larger-than=16384 -Wpacked-bitfield-compat -Wsync-nand -Wno-unsuffixed-float-constants -Wdouble-promotion -Wtrampolines -Wstack-usage=8192 -Wmaybe-uninitialized -Wno-jump-misses-init -Wstrict-overflow=2 -Wno-suggest-attribute=const -Wno-suggest-attribute=noreturn -Wno-suggest-attribute=pure -Wno-suggest-attribute=format -Wdate-time -Warray-bounds=2 -Wc99-c11-compat -Wincompatible-pointer-types -Wint-conversion -Wduplicated-cond -Whsa -Wnormalized -Wnull-dereference -Wunused-const-variable -Walloca -Walloc-zero -Wduplicated-branches -Wformat-overflow=2 -Wformat-truncation=1 -Wrestrict -Wattribute-alias -Wshift-overflow=2 -Wcast-function-type -Wcast-align=strict -Wno-suggest-attribute=cold -Wno-suggest-attribute=malloc -Wattribute-alias=2 -Wmissing-profile -Wc11-c2x-compat -MD -MT src/CMakeFiles/hdf5-shared.dir/H5FDdirect.c.o -MF src/CMakeFiles/hdf5-shared.dir/H5FDdirect.c.o.d -o src/CMakeFiles/hdf5-shared.dir/H5FDdirect.c.o -c /home/byrn/HDF_Projects/hdf5/dev/src/H5FDdirect.c
[482/4114] /usr/bin/cc -DH5_BUILT_AS_DYNAMIC_LIB -D_FILE_OFFSET_BITS=64 -D_GNU_SOURCE -D_LARGEFILE_SOURCE -D_POSIX_C_SOURCE=200809L -Dhdf5_shared_EXPORTS -I/home/byrn/HDF_Projects/hdf5/dev/src -I/home/byrn/HDF_Projects/hdf5/dev/src/H5FDsubfiling -I/home/byrn/HDF_Projects/hdf5/build/ci-StdShar-GNUC/src -I/home/byrn/HDF_Projects/hdf5/build/ci-StdShar-GNUC/_deps/hdf5_zlib-build -I/home/byrn/HDF_Projects/hdf5/build/ci-StdShar-GNUC/_deps/hdf5_zlib-src -I/home/byrn/HDF_Projects/hdf5/build/ci-StdShar-GNUC/_deps/szip-build -I/home/byrn/HDF_Projects/hdf5/build/ci-StdShar-GNUC/_deps/szip-src/include -I/home/byrn/HDF_Projects/hdf5/build/ci-StdShar-GNUC/_deps/szip-src -std=c99  -fstdarg-opt -fdiagnostics-urls=never -fno-diagnostics-color -fmessage-length=0 -O2 -g -DNDEBUG -std=gnu99 -fPIC -Wall -Wcast-qual -Wconversion -Wextra -Wfloat-equal -Wformat=2 -Winit-self -Winvalid-pch -Wmissing-include-dirs -Wshadow -Wundef -Wwrite-strings -pedantic -Wno-c++-compat -Wbad-function-cast -Wcast-align -Wformat -Wimplicit-function-declaration -Wint-to-pointer-cast -Wmissing-declarations -Wmissing-prototypes -Wnested-externs -Wold-style-definition -Wpacked -Wpointer-sign -Wpointer-to-int-cast -Wredundant-decls -Wstrict-prototypes -Wswitch -Wunused-but-set-variable -Wunused-variable -Wunused-function -Wunused-parameter -finline-functions -Wno-aggregate-return -Wno-inline -Wno-missing-format-attribute -Wno-missing-noreturn -Wno-overlength-strings -Wlarger-than=2560 -Wlogical-op -Wframe-larger-than=16384 -Wpacked-bitfield-compat -Wsync-nand -Wno-unsuffixed-float-constants -Wdouble-promotion -Wtrampolines -Wstack-usage=8192 -Wmaybe-uninitialized -Wno-jump-misses-init -Wstrict-overflow=2 -Wno-suggest-attribute=const -Wno-suggest-attribute=noreturn -Wno-suggest-attribute=pure -Wno-suggest-attribute=format -Wdate-time -Warray-bounds=2 -Wc99-c11-compat -Wincompatible-pointer-types -Wint-conversion -Wduplicated-cond -Whsa -Wnormalized -Wnull-dereference -Wunused-const-variable -Walloca -Walloc-zero -Wduplicated-branches -Wformat-overflow=2 -Wformat-truncation=1 -Wrestrict -Wattribute-alias -Wshift-overflow=2 -Wcast-function-type -Wcast-align=strict -Wno-suggest-attribute=cold -Wno-suggest-attribute=malloc -Wattribute-alias=2 -Wmissing-profile -Wc11-c2x-compat -MD -MT src/CMakeFiles/hdf5-shared.dir/H5FAtest.c.o -MF src/CMakeFiles/hdf5-shared.dir/H5FAtest.c.o.d -o src/CMakeFiles/hdf5-shared.dir/H5FAtest.c.o -c /home/byrn/HDF_Projects/hdf5/dev/src/H5FAtest.c
[483/4114] /usr/bin/cc -DH5_BUILT_AS_DYNAMIC_LIB -D_FILE_OFFSET_BITS=64 -D_GNU_SOURCE -D_LARGEFILE_SOURCE -D_POSIX_C_SOURCE=200809L -Dhdf5_shared_EXPORTS -I/home/byrn/HDF_Projects/hdf5/dev/src -I/home/byrn/HDF_Projects/hdf5/dev/src/H5FDsubfiling -I/home/byrn/HDF_Projects/hdf5/build/ci-StdShar-GNUC/src -I/home/byrn/HDF_Projects/hdf5/build/ci-StdShar-GNUC/_deps/hdf5_zlib-build -I/home/byrn/HDF_Projects/hdf5/build/ci-StdShar-GNUC/_deps/hdf5_zlib-src -I/home/byrn/HDF_Projects/hdf5/build/ci-StdShar-GNUC/_deps/szip-build -I/home/byrn/HDF_Projects/hdf5/build/ci-StdShar-GNUC/_deps/szip-src/include -I/home/byrn/HDF_Projects/hdf5/build/ci-StdShar-GNUC/_deps/szip-src -std=c99  -fstdarg-opt -fdiagnostics-urls=never -fno-diagnostics-color -fmessage-length=0 -O2 -g -DNDEBUG -std=gnu99 -fPIC -Wall -Wcast-qual -Wconversion -Wextra -Wfloat-equal -Wformat=2 -Winit-self -Winvalid-pch -Wmissing-include-dirs -Wshadow -Wundef -Wwrite-strings -pedantic -Wno-c++-compat -Wbad-function-cast -Wcast-align -Wformat -Wimplicit-function-declaration -Wint-to-pointer-cast -Wmissing-declarations -Wmissing-prototypes -Wnested-externs -Wold-style-definition -Wpacked -Wpointer-sign -Wpointer-to-int-cast -Wredundant-decls -Wstrict-prototypes -Wswitch -Wunused-but-set-variable -Wunused-variable -Wunused-function -Wunused-parameter -finline-functions -Wno-aggregate-return -Wno-inline -Wno-missing-format-attribute -Wno-missing-noreturn -Wno-overlength-strings -Wlarger-than=2560 -Wlogical-op -Wframe-larger-than=16384 -Wpacked-bitfield-compat -Wsync-nand -Wno-unsuffixed-float-constants -Wdouble-promotion -Wtrampolines -Wstack-usage=8192 -Wmaybe-uninitialized -Wno-jump-misses-init -Wstrict-overflow=2 -Wno-suggest-attribute=const -Wno-suggest-attribute=noreturn -Wno-suggest-attribute=pure -Wno-suggest-attribute=format -Wdate-time -Warray-bounds=2 -Wc99-c11-compat -Wincompatible-pointer-types -Wint-conversion -Wduplicated-cond -Whsa -Wnormalized -Wnull-dereference -Wunused-const-variable -Walloca -Walloc-zero -Wduplicated-branches -Wformat-overflow=2 -Wformat-truncation=1 -Wrestrict -Wattribute-alias -Wshift-overflow=2 -Wcast-function-type -Wcast-align=strict -Wno-suggest-attribute=cold -Wno-suggest-attribute=malloc -Wattribute-alias=2 -Wmissing-profile -Wc11-c2x-compat -MD -MT src/CMakeFiles/hdf5-shared.dir/H5Fsuper.c.o -MF src/CMakeFiles/hdf5-shared.dir/H5Fsuper.c.o.d -o src/CMakeFiles/hdf5-shared.dir/H5Fsuper.c.o -c /home/byrn/HDF_Projects/hdf5/dev/src/H5Fsuper.c
[484/4114] /usr/bin/cc -DH5_BUILT_AS_DYNAMIC_LIB -D_FILE_OFFSET_BITS=64 -D_GNU_SOURCE -D_LARGEFILE_SOURCE -D_POSIX_C_SOURCE=200809L -Dhdf5_shared_EXPORTS -I/home/byrn/HDF_Projects/hdf5/dev/src -I/home/byrn/HDF_Projects/hdf5/dev/src/H5FDsubfiling -I/home/byrn/HDF_Projects/hdf5/build/ci-StdShar-GNUC/src -I/home/byrn/HDF_Projects/hdf5/build/ci-StdShar-GNUC/_deps/hdf5_zlib-build -I/home/byrn/HDF_Projects/hdf5/build/ci-StdShar-GNUC/_deps/hdf5_zlib-src -I/home/byrn/HDF_Projects/hdf5/build/ci-StdShar-GNUC/_deps/szip-build -I/home/byrn/HDF_Projects/hdf5/build/ci-StdShar-GNUC/_deps/szip-src/include -I/home/byrn/HDF_Projects/hdf5/build/ci-StdShar-GNUC/_deps/szip-src -std=c99  -fstdarg-opt -fdiagnostics-urls=never -fno-diagnostics-color -fmessage-length=0 -O2 -g -DNDEBUG -std=gnu99 -fPIC -Wall -Wcast-qual -Wconversion -Wextra -Wfloat-equal -Wformat=2 -Winit-self -Winvalid-pch -Wmissing-include-dirs -Wshadow -Wundef -Wwrite-strings -pedantic -Wno-c++-compat -Wbad-function-cast -Wcast-align -Wformat -Wimplicit-function-declaration -Wint-to-pointer-cast -Wmissing-declarations -Wmissing-prototypes -Wnested-externs -Wold-style-definition -Wpacked -Wpointer-sign -Wpointer-to-int-cast -Wredundant-decls -Wstrict-prototypes -Wswitch -Wunused-but-set-variable -Wunused-variable -Wunused-function -Wunused-parameter -finline-functions -Wno-aggregate-return -Wno-inline -Wno-missing-format-attribute -Wno-missing-noreturn -Wno-overlength-strings -Wlarger-than=2560 -Wlogical-op -Wframe-larger-than=16384 -Wpacked-bitfield-compat -Wsync-nand -Wno-unsuffixed-float-constants -Wdouble-promotion -Wtrampolines -Wstack-usage=8192 -Wmaybe-uninitialized -Wno-jump-misses-init -Wstrict-overflow=2 -Wno-suggest-attribute=const -Wno-suggest-attribute=noreturn -Wno-suggest-attribute=pure -Wno-suggest-attribute=format -Wdate-time -Warray-bounds=2 -Wc99-c11-compat -Wincompatible-pointer-types -Wint-conversion -Wduplicated-cond -Whsa -Wnormalized -Wnull-dereference -Wunused-const-variable -Walloca -Walloc-zero -Wduplicated-branches -Wformat-overflow=2 -Wformat-truncation=1 -Wrestrict -Wattribute-alias -Wshift-overflow=2 -Wcast-function-type -Wcast-align=strict -Wno-suggest-attribute=cold -Wno-suggest-attribute=malloc -Wattribute-alias=2 -Wmissing-profile -Wc11-c2x-compat -MD -MT src/CMakeFiles/hdf5-shared.dir/H5FDmirror.c.o -MF src/CMakeFiles/hdf5-shared.dir/H5FDmirror.c.o.d -o src/CMakeFiles/hdf5-shared.dir/H5FDmirror.c.o -c /home/byrn/HDF_Projects/hdf5/dev/src/H5FDmirror.c
[485/4114] /usr/bin/cc -DH5_BUILT_AS_DYNAMIC_LIB -D_FILE_OFFSET_BITS=64 -D_GNU_SOURCE -D_LARGEFILE_SOURCE -D_POSIX_C_SOURCE=200809L -Dhdf5_shared_EXPORTS -I/home/byrn/HDF_Projects/hdf5/dev/src -I/home/byrn/HDF_Projects/hdf5/dev/src/H5FDsubfiling -I/home/byrn/HDF_Projects/hdf5/build/ci-StdShar-GNUC/src -I/home/byrn/HDF_Projects/hdf5/build/ci-StdShar-GNUC/_deps/hdf5_zlib-build -I/home/byrn/HDF_Projects/hdf5/build/ci-StdShar-GNUC/_deps/hdf5_zlib-src -I/home/byrn/HDF_Projects/hdf5/build/ci-StdShar-GNUC/_deps/szip-build -I/home/byrn/HDF_Projects/hdf5/build/ci-StdShar-GNUC/_deps/szip-src/include -I/home/byrn/HDF_Projects/hdf5/build/ci-StdShar-GNUC/_deps/szip-src -std=c99  -fstdarg-opt -fdiagnostics-urls=never -fno-diagnostics-color -fmessage-length=0 -O2 -g -DNDEBUG -std=gnu99 -fPIC -Wall -Wcast-qual -Wconversion -Wextra -Wfloat-equal -Wformat=2 -Winit-self -Winvalid-pch -Wmissing-include-dirs -Wshadow -Wundef -Wwrite-strings -pedantic -Wno-c++-compat -Wbad-function-cast -Wcast-align -Wformat -Wimplicit-function-declaration -Wint-to-pointer-cast -Wmissing-declarations -Wmissing-prototypes -Wnested-externs -Wold-style-definition -Wpacked -Wpointer-sign -Wpointer-to-int-cast -Wredundant-decls -Wstrict-prototypes -Wswitch -Wunused-but-set-variable -Wunused-variable -Wunused-function -Wunused-parameter -finline-functions -Wno-aggregate-return -Wno-inline -Wno-missing-format-attribute -Wno-missing-noreturn -Wno-overlength-strings -Wlarger-than=2560 -Wlogical-op -Wframe-larger-than=16384 -Wpacked-bitfield-compat -Wsync-nand -Wno-unsuffixed-float-constants -Wdouble-promotion -Wtrampolines -Wstack-usage=8192 -Wmaybe-uninitialized -Wno-jump-misses-init -Wstrict-overflow=2 -Wno-suggest-attribute=const -Wno-suggest-attribute=noreturn -Wno-suggest-attribute=pure -Wno-suggest-attribute=format -Wdate-time -Warray-bounds=2 -Wc99-c11-compat -Wincompatible-pointer-types -Wint-conversion -Wduplicated-cond -Whsa -Wnormalized -Wnull-dereference -Wunused-const-variable -Walloca -Walloc-zero -Wduplicated-branches -Wformat-overflow=2 -Wformat-truncation=1 -Wrestrict -Wattribute-alias -Wshift-overflow=2 -Wcast-function-type -Wcast-align=strict -Wno-suggest-attribute=cold -Wno-suggest-attribute=malloc -Wattribute-alias=2 -Wmissing-profile -Wc11-c2x-compat -MD -MT src/CMakeFiles/hdf5-shared.dir/H5FDhdfs.c.o -MF src/CMakeFiles/hdf5-shared.dir/H5FDhdfs.c.o.d -o src/CMakeFiles/hdf5-shared.dir/H5FDhdfs.c.o -c /home/byrn/HDF_Projects/hdf5/dev/src/H5FDhdfs.c
[486/4114] /usr/bin/cc -DH5_BUILT_AS_DYNAMIC_LIB -D_FILE_OFFSET_BITS=64 -D_GNU_SOURCE -D_LARGEFILE_SOURCE -D_POSIX_C_SOURCE=200809L -Dhdf5_shared_EXPORTS -I/home/byrn/HDF_Projects/hdf5/dev/src -I/home/byrn/HDF_Projects/hdf5/dev/src/H5FDsubfiling -I/home/byrn/HDF_Projects/hdf5/build/ci-StdShar-GNUC/src -I/home/byrn/HDF_Projects/hdf5/build/ci-StdShar-GNUC/_deps/hdf5_zlib-build -I/home/byrn/HDF_Projects/hdf5/build/ci-StdShar-GNUC/_deps/hdf5_zlib-src -I/home/byrn/HDF_Projects/hdf5/build/ci-StdShar-GNUC/_deps/szip-build -I/home/byrn/HDF_Projects/hdf5/build/ci-StdShar-GNUC/_deps/szip-src/include -I/home/byrn/HDF_Projects/hdf5/build/ci-StdShar-GNUC/_deps/szip-src -std=c99  -fstdarg-opt -fdiagnostics-urls=never -fno-diagnostics-color -fmessage-length=0 -O2 -g -DNDEBUG -std=gnu99 -fPIC -Wall -Wcast-qual -Wconversion -Wextra -Wfloat-equal -Wformat=2 -Winit-self -Winvalid-pch -Wmissing-include-dirs -Wshadow -Wundef -Wwrite-strings -pedantic -Wno-c++-compat -Wbad-function-cast -Wcast-align -Wformat -Wimplicit-function-declaration -Wint-to-pointer-cast -Wmissing-declarations -Wmissing-prototypes -Wnested-externs -Wold-style-definition -Wpacked -Wpointer-sign -Wpointer-to-int-cast -Wredundant-decls -Wstrict-prototypes -Wswitch -Wunused-but-set-variable -Wunused-variable -Wunused-function -Wunused-parameter -finline-functions -Wno-aggregate-return -Wno-inline -Wno-missing-format-attribute -Wno-missing-noreturn -Wno-overlength-strings -Wlarger-than=2560 -Wlogical-op -Wframe-larger-than=16384 -Wpacked-bitfield-compat -Wsync-nand -Wno-unsuffixed-float-constants -Wdouble-promotion -Wtrampolines -Wstack-usage=8192 -Wmaybe-uninitialized -Wno-jump-misses-init -Wstrict-overflow=2 -Wno-suggest-attribute=const -Wno-suggest-attribute=noreturn -Wno-suggest-attribute=pure -Wno-suggest-attribute=format -Wdate-time -Warray-bounds=2 -Wc99-c11-compat -Wincompatible-pointer-types -Wint-conversion -Wduplicated-cond -Whsa -Wnormalized -Wnull-dereference -Wunused-const-variable -Walloca -Walloc-zero -Wduplicated-branches -Wformat-overflow=2 -Wformat-truncation=1 -Wrestrict -Wattribute-alias -Wshift-overflow=2 -Wcast-function-type -Wcast-align=strict -Wno-suggest-attribute=cold -Wno-suggest-attribute=malloc -Wattribute-alias=2 -Wmissing-profile -Wc11-c2x-compat -MD -MT src/CMakeFiles/hdf5-shared.dir/H5FDmpi.c.o -MF src/CMakeFiles/hdf5-shared.dir/H5FDmpi.c.o.d -o src/CMakeFiles/hdf5-shared.dir/H5FDmpi.c.o -c /home/byrn/HDF_Projects/hdf5/dev/src/H5FDmpi.c
[487/4114] /usr/bin/cc -DH5_BUILT_AS_DYNAMIC_LIB -D_FILE_OFFSET_BITS=64 -D_GNU_SOURCE -D_LARGEFILE_SOURCE -D_POSIX_C_SOURCE=200809L -Dhdf5_shared_EXPORTS -I/home/byrn/HDF_Projects/hdf5/dev/src -I/home/byrn/HDF_Projects/hdf5/dev/src/H5FDsubfiling -I/home/byrn/HDF_Projects/hdf5/build/ci-StdShar-GNUC/src -I/home/byrn/HDF_Projects/hdf5/build/ci-StdShar-GNUC/_deps/hdf5_zlib-build -I/home/byrn/HDF_Projects/hdf5/build/ci-StdShar-GNUC/_deps/hdf5_zlib-src -I/home/byrn/HDF_Projects/hdf5/build/ci-StdShar-GNUC/_deps/szip-build -I/home/byrn/HDF_Projects/hdf5/build/ci-StdShar-GNUC/_deps/szip-src/include -I/home/byrn/HDF_Projects/hdf5/build/ci-StdShar-GNUC/_deps/szip-src -std=c99  -fstdarg-opt -fdiagnostics-urls=never -fno-diagnostics-color -fmessage-length=0 -O2 -g -DNDEBUG -std=gnu99 -fPIC -Wall -Wcast-qual -Wconversion -Wextra -Wfloat-equal -Wformat=2 -Winit-self -Winvalid-pch -Wmissing-include-dirs -Wshadow -Wundef -Wwrite-strings -pedantic -Wno-c++-compat -Wbad-function-cast -Wcast-align -Wformat -Wimplicit-function-declaration -Wint-to-pointer-cast -Wmissing-declarations -Wmissing-prototypes -Wnested-externs -Wold-style-definition -Wpacked -Wpointer-sign -Wpointer-to-int-cast -Wredundant-decls -Wstrict-prototypes -Wswitch -Wunused-but-set-variable -Wunused-variable -Wunused-function -Wunused-parameter -finline-functions -Wno-aggregate-return -Wno-inline -Wno-missing-format-attribute -Wno-missing-noreturn -Wno-overlength-strings -Wlarger-than=2560 -Wlogical-op -Wframe-larger-than=16384 -Wpacked-bitfield-compat -Wsync-nand -Wno-unsuffixed-float-constants -Wdouble-promotion -Wtrampolines -Wstack-usage=8192 -Wmaybe-uninitialized -Wno-jump-misses-init -Wstrict-overflow=2 -Wno-suggest-attribute=const -Wno-suggest-attribute=noreturn -Wno-suggest-attribute=pure -Wno-suggest-attribute=format -Wdate-time -Warray-bounds=2 -Wc99-c11-compat -Wincompatible-pointer-types -Wint-conversion -Wduplicated-cond -Whsa -Wnormalized -Wnull-dereference -Wunused-const-variable -Walloca -Walloc-zero -Wduplicated-branches -Wformat-overflow=2 -Wformat-truncation=1 -Wrestrict -Wattribute-alias -Wshift-overflow=2 -Wcast-function-type -Wcast-align=strict -Wno-suggest-attribute=cold -Wno-suggest-attribute=malloc -Wattribute-alias=2 -Wmissing-profile -Wc11-c2x-compat -MD -MT src/CMakeFiles/hdf5-shared.dir/H5FDcore.c.o -MF src/CMakeFiles/hdf5-shared.dir/H5FDcore.c.o.d -o src/CMakeFiles/hdf5-shared.dir/H5FDcore.c.o -c /home/byrn/HDF_Projects/hdf5/dev/src/H5FDcore.c
[488/4114] /usr/bin/cc -DH5_BUILT_AS_DYNAMIC_LIB -D_FILE_OFFSET_BITS=64 -D_GNU_SOURCE -D_LARGEFILE_SOURCE -D_POSIX_C_SOURCE=200809L -Dhdf5_shared_EXPORTS -I/home/byrn/HDF_Projects/hdf5/dev/src -I/home/byrn/HDF_Projects/hdf5/dev/src/H5FDsubfiling -I/home/byrn/HDF_Projects/hdf5/build/ci-StdShar-GNUC/src -I/home/byrn/HDF_Projects/hdf5/build/ci-StdShar-GNUC/_deps/hdf5_zlib-build -I/home/byrn/HDF_Projects/hdf5/build/ci-StdShar-GNUC/_deps/hdf5_zlib-src -I/home/byrn/HDF_Projects/hdf5/build/ci-StdShar-GNUC/_deps/szip-build -I/home/byrn/HDF_Projects/hdf5/build/ci-StdShar-GNUC/_deps/szip-src/include -I/home/byrn/HDF_Projects/hdf5/build/ci-StdShar-GNUC/_deps/szip-src -std=c99  -fstdarg-opt -fdiagnostics-urls=never -fno-diagnostics-color -fmessage-length=0 -O2 -g -DNDEBUG -std=gnu99 -fPIC -Wall -Wcast-qual -Wconversion -Wextra -Wfloat-equal -Wformat=2 -Winit-self -Winvalid-pch -Wmissing-include-dirs -Wshadow -Wundef -Wwrite-strings -pedantic -Wno-c++-compat -Wbad-function-cast -Wcast-align -Wformat -Wimplicit-function-declaration -Wint-to-pointer-cast -Wmissing-declarations -Wmissing-prototypes -Wnested-externs -Wold-style-definition -Wpacked -Wpointer-sign -Wpointer-to-int-cast -Wredundant-decls -Wstrict-prototypes -Wswitch -Wunused-but-set-variable -Wunused-variable -Wunused-function -Wunused-parameter -finline-functions -Wno-aggregate-return -Wno-inline -Wno-missing-format-attribute -Wno-missing-noreturn -Wno-overlength-strings -Wlarger-than=2560 -Wlogical-op -Wframe-larger-than=16384 -Wpacked-bitfield-compat -Wsync-nand -Wno-unsuffixed-float-constants -Wdouble-promotion -Wtrampolines -Wstack-usage=8192 -Wmaybe-uninitialized -Wno-jump-misses-init -Wstrict-overflow=2 -Wno-suggest-attribute=const -Wno-suggest-attribute=noreturn -Wno-suggest-attribute=pure -Wno-suggest-attribute=format -Wdate-time -Warray-bounds=2 -Wc99-c11-compat -Wincompatible-pointer-types -Wint-conversion -Wduplicated-cond -Whsa -Wnormalized -Wnull-dereference -Wunused-const-variable -Walloca -Walloc-zero -Wduplicated-branches -Wformat-overflow=2 -Wformat-truncation=1 -Wrestrict -Wattribute-alias -Wshift-overflow=2 -Wcast-function-type -Wcast-align=strict -Wno-suggest-attribute=cold -Wno-suggest-attribute=malloc -Wattribute-alias=2 -Wmissing-profile -Wc11-c2x-compat -MD -MT src/CMakeFiles/hdf5-shared.dir/H5FDmpio.c.o -MF src/CMakeFiles/hdf5-shared.dir/H5FDmpio.c.o.d -o src/CMakeFiles/hdf5-shared.dir/H5FDmpio.c.o -c /home/byrn/HDF_Projects/hdf5/dev/src/H5FDmpio.c
[489/4114] /usr/bin/cc -DH5_BUILT_AS_DYNAMIC_LIB -D_FILE_OFFSET_BITS=64 -D_GNU_SOURCE -D_LARGEFILE_SOURCE -D_POSIX_C_SOURCE=200809L -Dhdf5_shared_EXPORTS -I/home/byrn/HDF_Projects/hdf5/dev/src -I/home/byrn/HDF_Projects/hdf5/dev/src/H5FDsubfiling -I/home/byrn/HDF_Projects/hdf5/build/ci-StdShar-GNUC/src -I/home/byrn/HDF_Projects/hdf5/build/ci-StdShar-GNUC/_deps/hdf5_zlib-build -I/home/byrn/HDF_Projects/hdf5/build/ci-StdShar-GNUC/_deps/hdf5_zlib-src -I/home/byrn/HDF_Projects/hdf5/build/ci-StdShar-GNUC/_deps/szip-build -I/home/byrn/HDF_Projects/hdf5/build/ci-StdShar-GNUC/_deps/szip-src/include -I/home/byrn/HDF_Projects/hdf5/build/ci-StdShar-GNUC/_deps/szip-src -std=c99  -fstdarg-opt -fdiagnostics-urls=never -fno-diagnostics-color -fmessage-length=0 -O2 -g -DNDEBUG -std=gnu99 -fPIC -Wall -Wcast-qual -Wconversion -Wextra -Wfloat-equal -Wformat=2 -Winit-self -Winvalid-pch -Wmissing-include-dirs -Wshadow -Wundef -Wwrite-strings -pedantic -Wno-c++-compat -Wbad-function-cast -Wcast-align -Wformat -Wimplicit-function-declaration -Wint-to-pointer-cast -Wmissing-declarations -Wmissing-prototypes -Wnested-externs -Wold-style-definition -Wpacked -Wpointer-sign -Wpointer-to-int-cast -Wredundant-decls -Wstrict-prototypes -Wswitch -Wunused-but-set-variable -Wunused-variable -Wunused-function -Wunused-parameter -finline-functions -Wno-aggregate-return -Wno-inline -Wno-missing-format-attribute -Wno-missing-noreturn -Wno-overlength-strings -Wlarger-than=2560 -Wlogical-op -Wframe-larger-than=16384 -Wpacked-bitfield-compat -Wsync-nand -Wno-unsuffixed-float-constants -Wdouble-promotion -Wtrampolines -Wstack-usage=8192 -Wmaybe-uninitialized -Wno-jump-misses-init -Wstrict-overflow=2 -Wno-suggest-attribute=const -Wno-suggest-attribute=noreturn -Wno-suggest-attribute=pure -Wno-suggest-attribute=format -Wdate-time -Warray-bounds=2 -Wc99-c11-compat -Wincompatible-pointer-types -Wint-conversion -Wduplicated-cond -Whsa -Wnormalized -Wnull-dereference -Wunused-const-variable -Walloca -Walloc-zero -Wduplicated-branches -Wformat-overflow=2 -Wformat-truncation=1 -Wrestrict -Wattribute-alias -Wshift-overflow=2 -Wcast-function-type -Wcast-align=strict -Wno-suggest-attribute=cold -Wno-suggest-attribute=malloc -Wattribute-alias=2 -Wmissing-profile -Wc11-c2x-compat -MD -MT src/CMakeFiles/hdf5-shared.dir/H5FDfamily.c.o -MF src/CMakeFiles/hdf5-shared.dir/H5FDfamily.c.o.d -o src/CMakeFiles/hdf5-shared.dir/H5FDfamily.c.o -c /home/byrn/HDF_Projects/hdf5/dev/src/H5FDfamily.c
[490/4114] /usr/bin/cc -DH5_BUILT_AS_DYNAMIC_LIB -D_FILE_OFFSET_BITS=64 -D_GNU_SOURCE -D_LARGEFILE_SOURCE -D_POSIX_C_SOURCE=200809L -Dhdf5_shared_EXPORTS -I/home/byrn/HDF_Projects/hdf5/dev/src -I/home/byrn/HDF_Projects/hdf5/dev/src/H5FDsubfiling -I/home/byrn/HDF_Projects/hdf5/build/ci-StdShar-GNUC/src -I/home/byrn/HDF_Projects/hdf5/build/ci-StdShar-GNUC/_deps/hdf5_zlib-build -I/home/byrn/HDF_Projects/hdf5/build/ci-StdShar-GNUC/_deps/hdf5_zlib-src -I/home/byrn/HDF_Projects/hdf5/build/ci-StdShar-GNUC/_deps/szip-build -I/home/byrn/HDF_Projects/hdf5/build/ci-StdShar-GNUC/_deps/szip-src/include -I/home/byrn/HDF_Projects/hdf5/build/ci-StdShar-GNUC/_deps/szip-src -std=c99  -fstdarg-opt -fdiagnostics-urls=never -fno-diagnostics-color -fmessage-length=0 -O2 -g -DNDEBUG -std=gnu99 -fPIC -Wall -Wcast-qual -Wconversion -Wextra -Wfloat-equal -Wformat=2 -Winit-self -Winvalid-pch -Wmissing-include-dirs -Wshadow -Wundef -Wwrite-strings -pedantic -Wno-c++-compat -Wbad-function-cast -Wcast-align -Wformat -Wimplicit-function-declaration -Wint-to-pointer-cast -Wmissing-declarations -Wmissing-prototypes -Wnested-externs -Wold-style-definition -Wpacked -Wpointer-sign -Wpointer-to-int-cast -Wredundant-decls -Wstrict-prototypes -Wswitch -Wunused-but-set-variable -Wunused-variable -Wunused-function -Wunused-parameter -finline-functions -Wno-aggregate-return -Wno-inline -Wno-missing-format-attribute -Wno-missing-noreturn -Wno-overlength-strings -Wlarger-than=2560 -Wlogical-op -Wframe-larger-than=16384 -Wpacked-bitfield-compat -Wsync-nand -Wno-unsuffixed-float-constants -Wdouble-promotion -Wtrampolines -Wstack-usage=8192 -Wmaybe-uninitialized -Wno-jump-misses-init -Wstrict-overflow=2 -Wno-suggest-attribute=const -Wno-suggest-attribute=noreturn -Wno-suggest-attribute=pure -Wno-suggest-attribute=format -Wdate-time -Warray-bounds=2 -Wc99-c11-compat -Wincompatible-pointer-types -Wint-conversion -Wduplicated-cond -Whsa -Wnormalized -Wnull-dereference -Wunused-const-variable -Walloca -Walloc-zero -Wduplicated-branches -Wformat-overflow=2 -Wformat-truncation=1 -Wrestrict -Wattribute-alias -Wshift-overflow=2 -Wcast-function-type -Wcast-align=strict -Wno-suggest-attribute=cold -Wno-suggest-attribute=malloc -Wattribute-alias=2 -Wmissing-profile -Wc11-c2x-compat -MD -MT src/CMakeFiles/hdf5-shared.dir/H5FDlog.c.o -MF src/CMakeFiles/hdf5-shared.dir/H5FDlog.c.o.d -o src/CMakeFiles/hdf5-shared.dir/H5FDlog.c.o -c /home/byrn/HDF_Projects/hdf5/dev/src/H5FDlog.c
[491/4114] /usr/bin/cc -DH5_BUILT_AS_DYNAMIC_LIB -D_FILE_OFFSET_BITS=64 -D_GNU_SOURCE -D_LARGEFILE_SOURCE -D_POSIX_C_SOURCE=200809L -Dhdf5_shared_EXPORTS -I/home/byrn/HDF_Projects/hdf5/dev/src -I/home/byrn/HDF_Projects/hdf5/dev/src/H5FDsubfiling -I/home/byrn/HDF_Projects/hdf5/build/ci-StdShar-GNUC/src -I/home/byrn/HDF_Projects/hdf5/build/ci-StdShar-GNUC/_deps/hdf5_zlib-build -I/home/byrn/HDF_Projects/hdf5/build/ci-StdShar-GNUC/_deps/hdf5_zlib-src -I/home/byrn/HDF_Projects/hdf5/build/ci-StdShar-GNUC/_deps/szip-build -I/home/byrn/HDF_Projects/hdf5/build/ci-StdShar-GNUC/_deps/szip-src/include -I/home/byrn/HDF_Projects/hdf5/build/ci-StdShar-GNUC/_deps/szip-src -std=c99  -fstdarg-opt -fdiagnostics-urls=never -fno-diagnostics-color -fmessage-length=0 -O2 -g -DNDEBUG -std=gnu99 -fPIC -Wall -Wcast-qual -Wconversion -Wextra -Wfloat-equal -Wformat=2 -Winit-self -Winvalid-pch -Wmissing-include-dirs -Wshadow -Wundef -Wwrite-strings -pedantic -Wno-c++-compat -Wbad-function-cast -Wcast-align -Wformat -Wimplicit-function-declaration -Wint-to-pointer-cast -Wmissing-declarations -Wmissing-prototypes -Wnested-externs -Wold-style-definition -Wpacked -Wpointer-sign -Wpointer-to-int-cast -Wredundant-decls -Wstrict-prototypes -Wswitch -Wunused-but-set-variable -Wunused-variable -Wunused-function -Wunused-parameter -finline-functions -Wno-aggregate-return -Wno-inline -Wno-missing-format-attribute -Wno-missing-noreturn -Wno-overlength-strings -Wlarger-than=2560 -Wlogical-op -Wframe-larger-than=16384 -Wpacked-bitfield-compat -Wsync-nand -Wno-unsuffixed-float-constants -Wdouble-promotion -Wtrampolines -Wstack-usage=8192 -Wmaybe-uninitialized -Wno-jump-misses-init -Wstrict-overflow=2 -Wno-suggest-attribute=const -Wno-suggest-attribute=noreturn -Wno-suggest-attribute=pure -Wno-suggest-attribute=format -Wdate-time -Warray-bounds=2 -Wc99-c11-compat -Wincompatible-pointer-types -Wint-conversion -Wduplicated-cond -Whsa -Wnormalized -Wnull-dereference -Wunused-const-variable -Walloca -Walloc-zero -Wduplicated-branches -Wformat-overflow=2 -Wformat-truncation=1 -Wrestrict -Wattribute-alias -Wshift-overflow=2 -Wcast-function-type -Wcast-align=strict -Wno-suggest-attribute=cold -Wno-suggest-attribute=malloc -Wattribute-alias=2 -Wmissing-profile -Wc11-c2x-compat -MD -MT src/CMakeFiles/hdf5-shared.dir/H5FDonion_header.c.o -MF src/CMakeFiles/hdf5-shared.dir/H5FDonion_header.c.o.d -o src/CMakeFiles/hdf5-shared.dir/H5FDonion_header.c.o -c /home/byrn/HDF_Projects/hdf5/dev/src/H5FDonion_header.c
[492/4114] /usr/bin/cc -DH5_BUILT_AS_DYNAMIC_LIB -D_FILE_OFFSET_BITS=64 -D_GNU_SOURCE -D_LARGEFILE_SOURCE -D_POSIX_C_SOURCE=200809L -Dhdf5_shared_EXPORTS -I/home/byrn/HDF_Projects/hdf5/dev/src -I/home/byrn/HDF_Projects/hdf5/dev/src/H5FDsubfiling -I/home/byrn/HDF_Projects/hdf5/build/ci-StdShar-GNUC/src -I/home/byrn/HDF_Projects/hdf5/build/ci-StdShar-GNUC/_deps/hdf5_zlib-build -I/home/byrn/HDF_Projects/hdf5/build/ci-StdShar-GNUC/_deps/hdf5_zlib-src -I/home/byrn/HDF_Projects/hdf5/build/ci-StdShar-GNUC/_deps/szip-build -I/home/byrn/HDF_Projects/hdf5/build/ci-StdShar-GNUC/_deps/szip-src/include -I/home/byrn/HDF_Projects/hdf5/build/ci-StdShar-GNUC/_deps/szip-src -std=c99  -fstdarg-opt -fdiagnostics-urls=never -fno-diagnostics-color -fmessage-length=0 -O2 -g -DNDEBUG -std=gnu99 -fPIC -Wall -Wcast-qual -Wconversion -Wextra -Wfloat-equal -Wformat=2 -Winit-self -Winvalid-pch -Wmissing-include-dirs -Wshadow -Wundef -Wwrite-strings -pedantic -Wno-c++-compat -Wbad-function-cast -Wcast-align -Wformat -Wimplicit-function-declaration -Wint-to-pointer-cast -Wmissing-declarations -Wmissing-prototypes -Wnested-externs -Wold-style-definition -Wpacked -Wpointer-sign -Wpointer-to-int-cast -Wredundant-decls -Wstrict-prototypes -Wswitch -Wunused-but-set-variable -Wunused-variable -Wunused-function -Wunused-parameter -finline-functions -Wno-aggregate-return -Wno-inline -Wno-missing-format-attribute -Wno-missing-noreturn -Wno-overlength-strings -Wlarger-than=2560 -Wlogical-op -Wframe-larger-than=16384 -Wpacked-bitfield-compat -Wsync-nand -Wno-unsuffixed-float-constants -Wdouble-promotion -Wtrampolines -Wstack-usage=8192 -Wmaybe-uninitialized -Wno-jump-misses-init -Wstrict-overflow=2 -Wno-suggest-attribute=const -Wno-suggest-attribute=noreturn -Wno-suggest-attribute=pure -Wno-suggest-attribute=format -Wdate-time -Warray-bounds=2 -Wc99-c11-compat -Wincompatible-pointer-types -Wint-conversion -Wduplicated-cond -Whsa -Wnormalized -Wnull-dereference -Wunused-const-variable -Walloca -Walloc-zero -Wduplicated-branches -Wformat-overflow=2 -Wformat-truncation=1 -Wrestrict -Wattribute-alias -Wshift-overflow=2 -Wcast-function-type -Wcast-align=strict -Wno-suggest-attribute=cold -Wno-suggest-attribute=malloc -Wattribute-alias=2 -Wmissing-profile -Wc11-c2x-compat -MD -MT src/CMakeFiles/hdf5-shared.dir/H5FDonion_history.c.o -MF src/CMakeFiles/hdf5-shared.dir/H5FDonion_history.c.o.d -o src/CMakeFiles/hdf5-shared.dir/H5FDonion_history.c.o -c /home/byrn/HDF_Projects/hdf5/dev/src/H5FDonion_history.c
[493/4114] /usr/bin/cc -DH5_BUILT_AS_DYNAMIC_LIB -D_FILE_OFFSET_BITS=64 -D_GNU_SOURCE -D_LARGEFILE_SOURCE -D_POSIX_C_SOURCE=200809L -Dhdf5_shared_EXPORTS -I/home/byrn/HDF_Projects/hdf5/dev/src -I/home/byrn/HDF_Projects/hdf5/dev/src/H5FDsubfiling -I/home/byrn/HDF_Projects/hdf5/build/ci-StdShar-GNUC/src -I/home/byrn/HDF_Projects/hdf5/build/ci-StdShar-GNUC/_deps/hdf5_zlib-build -I/home/byrn/HDF_Projects/hdf5/build/ci-StdShar-GNUC/_deps/hdf5_zlib-src -I/home/byrn/HDF_Projects/hdf5/build/ci-StdShar-GNUC/_deps/szip-build -I/home/byrn/HDF_Projects/hdf5/build/ci-StdShar-GNUC/_deps/szip-src/include -I/home/byrn/HDF_Projects/hdf5/build/ci-StdShar-GNUC/_deps/szip-src -std=c99  -fstdarg-opt -fdiagnostics-urls=never -fno-diagnostics-color -fmessage-length=0 -O2 -g -DNDEBUG -std=gnu99 -fPIC -Wall -Wcast-qual -Wconversion -Wextra -Wfloat-equal -Wformat=2 -Winit-self -Winvalid-pch -Wmissing-include-dirs -Wshadow -Wundef -Wwrite-strings -pedantic -Wno-c++-compat -Wbad-function-cast -Wcast-align -Wformat -Wimplicit-function-declaration -Wint-to-pointer-cast -Wmissing-declarations -Wmissing-prototypes -Wnested-externs -Wold-style-definition -Wpacked -Wpointer-sign -Wpointer-to-int-cast -Wredundant-decls -Wstrict-prototypes -Wswitch -Wunused-but-set-variable -Wunused-variable -Wunused-function -Wunused-parameter -finline-functions -Wno-aggregate-return -Wno-inline -Wno-missing-format-attribute -Wno-missing-noreturn -Wno-overlength-strings -Wlarger-than=2560 -Wlogical-op -Wframe-larger-than=16384 -Wpacked-bitfield-compat -Wsync-nand -Wno-unsuffixed-float-constants -Wdouble-promotion -Wtrampolines -Wstack-usage=8192 -Wmaybe-uninitialized -Wno-jump-misses-init -Wstrict-overflow=2 -Wno-suggest-attribute=const -Wno-suggest-attribute=noreturn -Wno-suggest-attribute=pure -Wno-suggest-attribute=format -Wdate-time -Warray-bounds=2 -Wc99-c11-compat -Wincompatible-pointer-types -Wint-conversion -Wduplicated-cond -Whsa -Wnormalized -Wnull-dereference -Wunused-const-variable -Walloca -Walloc-zero -Wduplicated-branches -Wformat-overflow=2 -Wformat-truncation=1 -Wrestrict -Wattribute-alias -Wshift-overflow=2 -Wcast-function-type -Wcast-align=strict -Wno-suggest-attribute=cold -Wno-suggest-attribute=malloc -Wattribute-alias=2 -Wmissing-profile -Wc11-c2x-compat -MD -MT src/CMakeFiles/hdf5-shared.dir/H5FD.c.o -MF src/CMakeFiles/hdf5-shared.dir/H5FD.c.o.d -o src/CMakeFiles/hdf5-shared.dir/H5FD.c.o -c /home/byrn/HDF_Projects/hdf5/dev/src/H5FD.c
[494/4114] /usr/bin/cc -DH5_BUILT_AS_DYNAMIC_LIB -D_FILE_OFFSET_BITS=64 -D_GNU_SOURCE -D_LARGEFILE_SOURCE -D_POSIX_C_SOURCE=200809L -Dhdf5_shared_EXPORTS -I/home/byrn/HDF_Projects/hdf5/dev/src -I/home/byrn/HDF_Projects/hdf5/dev/src/H5FDsubfiling -I/home/byrn/HDF_Projects/hdf5/build/ci-StdShar-GNUC/src -I/home/byrn/HDF_Projects/hdf5/build/ci-StdShar-GNUC/_deps/hdf5_zlib-build -I/home/byrn/HDF_Projects/hdf5/build/ci-StdShar-GNUC/_deps/hdf5_zlib-src -I/home/byrn/HDF_Projects/hdf5/build/ci-StdShar-GNUC/_deps/szip-build -I/home/byrn/HDF_Projects/hdf5/build/ci-StdShar-GNUC/_deps/szip-src/include -I/home/byrn/HDF_Projects/hdf5/build/ci-StdShar-GNUC/_deps/szip-src -std=c99  -fstdarg-opt -fdiagnostics-urls=never -fno-diagnostics-color -fmessage-length=0 -O2 -g -DNDEBUG -std=gnu99 -fPIC -Wall -Wcast-qual -Wconversion -Wextra -Wfloat-equal -Wformat=2 -Winit-self -Winvalid-pch -Wmissing-include-dirs -Wshadow -Wundef -Wwrite-strings -pedantic -Wno-c++-compat -Wbad-function-cast -Wcast-align -Wformat -Wimplicit-function-declaration -Wint-to-pointer-cast -Wmissing-declarations -Wmissing-prototypes -Wnested-externs -Wold-style-definition -Wpacked -Wpointer-sign -Wpointer-to-int-cast -Wredundant-decls -Wstrict-prototypes -Wswitch -Wunused-but-set-variable -Wunused-variable -Wunused-function -Wunused-parameter -finline-functions -Wno-aggregate-return -Wno-inline -Wno-missing-format-attribute -Wno-missing-noreturn -Wno-overlength-strings -Wlarger-than=2560 -Wlogical-op -Wframe-larger-than=16384 -Wpacked-bitfield-compat -Wsync-nand -Wno-unsuffixed-float-constants -Wdouble-promotion -Wtrampolines -Wstack-usage=8192 -Wmaybe-uninitialized -Wno-jump-misses-init -Wstrict-overflow=2 -Wno-suggest-attribute=const -Wno-suggest-attribute=noreturn -Wno-suggest-attribute=pure -Wno-suggest-attribute=format -Wdate-time -Warray-bounds=2 -Wc99-c11-compat -Wincompatible-pointer-types -Wint-conversion -Wduplicated-cond -Whsa -Wnormalized -Wnull-dereference -Wunused-const-variable -Walloca -Walloc-zero -Wduplicated-branches -Wformat-overflow=2 -Wformat-truncation=1 -Wrestrict -Wattribute-alias -Wshift-overflow=2 -Wcast-function-type -Wcast-align=strict -Wno-suggest-attribute=cold -Wno-suggest-attribute=malloc -Wattribute-alias=2 -Wmissing-profile -Wc11-c2x-compat -MD -MT src/CMakeFiles/hdf5-shared.dir/H5FDperform.c.o -MF src/CMakeFiles/hdf5-shared.dir/H5FDperform.c.o.d -o src/CMakeFiles/hdf5-shared.dir/H5FDperform.c.o -c /home/byrn/HDF_Projects/hdf5/dev/src/H5FDperform.c
[495/4114] /usr/bin/cc -DH5_BUILT_AS_DYNAMIC_LIB -D_FILE_OFFSET_BITS=64 -D_GNU_SOURCE -D_LARGEFILE_SOURCE -D_POSIX_C_SOURCE=200809L -Dhdf5_shared_EXPORTS -I/home/byrn/HDF_Projects/hdf5/dev/src -I/home/byrn/HDF_Projects/hdf5/dev/src/H5FDsubfiling -I/home/byrn/HDF_Projects/hdf5/build/ci-StdShar-GNUC/src -I/home/byrn/HDF_Projects/hdf5/build/ci-StdShar-GNUC/_deps/hdf5_zlib-build -I/home/byrn/HDF_Projects/hdf5/build/ci-StdShar-GNUC/_deps/hdf5_zlib-src -I/home/byrn/HDF_Projects/hdf5/build/ci-StdShar-GNUC/_deps/szip-build -I/home/byrn/HDF_Projects/hdf5/build/ci-StdShar-GNUC/_deps/szip-src/include -I/home/byrn/HDF_Projects/hdf5/build/ci-StdShar-GNUC/_deps/szip-src -std=c99  -fstdarg-opt -fdiagnostics-urls=never -fno-diagnostics-color -fmessage-length=0 -O2 -g -DNDEBUG -std=gnu99 -fPIC -Wall -Wcast-qual -Wconversion -Wextra -Wfloat-equal -Wformat=2 -Winit-self -Winvalid-pch -Wmissing-include-dirs -Wshadow -Wundef -Wwrite-strings -pedantic -Wno-c++-compat -Wbad-function-cast -Wcast-align -Wformat -Wimplicit-function-declaration -Wint-to-pointer-cast -Wmissing-declarations -Wmissing-prototypes -Wnested-externs -Wold-style-definition -Wpacked -Wpointer-sign -Wpointer-to-int-cast -Wredundant-decls -Wstrict-prototypes -Wswitch -Wunused-but-set-variable -Wunused-variable -Wunused-function -Wunused-parameter -finline-functions -Wno-aggregate-return -Wno-inline -Wno-missing-format-attribute -Wno-missing-noreturn -Wno-overlength-strings -Wlarger-than=2560 -Wlogical-op -Wframe-larger-than=16384 -Wpacked-bitfield-compat -Wsync-nand -Wno-unsuffixed-float-constants -Wdouble-promotion -Wtrampolines -Wstack-usage=8192 -Wmaybe-uninitialized -Wno-jump-misses-init -Wstrict-overflow=2 -Wno-suggest-attribute=const -Wno-suggest-attribute=noreturn -Wno-suggest-attribute=pure -Wno-suggest-attribute=format -Wdate-time -Warray-bounds=2 -Wc99-c11-compat -Wincompatible-pointer-types -Wint-conversion -Wduplicated-cond -Whsa -Wnormalized -Wnull-dereference -Wunused-const-variable -Walloca -Walloc-zero -Wduplicated-branches -Wformat-overflow=2 -Wformat-truncation=1 -Wrestrict -Wattribute-alias -Wshift-overflow=2 -Wcast-function-type -Wcast-align=strict -Wno-suggest-attribute=cold -Wno-suggest-attribute=malloc -Wattribute-alias=2 -Wmissing-profile -Wc11-c2x-compat -MD -MT src/CMakeFiles/hdf5-shared.dir/H5FDmulti.c.o -MF src/CMakeFiles/hdf5-shared.dir/H5FDmulti.c.o.d -o src/CMakeFiles/hdf5-shared.dir/H5FDmulti.c.o -c /home/byrn/HDF_Projects/hdf5/dev/src/H5FDmulti.c
[496/4114] /usr/bin/cc -DH5_BUILT_AS_DYNAMIC_LIB -D_FILE_OFFSET_BITS=64 -D_GNU_SOURCE -D_LARGEFILE_SOURCE -D_POSIX_C_SOURCE=200809L -Dhdf5_shared_EXPORTS -I/home/byrn/HDF_Projects/hdf5/dev/src -I/home/byrn/HDF_Projects/hdf5/dev/src/H5FDsubfiling -I/home/byrn/HDF_Projects/hdf5/build/ci-StdShar-GNUC/src -I/home/byrn/HDF_Projects/hdf5/build/ci-StdShar-GNUC/_deps/hdf5_zlib-build -I/home/byrn/HDF_Projects/hdf5/build/ci-StdShar-GNUC/_deps/hdf5_zlib-src -I/home/byrn/HDF_Projects/hdf5/build/ci-StdShar-GNUC/_deps/szip-build -I/home/byrn/HDF_Projects/hdf5/build/ci-StdShar-GNUC/_deps/szip-src/include -I/home/byrn/HDF_Projects/hdf5/build/ci-StdShar-GNUC/_deps/szip-src -std=c99  -fstdarg-opt -fdiagnostics-urls=never -fno-diagnostics-color -fmessage-length=0 -O2 -g -DNDEBUG -std=gnu99 -fPIC -Wall -Wcast-qual -Wconversion -Wextra -Wfloat-equal -Wformat=2 -Winit-self -Winvalid-pch -Wmissing-include-dirs -Wshadow -Wundef -Wwrite-strings -pedantic -Wno-c++-compat -Wbad-function-cast -Wcast-align -Wformat -Wimplicit-function-declaration -Wint-to-pointer-cast -Wmissing-declarations -Wmissing-prototypes -Wnested-externs -Wold-style-definition -Wpacked -Wpointer-sign -Wpointer-to-int-cast -Wredundant-decls -Wstrict-prototypes -Wswitch -Wunused-but-set-variable -Wunused-variable -Wunused-function -Wunused-parameter -finline-functions -Wno-aggregate-return -Wno-inline -Wno-missing-format-attribute -Wno-missing-noreturn -Wno-overlength-strings -Wlarger-than=2560 -Wlogical-op -Wframe-larger-than=16384 -Wpacked-bitfield-compat -Wsync-nand -Wno-unsuffixed-float-constants -Wdouble-promotion -Wtrampolines -Wstack-usage=8192 -Wmaybe-uninitialized -Wno-jump-misses-init -Wstrict-overflow=2 -Wno-suggest-attribute=const -Wno-suggest-attribute=noreturn -Wno-suggest-attribute=pure -Wno-suggest-attribute=format -Wdate-time -Warray-bounds=2 -Wc99-c11-compat -Wincompatible-pointer-types -Wint-conversion -Wduplicated-cond -Whsa -Wnormalized -Wnull-dereference -Wunused-const-variable -Walloca -Walloc-zero -Wduplicated-branches -Wformat-overflow=2 -Wformat-truncation=1 -Wrestrict -Wattribute-alias -Wshift-overflow=2 -Wcast-function-type -Wcast-align=strict -Wno-suggest-attribute=cold -Wno-suggest-attribute=malloc -Wattribute-alias=2 -Wmissing-profile -Wc11-c2x-compat -MD -MT src/CMakeFiles/hdf5-shared.dir/H5FDros3.c.o -MF src/CMakeFiles/hdf5-shared.dir/H5FDros3.c.o.d -o src/CMakeFiles/hdf5-shared.dir/H5FDros3.c.o -c /home/byrn/HDF_Projects/hdf5/dev/src/H5FDros3.c
[497/4114] /usr/bin/cc -DH5_BUILT_AS_DYNAMIC_LIB -D_FILE_OFFSET_BITS=64 -D_GNU_SOURCE -D_LARGEFILE_SOURCE -D_POSIX_C_SOURCE=200809L -Dhdf5_shared_EXPORTS -I/home/byrn/HDF_Projects/hdf5/dev/src -I/home/byrn/HDF_Projects/hdf5/dev/src/H5FDsubfiling -I/home/byrn/HDF_Projects/hdf5/build/ci-StdShar-GNUC/src -I/home/byrn/HDF_Projects/hdf5/build/ci-StdShar-GNUC/_deps/hdf5_zlib-build -I/home/byrn/HDF_Projects/hdf5/build/ci-StdShar-GNUC/_deps/hdf5_zlib-src -I/home/byrn/HDF_Projects/hdf5/build/ci-StdShar-GNUC/_deps/szip-build -I/home/byrn/HDF_Projects/hdf5/build/ci-StdShar-GNUC/_deps/szip-src/include -I/home/byrn/HDF_Projects/hdf5/build/ci-StdShar-GNUC/_deps/szip-src -std=c99  -fstdarg-opt -fdiagnostics-urls=never -fno-diagnostics-color -fmessage-length=0 -O2 -g -DNDEBUG -std=gnu99 -fPIC -Wall -Wcast-qual -Wconversion -Wextra -Wfloat-equal -Wformat=2 -Winit-self -Winvalid-pch -Wmissing-include-dirs -Wshadow -Wundef -Wwrite-strings -pedantic -Wno-c++-compat -Wbad-function-cast -Wcast-align -Wformat -Wimplicit-function-declaration -Wint-to-pointer-cast -Wmissing-declarations -Wmissing-prototypes -Wnested-externs -Wold-style-definition -Wpacked -Wpointer-sign -Wpointer-to-int-cast -Wredundant-decls -Wstrict-prototypes -Wswitch -Wunused-but-set-variable -Wunused-variable -Wunused-function -Wunused-parameter -finline-functions -Wno-aggregate-return -Wno-inline -Wno-missing-format-attribute -Wno-missing-noreturn -Wno-overlength-strings -Wlarger-than=2560 -Wlogical-op -Wframe-larger-than=16384 -Wpacked-bitfield-compat -Wsync-nand -Wno-unsuffixed-float-constants -Wdouble-promotion -Wtrampolines -Wstack-usage=8192 -Wmaybe-uninitialized -Wno-jump-misses-init -Wstrict-overflow=2 -Wno-suggest-attribute=const -Wno-suggest-attribute=noreturn -Wno-suggest-attribute=pure -Wno-suggest-attribute=format -Wdate-time -Warray-bounds=2 -Wc99-c11-compat -Wincompatible-pointer-types -Wint-conversion -Wduplicated-cond -Whsa -Wnormalized -Wnull-dereference -Wunused-const-variable -Walloca -Walloc-zero -Wduplicated-branches -Wformat-overflow=2 -Wformat-truncation=1 -Wrestrict -Wattribute-alias -Wshift-overflow=2 -Wcast-function-type -Wcast-align=strict -Wno-suggest-attribute=cold -Wno-suggest-attribute=malloc -Wattribute-alias=2 -Wmissing-profile -Wc11-c2x-compat -MD -MT src/CMakeFiles/hdf5-shared.dir/H5FDs3comms.c.o -MF src/CMakeFiles/hdf5-shared.dir/H5FDs3comms.c.o.d -o src/CMakeFiles/hdf5-shared.dir/H5FDs3comms.c.o -c /home/byrn/HDF_Projects/hdf5/dev/src/H5FDs3comms.c
[498/4114] /usr/bin/cc -DH5_BUILT_AS_DYNAMIC_LIB -D_FILE_OFFSET_BITS=64 -D_GNU_SOURCE -D_LARGEFILE_SOURCE -D_POSIX_C_SOURCE=200809L -Dhdf5_shared_EXPORTS -I/home/byrn/HDF_Projects/hdf5/dev/src -I/home/byrn/HDF_Projects/hdf5/dev/src/H5FDsubfiling -I/home/byrn/HDF_Projects/hdf5/build/ci-StdShar-GNUC/src -I/home/byrn/HDF_Projects/hdf5/build/ci-StdShar-GNUC/_deps/hdf5_zlib-build -I/home/byrn/HDF_Projects/hdf5/build/ci-StdShar-GNUC/_deps/hdf5_zlib-src -I/home/byrn/HDF_Projects/hdf5/build/ci-StdShar-GNUC/_deps/szip-build -I/home/byrn/HDF_Projects/hdf5/build/ci-StdShar-GNUC/_deps/szip-src/include -I/home/byrn/HDF_Projects/hdf5/build/ci-StdShar-GNUC/_deps/szip-src -std=c99  -fstdarg-opt -fdiagnostics-urls=never -fno-diagnostics-color -fmessage-length=0 -O2 -g -DNDEBUG -std=gnu99 -fPIC -Wall -Wcast-qual -Wconversion -Wextra -Wfloat-equal -Wformat=2 -Winit-self -Winvalid-pch -Wmissing-include-dirs -Wshadow -Wundef -Wwrite-strings -pedantic -Wno-c++-compat -Wbad-function-cast -Wcast-align -Wformat -Wimplicit-function-declaration -Wint-to-pointer-cast -Wmissing-declarations -Wmissing-prototypes -Wnested-externs -Wold-style-definition -Wpacked -Wpointer-sign -Wpointer-to-int-cast -Wredundant-decls -Wstrict-prototypes -Wswitch -Wunused-but-set-variable -Wunused-variable -Wunused-function -Wunused-parameter -finline-functions -Wno-aggregate-return -Wno-inline -Wno-missing-format-attribute -Wno-missing-noreturn -Wno-overlength-strings -Wlarger-than=2560 -Wlogical-op -Wframe-larger-than=16384 -Wpacked-bitfield-compat -Wsync-nand -Wno-unsuffixed-float-constants -Wdouble-promotion -Wtrampolines -Wstack-usage=8192 -Wmaybe-uninitialized -Wno-jump-misses-init -Wstrict-overflow=2 -Wno-suggest-attribute=const -Wno-suggest-attribute=noreturn -Wno-suggest-attribute=pure -Wno-suggest-attribute=format -Wdate-time -Warray-bounds=2 -Wc99-c11-compat -Wincompatible-pointer-types -Wint-conversion -Wduplicated-cond -Whsa -Wnormalized -Wnull-dereference -Wunused-const-variable -Walloca -Walloc-zero -Wduplicated-branches -Wformat-overflow=2 -Wformat-truncation=1 -Wrestrict -Wattribute-alias -Wshift-overflow=2 -Wcast-function-type -Wcast-align=strict -Wno-suggest-attribute=cold -Wno-suggest-attribute=malloc -Wattribute-alias=2 -Wmissing-profile -Wc11-c2x-compat -MD -MT src/CMakeFiles/hdf5-shared.dir/H5FDonion_index.c.o -MF src/CMakeFiles/hdf5-shared.dir/H5FDonion_index.c.o.d -o src/CMakeFiles/hdf5-shared.dir/H5FDonion_index.c.o -c /home/byrn/HDF_Projects/hdf5/dev/src/H5FDonion_index.c
[499/4114] /usr/bin/cc -DH5_BUILT_AS_DYNAMIC_LIB -D_FILE_OFFSET_BITS=64 -D_GNU_SOURCE -D_LARGEFILE_SOURCE -D_POSIX_C_SOURCE=200809L -Dhdf5_shared_EXPORTS -I/home/byrn/HDF_Projects/hdf5/dev/src -I/home/byrn/HDF_Projects/hdf5/dev/src/H5FDsubfiling -I/home/byrn/HDF_Projects/hdf5/build/ci-StdShar-GNUC/src -I/home/byrn/HDF_Projects/hdf5/build/ci-StdShar-GNUC/_deps/hdf5_zlib-build -I/home/byrn/HDF_Projects/hdf5/build/ci-StdShar-GNUC/_deps/hdf5_zlib-src -I/home/byrn/HDF_Projects/hdf5/build/ci-StdShar-GNUC/_deps/szip-build -I/home/byrn/HDF_Projects/hdf5/build/ci-StdShar-GNUC/_deps/szip-src/include -I/home/byrn/HDF_Projects/hdf5/build/ci-StdShar-GNUC/_deps/szip-src -std=c99  -fstdarg-opt -fdiagnostics-urls=never -fno-diagnostics-color -fmessage-length=0 -O2 -g -DNDEBUG -std=gnu99 -fPIC -Wall -Wcast-qual -Wconversion -Wextra -Wfloat-equal -Wformat=2 -Winit-self -Winvalid-pch -Wmissing-include-dirs -Wshadow -Wundef -Wwrite-strings -pedantic -Wno-c++-compat -Wbad-function-cast -Wcast-align -Wformat -Wimplicit-function-declaration -Wint-to-pointer-cast -Wmissing-declarations -Wmissing-prototypes -Wnested-externs -Wold-style-definition -Wpacked -Wpointer-sign -Wpointer-to-int-cast -Wredundant-decls -Wstrict-prototypes -Wswitch -Wunused-but-set-variable -Wunused-variable -Wunused-function -Wunused-parameter -finline-functions -Wno-aggregate-return -Wno-inline -Wno-missing-format-attribute -Wno-missing-noreturn -Wno-overlength-strings -Wlarger-than=2560 -Wlogical-op -Wframe-larger-than=16384 -Wpacked-bitfield-compat -Wsync-nand -Wno-unsuffixed-float-constants -Wdouble-promotion -Wtrampolines -Wstack-usage=8192 -Wmaybe-uninitialized -Wno-jump-misses-init -Wstrict-overflow=2 -Wno-suggest-attribute=const -Wno-suggest-attribute=noreturn -Wno-suggest-attribute=pure -Wno-suggest-attribute=format -Wdate-time -Warray-bounds=2 -Wc99-c11-compat -Wincompatible-pointer-types -Wint-conversion -Wduplicated-cond -Whsa -Wnormalized -Wnull-dereference -Wunused-const-variable -Walloca -Walloc-zero -Wduplicated-branches -Wformat-overflow=2 -Wformat-truncation=1 -Wrestrict -Wattribute-alias -Wshift-overflow=2 -Wcast-function-type -Wcast-align=strict -Wno-suggest-attribute=cold -Wno-suggest-attribute=malloc -Wattribute-alias=2 -Wmissing-profile -Wc11-c2x-compat -MD -MT src/CMakeFiles/hdf5-shared.dir/H5FDonion.c.o -MF src/CMakeFiles/hdf5-shared.dir/H5FDonion.c.o.d -o src/CMakeFiles/hdf5-shared.dir/H5FDonion.c.o -c /home/byrn/HDF_Projects/hdf5/dev/src/H5FDonion.c
[500/4114] /usr/bin/cc -DH5_BUILT_AS_DYNAMIC_LIB -D_FILE_OFFSET_BITS=64 -D_GNU_SOURCE -D_LARGEFILE_SOURCE -D_POSIX_C_SOURCE=200809L -Dhdf5_shared_EXPORTS -I/home/byrn/HDF_Projects/hdf5/dev/src -I/home/byrn/HDF_Projects/hdf5/dev/src/H5FDsubfiling -I/home/byrn/HDF_Projects/hdf5/build/ci-StdShar-GNUC/src -I/home/byrn/HDF_Projects/hdf5/build/ci-StdShar-GNUC/_deps/hdf5_zlib-build -I/home/byrn/HDF_Projects/hdf5/build/ci-StdShar-GNUC/_deps/hdf5_zlib-src -I/home/byrn/HDF_Projects/hdf5/build/ci-StdShar-GNUC/_deps/szip-build -I/home/byrn/HDF_Projects/hdf5/build/ci-StdShar-GNUC/_deps/szip-src/include -I/home/byrn/HDF_Projects/hdf5/build/ci-StdShar-GNUC/_deps/szip-src -std=c99  -fstdarg-opt -fdiagnostics-urls=never -fno-diagnostics-color -fmessage-length=0 -O2 -g -DNDEBUG -std=gnu99 -fPIC -Wall -Wcast-qual -Wconversion -Wextra -Wfloat-equal -Wformat=2 -Winit-self -Winvalid-pch -Wmissing-include-dirs -Wshadow -Wundef -Wwrite-strings -pedantic -Wno-c++-compat -Wbad-function-cast -Wcast-align -Wformat -Wimplicit-function-declaration -Wint-to-pointer-cast -Wmissing-declarations -Wmissing-prototypes -Wnested-externs -Wold-style-definition -Wpacked -Wpointer-sign -Wpointer-to-int-cast -Wredundant-decls -Wstrict-prototypes -Wswitch -Wunused-but-set-variable -Wunused-variable -Wunused-function -Wunused-parameter -finline-functions -Wno-aggregate-return -Wno-inline -Wno-missing-format-attribute -Wno-missing-noreturn -Wno-overlength-strings -Wlarger-than=2560 -Wlogical-op -Wframe-larger-than=16384 -Wpacked-bitfield-compat -Wsync-nand -Wno-unsuffixed-float-constants -Wdouble-promotion -Wtrampolines -Wstack-usage=8192 -Wmaybe-uninitialized -Wno-jump-misses-init -Wstrict-overflow=2 -Wno-suggest-attribute=const -Wno-suggest-attribute=noreturn -Wno-suggest-attribute=pure -Wno-suggest-attribute=format -Wdate-time -Warray-bounds=2 -Wc99-c11-compat -Wincompatible-pointer-types -Wint-conversion -Wduplicated-cond -Whsa -Wnormalized -Wnull-dereference -Wunused-const-variable -Walloca -Walloc-zero -Wduplicated-branches -Wformat-overflow=2 -Wformat-truncation=1 -Wrestrict -Wattribute-alias -Wshift-overflow=2 -Wcast-function-type -Wcast-align=strict -Wno-suggest-attribute=cold -Wno-suggest-attribute=malloc -Wattribute-alias=2 -Wmissing-profile -Wc11-c2x-compat -MD -MT src/CMakeFiles/hdf5-shared.dir/H5FDtest.c.o -MF src/CMakeFiles/hdf5-shared.dir/H5FDtest.c.o.d -o src/CMakeFiles/hdf5-shared.dir/H5FDtest.c.o -c /home/byrn/HDF_Projects/hdf5/dev/src/H5FDtest.c
[501/4114] /usr/bin/cc -DH5_BUILT_AS_DYNAMIC_LIB -D_FILE_OFFSET_BITS=64 -D_GNU_SOURCE -D_LARGEFILE_SOURCE -D_POSIX_C_SOURCE=200809L -Dhdf5_shared_EXPORTS -I/home/byrn/HDF_Projects/hdf5/dev/src -I/home/byrn/HDF_Projects/hdf5/dev/src/H5FDsubfiling -I/home/byrn/HDF_Projects/hdf5/build/ci-StdShar-GNUC/src -I/home/byrn/HDF_Projects/hdf5/build/ci-StdShar-GNUC/_deps/hdf5_zlib-build -I/home/byrn/HDF_Projects/hdf5/build/ci-StdShar-GNUC/_deps/hdf5_zlib-src -I/home/byrn/HDF_Projects/hdf5/build/ci-StdShar-GNUC/_deps/szip-build -I/home/byrn/HDF_Projects/hdf5/build/ci-StdShar-GNUC/_deps/szip-src/include -I/home/byrn/HDF_Projects/hdf5/build/ci-StdShar-GNUC/_deps/szip-src -std=c99  -fstdarg-opt -fdiagnostics-urls=never -fno-diagnostics-color -fmessage-length=0 -O2 -g -DNDEBUG -std=gnu99 -fPIC -Wall -Wcast-qual -Wconversion -Wextra -Wfloat-equal -Wformat=2 -Winit-self -Winvalid-pch -Wmissing-include-dirs -Wshadow -Wundef -Wwrite-strings -pedantic -Wno-c++-compat -Wbad-function-cast -Wcast-align -Wformat -Wimplicit-function-declaration -Wint-to-pointer-cast -Wmissing-declarations -Wmissing-prototypes -Wnested-externs -Wold-style-definition -Wpacked -Wpointer-sign -Wpointer-to-int-cast -Wredundant-decls -Wstrict-prototypes -Wswitch -Wunused-but-set-variable -Wunused-variable -Wunused-function -Wunused-parameter -finline-functions -Wno-aggregate-return -Wno-inline -Wno-missing-format-attribute -Wno-missing-noreturn -Wno-overlength-strings -Wlarger-than=2560 -Wlogical-op -Wframe-larger-than=16384 -Wpacked-bitfield-compat -Wsync-nand -Wno-unsuffixed-float-constants -Wdouble-promotion -Wtrampolines -Wstack-usage=8192 -Wmaybe-uninitialized -Wno-jump-misses-init -Wstrict-overflow=2 -Wno-suggest-attribute=const -Wno-suggest-attribute=noreturn -Wno-suggest-attribute=pure -Wno-suggest-attribute=format -Wdate-time -Warray-bounds=2 -Wc99-c11-compat -Wincompatible-pointer-types -Wint-conversion -Wduplicated-cond -Whsa -Wnormalized -Wnull-dereference -Wunused-const-variable -Walloca -Walloc-zero -Wduplicated-branches -Wformat-overflow=2 -Wformat-truncation=1 -Wrestrict -Wattribute-alias -Wshift-overflow=2 -Wcast-function-type -Wcast-align=strict -Wno-suggest-attribute=cold -Wno-suggest-attribute=malloc -Wattribute-alias=2 -Wmissing-profile -Wc11-c2x-compat -MD -MT src/CMakeFiles/hdf5-shared.dir/H5FDspace.c.o -MF src/CMakeFiles/hdf5-shared.dir/H5FDspace.c.o.d -o src/CMakeFiles/hdf5-shared.dir/H5FDspace.c.o -c /home/byrn/HDF_Projects/hdf5/dev/src/H5FDspace.c
[502/4114] /usr/bin/cc -DH5_BUILT_AS_DYNAMIC_LIB -D_FILE_OFFSET_BITS=64 -D_GNU_SOURCE -D_LARGEFILE_SOURCE -D_POSIX_C_SOURCE=200809L -Dhdf5_shared_EXPORTS -I/home/byrn/HDF_Projects/hdf5/dev/src -I/home/byrn/HDF_Projects/hdf5/dev/src/H5FDsubfiling -I/home/byrn/HDF_Projects/hdf5/build/ci-StdShar-GNUC/src -I/home/byrn/HDF_Projects/hdf5/build/ci-StdShar-GNUC/_deps/hdf5_zlib-build -I/home/byrn/HDF_Projects/hdf5/build/ci-StdShar-GNUC/_deps/hdf5_zlib-src -I/home/byrn/HDF_Projects/hdf5/build/ci-StdShar-GNUC/_deps/szip-build -I/home/byrn/HDF_Projects/hdf5/build/ci-StdShar-GNUC/_deps/szip-src/include -I/home/byrn/HDF_Projects/hdf5/build/ci-StdShar-GNUC/_deps/szip-src -std=c99  -fstdarg-opt -fdiagnostics-urls=never -fno-diagnostics-color -fmessage-length=0 -O2 -g -DNDEBUG -std=gnu99 -fPIC -Wall -Wcast-qual -Wconversion -Wextra -Wfloat-equal -Wformat=2 -Winit-self -Winvalid-pch -Wmissing-include-dirs -Wshadow -Wundef -Wwrite-strings -pedantic -Wno-c++-compat -Wbad-function-cast -Wcast-align -Wformat -Wimplicit-function-declaration -Wint-to-pointer-cast -Wmissing-declarations -Wmissing-prototypes -Wnested-externs -Wold-style-definition -Wpacked -Wpointer-sign -Wpointer-to-int-cast -Wredundant-decls -Wstrict-prototypes -Wswitch -Wunused-but-set-variable -Wunused-variable -Wunused-function -Wunused-parameter -finline-functions -Wno-aggregate-return -Wno-inline -Wno-missing-format-attribute -Wno-missing-noreturn -Wno-overlength-strings -Wlarger-than=2560 -Wlogical-op -Wframe-larger-than=16384 -Wpacked-bitfield-compat -Wsync-nand -Wno-unsuffixed-float-constants -Wdouble-promotion -Wtrampolines -Wstack-usage=8192 -Wmaybe-uninitialized -Wno-jump-misses-init -Wstrict-overflow=2 -Wno-suggest-attribute=const -Wno-suggest-attribute=noreturn -Wno-suggest-attribute=pure -Wno-suggest-attribute=format -Wdate-time -Warray-bounds=2 -Wc99-c11-compat -Wincompatible-pointer-types -Wint-conversion -Wduplicated-cond -Whsa -Wnormalized -Wnull-dereference -Wunused-const-variable -Walloca -Walloc-zero -Wduplicated-branches -Wformat-overflow=2 -Wformat-truncation=1 -Wrestrict -Wattribute-alias -Wshift-overflow=2 -Wcast-function-type -Wcast-align=strict -Wno-suggest-attribute=cold -Wno-suggest-attribute=malloc -Wattribute-alias=2 -Wmissing-profile -Wc11-c2x-compat -MD -MT src/CMakeFiles/hdf5-shared.dir/H5FDstdio.c.o -MF src/CMakeFiles/hdf5-shared.dir/H5FDstdio.c.o.d -o src/CMakeFiles/hdf5-shared.dir/H5FDstdio.c.o -c /home/byrn/HDF_Projects/hdf5/dev/src/H5FDstdio.c
[503/4114] /usr/bin/cc -DH5_BUILT_AS_DYNAMIC_LIB -D_FILE_OFFSET_BITS=64 -D_GNU_SOURCE -D_LARGEFILE_SOURCE -D_POSIX_C_SOURCE=200809L -Dhdf5_shared_EXPORTS -I/home/byrn/HDF_Projects/hdf5/dev/src -I/home/byrn/HDF_Projects/hdf5/dev/src/H5FDsubfiling -I/home/byrn/HDF_Projects/hdf5/build/ci-StdShar-GNUC/src -I/home/byrn/HDF_Projects/hdf5/build/ci-StdShar-GNUC/_deps/hdf5_zlib-build -I/home/byrn/HDF_Projects/hdf5/build/ci-StdShar-GNUC/_deps/hdf5_zlib-src -I/home/byrn/HDF_Projects/hdf5/build/ci-StdShar-GNUC/_deps/szip-build -I/home/byrn/HDF_Projects/hdf5/build/ci-StdShar-GNUC/_deps/szip-src/include -I/home/byrn/HDF_Projects/hdf5/build/ci-StdShar-GNUC/_deps/szip-src -std=c99  -fstdarg-opt -fdiagnostics-urls=never -fno-diagnostics-color -fmessage-length=0 -O2 -g -DNDEBUG -std=gnu99 -fPIC -Wall -Wcast-qual -Wconversion -Wextra -Wfloat-equal -Wformat=2 -Winit-self -Winvalid-pch -Wmissing-include-dirs -Wshadow -Wundef -Wwrite-strings -pedantic -Wno-c++-compat -Wbad-function-cast -Wcast-align -Wformat -Wimplicit-function-declaration -Wint-to-pointer-cast -Wmissing-declarations -Wmissing-prototypes -Wnested-externs -Wold-style-definition -Wpacked -Wpointer-sign -Wpointer-to-int-cast -Wredundant-decls -Wstrict-prototypes -Wswitch -Wunused-but-set-variable -Wunused-variable -Wunused-function -Wunused-parameter -finline-functions -Wno-aggregate-return -Wno-inline -Wno-missing-format-attribute -Wno-missing-noreturn -Wno-overlength-strings -Wlarger-than=2560 -Wlogical-op -Wframe-larger-than=16384 -Wpacked-bitfield-compat -Wsync-nand -Wno-unsuffixed-float-constants -Wdouble-promotion -Wtrampolines -Wstack-usage=8192 -Wmaybe-uninitialized -Wno-jump-misses-init -Wstrict-overflow=2 -Wno-suggest-attribute=const -Wno-suggest-attribute=noreturn -Wno-suggest-attribute=pure -Wno-suggest-attribute=format -Wdate-time -Warray-bounds=2 -Wc99-c11-compat -Wincompatible-pointer-types -Wint-conversion -Wduplicated-cond -Whsa -Wnormalized -Wnull-dereference -Wunused-const-variable -Walloca -Walloc-zero -Wduplicated-branches -Wformat-overflow=2 -Wformat-truncation=1 -Wrestrict -Wattribute-alias -Wshift-overflow=2 -Wcast-function-type -Wcast-align=strict -Wno-suggest-attribute=cold -Wno-suggest-attribute=malloc -Wattribute-alias=2 -Wmissing-profile -Wc11-c2x-compat -MD -MT src/CMakeFiles/hdf5-shared.dir/H5FDint.c.o -MF src/CMakeFiles/hdf5-shared.dir/H5FDint.c.o.d -o src/CMakeFiles/hdf5-shared.dir/H5FDint.c.o -c /home/byrn/HDF_Projects/hdf5/dev/src/H5FDint.c
[504/4114] /usr/bin/cc -DH5_BUILT_AS_DYNAMIC_LIB -D_FILE_OFFSET_BITS=64 -D_GNU_SOURCE -D_LARGEFILE_SOURCE -D_POSIX_C_SOURCE=200809L -Dhdf5_shared_EXPORTS -I/home/byrn/HDF_Projects/hdf5/dev/src -I/home/byrn/HDF_Projects/hdf5/dev/src/H5FDsubfiling -I/home/byrn/HDF_Projects/hdf5/build/ci-StdShar-GNUC/src -I/home/byrn/HDF_Projects/hdf5/build/ci-StdShar-GNUC/_deps/hdf5_zlib-build -I/home/byrn/HDF_Projects/hdf5/build/ci-StdShar-GNUC/_deps/hdf5_zlib-src -I/home/byrn/HDF_Projects/hdf5/build/ci-StdShar-GNUC/_deps/szip-build -I/home/byrn/HDF_Projects/hdf5/build/ci-StdShar-GNUC/_deps/szip-src/include -I/home/byrn/HDF_Projects/hdf5/build/ci-StdShar-GNUC/_deps/szip-src -std=c99  -fstdarg-opt -fdiagnostics-urls=never -fno-diagnostics-color -fmessage-length=0 -O2 -g -DNDEBUG -std=gnu99 -fPIC -Wall -Wcast-qual -Wconversion -Wextra -Wfloat-equal -Wformat=2 -Winit-self -Winvalid-pch -Wmissing-include-dirs -Wshadow -Wundef -Wwrite-strings -pedantic -Wno-c++-compat -Wbad-function-cast -Wcast-align -Wformat -Wimplicit-function-declaration -Wint-to-pointer-cast -Wmissing-declarations -Wmissing-prototypes -Wnested-externs -Wold-style-definition -Wpacked -Wpointer-sign -Wpointer-to-int-cast -Wredundant-decls -Wstrict-prototypes -Wswitch -Wunused-but-set-variable -Wunused-variable -Wunused-function -Wunused-parameter -finline-functions -Wno-aggregate-return -Wno-inline -Wno-missing-format-attribute -Wno-missing-noreturn -Wno-overlength-strings -Wlarger-than=2560 -Wlogical-op -Wframe-larger-than=16384 -Wpacked-bitfield-compat -Wsync-nand -Wno-unsuffixed-float-constants -Wdouble-promotion -Wtrampolines -Wstack-usage=8192 -Wmaybe-uninitialized -Wno-jump-misses-init -Wstrict-overflow=2 -Wno-suggest-attribute=const -Wno-suggest-attribute=noreturn -Wno-suggest-attribute=pure -Wno-suggest-attribute=format -Wdate-time -Warray-bounds=2 -Wc99-c11-compat -Wincompatible-pointer-types -Wint-conversion -Wduplicated-cond -Whsa -Wnormalized -Wnull-dereference -Wunused-const-variable -Walloca -Walloc-zero -Wduplicated-branches -Wformat-overflow=2 -Wformat-truncation=1 -Wrestrict -Wattribute-alias -Wshift-overflow=2 -Wcast-function-type -Wcast-align=strict -Wno-suggest-attribute=cold -Wno-suggest-attribute=malloc -Wattribute-alias=2 -Wmissing-profile -Wc11-c2x-compat -MD -MT src/CMakeFiles/hdf5-shared.dir/H5FDsec2.c.o -MF src/CMakeFiles/hdf5-shared.dir/H5FDsec2.c.o.d -o src/CMakeFiles/hdf5-shared.dir/H5FDsec2.c.o -c /home/byrn/HDF_Projects/hdf5/dev/src/H5FDsec2.c
[505/4114] /usr/bin/cc -DH5_BUILT_AS_DYNAMIC_LIB -D_FILE_OFFSET_BITS=64 -D_GNU_SOURCE -D_LARGEFILE_SOURCE -D_POSIX_C_SOURCE=200809L -Dhdf5_shared_EXPORTS -I/home/byrn/HDF_Projects/hdf5/dev/src -I/home/byrn/HDF_Projects/hdf5/dev/src/H5FDsubfiling -I/home/byrn/HDF_Projects/hdf5/build/ci-StdShar-GNUC/src -I/home/byrn/HDF_Projects/hdf5/build/ci-StdShar-GNUC/_deps/hdf5_zlib-build -I/home/byrn/HDF_Projects/hdf5/build/ci-StdShar-GNUC/_deps/hdf5_zlib-src -I/home/byrn/HDF_Projects/hdf5/build/ci-StdShar-GNUC/_deps/szip-build -I/home/byrn/HDF_Projects/hdf5/build/ci-StdShar-GNUC/_deps/szip-src/include -I/home/byrn/HDF_Projects/hdf5/build/ci-StdShar-GNUC/_deps/szip-src -std=c99  -fstdarg-opt -fdiagnostics-urls=never -fno-diagnostics-color -fmessage-length=0 -O2 -g -DNDEBUG -std=gnu99 -fPIC -Wall -Wcast-qual -Wconversion -Wextra -Wfloat-equal -Wformat=2 -Winit-self -Winvalid-pch -Wmissing-include-dirs -Wshadow -Wundef -Wwrite-strings -pedantic -Wno-c++-compat -Wbad-function-cast -Wcast-align -Wformat -Wimplicit-function-declaration -Wint-to-pointer-cast -Wmissing-declarations -Wmissing-prototypes -Wnested-externs -Wold-style-definition -Wpacked -Wpointer-sign -Wpointer-to-int-cast -Wredundant-decls -Wstrict-prototypes -Wswitch -Wunused-but-set-variable -Wunused-variable -Wunused-function -Wunused-parameter -finline-functions -Wno-aggregate-return -Wno-inline -Wno-missing-format-attribute -Wno-missing-noreturn -Wno-overlength-strings -Wlarger-than=2560 -Wlogical-op -Wframe-larger-than=16384 -Wpacked-bitfield-compat -Wsync-nand -Wno-unsuffixed-float-constants -Wdouble-promotion -Wtrampolines -Wstack-usage=8192 -Wmaybe-uninitialized -Wno-jump-misses-init -Wstrict-overflow=2 -Wno-suggest-attribute=const -Wno-suggest-attribute=noreturn -Wno-suggest-attribute=pure -Wno-suggest-attribute=format -Wdate-time -Warray-bounds=2 -Wc99-c11-compat -Wincompatible-pointer-types -Wint-conversion -Wduplicated-cond -Whsa -Wnormalized -Wnull-dereference -Wunused-const-variable -Walloca -Walloc-zero -Wduplicated-branches -Wformat-overflow=2 -Wformat-truncation=1 -Wrestrict -Wattribute-alias -Wshift-overflow=2 -Wcast-function-type -Wcast-align=strict -Wno-suggest-attribute=cold -Wno-suggest-attribute=malloc -Wattribute-alias=2 -Wmissing-profile -Wc11-c2x-compat -MD -MT src/CMakeFiles/hdf5-shared.dir/H5FDwindows.c.o -MF src/CMakeFiles/hdf5-shared.dir/H5FDwindows.c.o.d -o src/CMakeFiles/hdf5-shared.dir/H5FDwindows.c.o -c /home/byrn/HDF_Projects/hdf5/dev/src/H5FDwindows.c
[506/4114] /usr/bin/cc -DH5_BUILT_AS_DYNAMIC_LIB -D_FILE_OFFSET_BITS=64 -D_GNU_SOURCE -D_LARGEFILE_SOURCE -D_POSIX_C_SOURCE=200809L -Dhdf5_shared_EXPORTS -I/home/byrn/HDF_Projects/hdf5/dev/src -I/home/byrn/HDF_Projects/hdf5/dev/src/H5FDsubfiling -I/home/byrn/HDF_Projects/hdf5/build/ci-StdShar-GNUC/src -I/home/byrn/HDF_Projects/hdf5/build/ci-StdShar-GNUC/_deps/hdf5_zlib-build -I/home/byrn/HDF_Projects/hdf5/build/ci-StdShar-GNUC/_deps/hdf5_zlib-src -I/home/byrn/HDF_Projects/hdf5/build/ci-StdShar-GNUC/_deps/szip-build -I/home/byrn/HDF_Projects/hdf5/build/ci-StdShar-GNUC/_deps/szip-src/include -I/home/byrn/HDF_Projects/hdf5/build/ci-StdShar-GNUC/_deps/szip-src -std=c99  -fstdarg-opt -fdiagnostics-urls=never -fno-diagnostics-color -fmessage-length=0 -O2 -g -DNDEBUG -std=gnu99 -fPIC -Wall -Wcast-qual -Wconversion -Wextra -Wfloat-equal -Wformat=2 -Winit-self -Winvalid-pch -Wmissing-include-dirs -Wshadow -Wundef -Wwrite-strings -pedantic -Wno-c++-compat -Wbad-function-cast -Wcast-align -Wformat -Wimplicit-function-declaration -Wint-to-pointer-cast -Wmissing-declarations -Wmissing-prototypes -Wnested-externs -Wold-style-definition -Wpacked -Wpointer-sign -Wpointer-to-int-cast -Wredundant-decls -Wstrict-prototypes -Wswitch -Wunused-but-set-variable -Wunused-variable -Wunused-function -Wunused-parameter -finline-functions -Wno-aggregate-return -Wno-inline -Wno-missing-format-attribute -Wno-missing-noreturn -Wno-overlength-strings -Wlarger-than=2560 -Wlogical-op -Wframe-larger-than=16384 -Wpacked-bitfield-compat -Wsync-nand -Wno-unsuffixed-float-constants -Wdouble-promotion -Wtrampolines -Wstack-usage=8192 -Wmaybe-uninitialized -Wno-jump-misses-init -Wstrict-overflow=2 -Wno-suggest-attribute=const -Wno-suggest-attribute=noreturn -Wno-suggest-attribute=pure -Wno-suggest-attribute=format -Wdate-time -Warray-bounds=2 -Wc99-c11-compat -Wincompatible-pointer-types -Wint-conversion -Wduplicated-cond -Whsa -Wnormalized -Wnull-dereference -Wunused-const-variable -Walloca -Walloc-zero -Wduplicated-branches -Wformat-overflow=2 -Wformat-truncation=1 -Wrestrict -Wattribute-alias -Wshift-overflow=2 -Wcast-function-type -Wcast-align=strict -Wno-suggest-attribute=cold -Wno-suggest-attribute=malloc -Wattribute-alias=2 -Wmissing-profile -Wc11-c2x-compat -MD -MT src/CMakeFiles/hdf5-shared.dir/H5FO.c.o -MF src/CMakeFiles/hdf5-shared.dir/H5FO.c.o.d -o src/CMakeFiles/hdf5-shared.dir/H5FO.c.o -c /home/byrn/HDF_Projects/hdf5/dev/src/H5FO.c
[507/4114] /usr/bin/cc -DH5_BUILT_AS_DYNAMIC_LIB -D_FILE_OFFSET_BITS=64 -D_GNU_SOURCE -D_LARGEFILE_SOURCE -D_POSIX_C_SOURCE=200809L -Dhdf5_shared_EXPORTS -I/home/byrn/HDF_Projects/hdf5/dev/src -I/home/byrn/HDF_Projects/hdf5/dev/src/H5FDsubfiling -I/home/byrn/HDF_Projects/hdf5/build/ci-StdShar-GNUC/src -I/home/byrn/HDF_Projects/hdf5/build/ci-StdShar-GNUC/_deps/hdf5_zlib-build -I/home/byrn/HDF_Projects/hdf5/build/ci-StdShar-GNUC/_deps/hdf5_zlib-src -I/home/byrn/HDF_Projects/hdf5/build/ci-StdShar-GNUC/_deps/szip-build -I/home/byrn/HDF_Projects/hdf5/build/ci-StdShar-GNUC/_deps/szip-src/include -I/home/byrn/HDF_Projects/hdf5/build/ci-StdShar-GNUC/_deps/szip-src -std=c99  -fstdarg-opt -fdiagnostics-urls=never -fno-diagnostics-color -fmessage-length=0 -O2 -g -DNDEBUG -std=gnu99 -fPIC -Wall -Wcast-qual -Wconversion -Wextra -Wfloat-equal -Wformat=2 -Winit-self -Winvalid-pch -Wmissing-include-dirs -Wshadow -Wundef -Wwrite-strings -pedantic -Wno-c++-compat -Wbad-function-cast -Wcast-align -Wformat -Wimplicit-function-declaration -Wint-to-pointer-cast -Wmissing-declarations -Wmissing-prototypes -Wnested-externs -Wold-style-definition -Wpacked -Wpointer-sign -Wpointer-to-int-cast -Wredundant-decls -Wstrict-prototypes -Wswitch -Wunused-but-set-variable -Wunused-variable -Wunused-function -Wunused-parameter -finline-functions -Wno-aggregate-return -Wno-inline -Wno-missing-format-attribute -Wno-missing-noreturn -Wno-overlength-strings -Wlarger-than=2560 -Wlogical-op -Wframe-larger-than=16384 -Wpacked-bitfield-compat -Wsync-nand -Wno-unsuffixed-float-constants -Wdouble-promotion -Wtrampolines -Wstack-usage=8192 -Wmaybe-uninitialized -Wno-jump-misses-init -Wstrict-overflow=2 -Wno-suggest-attribute=const -Wno-suggest-attribute=noreturn -Wno-suggest-attribute=pure -Wno-suggest-attribute=format -Wdate-time -Warray-bounds=2 -Wc99-c11-compat -Wincompatible-pointer-types -Wint-conversion -Wduplicated-cond -Whsa -Wnormalized -Wnull-dereference -Wunused-const-variable -Walloca -Walloc-zero -Wduplicated-branches -Wformat-overflow=2 -Wformat-truncation=1 -Wrestrict -Wattribute-alias -Wshift-overflow=2 -Wcast-function-type -Wcast-align=strict -Wno-suggest-attribute=cold -Wno-suggest-attribute=malloc -Wattribute-alias=2 -Wmissing-profile -Wc11-c2x-compat -MD -MT src/CMakeFiles/hdf5-shared.dir/H5FSdbg.c.o -MF src/CMakeFiles/hdf5-shared.dir/H5FSdbg.c.o.d -o src/CMakeFiles/hdf5-shared.dir/H5FSdbg.c.o -c /home/byrn/HDF_Projects/hdf5/dev/src/H5FSdbg.c
[508/4114] /usr/bin/cc -DH5_BUILT_AS_DYNAMIC_LIB -D_FILE_OFFSET_BITS=64 -D_GNU_SOURCE -D_LARGEFILE_SOURCE -D_POSIX_C_SOURCE=200809L -Dhdf5_shared_EXPORTS -I/home/byrn/HDF_Projects/hdf5/dev/src -I/home/byrn/HDF_Projects/hdf5/dev/src/H5FDsubfiling -I/home/byrn/HDF_Projects/hdf5/build/ci-StdShar-GNUC/src -I/home/byrn/HDF_Projects/hdf5/build/ci-StdShar-GNUC/_deps/hdf5_zlib-build -I/home/byrn/HDF_Projects/hdf5/build/ci-StdShar-GNUC/_deps/hdf5_zlib-src -I/home/byrn/HDF_Projects/hdf5/build/ci-StdShar-GNUC/_deps/szip-build -I/home/byrn/HDF_Projects/hdf5/build/ci-StdShar-GNUC/_deps/szip-src/include -I/home/byrn/HDF_Projects/hdf5/build/ci-StdShar-GNUC/_deps/szip-src -std=c99  -fstdarg-opt -fdiagnostics-urls=never -fno-diagnostics-color -fmessage-length=0 -O2 -g -DNDEBUG -std=gnu99 -fPIC -Wall -Wcast-qual -Wconversion -Wextra -Wfloat-equal -Wformat=2 -Winit-self -Winvalid-pch -Wmissing-include-dirs -Wshadow -Wundef -Wwrite-strings -pedantic -Wno-c++-compat -Wbad-function-cast -Wcast-align -Wformat -Wimplicit-function-declaration -Wint-to-pointer-cast -Wmissing-declarations -Wmissing-prototypes -Wnested-externs -Wold-style-definition -Wpacked -Wpointer-sign -Wpointer-to-int-cast -Wredundant-decls -Wstrict-prototypes -Wswitch -Wunused-but-set-variable -Wunused-variable -Wunused-function -Wunused-parameter -finline-functions -Wno-aggregate-return -Wno-inline -Wno-missing-format-attribute -Wno-missing-noreturn -Wno-overlength-strings -Wlarger-than=2560 -Wlogical-op -Wframe-larger-than=16384 -Wpacked-bitfield-compat -Wsync-nand -Wno-unsuffixed-float-constants -Wdouble-promotion -Wtrampolines -Wstack-usage=8192 -Wmaybe-uninitialized -Wno-jump-misses-init -Wstrict-overflow=2 -Wno-suggest-attribute=const -Wno-suggest-attribute=noreturn -Wno-suggest-attribute=pure -Wno-suggest-attribute=format -Wdate-time -Warray-bounds=2 -Wc99-c11-compat -Wincompatible-pointer-types -Wint-conversion -Wduplicated-cond -Whsa -Wnormalized -Wnull-dereference -Wunused-const-variable -Walloca -Walloc-zero -Wduplicated-branches -Wformat-overflow=2 -Wformat-truncation=1 -Wrestrict -Wattribute-alias -Wshift-overflow=2 -Wcast-function-type -Wcast-align=strict -Wno-suggest-attribute=cold -Wno-suggest-attribute=malloc -Wattribute-alias=2 -Wmissing-profile -Wc11-c2x-compat -MD -MT src/CMakeFiles/hdf5-shared.dir/H5FSint.c.o -MF src/CMakeFiles/hdf5-shared.dir/H5FSint.c.o.d -o src/CMakeFiles/hdf5-shared.dir/H5FSint.c.o -c /home/byrn/HDF_Projects/hdf5/dev/src/H5FSint.c
[509/4114] /usr/bin/cc -DH5_BUILT_AS_DYNAMIC_LIB -D_FILE_OFFSET_BITS=64 -D_GNU_SOURCE -D_LARGEFILE_SOURCE -D_POSIX_C_SOURCE=200809L -Dhdf5_shared_EXPORTS -I/home/byrn/HDF_Projects/hdf5/dev/src -I/home/byrn/HDF_Projects/hdf5/dev/src/H5FDsubfiling -I/home/byrn/HDF_Projects/hdf5/build/ci-StdShar-GNUC/src -I/home/byrn/HDF_Projects/hdf5/build/ci-StdShar-GNUC/_deps/hdf5_zlib-build -I/home/byrn/HDF_Projects/hdf5/build/ci-StdShar-GNUC/_deps/hdf5_zlib-src -I/home/byrn/HDF_Projects/hdf5/build/ci-StdShar-GNUC/_deps/szip-build -I/home/byrn/HDF_Projects/hdf5/build/ci-StdShar-GNUC/_deps/szip-src/include -I/home/byrn/HDF_Projects/hdf5/build/ci-StdShar-GNUC/_deps/szip-src -std=c99  -fstdarg-opt -fdiagnostics-urls=never -fno-diagnostics-color -fmessage-length=0 -O2 -g -DNDEBUG -std=gnu99 -fPIC -Wall -Wcast-qual -Wconversion -Wextra -Wfloat-equal -Wformat=2 -Winit-self -Winvalid-pch -Wmissing-include-dirs -Wshadow -Wundef -Wwrite-strings -pedantic -Wno-c++-compat -Wbad-function-cast -Wcast-align -Wformat -Wimplicit-function-declaration -Wint-to-pointer-cast -Wmissing-declarations -Wmissing-prototypes -Wnested-externs -Wold-style-definition -Wpacked -Wpointer-sign -Wpointer-to-int-cast -Wredundant-decls -Wstrict-prototypes -Wswitch -Wunused-but-set-variable -Wunused-variable -Wunused-function -Wunused-parameter -finline-functions -Wno-aggregate-return -Wno-inline -Wno-missing-format-attribute -Wno-missing-noreturn -Wno-overlength-strings -Wlarger-than=2560 -Wlogical-op -Wframe-larger-than=16384 -Wpacked-bitfield-compat -Wsync-nand -Wno-unsuffixed-float-constants -Wdouble-promotion -Wtrampolines -Wstack-usage=8192 -Wmaybe-uninitialized -Wno-jump-misses-init -Wstrict-overflow=2 -Wno-suggest-attribute=const -Wno-suggest-attribute=noreturn -Wno-suggest-attribute=pure -Wno-suggest-attribute=format -Wdate-time -Warray-bounds=2 -Wc99-c11-compat -Wincompatible-pointer-types -Wint-conversion -Wduplicated-cond -Whsa -Wnormalized -Wnull-dereference -Wunused-const-variable -Walloca -Walloc-zero -Wduplicated-branches -Wformat-overflow=2 -Wformat-truncation=1 -Wrestrict -Wattribute-alias -Wshift-overflow=2 -Wcast-function-type -Wcast-align=strict -Wno-suggest-attribute=cold -Wno-suggest-attribute=malloc -Wattribute-alias=2 -Wmissing-profile -Wc11-c2x-compat -MD -MT src/CMakeFiles/hdf5-shared.dir/H5FDsplitter.c.o -MF src/CMakeFiles/hdf5-shared.dir/H5FDsplitter.c.o.d -o src/CMakeFiles/hdf5-shared.dir/H5FDsplitter.c.o -c /home/byrn/HDF_Projects/hdf5/dev/src/H5FDsplitter.c
[510/4114] /usr/bin/cc -DH5_BUILT_AS_DYNAMIC_LIB -D_FILE_OFFSET_BITS=64 -D_GNU_SOURCE -D_LARGEFILE_SOURCE -D_POSIX_C_SOURCE=200809L -Dhdf5_shared_EXPORTS -I/home/byrn/HDF_Projects/hdf5/dev/src -I/home/byrn/HDF_Projects/hdf5/dev/src/H5FDsubfiling -I/home/byrn/HDF_Projects/hdf5/build/ci-StdShar-GNUC/src -I/home/byrn/HDF_Projects/hdf5/build/ci-StdShar-GNUC/_deps/hdf5_zlib-build -I/home/byrn/HDF_Projects/hdf5/build/ci-StdShar-GNUC/_deps/hdf5_zlib-src -I/home/byrn/HDF_Projects/hdf5/build/ci-StdShar-GNUC/_deps/szip-build -I/home/byrn/HDF_Projects/hdf5/build/ci-StdShar-GNUC/_deps/szip-src/include -I/home/byrn/HDF_Projects/hdf5/build/ci-StdShar-GNUC/_deps/szip-src -std=c99  -fstdarg-opt -fdiagnostics-urls=never -fno-diagnostics-color -fmessage-length=0 -O2 -g -DNDEBUG -std=gnu99 -fPIC -Wall -Wcast-qual -Wconversion -Wextra -Wfloat-equal -Wformat=2 -Winit-self -Winvalid-pch -Wmissing-include-dirs -Wshadow -Wundef -Wwrite-strings -pedantic -Wno-c++-compat -Wbad-function-cast -Wcast-align -Wformat -Wimplicit-function-declaration -Wint-to-pointer-cast -Wmissing-declarations -Wmissing-prototypes -Wnested-externs -Wold-style-definition -Wpacked -Wpointer-sign -Wpointer-to-int-cast -Wredundant-decls -Wstrict-prototypes -Wswitch -Wunused-but-set-variable -Wunused-variable -Wunused-function -Wunused-parameter -finline-functions -Wno-aggregate-return -Wno-inline -Wno-missing-format-attribute -Wno-missing-noreturn -Wno-overlength-strings -Wlarger-than=2560 -Wlogical-op -Wframe-larger-than=16384 -Wpacked-bitfield-compat -Wsync-nand -Wno-unsuffixed-float-constants -Wdouble-promotion -Wtrampolines -Wstack-usage=8192 -Wmaybe-uninitialized -Wno-jump-misses-init -Wstrict-overflow=2 -Wno-suggest-attribute=const -Wno-suggest-attribute=noreturn -Wno-suggest-attribute=pure -Wno-suggest-attribute=format -Wdate-time -Warray-bounds=2 -Wc99-c11-compat -Wincompatible-pointer-types -Wint-conversion -Wduplicated-cond -Whsa -Wnormalized -Wnull-dereference -Wunused-const-variable -Walloca -Walloc-zero -Wduplicated-branches -Wformat-overflow=2 -Wformat-truncation=1 -Wrestrict -Wattribute-alias -Wshift-overflow=2 -Wcast-function-type -Wcast-align=strict -Wno-suggest-attribute=cold -Wno-suggest-attribute=malloc -Wattribute-alias=2 -Wmissing-profile -Wc11-c2x-compat -MD -MT src/CMakeFiles/hdf5-shared.dir/H5FL.c.o -MF src/CMakeFiles/hdf5-shared.dir/H5FL.c.o.d -o src/CMakeFiles/hdf5-shared.dir/H5FL.c.o -c /home/byrn/HDF_Projects/hdf5/dev/src/H5FL.c
[511/4114] /usr/bin/cc -DH5_BUILT_AS_DYNAMIC_LIB -D_FILE_OFFSET_BITS=64 -D_GNU_SOURCE -D_LARGEFILE_SOURCE -D_POSIX_C_SOURCE=200809L -Dhdf5_shared_EXPORTS -I/home/byrn/HDF_Projects/hdf5/dev/src -I/home/byrn/HDF_Projects/hdf5/dev/src/H5FDsubfiling -I/home/byrn/HDF_Projects/hdf5/build/ci-StdShar-GNUC/src -I/home/byrn/HDF_Projects/hdf5/build/ci-StdShar-GNUC/_deps/hdf5_zlib-build -I/home/byrn/HDF_Projects/hdf5/build/ci-StdShar-GNUC/_deps/hdf5_zlib-src -I/home/byrn/HDF_Projects/hdf5/build/ci-StdShar-GNUC/_deps/szip-build -I/home/byrn/HDF_Projects/hdf5/build/ci-StdShar-GNUC/_deps/szip-src/include -I/home/byrn/HDF_Projects/hdf5/build/ci-StdShar-GNUC/_deps/szip-src -std=c99  -fstdarg-opt -fdiagnostics-urls=never -fno-diagnostics-color -fmessage-length=0 -O2 -g -DNDEBUG -std=gnu99 -fPIC -Wall -Wcast-qual -Wconversion -Wextra -Wfloat-equal -Wformat=2 -Winit-self -Winvalid-pch -Wmissing-include-dirs -Wshadow -Wundef -Wwrite-strings -pedantic -Wno-c++-compat -Wbad-function-cast -Wcast-align -Wformat -Wimplicit-function-declaration -Wint-to-pointer-cast -Wmissing-declarations -Wmissing-prototypes -Wnested-externs -Wold-style-definition -Wpacked -Wpointer-sign -Wpointer-to-int-cast -Wredundant-decls -Wstrict-prototypes -Wswitch -Wunused-but-set-variable -Wunused-variable -Wunused-function -Wunused-parameter -finline-functions -Wno-aggregate-return -Wno-inline -Wno-missing-format-attribute -Wno-missing-noreturn -Wno-overlength-strings -Wlarger-than=2560 -Wlogical-op -Wframe-larger-than=16384 -Wpacked-bitfield-compat -Wsync-nand -Wno-unsuffixed-float-constants -Wdouble-promotion -Wtrampolines -Wstack-usage=8192 -Wmaybe-uninitialized -Wno-jump-misses-init -Wstrict-overflow=2 -Wno-suggest-attribute=const -Wno-suggest-attribute=noreturn -Wno-suggest-attribute=pure -Wno-suggest-attribute=format -Wdate-time -Warray-bounds=2 -Wc99-c11-compat -Wincompatible-pointer-types -Wint-conversion -Wduplicated-cond -Whsa -Wnormalized -Wnull-dereference -Wunused-const-variable -Walloca -Walloc-zero -Wduplicated-branches -Wformat-overflow=2 -Wformat-truncation=1 -Wrestrict -Wattribute-alias -Wshift-overflow=2 -Wcast-function-type -Wcast-align=strict -Wno-suggest-attribute=cold -Wno-suggest-attribute=malloc -Wattribute-alias=2 -Wmissing-profile -Wc11-c2x-compat -MD -MT src/CMakeFiles/hdf5-shared.dir/H5FSstat.c.o -MF src/CMakeFiles/hdf5-shared.dir/H5FSstat.c.o.d -o src/CMakeFiles/hdf5-shared.dir/H5FSstat.c.o -c /home/byrn/HDF_Projects/hdf5/dev/src/H5FSstat.c
[512/4114] /usr/bin/cc -DH5_BUILT_AS_DYNAMIC_LIB -D_FILE_OFFSET_BITS=64 -D_GNU_SOURCE -D_LARGEFILE_SOURCE -D_POSIX_C_SOURCE=200809L -Dhdf5_shared_EXPORTS -I/home/byrn/HDF_Projects/hdf5/dev/src -I/home/byrn/HDF_Projects/hdf5/dev/src/H5FDsubfiling -I/home/byrn/HDF_Projects/hdf5/build/ci-StdShar-GNUC/src -I/home/byrn/HDF_Projects/hdf5/build/ci-StdShar-GNUC/_deps/hdf5_zlib-build -I/home/byrn/HDF_Projects/hdf5/build/ci-StdShar-GNUC/_deps/hdf5_zlib-src -I/home/byrn/HDF_Projects/hdf5/build/ci-StdShar-GNUC/_deps/szip-build -I/home/byrn/HDF_Projects/hdf5/build/ci-StdShar-GNUC/_deps/szip-src/include -I/home/byrn/HDF_Projects/hdf5/build/ci-StdShar-GNUC/_deps/szip-src -std=c99  -fstdarg-opt -fdiagnostics-urls=never -fno-diagnostics-color -fmessage-length=0 -O2 -g -DNDEBUG -std=gnu99 -fPIC -Wall -Wcast-qual -Wconversion -Wextra -Wfloat-equal -Wformat=2 -Winit-self -Winvalid-pch -Wmissing-include-dirs -Wshadow -Wundef -Wwrite-strings -pedantic -Wno-c++-compat -Wbad-function-cast -Wcast-align -Wformat -Wimplicit-function-declaration -Wint-to-pointer-cast -Wmissing-declarations -Wmissing-prototypes -Wnested-externs -Wold-style-definition -Wpacked -Wpointer-sign -Wpointer-to-int-cast -Wredundant-decls -Wstrict-prototypes -Wswitch -Wunused-but-set-variable -Wunused-variable -Wunused-function -Wunused-parameter -finline-functions -Wno-aggregate-return -Wno-inline -Wno-missing-format-attribute -Wno-missing-noreturn -Wno-overlength-strings -Wlarger-than=2560 -Wlogical-op -Wframe-larger-than=16384 -Wpacked-bitfield-compat -Wsync-nand -Wno-unsuffixed-float-constants -Wdouble-promotion -Wtrampolines -Wstack-usage=8192 -Wmaybe-uninitialized -Wno-jump-misses-init -Wstrict-overflow=2 -Wno-suggest-attribute=const -Wno-suggest-attribute=noreturn -Wno-suggest-attribute=pure -Wno-suggest-attribute=format -Wdate-time -Warray-bounds=2 -Wc99-c11-compat -Wincompatible-pointer-types -Wint-conversion -Wduplicated-cond -Whsa -Wnormalized -Wnull-dereference -Wunused-const-variable -Walloca -Walloc-zero -Wduplicated-branches -Wformat-overflow=2 -Wformat-truncation=1 -Wrestrict -Wattribute-alias -Wshift-overflow=2 -Wcast-function-type -Wcast-align=strict -Wno-suggest-attribute=cold -Wno-suggest-attribute=malloc -Wattribute-alias=2 -Wmissing-profile -Wc11-c2x-compat -MD -MT src/CMakeFiles/hdf5-shared.dir/H5FS.c.o -MF src/CMakeFiles/hdf5-shared.dir/H5FS.c.o.d -o src/CMakeFiles/hdf5-shared.dir/H5FS.c.o -c /home/byrn/HDF_Projects/hdf5/dev/src/H5FS.c
[513/4114] /usr/bin/cc -DH5_BUILT_AS_DYNAMIC_LIB -D_FILE_OFFSET_BITS=64 -D_GNU_SOURCE -D_LARGEFILE_SOURCE -D_POSIX_C_SOURCE=200809L -Dhdf5_shared_EXPORTS -I/home/byrn/HDF_Projects/hdf5/dev/src -I/home/byrn/HDF_Projects/hdf5/dev/src/H5FDsubfiling -I/home/byrn/HDF_Projects/hdf5/build/ci-StdShar-GNUC/src -I/home/byrn/HDF_Projects/hdf5/build/ci-StdShar-GNUC/_deps/hdf5_zlib-build -I/home/byrn/HDF_Projects/hdf5/build/ci-StdShar-GNUC/_deps/hdf5_zlib-src -I/home/byrn/HDF_Projects/hdf5/build/ci-StdShar-GNUC/_deps/szip-build -I/home/byrn/HDF_Projects/hdf5/build/ci-StdShar-GNUC/_deps/szip-src/include -I/home/byrn/HDF_Projects/hdf5/build/ci-StdShar-GNUC/_deps/szip-src -std=c99  -fstdarg-opt -fdiagnostics-urls=never -fno-diagnostics-color -fmessage-length=0 -O2 -g -DNDEBUG -std=gnu99 -fPIC -Wall -Wcast-qual -Wconversion -Wextra -Wfloat-equal -Wformat=2 -Winit-self -Winvalid-pch -Wmissing-include-dirs -Wshadow -Wundef -Wwrite-strings -pedantic -Wno-c++-compat -Wbad-function-cast -Wcast-align -Wformat -Wimplicit-function-declaration -Wint-to-pointer-cast -Wmissing-declarations -Wmissing-prototypes -Wnested-externs -Wold-style-definition -Wpacked -Wpointer-sign -Wpointer-to-int-cast -Wredundant-decls -Wstrict-prototypes -Wswitch -Wunused-but-set-variable -Wunused-variable -Wunused-function -Wunused-parameter -finline-functions -Wno-aggregate-return -Wno-inline -Wno-missing-format-attribute -Wno-missing-noreturn -Wno-overlength-strings -Wlarger-than=2560 -Wlogical-op -Wframe-larger-than=16384 -Wpacked-bitfield-compat -Wsync-nand -Wno-unsuffixed-float-constants -Wdouble-promotion -Wtrampolines -Wstack-usage=8192 -Wmaybe-uninitialized -Wno-jump-misses-init -Wstrict-overflow=2 -Wno-suggest-attribute=const -Wno-suggest-attribute=noreturn -Wno-suggest-attribute=pure -Wno-suggest-attribute=format -Wdate-time -Warray-bounds=2 -Wc99-c11-compat -Wincompatible-pointer-types -Wint-conversion -Wduplicated-cond -Whsa -Wnormalized -Wnull-dereference -Wunused-const-variable -Walloca -Walloc-zero -Wduplicated-branches -Wformat-overflow=2 -Wformat-truncation=1 -Wrestrict -Wattribute-alias -Wshift-overflow=2 -Wcast-function-type -Wcast-align=strict -Wno-suggest-attribute=cold -Wno-suggest-attribute=malloc -Wattribute-alias=2 -Wmissing-profile -Wc11-c2x-compat -MD -MT src/CMakeFiles/hdf5-shared.dir/H5FStest.c.o -MF src/CMakeFiles/hdf5-shared.dir/H5FStest.c.o.d -o src/CMakeFiles/hdf5-shared.dir/H5FStest.c.o -c /home/byrn/HDF_Projects/hdf5/dev/src/H5FStest.c
[514/4114] /usr/bin/cc -DH5_BUILT_AS_DYNAMIC_LIB -D_FILE_OFFSET_BITS=64 -D_GNU_SOURCE -D_LARGEFILE_SOURCE -D_POSIX_C_SOURCE=200809L -Dhdf5_shared_EXPORTS -I/home/byrn/HDF_Projects/hdf5/dev/src -I/home/byrn/HDF_Projects/hdf5/dev/src/H5FDsubfiling -I/home/byrn/HDF_Projects/hdf5/build/ci-StdShar-GNUC/src -I/home/byrn/HDF_Projects/hdf5/build/ci-StdShar-GNUC/_deps/hdf5_zlib-build -I/home/byrn/HDF_Projects/hdf5/build/ci-StdShar-GNUC/_deps/hdf5_zlib-src -I/home/byrn/HDF_Projects/hdf5/build/ci-StdShar-GNUC/_deps/szip-build -I/home/byrn/HDF_Projects/hdf5/build/ci-StdShar-GNUC/_deps/szip-src/include -I/home/byrn/HDF_Projects/hdf5/build/ci-StdShar-GNUC/_deps/szip-src -std=c99  -fstdarg-opt -fdiagnostics-urls=never -fno-diagnostics-color -fmessage-length=0 -O2 -g -DNDEBUG -std=gnu99 -fPIC -Wall -Wcast-qual -Wconversion -Wextra -Wfloat-equal -Wformat=2 -Winit-self -Winvalid-pch -Wmissing-include-dirs -Wshadow -Wundef -Wwrite-strings -pedantic -Wno-c++-compat -Wbad-function-cast -Wcast-align -Wformat -Wimplicit-function-declaration -Wint-to-pointer-cast -Wmissing-declarations -Wmissing-prototypes -Wnested-externs -Wold-style-definition -Wpacked -Wpointer-sign -Wpointer-to-int-cast -Wredundant-decls -Wstrict-prototypes -Wswitch -Wunused-but-set-variable -Wunused-variable -Wunused-function -Wunused-parameter -finline-functions -Wno-aggregate-return -Wno-inline -Wno-missing-format-attribute -Wno-missing-noreturn -Wno-overlength-strings -Wlarger-than=2560 -Wlogical-op -Wframe-larger-than=16384 -Wpacked-bitfield-compat -Wsync-nand -Wno-unsuffixed-float-constants -Wdouble-promotion -Wtrampolines -Wstack-usage=8192 -Wmaybe-uninitialized -Wno-jump-misses-init -Wstrict-overflow=2 -Wno-suggest-attribute=const -Wno-suggest-attribute=noreturn -Wno-suggest-attribute=pure -Wno-suggest-attribute=format -Wdate-time -Warray-bounds=2 -Wc99-c11-compat -Wincompatible-pointer-types -Wint-conversion -Wduplicated-cond -Whsa -Wnormalized -Wnull-dereference -Wunused-const-variable -Walloca -Walloc-zero -Wduplicated-branches -Wformat-overflow=2 -Wformat-truncation=1 -Wrestrict -Wattribute-alias -Wshift-overflow=2 -Wcast-function-type -Wcast-align=strict -Wno-suggest-attribute=cold -Wno-suggest-attribute=malloc -Wattribute-alias=2 -Wmissing-profile -Wc11-c2x-compat -MD -MT src/CMakeFiles/hdf5-shared.dir/H5FScache.c.o -MF src/CMakeFiles/hdf5-shared.dir/H5FScache.c.o.d -o src/CMakeFiles/hdf5-shared.dir/H5FScache.c.o -c /home/byrn/HDF_Projects/hdf5/dev/src/H5FScache.c
[515/4114] /usr/bin/cc -DH5_BUILT_AS_DYNAMIC_LIB -D_FILE_OFFSET_BITS=64 -D_GNU_SOURCE -D_LARGEFILE_SOURCE -D_POSIX_C_SOURCE=200809L -Dhdf5_shared_EXPORTS -I/home/byrn/HDF_Projects/hdf5/dev/src -I/home/byrn/HDF_Projects/hdf5/dev/src/H5FDsubfiling -I/home/byrn/HDF_Projects/hdf5/build/ci-StdShar-GNUC/src -I/home/byrn/HDF_Projects/hdf5/build/ci-StdShar-GNUC/_deps/hdf5_zlib-build -I/home/byrn/HDF_Projects/hdf5/build/ci-StdShar-GNUC/_deps/hdf5_zlib-src -I/home/byrn/HDF_Projects/hdf5/build/ci-StdShar-GNUC/_deps/szip-build -I/home/byrn/HDF_Projects/hdf5/build/ci-StdShar-GNUC/_deps/szip-src/include -I/home/byrn/HDF_Projects/hdf5/build/ci-StdShar-GNUC/_deps/szip-src -std=c99  -fstdarg-opt -fdiagnostics-urls=never -fno-diagnostics-color -fmessage-length=0 -O2 -g -DNDEBUG -std=gnu99 -fPIC -Wall -Wcast-qual -Wconversion -Wextra -Wfloat-equal -Wformat=2 -Winit-self -Winvalid-pch -Wmissing-include-dirs -Wshadow -Wundef -Wwrite-strings -pedantic -Wno-c++-compat -Wbad-function-cast -Wcast-align -Wformat -Wimplicit-function-declaration -Wint-to-pointer-cast -Wmissing-declarations -Wmissing-prototypes -Wnested-externs -Wold-style-definition -Wpacked -Wpointer-sign -Wpointer-to-int-cast -Wredundant-decls -Wstrict-prototypes -Wswitch -Wunused-but-set-variable -Wunused-variable -Wunused-function -Wunused-parameter -finline-functions -Wno-aggregate-return -Wno-inline -Wno-missing-format-attribute -Wno-missing-noreturn -Wno-overlength-strings -Wlarger-than=2560 -Wlogical-op -Wframe-larger-than=16384 -Wpacked-bitfield-compat -Wsync-nand -Wno-unsuffixed-float-constants -Wdouble-promotion -Wtrampolines -Wstack-usage=8192 -Wmaybe-uninitialized -Wno-jump-misses-init -Wstrict-overflow=2 -Wno-suggest-attribute=const -Wno-suggest-attribute=noreturn -Wno-suggest-attribute=pure -Wno-suggest-attribute=format -Wdate-time -Warray-bounds=2 -Wc99-c11-compat -Wincompatible-pointer-types -Wint-conversion -Wduplicated-cond -Whsa -Wnormalized -Wnull-dereference -Wunused-const-variable -Walloca -Walloc-zero -Wduplicated-branches -Wformat-overflow=2 -Wformat-truncation=1 -Wrestrict -Wattribute-alias -Wshift-overflow=2 -Wcast-function-type -Wcast-align=strict -Wno-suggest-attribute=cold -Wno-suggest-attribute=malloc -Wattribute-alias=2 -Wmissing-profile -Wc11-c2x-compat -MD -MT src/CMakeFiles/hdf5-shared.dir/H5Gbtree2.c.o -MF src/CMakeFiles/hdf5-shared.dir/H5Gbtree2.c.o.d -o src/CMakeFiles/hdf5-shared.dir/H5Gbtree2.c.o -c /home/byrn/HDF_Projects/hdf5/dev/src/H5Gbtree2.c
[516/4114] /usr/bin/cc -DH5_BUILT_AS_DYNAMIC_LIB -D_FILE_OFFSET_BITS=64 -D_GNU_SOURCE -D_LARGEFILE_SOURCE -D_POSIX_C_SOURCE=200809L -Dhdf5_shared_EXPORTS -I/home/byrn/HDF_Projects/hdf5/dev/src -I/home/byrn/HDF_Projects/hdf5/dev/src/H5FDsubfiling -I/home/byrn/HDF_Projects/hdf5/build/ci-StdShar-GNUC/src -I/home/byrn/HDF_Projects/hdf5/build/ci-StdShar-GNUC/_deps/hdf5_zlib-build -I/home/byrn/HDF_Projects/hdf5/build/ci-StdShar-GNUC/_deps/hdf5_zlib-src -I/home/byrn/HDF_Projects/hdf5/build/ci-StdShar-GNUC/_deps/szip-build -I/home/byrn/HDF_Projects/hdf5/build/ci-StdShar-GNUC/_deps/szip-src/include -I/home/byrn/HDF_Projects/hdf5/build/ci-StdShar-GNUC/_deps/szip-src -std=c99  -fstdarg-opt -fdiagnostics-urls=never -fno-diagnostics-color -fmessage-length=0 -O2 -g -DNDEBUG -std=gnu99 -fPIC -Wall -Wcast-qual -Wconversion -Wextra -Wfloat-equal -Wformat=2 -Winit-self -Winvalid-pch -Wmissing-include-dirs -Wshadow -Wundef -Wwrite-strings -pedantic -Wno-c++-compat -Wbad-function-cast -Wcast-align -Wformat -Wimplicit-function-declaration -Wint-to-pointer-cast -Wmissing-declarations -Wmissing-prototypes -Wnested-externs -Wold-style-definition -Wpacked -Wpointer-sign -Wpointer-to-int-cast -Wredundant-decls -Wstrict-prototypes -Wswitch -Wunused-but-set-variable -Wunused-variable -Wunused-function -Wunused-parameter -finline-functions -Wno-aggregate-return -Wno-inline -Wno-missing-format-attribute -Wno-missing-noreturn -Wno-overlength-strings -Wlarger-than=2560 -Wlogical-op -Wframe-larger-than=16384 -Wpacked-bitfield-compat -Wsync-nand -Wno-unsuffixed-float-constants -Wdouble-promotion -Wtrampolines -Wstack-usage=8192 -Wmaybe-uninitialized -Wno-jump-misses-init -Wstrict-overflow=2 -Wno-suggest-attribute=const -Wno-suggest-attribute=noreturn -Wno-suggest-attribute=pure -Wno-suggest-attribute=format -Wdate-time -Warray-bounds=2 -Wc99-c11-compat -Wincompatible-pointer-types -Wint-conversion -Wduplicated-cond -Whsa -Wnormalized -Wnull-dereference -Wunused-const-variable -Walloca -Walloc-zero -Wduplicated-branches -Wformat-overflow=2 -Wformat-truncation=1 -Wrestrict -Wattribute-alias -Wshift-overflow=2 -Wcast-function-type -Wcast-align=strict -Wno-suggest-attribute=cold -Wno-suggest-attribute=malloc -Wattribute-alias=2 -Wmissing-profile -Wc11-c2x-compat -MD -MT src/CMakeFiles/hdf5-shared.dir/H5Gcompact.c.o -MF src/CMakeFiles/hdf5-shared.dir/H5Gcompact.c.o.d -o src/CMakeFiles/hdf5-shared.dir/H5Gcompact.c.o -c /home/byrn/HDF_Projects/hdf5/dev/src/H5Gcompact.c
[517/4114] /usr/bin/cc -DH5_BUILT_AS_DYNAMIC_LIB -D_FILE_OFFSET_BITS=64 -D_GNU_SOURCE -D_LARGEFILE_SOURCE -D_POSIX_C_SOURCE=200809L -Dhdf5_shared_EXPORTS -I/home/byrn/HDF_Projects/hdf5/dev/src -I/home/byrn/HDF_Projects/hdf5/dev/src/H5FDsubfiling -I/home/byrn/HDF_Projects/hdf5/build/ci-StdShar-GNUC/src -I/home/byrn/HDF_Projects/hdf5/build/ci-StdShar-GNUC/_deps/hdf5_zlib-build -I/home/byrn/HDF_Projects/hdf5/build/ci-StdShar-GNUC/_deps/hdf5_zlib-src -I/home/byrn/HDF_Projects/hdf5/build/ci-StdShar-GNUC/_deps/szip-build -I/home/byrn/HDF_Projects/hdf5/build/ci-StdShar-GNUC/_deps/szip-src/include -I/home/byrn/HDF_Projects/hdf5/build/ci-StdShar-GNUC/_deps/szip-src -std=c99  -fstdarg-opt -fdiagnostics-urls=never -fno-diagnostics-color -fmessage-length=0 -O2 -g -DNDEBUG -std=gnu99 -fPIC -Wall -Wcast-qual -Wconversion -Wextra -Wfloat-equal -Wformat=2 -Winit-self -Winvalid-pch -Wmissing-include-dirs -Wshadow -Wundef -Wwrite-strings -pedantic -Wno-c++-compat -Wbad-function-cast -Wcast-align -Wformat -Wimplicit-function-declaration -Wint-to-pointer-cast -Wmissing-declarations -Wmissing-prototypes -Wnested-externs -Wold-style-definition -Wpacked -Wpointer-sign -Wpointer-to-int-cast -Wredundant-decls -Wstrict-prototypes -Wswitch -Wunused-but-set-variable -Wunused-variable -Wunused-function -Wunused-parameter -finline-functions -Wno-aggregate-return -Wno-inline -Wno-missing-format-attribute -Wno-missing-noreturn -Wno-overlength-strings -Wlarger-than=2560 -Wlogical-op -Wframe-larger-than=16384 -Wpacked-bitfield-compat -Wsync-nand -Wno-unsuffixed-float-constants -Wdouble-promotion -Wtrampolines -Wstack-usage=8192 -Wmaybe-uninitialized -Wno-jump-misses-init -Wstrict-overflow=2 -Wno-suggest-attribute=const -Wno-suggest-attribute=noreturn -Wno-suggest-attribute=pure -Wno-suggest-attribute=format -Wdate-time -Warray-bounds=2 -Wc99-c11-compat -Wincompatible-pointer-types -Wint-conversion -Wduplicated-cond -Whsa -Wnormalized -Wnull-dereference -Wunused-const-variable -Walloca -Walloc-zero -Wduplicated-branches -Wformat-overflow=2 -Wformat-truncation=1 -Wrestrict -Wattribute-alias -Wshift-overflow=2 -Wcast-function-type -Wcast-align=strict -Wno-suggest-attribute=cold -Wno-suggest-attribute=malloc -Wattribute-alias=2 -Wmissing-profile -Wc11-c2x-compat -MD -MT src/CMakeFiles/hdf5-shared.dir/H5Gcache.c.o -MF src/CMakeFiles/hdf5-shared.dir/H5Gcache.c.o.d -o src/CMakeFiles/hdf5-shared.dir/H5Gcache.c.o -c /home/byrn/HDF_Projects/hdf5/dev/src/H5Gcache.c
[518/4114] /usr/bin/cc -DH5_BUILT_AS_DYNAMIC_LIB -D_FILE_OFFSET_BITS=64 -D_GNU_SOURCE -D_LARGEFILE_SOURCE -D_POSIX_C_SOURCE=200809L -Dhdf5_shared_EXPORTS -I/home/byrn/HDF_Projects/hdf5/dev/src -I/home/byrn/HDF_Projects/hdf5/dev/src/H5FDsubfiling -I/home/byrn/HDF_Projects/hdf5/build/ci-StdShar-GNUC/src -I/home/byrn/HDF_Projects/hdf5/build/ci-StdShar-GNUC/_deps/hdf5_zlib-build -I/home/byrn/HDF_Projects/hdf5/build/ci-StdShar-GNUC/_deps/hdf5_zlib-src -I/home/byrn/HDF_Projects/hdf5/build/ci-StdShar-GNUC/_deps/szip-build -I/home/byrn/HDF_Projects/hdf5/build/ci-StdShar-GNUC/_deps/szip-src/include -I/home/byrn/HDF_Projects/hdf5/build/ci-StdShar-GNUC/_deps/szip-src -std=c99  -fstdarg-opt -fdiagnostics-urls=never -fno-diagnostics-color -fmessage-length=0 -O2 -g -DNDEBUG -std=gnu99 -fPIC -Wall -Wcast-qual -Wconversion -Wextra -Wfloat-equal -Wformat=2 -Winit-self -Winvalid-pch -Wmissing-include-dirs -Wshadow -Wundef -Wwrite-strings -pedantic -Wno-c++-compat -Wbad-function-cast -Wcast-align -Wformat -Wimplicit-function-declaration -Wint-to-pointer-cast -Wmissing-declarations -Wmissing-prototypes -Wnested-externs -Wold-style-definition -Wpacked -Wpointer-sign -Wpointer-to-int-cast -Wredundant-decls -Wstrict-prototypes -Wswitch -Wunused-but-set-variable -Wunused-variable -Wunused-function -Wunused-parameter -finline-functions -Wno-aggregate-return -Wno-inline -Wno-missing-format-attribute -Wno-missing-noreturn -Wno-overlength-strings -Wlarger-than=2560 -Wlogical-op -Wframe-larger-than=16384 -Wpacked-bitfield-compat -Wsync-nand -Wno-unsuffixed-float-constants -Wdouble-promotion -Wtrampolines -Wstack-usage=8192 -Wmaybe-uninitialized -Wno-jump-misses-init -Wstrict-overflow=2 -Wno-suggest-attribute=const -Wno-suggest-attribute=noreturn -Wno-suggest-attribute=pure -Wno-suggest-attribute=format -Wdate-time -Warray-bounds=2 -Wc99-c11-compat -Wincompatible-pointer-types -Wint-conversion -Wduplicated-cond -Whsa -Wnormalized -Wnull-dereference -Wunused-const-variable -Walloca -Walloc-zero -Wduplicated-branches -Wformat-overflow=2 -Wformat-truncation=1 -Wrestrict -Wattribute-alias -Wshift-overflow=2 -Wcast-function-type -Wcast-align=strict -Wno-suggest-attribute=cold -Wno-suggest-attribute=malloc -Wattribute-alias=2 -Wmissing-profile -Wc11-c2x-compat -MD -MT src/CMakeFiles/hdf5-shared.dir/H5G.c.o -MF src/CMakeFiles/hdf5-shared.dir/H5G.c.o.d -o src/CMakeFiles/hdf5-shared.dir/H5G.c.o -c /home/byrn/HDF_Projects/hdf5/dev/src/H5G.c
[519/4114] /usr/bin/cc -DH5_BUILT_AS_DYNAMIC_LIB -D_FILE_OFFSET_BITS=64 -D_GNU_SOURCE -D_LARGEFILE_SOURCE -D_POSIX_C_SOURCE=200809L -Dhdf5_shared_EXPORTS -I/home/byrn/HDF_Projects/hdf5/dev/src -I/home/byrn/HDF_Projects/hdf5/dev/src/H5FDsubfiling -I/home/byrn/HDF_Projects/hdf5/build/ci-StdShar-GNUC/src -I/home/byrn/HDF_Projects/hdf5/build/ci-StdShar-GNUC/_deps/hdf5_zlib-build -I/home/byrn/HDF_Projects/hdf5/build/ci-StdShar-GNUC/_deps/hdf5_zlib-src -I/home/byrn/HDF_Projects/hdf5/build/ci-StdShar-GNUC/_deps/szip-build -I/home/byrn/HDF_Projects/hdf5/build/ci-StdShar-GNUC/_deps/szip-src/include -I/home/byrn/HDF_Projects/hdf5/build/ci-StdShar-GNUC/_deps/szip-src -std=c99  -fstdarg-opt -fdiagnostics-urls=never -fno-diagnostics-color -fmessage-length=0 -O2 -g -DNDEBUG -std=gnu99 -fPIC -Wall -Wcast-qual -Wconversion -Wextra -Wfloat-equal -Wformat=2 -Winit-self -Winvalid-pch -Wmissing-include-dirs -Wshadow -Wundef -Wwrite-strings -pedantic -Wno-c++-compat -Wbad-function-cast -Wcast-align -Wformat -Wimplicit-function-declaration -Wint-to-pointer-cast -Wmissing-declarations -Wmissing-prototypes -Wnested-externs -Wold-style-definition -Wpacked -Wpointer-sign -Wpointer-to-int-cast -Wredundant-decls -Wstrict-prototypes -Wswitch -Wunused-but-set-variable -Wunused-variable -Wunused-function -Wunused-parameter -finline-functions -Wno-aggregate-return -Wno-inline -Wno-missing-format-attribute -Wno-missing-noreturn -Wno-overlength-strings -Wlarger-than=2560 -Wlogical-op -Wframe-larger-than=16384 -Wpacked-bitfield-compat -Wsync-nand -Wno-unsuffixed-float-constants -Wdouble-promotion -Wtrampolines -Wstack-usage=8192 -Wmaybe-uninitialized -Wno-jump-misses-init -Wstrict-overflow=2 -Wno-suggest-attribute=const -Wno-suggest-attribute=noreturn -Wno-suggest-attribute=pure -Wno-suggest-attribute=format -Wdate-time -Warray-bounds=2 -Wc99-c11-compat -Wincompatible-pointer-types -Wint-conversion -Wduplicated-cond -Whsa -Wnormalized -Wnull-dereference -Wunused-const-variable -Walloca -Walloc-zero -Wduplicated-branches -Wformat-overflow=2 -Wformat-truncation=1 -Wrestrict -Wattribute-alias -Wshift-overflow=2 -Wcast-function-type -Wcast-align=strict -Wno-suggest-attribute=cold -Wno-suggest-attribute=malloc -Wattribute-alias=2 -Wmissing-profile -Wc11-c2x-compat -MD -MT src/CMakeFiles/hdf5-shared.dir/H5FSsection.c.o -MF src/CMakeFiles/hdf5-shared.dir/H5FSsection.c.o.d -o src/CMakeFiles/hdf5-shared.dir/H5FSsection.c.o -c /home/byrn/HDF_Projects/hdf5/dev/src/H5FSsection.c
[520/4114] /usr/bin/cc -DH5_BUILT_AS_DYNAMIC_LIB -D_FILE_OFFSET_BITS=64 -D_GNU_SOURCE -D_LARGEFILE_SOURCE -D_POSIX_C_SOURCE=200809L -Dhdf5_shared_EXPORTS -I/home/byrn/HDF_Projects/hdf5/dev/src -I/home/byrn/HDF_Projects/hdf5/dev/src/H5FDsubfiling -I/home/byrn/HDF_Projects/hdf5/build/ci-StdShar-GNUC/src -I/home/byrn/HDF_Projects/hdf5/build/ci-StdShar-GNUC/_deps/hdf5_zlib-build -I/home/byrn/HDF_Projects/hdf5/build/ci-StdShar-GNUC/_deps/hdf5_zlib-src -I/home/byrn/HDF_Projects/hdf5/build/ci-StdShar-GNUC/_deps/szip-build -I/home/byrn/HDF_Projects/hdf5/build/ci-StdShar-GNUC/_deps/szip-src/include -I/home/byrn/HDF_Projects/hdf5/build/ci-StdShar-GNUC/_deps/szip-src -std=c99  -fstdarg-opt -fdiagnostics-urls=never -fno-diagnostics-color -fmessage-length=0 -O2 -g -DNDEBUG -std=gnu99 -fPIC -Wall -Wcast-qual -Wconversion -Wextra -Wfloat-equal -Wformat=2 -Winit-self -Winvalid-pch -Wmissing-include-dirs -Wshadow -Wundef -Wwrite-strings -pedantic -Wno-c++-compat -Wbad-function-cast -Wcast-align -Wformat -Wimplicit-function-declaration -Wint-to-pointer-cast -Wmissing-declarations -Wmissing-prototypes -Wnested-externs -Wold-style-definition -Wpacked -Wpointer-sign -Wpointer-to-int-cast -Wredundant-decls -Wstrict-prototypes -Wswitch -Wunused-but-set-variable -Wunused-variable -Wunused-function -Wunused-parameter -finline-functions -Wno-aggregate-return -Wno-inline -Wno-missing-format-attribute -Wno-missing-noreturn -Wno-overlength-strings -Wlarger-than=2560 -Wlogical-op -Wframe-larger-than=16384 -Wpacked-bitfield-compat -Wsync-nand -Wno-unsuffixed-float-constants -Wdouble-promotion -Wtrampolines -Wstack-usage=8192 -Wmaybe-uninitialized -Wno-jump-misses-init -Wstrict-overflow=2 -Wno-suggest-attribute=const -Wno-suggest-attribute=noreturn -Wno-suggest-attribute=pure -Wno-suggest-attribute=format -Wdate-time -Warray-bounds=2 -Wc99-c11-compat -Wincompatible-pointer-types -Wint-conversion -Wduplicated-cond -Whsa -Wnormalized -Wnull-dereference -Wunused-const-variable -Walloca -Walloc-zero -Wduplicated-branches -Wformat-overflow=2 -Wformat-truncation=1 -Wrestrict -Wattribute-alias -Wshift-overflow=2 -Wcast-function-type -Wcast-align=strict -Wno-suggest-attribute=cold -Wno-suggest-attribute=malloc -Wattribute-alias=2 -Wmissing-profile -Wc11-c2x-compat -MD -MT src/CMakeFiles/hdf5-shared.dir/H5Gent.c.o -MF src/CMakeFiles/hdf5-shared.dir/H5Gent.c.o.d -o src/CMakeFiles/hdf5-shared.dir/H5Gent.c.o -c /home/byrn/HDF_Projects/hdf5/dev/src/H5Gent.c
[521/4114] /usr/bin/cc -DH5_BUILT_AS_DYNAMIC_LIB -D_FILE_OFFSET_BITS=64 -D_GNU_SOURCE -D_LARGEFILE_SOURCE -D_POSIX_C_SOURCE=200809L -Dhdf5_shared_EXPORTS -I/home/byrn/HDF_Projects/hdf5/dev/src -I/home/byrn/HDF_Projects/hdf5/dev/src/H5FDsubfiling -I/home/byrn/HDF_Projects/hdf5/build/ci-StdShar-GNUC/src -I/home/byrn/HDF_Projects/hdf5/build/ci-StdShar-GNUC/_deps/hdf5_zlib-build -I/home/byrn/HDF_Projects/hdf5/build/ci-StdShar-GNUC/_deps/hdf5_zlib-src -I/home/byrn/HDF_Projects/hdf5/build/ci-StdShar-GNUC/_deps/szip-build -I/home/byrn/HDF_Projects/hdf5/build/ci-StdShar-GNUC/_deps/szip-src/include -I/home/byrn/HDF_Projects/hdf5/build/ci-StdShar-GNUC/_deps/szip-src -std=c99  -fstdarg-opt -fdiagnostics-urls=never -fno-diagnostics-color -fmessage-length=0 -O2 -g -DNDEBUG -std=gnu99 -fPIC -Wall -Wcast-qual -Wconversion -Wextra -Wfloat-equal -Wformat=2 -Winit-self -Winvalid-pch -Wmissing-include-dirs -Wshadow -Wundef -Wwrite-strings -pedantic -Wno-c++-compat -Wbad-function-cast -Wcast-align -Wformat -Wimplicit-function-declaration -Wint-to-pointer-cast -Wmissing-declarations -Wmissing-prototypes -Wnested-externs -Wold-style-definition -Wpacked -Wpointer-sign -Wpointer-to-int-cast -Wredundant-decls -Wstrict-prototypes -Wswitch -Wunused-but-set-variable -Wunused-variable -Wunused-function -Wunused-parameter -finline-functions -Wno-aggregate-return -Wno-inline -Wno-missing-format-attribute -Wno-missing-noreturn -Wno-overlength-strings -Wlarger-than=2560 -Wlogical-op -Wframe-larger-than=16384 -Wpacked-bitfield-compat -Wsync-nand -Wno-unsuffixed-float-constants -Wdouble-promotion -Wtrampolines -Wstack-usage=8192 -Wmaybe-uninitialized -Wno-jump-misses-init -Wstrict-overflow=2 -Wno-suggest-attribute=const -Wno-suggest-attribute=noreturn -Wno-suggest-attribute=pure -Wno-suggest-attribute=format -Wdate-time -Warray-bounds=2 -Wc99-c11-compat -Wincompatible-pointer-types -Wint-conversion -Wduplicated-cond -Whsa -Wnormalized -Wnull-dereference -Wunused-const-variable -Walloca -Walloc-zero -Wduplicated-branches -Wformat-overflow=2 -Wformat-truncation=1 -Wrestrict -Wattribute-alias -Wshift-overflow=2 -Wcast-function-type -Wcast-align=strict -Wno-suggest-attribute=cold -Wno-suggest-attribute=malloc -Wattribute-alias=2 -Wmissing-profile -Wc11-c2x-compat -MD -MT src/CMakeFiles/hdf5-shared.dir/H5Gdense.c.o -MF src/CMakeFiles/hdf5-shared.dir/H5Gdense.c.o.d -o src/CMakeFiles/hdf5-shared.dir/H5Gdense.c.o -c /home/byrn/HDF_Projects/hdf5/dev/src/H5Gdense.c
[522/4114] /usr/bin/cc -DH5_BUILT_AS_DYNAMIC_LIB -D_FILE_OFFSET_BITS=64 -D_GNU_SOURCE -D_LARGEFILE_SOURCE -D_POSIX_C_SOURCE=200809L -Dhdf5_shared_EXPORTS -I/home/byrn/HDF_Projects/hdf5/dev/src -I/home/byrn/HDF_Projects/hdf5/dev/src/H5FDsubfiling -I/home/byrn/HDF_Projects/hdf5/build/ci-StdShar-GNUC/src -I/home/byrn/HDF_Projects/hdf5/build/ci-StdShar-GNUC/_deps/hdf5_zlib-build -I/home/byrn/HDF_Projects/hdf5/build/ci-StdShar-GNUC/_deps/hdf5_zlib-src -I/home/byrn/HDF_Projects/hdf5/build/ci-StdShar-GNUC/_deps/szip-build -I/home/byrn/HDF_Projects/hdf5/build/ci-StdShar-GNUC/_deps/szip-src/include -I/home/byrn/HDF_Projects/hdf5/build/ci-StdShar-GNUC/_deps/szip-src -std=c99  -fstdarg-opt -fdiagnostics-urls=never -fno-diagnostics-color -fmessage-length=0 -O2 -g -DNDEBUG -std=gnu99 -fPIC -Wall -Wcast-qual -Wconversion -Wextra -Wfloat-equal -Wformat=2 -Winit-self -Winvalid-pch -Wmissing-include-dirs -Wshadow -Wundef -Wwrite-strings -pedantic -Wno-c++-compat -Wbad-function-cast -Wcast-align -Wformat -Wimplicit-function-declaration -Wint-to-pointer-cast -Wmissing-declarations -Wmissing-prototypes -Wnested-externs -Wold-style-definition -Wpacked -Wpointer-sign -Wpointer-to-int-cast -Wredundant-decls -Wstrict-prototypes -Wswitch -Wunused-but-set-variable -Wunused-variable -Wunused-function -Wunused-parameter -finline-functions -Wno-aggregate-return -Wno-inline -Wno-missing-format-attribute -Wno-missing-noreturn -Wno-overlength-strings -Wlarger-than=2560 -Wlogical-op -Wframe-larger-than=16384 -Wpacked-bitfield-compat -Wsync-nand -Wno-unsuffixed-float-constants -Wdouble-promotion -Wtrampolines -Wstack-usage=8192 -Wmaybe-uninitialized -Wno-jump-misses-init -Wstrict-overflow=2 -Wno-suggest-attribute=const -Wno-suggest-attribute=noreturn -Wno-suggest-attribute=pure -Wno-suggest-attribute=format -Wdate-time -Warray-bounds=2 -Wc99-c11-compat -Wincompatible-pointer-types -Wint-conversion -Wduplicated-cond -Whsa -Wnormalized -Wnull-dereference -Wunused-const-variable -Walloca -Walloc-zero -Wduplicated-branches -Wformat-overflow=2 -Wformat-truncation=1 -Wrestrict -Wattribute-alias -Wshift-overflow=2 -Wcast-function-type -Wcast-align=strict -Wno-suggest-attribute=cold -Wno-suggest-attribute=malloc -Wattribute-alias=2 -Wmissing-profile -Wc11-c2x-compat -MD -MT src/CMakeFiles/hdf5-shared.dir/H5Glink.c.o -MF src/CMakeFiles/hdf5-shared.dir/H5Glink.c.o.d -o src/CMakeFiles/hdf5-shared.dir/H5Glink.c.o -c /home/byrn/HDF_Projects/hdf5/dev/src/H5Glink.c
[523/4114] /usr/bin/cc -DH5_BUILT_AS_DYNAMIC_LIB -D_FILE_OFFSET_BITS=64 -D_GNU_SOURCE -D_LARGEFILE_SOURCE -D_POSIX_C_SOURCE=200809L -Dhdf5_shared_EXPORTS -I/home/byrn/HDF_Projects/hdf5/dev/src -I/home/byrn/HDF_Projects/hdf5/dev/src/H5FDsubfiling -I/home/byrn/HDF_Projects/hdf5/build/ci-StdShar-GNUC/src -I/home/byrn/HDF_Projects/hdf5/build/ci-StdShar-GNUC/_deps/hdf5_zlib-build -I/home/byrn/HDF_Projects/hdf5/build/ci-StdShar-GNUC/_deps/hdf5_zlib-src -I/home/byrn/HDF_Projects/hdf5/build/ci-StdShar-GNUC/_deps/szip-build -I/home/byrn/HDF_Projects/hdf5/build/ci-StdShar-GNUC/_deps/szip-src/include -I/home/byrn/HDF_Projects/hdf5/build/ci-StdShar-GNUC/_deps/szip-src -std=c99  -fstdarg-opt -fdiagnostics-urls=never -fno-diagnostics-color -fmessage-length=0 -O2 -g -DNDEBUG -std=gnu99 -fPIC -Wall -Wcast-qual -Wconversion -Wextra -Wfloat-equal -Wformat=2 -Winit-self -Winvalid-pch -Wmissing-include-dirs -Wshadow -Wundef -Wwrite-strings -pedantic -Wno-c++-compat -Wbad-function-cast -Wcast-align -Wformat -Wimplicit-function-declaration -Wint-to-pointer-cast -Wmissing-declarations -Wmissing-prototypes -Wnested-externs -Wold-style-definition -Wpacked -Wpointer-sign -Wpointer-to-int-cast -Wredundant-decls -Wstrict-prototypes -Wswitch -Wunused-but-set-variable -Wunused-variable -Wunused-function -Wunused-parameter -finline-functions -Wno-aggregate-return -Wno-inline -Wno-missing-format-attribute -Wno-missing-noreturn -Wno-overlength-strings -Wlarger-than=2560 -Wlogical-op -Wframe-larger-than=16384 -Wpacked-bitfield-compat -Wsync-nand -Wno-unsuffixed-float-constants -Wdouble-promotion -Wtrampolines -Wstack-usage=8192 -Wmaybe-uninitialized -Wno-jump-misses-init -Wstrict-overflow=2 -Wno-suggest-attribute=const -Wno-suggest-attribute=noreturn -Wno-suggest-attribute=pure -Wno-suggest-attribute=format -Wdate-time -Warray-bounds=2 -Wc99-c11-compat -Wincompatible-pointer-types -Wint-conversion -Wduplicated-cond -Whsa -Wnormalized -Wnull-dereference -Wunused-const-variable -Walloca -Walloc-zero -Wduplicated-branches -Wformat-overflow=2 -Wformat-truncation=1 -Wrestrict -Wattribute-alias -Wshift-overflow=2 -Wcast-function-type -Wcast-align=strict -Wno-suggest-attribute=cold -Wno-suggest-attribute=malloc -Wattribute-alias=2 -Wmissing-profile -Wc11-c2x-compat -MD -MT src/CMakeFiles/hdf5-shared.dir/H5Gdeprec.c.o -MF src/CMakeFiles/hdf5-shared.dir/H5Gdeprec.c.o.d -o src/CMakeFiles/hdf5-shared.dir/H5Gdeprec.c.o -c /home/byrn/HDF_Projects/hdf5/dev/src/H5Gdeprec.c
[524/4114] /usr/bin/cc -DH5_BUILT_AS_DYNAMIC_LIB -D_FILE_OFFSET_BITS=64 -D_GNU_SOURCE -D_LARGEFILE_SOURCE -D_POSIX_C_SOURCE=200809L -Dhdf5_shared_EXPORTS -I/home/byrn/HDF_Projects/hdf5/dev/src -I/home/byrn/HDF_Projects/hdf5/dev/src/H5FDsubfiling -I/home/byrn/HDF_Projects/hdf5/build/ci-StdShar-GNUC/src -I/home/byrn/HDF_Projects/hdf5/build/ci-StdShar-GNUC/_deps/hdf5_zlib-build -I/home/byrn/HDF_Projects/hdf5/build/ci-StdShar-GNUC/_deps/hdf5_zlib-src -I/home/byrn/HDF_Projects/hdf5/build/ci-StdShar-GNUC/_deps/szip-build -I/home/byrn/HDF_Projects/hdf5/build/ci-StdShar-GNUC/_deps/szip-src/include -I/home/byrn/HDF_Projects/hdf5/build/ci-StdShar-GNUC/_deps/szip-src -std=c99  -fstdarg-opt -fdiagnostics-urls=never -fno-diagnostics-color -fmessage-length=0 -O2 -g -DNDEBUG -std=gnu99 -fPIC -Wall -Wcast-qual -Wconversion -Wextra -Wfloat-equal -Wformat=2 -Winit-self -Winvalid-pch -Wmissing-include-dirs -Wshadow -Wundef -Wwrite-strings -pedantic -Wno-c++-compat -Wbad-function-cast -Wcast-align -Wformat -Wimplicit-function-declaration -Wint-to-pointer-cast -Wmissing-declarations -Wmissing-prototypes -Wnested-externs -Wold-style-definition -Wpacked -Wpointer-sign -Wpointer-to-int-cast -Wredundant-decls -Wstrict-prototypes -Wswitch -Wunused-but-set-variable -Wunused-variable -Wunused-function -Wunused-parameter -finline-functions -Wno-aggregate-return -Wno-inline -Wno-missing-format-attribute -Wno-missing-noreturn -Wno-overlength-strings -Wlarger-than=2560 -Wlogical-op -Wframe-larger-than=16384 -Wpacked-bitfield-compat -Wsync-nand -Wno-unsuffixed-float-constants -Wdouble-promotion -Wtrampolines -Wstack-usage=8192 -Wmaybe-uninitialized -Wno-jump-misses-init -Wstrict-overflow=2 -Wno-suggest-attribute=const -Wno-suggest-attribute=noreturn -Wno-suggest-attribute=pure -Wno-suggest-attribute=format -Wdate-time -Warray-bounds=2 -Wc99-c11-compat -Wincompatible-pointer-types -Wint-conversion -Wduplicated-cond -Whsa -Wnormalized -Wnull-dereference -Wunused-const-variable -Walloca -Walloc-zero -Wduplicated-branches -Wformat-overflow=2 -Wformat-truncation=1 -Wrestrict -Wattribute-alias -Wshift-overflow=2 -Wcast-function-type -Wcast-align=strict -Wno-suggest-attribute=cold -Wno-suggest-attribute=malloc -Wattribute-alias=2 -Wmissing-profile -Wc11-c2x-compat -MD -MT src/CMakeFiles/hdf5-shared.dir/H5Gint.c.o -MF src/CMakeFiles/hdf5-shared.dir/H5Gint.c.o.d -o src/CMakeFiles/hdf5-shared.dir/H5Gint.c.o -c /home/byrn/HDF_Projects/hdf5/dev/src/H5Gint.c
[525/4114] /usr/bin/cc -DH5_BUILT_AS_DYNAMIC_LIB -D_FILE_OFFSET_BITS=64 -D_GNU_SOURCE -D_LARGEFILE_SOURCE -D_POSIX_C_SOURCE=200809L -Dhdf5_shared_EXPORTS -I/home/byrn/HDF_Projects/hdf5/dev/src -I/home/byrn/HDF_Projects/hdf5/dev/src/H5FDsubfiling -I/home/byrn/HDF_Projects/hdf5/build/ci-StdShar-GNUC/src -I/home/byrn/HDF_Projects/hdf5/build/ci-StdShar-GNUC/_deps/hdf5_zlib-build -I/home/byrn/HDF_Projects/hdf5/build/ci-StdShar-GNUC/_deps/hdf5_zlib-src -I/home/byrn/HDF_Projects/hdf5/build/ci-StdShar-GNUC/_deps/szip-build -I/home/byrn/HDF_Projects/hdf5/build/ci-StdShar-GNUC/_deps/szip-src/include -I/home/byrn/HDF_Projects/hdf5/build/ci-StdShar-GNUC/_deps/szip-src -std=c99  -fstdarg-opt -fdiagnostics-urls=never -fno-diagnostics-color -fmessage-length=0 -O2 -g -DNDEBUG -std=gnu99 -fPIC -Wall -Wcast-qual -Wconversion -Wextra -Wfloat-equal -Wformat=2 -Winit-self -Winvalid-pch -Wmissing-include-dirs -Wshadow -Wundef -Wwrite-strings -pedantic -Wno-c++-compat -Wbad-function-cast -Wcast-align -Wformat -Wimplicit-function-declaration -Wint-to-pointer-cast -Wmissing-declarations -Wmissing-prototypes -Wnested-externs -Wold-style-definition -Wpacked -Wpointer-sign -Wpointer-to-int-cast -Wredundant-decls -Wstrict-prototypes -Wswitch -Wunused-but-set-variable -Wunused-variable -Wunused-function -Wunused-parameter -finline-functions -Wno-aggregate-return -Wno-inline -Wno-missing-format-attribute -Wno-missing-noreturn -Wno-overlength-strings -Wlarger-than=2560 -Wlogical-op -Wframe-larger-than=16384 -Wpacked-bitfield-compat -Wsync-nand -Wno-unsuffixed-float-constants -Wdouble-promotion -Wtrampolines -Wstack-usage=8192 -Wmaybe-uninitialized -Wno-jump-misses-init -Wstrict-overflow=2 -Wno-suggest-attribute=const -Wno-suggest-attribute=noreturn -Wno-suggest-attribute=pure -Wno-suggest-attribute=format -Wdate-time -Warray-bounds=2 -Wc99-c11-compat -Wincompatible-pointer-types -Wint-conversion -Wduplicated-cond -Whsa -Wnormalized -Wnull-dereference -Wunused-const-variable -Walloca -Walloc-zero -Wduplicated-branches -Wformat-overflow=2 -Wformat-truncation=1 -Wrestrict -Wattribute-alias -Wshift-overflow=2 -Wcast-function-type -Wcast-align=strict -Wno-suggest-attribute=cold -Wno-suggest-attribute=malloc -Wattribute-alias=2 -Wmissing-profile -Wc11-c2x-compat -MD -MT src/CMakeFiles/hdf5-shared.dir/H5Gloc.c.o -MF src/CMakeFiles/hdf5-shared.dir/H5Gloc.c.o.d -o src/CMakeFiles/hdf5-shared.dir/H5Gloc.c.o -c /home/byrn/HDF_Projects/hdf5/dev/src/H5Gloc.c
[526/4114] /usr/bin/cc -DH5_BUILT_AS_DYNAMIC_LIB -D_FILE_OFFSET_BITS=64 -D_GNU_SOURCE -D_LARGEFILE_SOURCE -D_POSIX_C_SOURCE=200809L -Dhdf5_shared_EXPORTS -I/home/byrn/HDF_Projects/hdf5/dev/src -I/home/byrn/HDF_Projects/hdf5/dev/src/H5FDsubfiling -I/home/byrn/HDF_Projects/hdf5/build/ci-StdShar-GNUC/src -I/home/byrn/HDF_Projects/hdf5/build/ci-StdShar-GNUC/_deps/hdf5_zlib-build -I/home/byrn/HDF_Projects/hdf5/build/ci-StdShar-GNUC/_deps/hdf5_zlib-src -I/home/byrn/HDF_Projects/hdf5/build/ci-StdShar-GNUC/_deps/szip-build -I/home/byrn/HDF_Projects/hdf5/build/ci-StdShar-GNUC/_deps/szip-src/include -I/home/byrn/HDF_Projects/hdf5/build/ci-StdShar-GNUC/_deps/szip-src -std=c99  -fstdarg-opt -fdiagnostics-urls=never -fno-diagnostics-color -fmessage-length=0 -O2 -g -DNDEBUG -std=gnu99 -fPIC -Wall -Wcast-qual -Wconversion -Wextra -Wfloat-equal -Wformat=2 -Winit-self -Winvalid-pch -Wmissing-include-dirs -Wshadow -Wundef -Wwrite-strings -pedantic -Wno-c++-compat -Wbad-function-cast -Wcast-align -Wformat -Wimplicit-function-declaration -Wint-to-pointer-cast -Wmissing-declarations -Wmissing-prototypes -Wnested-externs -Wold-style-definition -Wpacked -Wpointer-sign -Wpointer-to-int-cast -Wredundant-decls -Wstrict-prototypes -Wswitch -Wunused-but-set-variable -Wunused-variable -Wunused-function -Wunused-parameter -finline-functions -Wno-aggregate-return -Wno-inline -Wno-missing-format-attribute -Wno-missing-noreturn -Wno-overlength-strings -Wlarger-than=2560 -Wlogical-op -Wframe-larger-than=16384 -Wpacked-bitfield-compat -Wsync-nand -Wno-unsuffixed-float-constants -Wdouble-promotion -Wtrampolines -Wstack-usage=8192 -Wmaybe-uninitialized -Wno-jump-misses-init -Wstrict-overflow=2 -Wno-suggest-attribute=const -Wno-suggest-attribute=noreturn -Wno-suggest-attribute=pure -Wno-suggest-attribute=format -Wdate-time -Warray-bounds=2 -Wc99-c11-compat -Wincompatible-pointer-types -Wint-conversion -Wduplicated-cond -Whsa -Wnormalized -Wnull-dereference -Wunused-const-variable -Walloca -Walloc-zero -Wduplicated-branches -Wformat-overflow=2 -Wformat-truncation=1 -Wrestrict -Wattribute-alias -Wshift-overflow=2 -Wcast-function-type -Wcast-align=strict -Wno-suggest-attribute=cold -Wno-suggest-attribute=malloc -Wattribute-alias=2 -Wmissing-profile -Wc11-c2x-compat -MD -MT src/CMakeFiles/hdf5-shared.dir/H5Gname.c.o -MF src/CMakeFiles/hdf5-shared.dir/H5Gname.c.o.d -o src/CMakeFiles/hdf5-shared.dir/H5Gname.c.o -c /home/byrn/HDF_Projects/hdf5/dev/src/H5Gname.c
[527/4114] /usr/bin/cc -DH5_BUILT_AS_DYNAMIC_LIB -D_FILE_OFFSET_BITS=64 -D_GNU_SOURCE -D_LARGEFILE_SOURCE -D_POSIX_C_SOURCE=200809L -Dhdf5_shared_EXPORTS -I/home/byrn/HDF_Projects/hdf5/dev/src -I/home/byrn/HDF_Projects/hdf5/dev/src/H5FDsubfiling -I/home/byrn/HDF_Projects/hdf5/build/ci-StdShar-GNUC/src -I/home/byrn/HDF_Projects/hdf5/build/ci-StdShar-GNUC/_deps/hdf5_zlib-build -I/home/byrn/HDF_Projects/hdf5/build/ci-StdShar-GNUC/_deps/hdf5_zlib-src -I/home/byrn/HDF_Projects/hdf5/build/ci-StdShar-GNUC/_deps/szip-build -I/home/byrn/HDF_Projects/hdf5/build/ci-StdShar-GNUC/_deps/szip-src/include -I/home/byrn/HDF_Projects/hdf5/build/ci-StdShar-GNUC/_deps/szip-src -std=c99  -fstdarg-opt -fdiagnostics-urls=never -fno-diagnostics-color -fmessage-length=0 -O2 -g -DNDEBUG -std=gnu99 -fPIC -Wall -Wcast-qual -Wconversion -Wextra -Wfloat-equal -Wformat=2 -Winit-self -Winvalid-pch -Wmissing-include-dirs -Wshadow -Wundef -Wwrite-strings -pedantic -Wno-c++-compat -Wbad-function-cast -Wcast-align -Wformat -Wimplicit-function-declaration -Wint-to-pointer-cast -Wmissing-declarations -Wmissing-prototypes -Wnested-externs -Wold-style-definition -Wpacked -Wpointer-sign -Wpointer-to-int-cast -Wredundant-decls -Wstrict-prototypes -Wswitch -Wunused-but-set-variable -Wunused-variable -Wunused-function -Wunused-parameter -finline-functions -Wno-aggregate-return -Wno-inline -Wno-missing-format-attribute -Wno-missing-noreturn -Wno-overlength-strings -Wlarger-than=2560 -Wlogical-op -Wframe-larger-than=16384 -Wpacked-bitfield-compat -Wsync-nand -Wno-unsuffixed-float-constants -Wdouble-promotion -Wtrampolines -Wstack-usage=8192 -Wmaybe-uninitialized -Wno-jump-misses-init -Wstrict-overflow=2 -Wno-suggest-attribute=const -Wno-suggest-attribute=noreturn -Wno-suggest-attribute=pure -Wno-suggest-attribute=format -Wdate-time -Warray-bounds=2 -Wc99-c11-compat -Wincompatible-pointer-types -Wint-conversion -Wduplicated-cond -Whsa -Wnormalized -Wnull-dereference -Wunused-const-variable -Walloca -Walloc-zero -Wduplicated-branches -Wformat-overflow=2 -Wformat-truncation=1 -Wrestrict -Wattribute-alias -Wshift-overflow=2 -Wcast-function-type -Wcast-align=strict -Wno-suggest-attribute=cold -Wno-suggest-attribute=malloc -Wattribute-alias=2 -Wmissing-profile -Wc11-c2x-compat -MD -MT src/CMakeFiles/hdf5-shared.dir/H5Goh.c.o -MF src/CMakeFiles/hdf5-shared.dir/H5Goh.c.o.d -o src/CMakeFiles/hdf5-shared.dir/H5Goh.c.o -c /home/byrn/HDF_Projects/hdf5/dev/src/H5Goh.c
[528/4114] /usr/bin/cc -DH5_BUILT_AS_DYNAMIC_LIB -D_FILE_OFFSET_BITS=64 -D_GNU_SOURCE -D_LARGEFILE_SOURCE -D_POSIX_C_SOURCE=200809L -Dhdf5_shared_EXPORTS -I/home/byrn/HDF_Projects/hdf5/dev/src -I/home/byrn/HDF_Projects/hdf5/dev/src/H5FDsubfiling -I/home/byrn/HDF_Projects/hdf5/build/ci-StdShar-GNUC/src -I/home/byrn/HDF_Projects/hdf5/build/ci-StdShar-GNUC/_deps/hdf5_zlib-build -I/home/byrn/HDF_Projects/hdf5/build/ci-StdShar-GNUC/_deps/hdf5_zlib-src -I/home/byrn/HDF_Projects/hdf5/build/ci-StdShar-GNUC/_deps/szip-build -I/home/byrn/HDF_Projects/hdf5/build/ci-StdShar-GNUC/_deps/szip-src/include -I/home/byrn/HDF_Projects/hdf5/build/ci-StdShar-GNUC/_deps/szip-src -std=c99  -fstdarg-opt -fdiagnostics-urls=never -fno-diagnostics-color -fmessage-length=0 -O2 -g -DNDEBUG -std=gnu99 -fPIC -Wall -Wcast-qual -Wconversion -Wextra -Wfloat-equal -Wformat=2 -Winit-self -Winvalid-pch -Wmissing-include-dirs -Wshadow -Wundef -Wwrite-strings -pedantic -Wno-c++-compat -Wbad-function-cast -Wcast-align -Wformat -Wimplicit-function-declaration -Wint-to-pointer-cast -Wmissing-declarations -Wmissing-prototypes -Wnested-externs -Wold-style-definition -Wpacked -Wpointer-sign -Wpointer-to-int-cast -Wredundant-decls -Wstrict-prototypes -Wswitch -Wunused-but-set-variable -Wunused-variable -Wunused-function -Wunused-parameter -finline-functions -Wno-aggregate-return -Wno-inline -Wno-missing-format-attribute -Wno-missing-noreturn -Wno-overlength-strings -Wlarger-than=2560 -Wlogical-op -Wframe-larger-than=16384 -Wpacked-bitfield-compat -Wsync-nand -Wno-unsuffixed-float-constants -Wdouble-promotion -Wtrampolines -Wstack-usage=8192 -Wmaybe-uninitialized -Wno-jump-misses-init -Wstrict-overflow=2 -Wno-suggest-attribute=const -Wno-suggest-attribute=noreturn -Wno-suggest-attribute=pure -Wno-suggest-attribute=format -Wdate-time -Warray-bounds=2 -Wc99-c11-compat -Wincompatible-pointer-types -Wint-conversion -Wduplicated-cond -Whsa -Wnormalized -Wnull-dereference -Wunused-const-variable -Walloca -Walloc-zero -Wduplicated-branches -Wformat-overflow=2 -Wformat-truncation=1 -Wrestrict -Wattribute-alias -Wshift-overflow=2 -Wcast-function-type -Wcast-align=strict -Wno-suggest-attribute=cold -Wno-suggest-attribute=malloc -Wattribute-alias=2 -Wmissing-profile -Wc11-c2x-compat -MD -MT src/CMakeFiles/hdf5-shared.dir/H5Gobj.c.o -MF src/CMakeFiles/hdf5-shared.dir/H5Gobj.c.o.d -o src/CMakeFiles/hdf5-shared.dir/H5Gobj.c.o -c /home/byrn/HDF_Projects/hdf5/dev/src/H5Gobj.c
[529/4114] /usr/bin/cc -DH5_BUILT_AS_DYNAMIC_LIB -D_FILE_OFFSET_BITS=64 -D_GNU_SOURCE -D_LARGEFILE_SOURCE -D_POSIX_C_SOURCE=200809L -Dhdf5_shared_EXPORTS -I/home/byrn/HDF_Projects/hdf5/dev/src -I/home/byrn/HDF_Projects/hdf5/dev/src/H5FDsubfiling -I/home/byrn/HDF_Projects/hdf5/build/ci-StdShar-GNUC/src -I/home/byrn/HDF_Projects/hdf5/build/ci-StdShar-GNUC/_deps/hdf5_zlib-build -I/home/byrn/HDF_Projects/hdf5/build/ci-StdShar-GNUC/_deps/hdf5_zlib-src -I/home/byrn/HDF_Projects/hdf5/build/ci-StdShar-GNUC/_deps/szip-build -I/home/byrn/HDF_Projects/hdf5/build/ci-StdShar-GNUC/_deps/szip-src/include -I/home/byrn/HDF_Projects/hdf5/build/ci-StdShar-GNUC/_deps/szip-src -std=c99  -fstdarg-opt -fdiagnostics-urls=never -fno-diagnostics-color -fmessage-length=0 -O2 -g -DNDEBUG -std=gnu99 -fPIC -Wall -Wcast-qual -Wconversion -Wextra -Wfloat-equal -Wformat=2 -Winit-self -Winvalid-pch -Wmissing-include-dirs -Wshadow -Wundef -Wwrite-strings -pedantic -Wno-c++-compat -Wbad-function-cast -Wcast-align -Wformat -Wimplicit-function-declaration -Wint-to-pointer-cast -Wmissing-declarations -Wmissing-prototypes -Wnested-externs -Wold-style-definition -Wpacked -Wpointer-sign -Wpointer-to-int-cast -Wredundant-decls -Wstrict-prototypes -Wswitch -Wunused-but-set-variable -Wunused-variable -Wunused-function -Wunused-parameter -finline-functions -Wno-aggregate-return -Wno-inline -Wno-missing-format-attribute -Wno-missing-noreturn -Wno-overlength-strings -Wlarger-than=2560 -Wlogical-op -Wframe-larger-than=16384 -Wpacked-bitfield-compat -Wsync-nand -Wno-unsuffixed-float-constants -Wdouble-promotion -Wtrampolines -Wstack-usage=8192 -Wmaybe-uninitialized -Wno-jump-misses-init -Wstrict-overflow=2 -Wno-suggest-attribute=const -Wno-suggest-attribute=noreturn -Wno-suggest-attribute=pure -Wno-suggest-attribute=format -Wdate-time -Warray-bounds=2 -Wc99-c11-compat -Wincompatible-pointer-types -Wint-conversion -Wduplicated-cond -Whsa -Wnormalized -Wnull-dereference -Wunused-const-variable -Walloca -Walloc-zero -Wduplicated-branches -Wformat-overflow=2 -Wformat-truncation=1 -Wrestrict -Wattribute-alias -Wshift-overflow=2 -Wcast-function-type -Wcast-align=strict -Wno-suggest-attribute=cold -Wno-suggest-attribute=malloc -Wattribute-alias=2 -Wmissing-profile -Wc11-c2x-compat -MD -MT src/CMakeFiles/hdf5-shared.dir/H5Groot.c.o -MF src/CMakeFiles/hdf5-shared.dir/H5Groot.c.o.d -o src/CMakeFiles/hdf5-shared.dir/H5Groot.c.o -c /home/byrn/HDF_Projects/hdf5/dev/src/H5Groot.c
[530/4114] /usr/bin/cc -DH5_BUILT_AS_DYNAMIC_LIB -D_FILE_OFFSET_BITS=64 -D_GNU_SOURCE -D_LARGEFILE_SOURCE -D_POSIX_C_SOURCE=200809L -Dhdf5_shared_EXPORTS -I/home/byrn/HDF_Projects/hdf5/dev/src -I/home/byrn/HDF_Projects/hdf5/dev/src/H5FDsubfiling -I/home/byrn/HDF_Projects/hdf5/build/ci-StdShar-GNUC/src -I/home/byrn/HDF_Projects/hdf5/build/ci-StdShar-GNUC/_deps/hdf5_zlib-build -I/home/byrn/HDF_Projects/hdf5/build/ci-StdShar-GNUC/_deps/hdf5_zlib-src -I/home/byrn/HDF_Projects/hdf5/build/ci-StdShar-GNUC/_deps/szip-build -I/home/byrn/HDF_Projects/hdf5/build/ci-StdShar-GNUC/_deps/szip-src/include -I/home/byrn/HDF_Projects/hdf5/build/ci-StdShar-GNUC/_deps/szip-src -std=c99  -fstdarg-opt -fdiagnostics-urls=never -fno-diagnostics-color -fmessage-length=0 -O2 -g -DNDEBUG -std=gnu99 -fPIC -Wall -Wcast-qual -Wconversion -Wextra -Wfloat-equal -Wformat=2 -Winit-self -Winvalid-pch -Wmissing-include-dirs -Wshadow -Wundef -Wwrite-strings -pedantic -Wno-c++-compat -Wbad-function-cast -Wcast-align -Wformat -Wimplicit-function-declaration -Wint-to-pointer-cast -Wmissing-declarations -Wmissing-prototypes -Wnested-externs -Wold-style-definition -Wpacked -Wpointer-sign -Wpointer-to-int-cast -Wredundant-decls -Wstrict-prototypes -Wswitch -Wunused-but-set-variable -Wunused-variable -Wunused-function -Wunused-parameter -finline-functions -Wno-aggregate-return -Wno-inline -Wno-missing-format-attribute -Wno-missing-noreturn -Wno-overlength-strings -Wlarger-than=2560 -Wlogical-op -Wframe-larger-than=16384 -Wpacked-bitfield-compat -Wsync-nand -Wno-unsuffixed-float-constants -Wdouble-promotion -Wtrampolines -Wstack-usage=8192 -Wmaybe-uninitialized -Wno-jump-misses-init -Wstrict-overflow=2 -Wno-suggest-attribute=const -Wno-suggest-attribute=noreturn -Wno-suggest-attribute=pure -Wno-suggest-attribute=format -Wdate-time -Warray-bounds=2 -Wc99-c11-compat -Wincompatible-pointer-types -Wint-conversion -Wduplicated-cond -Whsa -Wnormalized -Wnull-dereference -Wunused-const-variable -Walloca -Walloc-zero -Wduplicated-branches -Wformat-overflow=2 -Wformat-truncation=1 -Wrestrict -Wattribute-alias -Wshift-overflow=2 -Wcast-function-type -Wcast-align=strict -Wno-suggest-attribute=cold -Wno-suggest-attribute=malloc -Wattribute-alias=2 -Wmissing-profile -Wc11-c2x-compat -MD -MT src/CMakeFiles/hdf5-shared.dir/H5Gnode.c.o -MF src/CMakeFiles/hdf5-shared.dir/H5Gnode.c.o.d -o src/CMakeFiles/hdf5-shared.dir/H5Gnode.c.o -c /home/byrn/HDF_Projects/hdf5/dev/src/H5Gnode.c
[531/4114] /usr/bin/cc -DH5_BUILT_AS_DYNAMIC_LIB -D_FILE_OFFSET_BITS=64 -D_GNU_SOURCE -D_LARGEFILE_SOURCE -D_POSIX_C_SOURCE=200809L -Dhdf5_shared_EXPORTS -I/home/byrn/HDF_Projects/hdf5/dev/src -I/home/byrn/HDF_Projects/hdf5/dev/src/H5FDsubfiling -I/home/byrn/HDF_Projects/hdf5/build/ci-StdShar-GNUC/src -I/home/byrn/HDF_Projects/hdf5/build/ci-StdShar-GNUC/_deps/hdf5_zlib-build -I/home/byrn/HDF_Projects/hdf5/build/ci-StdShar-GNUC/_deps/hdf5_zlib-src -I/home/byrn/HDF_Projects/hdf5/build/ci-StdShar-GNUC/_deps/szip-build -I/home/byrn/HDF_Projects/hdf5/build/ci-StdShar-GNUC/_deps/szip-src/include -I/home/byrn/HDF_Projects/hdf5/build/ci-StdShar-GNUC/_deps/szip-src -std=c99  -fstdarg-opt -fdiagnostics-urls=never -fno-diagnostics-color -fmessage-length=0 -O2 -g -DNDEBUG -std=gnu99 -fPIC -Wall -Wcast-qual -Wconversion -Wextra -Wfloat-equal -Wformat=2 -Winit-self -Winvalid-pch -Wmissing-include-dirs -Wshadow -Wundef -Wwrite-strings -pedantic -Wno-c++-compat -Wbad-function-cast -Wcast-align -Wformat -Wimplicit-function-declaration -Wint-to-pointer-cast -Wmissing-declarations -Wmissing-prototypes -Wnested-externs -Wold-style-definition -Wpacked -Wpointer-sign -Wpointer-to-int-cast -Wredundant-decls -Wstrict-prototypes -Wswitch -Wunused-but-set-variable -Wunused-variable -Wunused-function -Wunused-parameter -finline-functions -Wno-aggregate-return -Wno-inline -Wno-missing-format-attribute -Wno-missing-noreturn -Wno-overlength-strings -Wlarger-than=2560 -Wlogical-op -Wframe-larger-than=16384 -Wpacked-bitfield-compat -Wsync-nand -Wno-unsuffixed-float-constants -Wdouble-promotion -Wtrampolines -Wstack-usage=8192 -Wmaybe-uninitialized -Wno-jump-misses-init -Wstrict-overflow=2 -Wno-suggest-attribute=const -Wno-suggest-attribute=noreturn -Wno-suggest-attribute=pure -Wno-suggest-attribute=format -Wdate-time -Warray-bounds=2 -Wc99-c11-compat -Wincompatible-pointer-types -Wint-conversion -Wduplicated-cond -Whsa -Wnormalized -Wnull-dereference -Wunused-const-variable -Walloca -Walloc-zero -Wduplicated-branches -Wformat-overflow=2 -Wformat-truncation=1 -Wrestrict -Wattribute-alias -Wshift-overflow=2 -Wcast-function-type -Wcast-align=strict -Wno-suggest-attribute=cold -Wno-suggest-attribute=malloc -Wattribute-alias=2 -Wmissing-profile -Wc11-c2x-compat -MD -MT src/CMakeFiles/hdf5-shared.dir/H5Gstab.c.o -MF src/CMakeFiles/hdf5-shared.dir/H5Gstab.c.o.d -o src/CMakeFiles/hdf5-shared.dir/H5Gstab.c.o -c /home/byrn/HDF_Projects/hdf5/dev/src/H5Gstab.c
[532/4114] /usr/bin/cc -DH5_BUILT_AS_DYNAMIC_LIB -D_FILE_OFFSET_BITS=64 -D_GNU_SOURCE -D_LARGEFILE_SOURCE -D_POSIX_C_SOURCE=200809L -Dhdf5_shared_EXPORTS -I/home/byrn/HDF_Projects/hdf5/dev/src -I/home/byrn/HDF_Projects/hdf5/dev/src/H5FDsubfiling -I/home/byrn/HDF_Projects/hdf5/build/ci-StdShar-GNUC/src -I/home/byrn/HDF_Projects/hdf5/build/ci-StdShar-GNUC/_deps/hdf5_zlib-build -I/home/byrn/HDF_Projects/hdf5/build/ci-StdShar-GNUC/_deps/hdf5_zlib-src -I/home/byrn/HDF_Projects/hdf5/build/ci-StdShar-GNUC/_deps/szip-build -I/home/byrn/HDF_Projects/hdf5/build/ci-StdShar-GNUC/_deps/szip-src/include -I/home/byrn/HDF_Projects/hdf5/build/ci-StdShar-GNUC/_deps/szip-src -std=c99  -fstdarg-opt -fdiagnostics-urls=never -fno-diagnostics-color -fmessage-length=0 -O2 -g -DNDEBUG -std=gnu99 -fPIC -Wall -Wcast-qual -Wconversion -Wextra -Wfloat-equal -Wformat=2 -Winit-self -Winvalid-pch -Wmissing-include-dirs -Wshadow -Wundef -Wwrite-strings -pedantic -Wno-c++-compat -Wbad-function-cast -Wcast-align -Wformat -Wimplicit-function-declaration -Wint-to-pointer-cast -Wmissing-declarations -Wmissing-prototypes -Wnested-externs -Wold-style-definition -Wpacked -Wpointer-sign -Wpointer-to-int-cast -Wredundant-decls -Wstrict-prototypes -Wswitch -Wunused-but-set-variable -Wunused-variable -Wunused-function -Wunused-parameter -finline-functions -Wno-aggregate-return -Wno-inline -Wno-missing-format-attribute -Wno-missing-noreturn -Wno-overlength-strings -Wlarger-than=2560 -Wlogical-op -Wframe-larger-than=16384 -Wpacked-bitfield-compat -Wsync-nand -Wno-unsuffixed-float-constants -Wdouble-promotion -Wtrampolines -Wstack-usage=8192 -Wmaybe-uninitialized -Wno-jump-misses-init -Wstrict-overflow=2 -Wno-suggest-attribute=const -Wno-suggest-attribute=noreturn -Wno-suggest-attribute=pure -Wno-suggest-attribute=format -Wdate-time -Warray-bounds=2 -Wc99-c11-compat -Wincompatible-pointer-types -Wint-conversion -Wduplicated-cond -Whsa -Wnormalized -Wnull-dereference -Wunused-const-variable -Walloca -Walloc-zero -Wduplicated-branches -Wformat-overflow=2 -Wformat-truncation=1 -Wrestrict -Wattribute-alias -Wshift-overflow=2 -Wcast-function-type -Wcast-align=strict -Wno-suggest-attribute=cold -Wno-suggest-attribute=malloc -Wattribute-alias=2 -Wmissing-profile -Wc11-c2x-compat -MD -MT src/CMakeFiles/hdf5-shared.dir/H5Gtest.c.o -MF src/CMakeFiles/hdf5-shared.dir/H5Gtest.c.o.d -o src/CMakeFiles/hdf5-shared.dir/H5Gtest.c.o -c /home/byrn/HDF_Projects/hdf5/dev/src/H5Gtest.c
[533/4114] /usr/bin/cc -DH5_BUILT_AS_DYNAMIC_LIB -D_FILE_OFFSET_BITS=64 -D_GNU_SOURCE -D_LARGEFILE_SOURCE -D_POSIX_C_SOURCE=200809L -Dhdf5_shared_EXPORTS -I/home/byrn/HDF_Projects/hdf5/dev/src -I/home/byrn/HDF_Projects/hdf5/dev/src/H5FDsubfiling -I/home/byrn/HDF_Projects/hdf5/build/ci-StdShar-GNUC/src -I/home/byrn/HDF_Projects/hdf5/build/ci-StdShar-GNUC/_deps/hdf5_zlib-build -I/home/byrn/HDF_Projects/hdf5/build/ci-StdShar-GNUC/_deps/hdf5_zlib-src -I/home/byrn/HDF_Projects/hdf5/build/ci-StdShar-GNUC/_deps/szip-build -I/home/byrn/HDF_Projects/hdf5/build/ci-StdShar-GNUC/_deps/szip-src/include -I/home/byrn/HDF_Projects/hdf5/build/ci-StdShar-GNUC/_deps/szip-src -std=c99  -fstdarg-opt -fdiagnostics-urls=never -fno-diagnostics-color -fmessage-length=0 -O2 -g -DNDEBUG -std=gnu99 -fPIC -Wall -Wcast-qual -Wconversion -Wextra -Wfloat-equal -Wformat=2 -Winit-self -Winvalid-pch -Wmissing-include-dirs -Wshadow -Wundef -Wwrite-strings -pedantic -Wno-c++-compat -Wbad-function-cast -Wcast-align -Wformat -Wimplicit-function-declaration -Wint-to-pointer-cast -Wmissing-declarations -Wmissing-prototypes -Wnested-externs -Wold-style-definition -Wpacked -Wpointer-sign -Wpointer-to-int-cast -Wredundant-decls -Wstrict-prototypes -Wswitch -Wunused-but-set-variable -Wunused-variable -Wunused-function -Wunused-parameter -finline-functions -Wno-aggregate-return -Wno-inline -Wno-missing-format-attribute -Wno-missing-noreturn -Wno-overlength-strings -Wlarger-than=2560 -Wlogical-op -Wframe-larger-than=16384 -Wpacked-bitfield-compat -Wsync-nand -Wno-unsuffixed-float-constants -Wdouble-promotion -Wtrampolines -Wstack-usage=8192 -Wmaybe-uninitialized -Wno-jump-misses-init -Wstrict-overflow=2 -Wno-suggest-attribute=const -Wno-suggest-attribute=noreturn -Wno-suggest-attribute=pure -Wno-suggest-attribute=format -Wdate-time -Warray-bounds=2 -Wc99-c11-compat -Wincompatible-pointer-types -Wint-conversion -Wduplicated-cond -Whsa -Wnormalized -Wnull-dereference -Wunused-const-variable -Walloca -Walloc-zero -Wduplicated-branches -Wformat-overflow=2 -Wformat-truncation=1 -Wrestrict -Wattribute-alias -Wshift-overflow=2 -Wcast-function-type -Wcast-align=strict -Wno-suggest-attribute=cold -Wno-suggest-attribute=malloc -Wattribute-alias=2 -Wmissing-profile -Wc11-c2x-compat -MD -MT src/CMakeFiles/hdf5-shared.dir/H5Gtraverse.c.o -MF src/CMakeFiles/hdf5-shared.dir/H5Gtraverse.c.o.d -o src/CMakeFiles/hdf5-shared.dir/H5Gtraverse.c.o -c /home/byrn/HDF_Projects/hdf5/dev/src/H5Gtraverse.c
[534/4114] /usr/bin/cc -DH5_BUILT_AS_DYNAMIC_LIB -D_FILE_OFFSET_BITS=64 -D_GNU_SOURCE -D_LARGEFILE_SOURCE -D_POSIX_C_SOURCE=200809L -Dhdf5_shared_EXPORTS -I/home/byrn/HDF_Projects/hdf5/dev/src -I/home/byrn/HDF_Projects/hdf5/dev/src/H5FDsubfiling -I/home/byrn/HDF_Projects/hdf5/build/ci-StdShar-GNUC/src -I/home/byrn/HDF_Projects/hdf5/build/ci-StdShar-GNUC/_deps/hdf5_zlib-build -I/home/byrn/HDF_Projects/hdf5/build/ci-StdShar-GNUC/_deps/hdf5_zlib-src -I/home/byrn/HDF_Projects/hdf5/build/ci-StdShar-GNUC/_deps/szip-build -I/home/byrn/HDF_Projects/hdf5/build/ci-StdShar-GNUC/_deps/szip-src/include -I/home/byrn/HDF_Projects/hdf5/build/ci-StdShar-GNUC/_deps/szip-src -std=c99  -fstdarg-opt -fdiagnostics-urls=never -fno-diagnostics-color -fmessage-length=0 -O2 -g -DNDEBUG -std=gnu99 -fPIC -Wall -Wcast-qual -Wconversion -Wextra -Wfloat-equal -Wformat=2 -Winit-self -Winvalid-pch -Wmissing-include-dirs -Wshadow -Wundef -Wwrite-strings -pedantic -Wno-c++-compat -Wbad-function-cast -Wcast-align -Wformat -Wimplicit-function-declaration -Wint-to-pointer-cast -Wmissing-declarations -Wmissing-prototypes -Wnested-externs -Wold-style-definition -Wpacked -Wpointer-sign -Wpointer-to-int-cast -Wredundant-decls -Wstrict-prototypes -Wswitch -Wunused-but-set-variable -Wunused-variable -Wunused-function -Wunused-parameter -finline-functions -Wno-aggregate-return -Wno-inline -Wno-missing-format-attribute -Wno-missing-noreturn -Wno-overlength-strings -Wlarger-than=2560 -Wlogical-op -Wframe-larger-than=16384 -Wpacked-bitfield-compat -Wsync-nand -Wno-unsuffixed-float-constants -Wdouble-promotion -Wtrampolines -Wstack-usage=8192 -Wmaybe-uninitialized -Wno-jump-misses-init -Wstrict-overflow=2 -Wno-suggest-attribute=const -Wno-suggest-attribute=noreturn -Wno-suggest-attribute=pure -Wno-suggest-attribute=format -Wdate-time -Warray-bounds=2 -Wc99-c11-compat -Wincompatible-pointer-types -Wint-conversion -Wduplicated-cond -Whsa -Wnormalized -Wnull-dereference -Wunused-const-variable -Walloca -Walloc-zero -Wduplicated-branches -Wformat-overflow=2 -Wformat-truncation=1 -Wrestrict -Wattribute-alias -Wshift-overflow=2 -Wcast-function-type -Wcast-align=strict -Wno-suggest-attribute=cold -Wno-suggest-attribute=malloc -Wattribute-alias=2 -Wmissing-profile -Wc11-c2x-compat -MD -MT src/CMakeFiles/hdf5-shared.dir/H5HFdtable.c.o -MF src/CMakeFiles/hdf5-shared.dir/H5HFdtable.c.o.d -o src/CMakeFiles/hdf5-shared.dir/H5HFdtable.c.o -c /home/byrn/HDF_Projects/hdf5/dev/src/H5HFdtable.c
[535/4114] /usr/bin/cc -DH5_BUILT_AS_DYNAMIC_LIB -D_FILE_OFFSET_BITS=64 -D_GNU_SOURCE -D_LARGEFILE_SOURCE -D_POSIX_C_SOURCE=200809L -Dhdf5_shared_EXPORTS -I/home/byrn/HDF_Projects/hdf5/dev/src -I/home/byrn/HDF_Projects/hdf5/dev/src/H5FDsubfiling -I/home/byrn/HDF_Projects/hdf5/build/ci-StdShar-GNUC/src -I/home/byrn/HDF_Projects/hdf5/build/ci-StdShar-GNUC/_deps/hdf5_zlib-build -I/home/byrn/HDF_Projects/hdf5/build/ci-StdShar-GNUC/_deps/hdf5_zlib-src -I/home/byrn/HDF_Projects/hdf5/build/ci-StdShar-GNUC/_deps/szip-build -I/home/byrn/HDF_Projects/hdf5/build/ci-StdShar-GNUC/_deps/szip-src/include -I/home/byrn/HDF_Projects/hdf5/build/ci-StdShar-GNUC/_deps/szip-src -std=c99  -fstdarg-opt -fdiagnostics-urls=never -fno-diagnostics-color -fmessage-length=0 -O2 -g -DNDEBUG -std=gnu99 -fPIC -Wall -Wcast-qual -Wconversion -Wextra -Wfloat-equal -Wformat=2 -Winit-self -Winvalid-pch -Wmissing-include-dirs -Wshadow -Wundef -Wwrite-strings -pedantic -Wno-c++-compat -Wbad-function-cast -Wcast-align -Wformat -Wimplicit-function-declaration -Wint-to-pointer-cast -Wmissing-declarations -Wmissing-prototypes -Wnested-externs -Wold-style-definition -Wpacked -Wpointer-sign -Wpointer-to-int-cast -Wredundant-decls -Wstrict-prototypes -Wswitch -Wunused-but-set-variable -Wunused-variable -Wunused-function -Wunused-parameter -finline-functions -Wno-aggregate-return -Wno-inline -Wno-missing-format-attribute -Wno-missing-noreturn -Wno-overlength-strings -Wlarger-than=2560 -Wlogical-op -Wframe-larger-than=16384 -Wpacked-bitfield-compat -Wsync-nand -Wno-unsuffixed-float-constants -Wdouble-promotion -Wtrampolines -Wstack-usage=8192 -Wmaybe-uninitialized -Wno-jump-misses-init -Wstrict-overflow=2 -Wno-suggest-attribute=const -Wno-suggest-attribute=noreturn -Wno-suggest-attribute=pure -Wno-suggest-attribute=format -Wdate-time -Warray-bounds=2 -Wc99-c11-compat -Wincompatible-pointer-types -Wint-conversion -Wduplicated-cond -Whsa -Wnormalized -Wnull-dereference -Wunused-const-variable -Walloca -Walloc-zero -Wduplicated-branches -Wformat-overflow=2 -Wformat-truncation=1 -Wrestrict -Wattribute-alias -Wshift-overflow=2 -Wcast-function-type -Wcast-align=strict -Wno-suggest-attribute=cold -Wno-suggest-attribute=malloc -Wattribute-alias=2 -Wmissing-profile -Wc11-c2x-compat -MD -MT src/CMakeFiles/hdf5-shared.dir/H5HFbtree2.c.o -MF src/CMakeFiles/hdf5-shared.dir/H5HFbtree2.c.o.d -o src/CMakeFiles/hdf5-shared.dir/H5HFbtree2.c.o -c /home/byrn/HDF_Projects/hdf5/dev/src/H5HFbtree2.c
[536/4114] /usr/bin/cc -DH5_BUILT_AS_DYNAMIC_LIB -D_FILE_OFFSET_BITS=64 -D_GNU_SOURCE -D_LARGEFILE_SOURCE -D_POSIX_C_SOURCE=200809L -Dhdf5_shared_EXPORTS -I/home/byrn/HDF_Projects/hdf5/dev/src -I/home/byrn/HDF_Projects/hdf5/dev/src/H5FDsubfiling -I/home/byrn/HDF_Projects/hdf5/build/ci-StdShar-GNUC/src -I/home/byrn/HDF_Projects/hdf5/build/ci-StdShar-GNUC/_deps/hdf5_zlib-build -I/home/byrn/HDF_Projects/hdf5/build/ci-StdShar-GNUC/_deps/hdf5_zlib-src -I/home/byrn/HDF_Projects/hdf5/build/ci-StdShar-GNUC/_deps/szip-build -I/home/byrn/HDF_Projects/hdf5/build/ci-StdShar-GNUC/_deps/szip-src/include -I/home/byrn/HDF_Projects/hdf5/build/ci-StdShar-GNUC/_deps/szip-src -std=c99  -fstdarg-opt -fdiagnostics-urls=never -fno-diagnostics-color -fmessage-length=0 -O2 -g -DNDEBUG -std=gnu99 -fPIC -Wall -Wcast-qual -Wconversion -Wextra -Wfloat-equal -Wformat=2 -Winit-self -Winvalid-pch -Wmissing-include-dirs -Wshadow -Wundef -Wwrite-strings -pedantic -Wno-c++-compat -Wbad-function-cast -Wcast-align -Wformat -Wimplicit-function-declaration -Wint-to-pointer-cast -Wmissing-declarations -Wmissing-prototypes -Wnested-externs -Wold-style-definition -Wpacked -Wpointer-sign -Wpointer-to-int-cast -Wredundant-decls -Wstrict-prototypes -Wswitch -Wunused-but-set-variable -Wunused-variable -Wunused-function -Wunused-parameter -finline-functions -Wno-aggregate-return -Wno-inline -Wno-missing-format-attribute -Wno-missing-noreturn -Wno-overlength-strings -Wlarger-than=2560 -Wlogical-op -Wframe-larger-than=16384 -Wpacked-bitfield-compat -Wsync-nand -Wno-unsuffixed-float-constants -Wdouble-promotion -Wtrampolines -Wstack-usage=8192 -Wmaybe-uninitialized -Wno-jump-misses-init -Wstrict-overflow=2 -Wno-suggest-attribute=const -Wno-suggest-attribute=noreturn -Wno-suggest-attribute=pure -Wno-suggest-attribute=format -Wdate-time -Warray-bounds=2 -Wc99-c11-compat -Wincompatible-pointer-types -Wint-conversion -Wduplicated-cond -Whsa -Wnormalized -Wnull-dereference -Wunused-const-variable -Walloca -Walloc-zero -Wduplicated-branches -Wformat-overflow=2 -Wformat-truncation=1 -Wrestrict -Wattribute-alias -Wshift-overflow=2 -Wcast-function-type -Wcast-align=strict -Wno-suggest-attribute=cold -Wno-suggest-attribute=malloc -Wattribute-alias=2 -Wmissing-profile -Wc11-c2x-compat -MD -MT src/CMakeFiles/hdf5-shared.dir/H5HF.c.o -MF src/CMakeFiles/hdf5-shared.dir/H5HF.c.o.d -o src/CMakeFiles/hdf5-shared.dir/H5HF.c.o -c /home/byrn/HDF_Projects/hdf5/dev/src/H5HF.c
[537/4114] /usr/bin/cc -DH5_BUILT_AS_DYNAMIC_LIB -D_FILE_OFFSET_BITS=64 -D_GNU_SOURCE -D_LARGEFILE_SOURCE -D_POSIX_C_SOURCE=200809L -Dhdf5_shared_EXPORTS -I/home/byrn/HDF_Projects/hdf5/dev/src -I/home/byrn/HDF_Projects/hdf5/dev/src/H5FDsubfiling -I/home/byrn/HDF_Projects/hdf5/build/ci-StdShar-GNUC/src -I/home/byrn/HDF_Projects/hdf5/build/ci-StdShar-GNUC/_deps/hdf5_zlib-build -I/home/byrn/HDF_Projects/hdf5/build/ci-StdShar-GNUC/_deps/hdf5_zlib-src -I/home/byrn/HDF_Projects/hdf5/build/ci-StdShar-GNUC/_deps/szip-build -I/home/byrn/HDF_Projects/hdf5/build/ci-StdShar-GNUC/_deps/szip-src/include -I/home/byrn/HDF_Projects/hdf5/build/ci-StdShar-GNUC/_deps/szip-src -std=c99  -fstdarg-opt -fdiagnostics-urls=never -fno-diagnostics-color -fmessage-length=0 -O2 -g -DNDEBUG -std=gnu99 -fPIC -Wall -Wcast-qual -Wconversion -Wextra -Wfloat-equal -Wformat=2 -Winit-self -Winvalid-pch -Wmissing-include-dirs -Wshadow -Wundef -Wwrite-strings -pedantic -Wno-c++-compat -Wbad-function-cast -Wcast-align -Wformat -Wimplicit-function-declaration -Wint-to-pointer-cast -Wmissing-declarations -Wmissing-prototypes -Wnested-externs -Wold-style-definition -Wpacked -Wpointer-sign -Wpointer-to-int-cast -Wredundant-decls -Wstrict-prototypes -Wswitch -Wunused-but-set-variable -Wunused-variable -Wunused-function -Wunused-parameter -finline-functions -Wno-aggregate-return -Wno-inline -Wno-missing-format-attribute -Wno-missing-noreturn -Wno-overlength-strings -Wlarger-than=2560 -Wlogical-op -Wframe-larger-than=16384 -Wpacked-bitfield-compat -Wsync-nand -Wno-unsuffixed-float-constants -Wdouble-promotion -Wtrampolines -Wstack-usage=8192 -Wmaybe-uninitialized -Wno-jump-misses-init -Wstrict-overflow=2 -Wno-suggest-attribute=const -Wno-suggest-attribute=noreturn -Wno-suggest-attribute=pure -Wno-suggest-attribute=format -Wdate-time -Warray-bounds=2 -Wc99-c11-compat -Wincompatible-pointer-types -Wint-conversion -Wduplicated-cond -Whsa -Wnormalized -Wnull-dereference -Wunused-const-variable -Walloca -Walloc-zero -Wduplicated-branches -Wformat-overflow=2 -Wformat-truncation=1 -Wrestrict -Wattribute-alias -Wshift-overflow=2 -Wcast-function-type -Wcast-align=strict -Wno-suggest-attribute=cold -Wno-suggest-attribute=malloc -Wattribute-alias=2 -Wmissing-profile -Wc11-c2x-compat -MD -MT src/CMakeFiles/hdf5-shared.dir/H5HFdblock.c.o -MF src/CMakeFiles/hdf5-shared.dir/H5HFdblock.c.o.d -o src/CMakeFiles/hdf5-shared.dir/H5HFdblock.c.o -c /home/byrn/HDF_Projects/hdf5/dev/src/H5HFdblock.c
[538/4114] /usr/bin/cc -DH5_BUILT_AS_DYNAMIC_LIB -D_FILE_OFFSET_BITS=64 -D_GNU_SOURCE -D_LARGEFILE_SOURCE -D_POSIX_C_SOURCE=200809L -Dhdf5_shared_EXPORTS -I/home/byrn/HDF_Projects/hdf5/dev/src -I/home/byrn/HDF_Projects/hdf5/dev/src/H5FDsubfiling -I/home/byrn/HDF_Projects/hdf5/build/ci-StdShar-GNUC/src -I/home/byrn/HDF_Projects/hdf5/build/ci-StdShar-GNUC/_deps/hdf5_zlib-build -I/home/byrn/HDF_Projects/hdf5/build/ci-StdShar-GNUC/_deps/hdf5_zlib-src -I/home/byrn/HDF_Projects/hdf5/build/ci-StdShar-GNUC/_deps/szip-build -I/home/byrn/HDF_Projects/hdf5/build/ci-StdShar-GNUC/_deps/szip-src/include -I/home/byrn/HDF_Projects/hdf5/build/ci-StdShar-GNUC/_deps/szip-src -std=c99  -fstdarg-opt -fdiagnostics-urls=never -fno-diagnostics-color -fmessage-length=0 -O2 -g -DNDEBUG -std=gnu99 -fPIC -Wall -Wcast-qual -Wconversion -Wextra -Wfloat-equal -Wformat=2 -Winit-self -Winvalid-pch -Wmissing-include-dirs -Wshadow -Wundef -Wwrite-strings -pedantic -Wno-c++-compat -Wbad-function-cast -Wcast-align -Wformat -Wimplicit-function-declaration -Wint-to-pointer-cast -Wmissing-declarations -Wmissing-prototypes -Wnested-externs -Wold-style-definition -Wpacked -Wpointer-sign -Wpointer-to-int-cast -Wredundant-decls -Wstrict-prototypes -Wswitch -Wunused-but-set-variable -Wunused-variable -Wunused-function -Wunused-parameter -finline-functions -Wno-aggregate-return -Wno-inline -Wno-missing-format-attribute -Wno-missing-noreturn -Wno-overlength-strings -Wlarger-than=2560 -Wlogical-op -Wframe-larger-than=16384 -Wpacked-bitfield-compat -Wsync-nand -Wno-unsuffixed-float-constants -Wdouble-promotion -Wtrampolines -Wstack-usage=8192 -Wmaybe-uninitialized -Wno-jump-misses-init -Wstrict-overflow=2 -Wno-suggest-attribute=const -Wno-suggest-attribute=noreturn -Wno-suggest-attribute=pure -Wno-suggest-attribute=format -Wdate-time -Warray-bounds=2 -Wc99-c11-compat -Wincompatible-pointer-types -Wint-conversion -Wduplicated-cond -Whsa -Wnormalized -Wnull-dereference -Wunused-const-variable -Walloca -Walloc-zero -Wduplicated-branches -Wformat-overflow=2 -Wformat-truncation=1 -Wrestrict -Wattribute-alias -Wshift-overflow=2 -Wcast-function-type -Wcast-align=strict -Wno-suggest-attribute=cold -Wno-suggest-attribute=malloc -Wattribute-alias=2 -Wmissing-profile -Wc11-c2x-compat -MD -MT src/CMakeFiles/hdf5-shared.dir/H5HFdbg.c.o -MF src/CMakeFiles/hdf5-shared.dir/H5HFdbg.c.o.d -o src/CMakeFiles/hdf5-shared.dir/H5HFdbg.c.o -c /home/byrn/HDF_Projects/hdf5/dev/src/H5HFdbg.c
[539/4114] /usr/bin/cc -DH5_BUILT_AS_DYNAMIC_LIB -D_FILE_OFFSET_BITS=64 -D_GNU_SOURCE -D_LARGEFILE_SOURCE -D_POSIX_C_SOURCE=200809L -Dhdf5_shared_EXPORTS -I/home/byrn/HDF_Projects/hdf5/dev/src -I/home/byrn/HDF_Projects/hdf5/dev/src/H5FDsubfiling -I/home/byrn/HDF_Projects/hdf5/build/ci-StdShar-GNUC/src -I/home/byrn/HDF_Projects/hdf5/build/ci-StdShar-GNUC/_deps/hdf5_zlib-build -I/home/byrn/HDF_Projects/hdf5/build/ci-StdShar-GNUC/_deps/hdf5_zlib-src -I/home/byrn/HDF_Projects/hdf5/build/ci-StdShar-GNUC/_deps/szip-build -I/home/byrn/HDF_Projects/hdf5/build/ci-StdShar-GNUC/_deps/szip-src/include -I/home/byrn/HDF_Projects/hdf5/build/ci-StdShar-GNUC/_deps/szip-src -std=c99  -fstdarg-opt -fdiagnostics-urls=never -fno-diagnostics-color -fmessage-length=0 -O2 -g -DNDEBUG -std=gnu99 -fPIC -Wall -Wcast-qual -Wconversion -Wextra -Wfloat-equal -Wformat=2 -Winit-self -Winvalid-pch -Wmissing-include-dirs -Wshadow -Wundef -Wwrite-strings -pedantic -Wno-c++-compat -Wbad-function-cast -Wcast-align -Wformat -Wimplicit-function-declaration -Wint-to-pointer-cast -Wmissing-declarations -Wmissing-prototypes -Wnested-externs -Wold-style-definition -Wpacked -Wpointer-sign -Wpointer-to-int-cast -Wredundant-decls -Wstrict-prototypes -Wswitch -Wunused-but-set-variable -Wunused-variable -Wunused-function -Wunused-parameter -finline-functions -Wno-aggregate-return -Wno-inline -Wno-missing-format-attribute -Wno-missing-noreturn -Wno-overlength-strings -Wlarger-than=2560 -Wlogical-op -Wframe-larger-than=16384 -Wpacked-bitfield-compat -Wsync-nand -Wno-unsuffixed-float-constants -Wdouble-promotion -Wtrampolines -Wstack-usage=8192 -Wmaybe-uninitialized -Wno-jump-misses-init -Wstrict-overflow=2 -Wno-suggest-attribute=const -Wno-suggest-attribute=noreturn -Wno-suggest-attribute=pure -Wno-suggest-attribute=format -Wdate-time -Warray-bounds=2 -Wc99-c11-compat -Wincompatible-pointer-types -Wint-conversion -Wduplicated-cond -Whsa -Wnormalized -Wnull-dereference -Wunused-const-variable -Walloca -Walloc-zero -Wduplicated-branches -Wformat-overflow=2 -Wformat-truncation=1 -Wrestrict -Wattribute-alias -Wshift-overflow=2 -Wcast-function-type -Wcast-align=strict -Wno-suggest-attribute=cold -Wno-suggest-attribute=malloc -Wattribute-alias=2 -Wmissing-profile -Wc11-c2x-compat -MD -MT src/CMakeFiles/hdf5-shared.dir/H5HFiter.c.o -MF src/CMakeFiles/hdf5-shared.dir/H5HFiter.c.o.d -o src/CMakeFiles/hdf5-shared.dir/H5HFiter.c.o -c /home/byrn/HDF_Projects/hdf5/dev/src/H5HFiter.c
[540/4114] /usr/bin/cc -DH5_BUILT_AS_DYNAMIC_LIB -D_FILE_OFFSET_BITS=64 -D_GNU_SOURCE -D_LARGEFILE_SOURCE -D_POSIX_C_SOURCE=200809L -Dhdf5_shared_EXPORTS -I/home/byrn/HDF_Projects/hdf5/dev/src -I/home/byrn/HDF_Projects/hdf5/dev/src/H5FDsubfiling -I/home/byrn/HDF_Projects/hdf5/build/ci-StdShar-GNUC/src -I/home/byrn/HDF_Projects/hdf5/build/ci-StdShar-GNUC/_deps/hdf5_zlib-build -I/home/byrn/HDF_Projects/hdf5/build/ci-StdShar-GNUC/_deps/hdf5_zlib-src -I/home/byrn/HDF_Projects/hdf5/build/ci-StdShar-GNUC/_deps/szip-build -I/home/byrn/HDF_Projects/hdf5/build/ci-StdShar-GNUC/_deps/szip-src/include -I/home/byrn/HDF_Projects/hdf5/build/ci-StdShar-GNUC/_deps/szip-src -std=c99  -fstdarg-opt -fdiagnostics-urls=never -fno-diagnostics-color -fmessage-length=0 -O2 -g -DNDEBUG -std=gnu99 -fPIC -Wall -Wcast-qual -Wconversion -Wextra -Wfloat-equal -Wformat=2 -Winit-self -Winvalid-pch -Wmissing-include-dirs -Wshadow -Wundef -Wwrite-strings -pedantic -Wno-c++-compat -Wbad-function-cast -Wcast-align -Wformat -Wimplicit-function-declaration -Wint-to-pointer-cast -Wmissing-declarations -Wmissing-prototypes -Wnested-externs -Wold-style-definition -Wpacked -Wpointer-sign -Wpointer-to-int-cast -Wredundant-decls -Wstrict-prototypes -Wswitch -Wunused-but-set-variable -Wunused-variable -Wunused-function -Wunused-parameter -finline-functions -Wno-aggregate-return -Wno-inline -Wno-missing-format-attribute -Wno-missing-noreturn -Wno-overlength-strings -Wlarger-than=2560 -Wlogical-op -Wframe-larger-than=16384 -Wpacked-bitfield-compat -Wsync-nand -Wno-unsuffixed-float-constants -Wdouble-promotion -Wtrampolines -Wstack-usage=8192 -Wmaybe-uninitialized -Wno-jump-misses-init -Wstrict-overflow=2 -Wno-suggest-attribute=const -Wno-suggest-attribute=noreturn -Wno-suggest-attribute=pure -Wno-suggest-attribute=format -Wdate-time -Warray-bounds=2 -Wc99-c11-compat -Wincompatible-pointer-types -Wint-conversion -Wduplicated-cond -Whsa -Wnormalized -Wnull-dereference -Wunused-const-variable -Walloca -Walloc-zero -Wduplicated-branches -Wformat-overflow=2 -Wformat-truncation=1 -Wrestrict -Wattribute-alias -Wshift-overflow=2 -Wcast-function-type -Wcast-align=strict -Wno-suggest-attribute=cold -Wno-suggest-attribute=malloc -Wattribute-alias=2 -Wmissing-profile -Wc11-c2x-compat -MD -MT src/CMakeFiles/hdf5-shared.dir/H5HFman.c.o -MF src/CMakeFiles/hdf5-shared.dir/H5HFman.c.o.d -o src/CMakeFiles/hdf5-shared.dir/H5HFman.c.o -c /home/byrn/HDF_Projects/hdf5/dev/src/H5HFman.c
[541/4114] /usr/bin/cc -DH5_BUILT_AS_DYNAMIC_LIB -D_FILE_OFFSET_BITS=64 -D_GNU_SOURCE -D_LARGEFILE_SOURCE -D_POSIX_C_SOURCE=200809L -Dhdf5_shared_EXPORTS -I/home/byrn/HDF_Projects/hdf5/dev/src -I/home/byrn/HDF_Projects/hdf5/dev/src/H5FDsubfiling -I/home/byrn/HDF_Projects/hdf5/build/ci-StdShar-GNUC/src -I/home/byrn/HDF_Projects/hdf5/build/ci-StdShar-GNUC/_deps/hdf5_zlib-build -I/home/byrn/HDF_Projects/hdf5/build/ci-StdShar-GNUC/_deps/hdf5_zlib-src -I/home/byrn/HDF_Projects/hdf5/build/ci-StdShar-GNUC/_deps/szip-build -I/home/byrn/HDF_Projects/hdf5/build/ci-StdShar-GNUC/_deps/szip-src/include -I/home/byrn/HDF_Projects/hdf5/build/ci-StdShar-GNUC/_deps/szip-src -std=c99  -fstdarg-opt -fdiagnostics-urls=never -fno-diagnostics-color -fmessage-length=0 -O2 -g -DNDEBUG -std=gnu99 -fPIC -Wall -Wcast-qual -Wconversion -Wextra -Wfloat-equal -Wformat=2 -Winit-self -Winvalid-pch -Wmissing-include-dirs -Wshadow -Wundef -Wwrite-strings -pedantic -Wno-c++-compat -Wbad-function-cast -Wcast-align -Wformat -Wimplicit-function-declaration -Wint-to-pointer-cast -Wmissing-declarations -Wmissing-prototypes -Wnested-externs -Wold-style-definition -Wpacked -Wpointer-sign -Wpointer-to-int-cast -Wredundant-decls -Wstrict-prototypes -Wswitch -Wunused-but-set-variable -Wunused-variable -Wunused-function -Wunused-parameter -finline-functions -Wno-aggregate-return -Wno-inline -Wno-missing-format-attribute -Wno-missing-noreturn -Wno-overlength-strings -Wlarger-than=2560 -Wlogical-op -Wframe-larger-than=16384 -Wpacked-bitfield-compat -Wsync-nand -Wno-unsuffixed-float-constants -Wdouble-promotion -Wtrampolines -Wstack-usage=8192 -Wmaybe-uninitialized -Wno-jump-misses-init -Wstrict-overflow=2 -Wno-suggest-attribute=const -Wno-suggest-attribute=noreturn -Wno-suggest-attribute=pure -Wno-suggest-attribute=format -Wdate-time -Warray-bounds=2 -Wc99-c11-compat -Wincompatible-pointer-types -Wint-conversion -Wduplicated-cond -Whsa -Wnormalized -Wnull-dereference -Wunused-const-variable -Walloca -Walloc-zero -Wduplicated-branches -Wformat-overflow=2 -Wformat-truncation=1 -Wrestrict -Wattribute-alias -Wshift-overflow=2 -Wcast-function-type -Wcast-align=strict -Wno-suggest-attribute=cold -Wno-suggest-attribute=malloc -Wattribute-alias=2 -Wmissing-profile -Wc11-c2x-compat -MD -MT src/CMakeFiles/hdf5-shared.dir/H5HFhdr.c.o -MF src/CMakeFiles/hdf5-shared.dir/H5HFhdr.c.o.d -o src/CMakeFiles/hdf5-shared.dir/H5HFhdr.c.o -c /home/byrn/HDF_Projects/hdf5/dev/src/H5HFhdr.c
[542/4114] /usr/bin/cc -DH5_BUILT_AS_DYNAMIC_LIB -D_FILE_OFFSET_BITS=64 -D_GNU_SOURCE -D_LARGEFILE_SOURCE -D_POSIX_C_SOURCE=200809L -Dhdf5_shared_EXPORTS -I/home/byrn/HDF_Projects/hdf5/dev/src -I/home/byrn/HDF_Projects/hdf5/dev/src/H5FDsubfiling -I/home/byrn/HDF_Projects/hdf5/build/ci-StdShar-GNUC/src -I/home/byrn/HDF_Projects/hdf5/build/ci-StdShar-GNUC/_deps/hdf5_zlib-build -I/home/byrn/HDF_Projects/hdf5/build/ci-StdShar-GNUC/_deps/hdf5_zlib-src -I/home/byrn/HDF_Projects/hdf5/build/ci-StdShar-GNUC/_deps/szip-build -I/home/byrn/HDF_Projects/hdf5/build/ci-StdShar-GNUC/_deps/szip-src/include -I/home/byrn/HDF_Projects/hdf5/build/ci-StdShar-GNUC/_deps/szip-src -std=c99  -fstdarg-opt -fdiagnostics-urls=never -fno-diagnostics-color -fmessage-length=0 -O2 -g -DNDEBUG -std=gnu99 -fPIC -Wall -Wcast-qual -Wconversion -Wextra -Wfloat-equal -Wformat=2 -Winit-self -Winvalid-pch -Wmissing-include-dirs -Wshadow -Wundef -Wwrite-strings -pedantic -Wno-c++-compat -Wbad-function-cast -Wcast-align -Wformat -Wimplicit-function-declaration -Wint-to-pointer-cast -Wmissing-declarations -Wmissing-prototypes -Wnested-externs -Wold-style-definition -Wpacked -Wpointer-sign -Wpointer-to-int-cast -Wredundant-decls -Wstrict-prototypes -Wswitch -Wunused-but-set-variable -Wunused-variable -Wunused-function -Wunused-parameter -finline-functions -Wno-aggregate-return -Wno-inline -Wno-missing-format-attribute -Wno-missing-noreturn -Wno-overlength-strings -Wlarger-than=2560 -Wlogical-op -Wframe-larger-than=16384 -Wpacked-bitfield-compat -Wsync-nand -Wno-unsuffixed-float-constants -Wdouble-promotion -Wtrampolines -Wstack-usage=8192 -Wmaybe-uninitialized -Wno-jump-misses-init -Wstrict-overflow=2 -Wno-suggest-attribute=const -Wno-suggest-attribute=noreturn -Wno-suggest-attribute=pure -Wno-suggest-attribute=format -Wdate-time -Warray-bounds=2 -Wc99-c11-compat -Wincompatible-pointer-types -Wint-conversion -Wduplicated-cond -Whsa -Wnormalized -Wnull-dereference -Wunused-const-variable -Walloca -Walloc-zero -Wduplicated-branches -Wformat-overflow=2 -Wformat-truncation=1 -Wrestrict -Wattribute-alias -Wshift-overflow=2 -Wcast-function-type -Wcast-align=strict -Wno-suggest-attribute=cold -Wno-suggest-attribute=malloc -Wattribute-alias=2 -Wmissing-profile -Wc11-c2x-compat -MD -MT src/CMakeFiles/hdf5-shared.dir/H5HFhuge.c.o -MF src/CMakeFiles/hdf5-shared.dir/H5HFhuge.c.o.d -o src/CMakeFiles/hdf5-shared.dir/H5HFhuge.c.o -c /home/byrn/HDF_Projects/hdf5/dev/src/H5HFhuge.c
[543/4114] /usr/bin/cc -DH5_BUILT_AS_DYNAMIC_LIB -D_FILE_OFFSET_BITS=64 -D_GNU_SOURCE -D_LARGEFILE_SOURCE -D_POSIX_C_SOURCE=200809L -Dhdf5_shared_EXPORTS -I/home/byrn/HDF_Projects/hdf5/dev/src -I/home/byrn/HDF_Projects/hdf5/dev/src/H5FDsubfiling -I/home/byrn/HDF_Projects/hdf5/build/ci-StdShar-GNUC/src -I/home/byrn/HDF_Projects/hdf5/build/ci-StdShar-GNUC/_deps/hdf5_zlib-build -I/home/byrn/HDF_Projects/hdf5/build/ci-StdShar-GNUC/_deps/hdf5_zlib-src -I/home/byrn/HDF_Projects/hdf5/build/ci-StdShar-GNUC/_deps/szip-build -I/home/byrn/HDF_Projects/hdf5/build/ci-StdShar-GNUC/_deps/szip-src/include -I/home/byrn/HDF_Projects/hdf5/build/ci-StdShar-GNUC/_deps/szip-src -std=c99  -fstdarg-opt -fdiagnostics-urls=never -fno-diagnostics-color -fmessage-length=0 -O2 -g -DNDEBUG -std=gnu99 -fPIC -Wall -Wcast-qual -Wconversion -Wextra -Wfloat-equal -Wformat=2 -Winit-self -Winvalid-pch -Wmissing-include-dirs -Wshadow -Wundef -Wwrite-strings -pedantic -Wno-c++-compat -Wbad-function-cast -Wcast-align -Wformat -Wimplicit-function-declaration -Wint-to-pointer-cast -Wmissing-declarations -Wmissing-prototypes -Wnested-externs -Wold-style-definition -Wpacked -Wpointer-sign -Wpointer-to-int-cast -Wredundant-decls -Wstrict-prototypes -Wswitch -Wunused-but-set-variable -Wunused-variable -Wunused-function -Wunused-parameter -finline-functions -Wno-aggregate-return -Wno-inline -Wno-missing-format-attribute -Wno-missing-noreturn -Wno-overlength-strings -Wlarger-than=2560 -Wlogical-op -Wframe-larger-than=16384 -Wpacked-bitfield-compat -Wsync-nand -Wno-unsuffixed-float-constants -Wdouble-promotion -Wtrampolines -Wstack-usage=8192 -Wmaybe-uninitialized -Wno-jump-misses-init -Wstrict-overflow=2 -Wno-suggest-attribute=const -Wno-suggest-attribute=noreturn -Wno-suggest-attribute=pure -Wno-suggest-attribute=format -Wdate-time -Warray-bounds=2 -Wc99-c11-compat -Wincompatible-pointer-types -Wint-conversion -Wduplicated-cond -Whsa -Wnormalized -Wnull-dereference -Wunused-const-variable -Walloca -Walloc-zero -Wduplicated-branches -Wformat-overflow=2 -Wformat-truncation=1 -Wrestrict -Wattribute-alias -Wshift-overflow=2 -Wcast-function-type -Wcast-align=strict -Wno-suggest-attribute=cold -Wno-suggest-attribute=malloc -Wattribute-alias=2 -Wmissing-profile -Wc11-c2x-compat -MD -MT src/CMakeFiles/hdf5-shared.dir/H5HFspace.c.o -MF src/CMakeFiles/hdf5-shared.dir/H5HFspace.c.o.d -o src/CMakeFiles/hdf5-shared.dir/H5HFspace.c.o -c /home/byrn/HDF_Projects/hdf5/dev/src/H5HFspace.c
[544/4114] /usr/bin/cc -DH5_BUILT_AS_DYNAMIC_LIB -D_FILE_OFFSET_BITS=64 -D_GNU_SOURCE -D_LARGEFILE_SOURCE -D_POSIX_C_SOURCE=200809L -Dhdf5_shared_EXPORTS -I/home/byrn/HDF_Projects/hdf5/dev/src -I/home/byrn/HDF_Projects/hdf5/dev/src/H5FDsubfiling -I/home/byrn/HDF_Projects/hdf5/build/ci-StdShar-GNUC/src -I/home/byrn/HDF_Projects/hdf5/build/ci-StdShar-GNUC/_deps/hdf5_zlib-build -I/home/byrn/HDF_Projects/hdf5/build/ci-StdShar-GNUC/_deps/hdf5_zlib-src -I/home/byrn/HDF_Projects/hdf5/build/ci-StdShar-GNUC/_deps/szip-build -I/home/byrn/HDF_Projects/hdf5/build/ci-StdShar-GNUC/_deps/szip-src/include -I/home/byrn/HDF_Projects/hdf5/build/ci-StdShar-GNUC/_deps/szip-src -std=c99  -fstdarg-opt -fdiagnostics-urls=never -fno-diagnostics-color -fmessage-length=0 -O2 -g -DNDEBUG -std=gnu99 -fPIC -Wall -Wcast-qual -Wconversion -Wextra -Wfloat-equal -Wformat=2 -Winit-self -Winvalid-pch -Wmissing-include-dirs -Wshadow -Wundef -Wwrite-strings -pedantic -Wno-c++-compat -Wbad-function-cast -Wcast-align -Wformat -Wimplicit-function-declaration -Wint-to-pointer-cast -Wmissing-declarations -Wmissing-prototypes -Wnested-externs -Wold-style-definition -Wpacked -Wpointer-sign -Wpointer-to-int-cast -Wredundant-decls -Wstrict-prototypes -Wswitch -Wunused-but-set-variable -Wunused-variable -Wunused-function -Wunused-parameter -finline-functions -Wno-aggregate-return -Wno-inline -Wno-missing-format-attribute -Wno-missing-noreturn -Wno-overlength-strings -Wlarger-than=2560 -Wlogical-op -Wframe-larger-than=16384 -Wpacked-bitfield-compat -Wsync-nand -Wno-unsuffixed-float-constants -Wdouble-promotion -Wtrampolines -Wstack-usage=8192 -Wmaybe-uninitialized -Wno-jump-misses-init -Wstrict-overflow=2 -Wno-suggest-attribute=const -Wno-suggest-attribute=noreturn -Wno-suggest-attribute=pure -Wno-suggest-attribute=format -Wdate-time -Warray-bounds=2 -Wc99-c11-compat -Wincompatible-pointer-types -Wint-conversion -Wduplicated-cond -Whsa -Wnormalized -Wnull-dereference -Wunused-const-variable -Walloca -Walloc-zero -Wduplicated-branches -Wformat-overflow=2 -Wformat-truncation=1 -Wrestrict -Wattribute-alias -Wshift-overflow=2 -Wcast-function-type -Wcast-align=strict -Wno-suggest-attribute=cold -Wno-suggest-attribute=malloc -Wattribute-alias=2 -Wmissing-profile -Wc11-c2x-compat -MD -MT src/CMakeFiles/hdf5-shared.dir/H5HFcache.c.o -MF src/CMakeFiles/hdf5-shared.dir/H5HFcache.c.o.d -o src/CMakeFiles/hdf5-shared.dir/H5HFcache.c.o -c /home/byrn/HDF_Projects/hdf5/dev/src/H5HFcache.c
[545/4114] /usr/bin/cc -DH5_BUILT_AS_DYNAMIC_LIB -D_FILE_OFFSET_BITS=64 -D_GNU_SOURCE -D_LARGEFILE_SOURCE -D_POSIX_C_SOURCE=200809L -Dhdf5_shared_EXPORTS -I/home/byrn/HDF_Projects/hdf5/dev/src -I/home/byrn/HDF_Projects/hdf5/dev/src/H5FDsubfiling -I/home/byrn/HDF_Projects/hdf5/build/ci-StdShar-GNUC/src -I/home/byrn/HDF_Projects/hdf5/build/ci-StdShar-GNUC/_deps/hdf5_zlib-build -I/home/byrn/HDF_Projects/hdf5/build/ci-StdShar-GNUC/_deps/hdf5_zlib-src -I/home/byrn/HDF_Projects/hdf5/build/ci-StdShar-GNUC/_deps/szip-build -I/home/byrn/HDF_Projects/hdf5/build/ci-StdShar-GNUC/_deps/szip-src/include -I/home/byrn/HDF_Projects/hdf5/build/ci-StdShar-GNUC/_deps/szip-src -std=c99  -fstdarg-opt -fdiagnostics-urls=never -fno-diagnostics-color -fmessage-length=0 -O2 -g -DNDEBUG -std=gnu99 -fPIC -Wall -Wcast-qual -Wconversion -Wextra -Wfloat-equal -Wformat=2 -Winit-self -Winvalid-pch -Wmissing-include-dirs -Wshadow -Wundef -Wwrite-strings -pedantic -Wno-c++-compat -Wbad-function-cast -Wcast-align -Wformat -Wimplicit-function-declaration -Wint-to-pointer-cast -Wmissing-declarations -Wmissing-prototypes -Wnested-externs -Wold-style-definition -Wpacked -Wpointer-sign -Wpointer-to-int-cast -Wredundant-decls -Wstrict-prototypes -Wswitch -Wunused-but-set-variable -Wunused-variable -Wunused-function -Wunused-parameter -finline-functions -Wno-aggregate-return -Wno-inline -Wno-missing-format-attribute -Wno-missing-noreturn -Wno-overlength-strings -Wlarger-than=2560 -Wlogical-op -Wframe-larger-than=16384 -Wpacked-bitfield-compat -Wsync-nand -Wno-unsuffixed-float-constants -Wdouble-promotion -Wtrampolines -Wstack-usage=8192 -Wmaybe-uninitialized -Wno-jump-misses-init -Wstrict-overflow=2 -Wno-suggest-attribute=const -Wno-suggest-attribute=noreturn -Wno-suggest-attribute=pure -Wno-suggest-attribute=format -Wdate-time -Warray-bounds=2 -Wc99-c11-compat -Wincompatible-pointer-types -Wint-conversion -Wduplicated-cond -Whsa -Wnormalized -Wnull-dereference -Wunused-const-variable -Walloca -Walloc-zero -Wduplicated-branches -Wformat-overflow=2 -Wformat-truncation=1 -Wrestrict -Wattribute-alias -Wshift-overflow=2 -Wcast-function-type -Wcast-align=strict -Wno-suggest-attribute=cold -Wno-suggest-attribute=malloc -Wattribute-alias=2 -Wmissing-profile -Wc11-c2x-compat -MD -MT src/CMakeFiles/hdf5-shared.dir/H5HFtest.c.o -MF src/CMakeFiles/hdf5-shared.dir/H5HFtest.c.o.d -o src/CMakeFiles/hdf5-shared.dir/H5HFtest.c.o -c /home/byrn/HDF_Projects/hdf5/dev/src/H5HFtest.c
[546/4114] /usr/bin/cc -DH5_BUILT_AS_DYNAMIC_LIB -D_FILE_OFFSET_BITS=64 -D_GNU_SOURCE -D_LARGEFILE_SOURCE -D_POSIX_C_SOURCE=200809L -Dhdf5_shared_EXPORTS -I/home/byrn/HDF_Projects/hdf5/dev/src -I/home/byrn/HDF_Projects/hdf5/dev/src/H5FDsubfiling -I/home/byrn/HDF_Projects/hdf5/build/ci-StdShar-GNUC/src -I/home/byrn/HDF_Projects/hdf5/build/ci-StdShar-GNUC/_deps/hdf5_zlib-build -I/home/byrn/HDF_Projects/hdf5/build/ci-StdShar-GNUC/_deps/hdf5_zlib-src -I/home/byrn/HDF_Projects/hdf5/build/ci-StdShar-GNUC/_deps/szip-build -I/home/byrn/HDF_Projects/hdf5/build/ci-StdShar-GNUC/_deps/szip-src/include -I/home/byrn/HDF_Projects/hdf5/build/ci-StdShar-GNUC/_deps/szip-src -std=c99  -fstdarg-opt -fdiagnostics-urls=never -fno-diagnostics-color -fmessage-length=0 -O2 -g -DNDEBUG -std=gnu99 -fPIC -Wall -Wcast-qual -Wconversion -Wextra -Wfloat-equal -Wformat=2 -Winit-self -Winvalid-pch -Wmissing-include-dirs -Wshadow -Wundef -Wwrite-strings -pedantic -Wno-c++-compat -Wbad-function-cast -Wcast-align -Wformat -Wimplicit-function-declaration -Wint-to-pointer-cast -Wmissing-declarations -Wmissing-prototypes -Wnested-externs -Wold-style-definition -Wpacked -Wpointer-sign -Wpointer-to-int-cast -Wredundant-decls -Wstrict-prototypes -Wswitch -Wunused-but-set-variable -Wunused-variable -Wunused-function -Wunused-parameter -finline-functions -Wno-aggregate-return -Wno-inline -Wno-missing-format-attribute -Wno-missing-noreturn -Wno-overlength-strings -Wlarger-than=2560 -Wlogical-op -Wframe-larger-than=16384 -Wpacked-bitfield-compat -Wsync-nand -Wno-unsuffixed-float-constants -Wdouble-promotion -Wtrampolines -Wstack-usage=8192 -Wmaybe-uninitialized -Wno-jump-misses-init -Wstrict-overflow=2 -Wno-suggest-attribute=const -Wno-suggest-attribute=noreturn -Wno-suggest-attribute=pure -Wno-suggest-attribute=format -Wdate-time -Warray-bounds=2 -Wc99-c11-compat -Wincompatible-pointer-types -Wint-conversion -Wduplicated-cond -Whsa -Wnormalized -Wnull-dereference -Wunused-const-variable -Walloca -Walloc-zero -Wduplicated-branches -Wformat-overflow=2 -Wformat-truncation=1 -Wrestrict -Wattribute-alias -Wshift-overflow=2 -Wcast-function-type -Wcast-align=strict -Wno-suggest-attribute=cold -Wno-suggest-attribute=malloc -Wattribute-alias=2 -Wmissing-profile -Wc11-c2x-compat -MD -MT src/CMakeFiles/hdf5-shared.dir/H5HFiblock.c.o -MF src/CMakeFiles/hdf5-shared.dir/H5HFiblock.c.o.d -o src/CMakeFiles/hdf5-shared.dir/H5HFiblock.c.o -c /home/byrn/HDF_Projects/hdf5/dev/src/H5HFiblock.c
[547/4114] /usr/bin/cc -DH5_BUILT_AS_DYNAMIC_LIB -D_FILE_OFFSET_BITS=64 -D_GNU_SOURCE -D_LARGEFILE_SOURCE -D_POSIX_C_SOURCE=200809L -Dhdf5_shared_EXPORTS -I/home/byrn/HDF_Projects/hdf5/dev/src -I/home/byrn/HDF_Projects/hdf5/dev/src/H5FDsubfiling -I/home/byrn/HDF_Projects/hdf5/build/ci-StdShar-GNUC/src -I/home/byrn/HDF_Projects/hdf5/build/ci-StdShar-GNUC/_deps/hdf5_zlib-build -I/home/byrn/HDF_Projects/hdf5/build/ci-StdShar-GNUC/_deps/hdf5_zlib-src -I/home/byrn/HDF_Projects/hdf5/build/ci-StdShar-GNUC/_deps/szip-build -I/home/byrn/HDF_Projects/hdf5/build/ci-StdShar-GNUC/_deps/szip-src/include -I/home/byrn/HDF_Projects/hdf5/build/ci-StdShar-GNUC/_deps/szip-src -std=c99  -fstdarg-opt -fdiagnostics-urls=never -fno-diagnostics-color -fmessage-length=0 -O2 -g -DNDEBUG -std=gnu99 -fPIC -Wall -Wcast-qual -Wconversion -Wextra -Wfloat-equal -Wformat=2 -Winit-self -Winvalid-pch -Wmissing-include-dirs -Wshadow -Wundef -Wwrite-strings -pedantic -Wno-c++-compat -Wbad-function-cast -Wcast-align -Wformat -Wimplicit-function-declaration -Wint-to-pointer-cast -Wmissing-declarations -Wmissing-prototypes -Wnested-externs -Wold-style-definition -Wpacked -Wpointer-sign -Wpointer-to-int-cast -Wredundant-decls -Wstrict-prototypes -Wswitch -Wunused-but-set-variable -Wunused-variable -Wunused-function -Wunused-parameter -finline-functions -Wno-aggregate-return -Wno-inline -Wno-missing-format-attribute -Wno-missing-noreturn -Wno-overlength-strings -Wlarger-than=2560 -Wlogical-op -Wframe-larger-than=16384 -Wpacked-bitfield-compat -Wsync-nand -Wno-unsuffixed-float-constants -Wdouble-promotion -Wtrampolines -Wstack-usage=8192 -Wmaybe-uninitialized -Wno-jump-misses-init -Wstrict-overflow=2 -Wno-suggest-attribute=const -Wno-suggest-attribute=noreturn -Wno-suggest-attribute=pure -Wno-suggest-attribute=format -Wdate-time -Warray-bounds=2 -Wc99-c11-compat -Wincompatible-pointer-types -Wint-conversion -Wduplicated-cond -Whsa -Wnormalized -Wnull-dereference -Wunused-const-variable -Walloca -Walloc-zero -Wduplicated-branches -Wformat-overflow=2 -Wformat-truncation=1 -Wrestrict -Wattribute-alias -Wshift-overflow=2 -Wcast-function-type -Wcast-align=strict -Wno-suggest-attribute=cold -Wno-suggest-attribute=malloc -Wattribute-alias=2 -Wmissing-profile -Wc11-c2x-compat -MD -MT src/CMakeFiles/hdf5-shared.dir/H5HFstat.c.o -MF src/CMakeFiles/hdf5-shared.dir/H5HFstat.c.o.d -o src/CMakeFiles/hdf5-shared.dir/H5HFstat.c.o -c /home/byrn/HDF_Projects/hdf5/dev/src/H5HFstat.c
[548/4114] /usr/bin/cc -DH5_BUILT_AS_DYNAMIC_LIB -D_FILE_OFFSET_BITS=64 -D_GNU_SOURCE -D_LARGEFILE_SOURCE -D_POSIX_C_SOURCE=200809L -Dhdf5_shared_EXPORTS -I/home/byrn/HDF_Projects/hdf5/dev/src -I/home/byrn/HDF_Projects/hdf5/dev/src/H5FDsubfiling -I/home/byrn/HDF_Projects/hdf5/build/ci-StdShar-GNUC/src -I/home/byrn/HDF_Projects/hdf5/build/ci-StdShar-GNUC/_deps/hdf5_zlib-build -I/home/byrn/HDF_Projects/hdf5/build/ci-StdShar-GNUC/_deps/hdf5_zlib-src -I/home/byrn/HDF_Projects/hdf5/build/ci-StdShar-GNUC/_deps/szip-build -I/home/byrn/HDF_Projects/hdf5/build/ci-StdShar-GNUC/_deps/szip-src/include -I/home/byrn/HDF_Projects/hdf5/build/ci-StdShar-GNUC/_deps/szip-src -std=c99  -fstdarg-opt -fdiagnostics-urls=never -fno-diagnostics-color -fmessage-length=0 -O2 -g -DNDEBUG -std=gnu99 -fPIC -Wall -Wcast-qual -Wconversion -Wextra -Wfloat-equal -Wformat=2 -Winit-self -Winvalid-pch -Wmissing-include-dirs -Wshadow -Wundef -Wwrite-strings -pedantic -Wno-c++-compat -Wbad-function-cast -Wcast-align -Wformat -Wimplicit-function-declaration -Wint-to-pointer-cast -Wmissing-declarations -Wmissing-prototypes -Wnested-externs -Wold-style-definition -Wpacked -Wpointer-sign -Wpointer-to-int-cast -Wredundant-decls -Wstrict-prototypes -Wswitch -Wunused-but-set-variable -Wunused-variable -Wunused-function -Wunused-parameter -finline-functions -Wno-aggregate-return -Wno-inline -Wno-missing-format-attribute -Wno-missing-noreturn -Wno-overlength-strings -Wlarger-than=2560 -Wlogical-op -Wframe-larger-than=16384 -Wpacked-bitfield-compat -Wsync-nand -Wno-unsuffixed-float-constants -Wdouble-promotion -Wtrampolines -Wstack-usage=8192 -Wmaybe-uninitialized -Wno-jump-misses-init -Wstrict-overflow=2 -Wno-suggest-attribute=const -Wno-suggest-attribute=noreturn -Wno-suggest-attribute=pure -Wno-suggest-attribute=format -Wdate-time -Warray-bounds=2 -Wc99-c11-compat -Wincompatible-pointer-types -Wint-conversion -Wduplicated-cond -Whsa -Wnormalized -Wnull-dereference -Wunused-const-variable -Walloca -Walloc-zero -Wduplicated-branches -Wformat-overflow=2 -Wformat-truncation=1 -Wrestrict -Wattribute-alias -Wshift-overflow=2 -Wcast-function-type -Wcast-align=strict -Wno-suggest-attribute=cold -Wno-suggest-attribute=malloc -Wattribute-alias=2 -Wmissing-profile -Wc11-c2x-compat -MD -MT src/CMakeFiles/hdf5-shared.dir/H5HFtiny.c.o -MF src/CMakeFiles/hdf5-shared.dir/H5HFtiny.c.o.d -o src/CMakeFiles/hdf5-shared.dir/H5HFtiny.c.o -c /home/byrn/HDF_Projects/hdf5/dev/src/H5HFtiny.c
[549/4114] /usr/bin/cc -DH5_BUILT_AS_DYNAMIC_LIB -D_FILE_OFFSET_BITS=64 -D_GNU_SOURCE -D_LARGEFILE_SOURCE -D_POSIX_C_SOURCE=200809L -Dhdf5_shared_EXPORTS -I/home/byrn/HDF_Projects/hdf5/dev/src -I/home/byrn/HDF_Projects/hdf5/dev/src/H5FDsubfiling -I/home/byrn/HDF_Projects/hdf5/build/ci-StdShar-GNUC/src -I/home/byrn/HDF_Projects/hdf5/build/ci-StdShar-GNUC/_deps/hdf5_zlib-build -I/home/byrn/HDF_Projects/hdf5/build/ci-StdShar-GNUC/_deps/hdf5_zlib-src -I/home/byrn/HDF_Projects/hdf5/build/ci-StdShar-GNUC/_deps/szip-build -I/home/byrn/HDF_Projects/hdf5/build/ci-StdShar-GNUC/_deps/szip-src/include -I/home/byrn/HDF_Projects/hdf5/build/ci-StdShar-GNUC/_deps/szip-src -std=c99  -fstdarg-opt -fdiagnostics-urls=never -fno-diagnostics-color -fmessage-length=0 -O2 -g -DNDEBUG -std=gnu99 -fPIC -Wall -Wcast-qual -Wconversion -Wextra -Wfloat-equal -Wformat=2 -Winit-self -Winvalid-pch -Wmissing-include-dirs -Wshadow -Wundef -Wwrite-strings -pedantic -Wno-c++-compat -Wbad-function-cast -Wcast-align -Wformat -Wimplicit-function-declaration -Wint-to-pointer-cast -Wmissing-declarations -Wmissing-prototypes -Wnested-externs -Wold-style-definition -Wpacked -Wpointer-sign -Wpointer-to-int-cast -Wredundant-decls -Wstrict-prototypes -Wswitch -Wunused-but-set-variable -Wunused-variable -Wunused-function -Wunused-parameter -finline-functions -Wno-aggregate-return -Wno-inline -Wno-missing-format-attribute -Wno-missing-noreturn -Wno-overlength-strings -Wlarger-than=2560 -Wlogical-op -Wframe-larger-than=16384 -Wpacked-bitfield-compat -Wsync-nand -Wno-unsuffixed-float-constants -Wdouble-promotion -Wtrampolines -Wstack-usage=8192 -Wmaybe-uninitialized -Wno-jump-misses-init -Wstrict-overflow=2 -Wno-suggest-attribute=const -Wno-suggest-attribute=noreturn -Wno-suggest-attribute=pure -Wno-suggest-attribute=format -Wdate-time -Warray-bounds=2 -Wc99-c11-compat -Wincompatible-pointer-types -Wint-conversion -Wduplicated-cond -Whsa -Wnormalized -Wnull-dereference -Wunused-const-variable -Walloca -Walloc-zero -Wduplicated-branches -Wformat-overflow=2 -Wformat-truncation=1 -Wrestrict -Wattribute-alias -Wshift-overflow=2 -Wcast-function-type -Wcast-align=strict -Wno-suggest-attribute=cold -Wno-suggest-attribute=malloc -Wattribute-alias=2 -Wmissing-profile -Wc11-c2x-compat -MD -MT src/CMakeFiles/hdf5-shared.dir/H5HGdbg.c.o -MF src/CMakeFiles/hdf5-shared.dir/H5HGdbg.c.o.d -o src/CMakeFiles/hdf5-shared.dir/H5HGdbg.c.o -c /home/byrn/HDF_Projects/hdf5/dev/src/H5HGdbg.c
[550/4114] /usr/bin/cc -DH5_BUILT_AS_DYNAMIC_LIB -D_FILE_OFFSET_BITS=64 -D_GNU_SOURCE -D_LARGEFILE_SOURCE -D_POSIX_C_SOURCE=200809L -Dhdf5_shared_EXPORTS -I/home/byrn/HDF_Projects/hdf5/dev/src -I/home/byrn/HDF_Projects/hdf5/dev/src/H5FDsubfiling -I/home/byrn/HDF_Projects/hdf5/build/ci-StdShar-GNUC/src -I/home/byrn/HDF_Projects/hdf5/build/ci-StdShar-GNUC/_deps/hdf5_zlib-build -I/home/byrn/HDF_Projects/hdf5/build/ci-StdShar-GNUC/_deps/hdf5_zlib-src -I/home/byrn/HDF_Projects/hdf5/build/ci-StdShar-GNUC/_deps/szip-build -I/home/byrn/HDF_Projects/hdf5/build/ci-StdShar-GNUC/_deps/szip-src/include -I/home/byrn/HDF_Projects/hdf5/build/ci-StdShar-GNUC/_deps/szip-src -std=c99  -fstdarg-opt -fdiagnostics-urls=never -fno-diagnostics-color -fmessage-length=0 -O2 -g -DNDEBUG -std=gnu99 -fPIC -Wall -Wcast-qual -Wconversion -Wextra -Wfloat-equal -Wformat=2 -Winit-self -Winvalid-pch -Wmissing-include-dirs -Wshadow -Wundef -Wwrite-strings -pedantic -Wno-c++-compat -Wbad-function-cast -Wcast-align -Wformat -Wimplicit-function-declaration -Wint-to-pointer-cast -Wmissing-declarations -Wmissing-prototypes -Wnested-externs -Wold-style-definition -Wpacked -Wpointer-sign -Wpointer-to-int-cast -Wredundant-decls -Wstrict-prototypes -Wswitch -Wunused-but-set-variable -Wunused-variable -Wunused-function -Wunused-parameter -finline-functions -Wno-aggregate-return -Wno-inline -Wno-missing-format-attribute -Wno-missing-noreturn -Wno-overlength-strings -Wlarger-than=2560 -Wlogical-op -Wframe-larger-than=16384 -Wpacked-bitfield-compat -Wsync-nand -Wno-unsuffixed-float-constants -Wdouble-promotion -Wtrampolines -Wstack-usage=8192 -Wmaybe-uninitialized -Wno-jump-misses-init -Wstrict-overflow=2 -Wno-suggest-attribute=const -Wno-suggest-attribute=noreturn -Wno-suggest-attribute=pure -Wno-suggest-attribute=format -Wdate-time -Warray-bounds=2 -Wc99-c11-compat -Wincompatible-pointer-types -Wint-conversion -Wduplicated-cond -Whsa -Wnormalized -Wnull-dereference -Wunused-const-variable -Walloca -Walloc-zero -Wduplicated-branches -Wformat-overflow=2 -Wformat-truncation=1 -Wrestrict -Wattribute-alias -Wshift-overflow=2 -Wcast-function-type -Wcast-align=strict -Wno-suggest-attribute=cold -Wno-suggest-attribute=malloc -Wattribute-alias=2 -Wmissing-profile -Wc11-c2x-compat -MD -MT src/CMakeFiles/hdf5-shared.dir/H5HGquery.c.o -MF src/CMakeFiles/hdf5-shared.dir/H5HGquery.c.o.d -o src/CMakeFiles/hdf5-shared.dir/H5HGquery.c.o -c /home/byrn/HDF_Projects/hdf5/dev/src/H5HGquery.c
[551/4114] /usr/bin/cc -DH5_BUILT_AS_DYNAMIC_LIB -D_FILE_OFFSET_BITS=64 -D_GNU_SOURCE -D_LARGEFILE_SOURCE -D_POSIX_C_SOURCE=200809L -Dhdf5_shared_EXPORTS -I/home/byrn/HDF_Projects/hdf5/dev/src -I/home/byrn/HDF_Projects/hdf5/dev/src/H5FDsubfiling -I/home/byrn/HDF_Projects/hdf5/build/ci-StdShar-GNUC/src -I/home/byrn/HDF_Projects/hdf5/build/ci-StdShar-GNUC/_deps/hdf5_zlib-build -I/home/byrn/HDF_Projects/hdf5/build/ci-StdShar-GNUC/_deps/hdf5_zlib-src -I/home/byrn/HDF_Projects/hdf5/build/ci-StdShar-GNUC/_deps/szip-build -I/home/byrn/HDF_Projects/hdf5/build/ci-StdShar-GNUC/_deps/szip-src/include -I/home/byrn/HDF_Projects/hdf5/build/ci-StdShar-GNUC/_deps/szip-src -std=c99  -fstdarg-opt -fdiagnostics-urls=never -fno-diagnostics-color -fmessage-length=0 -O2 -g -DNDEBUG -std=gnu99 -fPIC -Wall -Wcast-qual -Wconversion -Wextra -Wfloat-equal -Wformat=2 -Winit-self -Winvalid-pch -Wmissing-include-dirs -Wshadow -Wundef -Wwrite-strings -pedantic -Wno-c++-compat -Wbad-function-cast -Wcast-align -Wformat -Wimplicit-function-declaration -Wint-to-pointer-cast -Wmissing-declarations -Wmissing-prototypes -Wnested-externs -Wold-style-definition -Wpacked -Wpointer-sign -Wpointer-to-int-cast -Wredundant-decls -Wstrict-prototypes -Wswitch -Wunused-but-set-variable -Wunused-variable -Wunused-function -Wunused-parameter -finline-functions -Wno-aggregate-return -Wno-inline -Wno-missing-format-attribute -Wno-missing-noreturn -Wno-overlength-strings -Wlarger-than=2560 -Wlogical-op -Wframe-larger-than=16384 -Wpacked-bitfield-compat -Wsync-nand -Wno-unsuffixed-float-constants -Wdouble-promotion -Wtrampolines -Wstack-usage=8192 -Wmaybe-uninitialized -Wno-jump-misses-init -Wstrict-overflow=2 -Wno-suggest-attribute=const -Wno-suggest-attribute=noreturn -Wno-suggest-attribute=pure -Wno-suggest-attribute=format -Wdate-time -Warray-bounds=2 -Wc99-c11-compat -Wincompatible-pointer-types -Wint-conversion -Wduplicated-cond -Whsa -Wnormalized -Wnull-dereference -Wunused-const-variable -Walloca -Walloc-zero -Wduplicated-branches -Wformat-overflow=2 -Wformat-truncation=1 -Wrestrict -Wattribute-alias -Wshift-overflow=2 -Wcast-function-type -Wcast-align=strict -Wno-suggest-attribute=cold -Wno-suggest-attribute=malloc -Wattribute-alias=2 -Wmissing-profile -Wc11-c2x-compat -MD -MT src/CMakeFiles/hdf5-shared.dir/H5HGcache.c.o -MF src/CMakeFiles/hdf5-shared.dir/H5HGcache.c.o.d -o src/CMakeFiles/hdf5-shared.dir/H5HGcache.c.o -c /home/byrn/HDF_Projects/hdf5/dev/src/H5HGcache.c
[552/4114] /usr/bin/cc -DH5_BUILT_AS_DYNAMIC_LIB -D_FILE_OFFSET_BITS=64 -D_GNU_SOURCE -D_LARGEFILE_SOURCE -D_POSIX_C_SOURCE=200809L -Dhdf5_shared_EXPORTS -I/home/byrn/HDF_Projects/hdf5/dev/src -I/home/byrn/HDF_Projects/hdf5/dev/src/H5FDsubfiling -I/home/byrn/HDF_Projects/hdf5/build/ci-StdShar-GNUC/src -I/home/byrn/HDF_Projects/hdf5/build/ci-StdShar-GNUC/_deps/hdf5_zlib-build -I/home/byrn/HDF_Projects/hdf5/build/ci-StdShar-GNUC/_deps/hdf5_zlib-src -I/home/byrn/HDF_Projects/hdf5/build/ci-StdShar-GNUC/_deps/szip-build -I/home/byrn/HDF_Projects/hdf5/build/ci-StdShar-GNUC/_deps/szip-src/include -I/home/byrn/HDF_Projects/hdf5/build/ci-StdShar-GNUC/_deps/szip-src -std=c99  -fstdarg-opt -fdiagnostics-urls=never -fno-diagnostics-color -fmessage-length=0 -O2 -g -DNDEBUG -std=gnu99 -fPIC -Wall -Wcast-qual -Wconversion -Wextra -Wfloat-equal -Wformat=2 -Winit-self -Winvalid-pch -Wmissing-include-dirs -Wshadow -Wundef -Wwrite-strings -pedantic -Wno-c++-compat -Wbad-function-cast -Wcast-align -Wformat -Wimplicit-function-declaration -Wint-to-pointer-cast -Wmissing-declarations -Wmissing-prototypes -Wnested-externs -Wold-style-definition -Wpacked -Wpointer-sign -Wpointer-to-int-cast -Wredundant-decls -Wstrict-prototypes -Wswitch -Wunused-but-set-variable -Wunused-variable -Wunused-function -Wunused-parameter -finline-functions -Wno-aggregate-return -Wno-inline -Wno-missing-format-attribute -Wno-missing-noreturn -Wno-overlength-strings -Wlarger-than=2560 -Wlogical-op -Wframe-larger-than=16384 -Wpacked-bitfield-compat -Wsync-nand -Wno-unsuffixed-float-constants -Wdouble-promotion -Wtrampolines -Wstack-usage=8192 -Wmaybe-uninitialized -Wno-jump-misses-init -Wstrict-overflow=2 -Wno-suggest-attribute=const -Wno-suggest-attribute=noreturn -Wno-suggest-attribute=pure -Wno-suggest-attribute=format -Wdate-time -Warray-bounds=2 -Wc99-c11-compat -Wincompatible-pointer-types -Wint-conversion -Wduplicated-cond -Whsa -Wnormalized -Wnull-dereference -Wunused-const-variable -Walloca -Walloc-zero -Wduplicated-branches -Wformat-overflow=2 -Wformat-truncation=1 -Wrestrict -Wattribute-alias -Wshift-overflow=2 -Wcast-function-type -Wcast-align=strict -Wno-suggest-attribute=cold -Wno-suggest-attribute=malloc -Wattribute-alias=2 -Wmissing-profile -Wc11-c2x-compat -MD -MT src/CMakeFiles/hdf5-shared.dir/H5HLdbg.c.o -MF src/CMakeFiles/hdf5-shared.dir/H5HLdbg.c.o.d -o src/CMakeFiles/hdf5-shared.dir/H5HLdbg.c.o -c /home/byrn/HDF_Projects/hdf5/dev/src/H5HLdbg.c
[553/4114] /usr/bin/cc -DH5_BUILT_AS_DYNAMIC_LIB -D_FILE_OFFSET_BITS=64 -D_GNU_SOURCE -D_LARGEFILE_SOURCE -D_POSIX_C_SOURCE=200809L -Dhdf5_shared_EXPORTS -I/home/byrn/HDF_Projects/hdf5/dev/src -I/home/byrn/HDF_Projects/hdf5/dev/src/H5FDsubfiling -I/home/byrn/HDF_Projects/hdf5/build/ci-StdShar-GNUC/src -I/home/byrn/HDF_Projects/hdf5/build/ci-StdShar-GNUC/_deps/hdf5_zlib-build -I/home/byrn/HDF_Projects/hdf5/build/ci-StdShar-GNUC/_deps/hdf5_zlib-src -I/home/byrn/HDF_Projects/hdf5/build/ci-StdShar-GNUC/_deps/szip-build -I/home/byrn/HDF_Projects/hdf5/build/ci-StdShar-GNUC/_deps/szip-src/include -I/home/byrn/HDF_Projects/hdf5/build/ci-StdShar-GNUC/_deps/szip-src -std=c99  -fstdarg-opt -fdiagnostics-urls=never -fno-diagnostics-color -fmessage-length=0 -O2 -g -DNDEBUG -std=gnu99 -fPIC -Wall -Wcast-qual -Wconversion -Wextra -Wfloat-equal -Wformat=2 -Winit-self -Winvalid-pch -Wmissing-include-dirs -Wshadow -Wundef -Wwrite-strings -pedantic -Wno-c++-compat -Wbad-function-cast -Wcast-align -Wformat -Wimplicit-function-declaration -Wint-to-pointer-cast -Wmissing-declarations -Wmissing-prototypes -Wnested-externs -Wold-style-definition -Wpacked -Wpointer-sign -Wpointer-to-int-cast -Wredundant-decls -Wstrict-prototypes -Wswitch -Wunused-but-set-variable -Wunused-variable -Wunused-function -Wunused-parameter -finline-functions -Wno-aggregate-return -Wno-inline -Wno-missing-format-attribute -Wno-missing-noreturn -Wno-overlength-strings -Wlarger-than=2560 -Wlogical-op -Wframe-larger-than=16384 -Wpacked-bitfield-compat -Wsync-nand -Wno-unsuffixed-float-constants -Wdouble-promotion -Wtrampolines -Wstack-usage=8192 -Wmaybe-uninitialized -Wno-jump-misses-init -Wstrict-overflow=2 -Wno-suggest-attribute=const -Wno-suggest-attribute=noreturn -Wno-suggest-attribute=pure -Wno-suggest-attribute=format -Wdate-time -Warray-bounds=2 -Wc99-c11-compat -Wincompatible-pointer-types -Wint-conversion -Wduplicated-cond -Whsa -Wnormalized -Wnull-dereference -Wunused-const-variable -Walloca -Walloc-zero -Wduplicated-branches -Wformat-overflow=2 -Wformat-truncation=1 -Wrestrict -Wattribute-alias -Wshift-overflow=2 -Wcast-function-type -Wcast-align=strict -Wno-suggest-attribute=cold -Wno-suggest-attribute=malloc -Wattribute-alias=2 -Wmissing-profile -Wc11-c2x-compat -MD -MT src/CMakeFiles/hdf5-shared.dir/H5HLint.c.o -MF src/CMakeFiles/hdf5-shared.dir/H5HLint.c.o.d -o src/CMakeFiles/hdf5-shared.dir/H5HLint.c.o -c /home/byrn/HDF_Projects/hdf5/dev/src/H5HLint.c
[554/4114] /usr/bin/cc -DH5_BUILT_AS_DYNAMIC_LIB -D_FILE_OFFSET_BITS=64 -D_GNU_SOURCE -D_LARGEFILE_SOURCE -D_POSIX_C_SOURCE=200809L -Dhdf5_shared_EXPORTS -I/home/byrn/HDF_Projects/hdf5/dev/src -I/home/byrn/HDF_Projects/hdf5/dev/src/H5FDsubfiling -I/home/byrn/HDF_Projects/hdf5/build/ci-StdShar-GNUC/src -I/home/byrn/HDF_Projects/hdf5/build/ci-StdShar-GNUC/_deps/hdf5_zlib-build -I/home/byrn/HDF_Projects/hdf5/build/ci-StdShar-GNUC/_deps/hdf5_zlib-src -I/home/byrn/HDF_Projects/hdf5/build/ci-StdShar-GNUC/_deps/szip-build -I/home/byrn/HDF_Projects/hdf5/build/ci-StdShar-GNUC/_deps/szip-src/include -I/home/byrn/HDF_Projects/hdf5/build/ci-StdShar-GNUC/_deps/szip-src -std=c99  -fstdarg-opt -fdiagnostics-urls=never -fno-diagnostics-color -fmessage-length=0 -O2 -g -DNDEBUG -std=gnu99 -fPIC -Wall -Wcast-qual -Wconversion -Wextra -Wfloat-equal -Wformat=2 -Winit-self -Winvalid-pch -Wmissing-include-dirs -Wshadow -Wundef -Wwrite-strings -pedantic -Wno-c++-compat -Wbad-function-cast -Wcast-align -Wformat -Wimplicit-function-declaration -Wint-to-pointer-cast -Wmissing-declarations -Wmissing-prototypes -Wnested-externs -Wold-style-definition -Wpacked -Wpointer-sign -Wpointer-to-int-cast -Wredundant-decls -Wstrict-prototypes -Wswitch -Wunused-but-set-variable -Wunused-variable -Wunused-function -Wunused-parameter -finline-functions -Wno-aggregate-return -Wno-inline -Wno-missing-format-attribute -Wno-missing-noreturn -Wno-overlength-strings -Wlarger-than=2560 -Wlogical-op -Wframe-larger-than=16384 -Wpacked-bitfield-compat -Wsync-nand -Wno-unsuffixed-float-constants -Wdouble-promotion -Wtrampolines -Wstack-usage=8192 -Wmaybe-uninitialized -Wno-jump-misses-init -Wstrict-overflow=2 -Wno-suggest-attribute=const -Wno-suggest-attribute=noreturn -Wno-suggest-attribute=pure -Wno-suggest-attribute=format -Wdate-time -Warray-bounds=2 -Wc99-c11-compat -Wincompatible-pointer-types -Wint-conversion -Wduplicated-cond -Whsa -Wnormalized -Wnull-dereference -Wunused-const-variable -Walloca -Walloc-zero -Wduplicated-branches -Wformat-overflow=2 -Wformat-truncation=1 -Wrestrict -Wattribute-alias -Wshift-overflow=2 -Wcast-function-type -Wcast-align=strict -Wno-suggest-attribute=cold -Wno-suggest-attribute=malloc -Wattribute-alias=2 -Wmissing-profile -Wc11-c2x-compat -MD -MT src/CMakeFiles/hdf5-shared.dir/H5HG.c.o -MF src/CMakeFiles/hdf5-shared.dir/H5HG.c.o.d -o src/CMakeFiles/hdf5-shared.dir/H5HG.c.o -c /home/byrn/HDF_Projects/hdf5/dev/src/H5HG.c
[555/4114] /usr/bin/cc -DH5_BUILT_AS_DYNAMIC_LIB -D_FILE_OFFSET_BITS=64 -D_GNU_SOURCE -D_LARGEFILE_SOURCE -D_POSIX_C_SOURCE=200809L -Dhdf5_shared_EXPORTS -I/home/byrn/HDF_Projects/hdf5/dev/src -I/home/byrn/HDF_Projects/hdf5/dev/src/H5FDsubfiling -I/home/byrn/HDF_Projects/hdf5/build/ci-StdShar-GNUC/src -I/home/byrn/HDF_Projects/hdf5/build/ci-StdShar-GNUC/_deps/hdf5_zlib-build -I/home/byrn/HDF_Projects/hdf5/build/ci-StdShar-GNUC/_deps/hdf5_zlib-src -I/home/byrn/HDF_Projects/hdf5/build/ci-StdShar-GNUC/_deps/szip-build -I/home/byrn/HDF_Projects/hdf5/build/ci-StdShar-GNUC/_deps/szip-src/include -I/home/byrn/HDF_Projects/hdf5/build/ci-StdShar-GNUC/_deps/szip-src -std=c99  -fstdarg-opt -fdiagnostics-urls=never -fno-diagnostics-color -fmessage-length=0 -O2 -g -DNDEBUG -std=gnu99 -fPIC -Wall -Wcast-qual -Wconversion -Wextra -Wfloat-equal -Wformat=2 -Winit-self -Winvalid-pch -Wmissing-include-dirs -Wshadow -Wundef -Wwrite-strings -pedantic -Wno-c++-compat -Wbad-function-cast -Wcast-align -Wformat -Wimplicit-function-declaration -Wint-to-pointer-cast -Wmissing-declarations -Wmissing-prototypes -Wnested-externs -Wold-style-definition -Wpacked -Wpointer-sign -Wpointer-to-int-cast -Wredundant-decls -Wstrict-prototypes -Wswitch -Wunused-but-set-variable -Wunused-variable -Wunused-function -Wunused-parameter -finline-functions -Wno-aggregate-return -Wno-inline -Wno-missing-format-attribute -Wno-missing-noreturn -Wno-overlength-strings -Wlarger-than=2560 -Wlogical-op -Wframe-larger-than=16384 -Wpacked-bitfield-compat -Wsync-nand -Wno-unsuffixed-float-constants -Wdouble-promotion -Wtrampolines -Wstack-usage=8192 -Wmaybe-uninitialized -Wno-jump-misses-init -Wstrict-overflow=2 -Wno-suggest-attribute=const -Wno-suggest-attribute=noreturn -Wno-suggest-attribute=pure -Wno-suggest-attribute=format -Wdate-time -Warray-bounds=2 -Wc99-c11-compat -Wincompatible-pointer-types -Wint-conversion -Wduplicated-cond -Whsa -Wnormalized -Wnull-dereference -Wunused-const-variable -Walloca -Walloc-zero -Wduplicated-branches -Wformat-overflow=2 -Wformat-truncation=1 -Wrestrict -Wattribute-alias -Wshift-overflow=2 -Wcast-function-type -Wcast-align=strict -Wno-suggest-attribute=cold -Wno-suggest-attribute=malloc -Wattribute-alias=2 -Wmissing-profile -Wc11-c2x-compat -MD -MT src/CMakeFiles/hdf5-shared.dir/H5HFsection.c.o -MF src/CMakeFiles/hdf5-shared.dir/H5HFsection.c.o.d -o src/CMakeFiles/hdf5-shared.dir/H5HFsection.c.o -c /home/byrn/HDF_Projects/hdf5/dev/src/H5HFsection.c
[556/4114] /usr/bin/cc -DH5_BUILT_AS_DYNAMIC_LIB -D_FILE_OFFSET_BITS=64 -D_GNU_SOURCE -D_LARGEFILE_SOURCE -D_POSIX_C_SOURCE=200809L -Dhdf5_shared_EXPORTS -I/home/byrn/HDF_Projects/hdf5/dev/src -I/home/byrn/HDF_Projects/hdf5/dev/src/H5FDsubfiling -I/home/byrn/HDF_Projects/hdf5/build/ci-StdShar-GNUC/src -I/home/byrn/HDF_Projects/hdf5/build/ci-StdShar-GNUC/_deps/hdf5_zlib-build -I/home/byrn/HDF_Projects/hdf5/build/ci-StdShar-GNUC/_deps/hdf5_zlib-src -I/home/byrn/HDF_Projects/hdf5/build/ci-StdShar-GNUC/_deps/szip-build -I/home/byrn/HDF_Projects/hdf5/build/ci-StdShar-GNUC/_deps/szip-src/include -I/home/byrn/HDF_Projects/hdf5/build/ci-StdShar-GNUC/_deps/szip-src -std=c99  -fstdarg-opt -fdiagnostics-urls=never -fno-diagnostics-color -fmessage-length=0 -O2 -g -DNDEBUG -std=gnu99 -fPIC -Wall -Wcast-qual -Wconversion -Wextra -Wfloat-equal -Wformat=2 -Winit-self -Winvalid-pch -Wmissing-include-dirs -Wshadow -Wundef -Wwrite-strings -pedantic -Wno-c++-compat -Wbad-function-cast -Wcast-align -Wformat -Wimplicit-function-declaration -Wint-to-pointer-cast -Wmissing-declarations -Wmissing-prototypes -Wnested-externs -Wold-style-definition -Wpacked -Wpointer-sign -Wpointer-to-int-cast -Wredundant-decls -Wstrict-prototypes -Wswitch -Wunused-but-set-variable -Wunused-variable -Wunused-function -Wunused-parameter -finline-functions -Wno-aggregate-return -Wno-inline -Wno-missing-format-attribute -Wno-missing-noreturn -Wno-overlength-strings -Wlarger-than=2560 -Wlogical-op -Wframe-larger-than=16384 -Wpacked-bitfield-compat -Wsync-nand -Wno-unsuffixed-float-constants -Wdouble-promotion -Wtrampolines -Wstack-usage=8192 -Wmaybe-uninitialized -Wno-jump-misses-init -Wstrict-overflow=2 -Wno-suggest-attribute=const -Wno-suggest-attribute=noreturn -Wno-suggest-attribute=pure -Wno-suggest-attribute=format -Wdate-time -Warray-bounds=2 -Wc99-c11-compat -Wincompatible-pointer-types -Wint-conversion -Wduplicated-cond -Whsa -Wnormalized -Wnull-dereference -Wunused-const-variable -Walloca -Walloc-zero -Wduplicated-branches -Wformat-overflow=2 -Wformat-truncation=1 -Wrestrict -Wattribute-alias -Wshift-overflow=2 -Wcast-function-type -Wcast-align=strict -Wno-suggest-attribute=cold -Wno-suggest-attribute=malloc -Wattribute-alias=2 -Wmissing-profile -Wc11-c2x-compat -MD -MT src/CMakeFiles/hdf5-shared.dir/H5HL.c.o -MF src/CMakeFiles/hdf5-shared.dir/H5HL.c.o.d -o src/CMakeFiles/hdf5-shared.dir/H5HL.c.o -c /home/byrn/HDF_Projects/hdf5/dev/src/H5HL.c
[557/4114] /usr/bin/cc -DH5_BUILT_AS_DYNAMIC_LIB -D_FILE_OFFSET_BITS=64 -D_GNU_SOURCE -D_LARGEFILE_SOURCE -D_POSIX_C_SOURCE=200809L -Dhdf5_shared_EXPORTS -I/home/byrn/HDF_Projects/hdf5/dev/src -I/home/byrn/HDF_Projects/hdf5/dev/src/H5FDsubfiling -I/home/byrn/HDF_Projects/hdf5/build/ci-StdShar-GNUC/src -I/home/byrn/HDF_Projects/hdf5/build/ci-StdShar-GNUC/_deps/hdf5_zlib-build -I/home/byrn/HDF_Projects/hdf5/build/ci-StdShar-GNUC/_deps/hdf5_zlib-src -I/home/byrn/HDF_Projects/hdf5/build/ci-StdShar-GNUC/_deps/szip-build -I/home/byrn/HDF_Projects/hdf5/build/ci-StdShar-GNUC/_deps/szip-src/include -I/home/byrn/HDF_Projects/hdf5/build/ci-StdShar-GNUC/_deps/szip-src -std=c99  -fstdarg-opt -fdiagnostics-urls=never -fno-diagnostics-color -fmessage-length=0 -O2 -g -DNDEBUG -std=gnu99 -fPIC -Wall -Wcast-qual -Wconversion -Wextra -Wfloat-equal -Wformat=2 -Winit-self -Winvalid-pch -Wmissing-include-dirs -Wshadow -Wundef -Wwrite-strings -pedantic -Wno-c++-compat -Wbad-function-cast -Wcast-align -Wformat -Wimplicit-function-declaration -Wint-to-pointer-cast -Wmissing-declarations -Wmissing-prototypes -Wnested-externs -Wold-style-definition -Wpacked -Wpointer-sign -Wpointer-to-int-cast -Wredundant-decls -Wstrict-prototypes -Wswitch -Wunused-but-set-variable -Wunused-variable -Wunused-function -Wunused-parameter -finline-functions -Wno-aggregate-return -Wno-inline -Wno-missing-format-attribute -Wno-missing-noreturn -Wno-overlength-strings -Wlarger-than=2560 -Wlogical-op -Wframe-larger-than=16384 -Wpacked-bitfield-compat -Wsync-nand -Wno-unsuffixed-float-constants -Wdouble-promotion -Wtrampolines -Wstack-usage=8192 -Wmaybe-uninitialized -Wno-jump-misses-init -Wstrict-overflow=2 -Wno-suggest-attribute=const -Wno-suggest-attribute=noreturn -Wno-suggest-attribute=pure -Wno-suggest-attribute=format -Wdate-time -Warray-bounds=2 -Wc99-c11-compat -Wincompatible-pointer-types -Wint-conversion -Wduplicated-cond -Whsa -Wnormalized -Wnull-dereference -Wunused-const-variable -Walloca -Walloc-zero -Wduplicated-branches -Wformat-overflow=2 -Wformat-truncation=1 -Wrestrict -Wattribute-alias -Wshift-overflow=2 -Wcast-function-type -Wcast-align=strict -Wno-suggest-attribute=cold -Wno-suggest-attribute=malloc -Wattribute-alias=2 -Wmissing-profile -Wc11-c2x-compat -MD -MT src/CMakeFiles/hdf5-shared.dir/H5HLdblk.c.o -MF src/CMakeFiles/hdf5-shared.dir/H5HLdblk.c.o.d -o src/CMakeFiles/hdf5-shared.dir/H5HLdblk.c.o -c /home/byrn/HDF_Projects/hdf5/dev/src/H5HLdblk.c
[558/4114] /usr/bin/cc -DH5_BUILT_AS_DYNAMIC_LIB -D_FILE_OFFSET_BITS=64 -D_GNU_SOURCE -D_LARGEFILE_SOURCE -D_POSIX_C_SOURCE=200809L -Dhdf5_shared_EXPORTS -I/home/byrn/HDF_Projects/hdf5/dev/src -I/home/byrn/HDF_Projects/hdf5/dev/src/H5FDsubfiling -I/home/byrn/HDF_Projects/hdf5/build/ci-StdShar-GNUC/src -I/home/byrn/HDF_Projects/hdf5/build/ci-StdShar-GNUC/_deps/hdf5_zlib-build -I/home/byrn/HDF_Projects/hdf5/build/ci-StdShar-GNUC/_deps/hdf5_zlib-src -I/home/byrn/HDF_Projects/hdf5/build/ci-StdShar-GNUC/_deps/szip-build -I/home/byrn/HDF_Projects/hdf5/build/ci-StdShar-GNUC/_deps/szip-src/include -I/home/byrn/HDF_Projects/hdf5/build/ci-StdShar-GNUC/_deps/szip-src -std=c99  -fstdarg-opt -fdiagnostics-urls=never -fno-diagnostics-color -fmessage-length=0 -O2 -g -DNDEBUG -std=gnu99 -fPIC -Wall -Wcast-qual -Wconversion -Wextra -Wfloat-equal -Wformat=2 -Winit-self -Winvalid-pch -Wmissing-include-dirs -Wshadow -Wundef -Wwrite-strings -pedantic -Wno-c++-compat -Wbad-function-cast -Wcast-align -Wformat -Wimplicit-function-declaration -Wint-to-pointer-cast -Wmissing-declarations -Wmissing-prototypes -Wnested-externs -Wold-style-definition -Wpacked -Wpointer-sign -Wpointer-to-int-cast -Wredundant-decls -Wstrict-prototypes -Wswitch -Wunused-but-set-variable -Wunused-variable -Wunused-function -Wunused-parameter -finline-functions -Wno-aggregate-return -Wno-inline -Wno-missing-format-attribute -Wno-missing-noreturn -Wno-overlength-strings -Wlarger-than=2560 -Wlogical-op -Wframe-larger-than=16384 -Wpacked-bitfield-compat -Wsync-nand -Wno-unsuffixed-float-constants -Wdouble-promotion -Wtrampolines -Wstack-usage=8192 -Wmaybe-uninitialized -Wno-jump-misses-init -Wstrict-overflow=2 -Wno-suggest-attribute=const -Wno-suggest-attribute=noreturn -Wno-suggest-attribute=pure -Wno-suggest-attribute=format -Wdate-time -Warray-bounds=2 -Wc99-c11-compat -Wincompatible-pointer-types -Wint-conversion -Wduplicated-cond -Whsa -Wnormalized -Wnull-dereference -Wunused-const-variable -Walloca -Walloc-zero -Wduplicated-branches -Wformat-overflow=2 -Wformat-truncation=1 -Wrestrict -Wattribute-alias -Wshift-overflow=2 -Wcast-function-type -Wcast-align=strict -Wno-suggest-attribute=cold -Wno-suggest-attribute=malloc -Wattribute-alias=2 -Wmissing-profile -Wc11-c2x-compat -MD -MT src/CMakeFiles/hdf5-shared.dir/H5HLcache.c.o -MF src/CMakeFiles/hdf5-shared.dir/H5HLcache.c.o.d -o src/CMakeFiles/hdf5-shared.dir/H5HLcache.c.o -c /home/byrn/HDF_Projects/hdf5/dev/src/H5HLcache.c
[559/4114] /usr/bin/cc -DH5_BUILT_AS_DYNAMIC_LIB -D_FILE_OFFSET_BITS=64 -D_GNU_SOURCE -D_LARGEFILE_SOURCE -D_POSIX_C_SOURCE=200809L -Dhdf5_shared_EXPORTS -I/home/byrn/HDF_Projects/hdf5/dev/src -I/home/byrn/HDF_Projects/hdf5/dev/src/H5FDsubfiling -I/home/byrn/HDF_Projects/hdf5/build/ci-StdShar-GNUC/src -I/home/byrn/HDF_Projects/hdf5/build/ci-StdShar-GNUC/_deps/hdf5_zlib-build -I/home/byrn/HDF_Projects/hdf5/build/ci-StdShar-GNUC/_deps/hdf5_zlib-src -I/home/byrn/HDF_Projects/hdf5/build/ci-StdShar-GNUC/_deps/szip-build -I/home/byrn/HDF_Projects/hdf5/build/ci-StdShar-GNUC/_deps/szip-src/include -I/home/byrn/HDF_Projects/hdf5/build/ci-StdShar-GNUC/_deps/szip-src -std=c99  -fstdarg-opt -fdiagnostics-urls=never -fno-diagnostics-color -fmessage-length=0 -O2 -g -DNDEBUG -std=gnu99 -fPIC -Wall -Wcast-qual -Wconversion -Wextra -Wfloat-equal -Wformat=2 -Winit-self -Winvalid-pch -Wmissing-include-dirs -Wshadow -Wundef -Wwrite-strings -pedantic -Wno-c++-compat -Wbad-function-cast -Wcast-align -Wformat -Wimplicit-function-declaration -Wint-to-pointer-cast -Wmissing-declarations -Wmissing-prototypes -Wnested-externs -Wold-style-definition -Wpacked -Wpointer-sign -Wpointer-to-int-cast -Wredundant-decls -Wstrict-prototypes -Wswitch -Wunused-but-set-variable -Wunused-variable -Wunused-function -Wunused-parameter -finline-functions -Wno-aggregate-return -Wno-inline -Wno-missing-format-attribute -Wno-missing-noreturn -Wno-overlength-strings -Wlarger-than=2560 -Wlogical-op -Wframe-larger-than=16384 -Wpacked-bitfield-compat -Wsync-nand -Wno-unsuffixed-float-constants -Wdouble-promotion -Wtrampolines -Wstack-usage=8192 -Wmaybe-uninitialized -Wno-jump-misses-init -Wstrict-overflow=2 -Wno-suggest-attribute=const -Wno-suggest-attribute=noreturn -Wno-suggest-attribute=pure -Wno-suggest-attribute=format -Wdate-time -Warray-bounds=2 -Wc99-c11-compat -Wincompatible-pointer-types -Wint-conversion -Wduplicated-cond -Whsa -Wnormalized -Wnull-dereference -Wunused-const-variable -Walloca -Walloc-zero -Wduplicated-branches -Wformat-overflow=2 -Wformat-truncation=1 -Wrestrict -Wattribute-alias -Wshift-overflow=2 -Wcast-function-type -Wcast-align=strict -Wno-suggest-attribute=cold -Wno-suggest-attribute=malloc -Wattribute-alias=2 -Wmissing-profile -Wc11-c2x-compat -MD -MT src/CMakeFiles/hdf5-shared.dir/H5HLprfx.c.o -MF src/CMakeFiles/hdf5-shared.dir/H5HLprfx.c.o.d -o src/CMakeFiles/hdf5-shared.dir/H5HLprfx.c.o -c /home/byrn/HDF_Projects/hdf5/dev/src/H5HLprfx.c
[560/4114] /usr/bin/cc -DH5_BUILT_AS_DYNAMIC_LIB -D_FILE_OFFSET_BITS=64 -D_GNU_SOURCE -D_LARGEFILE_SOURCE -D_POSIX_C_SOURCE=200809L -Dhdf5_shared_EXPORTS -I/home/byrn/HDF_Projects/hdf5/dev/src -I/home/byrn/HDF_Projects/hdf5/dev/src/H5FDsubfiling -I/home/byrn/HDF_Projects/hdf5/build/ci-StdShar-GNUC/src -I/home/byrn/HDF_Projects/hdf5/build/ci-StdShar-GNUC/_deps/hdf5_zlib-build -I/home/byrn/HDF_Projects/hdf5/build/ci-StdShar-GNUC/_deps/hdf5_zlib-src -I/home/byrn/HDF_Projects/hdf5/build/ci-StdShar-GNUC/_deps/szip-build -I/home/byrn/HDF_Projects/hdf5/build/ci-StdShar-GNUC/_deps/szip-src/include -I/home/byrn/HDF_Projects/hdf5/build/ci-StdShar-GNUC/_deps/szip-src -std=c99  -fstdarg-opt -fdiagnostics-urls=never -fno-diagnostics-color -fmessage-length=0 -O2 -g -DNDEBUG -std=gnu99 -fPIC -Wall -Wcast-qual -Wconversion -Wextra -Wfloat-equal -Wformat=2 -Winit-self -Winvalid-pch -Wmissing-include-dirs -Wshadow -Wundef -Wwrite-strings -pedantic -Wno-c++-compat -Wbad-function-cast -Wcast-align -Wformat -Wimplicit-function-declaration -Wint-to-pointer-cast -Wmissing-declarations -Wmissing-prototypes -Wnested-externs -Wold-style-definition -Wpacked -Wpointer-sign -Wpointer-to-int-cast -Wredundant-decls -Wstrict-prototypes -Wswitch -Wunused-but-set-variable -Wunused-variable -Wunused-function -Wunused-parameter -finline-functions -Wno-aggregate-return -Wno-inline -Wno-missing-format-attribute -Wno-missing-noreturn -Wno-overlength-strings -Wlarger-than=2560 -Wlogical-op -Wframe-larger-than=16384 -Wpacked-bitfield-compat -Wsync-nand -Wno-unsuffixed-float-constants -Wdouble-promotion -Wtrampolines -Wstack-usage=8192 -Wmaybe-uninitialized -Wno-jump-misses-init -Wstrict-overflow=2 -Wno-suggest-attribute=const -Wno-suggest-attribute=noreturn -Wno-suggest-attribute=pure -Wno-suggest-attribute=format -Wdate-time -Warray-bounds=2 -Wc99-c11-compat -Wincompatible-pointer-types -Wint-conversion -Wduplicated-cond -Whsa -Wnormalized -Wnull-dereference -Wunused-const-variable -Walloca -Walloc-zero -Wduplicated-branches -Wformat-overflow=2 -Wformat-truncation=1 -Wrestrict -Wattribute-alias -Wshift-overflow=2 -Wcast-function-type -Wcast-align=strict -Wno-suggest-attribute=cold -Wno-suggest-attribute=malloc -Wattribute-alias=2 -Wmissing-profile -Wc11-c2x-compat -MD -MT src/CMakeFiles/hdf5-shared.dir/H5Idbg.c.o -MF src/CMakeFiles/hdf5-shared.dir/H5Idbg.c.o.d -o src/CMakeFiles/hdf5-shared.dir/H5Idbg.c.o -c /home/byrn/HDF_Projects/hdf5/dev/src/H5Idbg.c
[561/4114] /usr/bin/cc -DH5_BUILT_AS_DYNAMIC_LIB -D_FILE_OFFSET_BITS=64 -D_GNU_SOURCE -D_LARGEFILE_SOURCE -D_POSIX_C_SOURCE=200809L -Dhdf5_shared_EXPORTS -I/home/byrn/HDF_Projects/hdf5/dev/src -I/home/byrn/HDF_Projects/hdf5/dev/src/H5FDsubfiling -I/home/byrn/HDF_Projects/hdf5/build/ci-StdShar-GNUC/src -I/home/byrn/HDF_Projects/hdf5/build/ci-StdShar-GNUC/_deps/hdf5_zlib-build -I/home/byrn/HDF_Projects/hdf5/build/ci-StdShar-GNUC/_deps/hdf5_zlib-src -I/home/byrn/HDF_Projects/hdf5/build/ci-StdShar-GNUC/_deps/szip-build -I/home/byrn/HDF_Projects/hdf5/build/ci-StdShar-GNUC/_deps/szip-src/include -I/home/byrn/HDF_Projects/hdf5/build/ci-StdShar-GNUC/_deps/szip-src -std=c99  -fstdarg-opt -fdiagnostics-urls=never -fno-diagnostics-color -fmessage-length=0 -O2 -g -DNDEBUG -std=gnu99 -fPIC -Wall -Wcast-qual -Wconversion -Wextra -Wfloat-equal -Wformat=2 -Winit-self -Winvalid-pch -Wmissing-include-dirs -Wshadow -Wundef -Wwrite-strings -pedantic -Wno-c++-compat -Wbad-function-cast -Wcast-align -Wformat -Wimplicit-function-declaration -Wint-to-pointer-cast -Wmissing-declarations -Wmissing-prototypes -Wnested-externs -Wold-style-definition -Wpacked -Wpointer-sign -Wpointer-to-int-cast -Wredundant-decls -Wstrict-prototypes -Wswitch -Wunused-but-set-variable -Wunused-variable -Wunused-function -Wunused-parameter -finline-functions -Wno-aggregate-return -Wno-inline -Wno-missing-format-attribute -Wno-missing-noreturn -Wno-overlength-strings -Wlarger-than=2560 -Wlogical-op -Wframe-larger-than=16384 -Wpacked-bitfield-compat -Wsync-nand -Wno-unsuffixed-float-constants -Wdouble-promotion -Wtrampolines -Wstack-usage=8192 -Wmaybe-uninitialized -Wno-jump-misses-init -Wstrict-overflow=2 -Wno-suggest-attribute=const -Wno-suggest-attribute=noreturn -Wno-suggest-attribute=pure -Wno-suggest-attribute=format -Wdate-time -Warray-bounds=2 -Wc99-c11-compat -Wincompatible-pointer-types -Wint-conversion -Wduplicated-cond -Whsa -Wnormalized -Wnull-dereference -Wunused-const-variable -Walloca -Walloc-zero -Wduplicated-branches -Wformat-overflow=2 -Wformat-truncation=1 -Wrestrict -Wattribute-alias -Wshift-overflow=2 -Wcast-function-type -Wcast-align=strict -Wno-suggest-attribute=cold -Wno-suggest-attribute=malloc -Wattribute-alias=2 -Wmissing-profile -Wc11-c2x-compat -MD -MT src/CMakeFiles/hdf5-shared.dir/H5Itest.c.o -MF src/CMakeFiles/hdf5-shared.dir/H5Itest.c.o.d -o src/CMakeFiles/hdf5-shared.dir/H5Itest.c.o -c /home/byrn/HDF_Projects/hdf5/dev/src/H5Itest.c
[562/4114] /usr/bin/cc -DH5_BUILT_AS_DYNAMIC_LIB -D_FILE_OFFSET_BITS=64 -D_GNU_SOURCE -D_LARGEFILE_SOURCE -D_POSIX_C_SOURCE=200809L -Dhdf5_shared_EXPORTS -I/home/byrn/HDF_Projects/hdf5/dev/src -I/home/byrn/HDF_Projects/hdf5/dev/src/H5FDsubfiling -I/home/byrn/HDF_Projects/hdf5/build/ci-StdShar-GNUC/src -I/home/byrn/HDF_Projects/hdf5/build/ci-StdShar-GNUC/_deps/hdf5_zlib-build -I/home/byrn/HDF_Projects/hdf5/build/ci-StdShar-GNUC/_deps/hdf5_zlib-src -I/home/byrn/HDF_Projects/hdf5/build/ci-StdShar-GNUC/_deps/szip-build -I/home/byrn/HDF_Projects/hdf5/build/ci-StdShar-GNUC/_deps/szip-src/include -I/home/byrn/HDF_Projects/hdf5/build/ci-StdShar-GNUC/_deps/szip-src -std=c99  -fstdarg-opt -fdiagnostics-urls=never -fno-diagnostics-color -fmessage-length=0 -O2 -g -DNDEBUG -std=gnu99 -fPIC -Wall -Wcast-qual -Wconversion -Wextra -Wfloat-equal -Wformat=2 -Winit-self -Winvalid-pch -Wmissing-include-dirs -Wshadow -Wundef -Wwrite-strings -pedantic -Wno-c++-compat -Wbad-function-cast -Wcast-align -Wformat -Wimplicit-function-declaration -Wint-to-pointer-cast -Wmissing-declarations -Wmissing-prototypes -Wnested-externs -Wold-style-definition -Wpacked -Wpointer-sign -Wpointer-to-int-cast -Wredundant-decls -Wstrict-prototypes -Wswitch -Wunused-but-set-variable -Wunused-variable -Wunused-function -Wunused-parameter -finline-functions -Wno-aggregate-return -Wno-inline -Wno-missing-format-attribute -Wno-missing-noreturn -Wno-overlength-strings -Wlarger-than=2560 -Wlogical-op -Wframe-larger-than=16384 -Wpacked-bitfield-compat -Wsync-nand -Wno-unsuffixed-float-constants -Wdouble-promotion -Wtrampolines -Wstack-usage=8192 -Wmaybe-uninitialized -Wno-jump-misses-init -Wstrict-overflow=2 -Wno-suggest-attribute=const -Wno-suggest-attribute=noreturn -Wno-suggest-attribute=pure -Wno-suggest-attribute=format -Wdate-time -Warray-bounds=2 -Wc99-c11-compat -Wincompatible-pointer-types -Wint-conversion -Wduplicated-cond -Whsa -Wnormalized -Wnull-dereference -Wunused-const-variable -Walloca -Walloc-zero -Wduplicated-branches -Wformat-overflow=2 -Wformat-truncation=1 -Wrestrict -Wattribute-alias -Wshift-overflow=2 -Wcast-function-type -Wcast-align=strict -Wno-suggest-attribute=cold -Wno-suggest-attribute=malloc -Wattribute-alias=2 -Wmissing-profile -Wc11-c2x-compat -MD -MT src/CMakeFiles/hdf5-shared.dir/H5Lexternal.c.o -MF src/CMakeFiles/hdf5-shared.dir/H5Lexternal.c.o.d -o src/CMakeFiles/hdf5-shared.dir/H5Lexternal.c.o -c /home/byrn/HDF_Projects/hdf5/dev/src/H5Lexternal.c
[563/4114] /usr/bin/cc -DH5_BUILT_AS_DYNAMIC_LIB -D_FILE_OFFSET_BITS=64 -D_GNU_SOURCE -D_LARGEFILE_SOURCE -D_POSIX_C_SOURCE=200809L -Dhdf5_shared_EXPORTS -I/home/byrn/HDF_Projects/hdf5/dev/src -I/home/byrn/HDF_Projects/hdf5/dev/src/H5FDsubfiling -I/home/byrn/HDF_Projects/hdf5/build/ci-StdShar-GNUC/src -I/home/byrn/HDF_Projects/hdf5/build/ci-StdShar-GNUC/_deps/hdf5_zlib-build -I/home/byrn/HDF_Projects/hdf5/build/ci-StdShar-GNUC/_deps/hdf5_zlib-src -I/home/byrn/HDF_Projects/hdf5/build/ci-StdShar-GNUC/_deps/szip-build -I/home/byrn/HDF_Projects/hdf5/build/ci-StdShar-GNUC/_deps/szip-src/include -I/home/byrn/HDF_Projects/hdf5/build/ci-StdShar-GNUC/_deps/szip-src -std=c99  -fstdarg-opt -fdiagnostics-urls=never -fno-diagnostics-color -fmessage-length=0 -O2 -g -DNDEBUG -std=gnu99 -fPIC -Wall -Wcast-qual -Wconversion -Wextra -Wfloat-equal -Wformat=2 -Winit-self -Winvalid-pch -Wmissing-include-dirs -Wshadow -Wundef -Wwrite-strings -pedantic -Wno-c++-compat -Wbad-function-cast -Wcast-align -Wformat -Wimplicit-function-declaration -Wint-to-pointer-cast -Wmissing-declarations -Wmissing-prototypes -Wnested-externs -Wold-style-definition -Wpacked -Wpointer-sign -Wpointer-to-int-cast -Wredundant-decls -Wstrict-prototypes -Wswitch -Wunused-but-set-variable -Wunused-variable -Wunused-function -Wunused-parameter -finline-functions -Wno-aggregate-return -Wno-inline -Wno-missing-format-attribute -Wno-missing-noreturn -Wno-overlength-strings -Wlarger-than=2560 -Wlogical-op -Wframe-larger-than=16384 -Wpacked-bitfield-compat -Wsync-nand -Wno-unsuffixed-float-constants -Wdouble-promotion -Wtrampolines -Wstack-usage=8192 -Wmaybe-uninitialized -Wno-jump-misses-init -Wstrict-overflow=2 -Wno-suggest-attribute=const -Wno-suggest-attribute=noreturn -Wno-suggest-attribute=pure -Wno-suggest-attribute=format -Wdate-time -Warray-bounds=2 -Wc99-c11-compat -Wincompatible-pointer-types -Wint-conversion -Wduplicated-cond -Whsa -Wnormalized -Wnull-dereference -Wunused-const-variable -Walloca -Walloc-zero -Wduplicated-branches -Wformat-overflow=2 -Wformat-truncation=1 -Wrestrict -Wattribute-alias -Wshift-overflow=2 -Wcast-function-type -Wcast-align=strict -Wno-suggest-attribute=cold -Wno-suggest-attribute=malloc -Wattribute-alias=2 -Wmissing-profile -Wc11-c2x-compat -MD -MT src/CMakeFiles/hdf5-shared.dir/H5I.c.o -MF src/CMakeFiles/hdf5-shared.dir/H5I.c.o.d -o src/CMakeFiles/hdf5-shared.dir/H5I.c.o -c /home/byrn/HDF_Projects/hdf5/dev/src/H5I.c
[564/4114] /usr/bin/cc -DH5_BUILT_AS_DYNAMIC_LIB -D_FILE_OFFSET_BITS=64 -D_GNU_SOURCE -D_LARGEFILE_SOURCE -D_POSIX_C_SOURCE=200809L -Dhdf5_shared_EXPORTS -I/home/byrn/HDF_Projects/hdf5/dev/src -I/home/byrn/HDF_Projects/hdf5/dev/src/H5FDsubfiling -I/home/byrn/HDF_Projects/hdf5/build/ci-StdShar-GNUC/src -I/home/byrn/HDF_Projects/hdf5/build/ci-StdShar-GNUC/_deps/hdf5_zlib-build -I/home/byrn/HDF_Projects/hdf5/build/ci-StdShar-GNUC/_deps/hdf5_zlib-src -I/home/byrn/HDF_Projects/hdf5/build/ci-StdShar-GNUC/_deps/szip-build -I/home/byrn/HDF_Projects/hdf5/build/ci-StdShar-GNUC/_deps/szip-src/include -I/home/byrn/HDF_Projects/hdf5/build/ci-StdShar-GNUC/_deps/szip-src -std=c99  -fstdarg-opt -fdiagnostics-urls=never -fno-diagnostics-color -fmessage-length=0 -O2 -g -DNDEBUG -std=gnu99 -fPIC -Wall -Wcast-qual -Wconversion -Wextra -Wfloat-equal -Wformat=2 -Winit-self -Winvalid-pch -Wmissing-include-dirs -Wshadow -Wundef -Wwrite-strings -pedantic -Wno-c++-compat -Wbad-function-cast -Wcast-align -Wformat -Wimplicit-function-declaration -Wint-to-pointer-cast -Wmissing-declarations -Wmissing-prototypes -Wnested-externs -Wold-style-definition -Wpacked -Wpointer-sign -Wpointer-to-int-cast -Wredundant-decls -Wstrict-prototypes -Wswitch -Wunused-but-set-variable -Wunused-variable -Wunused-function -Wunused-parameter -finline-functions -Wno-aggregate-return -Wno-inline -Wno-missing-format-attribute -Wno-missing-noreturn -Wno-overlength-strings -Wlarger-than=2560 -Wlogical-op -Wframe-larger-than=16384 -Wpacked-bitfield-compat -Wsync-nand -Wno-unsuffixed-float-constants -Wdouble-promotion -Wtrampolines -Wstack-usage=8192 -Wmaybe-uninitialized -Wno-jump-misses-init -Wstrict-overflow=2 -Wno-suggest-attribute=const -Wno-suggest-attribute=noreturn -Wno-suggest-attribute=pure -Wno-suggest-attribute=format -Wdate-time -Warray-bounds=2 -Wc99-c11-compat -Wincompatible-pointer-types -Wint-conversion -Wduplicated-cond -Whsa -Wnormalized -Wnull-dereference -Wunused-const-variable -Walloca -Walloc-zero -Wduplicated-branches -Wformat-overflow=2 -Wformat-truncation=1 -Wrestrict -Wattribute-alias -Wshift-overflow=2 -Wcast-function-type -Wcast-align=strict -Wno-suggest-attribute=cold -Wno-suggest-attribute=malloc -Wattribute-alias=2 -Wmissing-profile -Wc11-c2x-compat -MD -MT src/CMakeFiles/hdf5-shared.dir/H5Ldeprec.c.o -MF src/CMakeFiles/hdf5-shared.dir/H5Ldeprec.c.o.d -o src/CMakeFiles/hdf5-shared.dir/H5Ldeprec.c.o -c /home/byrn/HDF_Projects/hdf5/dev/src/H5Ldeprec.c
[565/4114] /usr/bin/cc -DH5_BUILT_AS_DYNAMIC_LIB -D_FILE_OFFSET_BITS=64 -D_GNU_SOURCE -D_LARGEFILE_SOURCE -D_POSIX_C_SOURCE=200809L -Dhdf5_shared_EXPORTS -I/home/byrn/HDF_Projects/hdf5/dev/src -I/home/byrn/HDF_Projects/hdf5/dev/src/H5FDsubfiling -I/home/byrn/HDF_Projects/hdf5/build/ci-StdShar-GNUC/src -I/home/byrn/HDF_Projects/hdf5/build/ci-StdShar-GNUC/_deps/hdf5_zlib-build -I/home/byrn/HDF_Projects/hdf5/build/ci-StdShar-GNUC/_deps/hdf5_zlib-src -I/home/byrn/HDF_Projects/hdf5/build/ci-StdShar-GNUC/_deps/szip-build -I/home/byrn/HDF_Projects/hdf5/build/ci-StdShar-GNUC/_deps/szip-src/include -I/home/byrn/HDF_Projects/hdf5/build/ci-StdShar-GNUC/_deps/szip-src -std=c99  -fstdarg-opt -fdiagnostics-urls=never -fno-diagnostics-color -fmessage-length=0 -O2 -g -DNDEBUG -std=gnu99 -fPIC -Wall -Wcast-qual -Wconversion -Wextra -Wfloat-equal -Wformat=2 -Winit-self -Winvalid-pch -Wmissing-include-dirs -Wshadow -Wundef -Wwrite-strings -pedantic -Wno-c++-compat -Wbad-function-cast -Wcast-align -Wformat -Wimplicit-function-declaration -Wint-to-pointer-cast -Wmissing-declarations -Wmissing-prototypes -Wnested-externs -Wold-style-definition -Wpacked -Wpointer-sign -Wpointer-to-int-cast -Wredundant-decls -Wstrict-prototypes -Wswitch -Wunused-but-set-variable -Wunused-variable -Wunused-function -Wunused-parameter -finline-functions -Wno-aggregate-return -Wno-inline -Wno-missing-format-attribute -Wno-missing-noreturn -Wno-overlength-strings -Wlarger-than=2560 -Wlogical-op -Wframe-larger-than=16384 -Wpacked-bitfield-compat -Wsync-nand -Wno-unsuffixed-float-constants -Wdouble-promotion -Wtrampolines -Wstack-usage=8192 -Wmaybe-uninitialized -Wno-jump-misses-init -Wstrict-overflow=2 -Wno-suggest-attribute=const -Wno-suggest-attribute=noreturn -Wno-suggest-attribute=pure -Wno-suggest-attribute=format -Wdate-time -Warray-bounds=2 -Wc99-c11-compat -Wincompatible-pointer-types -Wint-conversion -Wduplicated-cond -Whsa -Wnormalized -Wnull-dereference -Wunused-const-variable -Walloca -Walloc-zero -Wduplicated-branches -Wformat-overflow=2 -Wformat-truncation=1 -Wrestrict -Wattribute-alias -Wshift-overflow=2 -Wcast-function-type -Wcast-align=strict -Wno-suggest-attribute=cold -Wno-suggest-attribute=malloc -Wattribute-alias=2 -Wmissing-profile -Wc11-c2x-compat -MD -MT src/CMakeFiles/hdf5-shared.dir/H5M.c.o -MF src/CMakeFiles/hdf5-shared.dir/H5M.c.o.d -o src/CMakeFiles/hdf5-shared.dir/H5M.c.o -c /home/byrn/HDF_Projects/hdf5/dev/src/H5M.c
[566/4114] /usr/bin/cc -DH5_BUILT_AS_DYNAMIC_LIB -D_FILE_OFFSET_BITS=64 -D_GNU_SOURCE -D_LARGEFILE_SOURCE -D_POSIX_C_SOURCE=200809L -Dhdf5_shared_EXPORTS -I/home/byrn/HDF_Projects/hdf5/dev/src -I/home/byrn/HDF_Projects/hdf5/dev/src/H5FDsubfiling -I/home/byrn/HDF_Projects/hdf5/build/ci-StdShar-GNUC/src -I/home/byrn/HDF_Projects/hdf5/build/ci-StdShar-GNUC/_deps/hdf5_zlib-build -I/home/byrn/HDF_Projects/hdf5/build/ci-StdShar-GNUC/_deps/hdf5_zlib-src -I/home/byrn/HDF_Projects/hdf5/build/ci-StdShar-GNUC/_deps/szip-build -I/home/byrn/HDF_Projects/hdf5/build/ci-StdShar-GNUC/_deps/szip-src/include -I/home/byrn/HDF_Projects/hdf5/build/ci-StdShar-GNUC/_deps/szip-src -std=c99  -fstdarg-opt -fdiagnostics-urls=never -fno-diagnostics-color -fmessage-length=0 -O2 -g -DNDEBUG -std=gnu99 -fPIC -Wall -Wcast-qual -Wconversion -Wextra -Wfloat-equal -Wformat=2 -Winit-self -Winvalid-pch -Wmissing-include-dirs -Wshadow -Wundef -Wwrite-strings -pedantic -Wno-c++-compat -Wbad-function-cast -Wcast-align -Wformat -Wimplicit-function-declaration -Wint-to-pointer-cast -Wmissing-declarations -Wmissing-prototypes -Wnested-externs -Wold-style-definition -Wpacked -Wpointer-sign -Wpointer-to-int-cast -Wredundant-decls -Wstrict-prototypes -Wswitch -Wunused-but-set-variable -Wunused-variable -Wunused-function -Wunused-parameter -finline-functions -Wno-aggregate-return -Wno-inline -Wno-missing-format-attribute -Wno-missing-noreturn -Wno-overlength-strings -Wlarger-than=2560 -Wlogical-op -Wframe-larger-than=16384 -Wpacked-bitfield-compat -Wsync-nand -Wno-unsuffixed-float-constants -Wdouble-promotion -Wtrampolines -Wstack-usage=8192 -Wmaybe-uninitialized -Wno-jump-misses-init -Wstrict-overflow=2 -Wno-suggest-attribute=const -Wno-suggest-attribute=noreturn -Wno-suggest-attribute=pure -Wno-suggest-attribute=format -Wdate-time -Warray-bounds=2 -Wc99-c11-compat -Wincompatible-pointer-types -Wint-conversion -Wduplicated-cond -Whsa -Wnormalized -Wnull-dereference -Wunused-const-variable -Walloca -Walloc-zero -Wduplicated-branches -Wformat-overflow=2 -Wformat-truncation=1 -Wrestrict -Wattribute-alias -Wshift-overflow=2 -Wcast-function-type -Wcast-align=strict -Wno-suggest-attribute=cold -Wno-suggest-attribute=malloc -Wattribute-alias=2 -Wmissing-profile -Wc11-c2x-compat -MD -MT src/CMakeFiles/hdf5-shared.dir/H5MFdbg.c.o -MF src/CMakeFiles/hdf5-shared.dir/H5MFdbg.c.o.d -o src/CMakeFiles/hdf5-shared.dir/H5MFdbg.c.o -c /home/byrn/HDF_Projects/hdf5/dev/src/H5MFdbg.c
[567/4114] /usr/bin/cc -DH5_BUILT_AS_DYNAMIC_LIB -D_FILE_OFFSET_BITS=64 -D_GNU_SOURCE -D_LARGEFILE_SOURCE -D_POSIX_C_SOURCE=200809L -Dhdf5_shared_EXPORTS -I/home/byrn/HDF_Projects/hdf5/dev/src -I/home/byrn/HDF_Projects/hdf5/dev/src/H5FDsubfiling -I/home/byrn/HDF_Projects/hdf5/build/ci-StdShar-GNUC/src -I/home/byrn/HDF_Projects/hdf5/build/ci-StdShar-GNUC/_deps/hdf5_zlib-build -I/home/byrn/HDF_Projects/hdf5/build/ci-StdShar-GNUC/_deps/hdf5_zlib-src -I/home/byrn/HDF_Projects/hdf5/build/ci-StdShar-GNUC/_deps/szip-build -I/home/byrn/HDF_Projects/hdf5/build/ci-StdShar-GNUC/_deps/szip-src/include -I/home/byrn/HDF_Projects/hdf5/build/ci-StdShar-GNUC/_deps/szip-src -std=c99  -fstdarg-opt -fdiagnostics-urls=never -fno-diagnostics-color -fmessage-length=0 -O2 -g -DNDEBUG -std=gnu99 -fPIC -Wall -Wcast-qual -Wconversion -Wextra -Wfloat-equal -Wformat=2 -Winit-self -Winvalid-pch -Wmissing-include-dirs -Wshadow -Wundef -Wwrite-strings -pedantic -Wno-c++-compat -Wbad-function-cast -Wcast-align -Wformat -Wimplicit-function-declaration -Wint-to-pointer-cast -Wmissing-declarations -Wmissing-prototypes -Wnested-externs -Wold-style-definition -Wpacked -Wpointer-sign -Wpointer-to-int-cast -Wredundant-decls -Wstrict-prototypes -Wswitch -Wunused-but-set-variable -Wunused-variable -Wunused-function -Wunused-parameter -finline-functions -Wno-aggregate-return -Wno-inline -Wno-missing-format-attribute -Wno-missing-noreturn -Wno-overlength-strings -Wlarger-than=2560 -Wlogical-op -Wframe-larger-than=16384 -Wpacked-bitfield-compat -Wsync-nand -Wno-unsuffixed-float-constants -Wdouble-promotion -Wtrampolines -Wstack-usage=8192 -Wmaybe-uninitialized -Wno-jump-misses-init -Wstrict-overflow=2 -Wno-suggest-attribute=const -Wno-suggest-attribute=noreturn -Wno-suggest-attribute=pure -Wno-suggest-attribute=format -Wdate-time -Warray-bounds=2 -Wc99-c11-compat -Wincompatible-pointer-types -Wint-conversion -Wduplicated-cond -Whsa -Wnormalized -Wnull-dereference -Wunused-const-variable -Walloca -Walloc-zero -Wduplicated-branches -Wformat-overflow=2 -Wformat-truncation=1 -Wrestrict -Wattribute-alias -Wshift-overflow=2 -Wcast-function-type -Wcast-align=strict -Wno-suggest-attribute=cold -Wno-suggest-attribute=malloc -Wattribute-alias=2 -Wmissing-profile -Wc11-c2x-compat -MD -MT src/CMakeFiles/hdf5-shared.dir/H5Iint.c.o -MF src/CMakeFiles/hdf5-shared.dir/H5Iint.c.o.d -o src/CMakeFiles/hdf5-shared.dir/H5Iint.c.o -c /home/byrn/HDF_Projects/hdf5/dev/src/H5Iint.c
[568/4114] /usr/bin/cc -DH5_BUILT_AS_DYNAMIC_LIB -D_FILE_OFFSET_BITS=64 -D_GNU_SOURCE -D_LARGEFILE_SOURCE -D_POSIX_C_SOURCE=200809L -Dhdf5_shared_EXPORTS -I/home/byrn/HDF_Projects/hdf5/dev/src -I/home/byrn/HDF_Projects/hdf5/dev/src/H5FDsubfiling -I/home/byrn/HDF_Projects/hdf5/build/ci-StdShar-GNUC/src -I/home/byrn/HDF_Projects/hdf5/build/ci-StdShar-GNUC/_deps/hdf5_zlib-build -I/home/byrn/HDF_Projects/hdf5/build/ci-StdShar-GNUC/_deps/hdf5_zlib-src -I/home/byrn/HDF_Projects/hdf5/build/ci-StdShar-GNUC/_deps/szip-build -I/home/byrn/HDF_Projects/hdf5/build/ci-StdShar-GNUC/_deps/szip-src/include -I/home/byrn/HDF_Projects/hdf5/build/ci-StdShar-GNUC/_deps/szip-src -std=c99  -fstdarg-opt -fdiagnostics-urls=never -fno-diagnostics-color -fmessage-length=0 -O2 -g -DNDEBUG -std=gnu99 -fPIC -Wall -Wcast-qual -Wconversion -Wextra -Wfloat-equal -Wformat=2 -Winit-self -Winvalid-pch -Wmissing-include-dirs -Wshadow -Wundef -Wwrite-strings -pedantic -Wno-c++-compat -Wbad-function-cast -Wcast-align -Wformat -Wimplicit-function-declaration -Wint-to-pointer-cast -Wmissing-declarations -Wmissing-prototypes -Wnested-externs -Wold-style-definition -Wpacked -Wpointer-sign -Wpointer-to-int-cast -Wredundant-decls -Wstrict-prototypes -Wswitch -Wunused-but-set-variable -Wunused-variable -Wunused-function -Wunused-parameter -finline-functions -Wno-aggregate-return -Wno-inline -Wno-missing-format-attribute -Wno-missing-noreturn -Wno-overlength-strings -Wlarger-than=2560 -Wlogical-op -Wframe-larger-than=16384 -Wpacked-bitfield-compat -Wsync-nand -Wno-unsuffixed-float-constants -Wdouble-promotion -Wtrampolines -Wstack-usage=8192 -Wmaybe-uninitialized -Wno-jump-misses-init -Wstrict-overflow=2 -Wno-suggest-attribute=const -Wno-suggest-attribute=noreturn -Wno-suggest-attribute=pure -Wno-suggest-attribute=format -Wdate-time -Warray-bounds=2 -Wc99-c11-compat -Wincompatible-pointer-types -Wint-conversion -Wduplicated-cond -Whsa -Wnormalized -Wnull-dereference -Wunused-const-variable -Walloca -Walloc-zero -Wduplicated-branches -Wformat-overflow=2 -Wformat-truncation=1 -Wrestrict -Wattribute-alias -Wshift-overflow=2 -Wcast-function-type -Wcast-align=strict -Wno-suggest-attribute=cold -Wno-suggest-attribute=malloc -Wattribute-alias=2 -Wmissing-profile -Wc11-c2x-compat -MD -MT src/CMakeFiles/hdf5-shared.dir/H5Lint.c.o -MF src/CMakeFiles/hdf5-shared.dir/H5Lint.c.o.d -o src/CMakeFiles/hdf5-shared.dir/H5Lint.c.o -c /home/byrn/HDF_Projects/hdf5/dev/src/H5Lint.c
[569/4114] /usr/bin/cc -DH5_BUILT_AS_DYNAMIC_LIB -D_FILE_OFFSET_BITS=64 -D_GNU_SOURCE -D_LARGEFILE_SOURCE -D_POSIX_C_SOURCE=200809L -Dhdf5_shared_EXPORTS -I/home/byrn/HDF_Projects/hdf5/dev/src -I/home/byrn/HDF_Projects/hdf5/dev/src/H5FDsubfiling -I/home/byrn/HDF_Projects/hdf5/build/ci-StdShar-GNUC/src -I/home/byrn/HDF_Projects/hdf5/build/ci-StdShar-GNUC/_deps/hdf5_zlib-build -I/home/byrn/HDF_Projects/hdf5/build/ci-StdShar-GNUC/_deps/hdf5_zlib-src -I/home/byrn/HDF_Projects/hdf5/build/ci-StdShar-GNUC/_deps/szip-build -I/home/byrn/HDF_Projects/hdf5/build/ci-StdShar-GNUC/_deps/szip-src/include -I/home/byrn/HDF_Projects/hdf5/build/ci-StdShar-GNUC/_deps/szip-src -std=c99  -fstdarg-opt -fdiagnostics-urls=never -fno-diagnostics-color -fmessage-length=0 -O2 -g -DNDEBUG -std=gnu99 -fPIC -Wall -Wcast-qual -Wconversion -Wextra -Wfloat-equal -Wformat=2 -Winit-self -Winvalid-pch -Wmissing-include-dirs -Wshadow -Wundef -Wwrite-strings -pedantic -Wno-c++-compat -Wbad-function-cast -Wcast-align -Wformat -Wimplicit-function-declaration -Wint-to-pointer-cast -Wmissing-declarations -Wmissing-prototypes -Wnested-externs -Wold-style-definition -Wpacked -Wpointer-sign -Wpointer-to-int-cast -Wredundant-decls -Wstrict-prototypes -Wswitch -Wunused-but-set-variable -Wunused-variable -Wunused-function -Wunused-parameter -finline-functions -Wno-aggregate-return -Wno-inline -Wno-missing-format-attribute -Wno-missing-noreturn -Wno-overlength-strings -Wlarger-than=2560 -Wlogical-op -Wframe-larger-than=16384 -Wpacked-bitfield-compat -Wsync-nand -Wno-unsuffixed-float-constants -Wdouble-promotion -Wtrampolines -Wstack-usage=8192 -Wmaybe-uninitialized -Wno-jump-misses-init -Wstrict-overflow=2 -Wno-suggest-attribute=const -Wno-suggest-attribute=noreturn -Wno-suggest-attribute=pure -Wno-suggest-attribute=format -Wdate-time -Warray-bounds=2 -Wc99-c11-compat -Wincompatible-pointer-types -Wint-conversion -Wduplicated-cond -Whsa -Wnormalized -Wnull-dereference -Wunused-const-variable -Walloca -Walloc-zero -Wduplicated-branches -Wformat-overflow=2 -Wformat-truncation=1 -Wrestrict -Wattribute-alias -Wshift-overflow=2 -Wcast-function-type -Wcast-align=strict -Wno-suggest-attribute=cold -Wno-suggest-attribute=malloc -Wattribute-alias=2 -Wmissing-profile -Wc11-c2x-compat -MD -MT src/CMakeFiles/hdf5-shared.dir/H5MM.c.o -MF src/CMakeFiles/hdf5-shared.dir/H5MM.c.o.d -o src/CMakeFiles/hdf5-shared.dir/H5MM.c.o -c /home/byrn/HDF_Projects/hdf5/dev/src/H5MM.c
[570/4114] /usr/bin/cc -DH5_BUILT_AS_DYNAMIC_LIB -D_FILE_OFFSET_BITS=64 -D_GNU_SOURCE -D_LARGEFILE_SOURCE -D_POSIX_C_SOURCE=200809L -Dhdf5_shared_EXPORTS -I/home/byrn/HDF_Projects/hdf5/dev/src -I/home/byrn/HDF_Projects/hdf5/dev/src/H5FDsubfiling -I/home/byrn/HDF_Projects/hdf5/build/ci-StdShar-GNUC/src -I/home/byrn/HDF_Projects/hdf5/build/ci-StdShar-GNUC/_deps/hdf5_zlib-build -I/home/byrn/HDF_Projects/hdf5/build/ci-StdShar-GNUC/_deps/hdf5_zlib-src -I/home/byrn/HDF_Projects/hdf5/build/ci-StdShar-GNUC/_deps/szip-build -I/home/byrn/HDF_Projects/hdf5/build/ci-StdShar-GNUC/_deps/szip-src/include -I/home/byrn/HDF_Projects/hdf5/build/ci-StdShar-GNUC/_deps/szip-src -std=c99  -fstdarg-opt -fdiagnostics-urls=never -fno-diagnostics-color -fmessage-length=0 -O2 -g -DNDEBUG -std=gnu99 -fPIC -Wall -Wcast-qual -Wconversion -Wextra -Wfloat-equal -Wformat=2 -Winit-self -Winvalid-pch -Wmissing-include-dirs -Wshadow -Wundef -Wwrite-strings -pedantic -Wno-c++-compat -Wbad-function-cast -Wcast-align -Wformat -Wimplicit-function-declaration -Wint-to-pointer-cast -Wmissing-declarations -Wmissing-prototypes -Wnested-externs -Wold-style-definition -Wpacked -Wpointer-sign -Wpointer-to-int-cast -Wredundant-decls -Wstrict-prototypes -Wswitch -Wunused-but-set-variable -Wunused-variable -Wunused-function -Wunused-parameter -finline-functions -Wno-aggregate-return -Wno-inline -Wno-missing-format-attribute -Wno-missing-noreturn -Wno-overlength-strings -Wlarger-than=2560 -Wlogical-op -Wframe-larger-than=16384 -Wpacked-bitfield-compat -Wsync-nand -Wno-unsuffixed-float-constants -Wdouble-promotion -Wtrampolines -Wstack-usage=8192 -Wmaybe-uninitialized -Wno-jump-misses-init -Wstrict-overflow=2 -Wno-suggest-attribute=const -Wno-suggest-attribute=noreturn -Wno-suggest-attribute=pure -Wno-suggest-attribute=format -Wdate-time -Warray-bounds=2 -Wc99-c11-compat -Wincompatible-pointer-types -Wint-conversion -Wduplicated-cond -Whsa -Wnormalized -Wnull-dereference -Wunused-const-variable -Walloca -Walloc-zero -Wduplicated-branches -Wformat-overflow=2 -Wformat-truncation=1 -Wrestrict -Wattribute-alias -Wshift-overflow=2 -Wcast-function-type -Wcast-align=strict -Wno-suggest-attribute=cold -Wno-suggest-attribute=malloc -Wattribute-alias=2 -Wmissing-profile -Wc11-c2x-compat -MD -MT src/CMakeFiles/hdf5-shared.dir/H5MFaggr.c.o -MF src/CMakeFiles/hdf5-shared.dir/H5MFaggr.c.o.d -o src/CMakeFiles/hdf5-shared.dir/H5MFaggr.c.o -c /home/byrn/HDF_Projects/hdf5/dev/src/H5MFaggr.c
[571/4114] /usr/bin/cc -DH5_BUILT_AS_DYNAMIC_LIB -D_FILE_OFFSET_BITS=64 -D_GNU_SOURCE -D_LARGEFILE_SOURCE -D_POSIX_C_SOURCE=200809L -Dhdf5_shared_EXPORTS -I/home/byrn/HDF_Projects/hdf5/dev/src -I/home/byrn/HDF_Projects/hdf5/dev/src/H5FDsubfiling -I/home/byrn/HDF_Projects/hdf5/build/ci-StdShar-GNUC/src -I/home/byrn/HDF_Projects/hdf5/build/ci-StdShar-GNUC/_deps/hdf5_zlib-build -I/home/byrn/HDF_Projects/hdf5/build/ci-StdShar-GNUC/_deps/hdf5_zlib-src -I/home/byrn/HDF_Projects/hdf5/build/ci-StdShar-GNUC/_deps/szip-build -I/home/byrn/HDF_Projects/hdf5/build/ci-StdShar-GNUC/_deps/szip-src/include -I/home/byrn/HDF_Projects/hdf5/build/ci-StdShar-GNUC/_deps/szip-src -std=c99  -fstdarg-opt -fdiagnostics-urls=never -fno-diagnostics-color -fmessage-length=0 -O2 -g -DNDEBUG -std=gnu99 -fPIC -Wall -Wcast-qual -Wconversion -Wextra -Wfloat-equal -Wformat=2 -Winit-self -Winvalid-pch -Wmissing-include-dirs -Wshadow -Wundef -Wwrite-strings -pedantic -Wno-c++-compat -Wbad-function-cast -Wcast-align -Wformat -Wimplicit-function-declaration -Wint-to-pointer-cast -Wmissing-declarations -Wmissing-prototypes -Wnested-externs -Wold-style-definition -Wpacked -Wpointer-sign -Wpointer-to-int-cast -Wredundant-decls -Wstrict-prototypes -Wswitch -Wunused-but-set-variable -Wunused-variable -Wunused-function -Wunused-parameter -finline-functions -Wno-aggregate-return -Wno-inline -Wno-missing-format-attribute -Wno-missing-noreturn -Wno-overlength-strings -Wlarger-than=2560 -Wlogical-op -Wframe-larger-than=16384 -Wpacked-bitfield-compat -Wsync-nand -Wno-unsuffixed-float-constants -Wdouble-promotion -Wtrampolines -Wstack-usage=8192 -Wmaybe-uninitialized -Wno-jump-misses-init -Wstrict-overflow=2 -Wno-suggest-attribute=const -Wno-suggest-attribute=noreturn -Wno-suggest-attribute=pure -Wno-suggest-attribute=format -Wdate-time -Warray-bounds=2 -Wc99-c11-compat -Wincompatible-pointer-types -Wint-conversion -Wduplicated-cond -Whsa -Wnormalized -Wnull-dereference -Wunused-const-variable -Walloca -Walloc-zero -Wduplicated-branches -Wformat-overflow=2 -Wformat-truncation=1 -Wrestrict -Wattribute-alias -Wshift-overflow=2 -Wcast-function-type -Wcast-align=strict -Wno-suggest-attribute=cold -Wno-suggest-attribute=malloc -Wattribute-alias=2 -Wmissing-profile -Wc11-c2x-compat -MD -MT src/CMakeFiles/hdf5-shared.dir/H5MFsection.c.o -MF src/CMakeFiles/hdf5-shared.dir/H5MFsection.c.o.d -o src/CMakeFiles/hdf5-shared.dir/H5MFsection.c.o -c /home/byrn/HDF_Projects/hdf5/dev/src/H5MFsection.c
[572/4114] /usr/bin/cc -DH5_BUILT_AS_DYNAMIC_LIB -D_FILE_OFFSET_BITS=64 -D_GNU_SOURCE -D_LARGEFILE_SOURCE -D_POSIX_C_SOURCE=200809L -Dhdf5_shared_EXPORTS -I/home/byrn/HDF_Projects/hdf5/dev/src -I/home/byrn/HDF_Projects/hdf5/dev/src/H5FDsubfiling -I/home/byrn/HDF_Projects/hdf5/build/ci-StdShar-GNUC/src -I/home/byrn/HDF_Projects/hdf5/build/ci-StdShar-GNUC/_deps/hdf5_zlib-build -I/home/byrn/HDF_Projects/hdf5/build/ci-StdShar-GNUC/_deps/hdf5_zlib-src -I/home/byrn/HDF_Projects/hdf5/build/ci-StdShar-GNUC/_deps/szip-build -I/home/byrn/HDF_Projects/hdf5/build/ci-StdShar-GNUC/_deps/szip-src/include -I/home/byrn/HDF_Projects/hdf5/build/ci-StdShar-GNUC/_deps/szip-src -std=c99  -fstdarg-opt -fdiagnostics-urls=never -fno-diagnostics-color -fmessage-length=0 -O2 -g -DNDEBUG -std=gnu99 -fPIC -Wall -Wcast-qual -Wconversion -Wextra -Wfloat-equal -Wformat=2 -Winit-self -Winvalid-pch -Wmissing-include-dirs -Wshadow -Wundef -Wwrite-strings -pedantic -Wno-c++-compat -Wbad-function-cast -Wcast-align -Wformat -Wimplicit-function-declaration -Wint-to-pointer-cast -Wmissing-declarations -Wmissing-prototypes -Wnested-externs -Wold-style-definition -Wpacked -Wpointer-sign -Wpointer-to-int-cast -Wredundant-decls -Wstrict-prototypes -Wswitch -Wunused-but-set-variable -Wunused-variable -Wunused-function -Wunused-parameter -finline-functions -Wno-aggregate-return -Wno-inline -Wno-missing-format-attribute -Wno-missing-noreturn -Wno-overlength-strings -Wlarger-than=2560 -Wlogical-op -Wframe-larger-than=16384 -Wpacked-bitfield-compat -Wsync-nand -Wno-unsuffixed-float-constants -Wdouble-promotion -Wtrampolines -Wstack-usage=8192 -Wmaybe-uninitialized -Wno-jump-misses-init -Wstrict-overflow=2 -Wno-suggest-attribute=const -Wno-suggest-attribute=noreturn -Wno-suggest-attribute=pure -Wno-suggest-attribute=format -Wdate-time -Warray-bounds=2 -Wc99-c11-compat -Wincompatible-pointer-types -Wint-conversion -Wduplicated-cond -Whsa -Wnormalized -Wnull-dereference -Wunused-const-variable -Walloca -Walloc-zero -Wduplicated-branches -Wformat-overflow=2 -Wformat-truncation=1 -Wrestrict -Wattribute-alias -Wshift-overflow=2 -Wcast-function-type -Wcast-align=strict -Wno-suggest-attribute=cold -Wno-suggest-attribute=malloc -Wattribute-alias=2 -Wmissing-profile -Wc11-c2x-compat -MD -MT src/CMakeFiles/hdf5-shared.dir/H5Oainfo.c.o -MF src/CMakeFiles/hdf5-shared.dir/H5Oainfo.c.o.d -o src/CMakeFiles/hdf5-shared.dir/H5Oainfo.c.o -c /home/byrn/HDF_Projects/hdf5/dev/src/H5Oainfo.c
[573/4114] /usr/bin/cc -DH5_BUILT_AS_DYNAMIC_LIB -D_FILE_OFFSET_BITS=64 -D_GNU_SOURCE -D_LARGEFILE_SOURCE -D_POSIX_C_SOURCE=200809L -Dhdf5_shared_EXPORTS -I/home/byrn/HDF_Projects/hdf5/dev/src -I/home/byrn/HDF_Projects/hdf5/dev/src/H5FDsubfiling -I/home/byrn/HDF_Projects/hdf5/build/ci-StdShar-GNUC/src -I/home/byrn/HDF_Projects/hdf5/build/ci-StdShar-GNUC/_deps/hdf5_zlib-build -I/home/byrn/HDF_Projects/hdf5/build/ci-StdShar-GNUC/_deps/hdf5_zlib-src -I/home/byrn/HDF_Projects/hdf5/build/ci-StdShar-GNUC/_deps/szip-build -I/home/byrn/HDF_Projects/hdf5/build/ci-StdShar-GNUC/_deps/szip-src/include -I/home/byrn/HDF_Projects/hdf5/build/ci-StdShar-GNUC/_deps/szip-src -std=c99  -fstdarg-opt -fdiagnostics-urls=never -fno-diagnostics-color -fmessage-length=0 -O2 -g -DNDEBUG -std=gnu99 -fPIC -Wall -Wcast-qual -Wconversion -Wextra -Wfloat-equal -Wformat=2 -Winit-self -Winvalid-pch -Wmissing-include-dirs -Wshadow -Wundef -Wwrite-strings -pedantic -Wno-c++-compat -Wbad-function-cast -Wcast-align -Wformat -Wimplicit-function-declaration -Wint-to-pointer-cast -Wmissing-declarations -Wmissing-prototypes -Wnested-externs -Wold-style-definition -Wpacked -Wpointer-sign -Wpointer-to-int-cast -Wredundant-decls -Wstrict-prototypes -Wswitch -Wunused-but-set-variable -Wunused-variable -Wunused-function -Wunused-parameter -finline-functions -Wno-aggregate-return -Wno-inline -Wno-missing-format-attribute -Wno-missing-noreturn -Wno-overlength-strings -Wlarger-than=2560 -Wlogical-op -Wframe-larger-than=16384 -Wpacked-bitfield-compat -Wsync-nand -Wno-unsuffixed-float-constants -Wdouble-promotion -Wtrampolines -Wstack-usage=8192 -Wmaybe-uninitialized -Wno-jump-misses-init -Wstrict-overflow=2 -Wno-suggest-attribute=const -Wno-suggest-attribute=noreturn -Wno-suggest-attribute=pure -Wno-suggest-attribute=format -Wdate-time -Warray-bounds=2 -Wc99-c11-compat -Wincompatible-pointer-types -Wint-conversion -Wduplicated-cond -Whsa -Wnormalized -Wnull-dereference -Wunused-const-variable -Walloca -Walloc-zero -Wduplicated-branches -Wformat-overflow=2 -Wformat-truncation=1 -Wrestrict -Wattribute-alias -Wshift-overflow=2 -Wcast-function-type -Wcast-align=strict -Wno-suggest-attribute=cold -Wno-suggest-attribute=malloc -Wattribute-alias=2 -Wmissing-profile -Wc11-c2x-compat -MD -MT src/CMakeFiles/hdf5-shared.dir/H5L.c.o -MF src/CMakeFiles/hdf5-shared.dir/H5L.c.o.d -o src/CMakeFiles/hdf5-shared.dir/H5L.c.o -c /home/byrn/HDF_Projects/hdf5/dev/src/H5L.c
[574/4114] /usr/bin/cc -DH5_BUILT_AS_DYNAMIC_LIB -D_FILE_OFFSET_BITS=64 -D_GNU_SOURCE -D_LARGEFILE_SOURCE -D_POSIX_C_SOURCE=200809L -Dhdf5_shared_EXPORTS -I/home/byrn/HDF_Projects/hdf5/dev/src -I/home/byrn/HDF_Projects/hdf5/dev/src/H5FDsubfiling -I/home/byrn/HDF_Projects/hdf5/build/ci-StdShar-GNUC/src -I/home/byrn/HDF_Projects/hdf5/build/ci-StdShar-GNUC/_deps/hdf5_zlib-build -I/home/byrn/HDF_Projects/hdf5/build/ci-StdShar-GNUC/_deps/hdf5_zlib-src -I/home/byrn/HDF_Projects/hdf5/build/ci-StdShar-GNUC/_deps/szip-build -I/home/byrn/HDF_Projects/hdf5/build/ci-StdShar-GNUC/_deps/szip-src/include -I/home/byrn/HDF_Projects/hdf5/build/ci-StdShar-GNUC/_deps/szip-src -std=c99  -fstdarg-opt -fdiagnostics-urls=never -fno-diagnostics-color -fmessage-length=0 -O2 -g -DNDEBUG -std=gnu99 -fPIC -Wall -Wcast-qual -Wconversion -Wextra -Wfloat-equal -Wformat=2 -Winit-self -Winvalid-pch -Wmissing-include-dirs -Wshadow -Wundef -Wwrite-strings -pedantic -Wno-c++-compat -Wbad-function-cast -Wcast-align -Wformat -Wimplicit-function-declaration -Wint-to-pointer-cast -Wmissing-declarations -Wmissing-prototypes -Wnested-externs -Wold-style-definition -Wpacked -Wpointer-sign -Wpointer-to-int-cast -Wredundant-decls -Wstrict-prototypes -Wswitch -Wunused-but-set-variable -Wunused-variable -Wunused-function -Wunused-parameter -finline-functions -Wno-aggregate-return -Wno-inline -Wno-missing-format-attribute -Wno-missing-noreturn -Wno-overlength-strings -Wlarger-than=2560 -Wlogical-op -Wframe-larger-than=16384 -Wpacked-bitfield-compat -Wsync-nand -Wno-unsuffixed-float-constants -Wdouble-promotion -Wtrampolines -Wstack-usage=8192 -Wmaybe-uninitialized -Wno-jump-misses-init -Wstrict-overflow=2 -Wno-suggest-attribute=const -Wno-suggest-attribute=noreturn -Wno-suggest-attribute=pure -Wno-suggest-attribute=format -Wdate-time -Warray-bounds=2 -Wc99-c11-compat -Wincompatible-pointer-types -Wint-conversion -Wduplicated-cond -Whsa -Wnormalized -Wnull-dereference -Wunused-const-variable -Walloca -Walloc-zero -Wduplicated-branches -Wformat-overflow=2 -Wformat-truncation=1 -Wrestrict -Wattribute-alias -Wshift-overflow=2 -Wcast-function-type -Wcast-align=strict -Wno-suggest-attribute=cold -Wno-suggest-attribute=malloc -Wattribute-alias=2 -Wmissing-profile -Wc11-c2x-compat -MD -MT src/CMakeFiles/hdf5-shared.dir/H5Obogus.c.o -MF src/CMakeFiles/hdf5-shared.dir/H5Obogus.c.o.d -o src/CMakeFiles/hdf5-shared.dir/H5Obogus.c.o -c /home/byrn/HDF_Projects/hdf5/dev/src/H5Obogus.c
[575/4114] /usr/bin/cc -DH5_BUILT_AS_DYNAMIC_LIB -D_FILE_OFFSET_BITS=64 -D_GNU_SOURCE -D_LARGEFILE_SOURCE -D_POSIX_C_SOURCE=200809L -Dhdf5_shared_EXPORTS -I/home/byrn/HDF_Projects/hdf5/dev/src -I/home/byrn/HDF_Projects/hdf5/dev/src/H5FDsubfiling -I/home/byrn/HDF_Projects/hdf5/build/ci-StdShar-GNUC/src -I/home/byrn/HDF_Projects/hdf5/build/ci-StdShar-GNUC/_deps/hdf5_zlib-build -I/home/byrn/HDF_Projects/hdf5/build/ci-StdShar-GNUC/_deps/hdf5_zlib-src -I/home/byrn/HDF_Projects/hdf5/build/ci-StdShar-GNUC/_deps/szip-build -I/home/byrn/HDF_Projects/hdf5/build/ci-StdShar-GNUC/_deps/szip-src/include -I/home/byrn/HDF_Projects/hdf5/build/ci-StdShar-GNUC/_deps/szip-src -std=c99  -fstdarg-opt -fdiagnostics-urls=never -fno-diagnostics-color -fmessage-length=0 -O2 -g -DNDEBUG -std=gnu99 -fPIC -Wall -Wcast-qual -Wconversion -Wextra -Wfloat-equal -Wformat=2 -Winit-self -Winvalid-pch -Wmissing-include-dirs -Wshadow -Wundef -Wwrite-strings -pedantic -Wno-c++-compat -Wbad-function-cast -Wcast-align -Wformat -Wimplicit-function-declaration -Wint-to-pointer-cast -Wmissing-declarations -Wmissing-prototypes -Wnested-externs -Wold-style-definition -Wpacked -Wpointer-sign -Wpointer-to-int-cast -Wredundant-decls -Wstrict-prototypes -Wswitch -Wunused-but-set-variable -Wunused-variable -Wunused-function -Wunused-parameter -finline-functions -Wno-aggregate-return -Wno-inline -Wno-missing-format-attribute -Wno-missing-noreturn -Wno-overlength-strings -Wlarger-than=2560 -Wlogical-op -Wframe-larger-than=16384 -Wpacked-bitfield-compat -Wsync-nand -Wno-unsuffixed-float-constants -Wdouble-promotion -Wtrampolines -Wstack-usage=8192 -Wmaybe-uninitialized -Wno-jump-misses-init -Wstrict-overflow=2 -Wno-suggest-attribute=const -Wno-suggest-attribute=noreturn -Wno-suggest-attribute=pure -Wno-suggest-attribute=format -Wdate-time -Warray-bounds=2 -Wc99-c11-compat -Wincompatible-pointer-types -Wint-conversion -Wduplicated-cond -Whsa -Wnormalized -Wnull-dereference -Wunused-const-variable -Walloca -Walloc-zero -Wduplicated-branches -Wformat-overflow=2 -Wformat-truncation=1 -Wrestrict -Wattribute-alias -Wshift-overflow=2 -Wcast-function-type -Wcast-align=strict -Wno-suggest-attribute=cold -Wno-suggest-attribute=malloc -Wattribute-alias=2 -Wmissing-profile -Wc11-c2x-compat -MD -MT src/CMakeFiles/hdf5-shared.dir/H5Oattr.c.o -MF src/CMakeFiles/hdf5-shared.dir/H5Oattr.c.o.d -o src/CMakeFiles/hdf5-shared.dir/H5Oattr.c.o -c /home/byrn/HDF_Projects/hdf5/dev/src/H5Oattr.c
[576/4114] /usr/bin/cc -DH5_BUILT_AS_DYNAMIC_LIB -D_FILE_OFFSET_BITS=64 -D_GNU_SOURCE -D_LARGEFILE_SOURCE -D_POSIX_C_SOURCE=200809L -Dhdf5_shared_EXPORTS -I/home/byrn/HDF_Projects/hdf5/dev/src -I/home/byrn/HDF_Projects/hdf5/dev/src/H5FDsubfiling -I/home/byrn/HDF_Projects/hdf5/build/ci-StdShar-GNUC/src -I/home/byrn/HDF_Projects/hdf5/build/ci-StdShar-GNUC/_deps/hdf5_zlib-build -I/home/byrn/HDF_Projects/hdf5/build/ci-StdShar-GNUC/_deps/hdf5_zlib-src -I/home/byrn/HDF_Projects/hdf5/build/ci-StdShar-GNUC/_deps/szip-build -I/home/byrn/HDF_Projects/hdf5/build/ci-StdShar-GNUC/_deps/szip-src/include -I/home/byrn/HDF_Projects/hdf5/build/ci-StdShar-GNUC/_deps/szip-src -std=c99  -fstdarg-opt -fdiagnostics-urls=never -fno-diagnostics-color -fmessage-length=0 -O2 -g -DNDEBUG -std=gnu99 -fPIC -Wall -Wcast-qual -Wconversion -Wextra -Wfloat-equal -Wformat=2 -Winit-self -Winvalid-pch -Wmissing-include-dirs -Wshadow -Wundef -Wwrite-strings -pedantic -Wno-c++-compat -Wbad-function-cast -Wcast-align -Wformat -Wimplicit-function-declaration -Wint-to-pointer-cast -Wmissing-declarations -Wmissing-prototypes -Wnested-externs -Wold-style-definition -Wpacked -Wpointer-sign -Wpointer-to-int-cast -Wredundant-decls -Wstrict-prototypes -Wswitch -Wunused-but-set-variable -Wunused-variable -Wunused-function -Wunused-parameter -finline-functions -Wno-aggregate-return -Wno-inline -Wno-missing-format-attribute -Wno-missing-noreturn -Wno-overlength-strings -Wlarger-than=2560 -Wlogical-op -Wframe-larger-than=16384 -Wpacked-bitfield-compat -Wsync-nand -Wno-unsuffixed-float-constants -Wdouble-promotion -Wtrampolines -Wstack-usage=8192 -Wmaybe-uninitialized -Wno-jump-misses-init -Wstrict-overflow=2 -Wno-suggest-attribute=const -Wno-suggest-attribute=noreturn -Wno-suggest-attribute=pure -Wno-suggest-attribute=format -Wdate-time -Warray-bounds=2 -Wc99-c11-compat -Wincompatible-pointer-types -Wint-conversion -Wduplicated-cond -Whsa -Wnormalized -Wnull-dereference -Wunused-const-variable -Walloca -Walloc-zero -Wduplicated-branches -Wformat-overflow=2 -Wformat-truncation=1 -Wrestrict -Wattribute-alias -Wshift-overflow=2 -Wcast-function-type -Wcast-align=strict -Wno-suggest-attribute=cold -Wno-suggest-attribute=malloc -Wattribute-alias=2 -Wmissing-profile -Wc11-c2x-compat -MD -MT src/CMakeFiles/hdf5-shared.dir/H5MF.c.o -MF src/CMakeFiles/hdf5-shared.dir/H5MF.c.o.d -o src/CMakeFiles/hdf5-shared.dir/H5MF.c.o -c /home/byrn/HDF_Projects/hdf5/dev/src/H5MF.c
[577/4114] /usr/bin/cc -DH5_BUILT_AS_DYNAMIC_LIB -D_FILE_OFFSET_BITS=64 -D_GNU_SOURCE -D_LARGEFILE_SOURCE -D_POSIX_C_SOURCE=200809L -Dhdf5_shared_EXPORTS -I/home/byrn/HDF_Projects/hdf5/dev/src -I/home/byrn/HDF_Projects/hdf5/dev/src/H5FDsubfiling -I/home/byrn/HDF_Projects/hdf5/build/ci-StdShar-GNUC/src -I/home/byrn/HDF_Projects/hdf5/build/ci-StdShar-GNUC/_deps/hdf5_zlib-build -I/home/byrn/HDF_Projects/hdf5/build/ci-StdShar-GNUC/_deps/hdf5_zlib-src -I/home/byrn/HDF_Projects/hdf5/build/ci-StdShar-GNUC/_deps/szip-build -I/home/byrn/HDF_Projects/hdf5/build/ci-StdShar-GNUC/_deps/szip-src/include -I/home/byrn/HDF_Projects/hdf5/build/ci-StdShar-GNUC/_deps/szip-src -std=c99  -fstdarg-opt -fdiagnostics-urls=never -fno-diagnostics-color -fmessage-length=0 -O2 -g -DNDEBUG -std=gnu99 -fPIC -Wall -Wcast-qual -Wconversion -Wextra -Wfloat-equal -Wformat=2 -Winit-self -Winvalid-pch -Wmissing-include-dirs -Wshadow -Wundef -Wwrite-strings -pedantic -Wno-c++-compat -Wbad-function-cast -Wcast-align -Wformat -Wimplicit-function-declaration -Wint-to-pointer-cast -Wmissing-declarations -Wmissing-prototypes -Wnested-externs -Wold-style-definition -Wpacked -Wpointer-sign -Wpointer-to-int-cast -Wredundant-decls -Wstrict-prototypes -Wswitch -Wunused-but-set-variable -Wunused-variable -Wunused-function -Wunused-parameter -finline-functions -Wno-aggregate-return -Wno-inline -Wno-missing-format-attribute -Wno-missing-noreturn -Wno-overlength-strings -Wlarger-than=2560 -Wlogical-op -Wframe-larger-than=16384 -Wpacked-bitfield-compat -Wsync-nand -Wno-unsuffixed-float-constants -Wdouble-promotion -Wtrampolines -Wstack-usage=8192 -Wmaybe-uninitialized -Wno-jump-misses-init -Wstrict-overflow=2 -Wno-suggest-attribute=const -Wno-suggest-attribute=noreturn -Wno-suggest-attribute=pure -Wno-suggest-attribute=format -Wdate-time -Warray-bounds=2 -Wc99-c11-compat -Wincompatible-pointer-types -Wint-conversion -Wduplicated-cond -Whsa -Wnormalized -Wnull-dereference -Wunused-const-variable -Walloca -Walloc-zero -Wduplicated-branches -Wformat-overflow=2 -Wformat-truncation=1 -Wrestrict -Wattribute-alias -Wshift-overflow=2 -Wcast-function-type -Wcast-align=strict -Wno-suggest-attribute=cold -Wno-suggest-attribute=malloc -Wattribute-alias=2 -Wmissing-profile -Wc11-c2x-compat -MD -MT src/CMakeFiles/hdf5-shared.dir/H5Obtreek.c.o -MF src/CMakeFiles/hdf5-shared.dir/H5Obtreek.c.o.d -o src/CMakeFiles/hdf5-shared.dir/H5Obtreek.c.o -c /home/byrn/HDF_Projects/hdf5/dev/src/H5Obtreek.c
[578/4114] /usr/bin/cc -DH5_BUILT_AS_DYNAMIC_LIB -D_FILE_OFFSET_BITS=64 -D_GNU_SOURCE -D_LARGEFILE_SOURCE -D_POSIX_C_SOURCE=200809L -Dhdf5_shared_EXPORTS -I/home/byrn/HDF_Projects/hdf5/dev/src -I/home/byrn/HDF_Projects/hdf5/dev/src/H5FDsubfiling -I/home/byrn/HDF_Projects/hdf5/build/ci-StdShar-GNUC/src -I/home/byrn/HDF_Projects/hdf5/build/ci-StdShar-GNUC/_deps/hdf5_zlib-build -I/home/byrn/HDF_Projects/hdf5/build/ci-StdShar-GNUC/_deps/hdf5_zlib-src -I/home/byrn/HDF_Projects/hdf5/build/ci-StdShar-GNUC/_deps/szip-build -I/home/byrn/HDF_Projects/hdf5/build/ci-StdShar-GNUC/_deps/szip-src/include -I/home/byrn/HDF_Projects/hdf5/build/ci-StdShar-GNUC/_deps/szip-src -std=c99  -fstdarg-opt -fdiagnostics-urls=never -fno-diagnostics-color -fmessage-length=0 -O2 -g -DNDEBUG -std=gnu99 -fPIC -Wall -Wcast-qual -Wconversion -Wextra -Wfloat-equal -Wformat=2 -Winit-self -Winvalid-pch -Wmissing-include-dirs -Wshadow -Wundef -Wwrite-strings -pedantic -Wno-c++-compat -Wbad-function-cast -Wcast-align -Wformat -Wimplicit-function-declaration -Wint-to-pointer-cast -Wmissing-declarations -Wmissing-prototypes -Wnested-externs -Wold-style-definition -Wpacked -Wpointer-sign -Wpointer-to-int-cast -Wredundant-decls -Wstrict-prototypes -Wswitch -Wunused-but-set-variable -Wunused-variable -Wunused-function -Wunused-parameter -finline-functions -Wno-aggregate-return -Wno-inline -Wno-missing-format-attribute -Wno-missing-noreturn -Wno-overlength-strings -Wlarger-than=2560 -Wlogical-op -Wframe-larger-than=16384 -Wpacked-bitfield-compat -Wsync-nand -Wno-unsuffixed-float-constants -Wdouble-promotion -Wtrampolines -Wstack-usage=8192 -Wmaybe-uninitialized -Wno-jump-misses-init -Wstrict-overflow=2 -Wno-suggest-attribute=const -Wno-suggest-attribute=noreturn -Wno-suggest-attribute=pure -Wno-suggest-attribute=format -Wdate-time -Warray-bounds=2 -Wc99-c11-compat -Wincompatible-pointer-types -Wint-conversion -Wduplicated-cond -Whsa -Wnormalized -Wnull-dereference -Wunused-const-variable -Walloca -Walloc-zero -Wduplicated-branches -Wformat-overflow=2 -Wformat-truncation=1 -Wrestrict -Wattribute-alias -Wshift-overflow=2 -Wcast-function-type -Wcast-align=strict -Wno-suggest-attribute=cold -Wno-suggest-attribute=malloc -Wattribute-alias=2 -Wmissing-profile -Wc11-c2x-compat -MD -MT src/CMakeFiles/hdf5-shared.dir/H5Ocache_image.c.o -MF src/CMakeFiles/hdf5-shared.dir/H5Ocache_image.c.o.d -o src/CMakeFiles/hdf5-shared.dir/H5Ocache_image.c.o -c /home/byrn/HDF_Projects/hdf5/dev/src/H5Ocache_image.c
[579/4114] /usr/bin/cc -DH5_BUILT_AS_DYNAMIC_LIB -D_FILE_OFFSET_BITS=64 -D_GNU_SOURCE -D_LARGEFILE_SOURCE -D_POSIX_C_SOURCE=200809L -Dhdf5_shared_EXPORTS -I/home/byrn/HDF_Projects/hdf5/dev/src -I/home/byrn/HDF_Projects/hdf5/dev/src/H5FDsubfiling -I/home/byrn/HDF_Projects/hdf5/build/ci-StdShar-GNUC/src -I/home/byrn/HDF_Projects/hdf5/build/ci-StdShar-GNUC/_deps/hdf5_zlib-build -I/home/byrn/HDF_Projects/hdf5/build/ci-StdShar-GNUC/_deps/hdf5_zlib-src -I/home/byrn/HDF_Projects/hdf5/build/ci-StdShar-GNUC/_deps/szip-build -I/home/byrn/HDF_Projects/hdf5/build/ci-StdShar-GNUC/_deps/szip-src/include -I/home/byrn/HDF_Projects/hdf5/build/ci-StdShar-GNUC/_deps/szip-src -std=c99  -fstdarg-opt -fdiagnostics-urls=never -fno-diagnostics-color -fmessage-length=0 -O2 -g -DNDEBUG -std=gnu99 -fPIC -Wall -Wcast-qual -Wconversion -Wextra -Wfloat-equal -Wformat=2 -Winit-self -Winvalid-pch -Wmissing-include-dirs -Wshadow -Wundef -Wwrite-strings -pedantic -Wno-c++-compat -Wbad-function-cast -Wcast-align -Wformat -Wimplicit-function-declaration -Wint-to-pointer-cast -Wmissing-declarations -Wmissing-prototypes -Wnested-externs -Wold-style-definition -Wpacked -Wpointer-sign -Wpointer-to-int-cast -Wredundant-decls -Wstrict-prototypes -Wswitch -Wunused-but-set-variable -Wunused-variable -Wunused-function -Wunused-parameter -finline-functions -Wno-aggregate-return -Wno-inline -Wno-missing-format-attribute -Wno-missing-noreturn -Wno-overlength-strings -Wlarger-than=2560 -Wlogical-op -Wframe-larger-than=16384 -Wpacked-bitfield-compat -Wsync-nand -Wno-unsuffixed-float-constants -Wdouble-promotion -Wtrampolines -Wstack-usage=8192 -Wmaybe-uninitialized -Wno-jump-misses-init -Wstrict-overflow=2 -Wno-suggest-attribute=const -Wno-suggest-attribute=noreturn -Wno-suggest-attribute=pure -Wno-suggest-attribute=format -Wdate-time -Warray-bounds=2 -Wc99-c11-compat -Wincompatible-pointer-types -Wint-conversion -Wduplicated-cond -Whsa -Wnormalized -Wnull-dereference -Wunused-const-variable -Walloca -Walloc-zero -Wduplicated-branches -Wformat-overflow=2 -Wformat-truncation=1 -Wrestrict -Wattribute-alias -Wshift-overflow=2 -Wcast-function-type -Wcast-align=strict -Wno-suggest-attribute=cold -Wno-suggest-attribute=malloc -Wattribute-alias=2 -Wmissing-profile -Wc11-c2x-compat -MD -MT src/CMakeFiles/hdf5-shared.dir/H5Ochunk.c.o -MF src/CMakeFiles/hdf5-shared.dir/H5Ochunk.c.o.d -o src/CMakeFiles/hdf5-shared.dir/H5Ochunk.c.o -c /home/byrn/HDF_Projects/hdf5/dev/src/H5Ochunk.c
[580/4114] /usr/bin/cc -DH5_BUILT_AS_DYNAMIC_LIB -D_FILE_OFFSET_BITS=64 -D_GNU_SOURCE -D_LARGEFILE_SOURCE -D_POSIX_C_SOURCE=200809L -Dhdf5_shared_EXPORTS -I/home/byrn/HDF_Projects/hdf5/dev/src -I/home/byrn/HDF_Projects/hdf5/dev/src/H5FDsubfiling -I/home/byrn/HDF_Projects/hdf5/build/ci-StdShar-GNUC/src -I/home/byrn/HDF_Projects/hdf5/build/ci-StdShar-GNUC/_deps/hdf5_zlib-build -I/home/byrn/HDF_Projects/hdf5/build/ci-StdShar-GNUC/_deps/hdf5_zlib-src -I/home/byrn/HDF_Projects/hdf5/build/ci-StdShar-GNUC/_deps/szip-build -I/home/byrn/HDF_Projects/hdf5/build/ci-StdShar-GNUC/_deps/szip-src/include -I/home/byrn/HDF_Projects/hdf5/build/ci-StdShar-GNUC/_deps/szip-src -std=c99  -fstdarg-opt -fdiagnostics-urls=never -fno-diagnostics-color -fmessage-length=0 -O2 -g -DNDEBUG -std=gnu99 -fPIC -Wall -Wcast-qual -Wconversion -Wextra -Wfloat-equal -Wformat=2 -Winit-self -Winvalid-pch -Wmissing-include-dirs -Wshadow -Wundef -Wwrite-strings -pedantic -Wno-c++-compat -Wbad-function-cast -Wcast-align -Wformat -Wimplicit-function-declaration -Wint-to-pointer-cast -Wmissing-declarations -Wmissing-prototypes -Wnested-externs -Wold-style-definition -Wpacked -Wpointer-sign -Wpointer-to-int-cast -Wredundant-decls -Wstrict-prototypes -Wswitch -Wunused-but-set-variable -Wunused-variable -Wunused-function -Wunused-parameter -finline-functions -Wno-aggregate-return -Wno-inline -Wno-missing-format-attribute -Wno-missing-noreturn -Wno-overlength-strings -Wlarger-than=2560 -Wlogical-op -Wframe-larger-than=16384 -Wpacked-bitfield-compat -Wsync-nand -Wno-unsuffixed-float-constants -Wdouble-promotion -Wtrampolines -Wstack-usage=8192 -Wmaybe-uninitialized -Wno-jump-misses-init -Wstrict-overflow=2 -Wno-suggest-attribute=const -Wno-suggest-attribute=noreturn -Wno-suggest-attribute=pure -Wno-suggest-attribute=format -Wdate-time -Warray-bounds=2 -Wc99-c11-compat -Wincompatible-pointer-types -Wint-conversion -Wduplicated-cond -Whsa -Wnormalized -Wnull-dereference -Wunused-const-variable -Walloca -Walloc-zero -Wduplicated-branches -Wformat-overflow=2 -Wformat-truncation=1 -Wrestrict -Wattribute-alias -Wshift-overflow=2 -Wcast-function-type -Wcast-align=strict -Wno-suggest-attribute=cold -Wno-suggest-attribute=malloc -Wattribute-alias=2 -Wmissing-profile -Wc11-c2x-compat -MD -MT src/CMakeFiles/hdf5-shared.dir/H5Oattribute.c.o -MF src/CMakeFiles/hdf5-shared.dir/H5Oattribute.c.o.d -o src/CMakeFiles/hdf5-shared.dir/H5Oattribute.c.o -c /home/byrn/HDF_Projects/hdf5/dev/src/H5Oattribute.c
[581/4114] /usr/bin/cc -DH5_BUILT_AS_DYNAMIC_LIB -D_FILE_OFFSET_BITS=64 -D_GNU_SOURCE -D_LARGEFILE_SOURCE -D_POSIX_C_SOURCE=200809L -Dhdf5_shared_EXPORTS -I/home/byrn/HDF_Projects/hdf5/dev/src -I/home/byrn/HDF_Projects/hdf5/dev/src/H5FDsubfiling -I/home/byrn/HDF_Projects/hdf5/build/ci-StdShar-GNUC/src -I/home/byrn/HDF_Projects/hdf5/build/ci-StdShar-GNUC/_deps/hdf5_zlib-build -I/home/byrn/HDF_Projects/hdf5/build/ci-StdShar-GNUC/_deps/hdf5_zlib-src -I/home/byrn/HDF_Projects/hdf5/build/ci-StdShar-GNUC/_deps/szip-build -I/home/byrn/HDF_Projects/hdf5/build/ci-StdShar-GNUC/_deps/szip-src/include -I/home/byrn/HDF_Projects/hdf5/build/ci-StdShar-GNUC/_deps/szip-src -std=c99  -fstdarg-opt -fdiagnostics-urls=never -fno-diagnostics-color -fmessage-length=0 -O2 -g -DNDEBUG -std=gnu99 -fPIC -Wall -Wcast-qual -Wconversion -Wextra -Wfloat-equal -Wformat=2 -Winit-self -Winvalid-pch -Wmissing-include-dirs -Wshadow -Wundef -Wwrite-strings -pedantic -Wno-c++-compat -Wbad-function-cast -Wcast-align -Wformat -Wimplicit-function-declaration -Wint-to-pointer-cast -Wmissing-declarations -Wmissing-prototypes -Wnested-externs -Wold-style-definition -Wpacked -Wpointer-sign -Wpointer-to-int-cast -Wredundant-decls -Wstrict-prototypes -Wswitch -Wunused-but-set-variable -Wunused-variable -Wunused-function -Wunused-parameter -finline-functions -Wno-aggregate-return -Wno-inline -Wno-missing-format-attribute -Wno-missing-noreturn -Wno-overlength-strings -Wlarger-than=2560 -Wlogical-op -Wframe-larger-than=16384 -Wpacked-bitfield-compat -Wsync-nand -Wno-unsuffixed-float-constants -Wdouble-promotion -Wtrampolines -Wstack-usage=8192 -Wmaybe-uninitialized -Wno-jump-misses-init -Wstrict-overflow=2 -Wno-suggest-attribute=const -Wno-suggest-attribute=noreturn -Wno-suggest-attribute=pure -Wno-suggest-attribute=format -Wdate-time -Warray-bounds=2 -Wc99-c11-compat -Wincompatible-pointer-types -Wint-conversion -Wduplicated-cond -Whsa -Wnormalized -Wnull-dereference -Wunused-const-variable -Walloca -Walloc-zero -Wduplicated-branches -Wformat-overflow=2 -Wformat-truncation=1 -Wrestrict -Wattribute-alias -Wshift-overflow=2 -Wcast-function-type -Wcast-align=strict -Wno-suggest-attribute=cold -Wno-suggest-attribute=malloc -Wattribute-alias=2 -Wmissing-profile -Wc11-c2x-compat -MD -MT src/CMakeFiles/hdf5-shared.dir/H5O.c.o -MF src/CMakeFiles/hdf5-shared.dir/H5O.c.o.d -o src/CMakeFiles/hdf5-shared.dir/H5O.c.o -c /home/byrn/HDF_Projects/hdf5/dev/src/H5O.c
[582/4114] /usr/bin/cc -DH5_BUILT_AS_DYNAMIC_LIB -D_FILE_OFFSET_BITS=64 -D_GNU_SOURCE -D_LARGEFILE_SOURCE -D_POSIX_C_SOURCE=200809L -Dhdf5_shared_EXPORTS -I/home/byrn/HDF_Projects/hdf5/dev/src -I/home/byrn/HDF_Projects/hdf5/dev/src/H5FDsubfiling -I/home/byrn/HDF_Projects/hdf5/build/ci-StdShar-GNUC/src -I/home/byrn/HDF_Projects/hdf5/build/ci-StdShar-GNUC/_deps/hdf5_zlib-build -I/home/byrn/HDF_Projects/hdf5/build/ci-StdShar-GNUC/_deps/hdf5_zlib-src -I/home/byrn/HDF_Projects/hdf5/build/ci-StdShar-GNUC/_deps/szip-build -I/home/byrn/HDF_Projects/hdf5/build/ci-StdShar-GNUC/_deps/szip-src/include -I/home/byrn/HDF_Projects/hdf5/build/ci-StdShar-GNUC/_deps/szip-src -std=c99  -fstdarg-opt -fdiagnostics-urls=never -fno-diagnostics-color -fmessage-length=0 -O2 -g -DNDEBUG -std=gnu99 -fPIC -Wall -Wcast-qual -Wconversion -Wextra -Wfloat-equal -Wformat=2 -Winit-self -Winvalid-pch -Wmissing-include-dirs -Wshadow -Wundef -Wwrite-strings -pedantic -Wno-c++-compat -Wbad-function-cast -Wcast-align -Wformat -Wimplicit-function-declaration -Wint-to-pointer-cast -Wmissing-declarations -Wmissing-prototypes -Wnested-externs -Wold-style-definition -Wpacked -Wpointer-sign -Wpointer-to-int-cast -Wredundant-decls -Wstrict-prototypes -Wswitch -Wunused-but-set-variable -Wunused-variable -Wunused-function -Wunused-parameter -finline-functions -Wno-aggregate-return -Wno-inline -Wno-missing-format-attribute -Wno-missing-noreturn -Wno-overlength-strings -Wlarger-than=2560 -Wlogical-op -Wframe-larger-than=16384 -Wpacked-bitfield-compat -Wsync-nand -Wno-unsuffixed-float-constants -Wdouble-promotion -Wtrampolines -Wstack-usage=8192 -Wmaybe-uninitialized -Wno-jump-misses-init -Wstrict-overflow=2 -Wno-suggest-attribute=const -Wno-suggest-attribute=noreturn -Wno-suggest-attribute=pure -Wno-suggest-attribute=format -Wdate-time -Warray-bounds=2 -Wc99-c11-compat -Wincompatible-pointer-types -Wint-conversion -Wduplicated-cond -Whsa -Wnormalized -Wnull-dereference -Wunused-const-variable -Walloca -Walloc-zero -Wduplicated-branches -Wformat-overflow=2 -Wformat-truncation=1 -Wrestrict -Wattribute-alias -Wshift-overflow=2 -Wcast-function-type -Wcast-align=strict -Wno-suggest-attribute=cold -Wno-suggest-attribute=malloc -Wattribute-alias=2 -Wmissing-profile -Wc11-c2x-compat -MD -MT src/CMakeFiles/hdf5-shared.dir/H5Ocont.c.o -MF src/CMakeFiles/hdf5-shared.dir/H5Ocont.c.o.d -o src/CMakeFiles/hdf5-shared.dir/H5Ocont.c.o -c /home/byrn/HDF_Projects/hdf5/dev/src/H5Ocont.c
[583/4114] /usr/bin/cc -DH5_BUILT_AS_DYNAMIC_LIB -D_FILE_OFFSET_BITS=64 -D_GNU_SOURCE -D_LARGEFILE_SOURCE -D_POSIX_C_SOURCE=200809L -Dhdf5_shared_EXPORTS -I/home/byrn/HDF_Projects/hdf5/dev/src -I/home/byrn/HDF_Projects/hdf5/dev/src/H5FDsubfiling -I/home/byrn/HDF_Projects/hdf5/build/ci-StdShar-GNUC/src -I/home/byrn/HDF_Projects/hdf5/build/ci-StdShar-GNUC/_deps/hdf5_zlib-build -I/home/byrn/HDF_Projects/hdf5/build/ci-StdShar-GNUC/_deps/hdf5_zlib-src -I/home/byrn/HDF_Projects/hdf5/build/ci-StdShar-GNUC/_deps/szip-build -I/home/byrn/HDF_Projects/hdf5/build/ci-StdShar-GNUC/_deps/szip-src/include -I/home/byrn/HDF_Projects/hdf5/build/ci-StdShar-GNUC/_deps/szip-src -std=c99  -fstdarg-opt -fdiagnostics-urls=never -fno-diagnostics-color -fmessage-length=0 -O2 -g -DNDEBUG -std=gnu99 -fPIC -Wall -Wcast-qual -Wconversion -Wextra -Wfloat-equal -Wformat=2 -Winit-self -Winvalid-pch -Wmissing-include-dirs -Wshadow -Wundef -Wwrite-strings -pedantic -Wno-c++-compat -Wbad-function-cast -Wcast-align -Wformat -Wimplicit-function-declaration -Wint-to-pointer-cast -Wmissing-declarations -Wmissing-prototypes -Wnested-externs -Wold-style-definition -Wpacked -Wpointer-sign -Wpointer-to-int-cast -Wredundant-decls -Wstrict-prototypes -Wswitch -Wunused-but-set-variable -Wunused-variable -Wunused-function -Wunused-parameter -finline-functions -Wno-aggregate-return -Wno-inline -Wno-missing-format-attribute -Wno-missing-noreturn -Wno-overlength-strings -Wlarger-than=2560 -Wlogical-op -Wframe-larger-than=16384 -Wpacked-bitfield-compat -Wsync-nand -Wno-unsuffixed-float-constants -Wdouble-promotion -Wtrampolines -Wstack-usage=8192 -Wmaybe-uninitialized -Wno-jump-misses-init -Wstrict-overflow=2 -Wno-suggest-attribute=const -Wno-suggest-attribute=noreturn -Wno-suggest-attribute=pure -Wno-suggest-attribute=format -Wdate-time -Warray-bounds=2 -Wc99-c11-compat -Wincompatible-pointer-types -Wint-conversion -Wduplicated-cond -Whsa -Wnormalized -Wnull-dereference -Wunused-const-variable -Walloca -Walloc-zero -Wduplicated-branches -Wformat-overflow=2 -Wformat-truncation=1 -Wrestrict -Wattribute-alias -Wshift-overflow=2 -Wcast-function-type -Wcast-align=strict -Wno-suggest-attribute=cold -Wno-suggest-attribute=malloc -Wattribute-alias=2 -Wmissing-profile -Wc11-c2x-compat -MD -MT src/CMakeFiles/hdf5-shared.dir/H5Ocache.c.o -MF src/CMakeFiles/hdf5-shared.dir/H5Ocache.c.o.d -o src/CMakeFiles/hdf5-shared.dir/H5Ocache.c.o -c /home/byrn/HDF_Projects/hdf5/dev/src/H5Ocache.c
[584/4114] /usr/bin/cc -DH5_BUILT_AS_DYNAMIC_LIB -D_FILE_OFFSET_BITS=64 -D_GNU_SOURCE -D_LARGEFILE_SOURCE -D_POSIX_C_SOURCE=200809L -Dhdf5_shared_EXPORTS -I/home/byrn/HDF_Projects/hdf5/dev/src -I/home/byrn/HDF_Projects/hdf5/dev/src/H5FDsubfiling -I/home/byrn/HDF_Projects/hdf5/build/ci-StdShar-GNUC/src -I/home/byrn/HDF_Projects/hdf5/build/ci-StdShar-GNUC/_deps/hdf5_zlib-build -I/home/byrn/HDF_Projects/hdf5/build/ci-StdShar-GNUC/_deps/hdf5_zlib-src -I/home/byrn/HDF_Projects/hdf5/build/ci-StdShar-GNUC/_deps/szip-build -I/home/byrn/HDF_Projects/hdf5/build/ci-StdShar-GNUC/_deps/szip-src/include -I/home/byrn/HDF_Projects/hdf5/build/ci-StdShar-GNUC/_deps/szip-src -std=c99  -fstdarg-opt -fdiagnostics-urls=never -fno-diagnostics-color -fmessage-length=0 -O2 -g -DNDEBUG -std=gnu99 -fPIC -Wall -Wcast-qual -Wconversion -Wextra -Wfloat-equal -Wformat=2 -Winit-self -Winvalid-pch -Wmissing-include-dirs -Wshadow -Wundef -Wwrite-strings -pedantic -Wno-c++-compat -Wbad-function-cast -Wcast-align -Wformat -Wimplicit-function-declaration -Wint-to-pointer-cast -Wmissing-declarations -Wmissing-prototypes -Wnested-externs -Wold-style-definition -Wpacked -Wpointer-sign -Wpointer-to-int-cast -Wredundant-decls -Wstrict-prototypes -Wswitch -Wunused-but-set-variable -Wunused-variable -Wunused-function -Wunused-parameter -finline-functions -Wno-aggregate-return -Wno-inline -Wno-missing-format-attribute -Wno-missing-noreturn -Wno-overlength-strings -Wlarger-than=2560 -Wlogical-op -Wframe-larger-than=16384 -Wpacked-bitfield-compat -Wsync-nand -Wno-unsuffixed-float-constants -Wdouble-promotion -Wtrampolines -Wstack-usage=8192 -Wmaybe-uninitialized -Wno-jump-misses-init -Wstrict-overflow=2 -Wno-suggest-attribute=const -Wno-suggest-attribute=noreturn -Wno-suggest-attribute=pure -Wno-suggest-attribute=format -Wdate-time -Warray-bounds=2 -Wc99-c11-compat -Wincompatible-pointer-types -Wint-conversion -Wduplicated-cond -Whsa -Wnormalized -Wnull-dereference -Wunused-const-variable -Walloca -Walloc-zero -Wduplicated-branches -Wformat-overflow=2 -Wformat-truncation=1 -Wrestrict -Wattribute-alias -Wshift-overflow=2 -Wcast-function-type -Wcast-align=strict -Wno-suggest-attribute=cold -Wno-suggest-attribute=malloc -Wattribute-alias=2 -Wmissing-profile -Wc11-c2x-compat -MD -MT src/CMakeFiles/hdf5-shared.dir/H5Ocopy_ref.c.o -MF src/CMakeFiles/hdf5-shared.dir/H5Ocopy_ref.c.o.d -o src/CMakeFiles/hdf5-shared.dir/H5Ocopy_ref.c.o -c /home/byrn/HDF_Projects/hdf5/dev/src/H5Ocopy_ref.c
[585/4114] /usr/bin/cc -DH5_BUILT_AS_DYNAMIC_LIB -D_FILE_OFFSET_BITS=64 -D_GNU_SOURCE -D_LARGEFILE_SOURCE -D_POSIX_C_SOURCE=200809L -Dhdf5_shared_EXPORTS -I/home/byrn/HDF_Projects/hdf5/dev/src -I/home/byrn/HDF_Projects/hdf5/dev/src/H5FDsubfiling -I/home/byrn/HDF_Projects/hdf5/build/ci-StdShar-GNUC/src -I/home/byrn/HDF_Projects/hdf5/build/ci-StdShar-GNUC/_deps/hdf5_zlib-build -I/home/byrn/HDF_Projects/hdf5/build/ci-StdShar-GNUC/_deps/hdf5_zlib-src -I/home/byrn/HDF_Projects/hdf5/build/ci-StdShar-GNUC/_deps/szip-build -I/home/byrn/HDF_Projects/hdf5/build/ci-StdShar-GNUC/_deps/szip-src/include -I/home/byrn/HDF_Projects/hdf5/build/ci-StdShar-GNUC/_deps/szip-src -std=c99  -fstdarg-opt -fdiagnostics-urls=never -fno-diagnostics-color -fmessage-length=0 -O2 -g -DNDEBUG -std=gnu99 -fPIC -Wall -Wcast-qual -Wconversion -Wextra -Wfloat-equal -Wformat=2 -Winit-self -Winvalid-pch -Wmissing-include-dirs -Wshadow -Wundef -Wwrite-strings -pedantic -Wno-c++-compat -Wbad-function-cast -Wcast-align -Wformat -Wimplicit-function-declaration -Wint-to-pointer-cast -Wmissing-declarations -Wmissing-prototypes -Wnested-externs -Wold-style-definition -Wpacked -Wpointer-sign -Wpointer-to-int-cast -Wredundant-decls -Wstrict-prototypes -Wswitch -Wunused-but-set-variable -Wunused-variable -Wunused-function -Wunused-parameter -finline-functions -Wno-aggregate-return -Wno-inline -Wno-missing-format-attribute -Wno-missing-noreturn -Wno-overlength-strings -Wlarger-than=2560 -Wlogical-op -Wframe-larger-than=16384 -Wpacked-bitfield-compat -Wsync-nand -Wno-unsuffixed-float-constants -Wdouble-promotion -Wtrampolines -Wstack-usage=8192 -Wmaybe-uninitialized -Wno-jump-misses-init -Wstrict-overflow=2 -Wno-suggest-attribute=const -Wno-suggest-attribute=noreturn -Wno-suggest-attribute=pure -Wno-suggest-attribute=format -Wdate-time -Warray-bounds=2 -Wc99-c11-compat -Wincompatible-pointer-types -Wint-conversion -Wduplicated-cond -Whsa -Wnormalized -Wnull-dereference -Wunused-const-variable -Walloca -Walloc-zero -Wduplicated-branches -Wformat-overflow=2 -Wformat-truncation=1 -Wrestrict -Wattribute-alias -Wshift-overflow=2 -Wcast-function-type -Wcast-align=strict -Wno-suggest-attribute=cold -Wno-suggest-attribute=malloc -Wattribute-alias=2 -Wmissing-profile -Wc11-c2x-compat -MD -MT src/CMakeFiles/hdf5-shared.dir/H5Oalloc.c.o -MF src/CMakeFiles/hdf5-shared.dir/H5Oalloc.c.o.d -o src/CMakeFiles/hdf5-shared.dir/H5Oalloc.c.o -c /home/byrn/HDF_Projects/hdf5/dev/src/H5Oalloc.c
[586/4114] /usr/bin/cc -DH5_BUILT_AS_DYNAMIC_LIB -D_FILE_OFFSET_BITS=64 -D_GNU_SOURCE -D_LARGEFILE_SOURCE -D_POSIX_C_SOURCE=200809L -Dhdf5_shared_EXPORTS -I/home/byrn/HDF_Projects/hdf5/dev/src -I/home/byrn/HDF_Projects/hdf5/dev/src/H5FDsubfiling -I/home/byrn/HDF_Projects/hdf5/build/ci-StdShar-GNUC/src -I/home/byrn/HDF_Projects/hdf5/build/ci-StdShar-GNUC/_deps/hdf5_zlib-build -I/home/byrn/HDF_Projects/hdf5/build/ci-StdShar-GNUC/_deps/hdf5_zlib-src -I/home/byrn/HDF_Projects/hdf5/build/ci-StdShar-GNUC/_deps/szip-build -I/home/byrn/HDF_Projects/hdf5/build/ci-StdShar-GNUC/_deps/szip-src/include -I/home/byrn/HDF_Projects/hdf5/build/ci-StdShar-GNUC/_deps/szip-src -std=c99  -fstdarg-opt -fdiagnostics-urls=never -fno-diagnostics-color -fmessage-length=0 -O2 -g -DNDEBUG -std=gnu99 -fPIC -Wall -Wcast-qual -Wconversion -Wextra -Wfloat-equal -Wformat=2 -Winit-self -Winvalid-pch -Wmissing-include-dirs -Wshadow -Wundef -Wwrite-strings -pedantic -Wno-c++-compat -Wbad-function-cast -Wcast-align -Wformat -Wimplicit-function-declaration -Wint-to-pointer-cast -Wmissing-declarations -Wmissing-prototypes -Wnested-externs -Wold-style-definition -Wpacked -Wpointer-sign -Wpointer-to-int-cast -Wredundant-decls -Wstrict-prototypes -Wswitch -Wunused-but-set-variable -Wunused-variable -Wunused-function -Wunused-parameter -finline-functions -Wno-aggregate-return -Wno-inline -Wno-missing-format-attribute -Wno-missing-noreturn -Wno-overlength-strings -Wlarger-than=2560 -Wlogical-op -Wframe-larger-than=16384 -Wpacked-bitfield-compat -Wsync-nand -Wno-unsuffixed-float-constants -Wdouble-promotion -Wtrampolines -Wstack-usage=8192 -Wmaybe-uninitialized -Wno-jump-misses-init -Wstrict-overflow=2 -Wno-suggest-attribute=const -Wno-suggest-attribute=noreturn -Wno-suggest-attribute=pure -Wno-suggest-attribute=format -Wdate-time -Warray-bounds=2 -Wc99-c11-compat -Wincompatible-pointer-types -Wint-conversion -Wduplicated-cond -Whsa -Wnormalized -Wnull-dereference -Wunused-const-variable -Walloca -Walloc-zero -Wduplicated-branches -Wformat-overflow=2 -Wformat-truncation=1 -Wrestrict -Wattribute-alias -Wshift-overflow=2 -Wcast-function-type -Wcast-align=strict -Wno-suggest-attribute=cold -Wno-suggest-attribute=malloc -Wattribute-alias=2 -Wmissing-profile -Wc11-c2x-compat -MD -MT src/CMakeFiles/hdf5-shared.dir/H5Odbg.c.o -MF src/CMakeFiles/hdf5-shared.dir/H5Odbg.c.o.d -o src/CMakeFiles/hdf5-shared.dir/H5Odbg.c.o -c /home/byrn/HDF_Projects/hdf5/dev/src/H5Odbg.c
[587/4114] /usr/bin/cc -DH5_BUILT_AS_DYNAMIC_LIB -D_FILE_OFFSET_BITS=64 -D_GNU_SOURCE -D_LARGEFILE_SOURCE -D_POSIX_C_SOURCE=200809L -Dhdf5_shared_EXPORTS -I/home/byrn/HDF_Projects/hdf5/dev/src -I/home/byrn/HDF_Projects/hdf5/dev/src/H5FDsubfiling -I/home/byrn/HDF_Projects/hdf5/build/ci-StdShar-GNUC/src -I/home/byrn/HDF_Projects/hdf5/build/ci-StdShar-GNUC/_deps/hdf5_zlib-build -I/home/byrn/HDF_Projects/hdf5/build/ci-StdShar-GNUC/_deps/hdf5_zlib-src -I/home/byrn/HDF_Projects/hdf5/build/ci-StdShar-GNUC/_deps/szip-build -I/home/byrn/HDF_Projects/hdf5/build/ci-StdShar-GNUC/_deps/szip-src/include -I/home/byrn/HDF_Projects/hdf5/build/ci-StdShar-GNUC/_deps/szip-src -std=c99  -fstdarg-opt -fdiagnostics-urls=never -fno-diagnostics-color -fmessage-length=0 -O2 -g -DNDEBUG -std=gnu99 -fPIC -Wall -Wcast-qual -Wconversion -Wextra -Wfloat-equal -Wformat=2 -Winit-self -Winvalid-pch -Wmissing-include-dirs -Wshadow -Wundef -Wwrite-strings -pedantic -Wno-c++-compat -Wbad-function-cast -Wcast-align -Wformat -Wimplicit-function-declaration -Wint-to-pointer-cast -Wmissing-declarations -Wmissing-prototypes -Wnested-externs -Wold-style-definition -Wpacked -Wpointer-sign -Wpointer-to-int-cast -Wredundant-decls -Wstrict-prototypes -Wswitch -Wunused-but-set-variable -Wunused-variable -Wunused-function -Wunused-parameter -finline-functions -Wno-aggregate-return -Wno-inline -Wno-missing-format-attribute -Wno-missing-noreturn -Wno-overlength-strings -Wlarger-than=2560 -Wlogical-op -Wframe-larger-than=16384 -Wpacked-bitfield-compat -Wsync-nand -Wno-unsuffixed-float-constants -Wdouble-promotion -Wtrampolines -Wstack-usage=8192 -Wmaybe-uninitialized -Wno-jump-misses-init -Wstrict-overflow=2 -Wno-suggest-attribute=const -Wno-suggest-attribute=noreturn -Wno-suggest-attribute=pure -Wno-suggest-attribute=format -Wdate-time -Warray-bounds=2 -Wc99-c11-compat -Wincompatible-pointer-types -Wint-conversion -Wduplicated-cond -Whsa -Wnormalized -Wnull-dereference -Wunused-const-variable -Walloca -Walloc-zero -Wduplicated-branches -Wformat-overflow=2 -Wformat-truncation=1 -Wrestrict -Wattribute-alias -Wshift-overflow=2 -Wcast-function-type -Wcast-align=strict -Wno-suggest-attribute=cold -Wno-suggest-attribute=malloc -Wattribute-alias=2 -Wmissing-profile -Wc11-c2x-compat -MD -MT src/CMakeFiles/hdf5-shared.dir/H5Odrvinfo.c.o -MF src/CMakeFiles/hdf5-shared.dir/H5Odrvinfo.c.o.d -o src/CMakeFiles/hdf5-shared.dir/H5Odrvinfo.c.o -c /home/byrn/HDF_Projects/hdf5/dev/src/H5Odrvinfo.c
[588/4114] /usr/bin/cc -DH5_BUILT_AS_DYNAMIC_LIB -D_FILE_OFFSET_BITS=64 -D_GNU_SOURCE -D_LARGEFILE_SOURCE -D_POSIX_C_SOURCE=200809L -Dhdf5_shared_EXPORTS -I/home/byrn/HDF_Projects/hdf5/dev/src -I/home/byrn/HDF_Projects/hdf5/dev/src/H5FDsubfiling -I/home/byrn/HDF_Projects/hdf5/build/ci-StdShar-GNUC/src -I/home/byrn/HDF_Projects/hdf5/build/ci-StdShar-GNUC/_deps/hdf5_zlib-build -I/home/byrn/HDF_Projects/hdf5/build/ci-StdShar-GNUC/_deps/hdf5_zlib-src -I/home/byrn/HDF_Projects/hdf5/build/ci-StdShar-GNUC/_deps/szip-build -I/home/byrn/HDF_Projects/hdf5/build/ci-StdShar-GNUC/_deps/szip-src/include -I/home/byrn/HDF_Projects/hdf5/build/ci-StdShar-GNUC/_deps/szip-src -std=c99  -fstdarg-opt -fdiagnostics-urls=never -fno-diagnostics-color -fmessage-length=0 -O2 -g -DNDEBUG -std=gnu99 -fPIC -Wall -Wcast-qual -Wconversion -Wextra -Wfloat-equal -Wformat=2 -Winit-self -Winvalid-pch -Wmissing-include-dirs -Wshadow -Wundef -Wwrite-strings -pedantic -Wno-c++-compat -Wbad-function-cast -Wcast-align -Wformat -Wimplicit-function-declaration -Wint-to-pointer-cast -Wmissing-declarations -Wmissing-prototypes -Wnested-externs -Wold-style-definition -Wpacked -Wpointer-sign -Wpointer-to-int-cast -Wredundant-decls -Wstrict-prototypes -Wswitch -Wunused-but-set-variable -Wunused-variable -Wunused-function -Wunused-parameter -finline-functions -Wno-aggregate-return -Wno-inline -Wno-missing-format-attribute -Wno-missing-noreturn -Wno-overlength-strings -Wlarger-than=2560 -Wlogical-op -Wframe-larger-than=16384 -Wpacked-bitfield-compat -Wsync-nand -Wno-unsuffixed-float-constants -Wdouble-promotion -Wtrampolines -Wstack-usage=8192 -Wmaybe-uninitialized -Wno-jump-misses-init -Wstrict-overflow=2 -Wno-suggest-attribute=const -Wno-suggest-attribute=noreturn -Wno-suggest-attribute=pure -Wno-suggest-attribute=format -Wdate-time -Warray-bounds=2 -Wc99-c11-compat -Wincompatible-pointer-types -Wint-conversion -Wduplicated-cond -Whsa -Wnormalized -Wnull-dereference -Wunused-const-variable -Walloca -Walloc-zero -Wduplicated-branches -Wformat-overflow=2 -Wformat-truncation=1 -Wrestrict -Wattribute-alias -Wshift-overflow=2 -Wcast-function-type -Wcast-align=strict -Wno-suggest-attribute=cold -Wno-suggest-attribute=malloc -Wattribute-alias=2 -Wmissing-profile -Wc11-c2x-compat -MD -MT src/CMakeFiles/hdf5-shared.dir/H5Odeprec.c.o -MF src/CMakeFiles/hdf5-shared.dir/H5Odeprec.c.o.d -o src/CMakeFiles/hdf5-shared.dir/H5Odeprec.c.o -c /home/byrn/HDF_Projects/hdf5/dev/src/H5Odeprec.c
[589/4114] /usr/bin/cc -DH5_BUILT_AS_DYNAMIC_LIB -D_FILE_OFFSET_BITS=64 -D_GNU_SOURCE -D_LARGEFILE_SOURCE -D_POSIX_C_SOURCE=200809L -Dhdf5_shared_EXPORTS -I/home/byrn/HDF_Projects/hdf5/dev/src -I/home/byrn/HDF_Projects/hdf5/dev/src/H5FDsubfiling -I/home/byrn/HDF_Projects/hdf5/build/ci-StdShar-GNUC/src -I/home/byrn/HDF_Projects/hdf5/build/ci-StdShar-GNUC/_deps/hdf5_zlib-build -I/home/byrn/HDF_Projects/hdf5/build/ci-StdShar-GNUC/_deps/hdf5_zlib-src -I/home/byrn/HDF_Projects/hdf5/build/ci-StdShar-GNUC/_deps/szip-build -I/home/byrn/HDF_Projects/hdf5/build/ci-StdShar-GNUC/_deps/szip-src/include -I/home/byrn/HDF_Projects/hdf5/build/ci-StdShar-GNUC/_deps/szip-src -std=c99  -fstdarg-opt -fdiagnostics-urls=never -fno-diagnostics-color -fmessage-length=0 -O2 -g -DNDEBUG -std=gnu99 -fPIC -Wall -Wcast-qual -Wconversion -Wextra -Wfloat-equal -Wformat=2 -Winit-self -Winvalid-pch -Wmissing-include-dirs -Wshadow -Wundef -Wwrite-strings -pedantic -Wno-c++-compat -Wbad-function-cast -Wcast-align -Wformat -Wimplicit-function-declaration -Wint-to-pointer-cast -Wmissing-declarations -Wmissing-prototypes -Wnested-externs -Wold-style-definition -Wpacked -Wpointer-sign -Wpointer-to-int-cast -Wredundant-decls -Wstrict-prototypes -Wswitch -Wunused-but-set-variable -Wunused-variable -Wunused-function -Wunused-parameter -finline-functions -Wno-aggregate-return -Wno-inline -Wno-missing-format-attribute -Wno-missing-noreturn -Wno-overlength-strings -Wlarger-than=2560 -Wlogical-op -Wframe-larger-than=16384 -Wpacked-bitfield-compat -Wsync-nand -Wno-unsuffixed-float-constants -Wdouble-promotion -Wtrampolines -Wstack-usage=8192 -Wmaybe-uninitialized -Wno-jump-misses-init -Wstrict-overflow=2 -Wno-suggest-attribute=const -Wno-suggest-attribute=noreturn -Wno-suggest-attribute=pure -Wno-suggest-attribute=format -Wdate-time -Warray-bounds=2 -Wc99-c11-compat -Wincompatible-pointer-types -Wint-conversion -Wduplicated-cond -Whsa -Wnormalized -Wnull-dereference -Wunused-const-variable -Walloca -Walloc-zero -Wduplicated-branches -Wformat-overflow=2 -Wformat-truncation=1 -Wrestrict -Wattribute-alias -Wshift-overflow=2 -Wcast-function-type -Wcast-align=strict -Wno-suggest-attribute=cold -Wno-suggest-attribute=malloc -Wattribute-alias=2 -Wmissing-profile -Wc11-c2x-compat -MD -MT src/CMakeFiles/hdf5-shared.dir/H5Oflush.c.o -MF src/CMakeFiles/hdf5-shared.dir/H5Oflush.c.o.d -o src/CMakeFiles/hdf5-shared.dir/H5Oflush.c.o -c /home/byrn/HDF_Projects/hdf5/dev/src/H5Oflush.c
[590/4114] /usr/bin/cc -DH5_BUILT_AS_DYNAMIC_LIB -D_FILE_OFFSET_BITS=64 -D_GNU_SOURCE -D_LARGEFILE_SOURCE -D_POSIX_C_SOURCE=200809L -Dhdf5_shared_EXPORTS -I/home/byrn/HDF_Projects/hdf5/dev/src -I/home/byrn/HDF_Projects/hdf5/dev/src/H5FDsubfiling -I/home/byrn/HDF_Projects/hdf5/build/ci-StdShar-GNUC/src -I/home/byrn/HDF_Projects/hdf5/build/ci-StdShar-GNUC/_deps/hdf5_zlib-build -I/home/byrn/HDF_Projects/hdf5/build/ci-StdShar-GNUC/_deps/hdf5_zlib-src -I/home/byrn/HDF_Projects/hdf5/build/ci-StdShar-GNUC/_deps/szip-build -I/home/byrn/HDF_Projects/hdf5/build/ci-StdShar-GNUC/_deps/szip-src/include -I/home/byrn/HDF_Projects/hdf5/build/ci-StdShar-GNUC/_deps/szip-src -std=c99  -fstdarg-opt -fdiagnostics-urls=never -fno-diagnostics-color -fmessage-length=0 -O2 -g -DNDEBUG -std=gnu99 -fPIC -Wall -Wcast-qual -Wconversion -Wextra -Wfloat-equal -Wformat=2 -Winit-self -Winvalid-pch -Wmissing-include-dirs -Wshadow -Wundef -Wwrite-strings -pedantic -Wno-c++-compat -Wbad-function-cast -Wcast-align -Wformat -Wimplicit-function-declaration -Wint-to-pointer-cast -Wmissing-declarations -Wmissing-prototypes -Wnested-externs -Wold-style-definition -Wpacked -Wpointer-sign -Wpointer-to-int-cast -Wredundant-decls -Wstrict-prototypes -Wswitch -Wunused-but-set-variable -Wunused-variable -Wunused-function -Wunused-parameter -finline-functions -Wno-aggregate-return -Wno-inline -Wno-missing-format-attribute -Wno-missing-noreturn -Wno-overlength-strings -Wlarger-than=2560 -Wlogical-op -Wframe-larger-than=16384 -Wpacked-bitfield-compat -Wsync-nand -Wno-unsuffixed-float-constants -Wdouble-promotion -Wtrampolines -Wstack-usage=8192 -Wmaybe-uninitialized -Wno-jump-misses-init -Wstrict-overflow=2 -Wno-suggest-attribute=const -Wno-suggest-attribute=noreturn -Wno-suggest-attribute=pure -Wno-suggest-attribute=format -Wdate-time -Warray-bounds=2 -Wc99-c11-compat -Wincompatible-pointer-types -Wint-conversion -Wduplicated-cond -Whsa -Wnormalized -Wnull-dereference -Wunused-const-variable -Walloca -Walloc-zero -Wduplicated-branches -Wformat-overflow=2 -Wformat-truncation=1 -Wrestrict -Wattribute-alias -Wshift-overflow=2 -Wcast-function-type -Wcast-align=strict -Wno-suggest-attribute=cold -Wno-suggest-attribute=malloc -Wattribute-alias=2 -Wmissing-profile -Wc11-c2x-compat -MD -MT src/CMakeFiles/hdf5-shared.dir/H5Ocopy.c.o -MF src/CMakeFiles/hdf5-shared.dir/H5Ocopy.c.o.d -o src/CMakeFiles/hdf5-shared.dir/H5Ocopy.c.o -c /home/byrn/HDF_Projects/hdf5/dev/src/H5Ocopy.c
[591/4114] /usr/bin/cc -DH5_BUILT_AS_DYNAMIC_LIB -D_FILE_OFFSET_BITS=64 -D_GNU_SOURCE -D_LARGEFILE_SOURCE -D_POSIX_C_SOURCE=200809L -Dhdf5_shared_EXPORTS -I/home/byrn/HDF_Projects/hdf5/dev/src -I/home/byrn/HDF_Projects/hdf5/dev/src/H5FDsubfiling -I/home/byrn/HDF_Projects/hdf5/build/ci-StdShar-GNUC/src -I/home/byrn/HDF_Projects/hdf5/build/ci-StdShar-GNUC/_deps/hdf5_zlib-build -I/home/byrn/HDF_Projects/hdf5/build/ci-StdShar-GNUC/_deps/hdf5_zlib-src -I/home/byrn/HDF_Projects/hdf5/build/ci-StdShar-GNUC/_deps/szip-build -I/home/byrn/HDF_Projects/hdf5/build/ci-StdShar-GNUC/_deps/szip-src/include -I/home/byrn/HDF_Projects/hdf5/build/ci-StdShar-GNUC/_deps/szip-src -std=c99  -fstdarg-opt -fdiagnostics-urls=never -fno-diagnostics-color -fmessage-length=0 -O2 -g -DNDEBUG -std=gnu99 -fPIC -Wall -Wcast-qual -Wconversion -Wextra -Wfloat-equal -Wformat=2 -Winit-self -Winvalid-pch -Wmissing-include-dirs -Wshadow -Wundef -Wwrite-strings -pedantic -Wno-c++-compat -Wbad-function-cast -Wcast-align -Wformat -Wimplicit-function-declaration -Wint-to-pointer-cast -Wmissing-declarations -Wmissing-prototypes -Wnested-externs -Wold-style-definition -Wpacked -Wpointer-sign -Wpointer-to-int-cast -Wredundant-decls -Wstrict-prototypes -Wswitch -Wunused-but-set-variable -Wunused-variable -Wunused-function -Wunused-parameter -finline-functions -Wno-aggregate-return -Wno-inline -Wno-missing-format-attribute -Wno-missing-noreturn -Wno-overlength-strings -Wlarger-than=2560 -Wlogical-op -Wframe-larger-than=16384 -Wpacked-bitfield-compat -Wsync-nand -Wno-unsuffixed-float-constants -Wdouble-promotion -Wtrampolines -Wstack-usage=8192 -Wmaybe-uninitialized -Wno-jump-misses-init -Wstrict-overflow=2 -Wno-suggest-attribute=const -Wno-suggest-attribute=noreturn -Wno-suggest-attribute=pure -Wno-suggest-attribute=format -Wdate-time -Warray-bounds=2 -Wc99-c11-compat -Wincompatible-pointer-types -Wint-conversion -Wduplicated-cond -Whsa -Wnormalized -Wnull-dereference -Wunused-const-variable -Walloca -Walloc-zero -Wduplicated-branches -Wformat-overflow=2 -Wformat-truncation=1 -Wrestrict -Wattribute-alias -Wshift-overflow=2 -Wcast-function-type -Wcast-align=strict -Wno-suggest-attribute=cold -Wno-suggest-attribute=malloc -Wattribute-alias=2 -Wmissing-profile -Wc11-c2x-compat -MD -MT src/CMakeFiles/hdf5-shared.dir/H5Oginfo.c.o -MF src/CMakeFiles/hdf5-shared.dir/H5Oginfo.c.o.d -o src/CMakeFiles/hdf5-shared.dir/H5Oginfo.c.o -c /home/byrn/HDF_Projects/hdf5/dev/src/H5Oginfo.c
[592/4114] /usr/bin/cc -DH5_BUILT_AS_DYNAMIC_LIB -D_FILE_OFFSET_BITS=64 -D_GNU_SOURCE -D_LARGEFILE_SOURCE -D_POSIX_C_SOURCE=200809L -Dhdf5_shared_EXPORTS -I/home/byrn/HDF_Projects/hdf5/dev/src -I/home/byrn/HDF_Projects/hdf5/dev/src/H5FDsubfiling -I/home/byrn/HDF_Projects/hdf5/build/ci-StdShar-GNUC/src -I/home/byrn/HDF_Projects/hdf5/build/ci-StdShar-GNUC/_deps/hdf5_zlib-build -I/home/byrn/HDF_Projects/hdf5/build/ci-StdShar-GNUC/_deps/hdf5_zlib-src -I/home/byrn/HDF_Projects/hdf5/build/ci-StdShar-GNUC/_deps/szip-build -I/home/byrn/HDF_Projects/hdf5/build/ci-StdShar-GNUC/_deps/szip-src/include -I/home/byrn/HDF_Projects/hdf5/build/ci-StdShar-GNUC/_deps/szip-src -std=c99  -fstdarg-opt -fdiagnostics-urls=never -fno-diagnostics-color -fmessage-length=0 -O2 -g -DNDEBUG -std=gnu99 -fPIC -Wall -Wcast-qual -Wconversion -Wextra -Wfloat-equal -Wformat=2 -Winit-self -Winvalid-pch -Wmissing-include-dirs -Wshadow -Wundef -Wwrite-strings -pedantic -Wno-c++-compat -Wbad-function-cast -Wcast-align -Wformat -Wimplicit-function-declaration -Wint-to-pointer-cast -Wmissing-declarations -Wmissing-prototypes -Wnested-externs -Wold-style-definition -Wpacked -Wpointer-sign -Wpointer-to-int-cast -Wredundant-decls -Wstrict-prototypes -Wswitch -Wunused-but-set-variable -Wunused-variable -Wunused-function -Wunused-parameter -finline-functions -Wno-aggregate-return -Wno-inline -Wno-missing-format-attribute -Wno-missing-noreturn -Wno-overlength-strings -Wlarger-than=2560 -Wlogical-op -Wframe-larger-than=16384 -Wpacked-bitfield-compat -Wsync-nand -Wno-unsuffixed-float-constants -Wdouble-promotion -Wtrampolines -Wstack-usage=8192 -Wmaybe-uninitialized -Wno-jump-misses-init -Wstrict-overflow=2 -Wno-suggest-attribute=const -Wno-suggest-attribute=noreturn -Wno-suggest-attribute=pure -Wno-suggest-attribute=format -Wdate-time -Warray-bounds=2 -Wc99-c11-compat -Wincompatible-pointer-types -Wint-conversion -Wduplicated-cond -Whsa -Wnormalized -Wnull-dereference -Wunused-const-variable -Walloca -Walloc-zero -Wduplicated-branches -Wformat-overflow=2 -Wformat-truncation=1 -Wrestrict -Wattribute-alias -Wshift-overflow=2 -Wcast-function-type -Wcast-align=strict -Wno-suggest-attribute=cold -Wno-suggest-attribute=malloc -Wattribute-alias=2 -Wmissing-profile -Wc11-c2x-compat -MD -MT src/CMakeFiles/hdf5-shared.dir/H5Oefl.c.o -MF src/CMakeFiles/hdf5-shared.dir/H5Oefl.c.o.d -o src/CMakeFiles/hdf5-shared.dir/H5Oefl.c.o -c /home/byrn/HDF_Projects/hdf5/dev/src/H5Oefl.c
[593/4114] /usr/bin/cc -DH5_BUILT_AS_DYNAMIC_LIB -D_FILE_OFFSET_BITS=64 -D_GNU_SOURCE -D_LARGEFILE_SOURCE -D_POSIX_C_SOURCE=200809L -Dhdf5_shared_EXPORTS -I/home/byrn/HDF_Projects/hdf5/dev/src -I/home/byrn/HDF_Projects/hdf5/dev/src/H5FDsubfiling -I/home/byrn/HDF_Projects/hdf5/build/ci-StdShar-GNUC/src -I/home/byrn/HDF_Projects/hdf5/build/ci-StdShar-GNUC/_deps/hdf5_zlib-build -I/home/byrn/HDF_Projects/hdf5/build/ci-StdShar-GNUC/_deps/hdf5_zlib-src -I/home/byrn/HDF_Projects/hdf5/build/ci-StdShar-GNUC/_deps/szip-build -I/home/byrn/HDF_Projects/hdf5/build/ci-StdShar-GNUC/_deps/szip-src/include -I/home/byrn/HDF_Projects/hdf5/build/ci-StdShar-GNUC/_deps/szip-src -std=c99  -fstdarg-opt -fdiagnostics-urls=never -fno-diagnostics-color -fmessage-length=0 -O2 -g -DNDEBUG -std=gnu99 -fPIC -Wall -Wcast-qual -Wconversion -Wextra -Wfloat-equal -Wformat=2 -Winit-self -Winvalid-pch -Wmissing-include-dirs -Wshadow -Wundef -Wwrite-strings -pedantic -Wno-c++-compat -Wbad-function-cast -Wcast-align -Wformat -Wimplicit-function-declaration -Wint-to-pointer-cast -Wmissing-declarations -Wmissing-prototypes -Wnested-externs -Wold-style-definition -Wpacked -Wpointer-sign -Wpointer-to-int-cast -Wredundant-decls -Wstrict-prototypes -Wswitch -Wunused-but-set-variable -Wunused-variable -Wunused-function -Wunused-parameter -finline-functions -Wno-aggregate-return -Wno-inline -Wno-missing-format-attribute -Wno-missing-noreturn -Wno-overlength-strings -Wlarger-than=2560 -Wlogical-op -Wframe-larger-than=16384 -Wpacked-bitfield-compat -Wsync-nand -Wno-unsuffixed-float-constants -Wdouble-promotion -Wtrampolines -Wstack-usage=8192 -Wmaybe-uninitialized -Wno-jump-misses-init -Wstrict-overflow=2 -Wno-suggest-attribute=const -Wno-suggest-attribute=noreturn -Wno-suggest-attribute=pure -Wno-suggest-attribute=format -Wdate-time -Warray-bounds=2 -Wc99-c11-compat -Wincompatible-pointer-types -Wint-conversion -Wduplicated-cond -Whsa -Wnormalized -Wnull-dereference -Wunused-const-variable -Walloca -Walloc-zero -Wduplicated-branches -Wformat-overflow=2 -Wformat-truncation=1 -Wrestrict -Wattribute-alias -Wshift-overflow=2 -Wcast-function-type -Wcast-align=strict -Wno-suggest-attribute=cold -Wno-suggest-attribute=malloc -Wattribute-alias=2 -Wmissing-profile -Wc11-c2x-compat -MD -MT src/CMakeFiles/hdf5-shared.dir/H5Ofill.c.o -MF src/CMakeFiles/hdf5-shared.dir/H5Ofill.c.o.d -o src/CMakeFiles/hdf5-shared.dir/H5Ofill.c.o -c /home/byrn/HDF_Projects/hdf5/dev/src/H5Ofill.c
[594/4114] /usr/bin/cc -DH5_BUILT_AS_DYNAMIC_LIB -D_FILE_OFFSET_BITS=64 -D_GNU_SOURCE -D_LARGEFILE_SOURCE -D_POSIX_C_SOURCE=200809L -Dhdf5_shared_EXPORTS -I/home/byrn/HDF_Projects/hdf5/dev/src -I/home/byrn/HDF_Projects/hdf5/dev/src/H5FDsubfiling -I/home/byrn/HDF_Projects/hdf5/build/ci-StdShar-GNUC/src -I/home/byrn/HDF_Projects/hdf5/build/ci-StdShar-GNUC/_deps/hdf5_zlib-build -I/home/byrn/HDF_Projects/hdf5/build/ci-StdShar-GNUC/_deps/hdf5_zlib-src -I/home/byrn/HDF_Projects/hdf5/build/ci-StdShar-GNUC/_deps/szip-build -I/home/byrn/HDF_Projects/hdf5/build/ci-StdShar-GNUC/_deps/szip-src/include -I/home/byrn/HDF_Projects/hdf5/build/ci-StdShar-GNUC/_deps/szip-src -std=c99  -fstdarg-opt -fdiagnostics-urls=never -fno-diagnostics-color -fmessage-length=0 -O2 -g -DNDEBUG -std=gnu99 -fPIC -Wall -Wcast-qual -Wconversion -Wextra -Wfloat-equal -Wformat=2 -Winit-self -Winvalid-pch -Wmissing-include-dirs -Wshadow -Wundef -Wwrite-strings -pedantic -Wno-c++-compat -Wbad-function-cast -Wcast-align -Wformat -Wimplicit-function-declaration -Wint-to-pointer-cast -Wmissing-declarations -Wmissing-prototypes -Wnested-externs -Wold-style-definition -Wpacked -Wpointer-sign -Wpointer-to-int-cast -Wredundant-decls -Wstrict-prototypes -Wswitch -Wunused-but-set-variable -Wunused-variable -Wunused-function -Wunused-parameter -finline-functions -Wno-aggregate-return -Wno-inline -Wno-missing-format-attribute -Wno-missing-noreturn -Wno-overlength-strings -Wlarger-than=2560 -Wlogical-op -Wframe-larger-than=16384 -Wpacked-bitfield-compat -Wsync-nand -Wno-unsuffixed-float-constants -Wdouble-promotion -Wtrampolines -Wstack-usage=8192 -Wmaybe-uninitialized -Wno-jump-misses-init -Wstrict-overflow=2 -Wno-suggest-attribute=const -Wno-suggest-attribute=noreturn -Wno-suggest-attribute=pure -Wno-suggest-attribute=format -Wdate-time -Warray-bounds=2 -Wc99-c11-compat -Wincompatible-pointer-types -Wint-conversion -Wduplicated-cond -Whsa -Wnormalized -Wnull-dereference -Wunused-const-variable -Walloca -Walloc-zero -Wduplicated-branches -Wformat-overflow=2 -Wformat-truncation=1 -Wrestrict -Wattribute-alias -Wshift-overflow=2 -Wcast-function-type -Wcast-align=strict -Wno-suggest-attribute=cold -Wno-suggest-attribute=malloc -Wattribute-alias=2 -Wmissing-profile -Wc11-c2x-compat -MD -MT src/CMakeFiles/hdf5-shared.dir/H5Ofsinfo.c.o -MF src/CMakeFiles/hdf5-shared.dir/H5Ofsinfo.c.o.d -o src/CMakeFiles/hdf5-shared.dir/H5Ofsinfo.c.o -c /home/byrn/HDF_Projects/hdf5/dev/src/H5Ofsinfo.c
[595/4114] /usr/bin/cc -DH5_BUILT_AS_DYNAMIC_LIB -D_FILE_OFFSET_BITS=64 -D_GNU_SOURCE -D_LARGEFILE_SOURCE -D_POSIX_C_SOURCE=200809L -Dhdf5_shared_EXPORTS -I/home/byrn/HDF_Projects/hdf5/dev/src -I/home/byrn/HDF_Projects/hdf5/dev/src/H5FDsubfiling -I/home/byrn/HDF_Projects/hdf5/build/ci-StdShar-GNUC/src -I/home/byrn/HDF_Projects/hdf5/build/ci-StdShar-GNUC/_deps/hdf5_zlib-build -I/home/byrn/HDF_Projects/hdf5/build/ci-StdShar-GNUC/_deps/hdf5_zlib-src -I/home/byrn/HDF_Projects/hdf5/build/ci-StdShar-GNUC/_deps/szip-build -I/home/byrn/HDF_Projects/hdf5/build/ci-StdShar-GNUC/_deps/szip-src/include -I/home/byrn/HDF_Projects/hdf5/build/ci-StdShar-GNUC/_deps/szip-src -std=c99  -fstdarg-opt -fdiagnostics-urls=never -fno-diagnostics-color -fmessage-length=0 -O2 -g -DNDEBUG -std=gnu99 -fPIC -Wall -Wcast-qual -Wconversion -Wextra -Wfloat-equal -Wformat=2 -Winit-self -Winvalid-pch -Wmissing-include-dirs -Wshadow -Wundef -Wwrite-strings -pedantic -Wno-c++-compat -Wbad-function-cast -Wcast-align -Wformat -Wimplicit-function-declaration -Wint-to-pointer-cast -Wmissing-declarations -Wmissing-prototypes -Wnested-externs -Wold-style-definition -Wpacked -Wpointer-sign -Wpointer-to-int-cast -Wredundant-decls -Wstrict-prototypes -Wswitch -Wunused-but-set-variable -Wunused-variable -Wunused-function -Wunused-parameter -finline-functions -Wno-aggregate-return -Wno-inline -Wno-missing-format-attribute -Wno-missing-noreturn -Wno-overlength-strings -Wlarger-than=2560 -Wlogical-op -Wframe-larger-than=16384 -Wpacked-bitfield-compat -Wsync-nand -Wno-unsuffixed-float-constants -Wdouble-promotion -Wtrampolines -Wstack-usage=8192 -Wmaybe-uninitialized -Wno-jump-misses-init -Wstrict-overflow=2 -Wno-suggest-attribute=const -Wno-suggest-attribute=noreturn -Wno-suggest-attribute=pure -Wno-suggest-attribute=format -Wdate-time -Warray-bounds=2 -Wc99-c11-compat -Wincompatible-pointer-types -Wint-conversion -Wduplicated-cond -Whsa -Wnormalized -Wnull-dereference -Wunused-const-variable -Walloca -Walloc-zero -Wduplicated-branches -Wformat-overflow=2 -Wformat-truncation=1 -Wrestrict -Wattribute-alias -Wshift-overflow=2 -Wcast-function-type -Wcast-align=strict -Wno-suggest-attribute=cold -Wno-suggest-attribute=malloc -Wattribute-alias=2 -Wmissing-profile -Wc11-c2x-compat -MD -MT src/CMakeFiles/hdf5-shared.dir/H5Olinfo.c.o -MF src/CMakeFiles/hdf5-shared.dir/H5Olinfo.c.o.d -o src/CMakeFiles/hdf5-shared.dir/H5Olinfo.c.o -c /home/byrn/HDF_Projects/hdf5/dev/src/H5Olinfo.c
[596/4114] /usr/bin/cc -DH5_BUILT_AS_DYNAMIC_LIB -D_FILE_OFFSET_BITS=64 -D_GNU_SOURCE -D_LARGEFILE_SOURCE -D_POSIX_C_SOURCE=200809L -Dhdf5_shared_EXPORTS -I/home/byrn/HDF_Projects/hdf5/dev/src -I/home/byrn/HDF_Projects/hdf5/dev/src/H5FDsubfiling -I/home/byrn/HDF_Projects/hdf5/build/ci-StdShar-GNUC/src -I/home/byrn/HDF_Projects/hdf5/build/ci-StdShar-GNUC/_deps/hdf5_zlib-build -I/home/byrn/HDF_Projects/hdf5/build/ci-StdShar-GNUC/_deps/hdf5_zlib-src -I/home/byrn/HDF_Projects/hdf5/build/ci-StdShar-GNUC/_deps/szip-build -I/home/byrn/HDF_Projects/hdf5/build/ci-StdShar-GNUC/_deps/szip-src/include -I/home/byrn/HDF_Projects/hdf5/build/ci-StdShar-GNUC/_deps/szip-src -std=c99  -fstdarg-opt -fdiagnostics-urls=never -fno-diagnostics-color -fmessage-length=0 -O2 -g -DNDEBUG -std=gnu99 -fPIC -Wall -Wcast-qual -Wconversion -Wextra -Wfloat-equal -Wformat=2 -Winit-self -Winvalid-pch -Wmissing-include-dirs -Wshadow -Wundef -Wwrite-strings -pedantic -Wno-c++-compat -Wbad-function-cast -Wcast-align -Wformat -Wimplicit-function-declaration -Wint-to-pointer-cast -Wmissing-declarations -Wmissing-prototypes -Wnested-externs -Wold-style-definition -Wpacked -Wpointer-sign -Wpointer-to-int-cast -Wredundant-decls -Wstrict-prototypes -Wswitch -Wunused-but-set-variable -Wunused-variable -Wunused-function -Wunused-parameter -finline-functions -Wno-aggregate-return -Wno-inline -Wno-missing-format-attribute -Wno-missing-noreturn -Wno-overlength-strings -Wlarger-than=2560 -Wlogical-op -Wframe-larger-than=16384 -Wpacked-bitfield-compat -Wsync-nand -Wno-unsuffixed-float-constants -Wdouble-promotion -Wtrampolines -Wstack-usage=8192 -Wmaybe-uninitialized -Wno-jump-misses-init -Wstrict-overflow=2 -Wno-suggest-attribute=const -Wno-suggest-attribute=noreturn -Wno-suggest-attribute=pure -Wno-suggest-attribute=format -Wdate-time -Warray-bounds=2 -Wc99-c11-compat -Wincompatible-pointer-types -Wint-conversion -Wduplicated-cond -Whsa -Wnormalized -Wnull-dereference -Wunused-const-variable -Walloca -Walloc-zero -Wduplicated-branches -Wformat-overflow=2 -Wformat-truncation=1 -Wrestrict -Wattribute-alias -Wshift-overflow=2 -Wcast-function-type -Wcast-align=strict -Wno-suggest-attribute=cold -Wno-suggest-attribute=malloc -Wattribute-alias=2 -Wmissing-profile -Wc11-c2x-compat -MD -MT src/CMakeFiles/hdf5-shared.dir/H5Olink.c.o -MF src/CMakeFiles/hdf5-shared.dir/H5Olink.c.o.d -o src/CMakeFiles/hdf5-shared.dir/H5Olink.c.o -c /home/byrn/HDF_Projects/hdf5/dev/src/H5Olink.c
[597/4114] /usr/bin/cc -DH5_BUILT_AS_DYNAMIC_LIB -D_FILE_OFFSET_BITS=64 -D_GNU_SOURCE -D_LARGEFILE_SOURCE -D_POSIX_C_SOURCE=200809L -Dhdf5_shared_EXPORTS -I/home/byrn/HDF_Projects/hdf5/dev/src -I/home/byrn/HDF_Projects/hdf5/dev/src/H5FDsubfiling -I/home/byrn/HDF_Projects/hdf5/build/ci-StdShar-GNUC/src -I/home/byrn/HDF_Projects/hdf5/build/ci-StdShar-GNUC/_deps/hdf5_zlib-build -I/home/byrn/HDF_Projects/hdf5/build/ci-StdShar-GNUC/_deps/hdf5_zlib-src -I/home/byrn/HDF_Projects/hdf5/build/ci-StdShar-GNUC/_deps/szip-build -I/home/byrn/HDF_Projects/hdf5/build/ci-StdShar-GNUC/_deps/szip-src/include -I/home/byrn/HDF_Projects/hdf5/build/ci-StdShar-GNUC/_deps/szip-src -std=c99  -fstdarg-opt -fdiagnostics-urls=never -fno-diagnostics-color -fmessage-length=0 -O2 -g -DNDEBUG -std=gnu99 -fPIC -Wall -Wcast-qual -Wconversion -Wextra -Wfloat-equal -Wformat=2 -Winit-self -Winvalid-pch -Wmissing-include-dirs -Wshadow -Wundef -Wwrite-strings -pedantic -Wno-c++-compat -Wbad-function-cast -Wcast-align -Wformat -Wimplicit-function-declaration -Wint-to-pointer-cast -Wmissing-declarations -Wmissing-prototypes -Wnested-externs -Wold-style-definition -Wpacked -Wpointer-sign -Wpointer-to-int-cast -Wredundant-decls -Wstrict-prototypes -Wswitch -Wunused-but-set-variable -Wunused-variable -Wunused-function -Wunused-parameter -finline-functions -Wno-aggregate-return -Wno-inline -Wno-missing-format-attribute -Wno-missing-noreturn -Wno-overlength-strings -Wlarger-than=2560 -Wlogical-op -Wframe-larger-than=16384 -Wpacked-bitfield-compat -Wsync-nand -Wno-unsuffixed-float-constants -Wdouble-promotion -Wtrampolines -Wstack-usage=8192 -Wmaybe-uninitialized -Wno-jump-misses-init -Wstrict-overflow=2 -Wno-suggest-attribute=const -Wno-suggest-attribute=noreturn -Wno-suggest-attribute=pure -Wno-suggest-attribute=format -Wdate-time -Warray-bounds=2 -Wc99-c11-compat -Wincompatible-pointer-types -Wint-conversion -Wduplicated-cond -Whsa -Wnormalized -Wnull-dereference -Wunused-const-variable -Walloca -Walloc-zero -Wduplicated-branches -Wformat-overflow=2 -Wformat-truncation=1 -Wrestrict -Wattribute-alias -Wshift-overflow=2 -Wcast-function-type -Wcast-align=strict -Wno-suggest-attribute=cold -Wno-suggest-attribute=malloc -Wattribute-alias=2 -Wmissing-profile -Wc11-c2x-compat -MD -MT src/CMakeFiles/hdf5-shared.dir/H5Oname.c.o -MF src/CMakeFiles/hdf5-shared.dir/H5Oname.c.o.d -o src/CMakeFiles/hdf5-shared.dir/H5Oname.c.o -c /home/byrn/HDF_Projects/hdf5/dev/src/H5Oname.c
[598/4114] /usr/bin/cc -DH5_BUILT_AS_DYNAMIC_LIB -D_FILE_OFFSET_BITS=64 -D_GNU_SOURCE -D_LARGEFILE_SOURCE -D_POSIX_C_SOURCE=200809L -Dhdf5_shared_EXPORTS -I/home/byrn/HDF_Projects/hdf5/dev/src -I/home/byrn/HDF_Projects/hdf5/dev/src/H5FDsubfiling -I/home/byrn/HDF_Projects/hdf5/build/ci-StdShar-GNUC/src -I/home/byrn/HDF_Projects/hdf5/build/ci-StdShar-GNUC/_deps/hdf5_zlib-build -I/home/byrn/HDF_Projects/hdf5/build/ci-StdShar-GNUC/_deps/hdf5_zlib-src -I/home/byrn/HDF_Projects/hdf5/build/ci-StdShar-GNUC/_deps/szip-build -I/home/byrn/HDF_Projects/hdf5/build/ci-StdShar-GNUC/_deps/szip-src/include -I/home/byrn/HDF_Projects/hdf5/build/ci-StdShar-GNUC/_deps/szip-src -std=c99  -fstdarg-opt -fdiagnostics-urls=never -fno-diagnostics-color -fmessage-length=0 -O2 -g -DNDEBUG -std=gnu99 -fPIC -Wall -Wcast-qual -Wconversion -Wextra -Wfloat-equal -Wformat=2 -Winit-self -Winvalid-pch -Wmissing-include-dirs -Wshadow -Wundef -Wwrite-strings -pedantic -Wno-c++-compat -Wbad-function-cast -Wcast-align -Wformat -Wimplicit-function-declaration -Wint-to-pointer-cast -Wmissing-declarations -Wmissing-prototypes -Wnested-externs -Wold-style-definition -Wpacked -Wpointer-sign -Wpointer-to-int-cast -Wredundant-decls -Wstrict-prototypes -Wswitch -Wunused-but-set-variable -Wunused-variable -Wunused-function -Wunused-parameter -finline-functions -Wno-aggregate-return -Wno-inline -Wno-missing-format-attribute -Wno-missing-noreturn -Wno-overlength-strings -Wlarger-than=2560 -Wlogical-op -Wframe-larger-than=16384 -Wpacked-bitfield-compat -Wsync-nand -Wno-unsuffixed-float-constants -Wdouble-promotion -Wtrampolines -Wstack-usage=8192 -Wmaybe-uninitialized -Wno-jump-misses-init -Wstrict-overflow=2 -Wno-suggest-attribute=const -Wno-suggest-attribute=noreturn -Wno-suggest-attribute=pure -Wno-suggest-attribute=format -Wdate-time -Warray-bounds=2 -Wc99-c11-compat -Wincompatible-pointer-types -Wint-conversion -Wduplicated-cond -Whsa -Wnormalized -Wnull-dereference -Wunused-const-variable -Walloca -Walloc-zero -Wduplicated-branches -Wformat-overflow=2 -Wformat-truncation=1 -Wrestrict -Wattribute-alias -Wshift-overflow=2 -Wcast-function-type -Wcast-align=strict -Wno-suggest-attribute=cold -Wno-suggest-attribute=malloc -Wattribute-alias=2 -Wmissing-profile -Wc11-c2x-compat -MD -MT src/CMakeFiles/hdf5-shared.dir/H5Omtime.c.o -MF src/CMakeFiles/hdf5-shared.dir/H5Omtime.c.o.d -o src/CMakeFiles/hdf5-shared.dir/H5Omtime.c.o -c /home/byrn/HDF_Projects/hdf5/dev/src/H5Omtime.c
[599/4114] /usr/bin/cc -DH5_BUILT_AS_DYNAMIC_LIB -D_FILE_OFFSET_BITS=64 -D_GNU_SOURCE -D_LARGEFILE_SOURCE -D_POSIX_C_SOURCE=200809L -Dhdf5_shared_EXPORTS -I/home/byrn/HDF_Projects/hdf5/dev/src -I/home/byrn/HDF_Projects/hdf5/dev/src/H5FDsubfiling -I/home/byrn/HDF_Projects/hdf5/build/ci-StdShar-GNUC/src -I/home/byrn/HDF_Projects/hdf5/build/ci-StdShar-GNUC/_deps/hdf5_zlib-build -I/home/byrn/HDF_Projects/hdf5/build/ci-StdShar-GNUC/_deps/hdf5_zlib-src -I/home/byrn/HDF_Projects/hdf5/build/ci-StdShar-GNUC/_deps/szip-build -I/home/byrn/HDF_Projects/hdf5/build/ci-StdShar-GNUC/_deps/szip-src/include -I/home/byrn/HDF_Projects/hdf5/build/ci-StdShar-GNUC/_deps/szip-src -std=c99  -fstdarg-opt -fdiagnostics-urls=never -fno-diagnostics-color -fmessage-length=0 -O2 -g -DNDEBUG -std=gnu99 -fPIC -Wall -Wcast-qual -Wconversion -Wextra -Wfloat-equal -Wformat=2 -Winit-self -Winvalid-pch -Wmissing-include-dirs -Wshadow -Wundef -Wwrite-strings -pedantic -Wno-c++-compat -Wbad-function-cast -Wcast-align -Wformat -Wimplicit-function-declaration -Wint-to-pointer-cast -Wmissing-declarations -Wmissing-prototypes -Wnested-externs -Wold-style-definition -Wpacked -Wpointer-sign -Wpointer-to-int-cast -Wredundant-decls -Wstrict-prototypes -Wswitch -Wunused-but-set-variable -Wunused-variable -Wunused-function -Wunused-parameter -finline-functions -Wno-aggregate-return -Wno-inline -Wno-missing-format-attribute -Wno-missing-noreturn -Wno-overlength-strings -Wlarger-than=2560 -Wlogical-op -Wframe-larger-than=16384 -Wpacked-bitfield-compat -Wsync-nand -Wno-unsuffixed-float-constants -Wdouble-promotion -Wtrampolines -Wstack-usage=8192 -Wmaybe-uninitialized -Wno-jump-misses-init -Wstrict-overflow=2 -Wno-suggest-attribute=const -Wno-suggest-attribute=noreturn -Wno-suggest-attribute=pure -Wno-suggest-attribute=format -Wdate-time -Warray-bounds=2 -Wc99-c11-compat -Wincompatible-pointer-types -Wint-conversion -Wduplicated-cond -Whsa -Wnormalized -Wnull-dereference -Wunused-const-variable -Walloca -Walloc-zero -Wduplicated-branches -Wformat-overflow=2 -Wformat-truncation=1 -Wrestrict -Wattribute-alias -Wshift-overflow=2 -Wcast-function-type -Wcast-align=strict -Wno-suggest-attribute=cold -Wno-suggest-attribute=malloc -Wattribute-alias=2 -Wmissing-profile -Wc11-c2x-compat -MD -MT src/CMakeFiles/hdf5-shared.dir/H5Onull.c.o -MF src/CMakeFiles/hdf5-shared.dir/H5Onull.c.o.d -o src/CMakeFiles/hdf5-shared.dir/H5Onull.c.o -c /home/byrn/HDF_Projects/hdf5/dev/src/H5Onull.c
[600/4114] /usr/bin/cc -DH5_BUILT_AS_DYNAMIC_LIB -D_FILE_OFFSET_BITS=64 -D_GNU_SOURCE -D_LARGEFILE_SOURCE -D_POSIX_C_SOURCE=200809L -Dhdf5_shared_EXPORTS -I/home/byrn/HDF_Projects/hdf5/dev/src -I/home/byrn/HDF_Projects/hdf5/dev/src/H5FDsubfiling -I/home/byrn/HDF_Projects/hdf5/build/ci-StdShar-GNUC/src -I/home/byrn/HDF_Projects/hdf5/build/ci-StdShar-GNUC/_deps/hdf5_zlib-build -I/home/byrn/HDF_Projects/hdf5/build/ci-StdShar-GNUC/_deps/hdf5_zlib-src -I/home/byrn/HDF_Projects/hdf5/build/ci-StdShar-GNUC/_deps/szip-build -I/home/byrn/HDF_Projects/hdf5/build/ci-StdShar-GNUC/_deps/szip-src/include -I/home/byrn/HDF_Projects/hdf5/build/ci-StdShar-GNUC/_deps/szip-src -std=c99  -fstdarg-opt -fdiagnostics-urls=never -fno-diagnostics-color -fmessage-length=0 -O2 -g -DNDEBUG -std=gnu99 -fPIC -Wall -Wcast-qual -Wconversion -Wextra -Wfloat-equal -Wformat=2 -Winit-self -Winvalid-pch -Wmissing-include-dirs -Wshadow -Wundef -Wwrite-strings -pedantic -Wno-c++-compat -Wbad-function-cast -Wcast-align -Wformat -Wimplicit-function-declaration -Wint-to-pointer-cast -Wmissing-declarations -Wmissing-prototypes -Wnested-externs -Wold-style-definition -Wpacked -Wpointer-sign -Wpointer-to-int-cast -Wredundant-decls -Wstrict-prototypes -Wswitch -Wunused-but-set-variable -Wunused-variable -Wunused-function -Wunused-parameter -finline-functions -Wno-aggregate-return -Wno-inline -Wno-missing-format-attribute -Wno-missing-noreturn -Wno-overlength-strings -Wlarger-than=2560 -Wlogical-op -Wframe-larger-than=16384 -Wpacked-bitfield-compat -Wsync-nand -Wno-unsuffixed-float-constants -Wdouble-promotion -Wtrampolines -Wstack-usage=8192 -Wmaybe-uninitialized -Wno-jump-misses-init -Wstrict-overflow=2 -Wno-suggest-attribute=const -Wno-suggest-attribute=noreturn -Wno-suggest-attribute=pure -Wno-suggest-attribute=format -Wdate-time -Warray-bounds=2 -Wc99-c11-compat -Wincompatible-pointer-types -Wint-conversion -Wduplicated-cond -Whsa -Wnormalized -Wnull-dereference -Wunused-const-variable -Walloca -Walloc-zero -Wduplicated-branches -Wformat-overflow=2 -Wformat-truncation=1 -Wrestrict -Wattribute-alias -Wshift-overflow=2 -Wcast-function-type -Wcast-align=strict -Wno-suggest-attribute=cold -Wno-suggest-attribute=malloc -Wattribute-alias=2 -Wmissing-profile -Wc11-c2x-compat -MD -MT src/CMakeFiles/hdf5-shared.dir/H5Olayout.c.o -MF src/CMakeFiles/hdf5-shared.dir/H5Olayout.c.o.d -o src/CMakeFiles/hdf5-shared.dir/H5Olayout.c.o -c /home/byrn/HDF_Projects/hdf5/dev/src/H5Olayout.c
[601/4114] /usr/bin/cc -DH5_BUILT_AS_DYNAMIC_LIB -D_FILE_OFFSET_BITS=64 -D_GNU_SOURCE -D_LARGEFILE_SOURCE -D_POSIX_C_SOURCE=200809L -Dhdf5_shared_EXPORTS -I/home/byrn/HDF_Projects/hdf5/dev/src -I/home/byrn/HDF_Projects/hdf5/dev/src/H5FDsubfiling -I/home/byrn/HDF_Projects/hdf5/build/ci-StdShar-GNUC/src -I/home/byrn/HDF_Projects/hdf5/build/ci-StdShar-GNUC/_deps/hdf5_zlib-build -I/home/byrn/HDF_Projects/hdf5/build/ci-StdShar-GNUC/_deps/hdf5_zlib-src -I/home/byrn/HDF_Projects/hdf5/build/ci-StdShar-GNUC/_deps/szip-build -I/home/byrn/HDF_Projects/hdf5/build/ci-StdShar-GNUC/_deps/szip-src/include -I/home/byrn/HDF_Projects/hdf5/build/ci-StdShar-GNUC/_deps/szip-src -std=c99  -fstdarg-opt -fdiagnostics-urls=never -fno-diagnostics-color -fmessage-length=0 -O2 -g -DNDEBUG -std=gnu99 -fPIC -Wall -Wcast-qual -Wconversion -Wextra -Wfloat-equal -Wformat=2 -Winit-self -Winvalid-pch -Wmissing-include-dirs -Wshadow -Wundef -Wwrite-strings -pedantic -Wno-c++-compat -Wbad-function-cast -Wcast-align -Wformat -Wimplicit-function-declaration -Wint-to-pointer-cast -Wmissing-declarations -Wmissing-prototypes -Wnested-externs -Wold-style-definition -Wpacked -Wpointer-sign -Wpointer-to-int-cast -Wredundant-decls -Wstrict-prototypes -Wswitch -Wunused-but-set-variable -Wunused-variable -Wunused-function -Wunused-parameter -finline-functions -Wno-aggregate-return -Wno-inline -Wno-missing-format-attribute -Wno-missing-noreturn -Wno-overlength-strings -Wlarger-than=2560 -Wlogical-op -Wframe-larger-than=16384 -Wpacked-bitfield-compat -Wsync-nand -Wno-unsuffixed-float-constants -Wdouble-promotion -Wtrampolines -Wstack-usage=8192 -Wmaybe-uninitialized -Wno-jump-misses-init -Wstrict-overflow=2 -Wno-suggest-attribute=const -Wno-suggest-attribute=noreturn -Wno-suggest-attribute=pure -Wno-suggest-attribute=format -Wdate-time -Warray-bounds=2 -Wc99-c11-compat -Wincompatible-pointer-types -Wint-conversion -Wduplicated-cond -Whsa -Wnormalized -Wnull-dereference -Wunused-const-variable -Walloca -Walloc-zero -Wduplicated-branches -Wformat-overflow=2 -Wformat-truncation=1 -Wrestrict -Wattribute-alias -Wshift-overflow=2 -Wcast-function-type -Wcast-align=strict -Wno-suggest-attribute=cold -Wno-suggest-attribute=malloc -Wattribute-alias=2 -Wmissing-profile -Wc11-c2x-compat -MD -MT src/CMakeFiles/hdf5-shared.dir/H5Odtype.c.o -MF src/CMakeFiles/hdf5-shared.dir/H5Odtype.c.o.d -o src/CMakeFiles/hdf5-shared.dir/H5Odtype.c.o -c /home/byrn/HDF_Projects/hdf5/dev/src/H5Odtype.c
[602/4114] /usr/bin/cc -DH5_BUILT_AS_DYNAMIC_LIB -D_FILE_OFFSET_BITS=64 -D_GNU_SOURCE -D_LARGEFILE_SOURCE -D_POSIX_C_SOURCE=200809L -Dhdf5_shared_EXPORTS -I/home/byrn/HDF_Projects/hdf5/dev/src -I/home/byrn/HDF_Projects/hdf5/dev/src/H5FDsubfiling -I/home/byrn/HDF_Projects/hdf5/build/ci-StdShar-GNUC/src -I/home/byrn/HDF_Projects/hdf5/build/ci-StdShar-GNUC/_deps/hdf5_zlib-build -I/home/byrn/HDF_Projects/hdf5/build/ci-StdShar-GNUC/_deps/hdf5_zlib-src -I/home/byrn/HDF_Projects/hdf5/build/ci-StdShar-GNUC/_deps/szip-build -I/home/byrn/HDF_Projects/hdf5/build/ci-StdShar-GNUC/_deps/szip-src/include -I/home/byrn/HDF_Projects/hdf5/build/ci-StdShar-GNUC/_deps/szip-src -std=c99  -fstdarg-opt -fdiagnostics-urls=never -fno-diagnostics-color -fmessage-length=0 -O2 -g -DNDEBUG -std=gnu99 -fPIC -Wall -Wcast-qual -Wconversion -Wextra -Wfloat-equal -Wformat=2 -Winit-self -Winvalid-pch -Wmissing-include-dirs -Wshadow -Wundef -Wwrite-strings -pedantic -Wno-c++-compat -Wbad-function-cast -Wcast-align -Wformat -Wimplicit-function-declaration -Wint-to-pointer-cast -Wmissing-declarations -Wmissing-prototypes -Wnested-externs -Wold-style-definition -Wpacked -Wpointer-sign -Wpointer-to-int-cast -Wredundant-decls -Wstrict-prototypes -Wswitch -Wunused-but-set-variable -Wunused-variable -Wunused-function -Wunused-parameter -finline-functions -Wno-aggregate-return -Wno-inline -Wno-missing-format-attribute -Wno-missing-noreturn -Wno-overlength-strings -Wlarger-than=2560 -Wlogical-op -Wframe-larger-than=16384 -Wpacked-bitfield-compat -Wsync-nand -Wno-unsuffixed-float-constants -Wdouble-promotion -Wtrampolines -Wstack-usage=8192 -Wmaybe-uninitialized -Wno-jump-misses-init -Wstrict-overflow=2 -Wno-suggest-attribute=const -Wno-suggest-attribute=noreturn -Wno-suggest-attribute=pure -Wno-suggest-attribute=format -Wdate-time -Warray-bounds=2 -Wc99-c11-compat -Wincompatible-pointer-types -Wint-conversion -Wduplicated-cond -Whsa -Wnormalized -Wnull-dereference -Wunused-const-variable -Walloca -Walloc-zero -Wduplicated-branches -Wformat-overflow=2 -Wformat-truncation=1 -Wrestrict -Wattribute-alias -Wshift-overflow=2 -Wcast-function-type -Wcast-align=strict -Wno-suggest-attribute=cold -Wno-suggest-attribute=malloc -Wattribute-alias=2 -Wmissing-profile -Wc11-c2x-compat -MD -MT src/CMakeFiles/hdf5-shared.dir/H5Oint.c.o -MF src/CMakeFiles/hdf5-shared.dir/H5Oint.c.o.d -o src/CMakeFiles/hdf5-shared.dir/H5Oint.c.o -c /home/byrn/HDF_Projects/hdf5/dev/src/H5Oint.c
[603/4114] /usr/bin/cc -DH5_BUILT_AS_DYNAMIC_LIB -D_FILE_OFFSET_BITS=64 -D_GNU_SOURCE -D_LARGEFILE_SOURCE -D_POSIX_C_SOURCE=200809L -Dhdf5_shared_EXPORTS -I/home/byrn/HDF_Projects/hdf5/dev/src -I/home/byrn/HDF_Projects/hdf5/dev/src/H5FDsubfiling -I/home/byrn/HDF_Projects/hdf5/build/ci-StdShar-GNUC/src -I/home/byrn/HDF_Projects/hdf5/build/ci-StdShar-GNUC/_deps/hdf5_zlib-build -I/home/byrn/HDF_Projects/hdf5/build/ci-StdShar-GNUC/_deps/hdf5_zlib-src -I/home/byrn/HDF_Projects/hdf5/build/ci-StdShar-GNUC/_deps/szip-build -I/home/byrn/HDF_Projects/hdf5/build/ci-StdShar-GNUC/_deps/szip-src/include -I/home/byrn/HDF_Projects/hdf5/build/ci-StdShar-GNUC/_deps/szip-src -std=c99  -fstdarg-opt -fdiagnostics-urls=never -fno-diagnostics-color -fmessage-length=0 -O2 -g -DNDEBUG -std=gnu99 -fPIC -Wall -Wcast-qual -Wconversion -Wextra -Wfloat-equal -Wformat=2 -Winit-self -Winvalid-pch -Wmissing-include-dirs -Wshadow -Wundef -Wwrite-strings -pedantic -Wno-c++-compat -Wbad-function-cast -Wcast-align -Wformat -Wimplicit-function-declaration -Wint-to-pointer-cast -Wmissing-declarations -Wmissing-prototypes -Wnested-externs -Wold-style-definition -Wpacked -Wpointer-sign -Wpointer-to-int-cast -Wredundant-decls -Wstrict-prototypes -Wswitch -Wunused-but-set-variable -Wunused-variable -Wunused-function -Wunused-parameter -finline-functions -Wno-aggregate-return -Wno-inline -Wno-missing-format-attribute -Wno-missing-noreturn -Wno-overlength-strings -Wlarger-than=2560 -Wlogical-op -Wframe-larger-than=16384 -Wpacked-bitfield-compat -Wsync-nand -Wno-unsuffixed-float-constants -Wdouble-promotion -Wtrampolines -Wstack-usage=8192 -Wmaybe-uninitialized -Wno-jump-misses-init -Wstrict-overflow=2 -Wno-suggest-attribute=const -Wno-suggest-attribute=noreturn -Wno-suggest-attribute=pure -Wno-suggest-attribute=format -Wdate-time -Warray-bounds=2 -Wc99-c11-compat -Wincompatible-pointer-types -Wint-conversion -Wduplicated-cond -Whsa -Wnormalized -Wnull-dereference -Wunused-const-variable -Walloca -Walloc-zero -Wduplicated-branches -Wformat-overflow=2 -Wformat-truncation=1 -Wrestrict -Wattribute-alias -Wshift-overflow=2 -Wcast-function-type -Wcast-align=strict -Wno-suggest-attribute=cold -Wno-suggest-attribute=malloc -Wattribute-alias=2 -Wmissing-profile -Wc11-c2x-compat -MD -MT src/CMakeFiles/hdf5-shared.dir/H5Omessage.c.o -MF src/CMakeFiles/hdf5-shared.dir/H5Omessage.c.o.d -o src/CMakeFiles/hdf5-shared.dir/H5Omessage.c.o -c /home/byrn/HDF_Projects/hdf5/dev/src/H5Omessage.c
[604/4114] /usr/bin/cc -DH5_BUILT_AS_DYNAMIC_LIB -D_FILE_OFFSET_BITS=64 -D_GNU_SOURCE -D_LARGEFILE_SOURCE -D_POSIX_C_SOURCE=200809L -Dhdf5_shared_EXPORTS -I/home/byrn/HDF_Projects/hdf5/dev/src -I/home/byrn/HDF_Projects/hdf5/dev/src/H5FDsubfiling -I/home/byrn/HDF_Projects/hdf5/build/ci-StdShar-GNUC/src -I/home/byrn/HDF_Projects/hdf5/build/ci-StdShar-GNUC/_deps/hdf5_zlib-build -I/home/byrn/HDF_Projects/hdf5/build/ci-StdShar-GNUC/_deps/hdf5_zlib-src -I/home/byrn/HDF_Projects/hdf5/build/ci-StdShar-GNUC/_deps/szip-build -I/home/byrn/HDF_Projects/hdf5/build/ci-StdShar-GNUC/_deps/szip-src/include -I/home/byrn/HDF_Projects/hdf5/build/ci-StdShar-GNUC/_deps/szip-src -std=c99  -fstdarg-opt -fdiagnostics-urls=never -fno-diagnostics-color -fmessage-length=0 -O2 -g -DNDEBUG -std=gnu99 -fPIC -Wall -Wcast-qual -Wconversion -Wextra -Wfloat-equal -Wformat=2 -Winit-self -Winvalid-pch -Wmissing-include-dirs -Wshadow -Wundef -Wwrite-strings -pedantic -Wno-c++-compat -Wbad-function-cast -Wcast-align -Wformat -Wimplicit-function-declaration -Wint-to-pointer-cast -Wmissing-declarations -Wmissing-prototypes -Wnested-externs -Wold-style-definition -Wpacked -Wpointer-sign -Wpointer-to-int-cast -Wredundant-decls -Wstrict-prototypes -Wswitch -Wunused-but-set-variable -Wunused-variable -Wunused-function -Wunused-parameter -finline-functions -Wno-aggregate-return -Wno-inline -Wno-missing-format-attribute -Wno-missing-noreturn -Wno-overlength-strings -Wlarger-than=2560 -Wlogical-op -Wframe-larger-than=16384 -Wpacked-bitfield-compat -Wsync-nand -Wno-unsuffixed-float-constants -Wdouble-promotion -Wtrampolines -Wstack-usage=8192 -Wmaybe-uninitialized -Wno-jump-misses-init -Wstrict-overflow=2 -Wno-suggest-attribute=const -Wno-suggest-attribute=noreturn -Wno-suggest-attribute=pure -Wno-suggest-attribute=format -Wdate-time -Warray-bounds=2 -Wc99-c11-compat -Wincompatible-pointer-types -Wint-conversion -Wduplicated-cond -Whsa -Wnormalized -Wnull-dereference -Wunused-const-variable -Walloca -Walloc-zero -Wduplicated-branches -Wformat-overflow=2 -Wformat-truncation=1 -Wrestrict -Wattribute-alias -Wshift-overflow=2 -Wcast-function-type -Wcast-align=strict -Wno-suggest-attribute=cold -Wno-suggest-attribute=malloc -Wattribute-alias=2 -Wmissing-profile -Wc11-c2x-compat -MD -MT src/CMakeFiles/hdf5-shared.dir/H5Orefcount.c.o -MF src/CMakeFiles/hdf5-shared.dir/H5Orefcount.c.o.d -o src/CMakeFiles/hdf5-shared.dir/H5Orefcount.c.o -c /home/byrn/HDF_Projects/hdf5/dev/src/H5Orefcount.c
[605/4114] /usr/bin/cc -DH5_BUILT_AS_DYNAMIC_LIB -D_FILE_OFFSET_BITS=64 -D_GNU_SOURCE -D_LARGEFILE_SOURCE -D_POSIX_C_SOURCE=200809L -Dhdf5_shared_EXPORTS -I/home/byrn/HDF_Projects/hdf5/dev/src -I/home/byrn/HDF_Projects/hdf5/dev/src/H5FDsubfiling -I/home/byrn/HDF_Projects/hdf5/build/ci-StdShar-GNUC/src -I/home/byrn/HDF_Projects/hdf5/build/ci-StdShar-GNUC/_deps/hdf5_zlib-build -I/home/byrn/HDF_Projects/hdf5/build/ci-StdShar-GNUC/_deps/hdf5_zlib-src -I/home/byrn/HDF_Projects/hdf5/build/ci-StdShar-GNUC/_deps/szip-build -I/home/byrn/HDF_Projects/hdf5/build/ci-StdShar-GNUC/_deps/szip-src/include -I/home/byrn/HDF_Projects/hdf5/build/ci-StdShar-GNUC/_deps/szip-src -std=c99  -fstdarg-opt -fdiagnostics-urls=never -fno-diagnostics-color -fmessage-length=0 -O2 -g -DNDEBUG -std=gnu99 -fPIC -Wall -Wcast-qual -Wconversion -Wextra -Wfloat-equal -Wformat=2 -Winit-self -Winvalid-pch -Wmissing-include-dirs -Wshadow -Wundef -Wwrite-strings -pedantic -Wno-c++-compat -Wbad-function-cast -Wcast-align -Wformat -Wimplicit-function-declaration -Wint-to-pointer-cast -Wmissing-declarations -Wmissing-prototypes -Wnested-externs -Wold-style-definition -Wpacked -Wpointer-sign -Wpointer-to-int-cast -Wredundant-decls -Wstrict-prototypes -Wswitch -Wunused-but-set-variable -Wunused-variable -Wunused-function -Wunused-parameter -finline-functions -Wno-aggregate-return -Wno-inline -Wno-missing-format-attribute -Wno-missing-noreturn -Wno-overlength-strings -Wlarger-than=2560 -Wlogical-op -Wframe-larger-than=16384 -Wpacked-bitfield-compat -Wsync-nand -Wno-unsuffixed-float-constants -Wdouble-promotion -Wtrampolines -Wstack-usage=8192 -Wmaybe-uninitialized -Wno-jump-misses-init -Wstrict-overflow=2 -Wno-suggest-attribute=const -Wno-suggest-attribute=noreturn -Wno-suggest-attribute=pure -Wno-suggest-attribute=format -Wdate-time -Warray-bounds=2 -Wc99-c11-compat -Wincompatible-pointer-types -Wint-conversion -Wduplicated-cond -Whsa -Wnormalized -Wnull-dereference -Wunused-const-variable -Walloca -Walloc-zero -Wduplicated-branches -Wformat-overflow=2 -Wformat-truncation=1 -Wrestrict -Wattribute-alias -Wshift-overflow=2 -Wcast-function-type -Wcast-align=strict -Wno-suggest-attribute=cold -Wno-suggest-attribute=malloc -Wattribute-alias=2 -Wmissing-profile -Wc11-c2x-compat -MD -MT src/CMakeFiles/hdf5-shared.dir/H5Oshmesg.c.o -MF src/CMakeFiles/hdf5-shared.dir/H5Oshmesg.c.o.d -o src/CMakeFiles/hdf5-shared.dir/H5Oshmesg.c.o -c /home/byrn/HDF_Projects/hdf5/dev/src/H5Oshmesg.c
[606/4114] /usr/bin/cc -DH5_BUILT_AS_DYNAMIC_LIB -D_FILE_OFFSET_BITS=64 -D_GNU_SOURCE -D_LARGEFILE_SOURCE -D_POSIX_C_SOURCE=200809L -Dhdf5_shared_EXPORTS -I/home/byrn/HDF_Projects/hdf5/dev/src -I/home/byrn/HDF_Projects/hdf5/dev/src/H5FDsubfiling -I/home/byrn/HDF_Projects/hdf5/build/ci-StdShar-GNUC/src -I/home/byrn/HDF_Projects/hdf5/build/ci-StdShar-GNUC/_deps/hdf5_zlib-build -I/home/byrn/HDF_Projects/hdf5/build/ci-StdShar-GNUC/_deps/hdf5_zlib-src -I/home/byrn/HDF_Projects/hdf5/build/ci-StdShar-GNUC/_deps/szip-build -I/home/byrn/HDF_Projects/hdf5/build/ci-StdShar-GNUC/_deps/szip-src/include -I/home/byrn/HDF_Projects/hdf5/build/ci-StdShar-GNUC/_deps/szip-src -std=c99  -fstdarg-opt -fdiagnostics-urls=never -fno-diagnostics-color -fmessage-length=0 -O2 -g -DNDEBUG -std=gnu99 -fPIC -Wall -Wcast-qual -Wconversion -Wextra -Wfloat-equal -Wformat=2 -Winit-self -Winvalid-pch -Wmissing-include-dirs -Wshadow -Wundef -Wwrite-strings -pedantic -Wno-c++-compat -Wbad-function-cast -Wcast-align -Wformat -Wimplicit-function-declaration -Wint-to-pointer-cast -Wmissing-declarations -Wmissing-prototypes -Wnested-externs -Wold-style-definition -Wpacked -Wpointer-sign -Wpointer-to-int-cast -Wredundant-decls -Wstrict-prototypes -Wswitch -Wunused-but-set-variable -Wunused-variable -Wunused-function -Wunused-parameter -finline-functions -Wno-aggregate-return -Wno-inline -Wno-missing-format-attribute -Wno-missing-noreturn -Wno-overlength-strings -Wlarger-than=2560 -Wlogical-op -Wframe-larger-than=16384 -Wpacked-bitfield-compat -Wsync-nand -Wno-unsuffixed-float-constants -Wdouble-promotion -Wtrampolines -Wstack-usage=8192 -Wmaybe-uninitialized -Wno-jump-misses-init -Wstrict-overflow=2 -Wno-suggest-attribute=const -Wno-suggest-attribute=noreturn -Wno-suggest-attribute=pure -Wno-suggest-attribute=format -Wdate-time -Warray-bounds=2 -Wc99-c11-compat -Wincompatible-pointer-types -Wint-conversion -Wduplicated-cond -Whsa -Wnormalized -Wnull-dereference -Wunused-const-variable -Walloca -Walloc-zero -Wduplicated-branches -Wformat-overflow=2 -Wformat-truncation=1 -Wrestrict -Wattribute-alias -Wshift-overflow=2 -Wcast-function-type -Wcast-align=strict -Wno-suggest-attribute=cold -Wno-suggest-attribute=malloc -Wattribute-alias=2 -Wmissing-profile -Wc11-c2x-compat -MD -MT src/CMakeFiles/hdf5-shared.dir/H5Ostab.c.o -MF src/CMakeFiles/hdf5-shared.dir/H5Ostab.c.o.d -o src/CMakeFiles/hdf5-shared.dir/H5Ostab.c.o -c /home/byrn/HDF_Projects/hdf5/dev/src/H5Ostab.c
[607/4114] /usr/bin/cc -DH5_BUILT_AS_DYNAMIC_LIB -D_FILE_OFFSET_BITS=64 -D_GNU_SOURCE -D_LARGEFILE_SOURCE -D_POSIX_C_SOURCE=200809L -Dhdf5_shared_EXPORTS -I/home/byrn/HDF_Projects/hdf5/dev/src -I/home/byrn/HDF_Projects/hdf5/dev/src/H5FDsubfiling -I/home/byrn/HDF_Projects/hdf5/build/ci-StdShar-GNUC/src -I/home/byrn/HDF_Projects/hdf5/build/ci-StdShar-GNUC/_deps/hdf5_zlib-build -I/home/byrn/HDF_Projects/hdf5/build/ci-StdShar-GNUC/_deps/hdf5_zlib-src -I/home/byrn/HDF_Projects/hdf5/build/ci-StdShar-GNUC/_deps/szip-build -I/home/byrn/HDF_Projects/hdf5/build/ci-StdShar-GNUC/_deps/szip-src/include -I/home/byrn/HDF_Projects/hdf5/build/ci-StdShar-GNUC/_deps/szip-src -std=c99  -fstdarg-opt -fdiagnostics-urls=never -fno-diagnostics-color -fmessage-length=0 -O2 -g -DNDEBUG -std=gnu99 -fPIC -Wall -Wcast-qual -Wconversion -Wextra -Wfloat-equal -Wformat=2 -Winit-self -Winvalid-pch -Wmissing-include-dirs -Wshadow -Wundef -Wwrite-strings -pedantic -Wno-c++-compat -Wbad-function-cast -Wcast-align -Wformat -Wimplicit-function-declaration -Wint-to-pointer-cast -Wmissing-declarations -Wmissing-prototypes -Wnested-externs -Wold-style-definition -Wpacked -Wpointer-sign -Wpointer-to-int-cast -Wredundant-decls -Wstrict-prototypes -Wswitch -Wunused-but-set-variable -Wunused-variable -Wunused-function -Wunused-parameter -finline-functions -Wno-aggregate-return -Wno-inline -Wno-missing-format-attribute -Wno-missing-noreturn -Wno-overlength-strings -Wlarger-than=2560 -Wlogical-op -Wframe-larger-than=16384 -Wpacked-bitfield-compat -Wsync-nand -Wno-unsuffixed-float-constants -Wdouble-promotion -Wtrampolines -Wstack-usage=8192 -Wmaybe-uninitialized -Wno-jump-misses-init -Wstrict-overflow=2 -Wno-suggest-attribute=const -Wno-suggest-attribute=noreturn -Wno-suggest-attribute=pure -Wno-suggest-attribute=format -Wdate-time -Warray-bounds=2 -Wc99-c11-compat -Wincompatible-pointer-types -Wint-conversion -Wduplicated-cond -Whsa -Wnormalized -Wnull-dereference -Wunused-const-variable -Walloca -Walloc-zero -Wduplicated-branches -Wformat-overflow=2 -Wformat-truncation=1 -Wrestrict -Wattribute-alias -Wshift-overflow=2 -Wcast-function-type -Wcast-align=strict -Wno-suggest-attribute=cold -Wno-suggest-attribute=malloc -Wattribute-alias=2 -Wmissing-profile -Wc11-c2x-compat -MD -MT src/CMakeFiles/hdf5-shared.dir/H5Opline.c.o -MF src/CMakeFiles/hdf5-shared.dir/H5Opline.c.o.d -o src/CMakeFiles/hdf5-shared.dir/H5Opline.c.o -c /home/byrn/HDF_Projects/hdf5/dev/src/H5Opline.c
[608/4114] /usr/bin/cc -DH5_BUILT_AS_DYNAMIC_LIB -D_FILE_OFFSET_BITS=64 -D_GNU_SOURCE -D_LARGEFILE_SOURCE -D_POSIX_C_SOURCE=200809L -Dhdf5_shared_EXPORTS -I/home/byrn/HDF_Projects/hdf5/dev/src -I/home/byrn/HDF_Projects/hdf5/dev/src/H5FDsubfiling -I/home/byrn/HDF_Projects/hdf5/build/ci-StdShar-GNUC/src -I/home/byrn/HDF_Projects/hdf5/build/ci-StdShar-GNUC/_deps/hdf5_zlib-build -I/home/byrn/HDF_Projects/hdf5/build/ci-StdShar-GNUC/_deps/hdf5_zlib-src -I/home/byrn/HDF_Projects/hdf5/build/ci-StdShar-GNUC/_deps/szip-build -I/home/byrn/HDF_Projects/hdf5/build/ci-StdShar-GNUC/_deps/szip-src/include -I/home/byrn/HDF_Projects/hdf5/build/ci-StdShar-GNUC/_deps/szip-src -std=c99  -fstdarg-opt -fdiagnostics-urls=never -fno-diagnostics-color -fmessage-length=0 -O2 -g -DNDEBUG -std=gnu99 -fPIC -Wall -Wcast-qual -Wconversion -Wextra -Wfloat-equal -Wformat=2 -Winit-self -Winvalid-pch -Wmissing-include-dirs -Wshadow -Wundef -Wwrite-strings -pedantic -Wno-c++-compat -Wbad-function-cast -Wcast-align -Wformat -Wimplicit-function-declaration -Wint-to-pointer-cast -Wmissing-declarations -Wmissing-prototypes -Wnested-externs -Wold-style-definition -Wpacked -Wpointer-sign -Wpointer-to-int-cast -Wredundant-decls -Wstrict-prototypes -Wswitch -Wunused-but-set-variable -Wunused-variable -Wunused-function -Wunused-parameter -finline-functions -Wno-aggregate-return -Wno-inline -Wno-missing-format-attribute -Wno-missing-noreturn -Wno-overlength-strings -Wlarger-than=2560 -Wlogical-op -Wframe-larger-than=16384 -Wpacked-bitfield-compat -Wsync-nand -Wno-unsuffixed-float-constants -Wdouble-promotion -Wtrampolines -Wstack-usage=8192 -Wmaybe-uninitialized -Wno-jump-misses-init -Wstrict-overflow=2 -Wno-suggest-attribute=const -Wno-suggest-attribute=noreturn -Wno-suggest-attribute=pure -Wno-suggest-attribute=format -Wdate-time -Warray-bounds=2 -Wc99-c11-compat -Wincompatible-pointer-types -Wint-conversion -Wduplicated-cond -Whsa -Wnormalized -Wnull-dereference -Wunused-const-variable -Walloca -Walloc-zero -Wduplicated-branches -Wformat-overflow=2 -Wformat-truncation=1 -Wrestrict -Wattribute-alias -Wshift-overflow=2 -Wcast-function-type -Wcast-align=strict -Wno-suggest-attribute=cold -Wno-suggest-attribute=malloc -Wattribute-alias=2 -Wmissing-profile -Wc11-c2x-compat -MD -MT src/CMakeFiles/hdf5-shared.dir/H5Oshared.c.o -MF src/CMakeFiles/hdf5-shared.dir/H5Oshared.c.o.d -o src/CMakeFiles/hdf5-shared.dir/H5Oshared.c.o -c /home/byrn/HDF_Projects/hdf5/dev/src/H5Oshared.c
[609/4114] /usr/bin/cc -DH5_BUILT_AS_DYNAMIC_LIB -D_FILE_OFFSET_BITS=64 -D_GNU_SOURCE -D_LARGEFILE_SOURCE -D_POSIX_C_SOURCE=200809L -Dhdf5_shared_EXPORTS -I/home/byrn/HDF_Projects/hdf5/dev/src -I/home/byrn/HDF_Projects/hdf5/dev/src/H5FDsubfiling -I/home/byrn/HDF_Projects/hdf5/build/ci-StdShar-GNUC/src -I/home/byrn/HDF_Projects/hdf5/build/ci-StdShar-GNUC/_deps/hdf5_zlib-build -I/home/byrn/HDF_Projects/hdf5/build/ci-StdShar-GNUC/_deps/hdf5_zlib-src -I/home/byrn/HDF_Projects/hdf5/build/ci-StdShar-GNUC/_deps/szip-build -I/home/byrn/HDF_Projects/hdf5/build/ci-StdShar-GNUC/_deps/szip-src/include -I/home/byrn/HDF_Projects/hdf5/build/ci-StdShar-GNUC/_deps/szip-src -std=c99  -fstdarg-opt -fdiagnostics-urls=never -fno-diagnostics-color -fmessage-length=0 -O2 -g -DNDEBUG -std=gnu99 -fPIC -Wall -Wcast-qual -Wconversion -Wextra -Wfloat-equal -Wformat=2 -Winit-self -Winvalid-pch -Wmissing-include-dirs -Wshadow -Wundef -Wwrite-strings -pedantic -Wno-c++-compat -Wbad-function-cast -Wcast-align -Wformat -Wimplicit-function-declaration -Wint-to-pointer-cast -Wmissing-declarations -Wmissing-prototypes -Wnested-externs -Wold-style-definition -Wpacked -Wpointer-sign -Wpointer-to-int-cast -Wredundant-decls -Wstrict-prototypes -Wswitch -Wunused-but-set-variable -Wunused-variable -Wunused-function -Wunused-parameter -finline-functions -Wno-aggregate-return -Wno-inline -Wno-missing-format-attribute -Wno-missing-noreturn -Wno-overlength-strings -Wlarger-than=2560 -Wlogical-op -Wframe-larger-than=16384 -Wpacked-bitfield-compat -Wsync-nand -Wno-unsuffixed-float-constants -Wdouble-promotion -Wtrampolines -Wstack-usage=8192 -Wmaybe-uninitialized -Wno-jump-misses-init -Wstrict-overflow=2 -Wno-suggest-attribute=const -Wno-suggest-attribute=noreturn -Wno-suggest-attribute=pure -Wno-suggest-attribute=format -Wdate-time -Warray-bounds=2 -Wc99-c11-compat -Wincompatible-pointer-types -Wint-conversion -Wduplicated-cond -Whsa -Wnormalized -Wnull-dereference -Wunused-const-variable -Walloca -Walloc-zero -Wduplicated-branches -Wformat-overflow=2 -Wformat-truncation=1 -Wrestrict -Wattribute-alias -Wshift-overflow=2 -Wcast-function-type -Wcast-align=strict -Wno-suggest-attribute=cold -Wno-suggest-attribute=malloc -Wattribute-alias=2 -Wmissing-profile -Wc11-c2x-compat -MD -MT src/CMakeFiles/hdf5-shared.dir/H5Osdspace.c.o -MF src/CMakeFiles/hdf5-shared.dir/H5Osdspace.c.o.d -o src/CMakeFiles/hdf5-shared.dir/H5Osdspace.c.o -c /home/byrn/HDF_Projects/hdf5/dev/src/H5Osdspace.c
[610/4114] /usr/bin/cc -DH5_BUILT_AS_DYNAMIC_LIB -D_FILE_OFFSET_BITS=64 -D_GNU_SOURCE -D_LARGEFILE_SOURCE -D_POSIX_C_SOURCE=200809L -Dhdf5_shared_EXPORTS -I/home/byrn/HDF_Projects/hdf5/dev/src -I/home/byrn/HDF_Projects/hdf5/dev/src/H5FDsubfiling -I/home/byrn/HDF_Projects/hdf5/build/ci-StdShar-GNUC/src -I/home/byrn/HDF_Projects/hdf5/build/ci-StdShar-GNUC/_deps/hdf5_zlib-build -I/home/byrn/HDF_Projects/hdf5/build/ci-StdShar-GNUC/_deps/hdf5_zlib-src -I/home/byrn/HDF_Projects/hdf5/build/ci-StdShar-GNUC/_deps/szip-build -I/home/byrn/HDF_Projects/hdf5/build/ci-StdShar-GNUC/_deps/szip-src/include -I/home/byrn/HDF_Projects/hdf5/build/ci-StdShar-GNUC/_deps/szip-src -std=c99  -fstdarg-opt -fdiagnostics-urls=never -fno-diagnostics-color -fmessage-length=0 -O2 -g -DNDEBUG -std=gnu99 -fPIC -Wall -Wcast-qual -Wconversion -Wextra -Wfloat-equal -Wformat=2 -Winit-self -Winvalid-pch -Wmissing-include-dirs -Wshadow -Wundef -Wwrite-strings -pedantic -Wno-c++-compat -Wbad-function-cast -Wcast-align -Wformat -Wimplicit-function-declaration -Wint-to-pointer-cast -Wmissing-declarations -Wmissing-prototypes -Wnested-externs -Wold-style-definition -Wpacked -Wpointer-sign -Wpointer-to-int-cast -Wredundant-decls -Wstrict-prototypes -Wswitch -Wunused-but-set-variable -Wunused-variable -Wunused-function -Wunused-parameter -finline-functions -Wno-aggregate-return -Wno-inline -Wno-missing-format-attribute -Wno-missing-noreturn -Wno-overlength-strings -Wlarger-than=2560 -Wlogical-op -Wframe-larger-than=16384 -Wpacked-bitfield-compat -Wsync-nand -Wno-unsuffixed-float-constants -Wdouble-promotion -Wtrampolines -Wstack-usage=8192 -Wmaybe-uninitialized -Wno-jump-misses-init -Wstrict-overflow=2 -Wno-suggest-attribute=const -Wno-suggest-attribute=noreturn -Wno-suggest-attribute=pure -Wno-suggest-attribute=format -Wdate-time -Warray-bounds=2 -Wc99-c11-compat -Wincompatible-pointer-types -Wint-conversion -Wduplicated-cond -Whsa -Wnormalized -Wnull-dereference -Wunused-const-variable -Walloca -Walloc-zero -Wduplicated-branches -Wformat-overflow=2 -Wformat-truncation=1 -Wrestrict -Wattribute-alias -Wshift-overflow=2 -Wcast-function-type -Wcast-align=strict -Wno-suggest-attribute=cold -Wno-suggest-attribute=malloc -Wattribute-alias=2 -Wmissing-profile -Wc11-c2x-compat -MD -MT src/CMakeFiles/hdf5-shared.dir/H5Pacpl.c.o -MF src/CMakeFiles/hdf5-shared.dir/H5Pacpl.c.o.d -o src/CMakeFiles/hdf5-shared.dir/H5Pacpl.c.o -c /home/byrn/HDF_Projects/hdf5/dev/src/H5Pacpl.c
[611/4114] /usr/bin/cc -DH5_BUILT_AS_DYNAMIC_LIB -D_FILE_OFFSET_BITS=64 -D_GNU_SOURCE -D_LARGEFILE_SOURCE -D_POSIX_C_SOURCE=200809L -Dhdf5_shared_EXPORTS -I/home/byrn/HDF_Projects/hdf5/dev/src -I/home/byrn/HDF_Projects/hdf5/dev/src/H5FDsubfiling -I/home/byrn/HDF_Projects/hdf5/build/ci-StdShar-GNUC/src -I/home/byrn/HDF_Projects/hdf5/build/ci-StdShar-GNUC/_deps/hdf5_zlib-build -I/home/byrn/HDF_Projects/hdf5/build/ci-StdShar-GNUC/_deps/hdf5_zlib-src -I/home/byrn/HDF_Projects/hdf5/build/ci-StdShar-GNUC/_deps/szip-build -I/home/byrn/HDF_Projects/hdf5/build/ci-StdShar-GNUC/_deps/szip-src/include -I/home/byrn/HDF_Projects/hdf5/build/ci-StdShar-GNUC/_deps/szip-src -std=c99  -fstdarg-opt -fdiagnostics-urls=never -fno-diagnostics-color -fmessage-length=0 -O2 -g -DNDEBUG -std=gnu99 -fPIC -Wall -Wcast-qual -Wconversion -Wextra -Wfloat-equal -Wformat=2 -Winit-self -Winvalid-pch -Wmissing-include-dirs -Wshadow -Wundef -Wwrite-strings -pedantic -Wno-c++-compat -Wbad-function-cast -Wcast-align -Wformat -Wimplicit-function-declaration -Wint-to-pointer-cast -Wmissing-declarations -Wmissing-prototypes -Wnested-externs -Wold-style-definition -Wpacked -Wpointer-sign -Wpointer-to-int-cast -Wredundant-decls -Wstrict-prototypes -Wswitch -Wunused-but-set-variable -Wunused-variable -Wunused-function -Wunused-parameter -finline-functions -Wno-aggregate-return -Wno-inline -Wno-missing-format-attribute -Wno-missing-noreturn -Wno-overlength-strings -Wlarger-than=2560 -Wlogical-op -Wframe-larger-than=16384 -Wpacked-bitfield-compat -Wsync-nand -Wno-unsuffixed-float-constants -Wdouble-promotion -Wtrampolines -Wstack-usage=8192 -Wmaybe-uninitialized -Wno-jump-misses-init -Wstrict-overflow=2 -Wno-suggest-attribute=const -Wno-suggest-attribute=noreturn -Wno-suggest-attribute=pure -Wno-suggest-attribute=format -Wdate-time -Warray-bounds=2 -Wc99-c11-compat -Wincompatible-pointer-types -Wint-conversion -Wduplicated-cond -Whsa -Wnormalized -Wnull-dereference -Wunused-const-variable -Walloca -Walloc-zero -Wduplicated-branches -Wformat-overflow=2 -Wformat-truncation=1 -Wrestrict -Wattribute-alias -Wshift-overflow=2 -Wcast-function-type -Wcast-align=strict -Wno-suggest-attribute=cold -Wno-suggest-attribute=malloc -Wattribute-alias=2 -Wmissing-profile -Wc11-c2x-compat -MD -MT src/CMakeFiles/hdf5-shared.dir/H5Ounknown.c.o -MF src/CMakeFiles/hdf5-shared.dir/H5Ounknown.c.o.d -o src/CMakeFiles/hdf5-shared.dir/H5Ounknown.c.o -c /home/byrn/HDF_Projects/hdf5/dev/src/H5Ounknown.c
[612/4114] /usr/bin/cc -DH5_BUILT_AS_DYNAMIC_LIB -D_FILE_OFFSET_BITS=64 -D_GNU_SOURCE -D_LARGEFILE_SOURCE -D_POSIX_C_SOURCE=200809L -Dhdf5_shared_EXPORTS -I/home/byrn/HDF_Projects/hdf5/dev/src -I/home/byrn/HDF_Projects/hdf5/dev/src/H5FDsubfiling -I/home/byrn/HDF_Projects/hdf5/build/ci-StdShar-GNUC/src -I/home/byrn/HDF_Projects/hdf5/build/ci-StdShar-GNUC/_deps/hdf5_zlib-build -I/home/byrn/HDF_Projects/hdf5/build/ci-StdShar-GNUC/_deps/hdf5_zlib-src -I/home/byrn/HDF_Projects/hdf5/build/ci-StdShar-GNUC/_deps/szip-build -I/home/byrn/HDF_Projects/hdf5/build/ci-StdShar-GNUC/_deps/szip-src/include -I/home/byrn/HDF_Projects/hdf5/build/ci-StdShar-GNUC/_deps/szip-src -std=c99  -fstdarg-opt -fdiagnostics-urls=never -fno-diagnostics-color -fmessage-length=0 -O2 -g -DNDEBUG -std=gnu99 -fPIC -Wall -Wcast-qual -Wconversion -Wextra -Wfloat-equal -Wformat=2 -Winit-self -Winvalid-pch -Wmissing-include-dirs -Wshadow -Wundef -Wwrite-strings -pedantic -Wno-c++-compat -Wbad-function-cast -Wcast-align -Wformat -Wimplicit-function-declaration -Wint-to-pointer-cast -Wmissing-declarations -Wmissing-prototypes -Wnested-externs -Wold-style-definition -Wpacked -Wpointer-sign -Wpointer-to-int-cast -Wredundant-decls -Wstrict-prototypes -Wswitch -Wunused-but-set-variable -Wunused-variable -Wunused-function -Wunused-parameter -finline-functions -Wno-aggregate-return -Wno-inline -Wno-missing-format-attribute -Wno-missing-noreturn -Wno-overlength-strings -Wlarger-than=2560 -Wlogical-op -Wframe-larger-than=16384 -Wpacked-bitfield-compat -Wsync-nand -Wno-unsuffixed-float-constants -Wdouble-promotion -Wtrampolines -Wstack-usage=8192 -Wmaybe-uninitialized -Wno-jump-misses-init -Wstrict-overflow=2 -Wno-suggest-attribute=const -Wno-suggest-attribute=noreturn -Wno-suggest-attribute=pure -Wno-suggest-attribute=format -Wdate-time -Warray-bounds=2 -Wc99-c11-compat -Wincompatible-pointer-types -Wint-conversion -Wduplicated-cond -Whsa -Wnormalized -Wnull-dereference -Wunused-const-variable -Walloca -Walloc-zero -Wduplicated-branches -Wformat-overflow=2 -Wformat-truncation=1 -Wrestrict -Wattribute-alias -Wshift-overflow=2 -Wcast-function-type -Wcast-align=strict -Wno-suggest-attribute=cold -Wno-suggest-attribute=malloc -Wattribute-alias=2 -Wmissing-profile -Wc11-c2x-compat -MD -MT src/CMakeFiles/hdf5-shared.dir/H5Otest.c.o -MF src/CMakeFiles/hdf5-shared.dir/H5Otest.c.o.d -o src/CMakeFiles/hdf5-shared.dir/H5Otest.c.o -c /home/byrn/HDF_Projects/hdf5/dev/src/H5Otest.c
[613/4114] /usr/bin/cc -DH5_BUILT_AS_DYNAMIC_LIB -D_FILE_OFFSET_BITS=64 -D_GNU_SOURCE -D_LARGEFILE_SOURCE -D_POSIX_C_SOURCE=200809L -Dhdf5_shared_EXPORTS -I/home/byrn/HDF_Projects/hdf5/dev/src -I/home/byrn/HDF_Projects/hdf5/dev/src/H5FDsubfiling -I/home/byrn/HDF_Projects/hdf5/build/ci-StdShar-GNUC/src -I/home/byrn/HDF_Projects/hdf5/build/ci-StdShar-GNUC/_deps/hdf5_zlib-build -I/home/byrn/HDF_Projects/hdf5/build/ci-StdShar-GNUC/_deps/hdf5_zlib-src -I/home/byrn/HDF_Projects/hdf5/build/ci-StdShar-GNUC/_deps/szip-build -I/home/byrn/HDF_Projects/hdf5/build/ci-StdShar-GNUC/_deps/szip-src/include -I/home/byrn/HDF_Projects/hdf5/build/ci-StdShar-GNUC/_deps/szip-src -std=c99  -fstdarg-opt -fdiagnostics-urls=never -fno-diagnostics-color -fmessage-length=0 -O2 -g -DNDEBUG -std=gnu99 -fPIC -Wall -Wcast-qual -Wconversion -Wextra -Wfloat-equal -Wformat=2 -Winit-self -Winvalid-pch -Wmissing-include-dirs -Wshadow -Wundef -Wwrite-strings -pedantic -Wno-c++-compat -Wbad-function-cast -Wcast-align -Wformat -Wimplicit-function-declaration -Wint-to-pointer-cast -Wmissing-declarations -Wmissing-prototypes -Wnested-externs -Wold-style-definition -Wpacked -Wpointer-sign -Wpointer-to-int-cast -Wredundant-decls -Wstrict-prototypes -Wswitch -Wunused-but-set-variable -Wunused-variable -Wunused-function -Wunused-parameter -finline-functions -Wno-aggregate-return -Wno-inline -Wno-missing-format-attribute -Wno-missing-noreturn -Wno-overlength-strings -Wlarger-than=2560 -Wlogical-op -Wframe-larger-than=16384 -Wpacked-bitfield-compat -Wsync-nand -Wno-unsuffixed-float-constants -Wdouble-promotion -Wtrampolines -Wstack-usage=8192 -Wmaybe-uninitialized -Wno-jump-misses-init -Wstrict-overflow=2 -Wno-suggest-attribute=const -Wno-suggest-attribute=noreturn -Wno-suggest-attribute=pure -Wno-suggest-attribute=format -Wdate-time -Warray-bounds=2 -Wc99-c11-compat -Wincompatible-pointer-types -Wint-conversion -Wduplicated-cond -Whsa -Wnormalized -Wnull-dereference -Wunused-const-variable -Walloca -Walloc-zero -Wduplicated-branches -Wformat-overflow=2 -Wformat-truncation=1 -Wrestrict -Wattribute-alias -Wshift-overflow=2 -Wcast-function-type -Wcast-align=strict -Wno-suggest-attribute=cold -Wno-suggest-attribute=malloc -Wattribute-alias=2 -Wmissing-profile -Wc11-c2x-compat -MD -MT src/CMakeFiles/hdf5-shared.dir/H5Pdeprec.c.o -MF src/CMakeFiles/hdf5-shared.dir/H5Pdeprec.c.o.d -o src/CMakeFiles/hdf5-shared.dir/H5Pdeprec.c.o -c /home/byrn/HDF_Projects/hdf5/dev/src/H5Pdeprec.c
[614/4114] /usr/bin/cc -DH5_BUILT_AS_DYNAMIC_LIB -D_FILE_OFFSET_BITS=64 -D_GNU_SOURCE -D_LARGEFILE_SOURCE -D_POSIX_C_SOURCE=200809L -Dhdf5_shared_EXPORTS -I/home/byrn/HDF_Projects/hdf5/dev/src -I/home/byrn/HDF_Projects/hdf5/dev/src/H5FDsubfiling -I/home/byrn/HDF_Projects/hdf5/build/ci-StdShar-GNUC/src -I/home/byrn/HDF_Projects/hdf5/build/ci-StdShar-GNUC/_deps/hdf5_zlib-build -I/home/byrn/HDF_Projects/hdf5/build/ci-StdShar-GNUC/_deps/hdf5_zlib-src -I/home/byrn/HDF_Projects/hdf5/build/ci-StdShar-GNUC/_deps/szip-build -I/home/byrn/HDF_Projects/hdf5/build/ci-StdShar-GNUC/_deps/szip-src/include -I/home/byrn/HDF_Projects/hdf5/build/ci-StdShar-GNUC/_deps/szip-src -std=c99  -fstdarg-opt -fdiagnostics-urls=never -fno-diagnostics-color -fmessage-length=0 -O2 -g -DNDEBUG -std=gnu99 -fPIC -Wall -Wcast-qual -Wconversion -Wextra -Wfloat-equal -Wformat=2 -Winit-self -Winvalid-pch -Wmissing-include-dirs -Wshadow -Wundef -Wwrite-strings -pedantic -Wno-c++-compat -Wbad-function-cast -Wcast-align -Wformat -Wimplicit-function-declaration -Wint-to-pointer-cast -Wmissing-declarations -Wmissing-prototypes -Wnested-externs -Wold-style-definition -Wpacked -Wpointer-sign -Wpointer-to-int-cast -Wredundant-decls -Wstrict-prototypes -Wswitch -Wunused-but-set-variable -Wunused-variable -Wunused-function -Wunused-parameter -finline-functions -Wno-aggregate-return -Wno-inline -Wno-missing-format-attribute -Wno-missing-noreturn -Wno-overlength-strings -Wlarger-than=2560 -Wlogical-op -Wframe-larger-than=16384 -Wpacked-bitfield-compat -Wsync-nand -Wno-unsuffixed-float-constants -Wdouble-promotion -Wtrampolines -Wstack-usage=8192 -Wmaybe-uninitialized -Wno-jump-misses-init -Wstrict-overflow=2 -Wno-suggest-attribute=const -Wno-suggest-attribute=noreturn -Wno-suggest-attribute=pure -Wno-suggest-attribute=format -Wdate-time -Warray-bounds=2 -Wc99-c11-compat -Wincompatible-pointer-types -Wint-conversion -Wduplicated-cond -Whsa -Wnormalized -Wnull-dereference -Wunused-const-variable -Walloca -Walloc-zero -Wduplicated-branches -Wformat-overflow=2 -Wformat-truncation=1 -Wrestrict -Wattribute-alias -Wshift-overflow=2 -Wcast-function-type -Wcast-align=strict -Wno-suggest-attribute=cold -Wno-suggest-attribute=malloc -Wattribute-alias=2 -Wmissing-profile -Wc11-c2x-compat -MD -MT src/CMakeFiles/hdf5-shared.dir/H5Pencdec.c.o -MF src/CMakeFiles/hdf5-shared.dir/H5Pencdec.c.o.d -o src/CMakeFiles/hdf5-shared.dir/H5Pencdec.c.o -c /home/byrn/HDF_Projects/hdf5/dev/src/H5Pencdec.c
[615/4114] /usr/bin/cc -DH5_BUILT_AS_DYNAMIC_LIB -D_FILE_OFFSET_BITS=64 -D_GNU_SOURCE -D_LARGEFILE_SOURCE -D_POSIX_C_SOURCE=200809L -Dhdf5_shared_EXPORTS -I/home/byrn/HDF_Projects/hdf5/dev/src -I/home/byrn/HDF_Projects/hdf5/dev/src/H5FDsubfiling -I/home/byrn/HDF_Projects/hdf5/build/ci-StdShar-GNUC/src -I/home/byrn/HDF_Projects/hdf5/build/ci-StdShar-GNUC/_deps/hdf5_zlib-build -I/home/byrn/HDF_Projects/hdf5/build/ci-StdShar-GNUC/_deps/hdf5_zlib-src -I/home/byrn/HDF_Projects/hdf5/build/ci-StdShar-GNUC/_deps/szip-build -I/home/byrn/HDF_Projects/hdf5/build/ci-StdShar-GNUC/_deps/szip-src/include -I/home/byrn/HDF_Projects/hdf5/build/ci-StdShar-GNUC/_deps/szip-src -std=c99  -fstdarg-opt -fdiagnostics-urls=never -fno-diagnostics-color -fmessage-length=0 -O2 -g -DNDEBUG -std=gnu99 -fPIC -Wall -Wcast-qual -Wconversion -Wextra -Wfloat-equal -Wformat=2 -Winit-self -Winvalid-pch -Wmissing-include-dirs -Wshadow -Wundef -Wwrite-strings -pedantic -Wno-c++-compat -Wbad-function-cast -Wcast-align -Wformat -Wimplicit-function-declaration -Wint-to-pointer-cast -Wmissing-declarations -Wmissing-prototypes -Wnested-externs -Wold-style-definition -Wpacked -Wpointer-sign -Wpointer-to-int-cast -Wredundant-decls -Wstrict-prototypes -Wswitch -Wunused-but-set-variable -Wunused-variable -Wunused-function -Wunused-parameter -finline-functions -Wno-aggregate-return -Wno-inline -Wno-missing-format-attribute -Wno-missing-noreturn -Wno-overlength-strings -Wlarger-than=2560 -Wlogical-op -Wframe-larger-than=16384 -Wpacked-bitfield-compat -Wsync-nand -Wno-unsuffixed-float-constants -Wdouble-promotion -Wtrampolines -Wstack-usage=8192 -Wmaybe-uninitialized -Wno-jump-misses-init -Wstrict-overflow=2 -Wno-suggest-attribute=const -Wno-suggest-attribute=noreturn -Wno-suggest-attribute=pure -Wno-suggest-attribute=format -Wdate-time -Warray-bounds=2 -Wc99-c11-compat -Wincompatible-pointer-types -Wint-conversion -Wduplicated-cond -Whsa -Wnormalized -Wnull-dereference -Wunused-const-variable -Walloca -Walloc-zero -Wduplicated-branches -Wformat-overflow=2 -Wformat-truncation=1 -Wrestrict -Wattribute-alias -Wshift-overflow=2 -Wcast-function-type -Wcast-align=strict -Wno-suggest-attribute=cold -Wno-suggest-attribute=malloc -Wattribute-alias=2 -Wmissing-profile -Wc11-c2x-compat -MD -MT src/CMakeFiles/hdf5-shared.dir/H5Pdapl.c.o -MF src/CMakeFiles/hdf5-shared.dir/H5Pdapl.c.o.d -o src/CMakeFiles/hdf5-shared.dir/H5Pdapl.c.o -c /home/byrn/HDF_Projects/hdf5/dev/src/H5Pdapl.c
[616/4114] /usr/bin/cc -DH5_BUILT_AS_DYNAMIC_LIB -D_FILE_OFFSET_BITS=64 -D_GNU_SOURCE -D_LARGEFILE_SOURCE -D_POSIX_C_SOURCE=200809L -Dhdf5_shared_EXPORTS -I/home/byrn/HDF_Projects/hdf5/dev/src -I/home/byrn/HDF_Projects/hdf5/dev/src/H5FDsubfiling -I/home/byrn/HDF_Projects/hdf5/build/ci-StdShar-GNUC/src -I/home/byrn/HDF_Projects/hdf5/build/ci-StdShar-GNUC/_deps/hdf5_zlib-build -I/home/byrn/HDF_Projects/hdf5/build/ci-StdShar-GNUC/_deps/hdf5_zlib-src -I/home/byrn/HDF_Projects/hdf5/build/ci-StdShar-GNUC/_deps/szip-build -I/home/byrn/HDF_Projects/hdf5/build/ci-StdShar-GNUC/_deps/szip-src/include -I/home/byrn/HDF_Projects/hdf5/build/ci-StdShar-GNUC/_deps/szip-src -std=c99  -fstdarg-opt -fdiagnostics-urls=never -fno-diagnostics-color -fmessage-length=0 -O2 -g -DNDEBUG -std=gnu99 -fPIC -Wall -Wcast-qual -Wconversion -Wextra -Wfloat-equal -Wformat=2 -Winit-self -Winvalid-pch -Wmissing-include-dirs -Wshadow -Wundef -Wwrite-strings -pedantic -Wno-c++-compat -Wbad-function-cast -Wcast-align -Wformat -Wimplicit-function-declaration -Wint-to-pointer-cast -Wmissing-declarations -Wmissing-prototypes -Wnested-externs -Wold-style-definition -Wpacked -Wpointer-sign -Wpointer-to-int-cast -Wredundant-decls -Wstrict-prototypes -Wswitch -Wunused-but-set-variable -Wunused-variable -Wunused-function -Wunused-parameter -finline-functions -Wno-aggregate-return -Wno-inline -Wno-missing-format-attribute -Wno-missing-noreturn -Wno-overlength-strings -Wlarger-than=2560 -Wlogical-op -Wframe-larger-than=16384 -Wpacked-bitfield-compat -Wsync-nand -Wno-unsuffixed-float-constants -Wdouble-promotion -Wtrampolines -Wstack-usage=8192 -Wmaybe-uninitialized -Wno-jump-misses-init -Wstrict-overflow=2 -Wno-suggest-attribute=const -Wno-suggest-attribute=noreturn -Wno-suggest-attribute=pure -Wno-suggest-attribute=format -Wdate-time -Warray-bounds=2 -Wc99-c11-compat -Wincompatible-pointer-types -Wint-conversion -Wduplicated-cond -Whsa -Wnormalized -Wnull-dereference -Wunused-const-variable -Walloca -Walloc-zero -Wduplicated-branches -Wformat-overflow=2 -Wformat-truncation=1 -Wrestrict -Wattribute-alias -Wshift-overflow=2 -Wcast-function-type -Wcast-align=strict -Wno-suggest-attribute=cold -Wno-suggest-attribute=malloc -Wattribute-alias=2 -Wmissing-profile -Wc11-c2x-compat -MD -MT src/CMakeFiles/hdf5-shared.dir/H5P.c.o -MF src/CMakeFiles/hdf5-shared.dir/H5P.c.o.d -o src/CMakeFiles/hdf5-shared.dir/H5P.c.o -c /home/byrn/HDF_Projects/hdf5/dev/src/H5P.c
[617/4114] /usr/bin/cc -DH5_BUILT_AS_DYNAMIC_LIB -D_FILE_OFFSET_BITS=64 -D_GNU_SOURCE -D_LARGEFILE_SOURCE -D_POSIX_C_SOURCE=200809L -Dhdf5_shared_EXPORTS -I/home/byrn/HDF_Projects/hdf5/dev/src -I/home/byrn/HDF_Projects/hdf5/dev/src/H5FDsubfiling -I/home/byrn/HDF_Projects/hdf5/build/ci-StdShar-GNUC/src -I/home/byrn/HDF_Projects/hdf5/build/ci-StdShar-GNUC/_deps/hdf5_zlib-build -I/home/byrn/HDF_Projects/hdf5/build/ci-StdShar-GNUC/_deps/hdf5_zlib-src -I/home/byrn/HDF_Projects/hdf5/build/ci-StdShar-GNUC/_deps/szip-build -I/home/byrn/HDF_Projects/hdf5/build/ci-StdShar-GNUC/_deps/szip-src/include -I/home/byrn/HDF_Projects/hdf5/build/ci-StdShar-GNUC/_deps/szip-src -std=c99  -fstdarg-opt -fdiagnostics-urls=never -fno-diagnostics-color -fmessage-length=0 -O2 -g -DNDEBUG -std=gnu99 -fPIC -Wall -Wcast-qual -Wconversion -Wextra -Wfloat-equal -Wformat=2 -Winit-self -Winvalid-pch -Wmissing-include-dirs -Wshadow -Wundef -Wwrite-strings -pedantic -Wno-c++-compat -Wbad-function-cast -Wcast-align -Wformat -Wimplicit-function-declaration -Wint-to-pointer-cast -Wmissing-declarations -Wmissing-prototypes -Wnested-externs -Wold-style-definition -Wpacked -Wpointer-sign -Wpointer-to-int-cast -Wredundant-decls -Wstrict-prototypes -Wswitch -Wunused-but-set-variable -Wunused-variable -Wunused-function -Wunused-parameter -finline-functions -Wno-aggregate-return -Wno-inline -Wno-missing-format-attribute -Wno-missing-noreturn -Wno-overlength-strings -Wlarger-than=2560 -Wlogical-op -Wframe-larger-than=16384 -Wpacked-bitfield-compat -Wsync-nand -Wno-unsuffixed-float-constants -Wdouble-promotion -Wtrampolines -Wstack-usage=8192 -Wmaybe-uninitialized -Wno-jump-misses-init -Wstrict-overflow=2 -Wno-suggest-attribute=const -Wno-suggest-attribute=noreturn -Wno-suggest-attribute=pure -Wno-suggest-attribute=format -Wdate-time -Warray-bounds=2 -Wc99-c11-compat -Wincompatible-pointer-types -Wint-conversion -Wduplicated-cond -Whsa -Wnormalized -Wnull-dereference -Wunused-const-variable -Walloca -Walloc-zero -Wduplicated-branches -Wformat-overflow=2 -Wformat-truncation=1 -Wrestrict -Wattribute-alias -Wshift-overflow=2 -Wcast-function-type -Wcast-align=strict -Wno-suggest-attribute=cold -Wno-suggest-attribute=malloc -Wattribute-alias=2 -Wmissing-profile -Wc11-c2x-compat -MD -MT src/CMakeFiles/hdf5-shared.dir/H5Pfmpl.c.o -MF src/CMakeFiles/hdf5-shared.dir/H5Pfmpl.c.o.d -o src/CMakeFiles/hdf5-shared.dir/H5Pfmpl.c.o -c /home/byrn/HDF_Projects/hdf5/dev/src/H5Pfmpl.c
[618/4114] /usr/bin/cc -DH5_BUILT_AS_DYNAMIC_LIB -D_FILE_OFFSET_BITS=64 -D_GNU_SOURCE -D_LARGEFILE_SOURCE -D_POSIX_C_SOURCE=200809L -Dhdf5_shared_EXPORTS -I/home/byrn/HDF_Projects/hdf5/dev/src -I/home/byrn/HDF_Projects/hdf5/dev/src/H5FDsubfiling -I/home/byrn/HDF_Projects/hdf5/build/ci-StdShar-GNUC/src -I/home/byrn/HDF_Projects/hdf5/build/ci-StdShar-GNUC/_deps/hdf5_zlib-build -I/home/byrn/HDF_Projects/hdf5/build/ci-StdShar-GNUC/_deps/hdf5_zlib-src -I/home/byrn/HDF_Projects/hdf5/build/ci-StdShar-GNUC/_deps/szip-build -I/home/byrn/HDF_Projects/hdf5/build/ci-StdShar-GNUC/_deps/szip-src/include -I/home/byrn/HDF_Projects/hdf5/build/ci-StdShar-GNUC/_deps/szip-src -std=c99  -fstdarg-opt -fdiagnostics-urls=never -fno-diagnostics-color -fmessage-length=0 -O2 -g -DNDEBUG -std=gnu99 -fPIC -Wall -Wcast-qual -Wconversion -Wextra -Wfloat-equal -Wformat=2 -Winit-self -Winvalid-pch -Wmissing-include-dirs -Wshadow -Wundef -Wwrite-strings -pedantic -Wno-c++-compat -Wbad-function-cast -Wcast-align -Wformat -Wimplicit-function-declaration -Wint-to-pointer-cast -Wmissing-declarations -Wmissing-prototypes -Wnested-externs -Wold-style-definition -Wpacked -Wpointer-sign -Wpointer-to-int-cast -Wredundant-decls -Wstrict-prototypes -Wswitch -Wunused-but-set-variable -Wunused-variable -Wunused-function -Wunused-parameter -finline-functions -Wno-aggregate-return -Wno-inline -Wno-missing-format-attribute -Wno-missing-noreturn -Wno-overlength-strings -Wlarger-than=2560 -Wlogical-op -Wframe-larger-than=16384 -Wpacked-bitfield-compat -Wsync-nand -Wno-unsuffixed-float-constants -Wdouble-promotion -Wtrampolines -Wstack-usage=8192 -Wmaybe-uninitialized -Wno-jump-misses-init -Wstrict-overflow=2 -Wno-suggest-attribute=const -Wno-suggest-attribute=noreturn -Wno-suggest-attribute=pure -Wno-suggest-attribute=format -Wdate-time -Warray-bounds=2 -Wc99-c11-compat -Wincompatible-pointer-types -Wint-conversion -Wduplicated-cond -Whsa -Wnormalized -Wnull-dereference -Wunused-const-variable -Walloca -Walloc-zero -Wduplicated-branches -Wformat-overflow=2 -Wformat-truncation=1 -Wrestrict -Wattribute-alias -Wshift-overflow=2 -Wcast-function-type -Wcast-align=strict -Wno-suggest-attribute=cold -Wno-suggest-attribute=malloc -Wattribute-alias=2 -Wmissing-profile -Wc11-c2x-compat -MD -MT src/CMakeFiles/hdf5-shared.dir/H5Pfcpl.c.o -MF src/CMakeFiles/hdf5-shared.dir/H5Pfcpl.c.o.d -o src/CMakeFiles/hdf5-shared.dir/H5Pfcpl.c.o -c /home/byrn/HDF_Projects/hdf5/dev/src/H5Pfcpl.c
[619/4114] /usr/bin/cc -DH5_BUILT_AS_DYNAMIC_LIB -D_FILE_OFFSET_BITS=64 -D_GNU_SOURCE -D_LARGEFILE_SOURCE -D_POSIX_C_SOURCE=200809L -Dhdf5_shared_EXPORTS -I/home/byrn/HDF_Projects/hdf5/dev/src -I/home/byrn/HDF_Projects/hdf5/dev/src/H5FDsubfiling -I/home/byrn/HDF_Projects/hdf5/build/ci-StdShar-GNUC/src -I/home/byrn/HDF_Projects/hdf5/build/ci-StdShar-GNUC/_deps/hdf5_zlib-build -I/home/byrn/HDF_Projects/hdf5/build/ci-StdShar-GNUC/_deps/hdf5_zlib-src -I/home/byrn/HDF_Projects/hdf5/build/ci-StdShar-GNUC/_deps/szip-build -I/home/byrn/HDF_Projects/hdf5/build/ci-StdShar-GNUC/_deps/szip-src/include -I/home/byrn/HDF_Projects/hdf5/build/ci-StdShar-GNUC/_deps/szip-src -std=c99  -fstdarg-opt -fdiagnostics-urls=never -fno-diagnostics-color -fmessage-length=0 -O2 -g -DNDEBUG -std=gnu99 -fPIC -Wall -Wcast-qual -Wconversion -Wextra -Wfloat-equal -Wformat=2 -Winit-self -Winvalid-pch -Wmissing-include-dirs -Wshadow -Wundef -Wwrite-strings -pedantic -Wno-c++-compat -Wbad-function-cast -Wcast-align -Wformat -Wimplicit-function-declaration -Wint-to-pointer-cast -Wmissing-declarations -Wmissing-prototypes -Wnested-externs -Wold-style-definition -Wpacked -Wpointer-sign -Wpointer-to-int-cast -Wredundant-decls -Wstrict-prototypes -Wswitch -Wunused-but-set-variable -Wunused-variable -Wunused-function -Wunused-parameter -finline-functions -Wno-aggregate-return -Wno-inline -Wno-missing-format-attribute -Wno-missing-noreturn -Wno-overlength-strings -Wlarger-than=2560 -Wlogical-op -Wframe-larger-than=16384 -Wpacked-bitfield-compat -Wsync-nand -Wno-unsuffixed-float-constants -Wdouble-promotion -Wtrampolines -Wstack-usage=8192 -Wmaybe-uninitialized -Wno-jump-misses-init -Wstrict-overflow=2 -Wno-suggest-attribute=const -Wno-suggest-attribute=noreturn -Wno-suggest-attribute=pure -Wno-suggest-attribute=format -Wdate-time -Warray-bounds=2 -Wc99-c11-compat -Wincompatible-pointer-types -Wint-conversion -Wduplicated-cond -Whsa -Wnormalized -Wnull-dereference -Wunused-const-variable -Walloca -Walloc-zero -Wduplicated-branches -Wformat-overflow=2 -Wformat-truncation=1 -Wrestrict -Wattribute-alias -Wshift-overflow=2 -Wcast-function-type -Wcast-align=strict -Wno-suggest-attribute=cold -Wno-suggest-attribute=malloc -Wattribute-alias=2 -Wmissing-profile -Wc11-c2x-compat -MD -MT src/CMakeFiles/hdf5-shared.dir/H5Pdxpl.c.o -MF src/CMakeFiles/hdf5-shared.dir/H5Pdxpl.c.o.d -o src/CMakeFiles/hdf5-shared.dir/H5Pdxpl.c.o -c /home/byrn/HDF_Projects/hdf5/dev/src/H5Pdxpl.c
[620/4114] /usr/bin/cc -DH5_BUILT_AS_DYNAMIC_LIB -D_FILE_OFFSET_BITS=64 -D_GNU_SOURCE -D_LARGEFILE_SOURCE -D_POSIX_C_SOURCE=200809L -Dhdf5_shared_EXPORTS -I/home/byrn/HDF_Projects/hdf5/dev/src -I/home/byrn/HDF_Projects/hdf5/dev/src/H5FDsubfiling -I/home/byrn/HDF_Projects/hdf5/build/ci-StdShar-GNUC/src -I/home/byrn/HDF_Projects/hdf5/build/ci-StdShar-GNUC/_deps/hdf5_zlib-build -I/home/byrn/HDF_Projects/hdf5/build/ci-StdShar-GNUC/_deps/hdf5_zlib-src -I/home/byrn/HDF_Projects/hdf5/build/ci-StdShar-GNUC/_deps/szip-build -I/home/byrn/HDF_Projects/hdf5/build/ci-StdShar-GNUC/_deps/szip-src/include -I/home/byrn/HDF_Projects/hdf5/build/ci-StdShar-GNUC/_deps/szip-src -std=c99  -fstdarg-opt -fdiagnostics-urls=never -fno-diagnostics-color -fmessage-length=0 -O2 -g -DNDEBUG -std=gnu99 -fPIC -Wall -Wcast-qual -Wconversion -Wextra -Wfloat-equal -Wformat=2 -Winit-self -Winvalid-pch -Wmissing-include-dirs -Wshadow -Wundef -Wwrite-strings -pedantic -Wno-c++-compat -Wbad-function-cast -Wcast-align -Wformat -Wimplicit-function-declaration -Wint-to-pointer-cast -Wmissing-declarations -Wmissing-prototypes -Wnested-externs -Wold-style-definition -Wpacked -Wpointer-sign -Wpointer-to-int-cast -Wredundant-decls -Wstrict-prototypes -Wswitch -Wunused-but-set-variable -Wunused-variable -Wunused-function -Wunused-parameter -finline-functions -Wno-aggregate-return -Wno-inline -Wno-missing-format-attribute -Wno-missing-noreturn -Wno-overlength-strings -Wlarger-than=2560 -Wlogical-op -Wframe-larger-than=16384 -Wpacked-bitfield-compat -Wsync-nand -Wno-unsuffixed-float-constants -Wdouble-promotion -Wtrampolines -Wstack-usage=8192 -Wmaybe-uninitialized -Wno-jump-misses-init -Wstrict-overflow=2 -Wno-suggest-attribute=const -Wno-suggest-attribute=noreturn -Wno-suggest-attribute=pure -Wno-suggest-attribute=format -Wdate-time -Warray-bounds=2 -Wc99-c11-compat -Wincompatible-pointer-types -Wint-conversion -Wduplicated-cond -Whsa -Wnormalized -Wnull-dereference -Wunused-const-variable -Walloca -Walloc-zero -Wduplicated-branches -Wformat-overflow=2 -Wformat-truncation=1 -Wrestrict -Wattribute-alias -Wshift-overflow=2 -Wcast-function-type -Wcast-align=strict -Wno-suggest-attribute=cold -Wno-suggest-attribute=malloc -Wattribute-alias=2 -Wmissing-profile -Wc11-c2x-compat -MD -MT src/CMakeFiles/hdf5-shared.dir/H5Pgcpl.c.o -MF src/CMakeFiles/hdf5-shared.dir/H5Pgcpl.c.o.d -o src/CMakeFiles/hdf5-shared.dir/H5Pgcpl.c.o -c /home/byrn/HDF_Projects/hdf5/dev/src/H5Pgcpl.c
[621/4114] /usr/bin/cc -DH5_BUILT_AS_DYNAMIC_LIB -D_FILE_OFFSET_BITS=64 -D_GNU_SOURCE -D_LARGEFILE_SOURCE -D_POSIX_C_SOURCE=200809L -Dhdf5_shared_EXPORTS -I/home/byrn/HDF_Projects/hdf5/dev/src -I/home/byrn/HDF_Projects/hdf5/dev/src/H5FDsubfiling -I/home/byrn/HDF_Projects/hdf5/build/ci-StdShar-GNUC/src -I/home/byrn/HDF_Projects/hdf5/build/ci-StdShar-GNUC/_deps/hdf5_zlib-build -I/home/byrn/HDF_Projects/hdf5/build/ci-StdShar-GNUC/_deps/hdf5_zlib-src -I/home/byrn/HDF_Projects/hdf5/build/ci-StdShar-GNUC/_deps/szip-build -I/home/byrn/HDF_Projects/hdf5/build/ci-StdShar-GNUC/_deps/szip-src/include -I/home/byrn/HDF_Projects/hdf5/build/ci-StdShar-GNUC/_deps/szip-src -std=c99  -fstdarg-opt -fdiagnostics-urls=never -fno-diagnostics-color -fmessage-length=0 -O2 -g -DNDEBUG -std=gnu99 -fPIC -Wall -Wcast-qual -Wconversion -Wextra -Wfloat-equal -Wformat=2 -Winit-self -Winvalid-pch -Wmissing-include-dirs -Wshadow -Wundef -Wwrite-strings -pedantic -Wno-c++-compat -Wbad-function-cast -Wcast-align -Wformat -Wimplicit-function-declaration -Wint-to-pointer-cast -Wmissing-declarations -Wmissing-prototypes -Wnested-externs -Wold-style-definition -Wpacked -Wpointer-sign -Wpointer-to-int-cast -Wredundant-decls -Wstrict-prototypes -Wswitch -Wunused-but-set-variable -Wunused-variable -Wunused-function -Wunused-parameter -finline-functions -Wno-aggregate-return -Wno-inline -Wno-missing-format-attribute -Wno-missing-noreturn -Wno-overlength-strings -Wlarger-than=2560 -Wlogical-op -Wframe-larger-than=16384 -Wpacked-bitfield-compat -Wsync-nand -Wno-unsuffixed-float-constants -Wdouble-promotion -Wtrampolines -Wstack-usage=8192 -Wmaybe-uninitialized -Wno-jump-misses-init -Wstrict-overflow=2 -Wno-suggest-attribute=const -Wno-suggest-attribute=noreturn -Wno-suggest-attribute=pure -Wno-suggest-attribute=format -Wdate-time -Warray-bounds=2 -Wc99-c11-compat -Wincompatible-pointer-types -Wint-conversion -Wduplicated-cond -Whsa -Wnormalized -Wnull-dereference -Wunused-const-variable -Walloca -Walloc-zero -Wduplicated-branches -Wformat-overflow=2 -Wformat-truncation=1 -Wrestrict -Wattribute-alias -Wshift-overflow=2 -Wcast-function-type -Wcast-align=strict -Wno-suggest-attribute=cold -Wno-suggest-attribute=malloc -Wattribute-alias=2 -Wmissing-profile -Wc11-c2x-compat -MD -MT src/CMakeFiles/hdf5-shared.dir/H5Pmapl.c.o -MF src/CMakeFiles/hdf5-shared.dir/H5Pmapl.c.o.d -o src/CMakeFiles/hdf5-shared.dir/H5Pmapl.c.o -c /home/byrn/HDF_Projects/hdf5/dev/src/H5Pmapl.c
[622/4114] /usr/bin/cc -DH5_BUILT_AS_DYNAMIC_LIB -D_FILE_OFFSET_BITS=64 -D_GNU_SOURCE -D_LARGEFILE_SOURCE -D_POSIX_C_SOURCE=200809L -Dhdf5_shared_EXPORTS -I/home/byrn/HDF_Projects/hdf5/dev/src -I/home/byrn/HDF_Projects/hdf5/dev/src/H5FDsubfiling -I/home/byrn/HDF_Projects/hdf5/build/ci-StdShar-GNUC/src -I/home/byrn/HDF_Projects/hdf5/build/ci-StdShar-GNUC/_deps/hdf5_zlib-build -I/home/byrn/HDF_Projects/hdf5/build/ci-StdShar-GNUC/_deps/hdf5_zlib-src -I/home/byrn/HDF_Projects/hdf5/build/ci-StdShar-GNUC/_deps/szip-build -I/home/byrn/HDF_Projects/hdf5/build/ci-StdShar-GNUC/_deps/szip-src/include -I/home/byrn/HDF_Projects/hdf5/build/ci-StdShar-GNUC/_deps/szip-src -std=c99  -fstdarg-opt -fdiagnostics-urls=never -fno-diagnostics-color -fmessage-length=0 -O2 -g -DNDEBUG -std=gnu99 -fPIC -Wall -Wcast-qual -Wconversion -Wextra -Wfloat-equal -Wformat=2 -Winit-self -Winvalid-pch -Wmissing-include-dirs -Wshadow -Wundef -Wwrite-strings -pedantic -Wno-c++-compat -Wbad-function-cast -Wcast-align -Wformat -Wimplicit-function-declaration -Wint-to-pointer-cast -Wmissing-declarations -Wmissing-prototypes -Wnested-externs -Wold-style-definition -Wpacked -Wpointer-sign -Wpointer-to-int-cast -Wredundant-decls -Wstrict-prototypes -Wswitch -Wunused-but-set-variable -Wunused-variable -Wunused-function -Wunused-parameter -finline-functions -Wno-aggregate-return -Wno-inline -Wno-missing-format-attribute -Wno-missing-noreturn -Wno-overlength-strings -Wlarger-than=2560 -Wlogical-op -Wframe-larger-than=16384 -Wpacked-bitfield-compat -Wsync-nand -Wno-unsuffixed-float-constants -Wdouble-promotion -Wtrampolines -Wstack-usage=8192 -Wmaybe-uninitialized -Wno-jump-misses-init -Wstrict-overflow=2 -Wno-suggest-attribute=const -Wno-suggest-attribute=noreturn -Wno-suggest-attribute=pure -Wno-suggest-attribute=format -Wdate-time -Warray-bounds=2 -Wc99-c11-compat -Wincompatible-pointer-types -Wint-conversion -Wduplicated-cond -Whsa -Wnormalized -Wnull-dereference -Wunused-const-variable -Walloca -Walloc-zero -Wduplicated-branches -Wformat-overflow=2 -Wformat-truncation=1 -Wrestrict -Wattribute-alias -Wshift-overflow=2 -Wcast-function-type -Wcast-align=strict -Wno-suggest-attribute=cold -Wno-suggest-attribute=malloc -Wattribute-alias=2 -Wmissing-profile -Wc11-c2x-compat -MD -MT src/CMakeFiles/hdf5-shared.dir/H5Pmcpl.c.o -MF src/CMakeFiles/hdf5-shared.dir/H5Pmcpl.c.o.d -o src/CMakeFiles/hdf5-shared.dir/H5Pmcpl.c.o -c /home/byrn/HDF_Projects/hdf5/dev/src/H5Pmcpl.c
[623/4114] /usr/bin/cc -D_FILE_OFFSET_BITS=64 -D_GNU_SOURCE -D_LARGEFILE_SOURCE -D_POSIX_C_SOURCE=200809L -I/home/byrn/HDF_Projects/hdf5/dev/src -I/home/byrn/HDF_Projects/hdf5/dev/src/H5FDsubfiling -I/home/byrn/HDF_Projects/hdf5/build/ci-StdShar-GNUC/src -I/home/byrn/HDF_Projects/hdf5/build/ci-StdShar-GNUC/_deps/hdf5_zlib-build -I/home/byrn/HDF_Projects/hdf5/build/ci-StdShar-GNUC/_deps/hdf5_zlib-src -I/home/byrn/HDF_Projects/hdf5/build/ci-StdShar-GNUC/_deps/szip-build -I/home/byrn/HDF_Projects/hdf5/build/ci-StdShar-GNUC/_deps/szip-src/include -I/home/byrn/HDF_Projects/hdf5/build/ci-StdShar-GNUC/_deps/szip-src -std=c99  -fstdarg-opt -fdiagnostics-urls=never -fno-diagnostics-color -fmessage-length=0 -O2 -g -DNDEBUG -std=gnu99 -fPIC -Wall -Wcast-qual -Wconversion -Wextra -Wfloat-equal -Wformat=2 -Winit-self -Winvalid-pch -Wmissing-include-dirs -Wshadow -Wundef -Wwrite-strings -pedantic -Wno-c++-compat -Wbad-function-cast -Wcast-align -Wformat -Wimplicit-function-declaration -Wint-to-pointer-cast -Wmissing-declarations -Wmissing-prototypes -Wnested-externs -Wold-style-definition -Wpacked -Wpointer-sign -Wpointer-to-int-cast -Wredundant-decls -Wstrict-prototypes -Wswitch -Wunused-but-set-variable -Wunused-variable -Wunused-function -Wunused-parameter -finline-functions -Wno-aggregate-return -Wno-inline -Wno-missing-format-attribute -Wno-missing-noreturn -Wno-overlength-strings -Wlarger-than=2560 -Wlogical-op -Wframe-larger-than=16384 -Wpacked-bitfield-compat -Wsync-nand -Wno-unsuffixed-float-constants -Wdouble-promotion -Wtrampolines -Wstack-usage=8192 -Wmaybe-uninitialized -Wno-jump-misses-init -Wstrict-overflow=2 -Wno-suggest-attribute=const -Wno-suggest-attribute=noreturn -Wno-suggest-attribute=pure -Wno-suggest-attribute=format -Wdate-time -Warray-bounds=2 -Wc99-c11-compat -Wincompatible-pointer-types -Wint-conversion -Wduplicated-cond -Whsa -Wnormalized -Wnull-dereference -Wunused-const-variable -Walloca -Walloc-zero -Wduplicated-branches -Wformat-overflow=2 -Wformat-truncation=1 -Wrestrict -Wattribute-alias -Wshift-overflow=2 -Wcast-function-type -Wcast-align=strict -Wno-suggest-attribute=cold -Wno-suggest-attribute=malloc -Wattribute-alias=2 -Wmissing-profile -Wc11-c2x-compat -MD -MT src/CMakeFiles/hdf5-static.dir/H5Tconv_integer.c.o -MF src/CMakeFiles/hdf5-static.dir/H5Tconv_integer.c.o.d -o src/CMakeFiles/hdf5-static.dir/H5Tconv_integer.c.o -c /home/byrn/HDF_Projects/hdf5/dev/src/H5Tconv_integer.c
/home/byrn/HDF_Projects/hdf5/dev/src/H5Tconv_integer.c: In function ‘H5T__conv_ushort__Float16’:
/home/byrn/HDF_Projects/hdf5/dev/src/H5Tconv_integer.c:1746:5: warning: non-standard suffix on floating constant before C23 [-Wc11-c23-compat]
 1746 |     H5T_CONV_Xf(USHORT, FLOAT16, unsigned short, H5__Float16, -FLT16_MAX, FLT16_MAX);
      |     ^~~~~~~~~~~
/home/byrn/HDF_Projects/hdf5/dev/src/H5Tconv_integer.c:1746:5: warning: non-standard suffix on floating constant before C23 [-Wc11-c23-compat]
/home/byrn/HDF_Projects/hdf5/dev/src/H5Tconv_integer.c:1746:5: warning: non-standard suffix on floating constant before C23 [-Wc11-c23-compat]
/home/byrn/HDF_Projects/hdf5/dev/src/H5Tconv_integer.c:1746:5: warning: non-standard suffix on floating constant before C23 [-Wc11-c23-compat]
/home/byrn/HDF_Projects/hdf5/dev/src/H5Tconv_integer.c:1746:5: warning: non-standard suffix on floating constant before C23 [-Wc11-c23-compat]
/home/byrn/HDF_Projects/hdf5/dev/src/H5Tconv_integer.c:1746:5: warning: non-standard suffix on floating constant before C23 [-Wc11-c23-compat]
/home/byrn/HDF_Projects/hdf5/dev/src/H5Tconv_integer.c:1746:5: warning: non-standard suffix on floating constant before C23 [-Wc11-c23-compat]
/home/byrn/HDF_Projects/hdf5/dev/src/H5Tconv_integer.c:1746:5: warning: non-standard suffix on floating constant before C23 [-Wc11-c23-compat]
/home/byrn/HDF_Projects/hdf5/dev/src/H5Tconv_integer.c:1746:5: warning: non-standard suffix on floating constant before C23 [-Wc11-c23-compat]
/home/byrn/HDF_Projects/hdf5/dev/src/H5Tconv_integer.c:1746:5: warning: non-standard suffix on floating constant before C23 [-Wc11-c23-compat]
/home/byrn/HDF_Projects/hdf5/dev/src/H5Tconv_integer.c:1746:5: warning: non-standard suffix on floating constant before C23 [-Wc11-c23-compat]
/home/byrn/HDF_Projects/hdf5/dev/src/H5Tconv_integer.c:1746:5: warning: non-standard suffix on floating constant before C23 [-Wc11-c23-compat]
/home/byrn/HDF_Projects/hdf5/dev/src/H5Tconv_integer.c:1746:5: warning: non-standard suffix on floating constant before C23 [-Wc11-c23-compat]
/home/byrn/HDF_Projects/hdf5/dev/src/H5Tconv_integer.c:1746:5: warning: non-standard suffix on floating constant before C23 [-Wc11-c23-compat]
/home/byrn/HDF_Projects/hdf5/dev/src/H5Tconv_integer.c:1746:5: warning: non-standard suffix on floating constant before C23 [-Wc11-c23-compat]
/home/byrn/HDF_Projects/hdf5/dev/src/H5Tconv_integer.c:1746:5: warning: non-standard suffix on floating constant before C23 [-Wc11-c23-compat]
/home/byrn/HDF_Projects/hdf5/dev/src/H5Tconv_integer.c:1746:5: warning: non-standard suffix on floating constant before C23 [-Wc11-c23-compat]
/home/byrn/HDF_Projects/hdf5/dev/src/H5Tconv_integer.c:1746:5: warning: non-standard suffix on floating constant before C23 [-Wc11-c23-compat]
/home/byrn/HDF_Projects/hdf5/dev/src/H5Tconv_integer.c:1746:5: warning: non-standard suffix on floating constant before C23 [-Wc11-c23-compat]
/home/byrn/HDF_Projects/hdf5/dev/src/H5Tconv_integer.c:1746:5: warning: non-standard suffix on floating constant before C23 [-Wc11-c23-compat]
/home/byrn/HDF_Projects/hdf5/dev/src/H5Tconv_integer.c: In function ‘H5T__conv_int__Float16’:
/home/byrn/HDF_Projects/hdf5/dev/src/H5Tconv_integer.c:1975:5: warning: non-standard suffix on floating constant before C23 [-Wc11-c23-compat]
 1975 |     H5T_CONV_Xf(INT, FLOAT16, int, H5__Float16, -FLT16_MAX, FLT16_MAX);
      |     ^~~~~~~~~~~
/home/byrn/HDF_Projects/hdf5/dev/src/H5Tconv_integer.c:1975:5: warning: non-standard suffix on floating constant before C23 [-Wc11-c23-compat]
/home/byrn/HDF_Projects/hdf5/dev/src/H5Tconv_integer.c:1975:5: warning: non-standard suffix on floating constant before C23 [-Wc11-c23-compat]
/home/byrn/HDF_Projects/hdf5/dev/src/H5Tconv_integer.c:1975:5: warning: non-standard suffix on floating constant before C23 [-Wc11-c23-compat]
/home/byrn/HDF_Projects/hdf5/dev/src/H5Tconv_integer.c:1975:5: warning: non-standard suffix on floating constant before C23 [-Wc11-c23-compat]
/home/byrn/HDF_Projects/hdf5/dev/src/H5Tconv_integer.c:1975:5: warning: non-standard suffix on floating constant before C23 [-Wc11-c23-compat]
/home/byrn/HDF_Projects/hdf5/dev/src/H5Tconv_integer.c:1975:5: warning: non-standard suffix on floating constant before C23 [-Wc11-c23-compat]
/home/byrn/HDF_Projects/hdf5/dev/src/H5Tconv_integer.c:1975:5: warning: non-standard suffix on floating constant before C23 [-Wc11-c23-compat]
/home/byrn/HDF_Projects/hdf5/dev/src/H5Tconv_integer.c:1975:5: warning: non-standard suffix on floating constant before C23 [-Wc11-c23-compat]
/home/byrn/HDF_Projects/hdf5/dev/src/H5Tconv_integer.c:1975:5: warning: non-standard suffix on floating constant before C23 [-Wc11-c23-compat]
/home/byrn/HDF_Projects/hdf5/dev/src/H5Tconv_integer.c:1975:5: warning: non-standard suffix on floating constant before C23 [-Wc11-c23-compat]
/home/byrn/HDF_Projects/hdf5/dev/src/H5Tconv_integer.c:1975:5: warning: non-standard suffix on floating constant before C23 [-Wc11-c23-compat]
/home/byrn/HDF_Projects/hdf5/dev/src/H5Tconv_integer.c:1975:5: warning: non-standard suffix on floating constant before C23 [-Wc11-c23-compat]
/home/byrn/HDF_Projects/hdf5/dev/src/H5Tconv_integer.c:1975:5: warning: non-standard suffix on floating constant before C23 [-Wc11-c23-compat]
/home/byrn/HDF_Projects/hdf5/dev/src/H5Tconv_integer.c:1975:5: warning: non-standard suffix on floating constant before C23 [-Wc11-c23-compat]
/home/byrn/HDF_Projects/hdf5/dev/src/H5Tconv_integer.c:1975:5: warning: non-standard suffix on floating constant before C23 [-Wc11-c23-compat]
/home/byrn/HDF_Projects/hdf5/dev/src/H5Tconv_integer.c:1975:5: warning: non-standard suffix on floating constant before C23 [-Wc11-c23-compat]
/home/byrn/HDF_Projects/hdf5/dev/src/H5Tconv_integer.c:1975:5: warning: non-standard suffix on floating constant before C23 [-Wc11-c23-compat]
/home/byrn/HDF_Projects/hdf5/dev/src/H5Tconv_integer.c:1975:5: warning: non-standard suffix on floating constant before C23 [-Wc11-c23-compat]
/home/byrn/HDF_Projects/hdf5/dev/src/H5Tconv_integer.c:1975:5: warning: non-standard suffix on floating constant before C23 [-Wc11-c23-compat]
/home/byrn/HDF_Projects/hdf5/dev/src/H5Tconv_integer.c: In function ‘H5T__conv_uint__Float16’:
/home/byrn/HDF_Projects/hdf5/dev/src/H5Tconv_integer.c:2204:5: warning: non-standard suffix on floating constant before C23 [-Wc11-c23-compat]
 2204 |     H5T_CONV_Xf(UINT, FLOAT16, unsigned int, H5__Float16, -FLT16_MAX, FLT16_MAX);
      |     ^~~~~~~~~~~
/home/byrn/HDF_Projects/hdf5/dev/src/H5Tconv_integer.c:2204:5: warning: non-standard suffix on floating constant before C23 [-Wc11-c23-compat]
/home/byrn/HDF_Projects/hdf5/dev/src/H5Tconv_integer.c:2204:5: warning: non-standard suffix on floating constant before C23 [-Wc11-c23-compat]
/home/byrn/HDF_Projects/hdf5/dev/src/H5Tconv_integer.c:2204:5: warning: non-standard suffix on floating constant before C23 [-Wc11-c23-compat]
/home/byrn/HDF_Projects/hdf5/dev/src/H5Tconv_integer.c:2204:5: warning: non-standard suffix on floating constant before C23 [-Wc11-c23-compat]
/home/byrn/HDF_Projects/hdf5/dev/src/H5Tconv_integer.c:2204:5: warning: non-standard suffix on floating constant before C23 [-Wc11-c23-compat]
/home/byrn/HDF_Projects/hdf5/dev/src/H5Tconv_integer.c:2204:5: warning: non-standard suffix on floating constant before C23 [-Wc11-c23-compat]
/home/byrn/HDF_Projects/hdf5/dev/src/H5Tconv_integer.c:2204:5: warning: non-standard suffix on floating constant before C23 [-Wc11-c23-compat]
/home/byrn/HDF_Projects/hdf5/dev/src/H5Tconv_integer.c:2204:5: warning: non-standard suffix on floating constant before C23 [-Wc11-c23-compat]
/home/byrn/HDF_Projects/hdf5/dev/src/H5Tconv_integer.c:2204:5: warning: non-standard suffix on floating constant before C23 [-Wc11-c23-compat]
/home/byrn/HDF_Projects/hdf5/dev/src/H5Tconv_integer.c:2204:5: warning: non-standard suffix on floating constant before C23 [-Wc11-c23-compat]
/home/byrn/HDF_Projects/hdf5/dev/src/H5Tconv_integer.c:2204:5: warning: non-standard suffix on floating constant before C23 [-Wc11-c23-compat]
/home/byrn/HDF_Projects/hdf5/dev/src/H5Tconv_integer.c:2204:5: warning: non-standard suffix on floating constant before C23 [-Wc11-c23-compat]
/home/byrn/HDF_Projects/hdf5/dev/src/H5Tconv_integer.c:2204:5: warning: non-standard suffix on floating constant before C23 [-Wc11-c23-compat]
/home/byrn/HDF_Projects/hdf5/dev/src/H5Tconv_integer.c:2204:5: warning: non-standard suffix on floating constant before C23 [-Wc11-c23-compat]
/home/byrn/HDF_Projects/hdf5/dev/src/H5Tconv_integer.c:2204:5: warning: non-standard suffix on floating constant before C23 [-Wc11-c23-compat]
/home/byrn/HDF_Projects/hdf5/dev/src/H5Tconv_integer.c:2204:5: warning: non-standard suffix on floating constant before C23 [-Wc11-c23-compat]
/home/byrn/HDF_Projects/hdf5/dev/src/H5Tconv_integer.c:2204:5: warning: non-standard suffix on floating constant before C23 [-Wc11-c23-compat]
/home/byrn/HDF_Projects/hdf5/dev/src/H5Tconv_integer.c:2204:5: warning: non-standard suffix on floating constant before C23 [-Wc11-c23-compat]
/home/byrn/HDF_Projects/hdf5/dev/src/H5Tconv_integer.c:2204:5: warning: non-standard suffix on floating constant before C23 [-Wc11-c23-compat]
/home/byrn/HDF_Projects/hdf5/dev/src/H5Tconv_integer.c: In function ‘H5T__conv_long__Float16’:
/home/byrn/HDF_Projects/hdf5/dev/src/H5Tconv_integer.c:2433:5: warning: non-standard suffix on floating constant before C23 [-Wc11-c23-compat]
 2433 |     H5T_CONV_Xf(LONG, FLOAT16, long, H5__Float16, -FLT16_MAX, FLT16_MAX);
      |     ^~~~~~~~~~~
/home/byrn/HDF_Projects/hdf5/dev/src/H5Tconv_integer.c:2433:5: warning: non-standard suffix on floating constant before C23 [-Wc11-c23-compat]
/home/byrn/HDF_Projects/hdf5/dev/src/H5Tconv_integer.c:2433:5: warning: non-standard suffix on floating constant before C23 [-Wc11-c23-compat]
/home/byrn/HDF_Projects/hdf5/dev/src/H5Tconv_integer.c:2433:5: warning: non-standard suffix on floating constant before C23 [-Wc11-c23-compat]
/home/byrn/HDF_Projects/hdf5/dev/src/H5Tconv_integer.c:2433:5: warning: non-standard suffix on floating constant before C23 [-Wc11-c23-compat]
/home/byrn/HDF_Projects/hdf5/dev/src/H5Tconv_integer.c:2433:5: warning: non-standard suffix on floating constant before C23 [-Wc11-c23-compat]
/home/byrn/HDF_Projects/hdf5/dev/src/H5Tconv_integer.c:2433:5: warning: non-standard suffix on floating constant before C23 [-Wc11-c23-compat]
/home/byrn/HDF_Projects/hdf5/dev/src/H5Tconv_integer.c:2433:5: warning: non-standard suffix on floating constant before C23 [-Wc11-c23-compat]
/home/byrn/HDF_Projects/hdf5/dev/src/H5Tconv_integer.c:2433:5: warning: non-standard suffix on floating constant before C23 [-Wc11-c23-compat]
/home/byrn/HDF_Projects/hdf5/dev/src/H5Tconv_integer.c:2433:5: warning: non-standard suffix on floating constant before C23 [-Wc11-c23-compat]
/home/byrn/HDF_Projects/hdf5/dev/src/H5Tconv_integer.c:2433:5: warning: non-standard suffix on floating constant before C23 [-Wc11-c23-compat]
/home/byrn/HDF_Projects/hdf5/dev/src/H5Tconv_integer.c:2433:5: warning: non-standard suffix on floating constant before C23 [-Wc11-c23-compat]
/home/byrn/HDF_Projects/hdf5/dev/src/H5Tconv_integer.c:2433:5: warning: non-standard suffix on floating constant before C23 [-Wc11-c23-compat]
/home/byrn/HDF_Projects/hdf5/dev/src/H5Tconv_integer.c:2433:5: warning: non-standard suffix on floating constant before C23 [-Wc11-c23-compat]
/home/byrn/HDF_Projects/hdf5/dev/src/H5Tconv_integer.c:2433:5: warning: non-standard suffix on floating constant before C23 [-Wc11-c23-compat]
/home/byrn/HDF_Projects/hdf5/dev/src/H5Tconv_integer.c:2433:5: warning: non-standard suffix on floating constant before C23 [-Wc11-c23-compat]
/home/byrn/HDF_Projects/hdf5/dev/src/H5Tconv_integer.c:2433:5: warning: non-standard suffix on floating constant before C23 [-Wc11-c23-compat]
/home/byrn/HDF_Projects/hdf5/dev/src/H5Tconv_integer.c:2433:5: warning: non-standard suffix on floating constant before C23 [-Wc11-c23-compat]
/home/byrn/HDF_Projects/hdf5/dev/src/H5Tconv_integer.c:2433:5: warning: non-standard suffix on floating constant before C23 [-Wc11-c23-compat]
/home/byrn/HDF_Projects/hdf5/dev/src/H5Tconv_integer.c:2433:5: warning: non-standard suffix on floating constant before C23 [-Wc11-c23-compat]
/home/byrn/HDF_Projects/hdf5/dev/src/H5Tconv_integer.c: In function ‘H5T__conv_ulong__Float16’:
/home/byrn/HDF_Projects/hdf5/dev/src/H5Tconv_integer.c:2662:5: warning: non-standard suffix on floating constant before C23 [-Wc11-c23-compat]
 2662 |     H5T_CONV_Xf(ULONG, FLOAT16, unsigned long, H5__Float16, -FLT16_MAX, FLT16_MAX);
      |     ^~~~~~~~~~~
/home/byrn/HDF_Projects/hdf5/dev/src/H5Tconv_integer.c:2662:5: warning: non-standard suffix on floating constant before C23 [-Wc11-c23-compat]
/home/byrn/HDF_Projects/hdf5/dev/src/H5Tconv_integer.c:2662:5: warning: non-standard suffix on floating constant before C23 [-Wc11-c23-compat]
/home/byrn/HDF_Projects/hdf5/dev/src/H5Tconv_integer.c:2662:5: warning: non-standard suffix on floating constant before C23 [-Wc11-c23-compat]
/home/byrn/HDF_Projects/hdf5/dev/src/H5Tconv_integer.c:2662:5: warning: non-standard suffix on floating constant before C23 [-Wc11-c23-compat]
/home/byrn/HDF_Projects/hdf5/dev/src/H5Tconv_integer.c:2662:5: warning: non-standard suffix on floating constant before C23 [-Wc11-c23-compat]
/home/byrn/HDF_Projects/hdf5/dev/src/H5Tconv_integer.c:2662:5: warning: non-standard suffix on floating constant before C23 [-Wc11-c23-compat]
/home/byrn/HDF_Projects/hdf5/dev/src/H5Tconv_integer.c:2662:5: warning: non-standard suffix on floating constant before C23 [-Wc11-c23-compat]
/home/byrn/HDF_Projects/hdf5/dev/src/H5Tconv_integer.c:2662:5: warning: non-standard suffix on floating constant before C23 [-Wc11-c23-compat]
/home/byrn/HDF_Projects/hdf5/dev/src/H5Tconv_integer.c:2662:5: warning: non-standard suffix on floating constant before C23 [-Wc11-c23-compat]
/home/byrn/HDF_Projects/hdf5/dev/src/H5Tconv_integer.c:2662:5: warning: non-standard suffix on floating constant before C23 [-Wc11-c23-compat]
/home/byrn/HDF_Projects/hdf5/dev/src/H5Tconv_integer.c:2662:5: warning: non-standard suffix on floating constant before C23 [-Wc11-c23-compat]
/home/byrn/HDF_Projects/hdf5/dev/src/H5Tconv_integer.c:2662:5: warning: non-standard suffix on floating constant before C23 [-Wc11-c23-compat]
/home/byrn/HDF_Projects/hdf5/dev/src/H5Tconv_integer.c:2662:5: warning: non-standard suffix on floating constant before C23 [-Wc11-c23-compat]
/home/byrn/HDF_Projects/hdf5/dev/src/H5Tconv_integer.c:2662:5: warning: non-standard suffix on floating constant before C23 [-Wc11-c23-compat]
/home/byrn/HDF_Projects/hdf5/dev/src/H5Tconv_integer.c:2662:5: warning: non-standard suffix on floating constant before C23 [-Wc11-c23-compat]
/home/byrn/HDF_Projects/hdf5/dev/src/H5Tconv_integer.c:2662:5: warning: non-standard suffix on floating constant before C23 [-Wc11-c23-compat]
/home/byrn/HDF_Projects/hdf5/dev/src/H5Tconv_integer.c:2662:5: warning: non-standard suffix on floating constant before C23 [-Wc11-c23-compat]
/home/byrn/HDF_Projects/hdf5/dev/src/H5Tconv_integer.c:2662:5: warning: non-standard suffix on floating constant before C23 [-Wc11-c23-compat]
/home/byrn/HDF_Projects/hdf5/dev/src/H5Tconv_integer.c:2662:5: warning: non-standard suffix on floating constant before C23 [-Wc11-c23-compat]
/home/byrn/HDF_Projects/hdf5/dev/src/H5Tconv_integer.c: In function ‘H5T__conv_llong__Float16’:
/home/byrn/HDF_Projects/hdf5/dev/src/H5Tconv_integer.c:2891:5: warning: non-standard suffix on floating constant before C23 [-Wc11-c23-compat]
 2891 |     H5T_CONV_Xf(LLONG, FLOAT16, long long, H5__Float16, -FLT16_MAX, FLT16_MAX);
      |     ^~~~~~~~~~~
/home/byrn/HDF_Projects/hdf5/dev/src/H5Tconv_integer.c:2891:5: warning: non-standard suffix on floating constant before C23 [-Wc11-c23-compat]
/home/byrn/HDF_Projects/hdf5/dev/src/H5Tconv_integer.c:2891:5: warning: non-standard suffix on floating constant before C23 [-Wc11-c23-compat]
/home/byrn/HDF_Projects/hdf5/dev/src/H5Tconv_integer.c:2891:5: warning: non-standard suffix on floating constant before C23 [-Wc11-c23-compat]
/home/byrn/HDF_Projects/hdf5/dev/src/H5Tconv_integer.c:2891:5: warning: non-standard suffix on floating constant before C23 [-Wc11-c23-compat]
/home/byrn/HDF_Projects/hdf5/dev/src/H5Tconv_integer.c:2891:5: warning: non-standard suffix on floating constant before C23 [-Wc11-c23-compat]
/home/byrn/HDF_Projects/hdf5/dev/src/H5Tconv_integer.c:2891:5: warning: non-standard suffix on floating constant before C23 [-Wc11-c23-compat]
/home/byrn/HDF_Projects/hdf5/dev/src/H5Tconv_integer.c:2891:5: warning: non-standard suffix on floating constant before C23 [-Wc11-c23-compat]
/home/byrn/HDF_Projects/hdf5/dev/src/H5Tconv_integer.c:2891:5: warning: non-standard suffix on floating constant before C23 [-Wc11-c23-compat]
/home/byrn/HDF_Projects/hdf5/dev/src/H5Tconv_integer.c:2891:5: warning: non-standard suffix on floating constant before C23 [-Wc11-c23-compat]
/home/byrn/HDF_Projects/hdf5/dev/src/H5Tconv_integer.c:2891:5: warning: non-standard suffix on floating constant before C23 [-Wc11-c23-compat]
/home/byrn/HDF_Projects/hdf5/dev/src/H5Tconv_integer.c:2891:5: warning: non-standard suffix on floating constant before C23 [-Wc11-c23-compat]
/home/byrn/HDF_Projects/hdf5/dev/src/H5Tconv_integer.c:2891:5: warning: non-standard suffix on floating constant before C23 [-Wc11-c23-compat]
/home/byrn/HDF_Projects/hdf5/dev/src/H5Tconv_integer.c:2891:5: warning: non-standard suffix on floating constant before C23 [-Wc11-c23-compat]
/home/byrn/HDF_Projects/hdf5/dev/src/H5Tconv_integer.c:2891:5: warning: non-standard suffix on floating constant before C23 [-Wc11-c23-compat]
/home/byrn/HDF_Projects/hdf5/dev/src/H5Tconv_integer.c:2891:5: warning: non-standard suffix on floating constant before C23 [-Wc11-c23-compat]
/home/byrn/HDF_Projects/hdf5/dev/src/H5Tconv_integer.c:2891:5: warning: non-standard suffix on floating constant before C23 [-Wc11-c23-compat]
/home/byrn/HDF_Projects/hdf5/dev/src/H5Tconv_integer.c:2891:5: warning: non-standard suffix on floating constant before C23 [-Wc11-c23-compat]
/home/byrn/HDF_Projects/hdf5/dev/src/H5Tconv_integer.c:2891:5: warning: non-standard suffix on floating constant before C23 [-Wc11-c23-compat]
/home/byrn/HDF_Projects/hdf5/dev/src/H5Tconv_integer.c:2891:5: warning: non-standard suffix on floating constant before C23 [-Wc11-c23-compat]
/home/byrn/HDF_Projects/hdf5/dev/src/H5Tconv_integer.c: In function ‘H5T__conv_ullong__Float16’:
/home/byrn/HDF_Projects/hdf5/dev/src/H5Tconv_integer.c:3122:5: warning: non-standard suffix on floating constant before C23 [-Wc11-c23-compat]
 3122 |     H5T_CONV_Xf(ULLONG, FLOAT16, unsigned long long, H5__Float16, -FLT16_MAX, FLT16_MAX);
      |     ^~~~~~~~~~~
/home/byrn/HDF_Projects/hdf5/dev/src/H5Tconv_integer.c:3122:5: warning: non-standard suffix on floating constant before C23 [-Wc11-c23-compat]
/home/byrn/HDF_Projects/hdf5/dev/src/H5Tconv_integer.c:3122:5: warning: non-standard suffix on floating constant before C23 [-Wc11-c23-compat]
/home/byrn/HDF_Projects/hdf5/dev/src/H5Tconv_integer.c:3122:5: warning: non-standard suffix on floating constant before C23 [-Wc11-c23-compat]
/home/byrn/HDF_Projects/hdf5/dev/src/H5Tconv_integer.c:3122:5: warning: non-standard suffix on floating constant before C23 [-Wc11-c23-compat]
/home/byrn/HDF_Projects/hdf5/dev/src/H5Tconv_integer.c:3122:5: warning: non-standard suffix on floating constant before C23 [-Wc11-c23-compat]
/home/byrn/HDF_Projects/hdf5/dev/src/H5Tconv_integer.c:3122:5: warning: non-standard suffix on floating constant before C23 [-Wc11-c23-compat]
/home/byrn/HDF_Projects/hdf5/dev/src/H5Tconv_integer.c:3122:5: warning: non-standard suffix on floating constant before C23 [-Wc11-c23-compat]
/home/byrn/HDF_Projects/hdf5/dev/src/H5Tconv_integer.c:3122:5: warning: non-standard suffix on floating constant before C23 [-Wc11-c23-compat]
/home/byrn/HDF_Projects/hdf5/dev/src/H5Tconv_integer.c:3122:5: warning: non-standard suffix on floating constant before C23 [-Wc11-c23-compat]
/home/byrn/HDF_Projects/hdf5/dev/src/H5Tconv_integer.c:3122:5: warning: non-standard suffix on floating constant before C23 [-Wc11-c23-compat]
/home/byrn/HDF_Projects/hdf5/dev/src/H5Tconv_integer.c:3122:5: warning: non-standard suffix on floating constant before C23 [-Wc11-c23-compat]
/home/byrn/HDF_Projects/hdf5/dev/src/H5Tconv_integer.c:3122:5: warning: non-standard suffix on floating constant before C23 [-Wc11-c23-compat]
/home/byrn/HDF_Projects/hdf5/dev/src/H5Tconv_integer.c:3122:5: warning: non-standard suffix on floating constant before C23 [-Wc11-c23-compat]
/home/byrn/HDF_Projects/hdf5/dev/src/H5Tconv_integer.c:3122:5: warning: non-standard suffix on floating constant before C23 [-Wc11-c23-compat]
/home/byrn/HDF_Projects/hdf5/dev/src/H5Tconv_integer.c:3122:5: warning: non-standard suffix on floating constant before C23 [-Wc11-c23-compat]
/home/byrn/HDF_Projects/hdf5/dev/src/H5Tconv_integer.c:3122:5: warning: non-standard suffix on floating constant before C23 [-Wc11-c23-compat]
/home/byrn/HDF_Projects/hdf5/dev/src/H5Tconv_integer.c:3122:5: warning: non-standard suffix on floating constant before C23 [-Wc11-c23-compat]
/home/byrn/HDF_Projects/hdf5/dev/src/H5Tconv_integer.c:3122:5: warning: non-standard suffix on floating constant before C23 [-Wc11-c23-compat]
/home/byrn/HDF_Projects/hdf5/dev/src/H5Tconv_integer.c:3122:5: warning: non-standard suffix on floating constant before C23 [-Wc11-c23-compat]
[624/4114] /usr/bin/cc -DH5_BUILT_AS_DYNAMIC_LIB -D_FILE_OFFSET_BITS=64 -D_GNU_SOURCE -D_LARGEFILE_SOURCE -D_POSIX_C_SOURCE=200809L -Dhdf5_shared_EXPORTS -I/home/byrn/HDF_Projects/hdf5/dev/src -I/home/byrn/HDF_Projects/hdf5/dev/src/H5FDsubfiling -I/home/byrn/HDF_Projects/hdf5/build/ci-StdShar-GNUC/src -I/home/byrn/HDF_Projects/hdf5/build/ci-StdShar-GNUC/_deps/hdf5_zlib-build -I/home/byrn/HDF_Projects/hdf5/build/ci-StdShar-GNUC/_deps/hdf5_zlib-src -I/home/byrn/HDF_Projects/hdf5/build/ci-StdShar-GNUC/_deps/szip-build -I/home/byrn/HDF_Projects/hdf5/build/ci-StdShar-GNUC/_deps/szip-src/include -I/home/byrn/HDF_Projects/hdf5/build/ci-StdShar-GNUC/_deps/szip-src -std=c99  -fstdarg-opt -fdiagnostics-urls=never -fno-diagnostics-color -fmessage-length=0 -O2 -g -DNDEBUG -std=gnu99 -fPIC -Wall -Wcast-qual -Wconversion -Wextra -Wfloat-equal -Wformat=2 -Winit-self -Winvalid-pch -Wmissing-include-dirs -Wshadow -Wundef -Wwrite-strings -pedantic -Wno-c++-compat -Wbad-function-cast -Wcast-align -Wformat -Wimplicit-function-declaration -Wint-to-pointer-cast -Wmissing-declarations -Wmissing-prototypes -Wnested-externs -Wold-style-definition -Wpacked -Wpointer-sign -Wpointer-to-int-cast -Wredundant-decls -Wstrict-prototypes -Wswitch -Wunused-but-set-variable -Wunused-variable -Wunused-function -Wunused-parameter -finline-functions -Wno-aggregate-return -Wno-inline -Wno-missing-format-attribute -Wno-missing-noreturn -Wno-overlength-strings -Wlarger-than=2560 -Wlogical-op -Wframe-larger-than=16384 -Wpacked-bitfield-compat -Wsync-nand -Wno-unsuffixed-float-constants -Wdouble-promotion -Wtrampolines -Wstack-usage=8192 -Wmaybe-uninitialized -Wno-jump-misses-init -Wstrict-overflow=2 -Wno-suggest-attribute=const -Wno-suggest-attribute=noreturn -Wno-suggest-attribute=pure -Wno-suggest-attribute=format -Wdate-time -Warray-bounds=2 -Wc99-c11-compat -Wincompatible-pointer-types -Wint-conversion -Wduplicated-cond -Whsa -Wnormalized -Wnull-dereference -Wunused-const-variable -Walloca -Walloc-zero -Wduplicated-branches -Wformat-overflow=2 -Wformat-truncation=1 -Wrestrict -Wattribute-alias -Wshift-overflow=2 -Wcast-function-type -Wcast-align=strict -Wno-suggest-attribute=cold -Wno-suggest-attribute=malloc -Wattribute-alias=2 -Wmissing-profile -Wc11-c2x-compat -MD -MT src/CMakeFiles/hdf5-shared.dir/H5Plapl.c.o -MF src/CMakeFiles/hdf5-shared.dir/H5Plapl.c.o.d -o src/CMakeFiles/hdf5-shared.dir/H5Plapl.c.o -c /home/byrn/HDF_Projects/hdf5/dev/src/H5Plapl.c
[625/4114] /usr/bin/cc -DH5_BUILT_AS_DYNAMIC_LIB -D_FILE_OFFSET_BITS=64 -D_GNU_SOURCE -D_LARGEFILE_SOURCE -D_POSIX_C_SOURCE=200809L -Dhdf5_shared_EXPORTS -I/home/byrn/HDF_Projects/hdf5/dev/src -I/home/byrn/HDF_Projects/hdf5/dev/src/H5FDsubfiling -I/home/byrn/HDF_Projects/hdf5/build/ci-StdShar-GNUC/src -I/home/byrn/HDF_Projects/hdf5/build/ci-StdShar-GNUC/_deps/hdf5_zlib-build -I/home/byrn/HDF_Projects/hdf5/build/ci-StdShar-GNUC/_deps/hdf5_zlib-src -I/home/byrn/HDF_Projects/hdf5/build/ci-StdShar-GNUC/_deps/szip-build -I/home/byrn/HDF_Projects/hdf5/build/ci-StdShar-GNUC/_deps/szip-src/include -I/home/byrn/HDF_Projects/hdf5/build/ci-StdShar-GNUC/_deps/szip-src -std=c99  -fstdarg-opt -fdiagnostics-urls=never -fno-diagnostics-color -fmessage-length=0 -O2 -g -DNDEBUG -std=gnu99 -fPIC -Wall -Wcast-qual -Wconversion -Wextra -Wfloat-equal -Wformat=2 -Winit-self -Winvalid-pch -Wmissing-include-dirs -Wshadow -Wundef -Wwrite-strings -pedantic -Wno-c++-compat -Wbad-function-cast -Wcast-align -Wformat -Wimplicit-function-declaration -Wint-to-pointer-cast -Wmissing-declarations -Wmissing-prototypes -Wnested-externs -Wold-style-definition -Wpacked -Wpointer-sign -Wpointer-to-int-cast -Wredundant-decls -Wstrict-prototypes -Wswitch -Wunused-but-set-variable -Wunused-variable -Wunused-function -Wunused-parameter -finline-functions -Wno-aggregate-return -Wno-inline -Wno-missing-format-attribute -Wno-missing-noreturn -Wno-overlength-strings -Wlarger-than=2560 -Wlogical-op -Wframe-larger-than=16384 -Wpacked-bitfield-compat -Wsync-nand -Wno-unsuffixed-float-constants -Wdouble-promotion -Wtrampolines -Wstack-usage=8192 -Wmaybe-uninitialized -Wno-jump-misses-init -Wstrict-overflow=2 -Wno-suggest-attribute=const -Wno-suggest-attribute=noreturn -Wno-suggest-attribute=pure -Wno-suggest-attribute=format -Wdate-time -Warray-bounds=2 -Wc99-c11-compat -Wincompatible-pointer-types -Wint-conversion -Wduplicated-cond -Whsa -Wnormalized -Wnull-dereference -Wunused-const-variable -Walloca -Walloc-zero -Wduplicated-branches -Wformat-overflow=2 -Wformat-truncation=1 -Wrestrict -Wattribute-alias -Wshift-overflow=2 -Wcast-function-type -Wcast-align=strict -Wno-suggest-attribute=cold -Wno-suggest-attribute=malloc -Wattribute-alias=2 -Wmissing-profile -Wc11-c2x-compat -MD -MT src/CMakeFiles/hdf5-shared.dir/H5Plcpl.c.o -MF src/CMakeFiles/hdf5-shared.dir/H5Plcpl.c.o.d -o src/CMakeFiles/hdf5-shared.dir/H5Plcpl.c.o -c /home/byrn/HDF_Projects/hdf5/dev/src/H5Plcpl.c
[626/4114] /usr/bin/cc -DH5_BUILT_AS_DYNAMIC_LIB -D_FILE_OFFSET_BITS=64 -D_GNU_SOURCE -D_LARGEFILE_SOURCE -D_POSIX_C_SOURCE=200809L -Dhdf5_shared_EXPORTS -I/home/byrn/HDF_Projects/hdf5/dev/src -I/home/byrn/HDF_Projects/hdf5/dev/src/H5FDsubfiling -I/home/byrn/HDF_Projects/hdf5/build/ci-StdShar-GNUC/src -I/home/byrn/HDF_Projects/hdf5/build/ci-StdShar-GNUC/_deps/hdf5_zlib-build -I/home/byrn/HDF_Projects/hdf5/build/ci-StdShar-GNUC/_deps/hdf5_zlib-src -I/home/byrn/HDF_Projects/hdf5/build/ci-StdShar-GNUC/_deps/szip-build -I/home/byrn/HDF_Projects/hdf5/build/ci-StdShar-GNUC/_deps/szip-src/include -I/home/byrn/HDF_Projects/hdf5/build/ci-StdShar-GNUC/_deps/szip-src -std=c99  -fstdarg-opt -fdiagnostics-urls=never -fno-diagnostics-color -fmessage-length=0 -O2 -g -DNDEBUG -std=gnu99 -fPIC -Wall -Wcast-qual -Wconversion -Wextra -Wfloat-equal -Wformat=2 -Winit-self -Winvalid-pch -Wmissing-include-dirs -Wshadow -Wundef -Wwrite-strings -pedantic -Wno-c++-compat -Wbad-function-cast -Wcast-align -Wformat -Wimplicit-function-declaration -Wint-to-pointer-cast -Wmissing-declarations -Wmissing-prototypes -Wnested-externs -Wold-style-definition -Wpacked -Wpointer-sign -Wpointer-to-int-cast -Wredundant-decls -Wstrict-prototypes -Wswitch -Wunused-but-set-variable -Wunused-variable -Wunused-function -Wunused-parameter -finline-functions -Wno-aggregate-return -Wno-inline -Wno-missing-format-attribute -Wno-missing-noreturn -Wno-overlength-strings -Wlarger-than=2560 -Wlogical-op -Wframe-larger-than=16384 -Wpacked-bitfield-compat -Wsync-nand -Wno-unsuffixed-float-constants -Wdouble-promotion -Wtrampolines -Wstack-usage=8192 -Wmaybe-uninitialized -Wno-jump-misses-init -Wstrict-overflow=2 -Wno-suggest-attribute=const -Wno-suggest-attribute=noreturn -Wno-suggest-attribute=pure -Wno-suggest-attribute=format -Wdate-time -Warray-bounds=2 -Wc99-c11-compat -Wincompatible-pointer-types -Wint-conversion -Wduplicated-cond -Whsa -Wnormalized -Wnull-dereference -Wunused-const-variable -Walloca -Walloc-zero -Wduplicated-branches -Wformat-overflow=2 -Wformat-truncation=1 -Wrestrict -Wattribute-alias -Wshift-overflow=2 -Wcast-function-type -Wcast-align=strict -Wno-suggest-attribute=cold -Wno-suggest-attribute=malloc -Wattribute-alias=2 -Wmissing-profile -Wc11-c2x-compat -MD -MT src/CMakeFiles/hdf5-shared.dir/H5Pstrcpl.c.o -MF src/CMakeFiles/hdf5-shared.dir/H5Pstrcpl.c.o.d -o src/CMakeFiles/hdf5-shared.dir/H5Pstrcpl.c.o -c /home/byrn/HDF_Projects/hdf5/dev/src/H5Pstrcpl.c
[627/4114] /usr/bin/cc -DH5_BUILT_AS_DYNAMIC_LIB -D_FILE_OFFSET_BITS=64 -D_GNU_SOURCE -D_LARGEFILE_SOURCE -D_POSIX_C_SOURCE=200809L -Dhdf5_shared_EXPORTS -I/home/byrn/HDF_Projects/hdf5/dev/src -I/home/byrn/HDF_Projects/hdf5/dev/src/H5FDsubfiling -I/home/byrn/HDF_Projects/hdf5/build/ci-StdShar-GNUC/src -I/home/byrn/HDF_Projects/hdf5/build/ci-StdShar-GNUC/_deps/hdf5_zlib-build -I/home/byrn/HDF_Projects/hdf5/build/ci-StdShar-GNUC/_deps/hdf5_zlib-src -I/home/byrn/HDF_Projects/hdf5/build/ci-StdShar-GNUC/_deps/szip-build -I/home/byrn/HDF_Projects/hdf5/build/ci-StdShar-GNUC/_deps/szip-src/include -I/home/byrn/HDF_Projects/hdf5/build/ci-StdShar-GNUC/_deps/szip-src -std=c99  -fstdarg-opt -fdiagnostics-urls=never -fno-diagnostics-color -fmessage-length=0 -O2 -g -DNDEBUG -std=gnu99 -fPIC -Wall -Wcast-qual -Wconversion -Wextra -Wfloat-equal -Wformat=2 -Winit-self -Winvalid-pch -Wmissing-include-dirs -Wshadow -Wundef -Wwrite-strings -pedantic -Wno-c++-compat -Wbad-function-cast -Wcast-align -Wformat -Wimplicit-function-declaration -Wint-to-pointer-cast -Wmissing-declarations -Wmissing-prototypes -Wnested-externs -Wold-style-definition -Wpacked -Wpointer-sign -Wpointer-to-int-cast -Wredundant-decls -Wstrict-prototypes -Wswitch -Wunused-but-set-variable -Wunused-variable -Wunused-function -Wunused-parameter -finline-functions -Wno-aggregate-return -Wno-inline -Wno-missing-format-attribute -Wno-missing-noreturn -Wno-overlength-strings -Wlarger-than=2560 -Wlogical-op -Wframe-larger-than=16384 -Wpacked-bitfield-compat -Wsync-nand -Wno-unsuffixed-float-constants -Wdouble-promotion -Wtrampolines -Wstack-usage=8192 -Wmaybe-uninitialized -Wno-jump-misses-init -Wstrict-overflow=2 -Wno-suggest-attribute=const -Wno-suggest-attribute=noreturn -Wno-suggest-attribute=pure -Wno-suggest-attribute=format -Wdate-time -Warray-bounds=2 -Wc99-c11-compat -Wincompatible-pointer-types -Wint-conversion -Wduplicated-cond -Whsa -Wnormalized -Wnull-dereference -Wunused-const-variable -Walloca -Walloc-zero -Wduplicated-branches -Wformat-overflow=2 -Wformat-truncation=1 -Wrestrict -Wattribute-alias -Wshift-overflow=2 -Wcast-function-type -Wcast-align=strict -Wno-suggest-attribute=cold -Wno-suggest-attribute=malloc -Wattribute-alias=2 -Wmissing-profile -Wc11-c2x-compat -MD -MT src/CMakeFiles/hdf5-shared.dir/H5Ptest.c.o -MF src/CMakeFiles/hdf5-shared.dir/H5Ptest.c.o.d -o src/CMakeFiles/hdf5-shared.dir/H5Ptest.c.o -c /home/byrn/HDF_Projects/hdf5/dev/src/H5Ptest.c
[628/4114] /usr/bin/cc -DH5_BUILT_AS_DYNAMIC_LIB -D_FILE_OFFSET_BITS=64 -D_GNU_SOURCE -D_LARGEFILE_SOURCE -D_POSIX_C_SOURCE=200809L -Dhdf5_shared_EXPORTS -I/home/byrn/HDF_Projects/hdf5/dev/src -I/home/byrn/HDF_Projects/hdf5/dev/src/H5FDsubfiling -I/home/byrn/HDF_Projects/hdf5/build/ci-StdShar-GNUC/src -I/home/byrn/HDF_Projects/hdf5/build/ci-StdShar-GNUC/_deps/hdf5_zlib-build -I/home/byrn/HDF_Projects/hdf5/build/ci-StdShar-GNUC/_deps/hdf5_zlib-src -I/home/byrn/HDF_Projects/hdf5/build/ci-StdShar-GNUC/_deps/szip-build -I/home/byrn/HDF_Projects/hdf5/build/ci-StdShar-GNUC/_deps/szip-src/include -I/home/byrn/HDF_Projects/hdf5/build/ci-StdShar-GNUC/_deps/szip-src -std=c99  -fstdarg-opt -fdiagnostics-urls=never -fno-diagnostics-color -fmessage-length=0 -O2 -g -DNDEBUG -std=gnu99 -fPIC -Wall -Wcast-qual -Wconversion -Wextra -Wfloat-equal -Wformat=2 -Winit-self -Winvalid-pch -Wmissing-include-dirs -Wshadow -Wundef -Wwrite-strings -pedantic -Wno-c++-compat -Wbad-function-cast -Wcast-align -Wformat -Wimplicit-function-declaration -Wint-to-pointer-cast -Wmissing-declarations -Wmissing-prototypes -Wnested-externs -Wold-style-definition -Wpacked -Wpointer-sign -Wpointer-to-int-cast -Wredundant-decls -Wstrict-prototypes -Wswitch -Wunused-but-set-variable -Wunused-variable -Wunused-function -Wunused-parameter -finline-functions -Wno-aggregate-return -Wno-inline -Wno-missing-format-attribute -Wno-missing-noreturn -Wno-overlength-strings -Wlarger-than=2560 -Wlogical-op -Wframe-larger-than=16384 -Wpacked-bitfield-compat -Wsync-nand -Wno-unsuffixed-float-constants -Wdouble-promotion -Wtrampolines -Wstack-usage=8192 -Wmaybe-uninitialized -Wno-jump-misses-init -Wstrict-overflow=2 -Wno-suggest-attribute=const -Wno-suggest-attribute=noreturn -Wno-suggest-attribute=pure -Wno-suggest-attribute=format -Wdate-time -Warray-bounds=2 -Wc99-c11-compat -Wincompatible-pointer-types -Wint-conversion -Wduplicated-cond -Whsa -Wnormalized -Wnull-dereference -Wunused-const-variable -Walloca -Walloc-zero -Wduplicated-branches -Wformat-overflow=2 -Wformat-truncation=1 -Wrestrict -Wattribute-alias -Wshift-overflow=2 -Wcast-function-type -Wcast-align=strict -Wno-suggest-attribute=cold -Wno-suggest-attribute=malloc -Wattribute-alias=2 -Wmissing-profile -Wc11-c2x-compat -MD -MT src/CMakeFiles/hdf5-shared.dir/H5Pdcpl.c.o -MF src/CMakeFiles/hdf5-shared.dir/H5Pdcpl.c.o.d -o src/CMakeFiles/hdf5-shared.dir/H5Pdcpl.c.o -c /home/byrn/HDF_Projects/hdf5/dev/src/H5Pdcpl.c
[629/4114] /usr/bin/cc -DH5_BUILT_AS_DYNAMIC_LIB -D_FILE_OFFSET_BITS=64 -D_GNU_SOURCE -D_LARGEFILE_SOURCE -D_POSIX_C_SOURCE=200809L -Dhdf5_shared_EXPORTS -I/home/byrn/HDF_Projects/hdf5/dev/src -I/home/byrn/HDF_Projects/hdf5/dev/src/H5FDsubfiling -I/home/byrn/HDF_Projects/hdf5/build/ci-StdShar-GNUC/src -I/home/byrn/HDF_Projects/hdf5/build/ci-StdShar-GNUC/_deps/hdf5_zlib-build -I/home/byrn/HDF_Projects/hdf5/build/ci-StdShar-GNUC/_deps/hdf5_zlib-src -I/home/byrn/HDF_Projects/hdf5/build/ci-StdShar-GNUC/_deps/szip-build -I/home/byrn/HDF_Projects/hdf5/build/ci-StdShar-GNUC/_deps/szip-src/include -I/home/byrn/HDF_Projects/hdf5/build/ci-StdShar-GNUC/_deps/szip-src -std=c99  -fstdarg-opt -fdiagnostics-urls=never -fno-diagnostics-color -fmessage-length=0 -O2 -g -DNDEBUG -std=gnu99 -fPIC -Wall -Wcast-qual -Wconversion -Wextra -Wfloat-equal -Wformat=2 -Winit-self -Winvalid-pch -Wmissing-include-dirs -Wshadow -Wundef -Wwrite-strings -pedantic -Wno-c++-compat -Wbad-function-cast -Wcast-align -Wformat -Wimplicit-function-declaration -Wint-to-pointer-cast -Wmissing-declarations -Wmissing-prototypes -Wnested-externs -Wold-style-definition -Wpacked -Wpointer-sign -Wpointer-to-int-cast -Wredundant-decls -Wstrict-prototypes -Wswitch -Wunused-but-set-variable -Wunused-variable -Wunused-function -Wunused-parameter -finline-functions -Wno-aggregate-return -Wno-inline -Wno-missing-format-attribute -Wno-missing-noreturn -Wno-overlength-strings -Wlarger-than=2560 -Wlogical-op -Wframe-larger-than=16384 -Wpacked-bitfield-compat -Wsync-nand -Wno-unsuffixed-float-constants -Wdouble-promotion -Wtrampolines -Wstack-usage=8192 -Wmaybe-uninitialized -Wno-jump-misses-init -Wstrict-overflow=2 -Wno-suggest-attribute=const -Wno-suggest-attribute=noreturn -Wno-suggest-attribute=pure -Wno-suggest-attribute=format -Wdate-time -Warray-bounds=2 -Wc99-c11-compat -Wincompatible-pointer-types -Wint-conversion -Wduplicated-cond -Whsa -Wnormalized -Wnull-dereference -Wunused-const-variable -Walloca -Walloc-zero -Wduplicated-branches -Wformat-overflow=2 -Wformat-truncation=1 -Wrestrict -Wattribute-alias -Wshift-overflow=2 -Wcast-function-type -Wcast-align=strict -Wno-suggest-attribute=cold -Wno-suggest-attribute=malloc -Wattribute-alias=2 -Wmissing-profile -Wc11-c2x-compat -MD -MT src/CMakeFiles/hdf5-shared.dir/H5Pocpypl.c.o -MF src/CMakeFiles/hdf5-shared.dir/H5Pocpypl.c.o.d -o src/CMakeFiles/hdf5-shared.dir/H5Pocpypl.c.o -c /home/byrn/HDF_Projects/hdf5/dev/src/H5Pocpypl.c
[630/4114] /usr/bin/cc -DH5_BUILT_AS_DYNAMIC_LIB -D_FILE_OFFSET_BITS=64 -D_GNU_SOURCE -D_LARGEFILE_SOURCE -D_POSIX_C_SOURCE=200809L -Dhdf5_shared_EXPORTS -I/home/byrn/HDF_Projects/hdf5/dev/src -I/home/byrn/HDF_Projects/hdf5/dev/src/H5FDsubfiling -I/home/byrn/HDF_Projects/hdf5/build/ci-StdShar-GNUC/src -I/home/byrn/HDF_Projects/hdf5/build/ci-StdShar-GNUC/_deps/hdf5_zlib-build -I/home/byrn/HDF_Projects/hdf5/build/ci-StdShar-GNUC/_deps/hdf5_zlib-src -I/home/byrn/HDF_Projects/hdf5/build/ci-StdShar-GNUC/_deps/szip-build -I/home/byrn/HDF_Projects/hdf5/build/ci-StdShar-GNUC/_deps/szip-src/include -I/home/byrn/HDF_Projects/hdf5/build/ci-StdShar-GNUC/_deps/szip-src -std=c99  -fstdarg-opt -fdiagnostics-urls=never -fno-diagnostics-color -fmessage-length=0 -O2 -g -DNDEBUG -std=gnu99 -fPIC -Wall -Wcast-qual -Wconversion -Wextra -Wfloat-equal -Wformat=2 -Winit-self -Winvalid-pch -Wmissing-include-dirs -Wshadow -Wundef -Wwrite-strings -pedantic -Wno-c++-compat -Wbad-function-cast -Wcast-align -Wformat -Wimplicit-function-declaration -Wint-to-pointer-cast -Wmissing-declarations -Wmissing-prototypes -Wnested-externs -Wold-style-definition -Wpacked -Wpointer-sign -Wpointer-to-int-cast -Wredundant-decls -Wstrict-prototypes -Wswitch -Wunused-but-set-variable -Wunused-variable -Wunused-function -Wunused-parameter -finline-functions -Wno-aggregate-return -Wno-inline -Wno-missing-format-attribute -Wno-missing-noreturn -Wno-overlength-strings -Wlarger-than=2560 -Wlogical-op -Wframe-larger-than=16384 -Wpacked-bitfield-compat -Wsync-nand -Wno-unsuffixed-float-constants -Wdouble-promotion -Wtrampolines -Wstack-usage=8192 -Wmaybe-uninitialized -Wno-jump-misses-init -Wstrict-overflow=2 -Wno-suggest-attribute=const -Wno-suggest-attribute=noreturn -Wno-suggest-attribute=pure -Wno-suggest-attribute=format -Wdate-time -Warray-bounds=2 -Wc99-c11-compat -Wincompatible-pointer-types -Wint-conversion -Wduplicated-cond -Whsa -Wnormalized -Wnull-dereference -Wunused-const-variable -Walloca -Walloc-zero -Wduplicated-branches -Wformat-overflow=2 -Wformat-truncation=1 -Wrestrict -Wattribute-alias -Wshift-overflow=2 -Wcast-function-type -Wcast-align=strict -Wno-suggest-attribute=cold -Wno-suggest-attribute=malloc -Wattribute-alias=2 -Wmissing-profile -Wc11-c2x-compat -MD -MT src/CMakeFiles/hdf5-shared.dir/H5PLint.c.o -MF src/CMakeFiles/hdf5-shared.dir/H5PLint.c.o.d -o src/CMakeFiles/hdf5-shared.dir/H5PLint.c.o -c /home/byrn/HDF_Projects/hdf5/dev/src/H5PLint.c
[631/4114] /usr/bin/cc -DH5_BUILT_AS_DYNAMIC_LIB -D_FILE_OFFSET_BITS=64 -D_GNU_SOURCE -D_LARGEFILE_SOURCE -D_POSIX_C_SOURCE=200809L -Dhdf5_shared_EXPORTS -I/home/byrn/HDF_Projects/hdf5/dev/src -I/home/byrn/HDF_Projects/hdf5/dev/src/H5FDsubfiling -I/home/byrn/HDF_Projects/hdf5/build/ci-StdShar-GNUC/src -I/home/byrn/HDF_Projects/hdf5/build/ci-StdShar-GNUC/_deps/hdf5_zlib-build -I/home/byrn/HDF_Projects/hdf5/build/ci-StdShar-GNUC/_deps/hdf5_zlib-src -I/home/byrn/HDF_Projects/hdf5/build/ci-StdShar-GNUC/_deps/szip-build -I/home/byrn/HDF_Projects/hdf5/build/ci-StdShar-GNUC/_deps/szip-src/include -I/home/byrn/HDF_Projects/hdf5/build/ci-StdShar-GNUC/_deps/szip-src -std=c99  -fstdarg-opt -fdiagnostics-urls=never -fno-diagnostics-color -fmessage-length=0 -O2 -g -DNDEBUG -std=gnu99 -fPIC -Wall -Wcast-qual -Wconversion -Wextra -Wfloat-equal -Wformat=2 -Winit-self -Winvalid-pch -Wmissing-include-dirs -Wshadow -Wundef -Wwrite-strings -pedantic -Wno-c++-compat -Wbad-function-cast -Wcast-align -Wformat -Wimplicit-function-declaration -Wint-to-pointer-cast -Wmissing-declarations -Wmissing-prototypes -Wnested-externs -Wold-style-definition -Wpacked -Wpointer-sign -Wpointer-to-int-cast -Wredundant-decls -Wstrict-prototypes -Wswitch -Wunused-but-set-variable -Wunused-variable -Wunused-function -Wunused-parameter -finline-functions -Wno-aggregate-return -Wno-inline -Wno-missing-format-attribute -Wno-missing-noreturn -Wno-overlength-strings -Wlarger-than=2560 -Wlogical-op -Wframe-larger-than=16384 -Wpacked-bitfield-compat -Wsync-nand -Wno-unsuffixed-float-constants -Wdouble-promotion -Wtrampolines -Wstack-usage=8192 -Wmaybe-uninitialized -Wno-jump-misses-init -Wstrict-overflow=2 -Wno-suggest-attribute=const -Wno-suggest-attribute=noreturn -Wno-suggest-attribute=pure -Wno-suggest-attribute=format -Wdate-time -Warray-bounds=2 -Wc99-c11-compat -Wincompatible-pointer-types -Wint-conversion -Wduplicated-cond -Whsa -Wnormalized -Wnull-dereference -Wunused-const-variable -Walloca -Walloc-zero -Wduplicated-branches -Wformat-overflow=2 -Wformat-truncation=1 -Wrestrict -Wattribute-alias -Wshift-overflow=2 -Wcast-function-type -Wcast-align=strict -Wno-suggest-attribute=cold -Wno-suggest-attribute=malloc -Wattribute-alias=2 -Wmissing-profile -Wc11-c2x-compat -MD -MT src/CMakeFiles/hdf5-shared.dir/H5Pint.c.o -MF src/CMakeFiles/hdf5-shared.dir/H5Pint.c.o.d -o src/CMakeFiles/hdf5-shared.dir/H5Pint.c.o -c /home/byrn/HDF_Projects/hdf5/dev/src/H5Pint.c
[632/4114] /usr/bin/cc -DH5_BUILT_AS_DYNAMIC_LIB -D_FILE_OFFSET_BITS=64 -D_GNU_SOURCE -D_LARGEFILE_SOURCE -D_POSIX_C_SOURCE=200809L -Dhdf5_shared_EXPORTS -I/home/byrn/HDF_Projects/hdf5/dev/src -I/home/byrn/HDF_Projects/hdf5/dev/src/H5FDsubfiling -I/home/byrn/HDF_Projects/hdf5/build/ci-StdShar-GNUC/src -I/home/byrn/HDF_Projects/hdf5/build/ci-StdShar-GNUC/_deps/hdf5_zlib-build -I/home/byrn/HDF_Projects/hdf5/build/ci-StdShar-GNUC/_deps/hdf5_zlib-src -I/home/byrn/HDF_Projects/hdf5/build/ci-StdShar-GNUC/_deps/szip-build -I/home/byrn/HDF_Projects/hdf5/build/ci-StdShar-GNUC/_deps/szip-src/include -I/home/byrn/HDF_Projects/hdf5/build/ci-StdShar-GNUC/_deps/szip-src -std=c99  -fstdarg-opt -fdiagnostics-urls=never -fno-diagnostics-color -fmessage-length=0 -O2 -g -DNDEBUG -std=gnu99 -fPIC -Wall -Wcast-qual -Wconversion -Wextra -Wfloat-equal -Wformat=2 -Winit-self -Winvalid-pch -Wmissing-include-dirs -Wshadow -Wundef -Wwrite-strings -pedantic -Wno-c++-compat -Wbad-function-cast -Wcast-align -Wformat -Wimplicit-function-declaration -Wint-to-pointer-cast -Wmissing-declarations -Wmissing-prototypes -Wnested-externs -Wold-style-definition -Wpacked -Wpointer-sign -Wpointer-to-int-cast -Wredundant-decls -Wstrict-prototypes -Wswitch -Wunused-but-set-variable -Wunused-variable -Wunused-function -Wunused-parameter -finline-functions -Wno-aggregate-return -Wno-inline -Wno-missing-format-attribute -Wno-missing-noreturn -Wno-overlength-strings -Wlarger-than=2560 -Wlogical-op -Wframe-larger-than=16384 -Wpacked-bitfield-compat -Wsync-nand -Wno-unsuffixed-float-constants -Wdouble-promotion -Wtrampolines -Wstack-usage=8192 -Wmaybe-uninitialized -Wno-jump-misses-init -Wstrict-overflow=2 -Wno-suggest-attribute=const -Wno-suggest-attribute=noreturn -Wno-suggest-attribute=pure -Wno-suggest-attribute=format -Wdate-time -Warray-bounds=2 -Wc99-c11-compat -Wincompatible-pointer-types -Wint-conversion -Wduplicated-cond -Whsa -Wnormalized -Wnull-dereference -Wunused-const-variable -Walloca -Walloc-zero -Wduplicated-branches -Wformat-overflow=2 -Wformat-truncation=1 -Wrestrict -Wattribute-alias -Wshift-overflow=2 -Wcast-function-type -Wcast-align=strict -Wno-suggest-attribute=cold -Wno-suggest-attribute=malloc -Wattribute-alias=2 -Wmissing-profile -Wc11-c2x-compat -MD -MT src/CMakeFiles/hdf5-shared.dir/H5PL.c.o -MF src/CMakeFiles/hdf5-shared.dir/H5PL.c.o.d -o src/CMakeFiles/hdf5-shared.dir/H5PL.c.o -c /home/byrn/HDF_Projects/hdf5/dev/src/H5PL.c
[633/4114] : && /usr/bin/cmake -E rm -f bin/libhdf5.a && /usr/bin/ar qc bin/libhdf5.a  src/CMakeFiles/hdf5-static.dir/H5.c.o src/CMakeFiles/hdf5-static.dir/H5build_settings.c.o src/CMakeFiles/hdf5-static.dir/H5checksum.c.o src/CMakeFiles/hdf5-static.dir/H5dbg.c.o src/CMakeFiles/hdf5-static.dir/H5mpi.c.o src/CMakeFiles/hdf5-static.dir/H5system.c.o src/CMakeFiles/hdf5-static.dir/H5timer.c.o src/CMakeFiles/hdf5-static.dir/H5trace.c.o src/CMakeFiles/hdf5-static.dir/H5A.c.o src/CMakeFiles/hdf5-static.dir/H5Abtree2.c.o src/CMakeFiles/hdf5-static.dir/H5Adense.c.o src/CMakeFiles/hdf5-static.dir/H5Adeprec.c.o src/CMakeFiles/hdf5-static.dir/H5Aint.c.o src/CMakeFiles/hdf5-static.dir/H5Atest.c.o src/CMakeFiles/hdf5-static.dir/H5AC.c.o src/CMakeFiles/hdf5-static.dir/H5ACdbg.c.o src/CMakeFiles/hdf5-static.dir/H5ACmpio.c.o src/CMakeFiles/hdf5-static.dir/H5ACproxy_entry.c.o src/CMakeFiles/hdf5-static.dir/H5B.c.o src/CMakeFiles/hdf5-static.dir/H5Bcache.c.o src/CMakeFiles/hdf5-static.dir/H5Bdbg.c.o src/CMakeFiles/hdf5-static.dir/H5B2.c.o src/CMakeFiles/hdf5-static.dir/H5B2cache.c.o src/CMakeFiles/hdf5-static.dir/H5B2dbg.c.o src/CMakeFiles/hdf5-static.dir/H5B2hdr.c.o src/CMakeFiles/hdf5-static.dir/H5B2int.c.o src/CMakeFiles/hdf5-static.dir/H5B2internal.c.o src/CMakeFiles/hdf5-static.dir/H5B2leaf.c.o src/CMakeFiles/hdf5-static.dir/H5B2stat.c.o src/CMakeFiles/hdf5-static.dir/H5B2test.c.o src/CMakeFiles/hdf5-static.dir/H5C.c.o src/CMakeFiles/hdf5-static.dir/H5Cdbg.c.o src/CMakeFiles/hdf5-static.dir/H5Centry.c.o src/CMakeFiles/hdf5-static.dir/H5Cepoch.c.o src/CMakeFiles/hdf5-static.dir/H5Cimage.c.o src/CMakeFiles/hdf5-static.dir/H5Cint.c.o src/CMakeFiles/hdf5-static.dir/H5Clog.c.o src/CMakeFiles/hdf5-static.dir/H5Clog_json.c.o src/CMakeFiles/hdf5-static.dir/H5Clog_trace.c.o src/CMakeFiles/hdf5-static.dir/H5Cmpio.c.o src/CMakeFiles/hdf5-static.dir/H5Cprefetched.c.o src/CMakeFiles/hdf5-static.dir/H5Cquery.c.o src/CMakeFiles/hdf5-static.dir/H5Ctag.c.o src/CMakeFiles/hdf5-static.dir/H5Ctest.c.o src/CMakeFiles/hdf5-static.dir/H5CX.c.o src/CMakeFiles/hdf5-static.dir/H5D.c.o src/CMakeFiles/hdf5-static.dir/H5Dbtree.c.o src/CMakeFiles/hdf5-static.dir/H5Dbtree2.c.o src/CMakeFiles/hdf5-static.dir/H5Dchunk.c.o src/CMakeFiles/hdf5-static.dir/H5Dcompact.c.o src/CMakeFiles/hdf5-static.dir/H5Dcontig.c.o src/CMakeFiles/hdf5-static.dir/H5Ddbg.c.o src/CMakeFiles/hdf5-static.dir/H5Ddeprec.c.o src/CMakeFiles/hdf5-static.dir/H5Dearray.c.o src/CMakeFiles/hdf5-static.dir/H5Defl.c.o src/CMakeFiles/hdf5-static.dir/H5Dfarray.c.o src/CMakeFiles/hdf5-static.dir/H5Dfill.c.o src/CMakeFiles/hdf5-static.dir/H5Dint.c.o src/CMakeFiles/hdf5-static.dir/H5Dio.c.o src/CMakeFiles/hdf5-static.dir/H5Dlayout.c.o src/CMakeFiles/hdf5-static.dir/H5Dmpio.c.o src/CMakeFiles/hdf5-static.dir/H5Dnone.c.o src/CMakeFiles/hdf5-static.dir/H5Doh.c.o src/CMakeFiles/hdf5-static.dir/H5Dscatgath.c.o src/CMakeFiles/hdf5-static.dir/H5Dselect.c.o src/CMakeFiles/hdf5-static.dir/H5Dsingle.c.o src/CMakeFiles/hdf5-static.dir/H5Dtest.c.o src/CMakeFiles/hdf5-static.dir/H5Dvirtual.c.o src/CMakeFiles/hdf5-static.dir/H5E.c.o src/CMakeFiles/hdf5-static.dir/H5Edeprec.c.o src/CMakeFiles/hdf5-static.dir/H5Eint.c.o src/CMakeFiles/hdf5-static.dir/H5EA.c.o src/CMakeFiles/hdf5-static.dir/H5EAcache.c.o src/CMakeFiles/hdf5-static.dir/H5EAdbg.c.o src/CMakeFiles/hdf5-static.dir/H5EAdblkpage.c.o src/CMakeFiles/hdf5-static.dir/H5EAdblock.c.o src/CMakeFiles/hdf5-static.dir/H5EAhdr.c.o src/CMakeFiles/hdf5-static.dir/H5EAiblock.c.o src/CMakeFiles/hdf5-static.dir/H5EAint.c.o src/CMakeFiles/hdf5-static.dir/H5EAsblock.c.o src/CMakeFiles/hdf5-static.dir/H5EAstat.c.o src/CMakeFiles/hdf5-static.dir/H5EAtest.c.o src/CMakeFiles/hdf5-static.dir/H5ES.c.o src/CMakeFiles/hdf5-static.dir/H5ESevent.c.o src/CMakeFiles/hdf5-static.dir/H5ESint.c.o src/CMakeFiles/hdf5-static.dir/H5ESlist.c.o src/CMakeFiles/hdf5-static.dir/H5F.c.o src/CMakeFiles/hdf5-static.dir/H5Faccum.c.o src/CMakeFiles/hdf5-static.dir/H5Fcwfs.c.o src/CMakeFiles/hdf5-static.dir/H5Fdbg.c.o src/CMakeFiles/hdf5-static.dir/H5Fdeprec.c.o src/CMakeFiles/hdf5-static.dir/H5Fefc.c.o src/CMakeFiles/hdf5-static.dir/H5Ffake.c.o src/CMakeFiles/hdf5-static.dir/H5Fint.c.o src/CMakeFiles/hdf5-static.dir/H5Fio.c.o src/CMakeFiles/hdf5-static.dir/H5Fmount.c.o src/CMakeFiles/hdf5-static.dir/H5Fmpi.c.o src/CMakeFiles/hdf5-static.dir/H5Fquery.c.o src/CMakeFiles/hdf5-static.dir/H5Fsfile.c.o src/CMakeFiles/hdf5-static.dir/H5Fspace.c.o src/CMakeFiles/hdf5-static.dir/H5Fsuper.c.o src/CMakeFiles/hdf5-static.dir/H5Fsuper_cache.c.o src/CMakeFiles/hdf5-static.dir/H5Ftest.c.o src/CMakeFiles/hdf5-static.dir/H5FA.c.o src/CMakeFiles/hdf5-static.dir/H5FAcache.c.o src/CMakeFiles/hdf5-static.dir/H5FAdbg.c.o src/CMakeFiles/hdf5-static.dir/H5FAdblkpage.c.o src/CMakeFiles/hdf5-static.dir/H5FAdblock.c.o src/CMakeFiles/hdf5-static.dir/H5FAhdr.c.o src/CMakeFiles/hdf5-static.dir/H5FAint.c.o src/CMakeFiles/hdf5-static.dir/H5FAstat.c.o src/CMakeFiles/hdf5-static.dir/H5FAtest.c.o src/CMakeFiles/hdf5-static.dir/H5FD.c.o src/CMakeFiles/hdf5-static.dir/H5FDcore.c.o src/CMakeFiles/hdf5-static.dir/H5FDdirect.c.o src/CMakeFiles/hdf5-static.dir/H5FDfamily.c.o src/CMakeFiles/hdf5-static.dir/H5FDhdfs.c.o src/CMakeFiles/hdf5-static.dir/H5FDint.c.o src/CMakeFiles/hdf5-static.dir/H5FDlog.c.o src/CMakeFiles/hdf5-static.dir/H5FDmirror.c.o src/CMakeFiles/hdf5-static.dir/H5FDmpi.c.o src/CMakeFiles/hdf5-static.dir/H5FDmpio.c.o src/CMakeFiles/hdf5-static.dir/H5FDmulti.c.o src/CMakeFiles/hdf5-static.dir/H5FDonion.c.o src/CMakeFiles/hdf5-static.dir/H5FDonion_header.c.o src/CMakeFiles/hdf5-static.dir/H5FDonion_history.c.o src/CMakeFiles/hdf5-static.dir/H5FDonion_index.c.o src/CMakeFiles/hdf5-static.dir/H5FDperform.c.o src/CMakeFiles/hdf5-static.dir/H5FDros3.c.o src/CMakeFiles/hdf5-static.dir/H5FDs3comms.c.o src/CMakeFiles/hdf5-static.dir/H5FDsec2.c.o src/CMakeFiles/hdf5-static.dir/H5FDspace.c.o src/CMakeFiles/hdf5-static.dir/H5FDsplitter.c.o src/CMakeFiles/hdf5-static.dir/H5FDstdio.c.o src/CMakeFiles/hdf5-static.dir/H5FDtest.c.o src/CMakeFiles/hdf5-static.dir/H5FDwindows.c.o src/CMakeFiles/hdf5-static.dir/H5FL.c.o src/CMakeFiles/hdf5-static.dir/H5FO.c.o src/CMakeFiles/hdf5-static.dir/H5FS.c.o src/CMakeFiles/hdf5-static.dir/H5FScache.c.o src/CMakeFiles/hdf5-static.dir/H5FSdbg.c.o src/CMakeFiles/hdf5-static.dir/H5FSint.c.o src/CMakeFiles/hdf5-static.dir/H5FSsection.c.o src/CMakeFiles/hdf5-static.dir/H5FSstat.c.o src/CMakeFiles/hdf5-static.dir/H5FStest.c.o src/CMakeFiles/hdf5-static.dir/H5G.c.o src/CMakeFiles/hdf5-static.dir/H5Gbtree2.c.o src/CMakeFiles/hdf5-static.dir/H5Gcache.c.o src/CMakeFiles/hdf5-static.dir/H5Gcompact.c.o src/CMakeFiles/hdf5-static.dir/H5Gdense.c.o src/CMakeFiles/hdf5-static.dir/H5Gdeprec.c.o src/CMakeFiles/hdf5-static.dir/H5Gent.c.o src/CMakeFiles/hdf5-static.dir/H5Gint.c.o src/CMakeFiles/hdf5-static.dir/H5Glink.c.o src/CMakeFiles/hdf5-static.dir/H5Gloc.c.o src/CMakeFiles/hdf5-static.dir/H5Gname.c.o src/CMakeFiles/hdf5-static.dir/H5Gnode.c.o src/CMakeFiles/hdf5-static.dir/H5Gobj.c.o src/CMakeFiles/hdf5-static.dir/H5Goh.c.o src/CMakeFiles/hdf5-static.dir/H5Groot.c.o src/CMakeFiles/hdf5-static.dir/H5Gstab.c.o src/CMakeFiles/hdf5-static.dir/H5Gtest.c.o src/CMakeFiles/hdf5-static.dir/H5Gtraverse.c.o src/CMakeFiles/hdf5-static.dir/H5HF.c.o src/CMakeFiles/hdf5-static.dir/H5HFbtree2.c.o src/CMakeFiles/hdf5-static.dir/H5HFcache.c.o src/CMakeFiles/hdf5-static.dir/H5HFdbg.c.o src/CMakeFiles/hdf5-static.dir/H5HFdblock.c.o src/CMakeFiles/hdf5-static.dir/H5HFdtable.c.o src/CMakeFiles/hdf5-static.dir/H5HFhdr.c.o src/CMakeFiles/hdf5-static.dir/H5HFhuge.c.o src/CMakeFiles/hdf5-static.dir/H5HFiblock.c.o src/CMakeFiles/hdf5-static.dir/H5HFiter.c.o src/CMakeFiles/hdf5-static.dir/H5HFman.c.o src/CMakeFiles/hdf5-static.dir/H5HFsection.c.o src/CMakeFiles/hdf5-static.dir/H5HFspace.c.o src/CMakeFiles/hdf5-static.dir/H5HFstat.c.o src/CMakeFiles/hdf5-static.dir/H5HFtest.c.o src/CMakeFiles/hdf5-static.dir/H5HFtiny.c.o src/CMakeFiles/hdf5-static.dir/H5HG.c.o src/CMakeFiles/hdf5-static.dir/H5HGcache.c.o src/CMakeFiles/hdf5-static.dir/H5HGdbg.c.o src/CMakeFiles/hdf5-static.dir/H5HGquery.c.o src/CMakeFiles/hdf5-static.dir/H5HL.c.o src/CMakeFiles/hdf5-static.dir/H5HLcache.c.o src/CMakeFiles/hdf5-static.dir/H5HLdbg.c.o src/CMakeFiles/hdf5-static.dir/H5HLdblk.c.o src/CMakeFiles/hdf5-static.dir/H5HLint.c.o src/CMakeFiles/hdf5-static.dir/H5HLprfx.c.o src/CMakeFiles/hdf5-static.dir/H5I.c.o src/CMakeFiles/hdf5-static.dir/H5Idbg.c.o src/CMakeFiles/hdf5-static.dir/H5Iint.c.o src/CMakeFiles/hdf5-static.dir/H5Itest.c.o src/CMakeFiles/hdf5-static.dir/H5L.c.o src/CMakeFiles/hdf5-static.dir/H5Ldeprec.c.o src/CMakeFiles/hdf5-static.dir/H5Lexternal.c.o src/CMakeFiles/hdf5-static.dir/H5Lint.c.o src/CMakeFiles/hdf5-static.dir/H5M.c.o src/CMakeFiles/hdf5-static.dir/H5MF.c.o src/CMakeFiles/hdf5-static.dir/H5MFaggr.c.o src/CMakeFiles/hdf5-static.dir/H5MFdbg.c.o src/CMakeFiles/hdf5-static.dir/H5MFsection.c.o src/CMakeFiles/hdf5-static.dir/H5MM.c.o src/CMakeFiles/hdf5-static.dir/H5O.c.o src/CMakeFiles/hdf5-static.dir/H5Oainfo.c.o src/CMakeFiles/hdf5-static.dir/H5Oalloc.c.o src/CMakeFiles/hdf5-static.dir/H5Oattr.c.o src/CMakeFiles/hdf5-static.dir/H5Oattribute.c.o src/CMakeFiles/hdf5-static.dir/H5Obogus.c.o src/CMakeFiles/hdf5-static.dir/H5Obtreek.c.o src/CMakeFiles/hdf5-static.dir/H5Ocache.c.o src/CMakeFiles/hdf5-static.dir/H5Ocache_image.c.o src/CMakeFiles/hdf5-static.dir/H5Ochunk.c.o src/CMakeFiles/hdf5-static.dir/H5Ocont.c.o src/CMakeFiles/hdf5-static.dir/H5Ocopy.c.o src/CMakeFiles/hdf5-static.dir/H5Ocopy_ref.c.o src/CMakeFiles/hdf5-static.dir/H5Odbg.c.o src/CMakeFiles/hdf5-static.dir/H5Odeprec.c.o src/CMakeFiles/hdf5-static.dir/H5Odrvinfo.c.o src/CMakeFiles/hdf5-static.dir/H5Odtype.c.o src/CMakeFiles/hdf5-static.dir/H5Oefl.c.o src/CMakeFiles/hdf5-static.dir/H5Ofill.c.o src/CMakeFiles/hdf5-static.dir/H5Oflush.c.o src/CMakeFiles/hdf5-static.dir/H5Ofsinfo.c.o src/CMakeFiles/hdf5-static.dir/H5Oginfo.c.o src/CMakeFiles/hdf5-static.dir/H5Oint.c.o src/CMakeFiles/hdf5-static.dir/H5Olayout.c.o src/CMakeFiles/hdf5-static.dir/H5Olinfo.c.o src/CMakeFiles/hdf5-static.dir/H5Olink.c.o src/CMakeFiles/hdf5-static.dir/H5Omessage.c.o src/CMakeFiles/hdf5-static.dir/H5Omtime.c.o src/CMakeFiles/hdf5-static.dir/H5Oname.c.o src/CMakeFiles/hdf5-static.dir/H5Onull.c.o src/CMakeFiles/hdf5-static.dir/H5Opline.c.o src/CMakeFiles/hdf5-static.dir/H5Orefcount.c.o src/CMakeFiles/hdf5-static.dir/H5Osdspace.c.o src/CMakeFiles/hdf5-static.dir/H5Oshared.c.o src/CMakeFiles/hdf5-static.dir/H5Oshmesg.c.o src/CMakeFiles/hdf5-static.dir/H5Ostab.c.o src/CMakeFiles/hdf5-static.dir/H5Otest.c.o src/CMakeFiles/hdf5-static.dir/H5Ounknown.c.o src/CMakeFiles/hdf5-static.dir/H5P.c.o src/CMakeFiles/hdf5-static.dir/H5Pacpl.c.o src/CMakeFiles/hdf5-static.dir/H5Pdapl.c.o src/CMakeFiles/hdf5-static.dir/H5Pdcpl.c.o src/CMakeFiles/hdf5-static.dir/H5Pdeprec.c.o src/CMakeFiles/hdf5-static.dir/H5Pdxpl.c.o src/CMakeFiles/hdf5-static.dir/H5Pencdec.c.o src/CMakeFiles/hdf5-static.dir/H5Pfapl.c.o src/CMakeFiles/hdf5-static.dir/H5Pfcpl.c.o src/CMakeFiles/hdf5-static.dir/H5Pfmpl.c.o src/CMakeFiles/hdf5-static.dir/H5Pgcpl.c.o src/CMakeFiles/hdf5-static.dir/H5Pint.c.o src/CMakeFiles/hdf5-static.dir/H5Plapl.c.o src/CMakeFiles/hdf5-static.dir/H5Plcpl.c.o src/CMakeFiles/hdf5-static.dir/H5Pmapl.c.o src/CMakeFiles/hdf5-static.dir/H5Pmcpl.c.o src/CMakeFiles/hdf5-static.dir/H5Pocpl.c.o src/CMakeFiles/hdf5-static.dir/H5Pocpypl.c.o src/CMakeFiles/hdf5-static.dir/H5Pstrcpl.c.o src/CMakeFiles/hdf5-static.dir/H5Ptest.c.o src/CMakeFiles/hdf5-static.dir/H5PB.c.o src/CMakeFiles/hdf5-static.dir/H5PL.c.o src/CMakeFiles/hdf5-static.dir/H5PLint.c.o src/CMakeFiles/hdf5-static.dir/H5PLpath.c.o src/CMakeFiles/hdf5-static.dir/H5PLplugin_cache.c.o src/CMakeFiles/hdf5-static.dir/H5R.c.o src/CMakeFiles/hdf5-static.dir/H5Rdeprec.c.o src/CMakeFiles/hdf5-static.dir/H5Rint.c.o src/CMakeFiles/hdf5-static.dir/H5UC.c.o src/CMakeFiles/hdf5-static.dir/H5RS.c.o src/CMakeFiles/hdf5-static.dir/H5S.c.o src/CMakeFiles/hdf5-static.dir/H5Sall.c.o src/CMakeFiles/hdf5-static.dir/H5Sdbg.c.o src/CMakeFiles/hdf5-static.dir/H5Sdeprec.c.o src/CMakeFiles/hdf5-static.dir/H5Shyper.c.o src/CMakeFiles/hdf5-static.dir/H5Smpio.c.o src/CMakeFiles/hdf5-static.dir/H5Snone.c.o src/CMakeFiles/hdf5-static.dir/H5Spoint.c.o src/CMakeFiles/hdf5-static.dir/H5Sselect.c.o src/CMakeFiles/hdf5-static.dir/H5Stest.c.o src/CMakeFiles/hdf5-static.dir/H5SL.c.o src/CMakeFiles/hdf5-static.dir/H5SM.c.o src/CMakeFiles/hdf5-static.dir/H5SMbtree2.c.o src/CMakeFiles/hdf5-static.dir/H5SMcache.c.o src/CMakeFiles/hdf5-static.dir/H5SMmessage.c.o src/CMakeFiles/hdf5-static.dir/H5SMtest.c.o src/CMakeFiles/hdf5-static.dir/H5T.c.o src/CMakeFiles/hdf5-static.dir/H5Tarray.c.o src/CMakeFiles/hdf5-static.dir/H5Tbit.c.o src/CMakeFiles/hdf5-static.dir/H5Tcommit.c.o src/CMakeFiles/hdf5-static.dir/H5Tcompound.c.o src/CMakeFiles/hdf5-static.dir/H5Tconv.c.o src/CMakeFiles/hdf5-static.dir/H5Tconv_integer.c.o src/CMakeFiles/hdf5-static.dir/H5Tconv_float.c.o src/CMakeFiles/hdf5-static.dir/H5Tconv_string.c.o src/CMakeFiles/hdf5-static.dir/H5Tconv_bitfield.c.o src/CMakeFiles/hdf5-static.dir/H5Tconv_compound.c.o src/CMakeFiles/hdf5-static.dir/H5Tconv_reference.c.o src/CMakeFiles/hdf5-static.dir/H5Tconv_enum.c.o src/CMakeFiles/hdf5-static.dir/H5Tconv_vlen.c.o src/CMakeFiles/hdf5-static.dir/H5Tconv_array.c.o src/CMakeFiles/hdf5-static.dir/H5Tcset.c.o src/CMakeFiles/hdf5-static.dir/H5Tdbg.c.o src/CMakeFiles/hdf5-static.dir/H5Tdeprec.c.o src/CMakeFiles/hdf5-static.dir/H5Tenum.c.o src/CMakeFiles/hdf5-static.dir/H5Tfields.c.o src/CMakeFiles/hdf5-static.dir/H5Tfixed.c.o src/CMakeFiles/hdf5-static.dir/H5Tfloat.c.o src/CMakeFiles/hdf5-static.dir/H5Tinit_float.c.o src/CMakeFiles/hdf5-static.dir/H5Tnative.c.o src/CMakeFiles/hdf5-static.dir/H5Toffset.c.o src/CMakeFiles/hdf5-static.dir/H5Toh.c.o src/CMakeFiles/hdf5-static.dir/H5Topaque.c.o src/CMakeFiles/hdf5-static.dir/H5Torder.c.o src/CMakeFiles/hdf5-static.dir/H5Tpad.c.o src/CMakeFiles/hdf5-static.dir/H5Tprecis.c.o src/CMakeFiles/hdf5-static.dir/H5Tref.c.o src/CMakeFiles/hdf5-static.dir/H5Tstrpad.c.o src/CMakeFiles/hdf5-static.dir/H5Tvisit.c.o src/CMakeFiles/hdf5-static.dir/H5Tvlen.c.o src/CMakeFiles/hdf5-static.dir/H5TS.c.o src/CMakeFiles/hdf5-static.dir/H5VL.c.o src/CMakeFiles/hdf5-static.dir/H5VLcallback.c.o src/CMakeFiles/hdf5-static.dir/H5VLdyn_ops.c.o src/CMakeFiles/hdf5-static.dir/H5VLint.c.o src/CMakeFiles/hdf5-static.dir/H5VLnative.c.o src/CMakeFiles/hdf5-static.dir/H5VLnative_attr.c.o src/CMakeFiles/hdf5-static.dir/H5VLnative_blob.c.o src/CMakeFiles/hdf5-static.dir/H5VLnative_dataset.c.o src/CMakeFiles/hdf5-static.dir/H5VLnative_datatype.c.o src/CMakeFiles/hdf5-static.dir/H5VLnative_file.c.o src/CMakeFiles/hdf5-static.dir/H5VLnative_group.c.o src/CMakeFiles/hdf5-static.dir/H5VLnative_link.c.o src/CMakeFiles/hdf5-static.dir/H5VLnative_introspect.c.o src/CMakeFiles/hdf5-static.dir/H5VLnative_object.c.o src/CMakeFiles/hdf5-static.dir/H5VLnative_token.c.o src/CMakeFiles/hdf5-static.dir/H5VLpassthru.c.o src/CMakeFiles/hdf5-static.dir/H5VLtest.c.o src/CMakeFiles/hdf5-static.dir/H5VM.c.o src/CMakeFiles/hdf5-static.dir/H5WB.c.o src/CMakeFiles/hdf5-static.dir/H5Z.c.o src/CMakeFiles/hdf5-static.dir/H5Zdeflate.c.o src/CMakeFiles/hdf5-static.dir/H5Zfletcher32.c.o src/CMakeFiles/hdf5-static.dir/H5Znbit.c.o src/CMakeFiles/hdf5-static.dir/H5Zscaleoffset.c.o src/CMakeFiles/hdf5-static.dir/H5Zshuffle.c.o src/CMakeFiles/hdf5-static.dir/H5Zszip.c.o src/CMakeFiles/hdf5-static.dir/H5Ztrans.c.o && /usr/bin/ranlib bin/libhdf5.a && :
[634/4114] /usr/bin/cc -DH5_BUILT_AS_DYNAMIC_LIB -D_FILE_OFFSET_BITS=64 -D_GNU_SOURCE -D_LARGEFILE_SOURCE -D_POSIX_C_SOURCE=200809L -Dhdf5_shared_EXPORTS -I/home/byrn/HDF_Projects/hdf5/dev/src -I/home/byrn/HDF_Projects/hdf5/dev/src/H5FDsubfiling -I/home/byrn/HDF_Projects/hdf5/build/ci-StdShar-GNUC/src -I/home/byrn/HDF_Projects/hdf5/build/ci-StdShar-GNUC/_deps/hdf5_zlib-build -I/home/byrn/HDF_Projects/hdf5/build/ci-StdShar-GNUC/_deps/hdf5_zlib-src -I/home/byrn/HDF_Projects/hdf5/build/ci-StdShar-GNUC/_deps/szip-build -I/home/byrn/HDF_Projects/hdf5/build/ci-StdShar-GNUC/_deps/szip-src/include -I/home/byrn/HDF_Projects/hdf5/build/ci-StdShar-GNUC/_deps/szip-src -std=c99  -fstdarg-opt -fdiagnostics-urls=never -fno-diagnostics-color -fmessage-length=0 -O2 -g -DNDEBUG -std=gnu99 -fPIC -Wall -Wcast-qual -Wconversion -Wextra -Wfloat-equal -Wformat=2 -Winit-self -Winvalid-pch -Wmissing-include-dirs -Wshadow -Wundef -Wwrite-strings -pedantic -Wno-c++-compat -Wbad-function-cast -Wcast-align -Wformat -Wimplicit-function-declaration -Wint-to-pointer-cast -Wmissing-declarations -Wmissing-prototypes -Wnested-externs -Wold-style-definition -Wpacked -Wpointer-sign -Wpointer-to-int-cast -Wredundant-decls -Wstrict-prototypes -Wswitch -Wunused-but-set-variable -Wunused-variable -Wunused-function -Wunused-parameter -finline-functions -Wno-aggregate-return -Wno-inline -Wno-missing-format-attribute -Wno-missing-noreturn -Wno-overlength-strings -Wlarger-than=2560 -Wlogical-op -Wframe-larger-than=16384 -Wpacked-bitfield-compat -Wsync-nand -Wno-unsuffixed-float-constants -Wdouble-promotion -Wtrampolines -Wstack-usage=8192 -Wmaybe-uninitialized -Wno-jump-misses-init -Wstrict-overflow=2 -Wno-suggest-attribute=const -Wno-suggest-attribute=noreturn -Wno-suggest-attribute=pure -Wno-suggest-attribute=format -Wdate-time -Warray-bounds=2 -Wc99-c11-compat -Wincompatible-pointer-types -Wint-conversion -Wduplicated-cond -Whsa -Wnormalized -Wnull-dereference -Wunused-const-variable -Walloca -Walloc-zero -Wduplicated-branches -Wformat-overflow=2 -Wformat-truncation=1 -Wrestrict -Wattribute-alias -Wshift-overflow=2 -Wcast-function-type -Wcast-align=strict -Wno-suggest-attribute=cold -Wno-suggest-attribute=malloc -Wattribute-alias=2 -Wmissing-profile -Wc11-c2x-compat -MD -MT src/CMakeFiles/hdf5-shared.dir/H5Pocpl.c.o -MF src/CMakeFiles/hdf5-shared.dir/H5Pocpl.c.o.d -o src/CMakeFiles/hdf5-shared.dir/H5Pocpl.c.o -c /home/byrn/HDF_Projects/hdf5/dev/src/H5Pocpl.c
[635/4114] /usr/bin/cc -DH5_BUILT_AS_DYNAMIC_LIB -D_FILE_OFFSET_BITS=64 -D_GNU_SOURCE -D_LARGEFILE_SOURCE -D_POSIX_C_SOURCE=200809L -Dhdf5_shared_EXPORTS -I/home/byrn/HDF_Projects/hdf5/dev/src -I/home/byrn/HDF_Projects/hdf5/dev/src/H5FDsubfiling -I/home/byrn/HDF_Projects/hdf5/build/ci-StdShar-GNUC/src -I/home/byrn/HDF_Projects/hdf5/build/ci-StdShar-GNUC/_deps/hdf5_zlib-build -I/home/byrn/HDF_Projects/hdf5/build/ci-StdShar-GNUC/_deps/hdf5_zlib-src -I/home/byrn/HDF_Projects/hdf5/build/ci-StdShar-GNUC/_deps/szip-build -I/home/byrn/HDF_Projects/hdf5/build/ci-StdShar-GNUC/_deps/szip-src/include -I/home/byrn/HDF_Projects/hdf5/build/ci-StdShar-GNUC/_deps/szip-src -std=c99  -fstdarg-opt -fdiagnostics-urls=never -fno-diagnostics-color -fmessage-length=0 -O2 -g -DNDEBUG -std=gnu99 -fPIC -Wall -Wcast-qual -Wconversion -Wextra -Wfloat-equal -Wformat=2 -Winit-self -Winvalid-pch -Wmissing-include-dirs -Wshadow -Wundef -Wwrite-strings -pedantic -Wno-c++-compat -Wbad-function-cast -Wcast-align -Wformat -Wimplicit-function-declaration -Wint-to-pointer-cast -Wmissing-declarations -Wmissing-prototypes -Wnested-externs -Wold-style-definition -Wpacked -Wpointer-sign -Wpointer-to-int-cast -Wredundant-decls -Wstrict-prototypes -Wswitch -Wunused-but-set-variable -Wunused-variable -Wunused-function -Wunused-parameter -finline-functions -Wno-aggregate-return -Wno-inline -Wno-missing-format-attribute -Wno-missing-noreturn -Wno-overlength-strings -Wlarger-than=2560 -Wlogical-op -Wframe-larger-than=16384 -Wpacked-bitfield-compat -Wsync-nand -Wno-unsuffixed-float-constants -Wdouble-promotion -Wtrampolines -Wstack-usage=8192 -Wmaybe-uninitialized -Wno-jump-misses-init -Wstrict-overflow=2 -Wno-suggest-attribute=const -Wno-suggest-attribute=noreturn -Wno-suggest-attribute=pure -Wno-suggest-attribute=format -Wdate-time -Warray-bounds=2 -Wc99-c11-compat -Wincompatible-pointer-types -Wint-conversion -Wduplicated-cond -Whsa -Wnormalized -Wnull-dereference -Wunused-const-variable -Walloca -Walloc-zero -Wduplicated-branches -Wformat-overflow=2 -Wformat-truncation=1 -Wrestrict -Wattribute-alias -Wshift-overflow=2 -Wcast-function-type -Wcast-align=strict -Wno-suggest-attribute=cold -Wno-suggest-attribute=malloc -Wattribute-alias=2 -Wmissing-profile -Wc11-c2x-compat -MD -MT src/CMakeFiles/hdf5-shared.dir/H5PLplugin_cache.c.o -MF src/CMakeFiles/hdf5-shared.dir/H5PLplugin_cache.c.o.d -o src/CMakeFiles/hdf5-shared.dir/H5PLplugin_cache.c.o -c /home/byrn/HDF_Projects/hdf5/dev/src/H5PLplugin_cache.c
[636/4114] /usr/bin/cc -DH5_BUILT_AS_DYNAMIC_LIB -D_FILE_OFFSET_BITS=64 -D_GNU_SOURCE -D_LARGEFILE_SOURCE -D_POSIX_C_SOURCE=200809L -Dhdf5_shared_EXPORTS -I/home/byrn/HDF_Projects/hdf5/dev/src -I/home/byrn/HDF_Projects/hdf5/dev/src/H5FDsubfiling -I/home/byrn/HDF_Projects/hdf5/build/ci-StdShar-GNUC/src -I/home/byrn/HDF_Projects/hdf5/build/ci-StdShar-GNUC/_deps/hdf5_zlib-build -I/home/byrn/HDF_Projects/hdf5/build/ci-StdShar-GNUC/_deps/hdf5_zlib-src -I/home/byrn/HDF_Projects/hdf5/build/ci-StdShar-GNUC/_deps/szip-build -I/home/byrn/HDF_Projects/hdf5/build/ci-StdShar-GNUC/_deps/szip-src/include -I/home/byrn/HDF_Projects/hdf5/build/ci-StdShar-GNUC/_deps/szip-src -std=c99  -fstdarg-opt -fdiagnostics-urls=never -fno-diagnostics-color -fmessage-length=0 -O2 -g -DNDEBUG -std=gnu99 -fPIC -Wall -Wcast-qual -Wconversion -Wextra -Wfloat-equal -Wformat=2 -Winit-self -Winvalid-pch -Wmissing-include-dirs -Wshadow -Wundef -Wwrite-strings -pedantic -Wno-c++-compat -Wbad-function-cast -Wcast-align -Wformat -Wimplicit-function-declaration -Wint-to-pointer-cast -Wmissing-declarations -Wmissing-prototypes -Wnested-externs -Wold-style-definition -Wpacked -Wpointer-sign -Wpointer-to-int-cast -Wredundant-decls -Wstrict-prototypes -Wswitch -Wunused-but-set-variable -Wunused-variable -Wunused-function -Wunused-parameter -finline-functions -Wno-aggregate-return -Wno-inline -Wno-missing-format-attribute -Wno-missing-noreturn -Wno-overlength-strings -Wlarger-than=2560 -Wlogical-op -Wframe-larger-than=16384 -Wpacked-bitfield-compat -Wsync-nand -Wno-unsuffixed-float-constants -Wdouble-promotion -Wtrampolines -Wstack-usage=8192 -Wmaybe-uninitialized -Wno-jump-misses-init -Wstrict-overflow=2 -Wno-suggest-attribute=const -Wno-suggest-attribute=noreturn -Wno-suggest-attribute=pure -Wno-suggest-attribute=format -Wdate-time -Warray-bounds=2 -Wc99-c11-compat -Wincompatible-pointer-types -Wint-conversion -Wduplicated-cond -Whsa -Wnormalized -Wnull-dereference -Wunused-const-variable -Walloca -Walloc-zero -Wduplicated-branches -Wformat-overflow=2 -Wformat-truncation=1 -Wrestrict -Wattribute-alias -Wshift-overflow=2 -Wcast-function-type -Wcast-align=strict -Wno-suggest-attribute=cold -Wno-suggest-attribute=malloc -Wattribute-alias=2 -Wmissing-profile -Wc11-c2x-compat -MD -MT src/CMakeFiles/hdf5-shared.dir/H5PB.c.o -MF src/CMakeFiles/hdf5-shared.dir/H5PB.c.o.d -o src/CMakeFiles/hdf5-shared.dir/H5PB.c.o -c /home/byrn/HDF_Projects/hdf5/dev/src/H5PB.c
[637/4114] /usr/bin/cc -DH5_BUILT_AS_DYNAMIC_LIB -D_FILE_OFFSET_BITS=64 -D_GNU_SOURCE -D_LARGEFILE_SOURCE -D_POSIX_C_SOURCE=200809L -Dhdf5_shared_EXPORTS -I/home/byrn/HDF_Projects/hdf5/dev/src -I/home/byrn/HDF_Projects/hdf5/dev/src/H5FDsubfiling -I/home/byrn/HDF_Projects/hdf5/build/ci-StdShar-GNUC/src -I/home/byrn/HDF_Projects/hdf5/build/ci-StdShar-GNUC/_deps/hdf5_zlib-build -I/home/byrn/HDF_Projects/hdf5/build/ci-StdShar-GNUC/_deps/hdf5_zlib-src -I/home/byrn/HDF_Projects/hdf5/build/ci-StdShar-GNUC/_deps/szip-build -I/home/byrn/HDF_Projects/hdf5/build/ci-StdShar-GNUC/_deps/szip-src/include -I/home/byrn/HDF_Projects/hdf5/build/ci-StdShar-GNUC/_deps/szip-src -std=c99  -fstdarg-opt -fdiagnostics-urls=never -fno-diagnostics-color -fmessage-length=0 -O2 -g -DNDEBUG -std=gnu99 -fPIC -Wall -Wcast-qual -Wconversion -Wextra -Wfloat-equal -Wformat=2 -Winit-self -Winvalid-pch -Wmissing-include-dirs -Wshadow -Wundef -Wwrite-strings -pedantic -Wno-c++-compat -Wbad-function-cast -Wcast-align -Wformat -Wimplicit-function-declaration -Wint-to-pointer-cast -Wmissing-declarations -Wmissing-prototypes -Wnested-externs -Wold-style-definition -Wpacked -Wpointer-sign -Wpointer-to-int-cast -Wredundant-decls -Wstrict-prototypes -Wswitch -Wunused-but-set-variable -Wunused-variable -Wunused-function -Wunused-parameter -finline-functions -Wno-aggregate-return -Wno-inline -Wno-missing-format-attribute -Wno-missing-noreturn -Wno-overlength-strings -Wlarger-than=2560 -Wlogical-op -Wframe-larger-than=16384 -Wpacked-bitfield-compat -Wsync-nand -Wno-unsuffixed-float-constants -Wdouble-promotion -Wtrampolines -Wstack-usage=8192 -Wmaybe-uninitialized -Wno-jump-misses-init -Wstrict-overflow=2 -Wno-suggest-attribute=const -Wno-suggest-attribute=noreturn -Wno-suggest-attribute=pure -Wno-suggest-attribute=format -Wdate-time -Warray-bounds=2 -Wc99-c11-compat -Wincompatible-pointer-types -Wint-conversion -Wduplicated-cond -Whsa -Wnormalized -Wnull-dereference -Wunused-const-variable -Walloca -Walloc-zero -Wduplicated-branches -Wformat-overflow=2 -Wformat-truncation=1 -Wrestrict -Wattribute-alias -Wshift-overflow=2 -Wcast-function-type -Wcast-align=strict -Wno-suggest-attribute=cold -Wno-suggest-attribute=malloc -Wattribute-alias=2 -Wmissing-profile -Wc11-c2x-compat -MD -MT src/CMakeFiles/hdf5-shared.dir/H5UC.c.o -MF src/CMakeFiles/hdf5-shared.dir/H5UC.c.o.d -o src/CMakeFiles/hdf5-shared.dir/H5UC.c.o -c /home/byrn/HDF_Projects/hdf5/dev/src/H5UC.c
[638/4114] /usr/bin/cc -DH5_BUILT_AS_DYNAMIC_LIB -D_FILE_OFFSET_BITS=64 -D_GNU_SOURCE -D_LARGEFILE_SOURCE -D_POSIX_C_SOURCE=200809L -Dhdf5_shared_EXPORTS -I/home/byrn/HDF_Projects/hdf5/dev/src -I/home/byrn/HDF_Projects/hdf5/dev/src/H5FDsubfiling -I/home/byrn/HDF_Projects/hdf5/build/ci-StdShar-GNUC/src -I/home/byrn/HDF_Projects/hdf5/build/ci-StdShar-GNUC/_deps/hdf5_zlib-build -I/home/byrn/HDF_Projects/hdf5/build/ci-StdShar-GNUC/_deps/hdf5_zlib-src -I/home/byrn/HDF_Projects/hdf5/build/ci-StdShar-GNUC/_deps/szip-build -I/home/byrn/HDF_Projects/hdf5/build/ci-StdShar-GNUC/_deps/szip-src/include -I/home/byrn/HDF_Projects/hdf5/build/ci-StdShar-GNUC/_deps/szip-src -std=c99  -fstdarg-opt -fdiagnostics-urls=never -fno-diagnostics-color -fmessage-length=0 -O2 -g -DNDEBUG -std=gnu99 -fPIC -Wall -Wcast-qual -Wconversion -Wextra -Wfloat-equal -Wformat=2 -Winit-self -Winvalid-pch -Wmissing-include-dirs -Wshadow -Wundef -Wwrite-strings -pedantic -Wno-c++-compat -Wbad-function-cast -Wcast-align -Wformat -Wimplicit-function-declaration -Wint-to-pointer-cast -Wmissing-declarations -Wmissing-prototypes -Wnested-externs -Wold-style-definition -Wpacked -Wpointer-sign -Wpointer-to-int-cast -Wredundant-decls -Wstrict-prototypes -Wswitch -Wunused-but-set-variable -Wunused-variable -Wunused-function -Wunused-parameter -finline-functions -Wno-aggregate-return -Wno-inline -Wno-missing-format-attribute -Wno-missing-noreturn -Wno-overlength-strings -Wlarger-than=2560 -Wlogical-op -Wframe-larger-than=16384 -Wpacked-bitfield-compat -Wsync-nand -Wno-unsuffixed-float-constants -Wdouble-promotion -Wtrampolines -Wstack-usage=8192 -Wmaybe-uninitialized -Wno-jump-misses-init -Wstrict-overflow=2 -Wno-suggest-attribute=const -Wno-suggest-attribute=noreturn -Wno-suggest-attribute=pure -Wno-suggest-attribute=format -Wdate-time -Warray-bounds=2 -Wc99-c11-compat -Wincompatible-pointer-types -Wint-conversion -Wduplicated-cond -Whsa -Wnormalized -Wnull-dereference -Wunused-const-variable -Walloca -Walloc-zero -Wduplicated-branches -Wformat-overflow=2 -Wformat-truncation=1 -Wrestrict -Wattribute-alias -Wshift-overflow=2 -Wcast-function-type -Wcast-align=strict -Wno-suggest-attribute=cold -Wno-suggest-attribute=malloc -Wattribute-alias=2 -Wmissing-profile -Wc11-c2x-compat -MD -MT src/CMakeFiles/hdf5-shared.dir/H5PLpath.c.o -MF src/CMakeFiles/hdf5-shared.dir/H5PLpath.c.o.d -o src/CMakeFiles/hdf5-shared.dir/H5PLpath.c.o -c /home/byrn/HDF_Projects/hdf5/dev/src/H5PLpath.c
[639/4114] /usr/bin/cc -DH5_BUILT_AS_DYNAMIC_LIB -D_FILE_OFFSET_BITS=64 -D_GNU_SOURCE -D_LARGEFILE_SOURCE -D_POSIX_C_SOURCE=200809L -Dhdf5_shared_EXPORTS -I/home/byrn/HDF_Projects/hdf5/dev/src -I/home/byrn/HDF_Projects/hdf5/dev/src/H5FDsubfiling -I/home/byrn/HDF_Projects/hdf5/build/ci-StdShar-GNUC/src -I/home/byrn/HDF_Projects/hdf5/build/ci-StdShar-GNUC/_deps/hdf5_zlib-build -I/home/byrn/HDF_Projects/hdf5/build/ci-StdShar-GNUC/_deps/hdf5_zlib-src -I/home/byrn/HDF_Projects/hdf5/build/ci-StdShar-GNUC/_deps/szip-build -I/home/byrn/HDF_Projects/hdf5/build/ci-StdShar-GNUC/_deps/szip-src/include -I/home/byrn/HDF_Projects/hdf5/build/ci-StdShar-GNUC/_deps/szip-src -std=c99  -fstdarg-opt -fdiagnostics-urls=never -fno-diagnostics-color -fmessage-length=0 -O2 -g -DNDEBUG -std=gnu99 -fPIC -Wall -Wcast-qual -Wconversion -Wextra -Wfloat-equal -Wformat=2 -Winit-self -Winvalid-pch -Wmissing-include-dirs -Wshadow -Wundef -Wwrite-strings -pedantic -Wno-c++-compat -Wbad-function-cast -Wcast-align -Wformat -Wimplicit-function-declaration -Wint-to-pointer-cast -Wmissing-declarations -Wmissing-prototypes -Wnested-externs -Wold-style-definition -Wpacked -Wpointer-sign -Wpointer-to-int-cast -Wredundant-decls -Wstrict-prototypes -Wswitch -Wunused-but-set-variable -Wunused-variable -Wunused-function -Wunused-parameter -finline-functions -Wno-aggregate-return -Wno-inline -Wno-missing-format-attribute -Wno-missing-noreturn -Wno-overlength-strings -Wlarger-than=2560 -Wlogical-op -Wframe-larger-than=16384 -Wpacked-bitfield-compat -Wsync-nand -Wno-unsuffixed-float-constants -Wdouble-promotion -Wtrampolines -Wstack-usage=8192 -Wmaybe-uninitialized -Wno-jump-misses-init -Wstrict-overflow=2 -Wno-suggest-attribute=const -Wno-suggest-attribute=noreturn -Wno-suggest-attribute=pure -Wno-suggest-attribute=format -Wdate-time -Warray-bounds=2 -Wc99-c11-compat -Wincompatible-pointer-types -Wint-conversion -Wduplicated-cond -Whsa -Wnormalized -Wnull-dereference -Wunused-const-variable -Walloca -Walloc-zero -Wduplicated-branches -Wformat-overflow=2 -Wformat-truncation=1 -Wrestrict -Wattribute-alias -Wshift-overflow=2 -Wcast-function-type -Wcast-align=strict -Wno-suggest-attribute=cold -Wno-suggest-attribute=malloc -Wattribute-alias=2 -Wmissing-profile -Wc11-c2x-compat -MD -MT src/CMakeFiles/hdf5-shared.dir/H5RS.c.o -MF src/CMakeFiles/hdf5-shared.dir/H5RS.c.o.d -o src/CMakeFiles/hdf5-shared.dir/H5RS.c.o -c /home/byrn/HDF_Projects/hdf5/dev/src/H5RS.c
[640/4114] /usr/bin/cc -DH5_BUILT_AS_DYNAMIC_LIB -D_FILE_OFFSET_BITS=64 -D_GNU_SOURCE -D_LARGEFILE_SOURCE -D_POSIX_C_SOURCE=200809L -Dhdf5_shared_EXPORTS -I/home/byrn/HDF_Projects/hdf5/dev/src -I/home/byrn/HDF_Projects/hdf5/dev/src/H5FDsubfiling -I/home/byrn/HDF_Projects/hdf5/build/ci-StdShar-GNUC/src -I/home/byrn/HDF_Projects/hdf5/build/ci-StdShar-GNUC/_deps/hdf5_zlib-build -I/home/byrn/HDF_Projects/hdf5/build/ci-StdShar-GNUC/_deps/hdf5_zlib-src -I/home/byrn/HDF_Projects/hdf5/build/ci-StdShar-GNUC/_deps/szip-build -I/home/byrn/HDF_Projects/hdf5/build/ci-StdShar-GNUC/_deps/szip-src/include -I/home/byrn/HDF_Projects/hdf5/build/ci-StdShar-GNUC/_deps/szip-src -std=c99  -fstdarg-opt -fdiagnostics-urls=never -fno-diagnostics-color -fmessage-length=0 -O2 -g -DNDEBUG -std=gnu99 -fPIC -Wall -Wcast-qual -Wconversion -Wextra -Wfloat-equal -Wformat=2 -Winit-self -Winvalid-pch -Wmissing-include-dirs -Wshadow -Wundef -Wwrite-strings -pedantic -Wno-c++-compat -Wbad-function-cast -Wcast-align -Wformat -Wimplicit-function-declaration -Wint-to-pointer-cast -Wmissing-declarations -Wmissing-prototypes -Wnested-externs -Wold-style-definition -Wpacked -Wpointer-sign -Wpointer-to-int-cast -Wredundant-decls -Wstrict-prototypes -Wswitch -Wunused-but-set-variable -Wunused-variable -Wunused-function -Wunused-parameter -finline-functions -Wno-aggregate-return -Wno-inline -Wno-missing-format-attribute -Wno-missing-noreturn -Wno-overlength-strings -Wlarger-than=2560 -Wlogical-op -Wframe-larger-than=16384 -Wpacked-bitfield-compat -Wsync-nand -Wno-unsuffixed-float-constants -Wdouble-promotion -Wtrampolines -Wstack-usage=8192 -Wmaybe-uninitialized -Wno-jump-misses-init -Wstrict-overflow=2 -Wno-suggest-attribute=const -Wno-suggest-attribute=noreturn -Wno-suggest-attribute=pure -Wno-suggest-attribute=format -Wdate-time -Warray-bounds=2 -Wc99-c11-compat -Wincompatible-pointer-types -Wint-conversion -Wduplicated-cond -Whsa -Wnormalized -Wnull-dereference -Wunused-const-variable -Walloca -Walloc-zero -Wduplicated-branches -Wformat-overflow=2 -Wformat-truncation=1 -Wrestrict -Wattribute-alias -Wshift-overflow=2 -Wcast-function-type -Wcast-align=strict -Wno-suggest-attribute=cold -Wno-suggest-attribute=malloc -Wattribute-alias=2 -Wmissing-profile -Wc11-c2x-compat -MD -MT src/CMakeFiles/hdf5-shared.dir/H5Sdbg.c.o -MF src/CMakeFiles/hdf5-shared.dir/H5Sdbg.c.o.d -o src/CMakeFiles/hdf5-shared.dir/H5Sdbg.c.o -c /home/byrn/HDF_Projects/hdf5/dev/src/H5Sdbg.c
[641/4114] /usr/bin/cc -DH5_BUILT_AS_DYNAMIC_LIB -D_FILE_OFFSET_BITS=64 -D_GNU_SOURCE -D_LARGEFILE_SOURCE -D_POSIX_C_SOURCE=200809L -Dhdf5_shared_EXPORTS -I/home/byrn/HDF_Projects/hdf5/dev/src -I/home/byrn/HDF_Projects/hdf5/dev/src/H5FDsubfiling -I/home/byrn/HDF_Projects/hdf5/build/ci-StdShar-GNUC/src -I/home/byrn/HDF_Projects/hdf5/build/ci-StdShar-GNUC/_deps/hdf5_zlib-build -I/home/byrn/HDF_Projects/hdf5/build/ci-StdShar-GNUC/_deps/hdf5_zlib-src -I/home/byrn/HDF_Projects/hdf5/build/ci-StdShar-GNUC/_deps/szip-build -I/home/byrn/HDF_Projects/hdf5/build/ci-StdShar-GNUC/_deps/szip-src/include -I/home/byrn/HDF_Projects/hdf5/build/ci-StdShar-GNUC/_deps/szip-src -std=c99  -fstdarg-opt -fdiagnostics-urls=never -fno-diagnostics-color -fmessage-length=0 -O2 -g -DNDEBUG -std=gnu99 -fPIC -Wall -Wcast-qual -Wconversion -Wextra -Wfloat-equal -Wformat=2 -Winit-self -Winvalid-pch -Wmissing-include-dirs -Wshadow -Wundef -Wwrite-strings -pedantic -Wno-c++-compat -Wbad-function-cast -Wcast-align -Wformat -Wimplicit-function-declaration -Wint-to-pointer-cast -Wmissing-declarations -Wmissing-prototypes -Wnested-externs -Wold-style-definition -Wpacked -Wpointer-sign -Wpointer-to-int-cast -Wredundant-decls -Wstrict-prototypes -Wswitch -Wunused-but-set-variable -Wunused-variable -Wunused-function -Wunused-parameter -finline-functions -Wno-aggregate-return -Wno-inline -Wno-missing-format-attribute -Wno-missing-noreturn -Wno-overlength-strings -Wlarger-than=2560 -Wlogical-op -Wframe-larger-than=16384 -Wpacked-bitfield-compat -Wsync-nand -Wno-unsuffixed-float-constants -Wdouble-promotion -Wtrampolines -Wstack-usage=8192 -Wmaybe-uninitialized -Wno-jump-misses-init -Wstrict-overflow=2 -Wno-suggest-attribute=const -Wno-suggest-attribute=noreturn -Wno-suggest-attribute=pure -Wno-suggest-attribute=format -Wdate-time -Warray-bounds=2 -Wc99-c11-compat -Wincompatible-pointer-types -Wint-conversion -Wduplicated-cond -Whsa -Wnormalized -Wnull-dereference -Wunused-const-variable -Walloca -Walloc-zero -Wduplicated-branches -Wformat-overflow=2 -Wformat-truncation=1 -Wrestrict -Wattribute-alias -Wshift-overflow=2 -Wcast-function-type -Wcast-align=strict -Wno-suggest-attribute=cold -Wno-suggest-attribute=malloc -Wattribute-alias=2 -Wmissing-profile -Wc11-c2x-compat -MD -MT src/CMakeFiles/hdf5-shared.dir/H5Sdeprec.c.o -MF src/CMakeFiles/hdf5-shared.dir/H5Sdeprec.c.o.d -o src/CMakeFiles/hdf5-shared.dir/H5Sdeprec.c.o -c /home/byrn/HDF_Projects/hdf5/dev/src/H5Sdeprec.c
[642/4114] /usr/bin/cc -DH5_BUILT_AS_DYNAMIC_LIB -D_FILE_OFFSET_BITS=64 -D_GNU_SOURCE -D_LARGEFILE_SOURCE -D_POSIX_C_SOURCE=200809L -Dhdf5_shared_EXPORTS -I/home/byrn/HDF_Projects/hdf5/dev/src -I/home/byrn/HDF_Projects/hdf5/dev/src/H5FDsubfiling -I/home/byrn/HDF_Projects/hdf5/build/ci-StdShar-GNUC/src -I/home/byrn/HDF_Projects/hdf5/build/ci-StdShar-GNUC/_deps/hdf5_zlib-build -I/home/byrn/HDF_Projects/hdf5/build/ci-StdShar-GNUC/_deps/hdf5_zlib-src -I/home/byrn/HDF_Projects/hdf5/build/ci-StdShar-GNUC/_deps/szip-build -I/home/byrn/HDF_Projects/hdf5/build/ci-StdShar-GNUC/_deps/szip-src/include -I/home/byrn/HDF_Projects/hdf5/build/ci-StdShar-GNUC/_deps/szip-src -std=c99  -fstdarg-opt -fdiagnostics-urls=never -fno-diagnostics-color -fmessage-length=0 -O2 -g -DNDEBUG -std=gnu99 -fPIC -Wall -Wcast-qual -Wconversion -Wextra -Wfloat-equal -Wformat=2 -Winit-self -Winvalid-pch -Wmissing-include-dirs -Wshadow -Wundef -Wwrite-strings -pedantic -Wno-c++-compat -Wbad-function-cast -Wcast-align -Wformat -Wimplicit-function-declaration -Wint-to-pointer-cast -Wmissing-declarations -Wmissing-prototypes -Wnested-externs -Wold-style-definition -Wpacked -Wpointer-sign -Wpointer-to-int-cast -Wredundant-decls -Wstrict-prototypes -Wswitch -Wunused-but-set-variable -Wunused-variable -Wunused-function -Wunused-parameter -finline-functions -Wno-aggregate-return -Wno-inline -Wno-missing-format-attribute -Wno-missing-noreturn -Wno-overlength-strings -Wlarger-than=2560 -Wlogical-op -Wframe-larger-than=16384 -Wpacked-bitfield-compat -Wsync-nand -Wno-unsuffixed-float-constants -Wdouble-promotion -Wtrampolines -Wstack-usage=8192 -Wmaybe-uninitialized -Wno-jump-misses-init -Wstrict-overflow=2 -Wno-suggest-attribute=const -Wno-suggest-attribute=noreturn -Wno-suggest-attribute=pure -Wno-suggest-attribute=format -Wdate-time -Warray-bounds=2 -Wc99-c11-compat -Wincompatible-pointer-types -Wint-conversion -Wduplicated-cond -Whsa -Wnormalized -Wnull-dereference -Wunused-const-variable -Walloca -Walloc-zero -Wduplicated-branches -Wformat-overflow=2 -Wformat-truncation=1 -Wrestrict -Wattribute-alias -Wshift-overflow=2 -Wcast-function-type -Wcast-align=strict -Wno-suggest-attribute=cold -Wno-suggest-attribute=malloc -Wattribute-alias=2 -Wmissing-profile -Wc11-c2x-compat -MD -MT src/CMakeFiles/hdf5-shared.dir/H5Sall.c.o -MF src/CMakeFiles/hdf5-shared.dir/H5Sall.c.o.d -o src/CMakeFiles/hdf5-shared.dir/H5Sall.c.o -c /home/byrn/HDF_Projects/hdf5/dev/src/H5Sall.c
[643/4114] /usr/bin/cc -DH5_BUILT_AS_DYNAMIC_LIB -D_FILE_OFFSET_BITS=64 -D_GNU_SOURCE -D_LARGEFILE_SOURCE -D_POSIX_C_SOURCE=200809L -Dhdf5_shared_EXPORTS -I/home/byrn/HDF_Projects/hdf5/dev/src -I/home/byrn/HDF_Projects/hdf5/dev/src/H5FDsubfiling -I/home/byrn/HDF_Projects/hdf5/build/ci-StdShar-GNUC/src -I/home/byrn/HDF_Projects/hdf5/build/ci-StdShar-GNUC/_deps/hdf5_zlib-build -I/home/byrn/HDF_Projects/hdf5/build/ci-StdShar-GNUC/_deps/hdf5_zlib-src -I/home/byrn/HDF_Projects/hdf5/build/ci-StdShar-GNUC/_deps/szip-build -I/home/byrn/HDF_Projects/hdf5/build/ci-StdShar-GNUC/_deps/szip-src/include -I/home/byrn/HDF_Projects/hdf5/build/ci-StdShar-GNUC/_deps/szip-src -std=c99  -fstdarg-opt -fdiagnostics-urls=never -fno-diagnostics-color -fmessage-length=0 -O2 -g -DNDEBUG -std=gnu99 -fPIC -Wall -Wcast-qual -Wconversion -Wextra -Wfloat-equal -Wformat=2 -Winit-self -Winvalid-pch -Wmissing-include-dirs -Wshadow -Wundef -Wwrite-strings -pedantic -Wno-c++-compat -Wbad-function-cast -Wcast-align -Wformat -Wimplicit-function-declaration -Wint-to-pointer-cast -Wmissing-declarations -Wmissing-prototypes -Wnested-externs -Wold-style-definition -Wpacked -Wpointer-sign -Wpointer-to-int-cast -Wredundant-decls -Wstrict-prototypes -Wswitch -Wunused-but-set-variable -Wunused-variable -Wunused-function -Wunused-parameter -finline-functions -Wno-aggregate-return -Wno-inline -Wno-missing-format-attribute -Wno-missing-noreturn -Wno-overlength-strings -Wlarger-than=2560 -Wlogical-op -Wframe-larger-than=16384 -Wpacked-bitfield-compat -Wsync-nand -Wno-unsuffixed-float-constants -Wdouble-promotion -Wtrampolines -Wstack-usage=8192 -Wmaybe-uninitialized -Wno-jump-misses-init -Wstrict-overflow=2 -Wno-suggest-attribute=const -Wno-suggest-attribute=noreturn -Wno-suggest-attribute=pure -Wno-suggest-attribute=format -Wdate-time -Warray-bounds=2 -Wc99-c11-compat -Wincompatible-pointer-types -Wint-conversion -Wduplicated-cond -Whsa -Wnormalized -Wnull-dereference -Wunused-const-variable -Walloca -Walloc-zero -Wduplicated-branches -Wformat-overflow=2 -Wformat-truncation=1 -Wrestrict -Wattribute-alias -Wshift-overflow=2 -Wcast-function-type -Wcast-align=strict -Wno-suggest-attribute=cold -Wno-suggest-attribute=malloc -Wattribute-alias=2 -Wmissing-profile -Wc11-c2x-compat -MD -MT src/CMakeFiles/hdf5-shared.dir/H5R.c.o -MF src/CMakeFiles/hdf5-shared.dir/H5R.c.o.d -o src/CMakeFiles/hdf5-shared.dir/H5R.c.o -c /home/byrn/HDF_Projects/hdf5/dev/src/H5R.c
[644/4114] /usr/bin/cc -DH5_BUILT_AS_DYNAMIC_LIB -D_FILE_OFFSET_BITS=64 -D_GNU_SOURCE -D_LARGEFILE_SOURCE -D_POSIX_C_SOURCE=200809L -Dhdf5_shared_EXPORTS -I/home/byrn/HDF_Projects/hdf5/dev/src -I/home/byrn/HDF_Projects/hdf5/dev/src/H5FDsubfiling -I/home/byrn/HDF_Projects/hdf5/build/ci-StdShar-GNUC/src -I/home/byrn/HDF_Projects/hdf5/build/ci-StdShar-GNUC/_deps/hdf5_zlib-build -I/home/byrn/HDF_Projects/hdf5/build/ci-StdShar-GNUC/_deps/hdf5_zlib-src -I/home/byrn/HDF_Projects/hdf5/build/ci-StdShar-GNUC/_deps/szip-build -I/home/byrn/HDF_Projects/hdf5/build/ci-StdShar-GNUC/_deps/szip-src/include -I/home/byrn/HDF_Projects/hdf5/build/ci-StdShar-GNUC/_deps/szip-src -std=c99  -fstdarg-opt -fdiagnostics-urls=never -fno-diagnostics-color -fmessage-length=0 -O2 -g -DNDEBUG -std=gnu99 -fPIC -Wall -Wcast-qual -Wconversion -Wextra -Wfloat-equal -Wformat=2 -Winit-self -Winvalid-pch -Wmissing-include-dirs -Wshadow -Wundef -Wwrite-strings -pedantic -Wno-c++-compat -Wbad-function-cast -Wcast-align -Wformat -Wimplicit-function-declaration -Wint-to-pointer-cast -Wmissing-declarations -Wmissing-prototypes -Wnested-externs -Wold-style-definition -Wpacked -Wpointer-sign -Wpointer-to-int-cast -Wredundant-decls -Wstrict-prototypes -Wswitch -Wunused-but-set-variable -Wunused-variable -Wunused-function -Wunused-parameter -finline-functions -Wno-aggregate-return -Wno-inline -Wno-missing-format-attribute -Wno-missing-noreturn -Wno-overlength-strings -Wlarger-than=2560 -Wlogical-op -Wframe-larger-than=16384 -Wpacked-bitfield-compat -Wsync-nand -Wno-unsuffixed-float-constants -Wdouble-promotion -Wtrampolines -Wstack-usage=8192 -Wmaybe-uninitialized -Wno-jump-misses-init -Wstrict-overflow=2 -Wno-suggest-attribute=const -Wno-suggest-attribute=noreturn -Wno-suggest-attribute=pure -Wno-suggest-attribute=format -Wdate-time -Warray-bounds=2 -Wc99-c11-compat -Wincompatible-pointer-types -Wint-conversion -Wduplicated-cond -Whsa -Wnormalized -Wnull-dereference -Wunused-const-variable -Walloca -Walloc-zero -Wduplicated-branches -Wformat-overflow=2 -Wformat-truncation=1 -Wrestrict -Wattribute-alias -Wshift-overflow=2 -Wcast-function-type -Wcast-align=strict -Wno-suggest-attribute=cold -Wno-suggest-attribute=malloc -Wattribute-alias=2 -Wmissing-profile -Wc11-c2x-compat -MD -MT src/CMakeFiles/hdf5-shared.dir/H5Rdeprec.c.o -MF src/CMakeFiles/hdf5-shared.dir/H5Rdeprec.c.o.d -o src/CMakeFiles/hdf5-shared.dir/H5Rdeprec.c.o -c /home/byrn/HDF_Projects/hdf5/dev/src/H5Rdeprec.c
[645/4114] /usr/bin/cc -DH5_BUILT_AS_DYNAMIC_LIB -D_FILE_OFFSET_BITS=64 -D_GNU_SOURCE -D_LARGEFILE_SOURCE -D_POSIX_C_SOURCE=200809L -Dhdf5_shared_EXPORTS -I/home/byrn/HDF_Projects/hdf5/dev/src -I/home/byrn/HDF_Projects/hdf5/dev/src/H5FDsubfiling -I/home/byrn/HDF_Projects/hdf5/build/ci-StdShar-GNUC/src -I/home/byrn/HDF_Projects/hdf5/build/ci-StdShar-GNUC/_deps/hdf5_zlib-build -I/home/byrn/HDF_Projects/hdf5/build/ci-StdShar-GNUC/_deps/hdf5_zlib-src -I/home/byrn/HDF_Projects/hdf5/build/ci-StdShar-GNUC/_deps/szip-build -I/home/byrn/HDF_Projects/hdf5/build/ci-StdShar-GNUC/_deps/szip-src/include -I/home/byrn/HDF_Projects/hdf5/build/ci-StdShar-GNUC/_deps/szip-src -std=c99  -fstdarg-opt -fdiagnostics-urls=never -fno-diagnostics-color -fmessage-length=0 -O2 -g -DNDEBUG -std=gnu99 -fPIC -Wall -Wcast-qual -Wconversion -Wextra -Wfloat-equal -Wformat=2 -Winit-self -Winvalid-pch -Wmissing-include-dirs -Wshadow -Wundef -Wwrite-strings -pedantic -Wno-c++-compat -Wbad-function-cast -Wcast-align -Wformat -Wimplicit-function-declaration -Wint-to-pointer-cast -Wmissing-declarations -Wmissing-prototypes -Wnested-externs -Wold-style-definition -Wpacked -Wpointer-sign -Wpointer-to-int-cast -Wredundant-decls -Wstrict-prototypes -Wswitch -Wunused-but-set-variable -Wunused-variable -Wunused-function -Wunused-parameter -finline-functions -Wno-aggregate-return -Wno-inline -Wno-missing-format-attribute -Wno-missing-noreturn -Wno-overlength-strings -Wlarger-than=2560 -Wlogical-op -Wframe-larger-than=16384 -Wpacked-bitfield-compat -Wsync-nand -Wno-unsuffixed-float-constants -Wdouble-promotion -Wtrampolines -Wstack-usage=8192 -Wmaybe-uninitialized -Wno-jump-misses-init -Wstrict-overflow=2 -Wno-suggest-attribute=const -Wno-suggest-attribute=noreturn -Wno-suggest-attribute=pure -Wno-suggest-attribute=format -Wdate-time -Warray-bounds=2 -Wc99-c11-compat -Wincompatible-pointer-types -Wint-conversion -Wduplicated-cond -Whsa -Wnormalized -Wnull-dereference -Wunused-const-variable -Walloca -Walloc-zero -Wduplicated-branches -Wformat-overflow=2 -Wformat-truncation=1 -Wrestrict -Wattribute-alias -Wshift-overflow=2 -Wcast-function-type -Wcast-align=strict -Wno-suggest-attribute=cold -Wno-suggest-attribute=malloc -Wattribute-alias=2 -Wmissing-profile -Wc11-c2x-compat -MD -MT src/CMakeFiles/hdf5-shared.dir/H5Smpio.c.o -MF src/CMakeFiles/hdf5-shared.dir/H5Smpio.c.o.d -o src/CMakeFiles/hdf5-shared.dir/H5Smpio.c.o -c /home/byrn/HDF_Projects/hdf5/dev/src/H5Smpio.c
[646/4114] /usr/bin/cc -DH5_BUILT_AS_DYNAMIC_LIB -D_FILE_OFFSET_BITS=64 -D_GNU_SOURCE -D_LARGEFILE_SOURCE -D_POSIX_C_SOURCE=200809L -Dhdf5_shared_EXPORTS -I/home/byrn/HDF_Projects/hdf5/dev/src -I/home/byrn/HDF_Projects/hdf5/dev/src/H5FDsubfiling -I/home/byrn/HDF_Projects/hdf5/build/ci-StdShar-GNUC/src -I/home/byrn/HDF_Projects/hdf5/build/ci-StdShar-GNUC/_deps/hdf5_zlib-build -I/home/byrn/HDF_Projects/hdf5/build/ci-StdShar-GNUC/_deps/hdf5_zlib-src -I/home/byrn/HDF_Projects/hdf5/build/ci-StdShar-GNUC/_deps/szip-build -I/home/byrn/HDF_Projects/hdf5/build/ci-StdShar-GNUC/_deps/szip-src/include -I/home/byrn/HDF_Projects/hdf5/build/ci-StdShar-GNUC/_deps/szip-src -std=c99  -fstdarg-opt -fdiagnostics-urls=never -fno-diagnostics-color -fmessage-length=0 -O2 -g -DNDEBUG -std=gnu99 -fPIC -Wall -Wcast-qual -Wconversion -Wextra -Wfloat-equal -Wformat=2 -Winit-self -Winvalid-pch -Wmissing-include-dirs -Wshadow -Wundef -Wwrite-strings -pedantic -Wno-c++-compat -Wbad-function-cast -Wcast-align -Wformat -Wimplicit-function-declaration -Wint-to-pointer-cast -Wmissing-declarations -Wmissing-prototypes -Wnested-externs -Wold-style-definition -Wpacked -Wpointer-sign -Wpointer-to-int-cast -Wredundant-decls -Wstrict-prototypes -Wswitch -Wunused-but-set-variable -Wunused-variable -Wunused-function -Wunused-parameter -finline-functions -Wno-aggregate-return -Wno-inline -Wno-missing-format-attribute -Wno-missing-noreturn -Wno-overlength-strings -Wlarger-than=2560 -Wlogical-op -Wframe-larger-than=16384 -Wpacked-bitfield-compat -Wsync-nand -Wno-unsuffixed-float-constants -Wdouble-promotion -Wtrampolines -Wstack-usage=8192 -Wmaybe-uninitialized -Wno-jump-misses-init -Wstrict-overflow=2 -Wno-suggest-attribute=const -Wno-suggest-attribute=noreturn -Wno-suggest-attribute=pure -Wno-suggest-attribute=format -Wdate-time -Warray-bounds=2 -Wc99-c11-compat -Wincompatible-pointer-types -Wint-conversion -Wduplicated-cond -Whsa -Wnormalized -Wnull-dereference -Wunused-const-variable -Walloca -Walloc-zero -Wduplicated-branches -Wformat-overflow=2 -Wformat-truncation=1 -Wrestrict -Wattribute-alias -Wshift-overflow=2 -Wcast-function-type -Wcast-align=strict -Wno-suggest-attribute=cold -Wno-suggest-attribute=malloc -Wattribute-alias=2 -Wmissing-profile -Wc11-c2x-compat -MD -MT src/CMakeFiles/hdf5-shared.dir/H5Pfapl.c.o -MF src/CMakeFiles/hdf5-shared.dir/H5Pfapl.c.o.d -o src/CMakeFiles/hdf5-shared.dir/H5Pfapl.c.o -c /home/byrn/HDF_Projects/hdf5/dev/src/H5Pfapl.c
[647/4114] /usr/bin/cc -DH5_BUILT_AS_DYNAMIC_LIB -D_FILE_OFFSET_BITS=64 -D_GNU_SOURCE -D_LARGEFILE_SOURCE -D_POSIX_C_SOURCE=200809L -Dhdf5_shared_EXPORTS -I/home/byrn/HDF_Projects/hdf5/dev/src -I/home/byrn/HDF_Projects/hdf5/dev/src/H5FDsubfiling -I/home/byrn/HDF_Projects/hdf5/build/ci-StdShar-GNUC/src -I/home/byrn/HDF_Projects/hdf5/build/ci-StdShar-GNUC/_deps/hdf5_zlib-build -I/home/byrn/HDF_Projects/hdf5/build/ci-StdShar-GNUC/_deps/hdf5_zlib-src -I/home/byrn/HDF_Projects/hdf5/build/ci-StdShar-GNUC/_deps/szip-build -I/home/byrn/HDF_Projects/hdf5/build/ci-StdShar-GNUC/_deps/szip-src/include -I/home/byrn/HDF_Projects/hdf5/build/ci-StdShar-GNUC/_deps/szip-src -std=c99  -fstdarg-opt -fdiagnostics-urls=never -fno-diagnostics-color -fmessage-length=0 -O2 -g -DNDEBUG -std=gnu99 -fPIC -Wall -Wcast-qual -Wconversion -Wextra -Wfloat-equal -Wformat=2 -Winit-self -Winvalid-pch -Wmissing-include-dirs -Wshadow -Wundef -Wwrite-strings -pedantic -Wno-c++-compat -Wbad-function-cast -Wcast-align -Wformat -Wimplicit-function-declaration -Wint-to-pointer-cast -Wmissing-declarations -Wmissing-prototypes -Wnested-externs -Wold-style-definition -Wpacked -Wpointer-sign -Wpointer-to-int-cast -Wredundant-decls -Wstrict-prototypes -Wswitch -Wunused-but-set-variable -Wunused-variable -Wunused-function -Wunused-parameter -finline-functions -Wno-aggregate-return -Wno-inline -Wno-missing-format-attribute -Wno-missing-noreturn -Wno-overlength-strings -Wlarger-than=2560 -Wlogical-op -Wframe-larger-than=16384 -Wpacked-bitfield-compat -Wsync-nand -Wno-unsuffixed-float-constants -Wdouble-promotion -Wtrampolines -Wstack-usage=8192 -Wmaybe-uninitialized -Wno-jump-misses-init -Wstrict-overflow=2 -Wno-suggest-attribute=const -Wno-suggest-attribute=noreturn -Wno-suggest-attribute=pure -Wno-suggest-attribute=format -Wdate-time -Warray-bounds=2 -Wc99-c11-compat -Wincompatible-pointer-types -Wint-conversion -Wduplicated-cond -Whsa -Wnormalized -Wnull-dereference -Wunused-const-variable -Walloca -Walloc-zero -Wduplicated-branches -Wformat-overflow=2 -Wformat-truncation=1 -Wrestrict -Wattribute-alias -Wshift-overflow=2 -Wcast-function-type -Wcast-align=strict -Wno-suggest-attribute=cold -Wno-suggest-attribute=malloc -Wattribute-alias=2 -Wmissing-profile -Wc11-c2x-compat -MD -MT src/CMakeFiles/hdf5-shared.dir/H5Rint.c.o -MF src/CMakeFiles/hdf5-shared.dir/H5Rint.c.o.d -o src/CMakeFiles/hdf5-shared.dir/H5Rint.c.o -c /home/byrn/HDF_Projects/hdf5/dev/src/H5Rint.c
[648/4114] /usr/bin/cc -DH5_BUILT_AS_DYNAMIC_LIB -D_FILE_OFFSET_BITS=64 -D_GNU_SOURCE -D_LARGEFILE_SOURCE -D_POSIX_C_SOURCE=200809L -Dhdf5_shared_EXPORTS -I/home/byrn/HDF_Projects/hdf5/dev/src -I/home/byrn/HDF_Projects/hdf5/dev/src/H5FDsubfiling -I/home/byrn/HDF_Projects/hdf5/build/ci-StdShar-GNUC/src -I/home/byrn/HDF_Projects/hdf5/build/ci-StdShar-GNUC/_deps/hdf5_zlib-build -I/home/byrn/HDF_Projects/hdf5/build/ci-StdShar-GNUC/_deps/hdf5_zlib-src -I/home/byrn/HDF_Projects/hdf5/build/ci-StdShar-GNUC/_deps/szip-build -I/home/byrn/HDF_Projects/hdf5/build/ci-StdShar-GNUC/_deps/szip-src/include -I/home/byrn/HDF_Projects/hdf5/build/ci-StdShar-GNUC/_deps/szip-src -std=c99  -fstdarg-opt -fdiagnostics-urls=never -fno-diagnostics-color -fmessage-length=0 -O2 -g -DNDEBUG -std=gnu99 -fPIC -Wall -Wcast-qual -Wconversion -Wextra -Wfloat-equal -Wformat=2 -Winit-self -Winvalid-pch -Wmissing-include-dirs -Wshadow -Wundef -Wwrite-strings -pedantic -Wno-c++-compat -Wbad-function-cast -Wcast-align -Wformat -Wimplicit-function-declaration -Wint-to-pointer-cast -Wmissing-declarations -Wmissing-prototypes -Wnested-externs -Wold-style-definition -Wpacked -Wpointer-sign -Wpointer-to-int-cast -Wredundant-decls -Wstrict-prototypes -Wswitch -Wunused-but-set-variable -Wunused-variable -Wunused-function -Wunused-parameter -finline-functions -Wno-aggregate-return -Wno-inline -Wno-missing-format-attribute -Wno-missing-noreturn -Wno-overlength-strings -Wlarger-than=2560 -Wlogical-op -Wframe-larger-than=16384 -Wpacked-bitfield-compat -Wsync-nand -Wno-unsuffixed-float-constants -Wdouble-promotion -Wtrampolines -Wstack-usage=8192 -Wmaybe-uninitialized -Wno-jump-misses-init -Wstrict-overflow=2 -Wno-suggest-attribute=const -Wno-suggest-attribute=noreturn -Wno-suggest-attribute=pure -Wno-suggest-attribute=format -Wdate-time -Warray-bounds=2 -Wc99-c11-compat -Wincompatible-pointer-types -Wint-conversion -Wduplicated-cond -Whsa -Wnormalized -Wnull-dereference -Wunused-const-variable -Walloca -Walloc-zero -Wduplicated-branches -Wformat-overflow=2 -Wformat-truncation=1 -Wrestrict -Wattribute-alias -Wshift-overflow=2 -Wcast-function-type -Wcast-align=strict -Wno-suggest-attribute=cold -Wno-suggest-attribute=malloc -Wattribute-alias=2 -Wmissing-profile -Wc11-c2x-compat -MD -MT src/CMakeFiles/hdf5-shared.dir/H5Stest.c.o -MF src/CMakeFiles/hdf5-shared.dir/H5Stest.c.o.d -o src/CMakeFiles/hdf5-shared.dir/H5Stest.c.o -c /home/byrn/HDF_Projects/hdf5/dev/src/H5Stest.c
[649/4114] /usr/bin/cc -DH5_BUILT_AS_DYNAMIC_LIB -D_FILE_OFFSET_BITS=64 -D_GNU_SOURCE -D_LARGEFILE_SOURCE -D_POSIX_C_SOURCE=200809L -Dhdf5_shared_EXPORTS -I/home/byrn/HDF_Projects/hdf5/dev/src -I/home/byrn/HDF_Projects/hdf5/dev/src/H5FDsubfiling -I/home/byrn/HDF_Projects/hdf5/build/ci-StdShar-GNUC/src -I/home/byrn/HDF_Projects/hdf5/build/ci-StdShar-GNUC/_deps/hdf5_zlib-build -I/home/byrn/HDF_Projects/hdf5/build/ci-StdShar-GNUC/_deps/hdf5_zlib-src -I/home/byrn/HDF_Projects/hdf5/build/ci-StdShar-GNUC/_deps/szip-build -I/home/byrn/HDF_Projects/hdf5/build/ci-StdShar-GNUC/_deps/szip-src/include -I/home/byrn/HDF_Projects/hdf5/build/ci-StdShar-GNUC/_deps/szip-src -std=c99  -fstdarg-opt -fdiagnostics-urls=never -fno-diagnostics-color -fmessage-length=0 -O2 -g -DNDEBUG -std=gnu99 -fPIC -Wall -Wcast-qual -Wconversion -Wextra -Wfloat-equal -Wformat=2 -Winit-self -Winvalid-pch -Wmissing-include-dirs -Wshadow -Wundef -Wwrite-strings -pedantic -Wno-c++-compat -Wbad-function-cast -Wcast-align -Wformat -Wimplicit-function-declaration -Wint-to-pointer-cast -Wmissing-declarations -Wmissing-prototypes -Wnested-externs -Wold-style-definition -Wpacked -Wpointer-sign -Wpointer-to-int-cast -Wredundant-decls -Wstrict-prototypes -Wswitch -Wunused-but-set-variable -Wunused-variable -Wunused-function -Wunused-parameter -finline-functions -Wno-aggregate-return -Wno-inline -Wno-missing-format-attribute -Wno-missing-noreturn -Wno-overlength-strings -Wlarger-than=2560 -Wlogical-op -Wframe-larger-than=16384 -Wpacked-bitfield-compat -Wsync-nand -Wno-unsuffixed-float-constants -Wdouble-promotion -Wtrampolines -Wstack-usage=8192 -Wmaybe-uninitialized -Wno-jump-misses-init -Wstrict-overflow=2 -Wno-suggest-attribute=const -Wno-suggest-attribute=noreturn -Wno-suggest-attribute=pure -Wno-suggest-attribute=format -Wdate-time -Warray-bounds=2 -Wc99-c11-compat -Wincompatible-pointer-types -Wint-conversion -Wduplicated-cond -Whsa -Wnormalized -Wnull-dereference -Wunused-const-variable -Walloca -Walloc-zero -Wduplicated-branches -Wformat-overflow=2 -Wformat-truncation=1 -Wrestrict -Wattribute-alias -Wshift-overflow=2 -Wcast-function-type -Wcast-align=strict -Wno-suggest-attribute=cold -Wno-suggest-attribute=malloc -Wattribute-alias=2 -Wmissing-profile -Wc11-c2x-compat -MD -MT src/CMakeFiles/hdf5-shared.dir/H5S.c.o -MF src/CMakeFiles/hdf5-shared.dir/H5S.c.o.d -o src/CMakeFiles/hdf5-shared.dir/H5S.c.o -c /home/byrn/HDF_Projects/hdf5/dev/src/H5S.c
[650/4114] /usr/bin/cc -DH5_BUILT_AS_DYNAMIC_LIB -D_FILE_OFFSET_BITS=64 -D_GNU_SOURCE -D_LARGEFILE_SOURCE -D_POSIX_C_SOURCE=200809L -Dhdf5_shared_EXPORTS -I/home/byrn/HDF_Projects/hdf5/dev/src -I/home/byrn/HDF_Projects/hdf5/dev/src/H5FDsubfiling -I/home/byrn/HDF_Projects/hdf5/build/ci-StdShar-GNUC/src -I/home/byrn/HDF_Projects/hdf5/build/ci-StdShar-GNUC/_deps/hdf5_zlib-build -I/home/byrn/HDF_Projects/hdf5/build/ci-StdShar-GNUC/_deps/hdf5_zlib-src -I/home/byrn/HDF_Projects/hdf5/build/ci-StdShar-GNUC/_deps/szip-build -I/home/byrn/HDF_Projects/hdf5/build/ci-StdShar-GNUC/_deps/szip-src/include -I/home/byrn/HDF_Projects/hdf5/build/ci-StdShar-GNUC/_deps/szip-src -std=c99  -fstdarg-opt -fdiagnostics-urls=never -fno-diagnostics-color -fmessage-length=0 -O2 -g -DNDEBUG -std=gnu99 -fPIC -Wall -Wcast-qual -Wconversion -Wextra -Wfloat-equal -Wformat=2 -Winit-self -Winvalid-pch -Wmissing-include-dirs -Wshadow -Wundef -Wwrite-strings -pedantic -Wno-c++-compat -Wbad-function-cast -Wcast-align -Wformat -Wimplicit-function-declaration -Wint-to-pointer-cast -Wmissing-declarations -Wmissing-prototypes -Wnested-externs -Wold-style-definition -Wpacked -Wpointer-sign -Wpointer-to-int-cast -Wredundant-decls -Wstrict-prototypes -Wswitch -Wunused-but-set-variable -Wunused-variable -Wunused-function -Wunused-parameter -finline-functions -Wno-aggregate-return -Wno-inline -Wno-missing-format-attribute -Wno-missing-noreturn -Wno-overlength-strings -Wlarger-than=2560 -Wlogical-op -Wframe-larger-than=16384 -Wpacked-bitfield-compat -Wsync-nand -Wno-unsuffixed-float-constants -Wdouble-promotion -Wtrampolines -Wstack-usage=8192 -Wmaybe-uninitialized -Wno-jump-misses-init -Wstrict-overflow=2 -Wno-suggest-attribute=const -Wno-suggest-attribute=noreturn -Wno-suggest-attribute=pure -Wno-suggest-attribute=format -Wdate-time -Warray-bounds=2 -Wc99-c11-compat -Wincompatible-pointer-types -Wint-conversion -Wduplicated-cond -Whsa -Wnormalized -Wnull-dereference -Wunused-const-variable -Walloca -Walloc-zero -Wduplicated-branches -Wformat-overflow=2 -Wformat-truncation=1 -Wrestrict -Wattribute-alias -Wshift-overflow=2 -Wcast-function-type -Wcast-align=strict -Wno-suggest-attribute=cold -Wno-suggest-attribute=malloc -Wattribute-alias=2 -Wmissing-profile -Wc11-c2x-compat -MD -MT src/CMakeFiles/hdf5-shared.dir/H5Snone.c.o -MF src/CMakeFiles/hdf5-shared.dir/H5Snone.c.o.d -o src/CMakeFiles/hdf5-shared.dir/H5Snone.c.o -c /home/byrn/HDF_Projects/hdf5/dev/src/H5Snone.c
[651/4114] /usr/bin/cc -DH5_BUILT_AS_DYNAMIC_LIB -D_FILE_OFFSET_BITS=64 -D_GNU_SOURCE -D_LARGEFILE_SOURCE -D_POSIX_C_SOURCE=200809L -Dhdf5_shared_EXPORTS -I/home/byrn/HDF_Projects/hdf5/dev/src -I/home/byrn/HDF_Projects/hdf5/dev/src/H5FDsubfiling -I/home/byrn/HDF_Projects/hdf5/build/ci-StdShar-GNUC/src -I/home/byrn/HDF_Projects/hdf5/build/ci-StdShar-GNUC/_deps/hdf5_zlib-build -I/home/byrn/HDF_Projects/hdf5/build/ci-StdShar-GNUC/_deps/hdf5_zlib-src -I/home/byrn/HDF_Projects/hdf5/build/ci-StdShar-GNUC/_deps/szip-build -I/home/byrn/HDF_Projects/hdf5/build/ci-StdShar-GNUC/_deps/szip-src/include -I/home/byrn/HDF_Projects/hdf5/build/ci-StdShar-GNUC/_deps/szip-src -std=c99  -fstdarg-opt -fdiagnostics-urls=never -fno-diagnostics-color -fmessage-length=0 -O2 -g -DNDEBUG -std=gnu99 -fPIC -Wall -Wcast-qual -Wconversion -Wextra -Wfloat-equal -Wformat=2 -Winit-self -Winvalid-pch -Wmissing-include-dirs -Wshadow -Wundef -Wwrite-strings -pedantic -Wno-c++-compat -Wbad-function-cast -Wcast-align -Wformat -Wimplicit-function-declaration -Wint-to-pointer-cast -Wmissing-declarations -Wmissing-prototypes -Wnested-externs -Wold-style-definition -Wpacked -Wpointer-sign -Wpointer-to-int-cast -Wredundant-decls -Wstrict-prototypes -Wswitch -Wunused-but-set-variable -Wunused-variable -Wunused-function -Wunused-parameter -finline-functions -Wno-aggregate-return -Wno-inline -Wno-missing-format-attribute -Wno-missing-noreturn -Wno-overlength-strings -Wlarger-than=2560 -Wlogical-op -Wframe-larger-than=16384 -Wpacked-bitfield-compat -Wsync-nand -Wno-unsuffixed-float-constants -Wdouble-promotion -Wtrampolines -Wstack-usage=8192 -Wmaybe-uninitialized -Wno-jump-misses-init -Wstrict-overflow=2 -Wno-suggest-attribute=const -Wno-suggest-attribute=noreturn -Wno-suggest-attribute=pure -Wno-suggest-attribute=format -Wdate-time -Warray-bounds=2 -Wc99-c11-compat -Wincompatible-pointer-types -Wint-conversion -Wduplicated-cond -Whsa -Wnormalized -Wnull-dereference -Wunused-const-variable -Walloca -Walloc-zero -Wduplicated-branches -Wformat-overflow=2 -Wformat-truncation=1 -Wrestrict -Wattribute-alias -Wshift-overflow=2 -Wcast-function-type -Wcast-align=strict -Wno-suggest-attribute=cold -Wno-suggest-attribute=malloc -Wattribute-alias=2 -Wmissing-profile -Wc11-c2x-compat -MD -MT src/CMakeFiles/hdf5-shared.dir/H5SMbtree2.c.o -MF src/CMakeFiles/hdf5-shared.dir/H5SMbtree2.c.o.d -o src/CMakeFiles/hdf5-shared.dir/H5SMbtree2.c.o -c /home/byrn/HDF_Projects/hdf5/dev/src/H5SMbtree2.c
[652/4114] /usr/bin/cc -DH5_BUILT_AS_DYNAMIC_LIB -D_FILE_OFFSET_BITS=64 -D_GNU_SOURCE -D_LARGEFILE_SOURCE -D_POSIX_C_SOURCE=200809L -Dhdf5_shared_EXPORTS -I/home/byrn/HDF_Projects/hdf5/dev/src -I/home/byrn/HDF_Projects/hdf5/dev/src/H5FDsubfiling -I/home/byrn/HDF_Projects/hdf5/build/ci-StdShar-GNUC/src -I/home/byrn/HDF_Projects/hdf5/build/ci-StdShar-GNUC/_deps/hdf5_zlib-build -I/home/byrn/HDF_Projects/hdf5/build/ci-StdShar-GNUC/_deps/hdf5_zlib-src -I/home/byrn/HDF_Projects/hdf5/build/ci-StdShar-GNUC/_deps/szip-build -I/home/byrn/HDF_Projects/hdf5/build/ci-StdShar-GNUC/_deps/szip-src/include -I/home/byrn/HDF_Projects/hdf5/build/ci-StdShar-GNUC/_deps/szip-src -std=c99  -fstdarg-opt -fdiagnostics-urls=never -fno-diagnostics-color -fmessage-length=0 -O2 -g -DNDEBUG -std=gnu99 -fPIC -Wall -Wcast-qual -Wconversion -Wextra -Wfloat-equal -Wformat=2 -Winit-self -Winvalid-pch -Wmissing-include-dirs -Wshadow -Wundef -Wwrite-strings -pedantic -Wno-c++-compat -Wbad-function-cast -Wcast-align -Wformat -Wimplicit-function-declaration -Wint-to-pointer-cast -Wmissing-declarations -Wmissing-prototypes -Wnested-externs -Wold-style-definition -Wpacked -Wpointer-sign -Wpointer-to-int-cast -Wredundant-decls -Wstrict-prototypes -Wswitch -Wunused-but-set-variable -Wunused-variable -Wunused-function -Wunused-parameter -finline-functions -Wno-aggregate-return -Wno-inline -Wno-missing-format-attribute -Wno-missing-noreturn -Wno-overlength-strings -Wlarger-than=2560 -Wlogical-op -Wframe-larger-than=16384 -Wpacked-bitfield-compat -Wsync-nand -Wno-unsuffixed-float-constants -Wdouble-promotion -Wtrampolines -Wstack-usage=8192 -Wmaybe-uninitialized -Wno-jump-misses-init -Wstrict-overflow=2 -Wno-suggest-attribute=const -Wno-suggest-attribute=noreturn -Wno-suggest-attribute=pure -Wno-suggest-attribute=format -Wdate-time -Warray-bounds=2 -Wc99-c11-compat -Wincompatible-pointer-types -Wint-conversion -Wduplicated-cond -Whsa -Wnormalized -Wnull-dereference -Wunused-const-variable -Walloca -Walloc-zero -Wduplicated-branches -Wformat-overflow=2 -Wformat-truncation=1 -Wrestrict -Wattribute-alias -Wshift-overflow=2 -Wcast-function-type -Wcast-align=strict -Wno-suggest-attribute=cold -Wno-suggest-attribute=malloc -Wattribute-alias=2 -Wmissing-profile -Wc11-c2x-compat -MD -MT src/CMakeFiles/hdf5-shared.dir/H5SMmessage.c.o -MF src/CMakeFiles/hdf5-shared.dir/H5SMmessage.c.o.d -o src/CMakeFiles/hdf5-shared.dir/H5SMmessage.c.o -c /home/byrn/HDF_Projects/hdf5/dev/src/H5SMmessage.c
[653/4114] /usr/bin/cc -DH5_BUILT_AS_DYNAMIC_LIB -D_FILE_OFFSET_BITS=64 -D_GNU_SOURCE -D_LARGEFILE_SOURCE -D_POSIX_C_SOURCE=200809L -Dhdf5_shared_EXPORTS -I/home/byrn/HDF_Projects/hdf5/dev/src -I/home/byrn/HDF_Projects/hdf5/dev/src/H5FDsubfiling -I/home/byrn/HDF_Projects/hdf5/build/ci-StdShar-GNUC/src -I/home/byrn/HDF_Projects/hdf5/build/ci-StdShar-GNUC/_deps/hdf5_zlib-build -I/home/byrn/HDF_Projects/hdf5/build/ci-StdShar-GNUC/_deps/hdf5_zlib-src -I/home/byrn/HDF_Projects/hdf5/build/ci-StdShar-GNUC/_deps/szip-build -I/home/byrn/HDF_Projects/hdf5/build/ci-StdShar-GNUC/_deps/szip-src/include -I/home/byrn/HDF_Projects/hdf5/build/ci-StdShar-GNUC/_deps/szip-src -std=c99  -fstdarg-opt -fdiagnostics-urls=never -fno-diagnostics-color -fmessage-length=0 -O2 -g -DNDEBUG -std=gnu99 -fPIC -Wall -Wcast-qual -Wconversion -Wextra -Wfloat-equal -Wformat=2 -Winit-self -Winvalid-pch -Wmissing-include-dirs -Wshadow -Wundef -Wwrite-strings -pedantic -Wno-c++-compat -Wbad-function-cast -Wcast-align -Wformat -Wimplicit-function-declaration -Wint-to-pointer-cast -Wmissing-declarations -Wmissing-prototypes -Wnested-externs -Wold-style-definition -Wpacked -Wpointer-sign -Wpointer-to-int-cast -Wredundant-decls -Wstrict-prototypes -Wswitch -Wunused-but-set-variable -Wunused-variable -Wunused-function -Wunused-parameter -finline-functions -Wno-aggregate-return -Wno-inline -Wno-missing-format-attribute -Wno-missing-noreturn -Wno-overlength-strings -Wlarger-than=2560 -Wlogical-op -Wframe-larger-than=16384 -Wpacked-bitfield-compat -Wsync-nand -Wno-unsuffixed-float-constants -Wdouble-promotion -Wtrampolines -Wstack-usage=8192 -Wmaybe-uninitialized -Wno-jump-misses-init -Wstrict-overflow=2 -Wno-suggest-attribute=const -Wno-suggest-attribute=noreturn -Wno-suggest-attribute=pure -Wno-suggest-attribute=format -Wdate-time -Warray-bounds=2 -Wc99-c11-compat -Wincompatible-pointer-types -Wint-conversion -Wduplicated-cond -Whsa -Wnormalized -Wnull-dereference -Wunused-const-variable -Walloca -Walloc-zero -Wduplicated-branches -Wformat-overflow=2 -Wformat-truncation=1 -Wrestrict -Wattribute-alias -Wshift-overflow=2 -Wcast-function-type -Wcast-align=strict -Wno-suggest-attribute=cold -Wno-suggest-attribute=malloc -Wattribute-alias=2 -Wmissing-profile -Wc11-c2x-compat -MD -MT src/CMakeFiles/hdf5-shared.dir/H5SMcache.c.o -MF src/CMakeFiles/hdf5-shared.dir/H5SMcache.c.o.d -o src/CMakeFiles/hdf5-shared.dir/H5SMcache.c.o -c /home/byrn/HDF_Projects/hdf5/dev/src/H5SMcache.c
[654/4114] /usr/bin/cc -DH5_BUILT_AS_DYNAMIC_LIB -D_FILE_OFFSET_BITS=64 -D_GNU_SOURCE -D_LARGEFILE_SOURCE -D_POSIX_C_SOURCE=200809L -Dhdf5_shared_EXPORTS -I/home/byrn/HDF_Projects/hdf5/dev/src -I/home/byrn/HDF_Projects/hdf5/dev/src/H5FDsubfiling -I/home/byrn/HDF_Projects/hdf5/build/ci-StdShar-GNUC/src -I/home/byrn/HDF_Projects/hdf5/build/ci-StdShar-GNUC/_deps/hdf5_zlib-build -I/home/byrn/HDF_Projects/hdf5/build/ci-StdShar-GNUC/_deps/hdf5_zlib-src -I/home/byrn/HDF_Projects/hdf5/build/ci-StdShar-GNUC/_deps/szip-build -I/home/byrn/HDF_Projects/hdf5/build/ci-StdShar-GNUC/_deps/szip-src/include -I/home/byrn/HDF_Projects/hdf5/build/ci-StdShar-GNUC/_deps/szip-src -std=c99  -fstdarg-opt -fdiagnostics-urls=never -fno-diagnostics-color -fmessage-length=0 -O2 -g -DNDEBUG -std=gnu99 -fPIC -Wall -Wcast-qual -Wconversion -Wextra -Wfloat-equal -Wformat=2 -Winit-self -Winvalid-pch -Wmissing-include-dirs -Wshadow -Wundef -Wwrite-strings -pedantic -Wno-c++-compat -Wbad-function-cast -Wcast-align -Wformat -Wimplicit-function-declaration -Wint-to-pointer-cast -Wmissing-declarations -Wmissing-prototypes -Wnested-externs -Wold-style-definition -Wpacked -Wpointer-sign -Wpointer-to-int-cast -Wredundant-decls -Wstrict-prototypes -Wswitch -Wunused-but-set-variable -Wunused-variable -Wunused-function -Wunused-parameter -finline-functions -Wno-aggregate-return -Wno-inline -Wno-missing-format-attribute -Wno-missing-noreturn -Wno-overlength-strings -Wlarger-than=2560 -Wlogical-op -Wframe-larger-than=16384 -Wpacked-bitfield-compat -Wsync-nand -Wno-unsuffixed-float-constants -Wdouble-promotion -Wtrampolines -Wstack-usage=8192 -Wmaybe-uninitialized -Wno-jump-misses-init -Wstrict-overflow=2 -Wno-suggest-attribute=const -Wno-suggest-attribute=noreturn -Wno-suggest-attribute=pure -Wno-suggest-attribute=format -Wdate-time -Warray-bounds=2 -Wc99-c11-compat -Wincompatible-pointer-types -Wint-conversion -Wduplicated-cond -Whsa -Wnormalized -Wnull-dereference -Wunused-const-variable -Walloca -Walloc-zero -Wduplicated-branches -Wformat-overflow=2 -Wformat-truncation=1 -Wrestrict -Wattribute-alias -Wshift-overflow=2 -Wcast-function-type -Wcast-align=strict -Wno-suggest-attribute=cold -Wno-suggest-attribute=malloc -Wattribute-alias=2 -Wmissing-profile -Wc11-c2x-compat -MD -MT src/CMakeFiles/hdf5-shared.dir/H5SMtest.c.o -MF src/CMakeFiles/hdf5-shared.dir/H5SMtest.c.o.d -o src/CMakeFiles/hdf5-shared.dir/H5SMtest.c.o -c /home/byrn/HDF_Projects/hdf5/dev/src/H5SMtest.c
[655/4114] /usr/bin/cc -DH5_BUILT_AS_DYNAMIC_LIB -D_FILE_OFFSET_BITS=64 -D_GNU_SOURCE -D_LARGEFILE_SOURCE -D_POSIX_C_SOURCE=200809L -Dhdf5_shared_EXPORTS -I/home/byrn/HDF_Projects/hdf5/dev/src -I/home/byrn/HDF_Projects/hdf5/dev/src/H5FDsubfiling -I/home/byrn/HDF_Projects/hdf5/build/ci-StdShar-GNUC/src -I/home/byrn/HDF_Projects/hdf5/build/ci-StdShar-GNUC/_deps/hdf5_zlib-build -I/home/byrn/HDF_Projects/hdf5/build/ci-StdShar-GNUC/_deps/hdf5_zlib-src -I/home/byrn/HDF_Projects/hdf5/build/ci-StdShar-GNUC/_deps/szip-build -I/home/byrn/HDF_Projects/hdf5/build/ci-StdShar-GNUC/_deps/szip-src/include -I/home/byrn/HDF_Projects/hdf5/build/ci-StdShar-GNUC/_deps/szip-src -std=c99  -fstdarg-opt -fdiagnostics-urls=never -fno-diagnostics-color -fmessage-length=0 -O2 -g -DNDEBUG -std=gnu99 -fPIC -Wall -Wcast-qual -Wconversion -Wextra -Wfloat-equal -Wformat=2 -Winit-self -Winvalid-pch -Wmissing-include-dirs -Wshadow -Wundef -Wwrite-strings -pedantic -Wno-c++-compat -Wbad-function-cast -Wcast-align -Wformat -Wimplicit-function-declaration -Wint-to-pointer-cast -Wmissing-declarations -Wmissing-prototypes -Wnested-externs -Wold-style-definition -Wpacked -Wpointer-sign -Wpointer-to-int-cast -Wredundant-decls -Wstrict-prototypes -Wswitch -Wunused-but-set-variable -Wunused-variable -Wunused-function -Wunused-parameter -finline-functions -Wno-aggregate-return -Wno-inline -Wno-missing-format-attribute -Wno-missing-noreturn -Wno-overlength-strings -Wlarger-than=2560 -Wlogical-op -Wframe-larger-than=16384 -Wpacked-bitfield-compat -Wsync-nand -Wno-unsuffixed-float-constants -Wdouble-promotion -Wtrampolines -Wstack-usage=8192 -Wmaybe-uninitialized -Wno-jump-misses-init -Wstrict-overflow=2 -Wno-suggest-attribute=const -Wno-suggest-attribute=noreturn -Wno-suggest-attribute=pure -Wno-suggest-attribute=format -Wdate-time -Warray-bounds=2 -Wc99-c11-compat -Wincompatible-pointer-types -Wint-conversion -Wduplicated-cond -Whsa -Wnormalized -Wnull-dereference -Wunused-const-variable -Walloca -Walloc-zero -Wduplicated-branches -Wformat-overflow=2 -Wformat-truncation=1 -Wrestrict -Wattribute-alias -Wshift-overflow=2 -Wcast-function-type -Wcast-align=strict -Wno-suggest-attribute=cold -Wno-suggest-attribute=malloc -Wattribute-alias=2 -Wmissing-profile -Wc11-c2x-compat -MD -MT src/CMakeFiles/hdf5-shared.dir/H5Spoint.c.o -MF src/CMakeFiles/hdf5-shared.dir/H5Spoint.c.o.d -o src/CMakeFiles/hdf5-shared.dir/H5Spoint.c.o -c /home/byrn/HDF_Projects/hdf5/dev/src/H5Spoint.c
[656/4114] /usr/bin/cc -DH5_BUILT_AS_DYNAMIC_LIB -D_FILE_OFFSET_BITS=64 -D_GNU_SOURCE -D_LARGEFILE_SOURCE -D_POSIX_C_SOURCE=200809L -Dhdf5_shared_EXPORTS -I/home/byrn/HDF_Projects/hdf5/dev/src -I/home/byrn/HDF_Projects/hdf5/dev/src/H5FDsubfiling -I/home/byrn/HDF_Projects/hdf5/build/ci-StdShar-GNUC/src -I/home/byrn/HDF_Projects/hdf5/build/ci-StdShar-GNUC/_deps/hdf5_zlib-build -I/home/byrn/HDF_Projects/hdf5/build/ci-StdShar-GNUC/_deps/hdf5_zlib-src -I/home/byrn/HDF_Projects/hdf5/build/ci-StdShar-GNUC/_deps/szip-build -I/home/byrn/HDF_Projects/hdf5/build/ci-StdShar-GNUC/_deps/szip-src/include -I/home/byrn/HDF_Projects/hdf5/build/ci-StdShar-GNUC/_deps/szip-src -std=c99  -fstdarg-opt -fdiagnostics-urls=never -fno-diagnostics-color -fmessage-length=0 -O2 -g -DNDEBUG -std=gnu99 -fPIC -Wall -Wcast-qual -Wconversion -Wextra -Wfloat-equal -Wformat=2 -Winit-self -Winvalid-pch -Wmissing-include-dirs -Wshadow -Wundef -Wwrite-strings -pedantic -Wno-c++-compat -Wbad-function-cast -Wcast-align -Wformat -Wimplicit-function-declaration -Wint-to-pointer-cast -Wmissing-declarations -Wmissing-prototypes -Wnested-externs -Wold-style-definition -Wpacked -Wpointer-sign -Wpointer-to-int-cast -Wredundant-decls -Wstrict-prototypes -Wswitch -Wunused-but-set-variable -Wunused-variable -Wunused-function -Wunused-parameter -finline-functions -Wno-aggregate-return -Wno-inline -Wno-missing-format-attribute -Wno-missing-noreturn -Wno-overlength-strings -Wlarger-than=2560 -Wlogical-op -Wframe-larger-than=16384 -Wpacked-bitfield-compat -Wsync-nand -Wno-unsuffixed-float-constants -Wdouble-promotion -Wtrampolines -Wstack-usage=8192 -Wmaybe-uninitialized -Wno-jump-misses-init -Wstrict-overflow=2 -Wno-suggest-attribute=const -Wno-suggest-attribute=noreturn -Wno-suggest-attribute=pure -Wno-suggest-attribute=format -Wdate-time -Warray-bounds=2 -Wc99-c11-compat -Wincompatible-pointer-types -Wint-conversion -Wduplicated-cond -Whsa -Wnormalized -Wnull-dereference -Wunused-const-variable -Walloca -Walloc-zero -Wduplicated-branches -Wformat-overflow=2 -Wformat-truncation=1 -Wrestrict -Wattribute-alias -Wshift-overflow=2 -Wcast-function-type -Wcast-align=strict -Wno-suggest-attribute=cold -Wno-suggest-attribute=malloc -Wattribute-alias=2 -Wmissing-profile -Wc11-c2x-compat -MD -MT src/CMakeFiles/hdf5-shared.dir/H5Tarray.c.o -MF src/CMakeFiles/hdf5-shared.dir/H5Tarray.c.o.d -o src/CMakeFiles/hdf5-shared.dir/H5Tarray.c.o -c /home/byrn/HDF_Projects/hdf5/dev/src/H5Tarray.c
[657/4114] /usr/bin/cc -DH5_BUILT_AS_DYNAMIC_LIB -D_FILE_OFFSET_BITS=64 -D_GNU_SOURCE -D_LARGEFILE_SOURCE -D_POSIX_C_SOURCE=200809L -Dhdf5_shared_EXPORTS -I/home/byrn/HDF_Projects/hdf5/dev/src -I/home/byrn/HDF_Projects/hdf5/dev/src/H5FDsubfiling -I/home/byrn/HDF_Projects/hdf5/build/ci-StdShar-GNUC/src -I/home/byrn/HDF_Projects/hdf5/build/ci-StdShar-GNUC/_deps/hdf5_zlib-build -I/home/byrn/HDF_Projects/hdf5/build/ci-StdShar-GNUC/_deps/hdf5_zlib-src -I/home/byrn/HDF_Projects/hdf5/build/ci-StdShar-GNUC/_deps/szip-build -I/home/byrn/HDF_Projects/hdf5/build/ci-StdShar-GNUC/_deps/szip-src/include -I/home/byrn/HDF_Projects/hdf5/build/ci-StdShar-GNUC/_deps/szip-src -std=c99  -fstdarg-opt -fdiagnostics-urls=never -fno-diagnostics-color -fmessage-length=0 -O2 -g -DNDEBUG -std=gnu99 -fPIC -Wall -Wcast-qual -Wconversion -Wextra -Wfloat-equal -Wformat=2 -Winit-self -Winvalid-pch -Wmissing-include-dirs -Wshadow -Wundef -Wwrite-strings -pedantic -Wno-c++-compat -Wbad-function-cast -Wcast-align -Wformat -Wimplicit-function-declaration -Wint-to-pointer-cast -Wmissing-declarations -Wmissing-prototypes -Wnested-externs -Wold-style-definition -Wpacked -Wpointer-sign -Wpointer-to-int-cast -Wredundant-decls -Wstrict-prototypes -Wswitch -Wunused-but-set-variable -Wunused-variable -Wunused-function -Wunused-parameter -finline-functions -Wno-aggregate-return -Wno-inline -Wno-missing-format-attribute -Wno-missing-noreturn -Wno-overlength-strings -Wlarger-than=2560 -Wlogical-op -Wframe-larger-than=16384 -Wpacked-bitfield-compat -Wsync-nand -Wno-unsuffixed-float-constants -Wdouble-promotion -Wtrampolines -Wstack-usage=8192 -Wmaybe-uninitialized -Wno-jump-misses-init -Wstrict-overflow=2 -Wno-suggest-attribute=const -Wno-suggest-attribute=noreturn -Wno-suggest-attribute=pure -Wno-suggest-attribute=format -Wdate-time -Warray-bounds=2 -Wc99-c11-compat -Wincompatible-pointer-types -Wint-conversion -Wduplicated-cond -Whsa -Wnormalized -Wnull-dereference -Wunused-const-variable -Walloca -Walloc-zero -Wduplicated-branches -Wformat-overflow=2 -Wformat-truncation=1 -Wrestrict -Wattribute-alias -Wshift-overflow=2 -Wcast-function-type -Wcast-align=strict -Wno-suggest-attribute=cold -Wno-suggest-attribute=malloc -Wattribute-alias=2 -Wmissing-profile -Wc11-c2x-compat -MD -MT src/CMakeFiles/hdf5-shared.dir/H5Sselect.c.o -MF src/CMakeFiles/hdf5-shared.dir/H5Sselect.c.o.d -o src/CMakeFiles/hdf5-shared.dir/H5Sselect.c.o -c /home/byrn/HDF_Projects/hdf5/dev/src/H5Sselect.c
[658/4114] /usr/bin/cc -DH5_BUILT_AS_DYNAMIC_LIB -D_FILE_OFFSET_BITS=64 -D_GNU_SOURCE -D_LARGEFILE_SOURCE -D_POSIX_C_SOURCE=200809L -Dhdf5_shared_EXPORTS -I/home/byrn/HDF_Projects/hdf5/dev/src -I/home/byrn/HDF_Projects/hdf5/dev/src/H5FDsubfiling -I/home/byrn/HDF_Projects/hdf5/build/ci-StdShar-GNUC/src -I/home/byrn/HDF_Projects/hdf5/build/ci-StdShar-GNUC/_deps/hdf5_zlib-build -I/home/byrn/HDF_Projects/hdf5/build/ci-StdShar-GNUC/_deps/hdf5_zlib-src -I/home/byrn/HDF_Projects/hdf5/build/ci-StdShar-GNUC/_deps/szip-build -I/home/byrn/HDF_Projects/hdf5/build/ci-StdShar-GNUC/_deps/szip-src/include -I/home/byrn/HDF_Projects/hdf5/build/ci-StdShar-GNUC/_deps/szip-src -std=c99  -fstdarg-opt -fdiagnostics-urls=never -fno-diagnostics-color -fmessage-length=0 -O2 -g -DNDEBUG -std=gnu99 -fPIC -Wall -Wcast-qual -Wconversion -Wextra -Wfloat-equal -Wformat=2 -Winit-self -Winvalid-pch -Wmissing-include-dirs -Wshadow -Wundef -Wwrite-strings -pedantic -Wno-c++-compat -Wbad-function-cast -Wcast-align -Wformat -Wimplicit-function-declaration -Wint-to-pointer-cast -Wmissing-declarations -Wmissing-prototypes -Wnested-externs -Wold-style-definition -Wpacked -Wpointer-sign -Wpointer-to-int-cast -Wredundant-decls -Wstrict-prototypes -Wswitch -Wunused-but-set-variable -Wunused-variable -Wunused-function -Wunused-parameter -finline-functions -Wno-aggregate-return -Wno-inline -Wno-missing-format-attribute -Wno-missing-noreturn -Wno-overlength-strings -Wlarger-than=2560 -Wlogical-op -Wframe-larger-than=16384 -Wpacked-bitfield-compat -Wsync-nand -Wno-unsuffixed-float-constants -Wdouble-promotion -Wtrampolines -Wstack-usage=8192 -Wmaybe-uninitialized -Wno-jump-misses-init -Wstrict-overflow=2 -Wno-suggest-attribute=const -Wno-suggest-attribute=noreturn -Wno-suggest-attribute=pure -Wno-suggest-attribute=format -Wdate-time -Warray-bounds=2 -Wc99-c11-compat -Wincompatible-pointer-types -Wint-conversion -Wduplicated-cond -Whsa -Wnormalized -Wnull-dereference -Wunused-const-variable -Walloca -Walloc-zero -Wduplicated-branches -Wformat-overflow=2 -Wformat-truncation=1 -Wrestrict -Wattribute-alias -Wshift-overflow=2 -Wcast-function-type -Wcast-align=strict -Wno-suggest-attribute=cold -Wno-suggest-attribute=malloc -Wattribute-alias=2 -Wmissing-profile -Wc11-c2x-compat -MD -MT src/CMakeFiles/hdf5-shared.dir/H5Tbit.c.o -MF src/CMakeFiles/hdf5-shared.dir/H5Tbit.c.o.d -o src/CMakeFiles/hdf5-shared.dir/H5Tbit.c.o -c /home/byrn/HDF_Projects/hdf5/dev/src/H5Tbit.c
[659/4114] /usr/bin/cc -DH5_BUILT_AS_DYNAMIC_LIB -D_FILE_OFFSET_BITS=64 -D_GNU_SOURCE -D_LARGEFILE_SOURCE -D_POSIX_C_SOURCE=200809L -Dhdf5_shared_EXPORTS -I/home/byrn/HDF_Projects/hdf5/dev/src -I/home/byrn/HDF_Projects/hdf5/dev/src/H5FDsubfiling -I/home/byrn/HDF_Projects/hdf5/build/ci-StdShar-GNUC/src -I/home/byrn/HDF_Projects/hdf5/build/ci-StdShar-GNUC/_deps/hdf5_zlib-build -I/home/byrn/HDF_Projects/hdf5/build/ci-StdShar-GNUC/_deps/hdf5_zlib-src -I/home/byrn/HDF_Projects/hdf5/build/ci-StdShar-GNUC/_deps/szip-build -I/home/byrn/HDF_Projects/hdf5/build/ci-StdShar-GNUC/_deps/szip-src/include -I/home/byrn/HDF_Projects/hdf5/build/ci-StdShar-GNUC/_deps/szip-src -std=c99  -fstdarg-opt -fdiagnostics-urls=never -fno-diagnostics-color -fmessage-length=0 -O2 -g -DNDEBUG -std=gnu99 -fPIC -Wall -Wcast-qual -Wconversion -Wextra -Wfloat-equal -Wformat=2 -Winit-self -Winvalid-pch -Wmissing-include-dirs -Wshadow -Wundef -Wwrite-strings -pedantic -Wno-c++-compat -Wbad-function-cast -Wcast-align -Wformat -Wimplicit-function-declaration -Wint-to-pointer-cast -Wmissing-declarations -Wmissing-prototypes -Wnested-externs -Wold-style-definition -Wpacked -Wpointer-sign -Wpointer-to-int-cast -Wredundant-decls -Wstrict-prototypes -Wswitch -Wunused-but-set-variable -Wunused-variable -Wunused-function -Wunused-parameter -finline-functions -Wno-aggregate-return -Wno-inline -Wno-missing-format-attribute -Wno-missing-noreturn -Wno-overlength-strings -Wlarger-than=2560 -Wlogical-op -Wframe-larger-than=16384 -Wpacked-bitfield-compat -Wsync-nand -Wno-unsuffixed-float-constants -Wdouble-promotion -Wtrampolines -Wstack-usage=8192 -Wmaybe-uninitialized -Wno-jump-misses-init -Wstrict-overflow=2 -Wno-suggest-attribute=const -Wno-suggest-attribute=noreturn -Wno-suggest-attribute=pure -Wno-suggest-attribute=format -Wdate-time -Warray-bounds=2 -Wc99-c11-compat -Wincompatible-pointer-types -Wint-conversion -Wduplicated-cond -Whsa -Wnormalized -Wnull-dereference -Wunused-const-variable -Walloca -Walloc-zero -Wduplicated-branches -Wformat-overflow=2 -Wformat-truncation=1 -Wrestrict -Wattribute-alias -Wshift-overflow=2 -Wcast-function-type -Wcast-align=strict -Wno-suggest-attribute=cold -Wno-suggest-attribute=malloc -Wattribute-alias=2 -Wmissing-profile -Wc11-c2x-compat -MD -MT src/CMakeFiles/hdf5-shared.dir/H5Tcompound.c.o -MF src/CMakeFiles/hdf5-shared.dir/H5Tcompound.c.o.d -o src/CMakeFiles/hdf5-shared.dir/H5Tcompound.c.o -c /home/byrn/HDF_Projects/hdf5/dev/src/H5Tcompound.c
[660/4114] /usr/bin/cc -DH5_BUILT_AS_DYNAMIC_LIB -D_FILE_OFFSET_BITS=64 -D_GNU_SOURCE -D_LARGEFILE_SOURCE -D_POSIX_C_SOURCE=200809L -Dhdf5_shared_EXPORTS -I/home/byrn/HDF_Projects/hdf5/dev/src -I/home/byrn/HDF_Projects/hdf5/dev/src/H5FDsubfiling -I/home/byrn/HDF_Projects/hdf5/build/ci-StdShar-GNUC/src -I/home/byrn/HDF_Projects/hdf5/build/ci-StdShar-GNUC/_deps/hdf5_zlib-build -I/home/byrn/HDF_Projects/hdf5/build/ci-StdShar-GNUC/_deps/hdf5_zlib-src -I/home/byrn/HDF_Projects/hdf5/build/ci-StdShar-GNUC/_deps/szip-build -I/home/byrn/HDF_Projects/hdf5/build/ci-StdShar-GNUC/_deps/szip-src/include -I/home/byrn/HDF_Projects/hdf5/build/ci-StdShar-GNUC/_deps/szip-src -std=c99  -fstdarg-opt -fdiagnostics-urls=never -fno-diagnostics-color -fmessage-length=0 -O2 -g -DNDEBUG -std=gnu99 -fPIC -Wall -Wcast-qual -Wconversion -Wextra -Wfloat-equal -Wformat=2 -Winit-self -Winvalid-pch -Wmissing-include-dirs -Wshadow -Wundef -Wwrite-strings -pedantic -Wno-c++-compat -Wbad-function-cast -Wcast-align -Wformat -Wimplicit-function-declaration -Wint-to-pointer-cast -Wmissing-declarations -Wmissing-prototypes -Wnested-externs -Wold-style-definition -Wpacked -Wpointer-sign -Wpointer-to-int-cast -Wredundant-decls -Wstrict-prototypes -Wswitch -Wunused-but-set-variable -Wunused-variable -Wunused-function -Wunused-parameter -finline-functions -Wno-aggregate-return -Wno-inline -Wno-missing-format-attribute -Wno-missing-noreturn -Wno-overlength-strings -Wlarger-than=2560 -Wlogical-op -Wframe-larger-than=16384 -Wpacked-bitfield-compat -Wsync-nand -Wno-unsuffixed-float-constants -Wdouble-promotion -Wtrampolines -Wstack-usage=8192 -Wmaybe-uninitialized -Wno-jump-misses-init -Wstrict-overflow=2 -Wno-suggest-attribute=const -Wno-suggest-attribute=noreturn -Wno-suggest-attribute=pure -Wno-suggest-attribute=format -Wdate-time -Warray-bounds=2 -Wc99-c11-compat -Wincompatible-pointer-types -Wint-conversion -Wduplicated-cond -Whsa -Wnormalized -Wnull-dereference -Wunused-const-variable -Walloca -Walloc-zero -Wduplicated-branches -Wformat-overflow=2 -Wformat-truncation=1 -Wrestrict -Wattribute-alias -Wshift-overflow=2 -Wcast-function-type -Wcast-align=strict -Wno-suggest-attribute=cold -Wno-suggest-attribute=malloc -Wattribute-alias=2 -Wmissing-profile -Wc11-c2x-compat -MD -MT src/CMakeFiles/hdf5-shared.dir/H5Tcommit.c.o -MF src/CMakeFiles/hdf5-shared.dir/H5Tcommit.c.o.d -o src/CMakeFiles/hdf5-shared.dir/H5Tcommit.c.o -c /home/byrn/HDF_Projects/hdf5/dev/src/H5Tcommit.c
[661/4114] /usr/bin/cc -DH5_BUILT_AS_DYNAMIC_LIB -D_FILE_OFFSET_BITS=64 -D_GNU_SOURCE -D_LARGEFILE_SOURCE -D_POSIX_C_SOURCE=200809L -Dhdf5_shared_EXPORTS -I/home/byrn/HDF_Projects/hdf5/dev/src -I/home/byrn/HDF_Projects/hdf5/dev/src/H5FDsubfiling -I/home/byrn/HDF_Projects/hdf5/build/ci-StdShar-GNUC/src -I/home/byrn/HDF_Projects/hdf5/build/ci-StdShar-GNUC/_deps/hdf5_zlib-build -I/home/byrn/HDF_Projects/hdf5/build/ci-StdShar-GNUC/_deps/hdf5_zlib-src -I/home/byrn/HDF_Projects/hdf5/build/ci-StdShar-GNUC/_deps/szip-build -I/home/byrn/HDF_Projects/hdf5/build/ci-StdShar-GNUC/_deps/szip-src/include -I/home/byrn/HDF_Projects/hdf5/build/ci-StdShar-GNUC/_deps/szip-src -std=c99  -fstdarg-opt -fdiagnostics-urls=never -fno-diagnostics-color -fmessage-length=0 -O2 -g -DNDEBUG -std=gnu99 -fPIC -Wall -Wcast-qual -Wconversion -Wextra -Wfloat-equal -Wformat=2 -Winit-self -Winvalid-pch -Wmissing-include-dirs -Wshadow -Wundef -Wwrite-strings -pedantic -Wno-c++-compat -Wbad-function-cast -Wcast-align -Wformat -Wimplicit-function-declaration -Wint-to-pointer-cast -Wmissing-declarations -Wmissing-prototypes -Wnested-externs -Wold-style-definition -Wpacked -Wpointer-sign -Wpointer-to-int-cast -Wredundant-decls -Wstrict-prototypes -Wswitch -Wunused-but-set-variable -Wunused-variable -Wunused-function -Wunused-parameter -finline-functions -Wno-aggregate-return -Wno-inline -Wno-missing-format-attribute -Wno-missing-noreturn -Wno-overlength-strings -Wlarger-than=2560 -Wlogical-op -Wframe-larger-than=16384 -Wpacked-bitfield-compat -Wsync-nand -Wno-unsuffixed-float-constants -Wdouble-promotion -Wtrampolines -Wstack-usage=8192 -Wmaybe-uninitialized -Wno-jump-misses-init -Wstrict-overflow=2 -Wno-suggest-attribute=const -Wno-suggest-attribute=noreturn -Wno-suggest-attribute=pure -Wno-suggest-attribute=format -Wdate-time -Warray-bounds=2 -Wc99-c11-compat -Wincompatible-pointer-types -Wint-conversion -Wduplicated-cond -Whsa -Wnormalized -Wnull-dereference -Wunused-const-variable -Walloca -Walloc-zero -Wduplicated-branches -Wformat-overflow=2 -Wformat-truncation=1 -Wrestrict -Wattribute-alias -Wshift-overflow=2 -Wcast-function-type -Wcast-align=strict -Wno-suggest-attribute=cold -Wno-suggest-attribute=malloc -Wattribute-alias=2 -Wmissing-profile -Wc11-c2x-compat -MD -MT src/CMakeFiles/hdf5-shared.dir/H5Tconv.c.o -MF src/CMakeFiles/hdf5-shared.dir/H5Tconv.c.o.d -o src/CMakeFiles/hdf5-shared.dir/H5Tconv.c.o -c /home/byrn/HDF_Projects/hdf5/dev/src/H5Tconv.c
[662/4114] /usr/bin/cc -DH5_BUILT_AS_DYNAMIC_LIB -D_FILE_OFFSET_BITS=64 -D_GNU_SOURCE -D_LARGEFILE_SOURCE -D_POSIX_C_SOURCE=200809L -Dhdf5_shared_EXPORTS -I/home/byrn/HDF_Projects/hdf5/dev/src -I/home/byrn/HDF_Projects/hdf5/dev/src/H5FDsubfiling -I/home/byrn/HDF_Projects/hdf5/build/ci-StdShar-GNUC/src -I/home/byrn/HDF_Projects/hdf5/build/ci-StdShar-GNUC/_deps/hdf5_zlib-build -I/home/byrn/HDF_Projects/hdf5/build/ci-StdShar-GNUC/_deps/hdf5_zlib-src -I/home/byrn/HDF_Projects/hdf5/build/ci-StdShar-GNUC/_deps/szip-build -I/home/byrn/HDF_Projects/hdf5/build/ci-StdShar-GNUC/_deps/szip-src/include -I/home/byrn/HDF_Projects/hdf5/build/ci-StdShar-GNUC/_deps/szip-src -std=c99  -fstdarg-opt -fdiagnostics-urls=never -fno-diagnostics-color -fmessage-length=0 -O2 -g -DNDEBUG -std=gnu99 -fPIC -Wall -Wcast-qual -Wconversion -Wextra -Wfloat-equal -Wformat=2 -Winit-self -Winvalid-pch -Wmissing-include-dirs -Wshadow -Wundef -Wwrite-strings -pedantic -Wno-c++-compat -Wbad-function-cast -Wcast-align -Wformat -Wimplicit-function-declaration -Wint-to-pointer-cast -Wmissing-declarations -Wmissing-prototypes -Wnested-externs -Wold-style-definition -Wpacked -Wpointer-sign -Wpointer-to-int-cast -Wredundant-decls -Wstrict-prototypes -Wswitch -Wunused-but-set-variable -Wunused-variable -Wunused-function -Wunused-parameter -finline-functions -Wno-aggregate-return -Wno-inline -Wno-missing-format-attribute -Wno-missing-noreturn -Wno-overlength-strings -Wlarger-than=2560 -Wlogical-op -Wframe-larger-than=16384 -Wpacked-bitfield-compat -Wsync-nand -Wno-unsuffixed-float-constants -Wdouble-promotion -Wtrampolines -Wstack-usage=8192 -Wmaybe-uninitialized -Wno-jump-misses-init -Wstrict-overflow=2 -Wno-suggest-attribute=const -Wno-suggest-attribute=noreturn -Wno-suggest-attribute=pure -Wno-suggest-attribute=format -Wdate-time -Warray-bounds=2 -Wc99-c11-compat -Wincompatible-pointer-types -Wint-conversion -Wduplicated-cond -Whsa -Wnormalized -Wnull-dereference -Wunused-const-variable -Walloca -Walloc-zero -Wduplicated-branches -Wformat-overflow=2 -Wformat-truncation=1 -Wrestrict -Wattribute-alias -Wshift-overflow=2 -Wcast-function-type -Wcast-align=strict -Wno-suggest-attribute=cold -Wno-suggest-attribute=malloc -Wattribute-alias=2 -Wmissing-profile -Wc11-c2x-compat -MD -MT src/CMakeFiles/hdf5-shared.dir/H5SM.c.o -MF src/CMakeFiles/hdf5-shared.dir/H5SM.c.o.d -o src/CMakeFiles/hdf5-shared.dir/H5SM.c.o -c /home/byrn/HDF_Projects/hdf5/dev/src/H5SM.c
[663/4114] /usr/bin/cc -DH5_BUILT_AS_DYNAMIC_LIB -D_FILE_OFFSET_BITS=64 -D_GNU_SOURCE -D_LARGEFILE_SOURCE -D_POSIX_C_SOURCE=200809L -Dhdf5_shared_EXPORTS -I/home/byrn/HDF_Projects/hdf5/dev/src -I/home/byrn/HDF_Projects/hdf5/dev/src/H5FDsubfiling -I/home/byrn/HDF_Projects/hdf5/build/ci-StdShar-GNUC/src -I/home/byrn/HDF_Projects/hdf5/build/ci-StdShar-GNUC/_deps/hdf5_zlib-build -I/home/byrn/HDF_Projects/hdf5/build/ci-StdShar-GNUC/_deps/hdf5_zlib-src -I/home/byrn/HDF_Projects/hdf5/build/ci-StdShar-GNUC/_deps/szip-build -I/home/byrn/HDF_Projects/hdf5/build/ci-StdShar-GNUC/_deps/szip-src/include -I/home/byrn/HDF_Projects/hdf5/build/ci-StdShar-GNUC/_deps/szip-src -std=c99  -fstdarg-opt -fdiagnostics-urls=never -fno-diagnostics-color -fmessage-length=0 -O2 -g -DNDEBUG -std=gnu99 -fPIC -Wall -Wcast-qual -Wconversion -Wextra -Wfloat-equal -Wformat=2 -Winit-self -Winvalid-pch -Wmissing-include-dirs -Wshadow -Wundef -Wwrite-strings -pedantic -Wno-c++-compat -Wbad-function-cast -Wcast-align -Wformat -Wimplicit-function-declaration -Wint-to-pointer-cast -Wmissing-declarations -Wmissing-prototypes -Wnested-externs -Wold-style-definition -Wpacked -Wpointer-sign -Wpointer-to-int-cast -Wredundant-decls -Wstrict-prototypes -Wswitch -Wunused-but-set-variable -Wunused-variable -Wunused-function -Wunused-parameter -finline-functions -Wno-aggregate-return -Wno-inline -Wno-missing-format-attribute -Wno-missing-noreturn -Wno-overlength-strings -Wlarger-than=2560 -Wlogical-op -Wframe-larger-than=16384 -Wpacked-bitfield-compat -Wsync-nand -Wno-unsuffixed-float-constants -Wdouble-promotion -Wtrampolines -Wstack-usage=8192 -Wmaybe-uninitialized -Wno-jump-misses-init -Wstrict-overflow=2 -Wno-suggest-attribute=const -Wno-suggest-attribute=noreturn -Wno-suggest-attribute=pure -Wno-suggest-attribute=format -Wdate-time -Warray-bounds=2 -Wc99-c11-compat -Wincompatible-pointer-types -Wint-conversion -Wduplicated-cond -Whsa -Wnormalized -Wnull-dereference -Wunused-const-variable -Walloca -Walloc-zero -Wduplicated-branches -Wformat-overflow=2 -Wformat-truncation=1 -Wrestrict -Wattribute-alias -Wshift-overflow=2 -Wcast-function-type -Wcast-align=strict -Wno-suggest-attribute=cold -Wno-suggest-attribute=malloc -Wattribute-alias=2 -Wmissing-profile -Wc11-c2x-compat -MD -MT src/CMakeFiles/hdf5-shared.dir/H5Tconv_string.c.o -MF src/CMakeFiles/hdf5-shared.dir/H5Tconv_string.c.o.d -o src/CMakeFiles/hdf5-shared.dir/H5Tconv_string.c.o -c /home/byrn/HDF_Projects/hdf5/dev/src/H5Tconv_string.c
[664/4114] /usr/bin/cc -DH5_BUILT_AS_DYNAMIC_LIB -D_FILE_OFFSET_BITS=64 -D_GNU_SOURCE -D_LARGEFILE_SOURCE -D_POSIX_C_SOURCE=200809L -Dhdf5_shared_EXPORTS -I/home/byrn/HDF_Projects/hdf5/dev/src -I/home/byrn/HDF_Projects/hdf5/dev/src/H5FDsubfiling -I/home/byrn/HDF_Projects/hdf5/build/ci-StdShar-GNUC/src -I/home/byrn/HDF_Projects/hdf5/build/ci-StdShar-GNUC/_deps/hdf5_zlib-build -I/home/byrn/HDF_Projects/hdf5/build/ci-StdShar-GNUC/_deps/hdf5_zlib-src -I/home/byrn/HDF_Projects/hdf5/build/ci-StdShar-GNUC/_deps/szip-build -I/home/byrn/HDF_Projects/hdf5/build/ci-StdShar-GNUC/_deps/szip-src/include -I/home/byrn/HDF_Projects/hdf5/build/ci-StdShar-GNUC/_deps/szip-src -std=c99  -fstdarg-opt -fdiagnostics-urls=never -fno-diagnostics-color -fmessage-length=0 -O2 -g -DNDEBUG -std=gnu99 -fPIC -Wall -Wcast-qual -Wconversion -Wextra -Wfloat-equal -Wformat=2 -Winit-self -Winvalid-pch -Wmissing-include-dirs -Wshadow -Wundef -Wwrite-strings -pedantic -Wno-c++-compat -Wbad-function-cast -Wcast-align -Wformat -Wimplicit-function-declaration -Wint-to-pointer-cast -Wmissing-declarations -Wmissing-prototypes -Wnested-externs -Wold-style-definition -Wpacked -Wpointer-sign -Wpointer-to-int-cast -Wredundant-decls -Wstrict-prototypes -Wswitch -Wunused-but-set-variable -Wunused-variable -Wunused-function -Wunused-parameter -finline-functions -Wno-aggregate-return -Wno-inline -Wno-missing-format-attribute -Wno-missing-noreturn -Wno-overlength-strings -Wlarger-than=2560 -Wlogical-op -Wframe-larger-than=16384 -Wpacked-bitfield-compat -Wsync-nand -Wno-unsuffixed-float-constants -Wdouble-promotion -Wtrampolines -Wstack-usage=8192 -Wmaybe-uninitialized -Wno-jump-misses-init -Wstrict-overflow=2 -Wno-suggest-attribute=const -Wno-suggest-attribute=noreturn -Wno-suggest-attribute=pure -Wno-suggest-attribute=format -Wdate-time -Warray-bounds=2 -Wc99-c11-compat -Wincompatible-pointer-types -Wint-conversion -Wduplicated-cond -Whsa -Wnormalized -Wnull-dereference -Wunused-const-variable -Walloca -Walloc-zero -Wduplicated-branches -Wformat-overflow=2 -Wformat-truncation=1 -Wrestrict -Wattribute-alias -Wshift-overflow=2 -Wcast-function-type -Wcast-align=strict -Wno-suggest-attribute=cold -Wno-suggest-attribute=malloc -Wattribute-alias=2 -Wmissing-profile -Wc11-c2x-compat -MD -MT src/CMakeFiles/hdf5-shared.dir/H5Tconv_bitfield.c.o -MF src/CMakeFiles/hdf5-shared.dir/H5Tconv_bitfield.c.o.d -o src/CMakeFiles/hdf5-shared.dir/H5Tconv_bitfield.c.o -c /home/byrn/HDF_Projects/hdf5/dev/src/H5Tconv_bitfield.c
[665/4114] /usr/bin/cc -DH5_BUILT_AS_DYNAMIC_LIB -D_FILE_OFFSET_BITS=64 -D_GNU_SOURCE -D_LARGEFILE_SOURCE -D_POSIX_C_SOURCE=200809L -Dhdf5_shared_EXPORTS -I/home/byrn/HDF_Projects/hdf5/dev/src -I/home/byrn/HDF_Projects/hdf5/dev/src/H5FDsubfiling -I/home/byrn/HDF_Projects/hdf5/build/ci-StdShar-GNUC/src -I/home/byrn/HDF_Projects/hdf5/build/ci-StdShar-GNUC/_deps/hdf5_zlib-build -I/home/byrn/HDF_Projects/hdf5/build/ci-StdShar-GNUC/_deps/hdf5_zlib-src -I/home/byrn/HDF_Projects/hdf5/build/ci-StdShar-GNUC/_deps/szip-build -I/home/byrn/HDF_Projects/hdf5/build/ci-StdShar-GNUC/_deps/szip-src/include -I/home/byrn/HDF_Projects/hdf5/build/ci-StdShar-GNUC/_deps/szip-src -std=c99  -fstdarg-opt -fdiagnostics-urls=never -fno-diagnostics-color -fmessage-length=0 -O2 -g -DNDEBUG -std=gnu99 -fPIC -Wall -Wcast-qual -Wconversion -Wextra -Wfloat-equal -Wformat=2 -Winit-self -Winvalid-pch -Wmissing-include-dirs -Wshadow -Wundef -Wwrite-strings -pedantic -Wno-c++-compat -Wbad-function-cast -Wcast-align -Wformat -Wimplicit-function-declaration -Wint-to-pointer-cast -Wmissing-declarations -Wmissing-prototypes -Wnested-externs -Wold-style-definition -Wpacked -Wpointer-sign -Wpointer-to-int-cast -Wredundant-decls -Wstrict-prototypes -Wswitch -Wunused-but-set-variable -Wunused-variable -Wunused-function -Wunused-parameter -finline-functions -Wno-aggregate-return -Wno-inline -Wno-missing-format-attribute -Wno-missing-noreturn -Wno-overlength-strings -Wlarger-than=2560 -Wlogical-op -Wframe-larger-than=16384 -Wpacked-bitfield-compat -Wsync-nand -Wno-unsuffixed-float-constants -Wdouble-promotion -Wtrampolines -Wstack-usage=8192 -Wmaybe-uninitialized -Wno-jump-misses-init -Wstrict-overflow=2 -Wno-suggest-attribute=const -Wno-suggest-attribute=noreturn -Wno-suggest-attribute=pure -Wno-suggest-attribute=format -Wdate-time -Warray-bounds=2 -Wc99-c11-compat -Wincompatible-pointer-types -Wint-conversion -Wduplicated-cond -Whsa -Wnormalized -Wnull-dereference -Wunused-const-variable -Walloca -Walloc-zero -Wduplicated-branches -Wformat-overflow=2 -Wformat-truncation=1 -Wrestrict -Wattribute-alias -Wshift-overflow=2 -Wcast-function-type -Wcast-align=strict -Wno-suggest-attribute=cold -Wno-suggest-attribute=malloc -Wattribute-alias=2 -Wmissing-profile -Wc11-c2x-compat -MD -MT src/CMakeFiles/hdf5-shared.dir/H5Tconv_reference.c.o -MF src/CMakeFiles/hdf5-shared.dir/H5Tconv_reference.c.o.d -o src/CMakeFiles/hdf5-shared.dir/H5Tconv_reference.c.o -c /home/byrn/HDF_Projects/hdf5/dev/src/H5Tconv_reference.c
[666/4114] /usr/bin/cc -DH5_BUILT_AS_DYNAMIC_LIB -D_FILE_OFFSET_BITS=64 -D_GNU_SOURCE -D_LARGEFILE_SOURCE -D_POSIX_C_SOURCE=200809L -Dhdf5_shared_EXPORTS -I/home/byrn/HDF_Projects/hdf5/dev/src -I/home/byrn/HDF_Projects/hdf5/dev/src/H5FDsubfiling -I/home/byrn/HDF_Projects/hdf5/build/ci-StdShar-GNUC/src -I/home/byrn/HDF_Projects/hdf5/build/ci-StdShar-GNUC/_deps/hdf5_zlib-build -I/home/byrn/HDF_Projects/hdf5/build/ci-StdShar-GNUC/_deps/hdf5_zlib-src -I/home/byrn/HDF_Projects/hdf5/build/ci-StdShar-GNUC/_deps/szip-build -I/home/byrn/HDF_Projects/hdf5/build/ci-StdShar-GNUC/_deps/szip-src/include -I/home/byrn/HDF_Projects/hdf5/build/ci-StdShar-GNUC/_deps/szip-src -std=c99  -fstdarg-opt -fdiagnostics-urls=never -fno-diagnostics-color -fmessage-length=0 -O2 -g -DNDEBUG -std=gnu99 -fPIC -Wall -Wcast-qual -Wconversion -Wextra -Wfloat-equal -Wformat=2 -Winit-self -Winvalid-pch -Wmissing-include-dirs -Wshadow -Wundef -Wwrite-strings -pedantic -Wno-c++-compat -Wbad-function-cast -Wcast-align -Wformat -Wimplicit-function-declaration -Wint-to-pointer-cast -Wmissing-declarations -Wmissing-prototypes -Wnested-externs -Wold-style-definition -Wpacked -Wpointer-sign -Wpointer-to-int-cast -Wredundant-decls -Wstrict-prototypes -Wswitch -Wunused-but-set-variable -Wunused-variable -Wunused-function -Wunused-parameter -finline-functions -Wno-aggregate-return -Wno-inline -Wno-missing-format-attribute -Wno-missing-noreturn -Wno-overlength-strings -Wlarger-than=2560 -Wlogical-op -Wframe-larger-than=16384 -Wpacked-bitfield-compat -Wsync-nand -Wno-unsuffixed-float-constants -Wdouble-promotion -Wtrampolines -Wstack-usage=8192 -Wmaybe-uninitialized -Wno-jump-misses-init -Wstrict-overflow=2 -Wno-suggest-attribute=const -Wno-suggest-attribute=noreturn -Wno-suggest-attribute=pure -Wno-suggest-attribute=format -Wdate-time -Warray-bounds=2 -Wc99-c11-compat -Wincompatible-pointer-types -Wint-conversion -Wduplicated-cond -Whsa -Wnormalized -Wnull-dereference -Wunused-const-variable -Walloca -Walloc-zero -Wduplicated-branches -Wformat-overflow=2 -Wformat-truncation=1 -Wrestrict -Wattribute-alias -Wshift-overflow=2 -Wcast-function-type -Wcast-align=strict -Wno-suggest-attribute=cold -Wno-suggest-attribute=malloc -Wattribute-alias=2 -Wmissing-profile -Wc11-c2x-compat -MD -MT src/CMakeFiles/hdf5-shared.dir/H5Tconv_compound.c.o -MF src/CMakeFiles/hdf5-shared.dir/H5Tconv_compound.c.o.d -o src/CMakeFiles/hdf5-shared.dir/H5Tconv_compound.c.o -c /home/byrn/HDF_Projects/hdf5/dev/src/H5Tconv_compound.c
[667/4114] /usr/bin/cc -DH5_BUILT_AS_DYNAMIC_LIB -D_FILE_OFFSET_BITS=64 -D_GNU_SOURCE -D_LARGEFILE_SOURCE -D_POSIX_C_SOURCE=200809L -Dhdf5_shared_EXPORTS -I/home/byrn/HDF_Projects/hdf5/dev/src -I/home/byrn/HDF_Projects/hdf5/dev/src/H5FDsubfiling -I/home/byrn/HDF_Projects/hdf5/build/ci-StdShar-GNUC/src -I/home/byrn/HDF_Projects/hdf5/build/ci-StdShar-GNUC/_deps/hdf5_zlib-build -I/home/byrn/HDF_Projects/hdf5/build/ci-StdShar-GNUC/_deps/hdf5_zlib-src -I/home/byrn/HDF_Projects/hdf5/build/ci-StdShar-GNUC/_deps/szip-build -I/home/byrn/HDF_Projects/hdf5/build/ci-StdShar-GNUC/_deps/szip-src/include -I/home/byrn/HDF_Projects/hdf5/build/ci-StdShar-GNUC/_deps/szip-src -std=c99  -fstdarg-opt -fdiagnostics-urls=never -fno-diagnostics-color -fmessage-length=0 -O2 -g -DNDEBUG -std=gnu99 -fPIC -Wall -Wcast-qual -Wconversion -Wextra -Wfloat-equal -Wformat=2 -Winit-self -Winvalid-pch -Wmissing-include-dirs -Wshadow -Wundef -Wwrite-strings -pedantic -Wno-c++-compat -Wbad-function-cast -Wcast-align -Wformat -Wimplicit-function-declaration -Wint-to-pointer-cast -Wmissing-declarations -Wmissing-prototypes -Wnested-externs -Wold-style-definition -Wpacked -Wpointer-sign -Wpointer-to-int-cast -Wredundant-decls -Wstrict-prototypes -Wswitch -Wunused-but-set-variable -Wunused-variable -Wunused-function -Wunused-parameter -finline-functions -Wno-aggregate-return -Wno-inline -Wno-missing-format-attribute -Wno-missing-noreturn -Wno-overlength-strings -Wlarger-than=2560 -Wlogical-op -Wframe-larger-than=16384 -Wpacked-bitfield-compat -Wsync-nand -Wno-unsuffixed-float-constants -Wdouble-promotion -Wtrampolines -Wstack-usage=8192 -Wmaybe-uninitialized -Wno-jump-misses-init -Wstrict-overflow=2 -Wno-suggest-attribute=const -Wno-suggest-attribute=noreturn -Wno-suggest-attribute=pure -Wno-suggest-attribute=format -Wdate-time -Warray-bounds=2 -Wc99-c11-compat -Wincompatible-pointer-types -Wint-conversion -Wduplicated-cond -Whsa -Wnormalized -Wnull-dereference -Wunused-const-variable -Walloca -Walloc-zero -Wduplicated-branches -Wformat-overflow=2 -Wformat-truncation=1 -Wrestrict -Wattribute-alias -Wshift-overflow=2 -Wcast-function-type -Wcast-align=strict -Wno-suggest-attribute=cold -Wno-suggest-attribute=malloc -Wattribute-alias=2 -Wmissing-profile -Wc11-c2x-compat -MD -MT src/CMakeFiles/hdf5-shared.dir/H5Tconv_array.c.o -MF src/CMakeFiles/hdf5-shared.dir/H5Tconv_array.c.o.d -o src/CMakeFiles/hdf5-shared.dir/H5Tconv_array.c.o -c /home/byrn/HDF_Projects/hdf5/dev/src/H5Tconv_array.c
[668/4114] /usr/bin/cc -DH5_BUILT_AS_DYNAMIC_LIB -D_FILE_OFFSET_BITS=64 -D_GNU_SOURCE -D_LARGEFILE_SOURCE -D_POSIX_C_SOURCE=200809L -Dhdf5_shared_EXPORTS -I/home/byrn/HDF_Projects/hdf5/dev/src -I/home/byrn/HDF_Projects/hdf5/dev/src/H5FDsubfiling -I/home/byrn/HDF_Projects/hdf5/build/ci-StdShar-GNUC/src -I/home/byrn/HDF_Projects/hdf5/build/ci-StdShar-GNUC/_deps/hdf5_zlib-build -I/home/byrn/HDF_Projects/hdf5/build/ci-StdShar-GNUC/_deps/hdf5_zlib-src -I/home/byrn/HDF_Projects/hdf5/build/ci-StdShar-GNUC/_deps/szip-build -I/home/byrn/HDF_Projects/hdf5/build/ci-StdShar-GNUC/_deps/szip-src/include -I/home/byrn/HDF_Projects/hdf5/build/ci-StdShar-GNUC/_deps/szip-src -std=c99  -fstdarg-opt -fdiagnostics-urls=never -fno-diagnostics-color -fmessage-length=0 -O2 -g -DNDEBUG -std=gnu99 -fPIC -Wall -Wcast-qual -Wconversion -Wextra -Wfloat-equal -Wformat=2 -Winit-self -Winvalid-pch -Wmissing-include-dirs -Wshadow -Wundef -Wwrite-strings -pedantic -Wno-c++-compat -Wbad-function-cast -Wcast-align -Wformat -Wimplicit-function-declaration -Wint-to-pointer-cast -Wmissing-declarations -Wmissing-prototypes -Wnested-externs -Wold-style-definition -Wpacked -Wpointer-sign -Wpointer-to-int-cast -Wredundant-decls -Wstrict-prototypes -Wswitch -Wunused-but-set-variable -Wunused-variable -Wunused-function -Wunused-parameter -finline-functions -Wno-aggregate-return -Wno-inline -Wno-missing-format-attribute -Wno-missing-noreturn -Wno-overlength-strings -Wlarger-than=2560 -Wlogical-op -Wframe-larger-than=16384 -Wpacked-bitfield-compat -Wsync-nand -Wno-unsuffixed-float-constants -Wdouble-promotion -Wtrampolines -Wstack-usage=8192 -Wmaybe-uninitialized -Wno-jump-misses-init -Wstrict-overflow=2 -Wno-suggest-attribute=const -Wno-suggest-attribute=noreturn -Wno-suggest-attribute=pure -Wno-suggest-attribute=format -Wdate-time -Warray-bounds=2 -Wc99-c11-compat -Wincompatible-pointer-types -Wint-conversion -Wduplicated-cond -Whsa -Wnormalized -Wnull-dereference -Wunused-const-variable -Walloca -Walloc-zero -Wduplicated-branches -Wformat-overflow=2 -Wformat-truncation=1 -Wrestrict -Wattribute-alias -Wshift-overflow=2 -Wcast-function-type -Wcast-align=strict -Wno-suggest-attribute=cold -Wno-suggest-attribute=malloc -Wattribute-alias=2 -Wmissing-profile -Wc11-c2x-compat -MD -MT src/CMakeFiles/hdf5-shared.dir/H5Tconv_enum.c.o -MF src/CMakeFiles/hdf5-shared.dir/H5Tconv_enum.c.o.d -o src/CMakeFiles/hdf5-shared.dir/H5Tconv_enum.c.o -c /home/byrn/HDF_Projects/hdf5/dev/src/H5Tconv_enum.c
[669/4114] /usr/bin/cc -DH5_BUILT_AS_DYNAMIC_LIB -D_FILE_OFFSET_BITS=64 -D_GNU_SOURCE -D_LARGEFILE_SOURCE -D_POSIX_C_SOURCE=200809L -Dhdf5_shared_EXPORTS -I/home/byrn/HDF_Projects/hdf5/dev/src -I/home/byrn/HDF_Projects/hdf5/dev/src/H5FDsubfiling -I/home/byrn/HDF_Projects/hdf5/build/ci-StdShar-GNUC/src -I/home/byrn/HDF_Projects/hdf5/build/ci-StdShar-GNUC/_deps/hdf5_zlib-build -I/home/byrn/HDF_Projects/hdf5/build/ci-StdShar-GNUC/_deps/hdf5_zlib-src -I/home/byrn/HDF_Projects/hdf5/build/ci-StdShar-GNUC/_deps/szip-build -I/home/byrn/HDF_Projects/hdf5/build/ci-StdShar-GNUC/_deps/szip-src/include -I/home/byrn/HDF_Projects/hdf5/build/ci-StdShar-GNUC/_deps/szip-src -std=c99  -fstdarg-opt -fdiagnostics-urls=never -fno-diagnostics-color -fmessage-length=0 -O2 -g -DNDEBUG -std=gnu99 -fPIC -Wall -Wcast-qual -Wconversion -Wextra -Wfloat-equal -Wformat=2 -Winit-self -Winvalid-pch -Wmissing-include-dirs -Wshadow -Wundef -Wwrite-strings -pedantic -Wno-c++-compat -Wbad-function-cast -Wcast-align -Wformat -Wimplicit-function-declaration -Wint-to-pointer-cast -Wmissing-declarations -Wmissing-prototypes -Wnested-externs -Wold-style-definition -Wpacked -Wpointer-sign -Wpointer-to-int-cast -Wredundant-decls -Wstrict-prototypes -Wswitch -Wunused-but-set-variable -Wunused-variable -Wunused-function -Wunused-parameter -finline-functions -Wno-aggregate-return -Wno-inline -Wno-missing-format-attribute -Wno-missing-noreturn -Wno-overlength-strings -Wlarger-than=2560 -Wlogical-op -Wframe-larger-than=16384 -Wpacked-bitfield-compat -Wsync-nand -Wno-unsuffixed-float-constants -Wdouble-promotion -Wtrampolines -Wstack-usage=8192 -Wmaybe-uninitialized -Wno-jump-misses-init -Wstrict-overflow=2 -Wno-suggest-attribute=const -Wno-suggest-attribute=noreturn -Wno-suggest-attribute=pure -Wno-suggest-attribute=format -Wdate-time -Warray-bounds=2 -Wc99-c11-compat -Wincompatible-pointer-types -Wint-conversion -Wduplicated-cond -Whsa -Wnormalized -Wnull-dereference -Wunused-const-variable -Walloca -Walloc-zero -Wduplicated-branches -Wformat-overflow=2 -Wformat-truncation=1 -Wrestrict -Wattribute-alias -Wshift-overflow=2 -Wcast-function-type -Wcast-align=strict -Wno-suggest-attribute=cold -Wno-suggest-attribute=malloc -Wattribute-alias=2 -Wmissing-profile -Wc11-c2x-compat -MD -MT src/CMakeFiles/hdf5-shared.dir/H5Tconv_vlen.c.o -MF src/CMakeFiles/hdf5-shared.dir/H5Tconv_vlen.c.o.d -o src/CMakeFiles/hdf5-shared.dir/H5Tconv_vlen.c.o -c /home/byrn/HDF_Projects/hdf5/dev/src/H5Tconv_vlen.c
[670/4114] /usr/bin/cc -DH5_BUILT_AS_DYNAMIC_LIB -D_FILE_OFFSET_BITS=64 -D_GNU_SOURCE -D_LARGEFILE_SOURCE -D_POSIX_C_SOURCE=200809L -Dhdf5_shared_EXPORTS -I/home/byrn/HDF_Projects/hdf5/dev/src -I/home/byrn/HDF_Projects/hdf5/dev/src/H5FDsubfiling -I/home/byrn/HDF_Projects/hdf5/build/ci-StdShar-GNUC/src -I/home/byrn/HDF_Projects/hdf5/build/ci-StdShar-GNUC/_deps/hdf5_zlib-build -I/home/byrn/HDF_Projects/hdf5/build/ci-StdShar-GNUC/_deps/hdf5_zlib-src -I/home/byrn/HDF_Projects/hdf5/build/ci-StdShar-GNUC/_deps/szip-build -I/home/byrn/HDF_Projects/hdf5/build/ci-StdShar-GNUC/_deps/szip-src/include -I/home/byrn/HDF_Projects/hdf5/build/ci-StdShar-GNUC/_deps/szip-src -std=c99  -fstdarg-opt -fdiagnostics-urls=never -fno-diagnostics-color -fmessage-length=0 -O2 -g -DNDEBUG -std=gnu99 -fPIC -Wall -Wcast-qual -Wconversion -Wextra -Wfloat-equal -Wformat=2 -Winit-self -Winvalid-pch -Wmissing-include-dirs -Wshadow -Wundef -Wwrite-strings -pedantic -Wno-c++-compat -Wbad-function-cast -Wcast-align -Wformat -Wimplicit-function-declaration -Wint-to-pointer-cast -Wmissing-declarations -Wmissing-prototypes -Wnested-externs -Wold-style-definition -Wpacked -Wpointer-sign -Wpointer-to-int-cast -Wredundant-decls -Wstrict-prototypes -Wswitch -Wunused-but-set-variable -Wunused-variable -Wunused-function -Wunused-parameter -finline-functions -Wno-aggregate-return -Wno-inline -Wno-missing-format-attribute -Wno-missing-noreturn -Wno-overlength-strings -Wlarger-than=2560 -Wlogical-op -Wframe-larger-than=16384 -Wpacked-bitfield-compat -Wsync-nand -Wno-unsuffixed-float-constants -Wdouble-promotion -Wtrampolines -Wstack-usage=8192 -Wmaybe-uninitialized -Wno-jump-misses-init -Wstrict-overflow=2 -Wno-suggest-attribute=const -Wno-suggest-attribute=noreturn -Wno-suggest-attribute=pure -Wno-suggest-attribute=format -Wdate-time -Warray-bounds=2 -Wc99-c11-compat -Wincompatible-pointer-types -Wint-conversion -Wduplicated-cond -Whsa -Wnormalized -Wnull-dereference -Wunused-const-variable -Walloca -Walloc-zero -Wduplicated-branches -Wformat-overflow=2 -Wformat-truncation=1 -Wrestrict -Wattribute-alias -Wshift-overflow=2 -Wcast-function-type -Wcast-align=strict -Wno-suggest-attribute=cold -Wno-suggest-attribute=malloc -Wattribute-alias=2 -Wmissing-profile -Wc11-c2x-compat -MD -MT src/CMakeFiles/hdf5-shared.dir/H5Tcset.c.o -MF src/CMakeFiles/hdf5-shared.dir/H5Tcset.c.o.d -o src/CMakeFiles/hdf5-shared.dir/H5Tcset.c.o -c /home/byrn/HDF_Projects/hdf5/dev/src/H5Tcset.c
[671/4114] /usr/bin/cc -DH5_BUILT_AS_DYNAMIC_LIB -D_FILE_OFFSET_BITS=64 -D_GNU_SOURCE -D_LARGEFILE_SOURCE -D_POSIX_C_SOURCE=200809L -Dhdf5_shared_EXPORTS -I/home/byrn/HDF_Projects/hdf5/dev/src -I/home/byrn/HDF_Projects/hdf5/dev/src/H5FDsubfiling -I/home/byrn/HDF_Projects/hdf5/build/ci-StdShar-GNUC/src -I/home/byrn/HDF_Projects/hdf5/build/ci-StdShar-GNUC/_deps/hdf5_zlib-build -I/home/byrn/HDF_Projects/hdf5/build/ci-StdShar-GNUC/_deps/hdf5_zlib-src -I/home/byrn/HDF_Projects/hdf5/build/ci-StdShar-GNUC/_deps/szip-build -I/home/byrn/HDF_Projects/hdf5/build/ci-StdShar-GNUC/_deps/szip-src/include -I/home/byrn/HDF_Projects/hdf5/build/ci-StdShar-GNUC/_deps/szip-src -std=c99  -fstdarg-opt -fdiagnostics-urls=never -fno-diagnostics-color -fmessage-length=0 -O2 -g -DNDEBUG -std=gnu99 -fPIC -Wall -Wcast-qual -Wconversion -Wextra -Wfloat-equal -Wformat=2 -Winit-self -Winvalid-pch -Wmissing-include-dirs -Wshadow -Wundef -Wwrite-strings -pedantic -Wno-c++-compat -Wbad-function-cast -Wcast-align -Wformat -Wimplicit-function-declaration -Wint-to-pointer-cast -Wmissing-declarations -Wmissing-prototypes -Wnested-externs -Wold-style-definition -Wpacked -Wpointer-sign -Wpointer-to-int-cast -Wredundant-decls -Wstrict-prototypes -Wswitch -Wunused-but-set-variable -Wunused-variable -Wunused-function -Wunused-parameter -finline-functions -Wno-aggregate-return -Wno-inline -Wno-missing-format-attribute -Wno-missing-noreturn -Wno-overlength-strings -Wlarger-than=2560 -Wlogical-op -Wframe-larger-than=16384 -Wpacked-bitfield-compat -Wsync-nand -Wno-unsuffixed-float-constants -Wdouble-promotion -Wtrampolines -Wstack-usage=8192 -Wmaybe-uninitialized -Wno-jump-misses-init -Wstrict-overflow=2 -Wno-suggest-attribute=const -Wno-suggest-attribute=noreturn -Wno-suggest-attribute=pure -Wno-suggest-attribute=format -Wdate-time -Warray-bounds=2 -Wc99-c11-compat -Wincompatible-pointer-types -Wint-conversion -Wduplicated-cond -Whsa -Wnormalized -Wnull-dereference -Wunused-const-variable -Walloca -Walloc-zero -Wduplicated-branches -Wformat-overflow=2 -Wformat-truncation=1 -Wrestrict -Wattribute-alias -Wshift-overflow=2 -Wcast-function-type -Wcast-align=strict -Wno-suggest-attribute=cold -Wno-suggest-attribute=malloc -Wattribute-alias=2 -Wmissing-profile -Wc11-c2x-compat -MD -MT src/CMakeFiles/hdf5-shared.dir/H5Tdbg.c.o -MF src/CMakeFiles/hdf5-shared.dir/H5Tdbg.c.o.d -o src/CMakeFiles/hdf5-shared.dir/H5Tdbg.c.o -c /home/byrn/HDF_Projects/hdf5/dev/src/H5Tdbg.c
[672/4114] /usr/bin/cc -DH5_BUILT_AS_DYNAMIC_LIB -D_FILE_OFFSET_BITS=64 -D_GNU_SOURCE -D_LARGEFILE_SOURCE -D_POSIX_C_SOURCE=200809L -Dhdf5_shared_EXPORTS -I/home/byrn/HDF_Projects/hdf5/dev/src -I/home/byrn/HDF_Projects/hdf5/dev/src/H5FDsubfiling -I/home/byrn/HDF_Projects/hdf5/build/ci-StdShar-GNUC/src -I/home/byrn/HDF_Projects/hdf5/build/ci-StdShar-GNUC/_deps/hdf5_zlib-build -I/home/byrn/HDF_Projects/hdf5/build/ci-StdShar-GNUC/_deps/hdf5_zlib-src -I/home/byrn/HDF_Projects/hdf5/build/ci-StdShar-GNUC/_deps/szip-build -I/home/byrn/HDF_Projects/hdf5/build/ci-StdShar-GNUC/_deps/szip-src/include -I/home/byrn/HDF_Projects/hdf5/build/ci-StdShar-GNUC/_deps/szip-src -std=c99  -fstdarg-opt -fdiagnostics-urls=never -fno-diagnostics-color -fmessage-length=0 -O2 -g -DNDEBUG -std=gnu99 -fPIC -Wall -Wcast-qual -Wconversion -Wextra -Wfloat-equal -Wformat=2 -Winit-self -Winvalid-pch -Wmissing-include-dirs -Wshadow -Wundef -Wwrite-strings -pedantic -Wno-c++-compat -Wbad-function-cast -Wcast-align -Wformat -Wimplicit-function-declaration -Wint-to-pointer-cast -Wmissing-declarations -Wmissing-prototypes -Wnested-externs -Wold-style-definition -Wpacked -Wpointer-sign -Wpointer-to-int-cast -Wredundant-decls -Wstrict-prototypes -Wswitch -Wunused-but-set-variable -Wunused-variable -Wunused-function -Wunused-parameter -finline-functions -Wno-aggregate-return -Wno-inline -Wno-missing-format-attribute -Wno-missing-noreturn -Wno-overlength-strings -Wlarger-than=2560 -Wlogical-op -Wframe-larger-than=16384 -Wpacked-bitfield-compat -Wsync-nand -Wno-unsuffixed-float-constants -Wdouble-promotion -Wtrampolines -Wstack-usage=8192 -Wmaybe-uninitialized -Wno-jump-misses-init -Wstrict-overflow=2 -Wno-suggest-attribute=const -Wno-suggest-attribute=noreturn -Wno-suggest-attribute=pure -Wno-suggest-attribute=format -Wdate-time -Warray-bounds=2 -Wc99-c11-compat -Wincompatible-pointer-types -Wint-conversion -Wduplicated-cond -Whsa -Wnormalized -Wnull-dereference -Wunused-const-variable -Walloca -Walloc-zero -Wduplicated-branches -Wformat-overflow=2 -Wformat-truncation=1 -Wrestrict -Wattribute-alias -Wshift-overflow=2 -Wcast-function-type -Wcast-align=strict -Wno-suggest-attribute=cold -Wno-suggest-attribute=malloc -Wattribute-alias=2 -Wmissing-profile -Wc11-c2x-compat -MD -MT src/CMakeFiles/hdf5-shared.dir/H5Tdeprec.c.o -MF src/CMakeFiles/hdf5-shared.dir/H5Tdeprec.c.o.d -o src/CMakeFiles/hdf5-shared.dir/H5Tdeprec.c.o -c /home/byrn/HDF_Projects/hdf5/dev/src/H5Tdeprec.c
[673/4114] /usr/bin/cc -DH5_BUILT_AS_DYNAMIC_LIB -D_FILE_OFFSET_BITS=64 -D_GNU_SOURCE -D_LARGEFILE_SOURCE -D_POSIX_C_SOURCE=200809L -Dhdf5_shared_EXPORTS -I/home/byrn/HDF_Projects/hdf5/dev/src -I/home/byrn/HDF_Projects/hdf5/dev/src/H5FDsubfiling -I/home/byrn/HDF_Projects/hdf5/build/ci-StdShar-GNUC/src -I/home/byrn/HDF_Projects/hdf5/build/ci-StdShar-GNUC/_deps/hdf5_zlib-build -I/home/byrn/HDF_Projects/hdf5/build/ci-StdShar-GNUC/_deps/hdf5_zlib-src -I/home/byrn/HDF_Projects/hdf5/build/ci-StdShar-GNUC/_deps/szip-build -I/home/byrn/HDF_Projects/hdf5/build/ci-StdShar-GNUC/_deps/szip-src/include -I/home/byrn/HDF_Projects/hdf5/build/ci-StdShar-GNUC/_deps/szip-src -std=c99  -fstdarg-opt -fdiagnostics-urls=never -fno-diagnostics-color -fmessage-length=0 -O2 -g -DNDEBUG -std=gnu99 -fPIC -Wall -Wcast-qual -Wconversion -Wextra -Wfloat-equal -Wformat=2 -Winit-self -Winvalid-pch -Wmissing-include-dirs -Wshadow -Wundef -Wwrite-strings -pedantic -Wno-c++-compat -Wbad-function-cast -Wcast-align -Wformat -Wimplicit-function-declaration -Wint-to-pointer-cast -Wmissing-declarations -Wmissing-prototypes -Wnested-externs -Wold-style-definition -Wpacked -Wpointer-sign -Wpointer-to-int-cast -Wredundant-decls -Wstrict-prototypes -Wswitch -Wunused-but-set-variable -Wunused-variable -Wunused-function -Wunused-parameter -finline-functions -Wno-aggregate-return -Wno-inline -Wno-missing-format-attribute -Wno-missing-noreturn -Wno-overlength-strings -Wlarger-than=2560 -Wlogical-op -Wframe-larger-than=16384 -Wpacked-bitfield-compat -Wsync-nand -Wno-unsuffixed-float-constants -Wdouble-promotion -Wtrampolines -Wstack-usage=8192 -Wmaybe-uninitialized -Wno-jump-misses-init -Wstrict-overflow=2 -Wno-suggest-attribute=const -Wno-suggest-attribute=noreturn -Wno-suggest-attribute=pure -Wno-suggest-attribute=format -Wdate-time -Warray-bounds=2 -Wc99-c11-compat -Wincompatible-pointer-types -Wint-conversion -Wduplicated-cond -Whsa -Wnormalized -Wnull-dereference -Wunused-const-variable -Walloca -Walloc-zero -Wduplicated-branches -Wformat-overflow=2 -Wformat-truncation=1 -Wrestrict -Wattribute-alias -Wshift-overflow=2 -Wcast-function-type -Wcast-align=strict -Wno-suggest-attribute=cold -Wno-suggest-attribute=malloc -Wattribute-alias=2 -Wmissing-profile -Wc11-c2x-compat -MD -MT src/CMakeFiles/hdf5-shared.dir/H5Tfixed.c.o -MF src/CMakeFiles/hdf5-shared.dir/H5Tfixed.c.o.d -o src/CMakeFiles/hdf5-shared.dir/H5Tfixed.c.o -c /home/byrn/HDF_Projects/hdf5/dev/src/H5Tfixed.c
[674/4114] /usr/bin/cc -DH5_BUILT_AS_DYNAMIC_LIB -D_FILE_OFFSET_BITS=64 -D_GNU_SOURCE -D_LARGEFILE_SOURCE -D_POSIX_C_SOURCE=200809L -Dhdf5_shared_EXPORTS -I/home/byrn/HDF_Projects/hdf5/dev/src -I/home/byrn/HDF_Projects/hdf5/dev/src/H5FDsubfiling -I/home/byrn/HDF_Projects/hdf5/build/ci-StdShar-GNUC/src -I/home/byrn/HDF_Projects/hdf5/build/ci-StdShar-GNUC/_deps/hdf5_zlib-build -I/home/byrn/HDF_Projects/hdf5/build/ci-StdShar-GNUC/_deps/hdf5_zlib-src -I/home/byrn/HDF_Projects/hdf5/build/ci-StdShar-GNUC/_deps/szip-build -I/home/byrn/HDF_Projects/hdf5/build/ci-StdShar-GNUC/_deps/szip-src/include -I/home/byrn/HDF_Projects/hdf5/build/ci-StdShar-GNUC/_deps/szip-src -std=c99  -fstdarg-opt -fdiagnostics-urls=never -fno-diagnostics-color -fmessage-length=0 -O2 -g -DNDEBUG -std=gnu99 -fPIC -Wall -Wcast-qual -Wconversion -Wextra -Wfloat-equal -Wformat=2 -Winit-self -Winvalid-pch -Wmissing-include-dirs -Wshadow -Wundef -Wwrite-strings -pedantic -Wno-c++-compat -Wbad-function-cast -Wcast-align -Wformat -Wimplicit-function-declaration -Wint-to-pointer-cast -Wmissing-declarations -Wmissing-prototypes -Wnested-externs -Wold-style-definition -Wpacked -Wpointer-sign -Wpointer-to-int-cast -Wredundant-decls -Wstrict-prototypes -Wswitch -Wunused-but-set-variable -Wunused-variable -Wunused-function -Wunused-parameter -finline-functions -Wno-aggregate-return -Wno-inline -Wno-missing-format-attribute -Wno-missing-noreturn -Wno-overlength-strings -Wlarger-than=2560 -Wlogical-op -Wframe-larger-than=16384 -Wpacked-bitfield-compat -Wsync-nand -Wno-unsuffixed-float-constants -Wdouble-promotion -Wtrampolines -Wstack-usage=8192 -Wmaybe-uninitialized -Wno-jump-misses-init -Wstrict-overflow=2 -Wno-suggest-attribute=const -Wno-suggest-attribute=noreturn -Wno-suggest-attribute=pure -Wno-suggest-attribute=format -Wdate-time -Warray-bounds=2 -Wc99-c11-compat -Wincompatible-pointer-types -Wint-conversion -Wduplicated-cond -Whsa -Wnormalized -Wnull-dereference -Wunused-const-variable -Walloca -Walloc-zero -Wduplicated-branches -Wformat-overflow=2 -Wformat-truncation=1 -Wrestrict -Wattribute-alias -Wshift-overflow=2 -Wcast-function-type -Wcast-align=strict -Wno-suggest-attribute=cold -Wno-suggest-attribute=malloc -Wattribute-alias=2 -Wmissing-profile -Wc11-c2x-compat -MD -MT src/CMakeFiles/hdf5-shared.dir/H5Tfields.c.o -MF src/CMakeFiles/hdf5-shared.dir/H5Tfields.c.o.d -o src/CMakeFiles/hdf5-shared.dir/H5Tfields.c.o -c /home/byrn/HDF_Projects/hdf5/dev/src/H5Tfields.c
[675/4114] /usr/bin/cc -DH5_BUILT_AS_DYNAMIC_LIB -D_FILE_OFFSET_BITS=64 -D_GNU_SOURCE -D_LARGEFILE_SOURCE -D_POSIX_C_SOURCE=200809L -Dhdf5_shared_EXPORTS -I/home/byrn/HDF_Projects/hdf5/dev/src -I/home/byrn/HDF_Projects/hdf5/dev/src/H5FDsubfiling -I/home/byrn/HDF_Projects/hdf5/build/ci-StdShar-GNUC/src -I/home/byrn/HDF_Projects/hdf5/build/ci-StdShar-GNUC/_deps/hdf5_zlib-build -I/home/byrn/HDF_Projects/hdf5/build/ci-StdShar-GNUC/_deps/hdf5_zlib-src -I/home/byrn/HDF_Projects/hdf5/build/ci-StdShar-GNUC/_deps/szip-build -I/home/byrn/HDF_Projects/hdf5/build/ci-StdShar-GNUC/_deps/szip-src/include -I/home/byrn/HDF_Projects/hdf5/build/ci-StdShar-GNUC/_deps/szip-src -std=c99  -fstdarg-opt -fdiagnostics-urls=never -fno-diagnostics-color -fmessage-length=0 -O2 -g -DNDEBUG -std=gnu99 -fPIC -Wall -Wcast-qual -Wconversion -Wextra -Wfloat-equal -Wformat=2 -Winit-self -Winvalid-pch -Wmissing-include-dirs -Wshadow -Wundef -Wwrite-strings -pedantic -Wno-c++-compat -Wbad-function-cast -Wcast-align -Wformat -Wimplicit-function-declaration -Wint-to-pointer-cast -Wmissing-declarations -Wmissing-prototypes -Wnested-externs -Wold-style-definition -Wpacked -Wpointer-sign -Wpointer-to-int-cast -Wredundant-decls -Wstrict-prototypes -Wswitch -Wunused-but-set-variable -Wunused-variable -Wunused-function -Wunused-parameter -finline-functions -Wno-aggregate-return -Wno-inline -Wno-missing-format-attribute -Wno-missing-noreturn -Wno-overlength-strings -Wlarger-than=2560 -Wlogical-op -Wframe-larger-than=16384 -Wpacked-bitfield-compat -Wsync-nand -Wno-unsuffixed-float-constants -Wdouble-promotion -Wtrampolines -Wstack-usage=8192 -Wmaybe-uninitialized -Wno-jump-misses-init -Wstrict-overflow=2 -Wno-suggest-attribute=const -Wno-suggest-attribute=noreturn -Wno-suggest-attribute=pure -Wno-suggest-attribute=format -Wdate-time -Warray-bounds=2 -Wc99-c11-compat -Wincompatible-pointer-types -Wint-conversion -Wduplicated-cond -Whsa -Wnormalized -Wnull-dereference -Wunused-const-variable -Walloca -Walloc-zero -Wduplicated-branches -Wformat-overflow=2 -Wformat-truncation=1 -Wrestrict -Wattribute-alias -Wshift-overflow=2 -Wcast-function-type -Wcast-align=strict -Wno-suggest-attribute=cold -Wno-suggest-attribute=malloc -Wattribute-alias=2 -Wmissing-profile -Wc11-c2x-compat -MD -MT src/CMakeFiles/hdf5-shared.dir/H5Tenum.c.o -MF src/CMakeFiles/hdf5-shared.dir/H5Tenum.c.o.d -o src/CMakeFiles/hdf5-shared.dir/H5Tenum.c.o -c /home/byrn/HDF_Projects/hdf5/dev/src/H5Tenum.c
[676/4114] /usr/bin/cc -DH5_BUILT_AS_DYNAMIC_LIB -D_FILE_OFFSET_BITS=64 -D_GNU_SOURCE -D_LARGEFILE_SOURCE -D_POSIX_C_SOURCE=200809L -Dhdf5_shared_EXPORTS -I/home/byrn/HDF_Projects/hdf5/dev/src -I/home/byrn/HDF_Projects/hdf5/dev/src/H5FDsubfiling -I/home/byrn/HDF_Projects/hdf5/build/ci-StdShar-GNUC/src -I/home/byrn/HDF_Projects/hdf5/build/ci-StdShar-GNUC/_deps/hdf5_zlib-build -I/home/byrn/HDF_Projects/hdf5/build/ci-StdShar-GNUC/_deps/hdf5_zlib-src -I/home/byrn/HDF_Projects/hdf5/build/ci-StdShar-GNUC/_deps/szip-build -I/home/byrn/HDF_Projects/hdf5/build/ci-StdShar-GNUC/_deps/szip-src/include -I/home/byrn/HDF_Projects/hdf5/build/ci-StdShar-GNUC/_deps/szip-src -std=c99  -fstdarg-opt -fdiagnostics-urls=never -fno-diagnostics-color -fmessage-length=0 -O2 -g -DNDEBUG -std=gnu99 -fPIC -Wall -Wcast-qual -Wconversion -Wextra -Wfloat-equal -Wformat=2 -Winit-self -Winvalid-pch -Wmissing-include-dirs -Wshadow -Wundef -Wwrite-strings -pedantic -Wno-c++-compat -Wbad-function-cast -Wcast-align -Wformat -Wimplicit-function-declaration -Wint-to-pointer-cast -Wmissing-declarations -Wmissing-prototypes -Wnested-externs -Wold-style-definition -Wpacked -Wpointer-sign -Wpointer-to-int-cast -Wredundant-decls -Wstrict-prototypes -Wswitch -Wunused-but-set-variable -Wunused-variable -Wunused-function -Wunused-parameter -finline-functions -Wno-aggregate-return -Wno-inline -Wno-missing-format-attribute -Wno-missing-noreturn -Wno-overlength-strings -Wlarger-than=2560 -Wlogical-op -Wframe-larger-than=16384 -Wpacked-bitfield-compat -Wsync-nand -Wno-unsuffixed-float-constants -Wdouble-promotion -Wtrampolines -Wstack-usage=8192 -Wmaybe-uninitialized -Wno-jump-misses-init -Wstrict-overflow=2 -Wno-suggest-attribute=const -Wno-suggest-attribute=noreturn -Wno-suggest-attribute=pure -Wno-suggest-attribute=format -Wdate-time -Warray-bounds=2 -Wc99-c11-compat -Wincompatible-pointer-types -Wint-conversion -Wduplicated-cond -Whsa -Wnormalized -Wnull-dereference -Wunused-const-variable -Walloca -Walloc-zero -Wduplicated-branches -Wformat-overflow=2 -Wformat-truncation=1 -Wrestrict -Wattribute-alias -Wshift-overflow=2 -Wcast-function-type -Wcast-align=strict -Wno-suggest-attribute=cold -Wno-suggest-attribute=malloc -Wattribute-alias=2 -Wmissing-profile -Wc11-c2x-compat -MD -MT src/CMakeFiles/hdf5-shared.dir/H5Tfloat.c.o -MF src/CMakeFiles/hdf5-shared.dir/H5Tfloat.c.o.d -o src/CMakeFiles/hdf5-shared.dir/H5Tfloat.c.o -c /home/byrn/HDF_Projects/hdf5/dev/src/H5Tfloat.c
[677/4114] /usr/bin/cc -DH5_BUILT_AS_DYNAMIC_LIB -D_FILE_OFFSET_BITS=64 -D_GNU_SOURCE -D_LARGEFILE_SOURCE -D_POSIX_C_SOURCE=200809L -Dhdf5_shared_EXPORTS -I/home/byrn/HDF_Projects/hdf5/dev/src -I/home/byrn/HDF_Projects/hdf5/dev/src/H5FDsubfiling -I/home/byrn/HDF_Projects/hdf5/build/ci-StdShar-GNUC/src -I/home/byrn/HDF_Projects/hdf5/build/ci-StdShar-GNUC/_deps/hdf5_zlib-build -I/home/byrn/HDF_Projects/hdf5/build/ci-StdShar-GNUC/_deps/hdf5_zlib-src -I/home/byrn/HDF_Projects/hdf5/build/ci-StdShar-GNUC/_deps/szip-build -I/home/byrn/HDF_Projects/hdf5/build/ci-StdShar-GNUC/_deps/szip-src/include -I/home/byrn/HDF_Projects/hdf5/build/ci-StdShar-GNUC/_deps/szip-src -std=c99  -fstdarg-opt -fdiagnostics-urls=never -fno-diagnostics-color -fmessage-length=0 -O2 -g -DNDEBUG -std=gnu99 -fPIC -Wall -Wcast-qual -Wconversion -Wextra -Wfloat-equal -Wformat=2 -Winit-self -Winvalid-pch -Wmissing-include-dirs -Wshadow -Wundef -Wwrite-strings -pedantic -Wno-c++-compat -Wbad-function-cast -Wcast-align -Wformat -Wimplicit-function-declaration -Wint-to-pointer-cast -Wmissing-declarations -Wmissing-prototypes -Wnested-externs -Wold-style-definition -Wpacked -Wpointer-sign -Wpointer-to-int-cast -Wredundant-decls -Wstrict-prototypes -Wswitch -Wunused-but-set-variable -Wunused-variable -Wunused-function -Wunused-parameter -finline-functions -Wno-aggregate-return -Wno-inline -Wno-missing-format-attribute -Wno-missing-noreturn -Wno-overlength-strings -Wlarger-than=2560 -Wlogical-op -Wframe-larger-than=16384 -Wpacked-bitfield-compat -Wsync-nand -Wno-unsuffixed-float-constants -Wdouble-promotion -Wtrampolines -Wstack-usage=8192 -Wmaybe-uninitialized -Wno-jump-misses-init -Wstrict-overflow=2 -Wno-suggest-attribute=const -Wno-suggest-attribute=noreturn -Wno-suggest-attribute=pure -Wno-suggest-attribute=format -Wdate-time -Warray-bounds=2 -Wc99-c11-compat -Wincompatible-pointer-types -Wint-conversion -Wduplicated-cond -Whsa -Wnormalized -Wnull-dereference -Wunused-const-variable -Walloca -Walloc-zero -Wduplicated-branches -Wformat-overflow=2 -Wformat-truncation=1 -Wrestrict -Wattribute-alias -Wshift-overflow=2 -Wcast-function-type -Wcast-align=strict -Wno-suggest-attribute=cold -Wno-suggest-attribute=malloc -Wattribute-alias=2 -Wmissing-profile -Wc11-c2x-compat -MD -MT src/CMakeFiles/hdf5-shared.dir/H5T.c.o -MF src/CMakeFiles/hdf5-shared.dir/H5T.c.o.d -o src/CMakeFiles/hdf5-shared.dir/H5T.c.o -c /home/byrn/HDF_Projects/hdf5/dev/src/H5T.c
[678/4114] /usr/bin/cc -DH5_BUILT_AS_DYNAMIC_LIB -D_FILE_OFFSET_BITS=64 -D_GNU_SOURCE -D_LARGEFILE_SOURCE -D_POSIX_C_SOURCE=200809L -Dhdf5_shared_EXPORTS -I/home/byrn/HDF_Projects/hdf5/dev/src -I/home/byrn/HDF_Projects/hdf5/dev/src/H5FDsubfiling -I/home/byrn/HDF_Projects/hdf5/build/ci-StdShar-GNUC/src -I/home/byrn/HDF_Projects/hdf5/build/ci-StdShar-GNUC/_deps/hdf5_zlib-build -I/home/byrn/HDF_Projects/hdf5/build/ci-StdShar-GNUC/_deps/hdf5_zlib-src -I/home/byrn/HDF_Projects/hdf5/build/ci-StdShar-GNUC/_deps/szip-build -I/home/byrn/HDF_Projects/hdf5/build/ci-StdShar-GNUC/_deps/szip-src/include -I/home/byrn/HDF_Projects/hdf5/build/ci-StdShar-GNUC/_deps/szip-src -std=c99  -fstdarg-opt -fdiagnostics-urls=never -fno-diagnostics-color -fmessage-length=0 -O2 -g -DNDEBUG -std=gnu99 -fPIC -Wall -Wcast-qual -Wconversion -Wextra -Wfloat-equal -Wformat=2 -Winit-self -Winvalid-pch -Wmissing-include-dirs -Wshadow -Wundef -Wwrite-strings -pedantic -Wno-c++-compat -Wbad-function-cast -Wcast-align -Wformat -Wimplicit-function-declaration -Wint-to-pointer-cast -Wmissing-declarations -Wmissing-prototypes -Wnested-externs -Wold-style-definition -Wpacked -Wpointer-sign -Wpointer-to-int-cast -Wredundant-decls -Wstrict-prototypes -Wswitch -Wunused-but-set-variable -Wunused-variable -Wunused-function -Wunused-parameter -finline-functions -Wno-aggregate-return -Wno-inline -Wno-missing-format-attribute -Wno-missing-noreturn -Wno-overlength-strings -Wlarger-than=2560 -Wlogical-op -Wframe-larger-than=16384 -Wpacked-bitfield-compat -Wsync-nand -Wno-unsuffixed-float-constants -Wdouble-promotion -Wtrampolines -Wstack-usage=8192 -Wmaybe-uninitialized -Wno-jump-misses-init -Wstrict-overflow=2 -Wno-suggest-attribute=const -Wno-suggest-attribute=noreturn -Wno-suggest-attribute=pure -Wno-suggest-attribute=format -Wdate-time -Warray-bounds=2 -Wc99-c11-compat -Wincompatible-pointer-types -Wint-conversion -Wduplicated-cond -Whsa -Wnormalized -Wnull-dereference -Wunused-const-variable -Walloca -Walloc-zero -Wduplicated-branches -Wformat-overflow=2 -Wformat-truncation=1 -Wrestrict -Wattribute-alias -Wshift-overflow=2 -Wcast-function-type -Wcast-align=strict -Wno-suggest-attribute=cold -Wno-suggest-attribute=malloc -Wattribute-alias=2 -Wmissing-profile -Wc11-c2x-compat -MD -MT src/CMakeFiles/hdf5-shared.dir/H5Toffset.c.o -MF src/CMakeFiles/hdf5-shared.dir/H5Toffset.c.o.d -o src/CMakeFiles/hdf5-shared.dir/H5Toffset.c.o -c /home/byrn/HDF_Projects/hdf5/dev/src/H5Toffset.c
[679/4114] /usr/bin/cc -DH5_BUILT_AS_DYNAMIC_LIB -D_FILE_OFFSET_BITS=64 -D_GNU_SOURCE -D_LARGEFILE_SOURCE -D_POSIX_C_SOURCE=200809L -Dhdf5_shared_EXPORTS -I/home/byrn/HDF_Projects/hdf5/dev/src -I/home/byrn/HDF_Projects/hdf5/dev/src/H5FDsubfiling -I/home/byrn/HDF_Projects/hdf5/build/ci-StdShar-GNUC/src -I/home/byrn/HDF_Projects/hdf5/build/ci-StdShar-GNUC/_deps/hdf5_zlib-build -I/home/byrn/HDF_Projects/hdf5/build/ci-StdShar-GNUC/_deps/hdf5_zlib-src -I/home/byrn/HDF_Projects/hdf5/build/ci-StdShar-GNUC/_deps/szip-build -I/home/byrn/HDF_Projects/hdf5/build/ci-StdShar-GNUC/_deps/szip-src/include -I/home/byrn/HDF_Projects/hdf5/build/ci-StdShar-GNUC/_deps/szip-src -std=c99  -fstdarg-opt -fdiagnostics-urls=never -fno-diagnostics-color -fmessage-length=0 -O2 -g -DNDEBUG -std=gnu99 -fPIC -Wall -Wcast-qual -Wconversion -Wextra -Wfloat-equal -Wformat=2 -Winit-self -Winvalid-pch -Wmissing-include-dirs -Wshadow -Wundef -Wwrite-strings -pedantic -Wno-c++-compat -Wbad-function-cast -Wcast-align -Wformat -Wimplicit-function-declaration -Wint-to-pointer-cast -Wmissing-declarations -Wmissing-prototypes -Wnested-externs -Wold-style-definition -Wpacked -Wpointer-sign -Wpointer-to-int-cast -Wredundant-decls -Wstrict-prototypes -Wswitch -Wunused-but-set-variable -Wunused-variable -Wunused-function -Wunused-parameter -finline-functions -Wno-aggregate-return -Wno-inline -Wno-missing-format-attribute -Wno-missing-noreturn -Wno-overlength-strings -Wlarger-than=2560 -Wlogical-op -Wframe-larger-than=16384 -Wpacked-bitfield-compat -Wsync-nand -Wno-unsuffixed-float-constants -Wdouble-promotion -Wtrampolines -Wstack-usage=8192 -Wmaybe-uninitialized -Wno-jump-misses-init -Wstrict-overflow=2 -Wno-suggest-attribute=const -Wno-suggest-attribute=noreturn -Wno-suggest-attribute=pure -Wno-suggest-attribute=format -Wdate-time -Warray-bounds=2 -Wc99-c11-compat -Wincompatible-pointer-types -Wint-conversion -Wduplicated-cond -Whsa -Wnormalized -Wnull-dereference -Wunused-const-variable -Walloca -Walloc-zero -Wduplicated-branches -Wformat-overflow=2 -Wformat-truncation=1 -Wrestrict -Wattribute-alias -Wshift-overflow=2 -Wcast-function-type -Wcast-align=strict -Wno-suggest-attribute=cold -Wno-suggest-attribute=malloc -Wattribute-alias=2 -Wmissing-profile -Wc11-c2x-compat -MD -MT src/CMakeFiles/hdf5-shared.dir/H5SL.c.o -MF src/CMakeFiles/hdf5-shared.dir/H5SL.c.o.d -o src/CMakeFiles/hdf5-shared.dir/H5SL.c.o -c /home/byrn/HDF_Projects/hdf5/dev/src/H5SL.c
[680/4114] /usr/bin/cc -DH5_BUILT_AS_DYNAMIC_LIB -D_FILE_OFFSET_BITS=64 -D_GNU_SOURCE -D_LARGEFILE_SOURCE -D_POSIX_C_SOURCE=200809L -Dhdf5_shared_EXPORTS -I/home/byrn/HDF_Projects/hdf5/dev/src -I/home/byrn/HDF_Projects/hdf5/dev/src/H5FDsubfiling -I/home/byrn/HDF_Projects/hdf5/build/ci-StdShar-GNUC/src -I/home/byrn/HDF_Projects/hdf5/build/ci-StdShar-GNUC/_deps/hdf5_zlib-build -I/home/byrn/HDF_Projects/hdf5/build/ci-StdShar-GNUC/_deps/hdf5_zlib-src -I/home/byrn/HDF_Projects/hdf5/build/ci-StdShar-GNUC/_deps/szip-build -I/home/byrn/HDF_Projects/hdf5/build/ci-StdShar-GNUC/_deps/szip-src/include -I/home/byrn/HDF_Projects/hdf5/build/ci-StdShar-GNUC/_deps/szip-src -std=c99  -fstdarg-opt -fdiagnostics-urls=never -fno-diagnostics-color -fmessage-length=0 -O2 -g -DNDEBUG -std=gnu99 -fPIC -Wall -Wcast-qual -Wconversion -Wextra -Wfloat-equal -Wformat=2 -Winit-self -Winvalid-pch -Wmissing-include-dirs -Wshadow -Wundef -Wwrite-strings -pedantic -Wno-c++-compat -Wbad-function-cast -Wcast-align -Wformat -Wimplicit-function-declaration -Wint-to-pointer-cast -Wmissing-declarations -Wmissing-prototypes -Wnested-externs -Wold-style-definition -Wpacked -Wpointer-sign -Wpointer-to-int-cast -Wredundant-decls -Wstrict-prototypes -Wswitch -Wunused-but-set-variable -Wunused-variable -Wunused-function -Wunused-parameter -finline-functions -Wno-aggregate-return -Wno-inline -Wno-missing-format-attribute -Wno-missing-noreturn -Wno-overlength-strings -Wlarger-than=2560 -Wlogical-op -Wframe-larger-than=16384 -Wpacked-bitfield-compat -Wsync-nand -Wno-unsuffixed-float-constants -Wdouble-promotion -Wtrampolines -Wstack-usage=8192 -Wmaybe-uninitialized -Wno-jump-misses-init -Wstrict-overflow=2 -Wno-suggest-attribute=const -Wno-suggest-attribute=noreturn -Wno-suggest-attribute=pure -Wno-suggest-attribute=format -Wdate-time -Warray-bounds=2 -Wc99-c11-compat -Wincompatible-pointer-types -Wint-conversion -Wduplicated-cond -Whsa -Wnormalized -Wnull-dereference -Wunused-const-variable -Walloca -Walloc-zero -Wduplicated-branches -Wformat-overflow=2 -Wformat-truncation=1 -Wrestrict -Wattribute-alias -Wshift-overflow=2 -Wcast-function-type -Wcast-align=strict -Wno-suggest-attribute=cold -Wno-suggest-attribute=malloc -Wattribute-alias=2 -Wmissing-profile -Wc11-c2x-compat -MD -MT src/CMakeFiles/hdf5-shared.dir/H5Tinit_float.c.o -MF src/CMakeFiles/hdf5-shared.dir/H5Tinit_float.c.o.d -o src/CMakeFiles/hdf5-shared.dir/H5Tinit_float.c.o -c /home/byrn/HDF_Projects/hdf5/dev/src/H5Tinit_float.c
[681/4114] /usr/bin/cc -DH5_BUILT_AS_DYNAMIC_LIB -D_FILE_OFFSET_BITS=64 -D_GNU_SOURCE -D_LARGEFILE_SOURCE -D_POSIX_C_SOURCE=200809L -Dhdf5_shared_EXPORTS -I/home/byrn/HDF_Projects/hdf5/dev/src -I/home/byrn/HDF_Projects/hdf5/dev/src/H5FDsubfiling -I/home/byrn/HDF_Projects/hdf5/build/ci-StdShar-GNUC/src -I/home/byrn/HDF_Projects/hdf5/build/ci-StdShar-GNUC/_deps/hdf5_zlib-build -I/home/byrn/HDF_Projects/hdf5/build/ci-StdShar-GNUC/_deps/hdf5_zlib-src -I/home/byrn/HDF_Projects/hdf5/build/ci-StdShar-GNUC/_deps/szip-build -I/home/byrn/HDF_Projects/hdf5/build/ci-StdShar-GNUC/_deps/szip-src/include -I/home/byrn/HDF_Projects/hdf5/build/ci-StdShar-GNUC/_deps/szip-src -std=c99  -fstdarg-opt -fdiagnostics-urls=never -fno-diagnostics-color -fmessage-length=0 -O2 -g -DNDEBUG -std=gnu99 -fPIC -Wall -Wcast-qual -Wconversion -Wextra -Wfloat-equal -Wformat=2 -Winit-self -Winvalid-pch -Wmissing-include-dirs -Wshadow -Wundef -Wwrite-strings -pedantic -Wno-c++-compat -Wbad-function-cast -Wcast-align -Wformat -Wimplicit-function-declaration -Wint-to-pointer-cast -Wmissing-declarations -Wmissing-prototypes -Wnested-externs -Wold-style-definition -Wpacked -Wpointer-sign -Wpointer-to-int-cast -Wredundant-decls -Wstrict-prototypes -Wswitch -Wunused-but-set-variable -Wunused-variable -Wunused-function -Wunused-parameter -finline-functions -Wno-aggregate-return -Wno-inline -Wno-missing-format-attribute -Wno-missing-noreturn -Wno-overlength-strings -Wlarger-than=2560 -Wlogical-op -Wframe-larger-than=16384 -Wpacked-bitfield-compat -Wsync-nand -Wno-unsuffixed-float-constants -Wdouble-promotion -Wtrampolines -Wstack-usage=8192 -Wmaybe-uninitialized -Wno-jump-misses-init -Wstrict-overflow=2 -Wno-suggest-attribute=const -Wno-suggest-attribute=noreturn -Wno-suggest-attribute=pure -Wno-suggest-attribute=format -Wdate-time -Warray-bounds=2 -Wc99-c11-compat -Wincompatible-pointer-types -Wint-conversion -Wduplicated-cond -Whsa -Wnormalized -Wnull-dereference -Wunused-const-variable -Walloca -Walloc-zero -Wduplicated-branches -Wformat-overflow=2 -Wformat-truncation=1 -Wrestrict -Wattribute-alias -Wshift-overflow=2 -Wcast-function-type -Wcast-align=strict -Wno-suggest-attribute=cold -Wno-suggest-attribute=malloc -Wattribute-alias=2 -Wmissing-profile -Wc11-c2x-compat -MD -MT src/CMakeFiles/hdf5-shared.dir/H5Tnative.c.o -MF src/CMakeFiles/hdf5-shared.dir/H5Tnative.c.o.d -o src/CMakeFiles/hdf5-shared.dir/H5Tnative.c.o -c /home/byrn/HDF_Projects/hdf5/dev/src/H5Tnative.c
[682/4114] /usr/bin/cc -DH5_BUILT_AS_DYNAMIC_LIB -D_FILE_OFFSET_BITS=64 -D_GNU_SOURCE -D_LARGEFILE_SOURCE -D_POSIX_C_SOURCE=200809L -Dhdf5_shared_EXPORTS -I/home/byrn/HDF_Projects/hdf5/dev/src -I/home/byrn/HDF_Projects/hdf5/dev/src/H5FDsubfiling -I/home/byrn/HDF_Projects/hdf5/build/ci-StdShar-GNUC/src -I/home/byrn/HDF_Projects/hdf5/build/ci-StdShar-GNUC/_deps/hdf5_zlib-build -I/home/byrn/HDF_Projects/hdf5/build/ci-StdShar-GNUC/_deps/hdf5_zlib-src -I/home/byrn/HDF_Projects/hdf5/build/ci-StdShar-GNUC/_deps/szip-build -I/home/byrn/HDF_Projects/hdf5/build/ci-StdShar-GNUC/_deps/szip-src/include -I/home/byrn/HDF_Projects/hdf5/build/ci-StdShar-GNUC/_deps/szip-src -std=c99  -fstdarg-opt -fdiagnostics-urls=never -fno-diagnostics-color -fmessage-length=0 -O2 -g -DNDEBUG -std=gnu99 -fPIC -Wall -Wcast-qual -Wconversion -Wextra -Wfloat-equal -Wformat=2 -Winit-self -Winvalid-pch -Wmissing-include-dirs -Wshadow -Wundef -Wwrite-strings -pedantic -Wno-c++-compat -Wbad-function-cast -Wcast-align -Wformat -Wimplicit-function-declaration -Wint-to-pointer-cast -Wmissing-declarations -Wmissing-prototypes -Wnested-externs -Wold-style-definition -Wpacked -Wpointer-sign -Wpointer-to-int-cast -Wredundant-decls -Wstrict-prototypes -Wswitch -Wunused-but-set-variable -Wunused-variable -Wunused-function -Wunused-parameter -finline-functions -Wno-aggregate-return -Wno-inline -Wno-missing-format-attribute -Wno-missing-noreturn -Wno-overlength-strings -Wlarger-than=2560 -Wlogical-op -Wframe-larger-than=16384 -Wpacked-bitfield-compat -Wsync-nand -Wno-unsuffixed-float-constants -Wdouble-promotion -Wtrampolines -Wstack-usage=8192 -Wmaybe-uninitialized -Wno-jump-misses-init -Wstrict-overflow=2 -Wno-suggest-attribute=const -Wno-suggest-attribute=noreturn -Wno-suggest-attribute=pure -Wno-suggest-attribute=format -Wdate-time -Warray-bounds=2 -Wc99-c11-compat -Wincompatible-pointer-types -Wint-conversion -Wduplicated-cond -Whsa -Wnormalized -Wnull-dereference -Wunused-const-variable -Walloca -Walloc-zero -Wduplicated-branches -Wformat-overflow=2 -Wformat-truncation=1 -Wrestrict -Wattribute-alias -Wshift-overflow=2 -Wcast-function-type -Wcast-align=strict -Wno-suggest-attribute=cold -Wno-suggest-attribute=malloc -Wattribute-alias=2 -Wmissing-profile -Wc11-c2x-compat -MD -MT src/CMakeFiles/hdf5-shared.dir/H5Toh.c.o -MF src/CMakeFiles/hdf5-shared.dir/H5Toh.c.o.d -o src/CMakeFiles/hdf5-shared.dir/H5Toh.c.o -c /home/byrn/HDF_Projects/hdf5/dev/src/H5Toh.c
[683/4114] /usr/bin/cc -DH5_BUILT_AS_DYNAMIC_LIB -D_FILE_OFFSET_BITS=64 -D_GNU_SOURCE -D_LARGEFILE_SOURCE -D_POSIX_C_SOURCE=200809L -Dhdf5_shared_EXPORTS -I/home/byrn/HDF_Projects/hdf5/dev/src -I/home/byrn/HDF_Projects/hdf5/dev/src/H5FDsubfiling -I/home/byrn/HDF_Projects/hdf5/build/ci-StdShar-GNUC/src -I/home/byrn/HDF_Projects/hdf5/build/ci-StdShar-GNUC/_deps/hdf5_zlib-build -I/home/byrn/HDF_Projects/hdf5/build/ci-StdShar-GNUC/_deps/hdf5_zlib-src -I/home/byrn/HDF_Projects/hdf5/build/ci-StdShar-GNUC/_deps/szip-build -I/home/byrn/HDF_Projects/hdf5/build/ci-StdShar-GNUC/_deps/szip-src/include -I/home/byrn/HDF_Projects/hdf5/build/ci-StdShar-GNUC/_deps/szip-src -std=c99  -fstdarg-opt -fdiagnostics-urls=never -fno-diagnostics-color -fmessage-length=0 -O2 -g -DNDEBUG -std=gnu99 -fPIC -Wall -Wcast-qual -Wconversion -Wextra -Wfloat-equal -Wformat=2 -Winit-self -Winvalid-pch -Wmissing-include-dirs -Wshadow -Wundef -Wwrite-strings -pedantic -Wno-c++-compat -Wbad-function-cast -Wcast-align -Wformat -Wimplicit-function-declaration -Wint-to-pointer-cast -Wmissing-declarations -Wmissing-prototypes -Wnested-externs -Wold-style-definition -Wpacked -Wpointer-sign -Wpointer-to-int-cast -Wredundant-decls -Wstrict-prototypes -Wswitch -Wunused-but-set-variable -Wunused-variable -Wunused-function -Wunused-parameter -finline-functions -Wno-aggregate-return -Wno-inline -Wno-missing-format-attribute -Wno-missing-noreturn -Wno-overlength-strings -Wlarger-than=2560 -Wlogical-op -Wframe-larger-than=16384 -Wpacked-bitfield-compat -Wsync-nand -Wno-unsuffixed-float-constants -Wdouble-promotion -Wtrampolines -Wstack-usage=8192 -Wmaybe-uninitialized -Wno-jump-misses-init -Wstrict-overflow=2 -Wno-suggest-attribute=const -Wno-suggest-attribute=noreturn -Wno-suggest-attribute=pure -Wno-suggest-attribute=format -Wdate-time -Warray-bounds=2 -Wc99-c11-compat -Wincompatible-pointer-types -Wint-conversion -Wduplicated-cond -Whsa -Wnormalized -Wnull-dereference -Wunused-const-variable -Walloca -Walloc-zero -Wduplicated-branches -Wformat-overflow=2 -Wformat-truncation=1 -Wrestrict -Wattribute-alias -Wshift-overflow=2 -Wcast-function-type -Wcast-align=strict -Wno-suggest-attribute=cold -Wno-suggest-attribute=malloc -Wattribute-alias=2 -Wmissing-profile -Wc11-c2x-compat -MD -MT src/CMakeFiles/hdf5-shared.dir/H5Topaque.c.o -MF src/CMakeFiles/hdf5-shared.dir/H5Topaque.c.o.d -o src/CMakeFiles/hdf5-shared.dir/H5Topaque.c.o -c /home/byrn/HDF_Projects/hdf5/dev/src/H5Topaque.c
[684/4114] /usr/bin/cc -DH5_BUILT_AS_DYNAMIC_LIB -D_FILE_OFFSET_BITS=64 -D_GNU_SOURCE -D_LARGEFILE_SOURCE -D_POSIX_C_SOURCE=200809L -Dhdf5_shared_EXPORTS -I/home/byrn/HDF_Projects/hdf5/dev/src -I/home/byrn/HDF_Projects/hdf5/dev/src/H5FDsubfiling -I/home/byrn/HDF_Projects/hdf5/build/ci-StdShar-GNUC/src -I/home/byrn/HDF_Projects/hdf5/build/ci-StdShar-GNUC/_deps/hdf5_zlib-build -I/home/byrn/HDF_Projects/hdf5/build/ci-StdShar-GNUC/_deps/hdf5_zlib-src -I/home/byrn/HDF_Projects/hdf5/build/ci-StdShar-GNUC/_deps/szip-build -I/home/byrn/HDF_Projects/hdf5/build/ci-StdShar-GNUC/_deps/szip-src/include -I/home/byrn/HDF_Projects/hdf5/build/ci-StdShar-GNUC/_deps/szip-src -std=c99  -fstdarg-opt -fdiagnostics-urls=never -fno-diagnostics-color -fmessage-length=0 -O2 -g -DNDEBUG -std=gnu99 -fPIC -Wall -Wcast-qual -Wconversion -Wextra -Wfloat-equal -Wformat=2 -Winit-self -Winvalid-pch -Wmissing-include-dirs -Wshadow -Wundef -Wwrite-strings -pedantic -Wno-c++-compat -Wbad-function-cast -Wcast-align -Wformat -Wimplicit-function-declaration -Wint-to-pointer-cast -Wmissing-declarations -Wmissing-prototypes -Wnested-externs -Wold-style-definition -Wpacked -Wpointer-sign -Wpointer-to-int-cast -Wredundant-decls -Wstrict-prototypes -Wswitch -Wunused-but-set-variable -Wunused-variable -Wunused-function -Wunused-parameter -finline-functions -Wno-aggregate-return -Wno-inline -Wno-missing-format-attribute -Wno-missing-noreturn -Wno-overlength-strings -Wlarger-than=2560 -Wlogical-op -Wframe-larger-than=16384 -Wpacked-bitfield-compat -Wsync-nand -Wno-unsuffixed-float-constants -Wdouble-promotion -Wtrampolines -Wstack-usage=8192 -Wmaybe-uninitialized -Wno-jump-misses-init -Wstrict-overflow=2 -Wno-suggest-attribute=const -Wno-suggest-attribute=noreturn -Wno-suggest-attribute=pure -Wno-suggest-attribute=format -Wdate-time -Warray-bounds=2 -Wc99-c11-compat -Wincompatible-pointer-types -Wint-conversion -Wduplicated-cond -Whsa -Wnormalized -Wnull-dereference -Wunused-const-variable -Walloca -Walloc-zero -Wduplicated-branches -Wformat-overflow=2 -Wformat-truncation=1 -Wrestrict -Wattribute-alias -Wshift-overflow=2 -Wcast-function-type -Wcast-align=strict -Wno-suggest-attribute=cold -Wno-suggest-attribute=malloc -Wattribute-alias=2 -Wmissing-profile -Wc11-c2x-compat -MD -MT src/CMakeFiles/hdf5-shared.dir/H5Tpad.c.o -MF src/CMakeFiles/hdf5-shared.dir/H5Tpad.c.o.d -o src/CMakeFiles/hdf5-shared.dir/H5Tpad.c.o -c /home/byrn/HDF_Projects/hdf5/dev/src/H5Tpad.c
[685/4114] /usr/bin/cc -DH5_BUILT_AS_DYNAMIC_LIB -D_FILE_OFFSET_BITS=64 -D_GNU_SOURCE -D_LARGEFILE_SOURCE -D_POSIX_C_SOURCE=200809L -Dhdf5_shared_EXPORTS -I/home/byrn/HDF_Projects/hdf5/dev/src -I/home/byrn/HDF_Projects/hdf5/dev/src/H5FDsubfiling -I/home/byrn/HDF_Projects/hdf5/build/ci-StdShar-GNUC/src -I/home/byrn/HDF_Projects/hdf5/build/ci-StdShar-GNUC/_deps/hdf5_zlib-build -I/home/byrn/HDF_Projects/hdf5/build/ci-StdShar-GNUC/_deps/hdf5_zlib-src -I/home/byrn/HDF_Projects/hdf5/build/ci-StdShar-GNUC/_deps/szip-build -I/home/byrn/HDF_Projects/hdf5/build/ci-StdShar-GNUC/_deps/szip-src/include -I/home/byrn/HDF_Projects/hdf5/build/ci-StdShar-GNUC/_deps/szip-src -std=c99  -fstdarg-opt -fdiagnostics-urls=never -fno-diagnostics-color -fmessage-length=0 -O2 -g -DNDEBUG -std=gnu99 -fPIC -Wall -Wcast-qual -Wconversion -Wextra -Wfloat-equal -Wformat=2 -Winit-self -Winvalid-pch -Wmissing-include-dirs -Wshadow -Wundef -Wwrite-strings -pedantic -Wno-c++-compat -Wbad-function-cast -Wcast-align -Wformat -Wimplicit-function-declaration -Wint-to-pointer-cast -Wmissing-declarations -Wmissing-prototypes -Wnested-externs -Wold-style-definition -Wpacked -Wpointer-sign -Wpointer-to-int-cast -Wredundant-decls -Wstrict-prototypes -Wswitch -Wunused-but-set-variable -Wunused-variable -Wunused-function -Wunused-parameter -finline-functions -Wno-aggregate-return -Wno-inline -Wno-missing-format-attribute -Wno-missing-noreturn -Wno-overlength-strings -Wlarger-than=2560 -Wlogical-op -Wframe-larger-than=16384 -Wpacked-bitfield-compat -Wsync-nand -Wno-unsuffixed-float-constants -Wdouble-promotion -Wtrampolines -Wstack-usage=8192 -Wmaybe-uninitialized -Wno-jump-misses-init -Wstrict-overflow=2 -Wno-suggest-attribute=const -Wno-suggest-attribute=noreturn -Wno-suggest-attribute=pure -Wno-suggest-attribute=format -Wdate-time -Warray-bounds=2 -Wc99-c11-compat -Wincompatible-pointer-types -Wint-conversion -Wduplicated-cond -Whsa -Wnormalized -Wnull-dereference -Wunused-const-variable -Walloca -Walloc-zero -Wduplicated-branches -Wformat-overflow=2 -Wformat-truncation=1 -Wrestrict -Wattribute-alias -Wshift-overflow=2 -Wcast-function-type -Wcast-align=strict -Wno-suggest-attribute=cold -Wno-suggest-attribute=malloc -Wattribute-alias=2 -Wmissing-profile -Wc11-c2x-compat -MD -MT src/CMakeFiles/hdf5-shared.dir/H5Torder.c.o -MF src/CMakeFiles/hdf5-shared.dir/H5Torder.c.o.d -o src/CMakeFiles/hdf5-shared.dir/H5Torder.c.o -c /home/byrn/HDF_Projects/hdf5/dev/src/H5Torder.c
[686/4114] /usr/bin/cc -DH5_BUILT_AS_DYNAMIC_LIB -D_FILE_OFFSET_BITS=64 -D_GNU_SOURCE -D_LARGEFILE_SOURCE -D_POSIX_C_SOURCE=200809L -Dhdf5_shared_EXPORTS -I/home/byrn/HDF_Projects/hdf5/dev/src -I/home/byrn/HDF_Projects/hdf5/dev/src/H5FDsubfiling -I/home/byrn/HDF_Projects/hdf5/build/ci-StdShar-GNUC/src -I/home/byrn/HDF_Projects/hdf5/build/ci-StdShar-GNUC/_deps/hdf5_zlib-build -I/home/byrn/HDF_Projects/hdf5/build/ci-StdShar-GNUC/_deps/hdf5_zlib-src -I/home/byrn/HDF_Projects/hdf5/build/ci-StdShar-GNUC/_deps/szip-build -I/home/byrn/HDF_Projects/hdf5/build/ci-StdShar-GNUC/_deps/szip-src/include -I/home/byrn/HDF_Projects/hdf5/build/ci-StdShar-GNUC/_deps/szip-src -std=c99  -fstdarg-opt -fdiagnostics-urls=never -fno-diagnostics-color -fmessage-length=0 -O2 -g -DNDEBUG -std=gnu99 -fPIC -Wall -Wcast-qual -Wconversion -Wextra -Wfloat-equal -Wformat=2 -Winit-self -Winvalid-pch -Wmissing-include-dirs -Wshadow -Wundef -Wwrite-strings -pedantic -Wno-c++-compat -Wbad-function-cast -Wcast-align -Wformat -Wimplicit-function-declaration -Wint-to-pointer-cast -Wmissing-declarations -Wmissing-prototypes -Wnested-externs -Wold-style-definition -Wpacked -Wpointer-sign -Wpointer-to-int-cast -Wredundant-decls -Wstrict-prototypes -Wswitch -Wunused-but-set-variable -Wunused-variable -Wunused-function -Wunused-parameter -finline-functions -Wno-aggregate-return -Wno-inline -Wno-missing-format-attribute -Wno-missing-noreturn -Wno-overlength-strings -Wlarger-than=2560 -Wlogical-op -Wframe-larger-than=16384 -Wpacked-bitfield-compat -Wsync-nand -Wno-unsuffixed-float-constants -Wdouble-promotion -Wtrampolines -Wstack-usage=8192 -Wmaybe-uninitialized -Wno-jump-misses-init -Wstrict-overflow=2 -Wno-suggest-attribute=const -Wno-suggest-attribute=noreturn -Wno-suggest-attribute=pure -Wno-suggest-attribute=format -Wdate-time -Warray-bounds=2 -Wc99-c11-compat -Wincompatible-pointer-types -Wint-conversion -Wduplicated-cond -Whsa -Wnormalized -Wnull-dereference -Wunused-const-variable -Walloca -Walloc-zero -Wduplicated-branches -Wformat-overflow=2 -Wformat-truncation=1 -Wrestrict -Wattribute-alias -Wshift-overflow=2 -Wcast-function-type -Wcast-align=strict -Wno-suggest-attribute=cold -Wno-suggest-attribute=malloc -Wattribute-alias=2 -Wmissing-profile -Wc11-c2x-compat -MD -MT src/CMakeFiles/hdf5-shared.dir/H5Tprecis.c.o -MF src/CMakeFiles/hdf5-shared.dir/H5Tprecis.c.o.d -o src/CMakeFiles/hdf5-shared.dir/H5Tprecis.c.o -c /home/byrn/HDF_Projects/hdf5/dev/src/H5Tprecis.c
[687/4114] /usr/bin/cc -DH5_BUILT_AS_DYNAMIC_LIB -D_FILE_OFFSET_BITS=64 -D_GNU_SOURCE -D_LARGEFILE_SOURCE -D_POSIX_C_SOURCE=200809L -Dhdf5_shared_EXPORTS -I/home/byrn/HDF_Projects/hdf5/dev/src -I/home/byrn/HDF_Projects/hdf5/dev/src/H5FDsubfiling -I/home/byrn/HDF_Projects/hdf5/build/ci-StdShar-GNUC/src -I/home/byrn/HDF_Projects/hdf5/build/ci-StdShar-GNUC/_deps/hdf5_zlib-build -I/home/byrn/HDF_Projects/hdf5/build/ci-StdShar-GNUC/_deps/hdf5_zlib-src -I/home/byrn/HDF_Projects/hdf5/build/ci-StdShar-GNUC/_deps/szip-build -I/home/byrn/HDF_Projects/hdf5/build/ci-StdShar-GNUC/_deps/szip-src/include -I/home/byrn/HDF_Projects/hdf5/build/ci-StdShar-GNUC/_deps/szip-src -std=c99  -fstdarg-opt -fdiagnostics-urls=never -fno-diagnostics-color -fmessage-length=0 -O2 -g -DNDEBUG -std=gnu99 -fPIC -Wall -Wcast-qual -Wconversion -Wextra -Wfloat-equal -Wformat=2 -Winit-self -Winvalid-pch -Wmissing-include-dirs -Wshadow -Wundef -Wwrite-strings -pedantic -Wno-c++-compat -Wbad-function-cast -Wcast-align -Wformat -Wimplicit-function-declaration -Wint-to-pointer-cast -Wmissing-declarations -Wmissing-prototypes -Wnested-externs -Wold-style-definition -Wpacked -Wpointer-sign -Wpointer-to-int-cast -Wredundant-decls -Wstrict-prototypes -Wswitch -Wunused-but-set-variable -Wunused-variable -Wunused-function -Wunused-parameter -finline-functions -Wno-aggregate-return -Wno-inline -Wno-missing-format-attribute -Wno-missing-noreturn -Wno-overlength-strings -Wlarger-than=2560 -Wlogical-op -Wframe-larger-than=16384 -Wpacked-bitfield-compat -Wsync-nand -Wno-unsuffixed-float-constants -Wdouble-promotion -Wtrampolines -Wstack-usage=8192 -Wmaybe-uninitialized -Wno-jump-misses-init -Wstrict-overflow=2 -Wno-suggest-attribute=const -Wno-suggest-attribute=noreturn -Wno-suggest-attribute=pure -Wno-suggest-attribute=format -Wdate-time -Warray-bounds=2 -Wc99-c11-compat -Wincompatible-pointer-types -Wint-conversion -Wduplicated-cond -Whsa -Wnormalized -Wnull-dereference -Wunused-const-variable -Walloca -Walloc-zero -Wduplicated-branches -Wformat-overflow=2 -Wformat-truncation=1 -Wrestrict -Wattribute-alias -Wshift-overflow=2 -Wcast-function-type -Wcast-align=strict -Wno-suggest-attribute=cold -Wno-suggest-attribute=malloc -Wattribute-alias=2 -Wmissing-profile -Wc11-c2x-compat -MD -MT src/CMakeFiles/hdf5-shared.dir/H5TS.c.o -MF src/CMakeFiles/hdf5-shared.dir/H5TS.c.o.d -o src/CMakeFiles/hdf5-shared.dir/H5TS.c.o -c /home/byrn/HDF_Projects/hdf5/dev/src/H5TS.c
[688/4114] /usr/bin/cc -DH5_BUILT_AS_DYNAMIC_LIB -D_FILE_OFFSET_BITS=64 -D_GNU_SOURCE -D_LARGEFILE_SOURCE -D_POSIX_C_SOURCE=200809L -Dhdf5_shared_EXPORTS -I/home/byrn/HDF_Projects/hdf5/dev/src -I/home/byrn/HDF_Projects/hdf5/dev/src/H5FDsubfiling -I/home/byrn/HDF_Projects/hdf5/build/ci-StdShar-GNUC/src -I/home/byrn/HDF_Projects/hdf5/build/ci-StdShar-GNUC/_deps/hdf5_zlib-build -I/home/byrn/HDF_Projects/hdf5/build/ci-StdShar-GNUC/_deps/hdf5_zlib-src -I/home/byrn/HDF_Projects/hdf5/build/ci-StdShar-GNUC/_deps/szip-build -I/home/byrn/HDF_Projects/hdf5/build/ci-StdShar-GNUC/_deps/szip-src/include -I/home/byrn/HDF_Projects/hdf5/build/ci-StdShar-GNUC/_deps/szip-src -std=c99  -fstdarg-opt -fdiagnostics-urls=never -fno-diagnostics-color -fmessage-length=0 -O2 -g -DNDEBUG -std=gnu99 -fPIC -Wall -Wcast-qual -Wconversion -Wextra -Wfloat-equal -Wformat=2 -Winit-self -Winvalid-pch -Wmissing-include-dirs -Wshadow -Wundef -Wwrite-strings -pedantic -Wno-c++-compat -Wbad-function-cast -Wcast-align -Wformat -Wimplicit-function-declaration -Wint-to-pointer-cast -Wmissing-declarations -Wmissing-prototypes -Wnested-externs -Wold-style-definition -Wpacked -Wpointer-sign -Wpointer-to-int-cast -Wredundant-decls -Wstrict-prototypes -Wswitch -Wunused-but-set-variable -Wunused-variable -Wunused-function -Wunused-parameter -finline-functions -Wno-aggregate-return -Wno-inline -Wno-missing-format-attribute -Wno-missing-noreturn -Wno-overlength-strings -Wlarger-than=2560 -Wlogical-op -Wframe-larger-than=16384 -Wpacked-bitfield-compat -Wsync-nand -Wno-unsuffixed-float-constants -Wdouble-promotion -Wtrampolines -Wstack-usage=8192 -Wmaybe-uninitialized -Wno-jump-misses-init -Wstrict-overflow=2 -Wno-suggest-attribute=const -Wno-suggest-attribute=noreturn -Wno-suggest-attribute=pure -Wno-suggest-attribute=format -Wdate-time -Warray-bounds=2 -Wc99-c11-compat -Wincompatible-pointer-types -Wint-conversion -Wduplicated-cond -Whsa -Wnormalized -Wnull-dereference -Wunused-const-variable -Walloca -Walloc-zero -Wduplicated-branches -Wformat-overflow=2 -Wformat-truncation=1 -Wrestrict -Wattribute-alias -Wshift-overflow=2 -Wcast-function-type -Wcast-align=strict -Wno-suggest-attribute=cold -Wno-suggest-attribute=malloc -Wattribute-alias=2 -Wmissing-profile -Wc11-c2x-compat -MD -MT src/CMakeFiles/hdf5-shared.dir/H5Tstrpad.c.o -MF src/CMakeFiles/hdf5-shared.dir/H5Tstrpad.c.o.d -o src/CMakeFiles/hdf5-shared.dir/H5Tstrpad.c.o -c /home/byrn/HDF_Projects/hdf5/dev/src/H5Tstrpad.c
[689/4114] /usr/bin/cc -DH5_BUILT_AS_DYNAMIC_LIB -D_FILE_OFFSET_BITS=64 -D_GNU_SOURCE -D_LARGEFILE_SOURCE -D_POSIX_C_SOURCE=200809L -Dhdf5_shared_EXPORTS -I/home/byrn/HDF_Projects/hdf5/dev/src -I/home/byrn/HDF_Projects/hdf5/dev/src/H5FDsubfiling -I/home/byrn/HDF_Projects/hdf5/build/ci-StdShar-GNUC/src -I/home/byrn/HDF_Projects/hdf5/build/ci-StdShar-GNUC/_deps/hdf5_zlib-build -I/home/byrn/HDF_Projects/hdf5/build/ci-StdShar-GNUC/_deps/hdf5_zlib-src -I/home/byrn/HDF_Projects/hdf5/build/ci-StdShar-GNUC/_deps/szip-build -I/home/byrn/HDF_Projects/hdf5/build/ci-StdShar-GNUC/_deps/szip-src/include -I/home/byrn/HDF_Projects/hdf5/build/ci-StdShar-GNUC/_deps/szip-src -std=c99  -fstdarg-opt -fdiagnostics-urls=never -fno-diagnostics-color -fmessage-length=0 -O2 -g -DNDEBUG -std=gnu99 -fPIC -Wall -Wcast-qual -Wconversion -Wextra -Wfloat-equal -Wformat=2 -Winit-self -Winvalid-pch -Wmissing-include-dirs -Wshadow -Wundef -Wwrite-strings -pedantic -Wno-c++-compat -Wbad-function-cast -Wcast-align -Wformat -Wimplicit-function-declaration -Wint-to-pointer-cast -Wmissing-declarations -Wmissing-prototypes -Wnested-externs -Wold-style-definition -Wpacked -Wpointer-sign -Wpointer-to-int-cast -Wredundant-decls -Wstrict-prototypes -Wswitch -Wunused-but-set-variable -Wunused-variable -Wunused-function -Wunused-parameter -finline-functions -Wno-aggregate-return -Wno-inline -Wno-missing-format-attribute -Wno-missing-noreturn -Wno-overlength-strings -Wlarger-than=2560 -Wlogical-op -Wframe-larger-than=16384 -Wpacked-bitfield-compat -Wsync-nand -Wno-unsuffixed-float-constants -Wdouble-promotion -Wtrampolines -Wstack-usage=8192 -Wmaybe-uninitialized -Wno-jump-misses-init -Wstrict-overflow=2 -Wno-suggest-attribute=const -Wno-suggest-attribute=noreturn -Wno-suggest-attribute=pure -Wno-suggest-attribute=format -Wdate-time -Warray-bounds=2 -Wc99-c11-compat -Wincompatible-pointer-types -Wint-conversion -Wduplicated-cond -Whsa -Wnormalized -Wnull-dereference -Wunused-const-variable -Walloca -Walloc-zero -Wduplicated-branches -Wformat-overflow=2 -Wformat-truncation=1 -Wrestrict -Wattribute-alias -Wshift-overflow=2 -Wcast-function-type -Wcast-align=strict -Wno-suggest-attribute=cold -Wno-suggest-attribute=malloc -Wattribute-alias=2 -Wmissing-profile -Wc11-c2x-compat -MD -MT src/CMakeFiles/hdf5-shared.dir/H5Tvisit.c.o -MF src/CMakeFiles/hdf5-shared.dir/H5Tvisit.c.o.d -o src/CMakeFiles/hdf5-shared.dir/H5Tvisit.c.o -c /home/byrn/HDF_Projects/hdf5/dev/src/H5Tvisit.c
[690/4114] /usr/bin/cc -DH5_BUILT_AS_DYNAMIC_LIB -D_FILE_OFFSET_BITS=64 -D_GNU_SOURCE -D_LARGEFILE_SOURCE -D_POSIX_C_SOURCE=200809L -Dhdf5_shared_EXPORTS -I/home/byrn/HDF_Projects/hdf5/dev/src -I/home/byrn/HDF_Projects/hdf5/dev/src/H5FDsubfiling -I/home/byrn/HDF_Projects/hdf5/build/ci-StdShar-GNUC/src -I/home/byrn/HDF_Projects/hdf5/build/ci-StdShar-GNUC/_deps/hdf5_zlib-build -I/home/byrn/HDF_Projects/hdf5/build/ci-StdShar-GNUC/_deps/hdf5_zlib-src -I/home/byrn/HDF_Projects/hdf5/build/ci-StdShar-GNUC/_deps/szip-build -I/home/byrn/HDF_Projects/hdf5/build/ci-StdShar-GNUC/_deps/szip-src/include -I/home/byrn/HDF_Projects/hdf5/build/ci-StdShar-GNUC/_deps/szip-src -std=c99  -fstdarg-opt -fdiagnostics-urls=never -fno-diagnostics-color -fmessage-length=0 -O2 -g -DNDEBUG -std=gnu99 -fPIC -Wall -Wcast-qual -Wconversion -Wextra -Wfloat-equal -Wformat=2 -Winit-self -Winvalid-pch -Wmissing-include-dirs -Wshadow -Wundef -Wwrite-strings -pedantic -Wno-c++-compat -Wbad-function-cast -Wcast-align -Wformat -Wimplicit-function-declaration -Wint-to-pointer-cast -Wmissing-declarations -Wmissing-prototypes -Wnested-externs -Wold-style-definition -Wpacked -Wpointer-sign -Wpointer-to-int-cast -Wredundant-decls -Wstrict-prototypes -Wswitch -Wunused-but-set-variable -Wunused-variable -Wunused-function -Wunused-parameter -finline-functions -Wno-aggregate-return -Wno-inline -Wno-missing-format-attribute -Wno-missing-noreturn -Wno-overlength-strings -Wlarger-than=2560 -Wlogical-op -Wframe-larger-than=16384 -Wpacked-bitfield-compat -Wsync-nand -Wno-unsuffixed-float-constants -Wdouble-promotion -Wtrampolines -Wstack-usage=8192 -Wmaybe-uninitialized -Wno-jump-misses-init -Wstrict-overflow=2 -Wno-suggest-attribute=const -Wno-suggest-attribute=noreturn -Wno-suggest-attribute=pure -Wno-suggest-attribute=format -Wdate-time -Warray-bounds=2 -Wc99-c11-compat -Wincompatible-pointer-types -Wint-conversion -Wduplicated-cond -Whsa -Wnormalized -Wnull-dereference -Wunused-const-variable -Walloca -Walloc-zero -Wduplicated-branches -Wformat-overflow=2 -Wformat-truncation=1 -Wrestrict -Wattribute-alias -Wshift-overflow=2 -Wcast-function-type -Wcast-align=strict -Wno-suggest-attribute=cold -Wno-suggest-attribute=malloc -Wattribute-alias=2 -Wmissing-profile -Wc11-c2x-compat -MD -MT src/CMakeFiles/hdf5-shared.dir/H5Tvlen.c.o -MF src/CMakeFiles/hdf5-shared.dir/H5Tvlen.c.o.d -o src/CMakeFiles/hdf5-shared.dir/H5Tvlen.c.o -c /home/byrn/HDF_Projects/hdf5/dev/src/H5Tvlen.c
[691/4114] /usr/bin/cc -DH5_BUILT_AS_DYNAMIC_LIB -D_FILE_OFFSET_BITS=64 -D_GNU_SOURCE -D_LARGEFILE_SOURCE -D_POSIX_C_SOURCE=200809L -Dhdf5_shared_EXPORTS -I/home/byrn/HDF_Projects/hdf5/dev/src -I/home/byrn/HDF_Projects/hdf5/dev/src/H5FDsubfiling -I/home/byrn/HDF_Projects/hdf5/build/ci-StdShar-GNUC/src -I/home/byrn/HDF_Projects/hdf5/build/ci-StdShar-GNUC/_deps/hdf5_zlib-build -I/home/byrn/HDF_Projects/hdf5/build/ci-StdShar-GNUC/_deps/hdf5_zlib-src -I/home/byrn/HDF_Projects/hdf5/build/ci-StdShar-GNUC/_deps/szip-build -I/home/byrn/HDF_Projects/hdf5/build/ci-StdShar-GNUC/_deps/szip-src/include -I/home/byrn/HDF_Projects/hdf5/build/ci-StdShar-GNUC/_deps/szip-src -std=c99  -fstdarg-opt -fdiagnostics-urls=never -fno-diagnostics-color -fmessage-length=0 -O2 -g -DNDEBUG -std=gnu99 -fPIC -Wall -Wcast-qual -Wconversion -Wextra -Wfloat-equal -Wformat=2 -Winit-self -Winvalid-pch -Wmissing-include-dirs -Wshadow -Wundef -Wwrite-strings -pedantic -Wno-c++-compat -Wbad-function-cast -Wcast-align -Wformat -Wimplicit-function-declaration -Wint-to-pointer-cast -Wmissing-declarations -Wmissing-prototypes -Wnested-externs -Wold-style-definition -Wpacked -Wpointer-sign -Wpointer-to-int-cast -Wredundant-decls -Wstrict-prototypes -Wswitch -Wunused-but-set-variable -Wunused-variable -Wunused-function -Wunused-parameter -finline-functions -Wno-aggregate-return -Wno-inline -Wno-missing-format-attribute -Wno-missing-noreturn -Wno-overlength-strings -Wlarger-than=2560 -Wlogical-op -Wframe-larger-than=16384 -Wpacked-bitfield-compat -Wsync-nand -Wno-unsuffixed-float-constants -Wdouble-promotion -Wtrampolines -Wstack-usage=8192 -Wmaybe-uninitialized -Wno-jump-misses-init -Wstrict-overflow=2 -Wno-suggest-attribute=const -Wno-suggest-attribute=noreturn -Wno-suggest-attribute=pure -Wno-suggest-attribute=format -Wdate-time -Warray-bounds=2 -Wc99-c11-compat -Wincompatible-pointer-types -Wint-conversion -Wduplicated-cond -Whsa -Wnormalized -Wnull-dereference -Wunused-const-variable -Walloca -Walloc-zero -Wduplicated-branches -Wformat-overflow=2 -Wformat-truncation=1 -Wrestrict -Wattribute-alias -Wshift-overflow=2 -Wcast-function-type -Wcast-align=strict -Wno-suggest-attribute=cold -Wno-suggest-attribute=malloc -Wattribute-alias=2 -Wmissing-profile -Wc11-c2x-compat -MD -MT src/CMakeFiles/hdf5-shared.dir/H5VLdyn_ops.c.o -MF src/CMakeFiles/hdf5-shared.dir/H5VLdyn_ops.c.o.d -o src/CMakeFiles/hdf5-shared.dir/H5VLdyn_ops.c.o -c /home/byrn/HDF_Projects/hdf5/dev/src/H5VLdyn_ops.c
[692/4114] /usr/bin/cc -DH5_BUILT_AS_DYNAMIC_LIB -D_FILE_OFFSET_BITS=64 -D_GNU_SOURCE -D_LARGEFILE_SOURCE -D_POSIX_C_SOURCE=200809L -Dhdf5_shared_EXPORTS -I/home/byrn/HDF_Projects/hdf5/dev/src -I/home/byrn/HDF_Projects/hdf5/dev/src/H5FDsubfiling -I/home/byrn/HDF_Projects/hdf5/build/ci-StdShar-GNUC/src -I/home/byrn/HDF_Projects/hdf5/build/ci-StdShar-GNUC/_deps/hdf5_zlib-build -I/home/byrn/HDF_Projects/hdf5/build/ci-StdShar-GNUC/_deps/hdf5_zlib-src -I/home/byrn/HDF_Projects/hdf5/build/ci-StdShar-GNUC/_deps/szip-build -I/home/byrn/HDF_Projects/hdf5/build/ci-StdShar-GNUC/_deps/szip-src/include -I/home/byrn/HDF_Projects/hdf5/build/ci-StdShar-GNUC/_deps/szip-src -std=c99  -fstdarg-opt -fdiagnostics-urls=never -fno-diagnostics-color -fmessage-length=0 -O2 -g -DNDEBUG -std=gnu99 -fPIC -Wall -Wcast-qual -Wconversion -Wextra -Wfloat-equal -Wformat=2 -Winit-self -Winvalid-pch -Wmissing-include-dirs -Wshadow -Wundef -Wwrite-strings -pedantic -Wno-c++-compat -Wbad-function-cast -Wcast-align -Wformat -Wimplicit-function-declaration -Wint-to-pointer-cast -Wmissing-declarations -Wmissing-prototypes -Wnested-externs -Wold-style-definition -Wpacked -Wpointer-sign -Wpointer-to-int-cast -Wredundant-decls -Wstrict-prototypes -Wswitch -Wunused-but-set-variable -Wunused-variable -Wunused-function -Wunused-parameter -finline-functions -Wno-aggregate-return -Wno-inline -Wno-missing-format-attribute -Wno-missing-noreturn -Wno-overlength-strings -Wlarger-than=2560 -Wlogical-op -Wframe-larger-than=16384 -Wpacked-bitfield-compat -Wsync-nand -Wno-unsuffixed-float-constants -Wdouble-promotion -Wtrampolines -Wstack-usage=8192 -Wmaybe-uninitialized -Wno-jump-misses-init -Wstrict-overflow=2 -Wno-suggest-attribute=const -Wno-suggest-attribute=noreturn -Wno-suggest-attribute=pure -Wno-suggest-attribute=format -Wdate-time -Warray-bounds=2 -Wc99-c11-compat -Wincompatible-pointer-types -Wint-conversion -Wduplicated-cond -Whsa -Wnormalized -Wnull-dereference -Wunused-const-variable -Walloca -Walloc-zero -Wduplicated-branches -Wformat-overflow=2 -Wformat-truncation=1 -Wrestrict -Wattribute-alias -Wshift-overflow=2 -Wcast-function-type -Wcast-align=strict -Wno-suggest-attribute=cold -Wno-suggest-attribute=malloc -Wattribute-alias=2 -Wmissing-profile -Wc11-c2x-compat -MD -MT src/CMakeFiles/hdf5-shared.dir/H5Shyper.c.o -MF src/CMakeFiles/hdf5-shared.dir/H5Shyper.c.o.d -o src/CMakeFiles/hdf5-shared.dir/H5Shyper.c.o -c /home/byrn/HDF_Projects/hdf5/dev/src/H5Shyper.c
[693/4114] /usr/bin/cc -DH5_BUILT_AS_DYNAMIC_LIB -D_FILE_OFFSET_BITS=64 -D_GNU_SOURCE -D_LARGEFILE_SOURCE -D_POSIX_C_SOURCE=200809L -Dhdf5_shared_EXPORTS -I/home/byrn/HDF_Projects/hdf5/dev/src -I/home/byrn/HDF_Projects/hdf5/dev/src/H5FDsubfiling -I/home/byrn/HDF_Projects/hdf5/build/ci-StdShar-GNUC/src -I/home/byrn/HDF_Projects/hdf5/build/ci-StdShar-GNUC/_deps/hdf5_zlib-build -I/home/byrn/HDF_Projects/hdf5/build/ci-StdShar-GNUC/_deps/hdf5_zlib-src -I/home/byrn/HDF_Projects/hdf5/build/ci-StdShar-GNUC/_deps/szip-build -I/home/byrn/HDF_Projects/hdf5/build/ci-StdShar-GNUC/_deps/szip-src/include -I/home/byrn/HDF_Projects/hdf5/build/ci-StdShar-GNUC/_deps/szip-src -std=c99  -fstdarg-opt -fdiagnostics-urls=never -fno-diagnostics-color -fmessage-length=0 -O2 -g -DNDEBUG -std=gnu99 -fPIC -Wall -Wcast-qual -Wconversion -Wextra -Wfloat-equal -Wformat=2 -Winit-self -Winvalid-pch -Wmissing-include-dirs -Wshadow -Wundef -Wwrite-strings -pedantic -Wno-c++-compat -Wbad-function-cast -Wcast-align -Wformat -Wimplicit-function-declaration -Wint-to-pointer-cast -Wmissing-declarations -Wmissing-prototypes -Wnested-externs -Wold-style-definition -Wpacked -Wpointer-sign -Wpointer-to-int-cast -Wredundant-decls -Wstrict-prototypes -Wswitch -Wunused-but-set-variable -Wunused-variable -Wunused-function -Wunused-parameter -finline-functions -Wno-aggregate-return -Wno-inline -Wno-missing-format-attribute -Wno-missing-noreturn -Wno-overlength-strings -Wlarger-than=2560 -Wlogical-op -Wframe-larger-than=16384 -Wpacked-bitfield-compat -Wsync-nand -Wno-unsuffixed-float-constants -Wdouble-promotion -Wtrampolines -Wstack-usage=8192 -Wmaybe-uninitialized -Wno-jump-misses-init -Wstrict-overflow=2 -Wno-suggest-attribute=const -Wno-suggest-attribute=noreturn -Wno-suggest-attribute=pure -Wno-suggest-attribute=format -Wdate-time -Warray-bounds=2 -Wc99-c11-compat -Wincompatible-pointer-types -Wint-conversion -Wduplicated-cond -Whsa -Wnormalized -Wnull-dereference -Wunused-const-variable -Walloca -Walloc-zero -Wduplicated-branches -Wformat-overflow=2 -Wformat-truncation=1 -Wrestrict -Wattribute-alias -Wshift-overflow=2 -Wcast-function-type -Wcast-align=strict -Wno-suggest-attribute=cold -Wno-suggest-attribute=malloc -Wattribute-alias=2 -Wmissing-profile -Wc11-c2x-compat -MD -MT src/CMakeFiles/hdf5-shared.dir/H5Tref.c.o -MF src/CMakeFiles/hdf5-shared.dir/H5Tref.c.o.d -o src/CMakeFiles/hdf5-shared.dir/H5Tref.c.o -c /home/byrn/HDF_Projects/hdf5/dev/src/H5Tref.c
[694/4114] /usr/bin/cc -DH5_BUILT_AS_DYNAMIC_LIB -D_FILE_OFFSET_BITS=64 -D_GNU_SOURCE -D_LARGEFILE_SOURCE -D_POSIX_C_SOURCE=200809L -Dhdf5_shared_EXPORTS -I/home/byrn/HDF_Projects/hdf5/dev/src -I/home/byrn/HDF_Projects/hdf5/dev/src/H5FDsubfiling -I/home/byrn/HDF_Projects/hdf5/build/ci-StdShar-GNUC/src -I/home/byrn/HDF_Projects/hdf5/build/ci-StdShar-GNUC/_deps/hdf5_zlib-build -I/home/byrn/HDF_Projects/hdf5/build/ci-StdShar-GNUC/_deps/hdf5_zlib-src -I/home/byrn/HDF_Projects/hdf5/build/ci-StdShar-GNUC/_deps/szip-build -I/home/byrn/HDF_Projects/hdf5/build/ci-StdShar-GNUC/_deps/szip-src/include -I/home/byrn/HDF_Projects/hdf5/build/ci-StdShar-GNUC/_deps/szip-src -std=c99  -fstdarg-opt -fdiagnostics-urls=never -fno-diagnostics-color -fmessage-length=0 -O2 -g -DNDEBUG -std=gnu99 -fPIC -Wall -Wcast-qual -Wconversion -Wextra -Wfloat-equal -Wformat=2 -Winit-self -Winvalid-pch -Wmissing-include-dirs -Wshadow -Wundef -Wwrite-strings -pedantic -Wno-c++-compat -Wbad-function-cast -Wcast-align -Wformat -Wimplicit-function-declaration -Wint-to-pointer-cast -Wmissing-declarations -Wmissing-prototypes -Wnested-externs -Wold-style-definition -Wpacked -Wpointer-sign -Wpointer-to-int-cast -Wredundant-decls -Wstrict-prototypes -Wswitch -Wunused-but-set-variable -Wunused-variable -Wunused-function -Wunused-parameter -finline-functions -Wno-aggregate-return -Wno-inline -Wno-missing-format-attribute -Wno-missing-noreturn -Wno-overlength-strings -Wlarger-than=2560 -Wlogical-op -Wframe-larger-than=16384 -Wpacked-bitfield-compat -Wsync-nand -Wno-unsuffixed-float-constants -Wdouble-promotion -Wtrampolines -Wstack-usage=8192 -Wmaybe-uninitialized -Wno-jump-misses-init -Wstrict-overflow=2 -Wno-suggest-attribute=const -Wno-suggest-attribute=noreturn -Wno-suggest-attribute=pure -Wno-suggest-attribute=format -Wdate-time -Warray-bounds=2 -Wc99-c11-compat -Wincompatible-pointer-types -Wint-conversion -Wduplicated-cond -Whsa -Wnormalized -Wnull-dereference -Wunused-const-variable -Walloca -Walloc-zero -Wduplicated-branches -Wformat-overflow=2 -Wformat-truncation=1 -Wrestrict -Wattribute-alias -Wshift-overflow=2 -Wcast-function-type -Wcast-align=strict -Wno-suggest-attribute=cold -Wno-suggest-attribute=malloc -Wattribute-alias=2 -Wmissing-profile -Wc11-c2x-compat -MD -MT src/CMakeFiles/hdf5-shared.dir/H5VLnative.c.o -MF src/CMakeFiles/hdf5-shared.dir/H5VLnative.c.o.d -o src/CMakeFiles/hdf5-shared.dir/H5VLnative.c.o -c /home/byrn/HDF_Projects/hdf5/dev/src/H5VLnative.c
[695/4114] /usr/bin/cc -DH5_BUILT_AS_DYNAMIC_LIB -D_FILE_OFFSET_BITS=64 -D_GNU_SOURCE -D_LARGEFILE_SOURCE -D_POSIX_C_SOURCE=200809L -Dhdf5_shared_EXPORTS -I/home/byrn/HDF_Projects/hdf5/dev/src -I/home/byrn/HDF_Projects/hdf5/dev/src/H5FDsubfiling -I/home/byrn/HDF_Projects/hdf5/build/ci-StdShar-GNUC/src -I/home/byrn/HDF_Projects/hdf5/build/ci-StdShar-GNUC/_deps/hdf5_zlib-build -I/home/byrn/HDF_Projects/hdf5/build/ci-StdShar-GNUC/_deps/hdf5_zlib-src -I/home/byrn/HDF_Projects/hdf5/build/ci-StdShar-GNUC/_deps/szip-build -I/home/byrn/HDF_Projects/hdf5/build/ci-StdShar-GNUC/_deps/szip-src/include -I/home/byrn/HDF_Projects/hdf5/build/ci-StdShar-GNUC/_deps/szip-src -std=c99  -fstdarg-opt -fdiagnostics-urls=never -fno-diagnostics-color -fmessage-length=0 -O2 -g -DNDEBUG -std=gnu99 -fPIC -Wall -Wcast-qual -Wconversion -Wextra -Wfloat-equal -Wformat=2 -Winit-self -Winvalid-pch -Wmissing-include-dirs -Wshadow -Wundef -Wwrite-strings -pedantic -Wno-c++-compat -Wbad-function-cast -Wcast-align -Wformat -Wimplicit-function-declaration -Wint-to-pointer-cast -Wmissing-declarations -Wmissing-prototypes -Wnested-externs -Wold-style-definition -Wpacked -Wpointer-sign -Wpointer-to-int-cast -Wredundant-decls -Wstrict-prototypes -Wswitch -Wunused-but-set-variable -Wunused-variable -Wunused-function -Wunused-parameter -finline-functions -Wno-aggregate-return -Wno-inline -Wno-missing-format-attribute -Wno-missing-noreturn -Wno-overlength-strings -Wlarger-than=2560 -Wlogical-op -Wframe-larger-than=16384 -Wpacked-bitfield-compat -Wsync-nand -Wno-unsuffixed-float-constants -Wdouble-promotion -Wtrampolines -Wstack-usage=8192 -Wmaybe-uninitialized -Wno-jump-misses-init -Wstrict-overflow=2 -Wno-suggest-attribute=const -Wno-suggest-attribute=noreturn -Wno-suggest-attribute=pure -Wno-suggest-attribute=format -Wdate-time -Warray-bounds=2 -Wc99-c11-compat -Wincompatible-pointer-types -Wint-conversion -Wduplicated-cond -Whsa -Wnormalized -Wnull-dereference -Wunused-const-variable -Walloca -Walloc-zero -Wduplicated-branches -Wformat-overflow=2 -Wformat-truncation=1 -Wrestrict -Wattribute-alias -Wshift-overflow=2 -Wcast-function-type -Wcast-align=strict -Wno-suggest-attribute=cold -Wno-suggest-attribute=malloc -Wattribute-alias=2 -Wmissing-profile -Wc11-c2x-compat -MD -MT src/CMakeFiles/hdf5-shared.dir/H5VL.c.o -MF src/CMakeFiles/hdf5-shared.dir/H5VL.c.o.d -o src/CMakeFiles/hdf5-shared.dir/H5VL.c.o -c /home/byrn/HDF_Projects/hdf5/dev/src/H5VL.c
[696/4114] /usr/bin/cc -DH5_BUILT_AS_DYNAMIC_LIB -D_FILE_OFFSET_BITS=64 -D_GNU_SOURCE -D_LARGEFILE_SOURCE -D_POSIX_C_SOURCE=200809L -Dhdf5_shared_EXPORTS -I/home/byrn/HDF_Projects/hdf5/dev/src -I/home/byrn/HDF_Projects/hdf5/dev/src/H5FDsubfiling -I/home/byrn/HDF_Projects/hdf5/build/ci-StdShar-GNUC/src -I/home/byrn/HDF_Projects/hdf5/build/ci-StdShar-GNUC/_deps/hdf5_zlib-build -I/home/byrn/HDF_Projects/hdf5/build/ci-StdShar-GNUC/_deps/hdf5_zlib-src -I/home/byrn/HDF_Projects/hdf5/build/ci-StdShar-GNUC/_deps/szip-build -I/home/byrn/HDF_Projects/hdf5/build/ci-StdShar-GNUC/_deps/szip-src/include -I/home/byrn/HDF_Projects/hdf5/build/ci-StdShar-GNUC/_deps/szip-src -std=c99  -fstdarg-opt -fdiagnostics-urls=never -fno-diagnostics-color -fmessage-length=0 -O2 -g -DNDEBUG -std=gnu99 -fPIC -Wall -Wcast-qual -Wconversion -Wextra -Wfloat-equal -Wformat=2 -Winit-self -Winvalid-pch -Wmissing-include-dirs -Wshadow -Wundef -Wwrite-strings -pedantic -Wno-c++-compat -Wbad-function-cast -Wcast-align -Wformat -Wimplicit-function-declaration -Wint-to-pointer-cast -Wmissing-declarations -Wmissing-prototypes -Wnested-externs -Wold-style-definition -Wpacked -Wpointer-sign -Wpointer-to-int-cast -Wredundant-decls -Wstrict-prototypes -Wswitch -Wunused-but-set-variable -Wunused-variable -Wunused-function -Wunused-parameter -finline-functions -Wno-aggregate-return -Wno-inline -Wno-missing-format-attribute -Wno-missing-noreturn -Wno-overlength-strings -Wlarger-than=2560 -Wlogical-op -Wframe-larger-than=16384 -Wpacked-bitfield-compat -Wsync-nand -Wno-unsuffixed-float-constants -Wdouble-promotion -Wtrampolines -Wstack-usage=8192 -Wmaybe-uninitialized -Wno-jump-misses-init -Wstrict-overflow=2 -Wno-suggest-attribute=const -Wno-suggest-attribute=noreturn -Wno-suggest-attribute=pure -Wno-suggest-attribute=format -Wdate-time -Warray-bounds=2 -Wc99-c11-compat -Wincompatible-pointer-types -Wint-conversion -Wduplicated-cond -Whsa -Wnormalized -Wnull-dereference -Wunused-const-variable -Walloca -Walloc-zero -Wduplicated-branches -Wformat-overflow=2 -Wformat-truncation=1 -Wrestrict -Wattribute-alias -Wshift-overflow=2 -Wcast-function-type -Wcast-align=strict -Wno-suggest-attribute=cold -Wno-suggest-attribute=malloc -Wattribute-alias=2 -Wmissing-profile -Wc11-c2x-compat -MD -MT src/CMakeFiles/hdf5-shared.dir/H5VLnative_blob.c.o -MF src/CMakeFiles/hdf5-shared.dir/H5VLnative_blob.c.o.d -o src/CMakeFiles/hdf5-shared.dir/H5VLnative_blob.c.o -c /home/byrn/HDF_Projects/hdf5/dev/src/H5VLnative_blob.c
[697/4114] /usr/bin/cc -DH5_BUILT_AS_DYNAMIC_LIB -D_FILE_OFFSET_BITS=64 -D_GNU_SOURCE -D_LARGEFILE_SOURCE -D_POSIX_C_SOURCE=200809L -Dhdf5_shared_EXPORTS -I/home/byrn/HDF_Projects/hdf5/dev/src -I/home/byrn/HDF_Projects/hdf5/dev/src/H5FDsubfiling -I/home/byrn/HDF_Projects/hdf5/build/ci-StdShar-GNUC/src -I/home/byrn/HDF_Projects/hdf5/build/ci-StdShar-GNUC/_deps/hdf5_zlib-build -I/home/byrn/HDF_Projects/hdf5/build/ci-StdShar-GNUC/_deps/hdf5_zlib-src -I/home/byrn/HDF_Projects/hdf5/build/ci-StdShar-GNUC/_deps/szip-build -I/home/byrn/HDF_Projects/hdf5/build/ci-StdShar-GNUC/_deps/szip-src/include -I/home/byrn/HDF_Projects/hdf5/build/ci-StdShar-GNUC/_deps/szip-src -std=c99  -fstdarg-opt -fdiagnostics-urls=never -fno-diagnostics-color -fmessage-length=0 -O2 -g -DNDEBUG -std=gnu99 -fPIC -Wall -Wcast-qual -Wconversion -Wextra -Wfloat-equal -Wformat=2 -Winit-self -Winvalid-pch -Wmissing-include-dirs -Wshadow -Wundef -Wwrite-strings -pedantic -Wno-c++-compat -Wbad-function-cast -Wcast-align -Wformat -Wimplicit-function-declaration -Wint-to-pointer-cast -Wmissing-declarations -Wmissing-prototypes -Wnested-externs -Wold-style-definition -Wpacked -Wpointer-sign -Wpointer-to-int-cast -Wredundant-decls -Wstrict-prototypes -Wswitch -Wunused-but-set-variable -Wunused-variable -Wunused-function -Wunused-parameter -finline-functions -Wno-aggregate-return -Wno-inline -Wno-missing-format-attribute -Wno-missing-noreturn -Wno-overlength-strings -Wlarger-than=2560 -Wlogical-op -Wframe-larger-than=16384 -Wpacked-bitfield-compat -Wsync-nand -Wno-unsuffixed-float-constants -Wdouble-promotion -Wtrampolines -Wstack-usage=8192 -Wmaybe-uninitialized -Wno-jump-misses-init -Wstrict-overflow=2 -Wno-suggest-attribute=const -Wno-suggest-attribute=noreturn -Wno-suggest-attribute=pure -Wno-suggest-attribute=format -Wdate-time -Warray-bounds=2 -Wc99-c11-compat -Wincompatible-pointer-types -Wint-conversion -Wduplicated-cond -Whsa -Wnormalized -Wnull-dereference -Wunused-const-variable -Walloca -Walloc-zero -Wduplicated-branches -Wformat-overflow=2 -Wformat-truncation=1 -Wrestrict -Wattribute-alias -Wshift-overflow=2 -Wcast-function-type -Wcast-align=strict -Wno-suggest-attribute=cold -Wno-suggest-attribute=malloc -Wattribute-alias=2 -Wmissing-profile -Wc11-c2x-compat -MD -MT src/CMakeFiles/hdf5-shared.dir/H5VLnative_attr.c.o -MF src/CMakeFiles/hdf5-shared.dir/H5VLnative_attr.c.o.d -o src/CMakeFiles/hdf5-shared.dir/H5VLnative_attr.c.o -c /home/byrn/HDF_Projects/hdf5/dev/src/H5VLnative_attr.c
[698/4114] /usr/bin/cc -DH5_BUILT_AS_DYNAMIC_LIB -D_FILE_OFFSET_BITS=64 -D_GNU_SOURCE -D_LARGEFILE_SOURCE -D_POSIX_C_SOURCE=200809L -Dhdf5_shared_EXPORTS -I/home/byrn/HDF_Projects/hdf5/dev/src -I/home/byrn/HDF_Projects/hdf5/dev/src/H5FDsubfiling -I/home/byrn/HDF_Projects/hdf5/build/ci-StdShar-GNUC/src -I/home/byrn/HDF_Projects/hdf5/build/ci-StdShar-GNUC/_deps/hdf5_zlib-build -I/home/byrn/HDF_Projects/hdf5/build/ci-StdShar-GNUC/_deps/hdf5_zlib-src -I/home/byrn/HDF_Projects/hdf5/build/ci-StdShar-GNUC/_deps/szip-build -I/home/byrn/HDF_Projects/hdf5/build/ci-StdShar-GNUC/_deps/szip-src/include -I/home/byrn/HDF_Projects/hdf5/build/ci-StdShar-GNUC/_deps/szip-src -std=c99  -fstdarg-opt -fdiagnostics-urls=never -fno-diagnostics-color -fmessage-length=0 -O2 -g -DNDEBUG -std=gnu99 -fPIC -Wall -Wcast-qual -Wconversion -Wextra -Wfloat-equal -Wformat=2 -Winit-self -Winvalid-pch -Wmissing-include-dirs -Wshadow -Wundef -Wwrite-strings -pedantic -Wno-c++-compat -Wbad-function-cast -Wcast-align -Wformat -Wimplicit-function-declaration -Wint-to-pointer-cast -Wmissing-declarations -Wmissing-prototypes -Wnested-externs -Wold-style-definition -Wpacked -Wpointer-sign -Wpointer-to-int-cast -Wredundant-decls -Wstrict-prototypes -Wswitch -Wunused-but-set-variable -Wunused-variable -Wunused-function -Wunused-parameter -finline-functions -Wno-aggregate-return -Wno-inline -Wno-missing-format-attribute -Wno-missing-noreturn -Wno-overlength-strings -Wlarger-than=2560 -Wlogical-op -Wframe-larger-than=16384 -Wpacked-bitfield-compat -Wsync-nand -Wno-unsuffixed-float-constants -Wdouble-promotion -Wtrampolines -Wstack-usage=8192 -Wmaybe-uninitialized -Wno-jump-misses-init -Wstrict-overflow=2 -Wno-suggest-attribute=const -Wno-suggest-attribute=noreturn -Wno-suggest-attribute=pure -Wno-suggest-attribute=format -Wdate-time -Warray-bounds=2 -Wc99-c11-compat -Wincompatible-pointer-types -Wint-conversion -Wduplicated-cond -Whsa -Wnormalized -Wnull-dereference -Wunused-const-variable -Walloca -Walloc-zero -Wduplicated-branches -Wformat-overflow=2 -Wformat-truncation=1 -Wrestrict -Wattribute-alias -Wshift-overflow=2 -Wcast-function-type -Wcast-align=strict -Wno-suggest-attribute=cold -Wno-suggest-attribute=malloc -Wattribute-alias=2 -Wmissing-profile -Wc11-c2x-compat -MD -MT src/CMakeFiles/hdf5-shared.dir/H5VLnative_datatype.c.o -MF src/CMakeFiles/hdf5-shared.dir/H5VLnative_datatype.c.o.d -o src/CMakeFiles/hdf5-shared.dir/H5VLnative_datatype.c.o -c /home/byrn/HDF_Projects/hdf5/dev/src/H5VLnative_datatype.c
[699/4114] /usr/bin/cc -DH5_BUILT_AS_DYNAMIC_LIB -D_FILE_OFFSET_BITS=64 -D_GNU_SOURCE -D_LARGEFILE_SOURCE -D_POSIX_C_SOURCE=200809L -Dhdf5_shared_EXPORTS -I/home/byrn/HDF_Projects/hdf5/dev/src -I/home/byrn/HDF_Projects/hdf5/dev/src/H5FDsubfiling -I/home/byrn/HDF_Projects/hdf5/build/ci-StdShar-GNUC/src -I/home/byrn/HDF_Projects/hdf5/build/ci-StdShar-GNUC/_deps/hdf5_zlib-build -I/home/byrn/HDF_Projects/hdf5/build/ci-StdShar-GNUC/_deps/hdf5_zlib-src -I/home/byrn/HDF_Projects/hdf5/build/ci-StdShar-GNUC/_deps/szip-build -I/home/byrn/HDF_Projects/hdf5/build/ci-StdShar-GNUC/_deps/szip-src/include -I/home/byrn/HDF_Projects/hdf5/build/ci-StdShar-GNUC/_deps/szip-src -std=c99  -fstdarg-opt -fdiagnostics-urls=never -fno-diagnostics-color -fmessage-length=0 -O2 -g -DNDEBUG -std=gnu99 -fPIC -Wall -Wcast-qual -Wconversion -Wextra -Wfloat-equal -Wformat=2 -Winit-self -Winvalid-pch -Wmissing-include-dirs -Wshadow -Wundef -Wwrite-strings -pedantic -Wno-c++-compat -Wbad-function-cast -Wcast-align -Wformat -Wimplicit-function-declaration -Wint-to-pointer-cast -Wmissing-declarations -Wmissing-prototypes -Wnested-externs -Wold-style-definition -Wpacked -Wpointer-sign -Wpointer-to-int-cast -Wredundant-decls -Wstrict-prototypes -Wswitch -Wunused-but-set-variable -Wunused-variable -Wunused-function -Wunused-parameter -finline-functions -Wno-aggregate-return -Wno-inline -Wno-missing-format-attribute -Wno-missing-noreturn -Wno-overlength-strings -Wlarger-than=2560 -Wlogical-op -Wframe-larger-than=16384 -Wpacked-bitfield-compat -Wsync-nand -Wno-unsuffixed-float-constants -Wdouble-promotion -Wtrampolines -Wstack-usage=8192 -Wmaybe-uninitialized -Wno-jump-misses-init -Wstrict-overflow=2 -Wno-suggest-attribute=const -Wno-suggest-attribute=noreturn -Wno-suggest-attribute=pure -Wno-suggest-attribute=format -Wdate-time -Warray-bounds=2 -Wc99-c11-compat -Wincompatible-pointer-types -Wint-conversion -Wduplicated-cond -Whsa -Wnormalized -Wnull-dereference -Wunused-const-variable -Walloca -Walloc-zero -Wduplicated-branches -Wformat-overflow=2 -Wformat-truncation=1 -Wrestrict -Wattribute-alias -Wshift-overflow=2 -Wcast-function-type -Wcast-align=strict -Wno-suggest-attribute=cold -Wno-suggest-attribute=malloc -Wattribute-alias=2 -Wmissing-profile -Wc11-c2x-compat -MD -MT src/CMakeFiles/hdf5-shared.dir/H5VLnative_dataset.c.o -MF src/CMakeFiles/hdf5-shared.dir/H5VLnative_dataset.c.o.d -o src/CMakeFiles/hdf5-shared.dir/H5VLnative_dataset.c.o -c /home/byrn/HDF_Projects/hdf5/dev/src/H5VLnative_dataset.c
[700/4114] /usr/bin/cc -DH5_BUILT_AS_DYNAMIC_LIB -D_FILE_OFFSET_BITS=64 -D_GNU_SOURCE -D_LARGEFILE_SOURCE -D_POSIX_C_SOURCE=200809L -Dhdf5_shared_EXPORTS -I/home/byrn/HDF_Projects/hdf5/dev/src -I/home/byrn/HDF_Projects/hdf5/dev/src/H5FDsubfiling -I/home/byrn/HDF_Projects/hdf5/build/ci-StdShar-GNUC/src -I/home/byrn/HDF_Projects/hdf5/build/ci-StdShar-GNUC/_deps/hdf5_zlib-build -I/home/byrn/HDF_Projects/hdf5/build/ci-StdShar-GNUC/_deps/hdf5_zlib-src -I/home/byrn/HDF_Projects/hdf5/build/ci-StdShar-GNUC/_deps/szip-build -I/home/byrn/HDF_Projects/hdf5/build/ci-StdShar-GNUC/_deps/szip-src/include -I/home/byrn/HDF_Projects/hdf5/build/ci-StdShar-GNUC/_deps/szip-src -std=c99  -fstdarg-opt -fdiagnostics-urls=never -fno-diagnostics-color -fmessage-length=0 -O2 -g -DNDEBUG -std=gnu99 -fPIC -Wall -Wcast-qual -Wconversion -Wextra -Wfloat-equal -Wformat=2 -Winit-self -Winvalid-pch -Wmissing-include-dirs -Wshadow -Wundef -Wwrite-strings -pedantic -Wno-c++-compat -Wbad-function-cast -Wcast-align -Wformat -Wimplicit-function-declaration -Wint-to-pointer-cast -Wmissing-declarations -Wmissing-prototypes -Wnested-externs -Wold-style-definition -Wpacked -Wpointer-sign -Wpointer-to-int-cast -Wredundant-decls -Wstrict-prototypes -Wswitch -Wunused-but-set-variable -Wunused-variable -Wunused-function -Wunused-parameter -finline-functions -Wno-aggregate-return -Wno-inline -Wno-missing-format-attribute -Wno-missing-noreturn -Wno-overlength-strings -Wlarger-than=2560 -Wlogical-op -Wframe-larger-than=16384 -Wpacked-bitfield-compat -Wsync-nand -Wno-unsuffixed-float-constants -Wdouble-promotion -Wtrampolines -Wstack-usage=8192 -Wmaybe-uninitialized -Wno-jump-misses-init -Wstrict-overflow=2 -Wno-suggest-attribute=const -Wno-suggest-attribute=noreturn -Wno-suggest-attribute=pure -Wno-suggest-attribute=format -Wdate-time -Warray-bounds=2 -Wc99-c11-compat -Wincompatible-pointer-types -Wint-conversion -Wduplicated-cond -Whsa -Wnormalized -Wnull-dereference -Wunused-const-variable -Walloca -Walloc-zero -Wduplicated-branches -Wformat-overflow=2 -Wformat-truncation=1 -Wrestrict -Wattribute-alias -Wshift-overflow=2 -Wcast-function-type -Wcast-align=strict -Wno-suggest-attribute=cold -Wno-suggest-attribute=malloc -Wattribute-alias=2 -Wmissing-profile -Wc11-c2x-compat -MD -MT src/CMakeFiles/hdf5-shared.dir/H5VLnative_group.c.o -MF src/CMakeFiles/hdf5-shared.dir/H5VLnative_group.c.o.d -o src/CMakeFiles/hdf5-shared.dir/H5VLnative_group.c.o -c /home/byrn/HDF_Projects/hdf5/dev/src/H5VLnative_group.c
[701/4114] /usr/bin/cc -DH5_BUILT_AS_DYNAMIC_LIB -D_FILE_OFFSET_BITS=64 -D_GNU_SOURCE -D_LARGEFILE_SOURCE -D_POSIX_C_SOURCE=200809L -Dhdf5_shared_EXPORTS -I/home/byrn/HDF_Projects/hdf5/dev/src -I/home/byrn/HDF_Projects/hdf5/dev/src/H5FDsubfiling -I/home/byrn/HDF_Projects/hdf5/build/ci-StdShar-GNUC/src -I/home/byrn/HDF_Projects/hdf5/build/ci-StdShar-GNUC/_deps/hdf5_zlib-build -I/home/byrn/HDF_Projects/hdf5/build/ci-StdShar-GNUC/_deps/hdf5_zlib-src -I/home/byrn/HDF_Projects/hdf5/build/ci-StdShar-GNUC/_deps/szip-build -I/home/byrn/HDF_Projects/hdf5/build/ci-StdShar-GNUC/_deps/szip-src/include -I/home/byrn/HDF_Projects/hdf5/build/ci-StdShar-GNUC/_deps/szip-src -std=c99  -fstdarg-opt -fdiagnostics-urls=never -fno-diagnostics-color -fmessage-length=0 -O2 -g -DNDEBUG -std=gnu99 -fPIC -Wall -Wcast-qual -Wconversion -Wextra -Wfloat-equal -Wformat=2 -Winit-self -Winvalid-pch -Wmissing-include-dirs -Wshadow -Wundef -Wwrite-strings -pedantic -Wno-c++-compat -Wbad-function-cast -Wcast-align -Wformat -Wimplicit-function-declaration -Wint-to-pointer-cast -Wmissing-declarations -Wmissing-prototypes -Wnested-externs -Wold-style-definition -Wpacked -Wpointer-sign -Wpointer-to-int-cast -Wredundant-decls -Wstrict-prototypes -Wswitch -Wunused-but-set-variable -Wunused-variable -Wunused-function -Wunused-parameter -finline-functions -Wno-aggregate-return -Wno-inline -Wno-missing-format-attribute -Wno-missing-noreturn -Wno-overlength-strings -Wlarger-than=2560 -Wlogical-op -Wframe-larger-than=16384 -Wpacked-bitfield-compat -Wsync-nand -Wno-unsuffixed-float-constants -Wdouble-promotion -Wtrampolines -Wstack-usage=8192 -Wmaybe-uninitialized -Wno-jump-misses-init -Wstrict-overflow=2 -Wno-suggest-attribute=const -Wno-suggest-attribute=noreturn -Wno-suggest-attribute=pure -Wno-suggest-attribute=format -Wdate-time -Warray-bounds=2 -Wc99-c11-compat -Wincompatible-pointer-types -Wint-conversion -Wduplicated-cond -Whsa -Wnormalized -Wnull-dereference -Wunused-const-variable -Walloca -Walloc-zero -Wduplicated-branches -Wformat-overflow=2 -Wformat-truncation=1 -Wrestrict -Wattribute-alias -Wshift-overflow=2 -Wcast-function-type -Wcast-align=strict -Wno-suggest-attribute=cold -Wno-suggest-attribute=malloc -Wattribute-alias=2 -Wmissing-profile -Wc11-c2x-compat -MD -MT src/CMakeFiles/hdf5-shared.dir/H5VLnative_file.c.o -MF src/CMakeFiles/hdf5-shared.dir/H5VLnative_file.c.o.d -o src/CMakeFiles/hdf5-shared.dir/H5VLnative_file.c.o -c /home/byrn/HDF_Projects/hdf5/dev/src/H5VLnative_file.c
[702/4114] /usr/bin/cc -DH5_BUILT_AS_DYNAMIC_LIB -D_FILE_OFFSET_BITS=64 -D_GNU_SOURCE -D_LARGEFILE_SOURCE -D_POSIX_C_SOURCE=200809L -Dhdf5_shared_EXPORTS -I/home/byrn/HDF_Projects/hdf5/dev/src -I/home/byrn/HDF_Projects/hdf5/dev/src/H5FDsubfiling -I/home/byrn/HDF_Projects/hdf5/build/ci-StdShar-GNUC/src -I/home/byrn/HDF_Projects/hdf5/build/ci-StdShar-GNUC/_deps/hdf5_zlib-build -I/home/byrn/HDF_Projects/hdf5/build/ci-StdShar-GNUC/_deps/hdf5_zlib-src -I/home/byrn/HDF_Projects/hdf5/build/ci-StdShar-GNUC/_deps/szip-build -I/home/byrn/HDF_Projects/hdf5/build/ci-StdShar-GNUC/_deps/szip-src/include -I/home/byrn/HDF_Projects/hdf5/build/ci-StdShar-GNUC/_deps/szip-src -std=c99  -fstdarg-opt -fdiagnostics-urls=never -fno-diagnostics-color -fmessage-length=0 -O2 -g -DNDEBUG -std=gnu99 -fPIC -Wall -Wcast-qual -Wconversion -Wextra -Wfloat-equal -Wformat=2 -Winit-self -Winvalid-pch -Wmissing-include-dirs -Wshadow -Wundef -Wwrite-strings -pedantic -Wno-c++-compat -Wbad-function-cast -Wcast-align -Wformat -Wimplicit-function-declaration -Wint-to-pointer-cast -Wmissing-declarations -Wmissing-prototypes -Wnested-externs -Wold-style-definition -Wpacked -Wpointer-sign -Wpointer-to-int-cast -Wredundant-decls -Wstrict-prototypes -Wswitch -Wunused-but-set-variable -Wunused-variable -Wunused-function -Wunused-parameter -finline-functions -Wno-aggregate-return -Wno-inline -Wno-missing-format-attribute -Wno-missing-noreturn -Wno-overlength-strings -Wlarger-than=2560 -Wlogical-op -Wframe-larger-than=16384 -Wpacked-bitfield-compat -Wsync-nand -Wno-unsuffixed-float-constants -Wdouble-promotion -Wtrampolines -Wstack-usage=8192 -Wmaybe-uninitialized -Wno-jump-misses-init -Wstrict-overflow=2 -Wno-suggest-attribute=const -Wno-suggest-attribute=noreturn -Wno-suggest-attribute=pure -Wno-suggest-attribute=format -Wdate-time -Warray-bounds=2 -Wc99-c11-compat -Wincompatible-pointer-types -Wint-conversion -Wduplicated-cond -Whsa -Wnormalized -Wnull-dereference -Wunused-const-variable -Walloca -Walloc-zero -Wduplicated-branches -Wformat-overflow=2 -Wformat-truncation=1 -Wrestrict -Wattribute-alias -Wshift-overflow=2 -Wcast-function-type -Wcast-align=strict -Wno-suggest-attribute=cold -Wno-suggest-attribute=malloc -Wattribute-alias=2 -Wmissing-profile -Wc11-c2x-compat -MD -MT src/CMakeFiles/hdf5-shared.dir/H5VLnative_introspect.c.o -MF src/CMakeFiles/hdf5-shared.dir/H5VLnative_introspect.c.o.d -o src/CMakeFiles/hdf5-shared.dir/H5VLnative_introspect.c.o -c /home/byrn/HDF_Projects/hdf5/dev/src/H5VLnative_introspect.c
[703/4114] /usr/bin/cc -DH5_BUILT_AS_DYNAMIC_LIB -D_FILE_OFFSET_BITS=64 -D_GNU_SOURCE -D_LARGEFILE_SOURCE -D_POSIX_C_SOURCE=200809L -Dhdf5_shared_EXPORTS -I/home/byrn/HDF_Projects/hdf5/dev/src -I/home/byrn/HDF_Projects/hdf5/dev/src/H5FDsubfiling -I/home/byrn/HDF_Projects/hdf5/build/ci-StdShar-GNUC/src -I/home/byrn/HDF_Projects/hdf5/build/ci-StdShar-GNUC/_deps/hdf5_zlib-build -I/home/byrn/HDF_Projects/hdf5/build/ci-StdShar-GNUC/_deps/hdf5_zlib-src -I/home/byrn/HDF_Projects/hdf5/build/ci-StdShar-GNUC/_deps/szip-build -I/home/byrn/HDF_Projects/hdf5/build/ci-StdShar-GNUC/_deps/szip-src/include -I/home/byrn/HDF_Projects/hdf5/build/ci-StdShar-GNUC/_deps/szip-src -std=c99  -fstdarg-opt -fdiagnostics-urls=never -fno-diagnostics-color -fmessage-length=0 -O2 -g -DNDEBUG -std=gnu99 -fPIC -Wall -Wcast-qual -Wconversion -Wextra -Wfloat-equal -Wformat=2 -Winit-self -Winvalid-pch -Wmissing-include-dirs -Wshadow -Wundef -Wwrite-strings -pedantic -Wno-c++-compat -Wbad-function-cast -Wcast-align -Wformat -Wimplicit-function-declaration -Wint-to-pointer-cast -Wmissing-declarations -Wmissing-prototypes -Wnested-externs -Wold-style-definition -Wpacked -Wpointer-sign -Wpointer-to-int-cast -Wredundant-decls -Wstrict-prototypes -Wswitch -Wunused-but-set-variable -Wunused-variable -Wunused-function -Wunused-parameter -finline-functions -Wno-aggregate-return -Wno-inline -Wno-missing-format-attribute -Wno-missing-noreturn -Wno-overlength-strings -Wlarger-than=2560 -Wlogical-op -Wframe-larger-than=16384 -Wpacked-bitfield-compat -Wsync-nand -Wno-unsuffixed-float-constants -Wdouble-promotion -Wtrampolines -Wstack-usage=8192 -Wmaybe-uninitialized -Wno-jump-misses-init -Wstrict-overflow=2 -Wno-suggest-attribute=const -Wno-suggest-attribute=noreturn -Wno-suggest-attribute=pure -Wno-suggest-attribute=format -Wdate-time -Warray-bounds=2 -Wc99-c11-compat -Wincompatible-pointer-types -Wint-conversion -Wduplicated-cond -Whsa -Wnormalized -Wnull-dereference -Wunused-const-variable -Walloca -Walloc-zero -Wduplicated-branches -Wformat-overflow=2 -Wformat-truncation=1 -Wrestrict -Wattribute-alias -Wshift-overflow=2 -Wcast-function-type -Wcast-align=strict -Wno-suggest-attribute=cold -Wno-suggest-attribute=malloc -Wattribute-alias=2 -Wmissing-profile -Wc11-c2x-compat -MD -MT src/CMakeFiles/hdf5-shared.dir/H5VLnative_link.c.o -MF src/CMakeFiles/hdf5-shared.dir/H5VLnative_link.c.o.d -o src/CMakeFiles/hdf5-shared.dir/H5VLnative_link.c.o -c /home/byrn/HDF_Projects/hdf5/dev/src/H5VLnative_link.c
[704/4114] /usr/bin/cc -DH5_BUILT_AS_DYNAMIC_LIB -D_FILE_OFFSET_BITS=64 -D_GNU_SOURCE -D_LARGEFILE_SOURCE -D_POSIX_C_SOURCE=200809L -Dhdf5_shared_EXPORTS -I/home/byrn/HDF_Projects/hdf5/dev/src -I/home/byrn/HDF_Projects/hdf5/dev/src/H5FDsubfiling -I/home/byrn/HDF_Projects/hdf5/build/ci-StdShar-GNUC/src -I/home/byrn/HDF_Projects/hdf5/build/ci-StdShar-GNUC/_deps/hdf5_zlib-build -I/home/byrn/HDF_Projects/hdf5/build/ci-StdShar-GNUC/_deps/hdf5_zlib-src -I/home/byrn/HDF_Projects/hdf5/build/ci-StdShar-GNUC/_deps/szip-build -I/home/byrn/HDF_Projects/hdf5/build/ci-StdShar-GNUC/_deps/szip-src/include -I/home/byrn/HDF_Projects/hdf5/build/ci-StdShar-GNUC/_deps/szip-src -std=c99  -fstdarg-opt -fdiagnostics-urls=never -fno-diagnostics-color -fmessage-length=0 -O2 -g -DNDEBUG -std=gnu99 -fPIC -Wall -Wcast-qual -Wconversion -Wextra -Wfloat-equal -Wformat=2 -Winit-self -Winvalid-pch -Wmissing-include-dirs -Wshadow -Wundef -Wwrite-strings -pedantic -Wno-c++-compat -Wbad-function-cast -Wcast-align -Wformat -Wimplicit-function-declaration -Wint-to-pointer-cast -Wmissing-declarations -Wmissing-prototypes -Wnested-externs -Wold-style-definition -Wpacked -Wpointer-sign -Wpointer-to-int-cast -Wredundant-decls -Wstrict-prototypes -Wswitch -Wunused-but-set-variable -Wunused-variable -Wunused-function -Wunused-parameter -finline-functions -Wno-aggregate-return -Wno-inline -Wno-missing-format-attribute -Wno-missing-noreturn -Wno-overlength-strings -Wlarger-than=2560 -Wlogical-op -Wframe-larger-than=16384 -Wpacked-bitfield-compat -Wsync-nand -Wno-unsuffixed-float-constants -Wdouble-promotion -Wtrampolines -Wstack-usage=8192 -Wmaybe-uninitialized -Wno-jump-misses-init -Wstrict-overflow=2 -Wno-suggest-attribute=const -Wno-suggest-attribute=noreturn -Wno-suggest-attribute=pure -Wno-suggest-attribute=format -Wdate-time -Warray-bounds=2 -Wc99-c11-compat -Wincompatible-pointer-types -Wint-conversion -Wduplicated-cond -Whsa -Wnormalized -Wnull-dereference -Wunused-const-variable -Walloca -Walloc-zero -Wduplicated-branches -Wformat-overflow=2 -Wformat-truncation=1 -Wrestrict -Wattribute-alias -Wshift-overflow=2 -Wcast-function-type -Wcast-align=strict -Wno-suggest-attribute=cold -Wno-suggest-attribute=malloc -Wattribute-alias=2 -Wmissing-profile -Wc11-c2x-compat -MD -MT src/CMakeFiles/hdf5-shared.dir/H5VLnative_token.c.o -MF src/CMakeFiles/hdf5-shared.dir/H5VLnative_token.c.o.d -o src/CMakeFiles/hdf5-shared.dir/H5VLnative_token.c.o -c /home/byrn/HDF_Projects/hdf5/dev/src/H5VLnative_token.c
[705/4114] /usr/bin/cc -DH5_BUILT_AS_DYNAMIC_LIB -D_FILE_OFFSET_BITS=64 -D_GNU_SOURCE -D_LARGEFILE_SOURCE -D_POSIX_C_SOURCE=200809L -Dhdf5_shared_EXPORTS -I/home/byrn/HDF_Projects/hdf5/dev/src -I/home/byrn/HDF_Projects/hdf5/dev/src/H5FDsubfiling -I/home/byrn/HDF_Projects/hdf5/build/ci-StdShar-GNUC/src -I/home/byrn/HDF_Projects/hdf5/build/ci-StdShar-GNUC/_deps/hdf5_zlib-build -I/home/byrn/HDF_Projects/hdf5/build/ci-StdShar-GNUC/_deps/hdf5_zlib-src -I/home/byrn/HDF_Projects/hdf5/build/ci-StdShar-GNUC/_deps/szip-build -I/home/byrn/HDF_Projects/hdf5/build/ci-StdShar-GNUC/_deps/szip-src/include -I/home/byrn/HDF_Projects/hdf5/build/ci-StdShar-GNUC/_deps/szip-src -std=c99  -fstdarg-opt -fdiagnostics-urls=never -fno-diagnostics-color -fmessage-length=0 -O2 -g -DNDEBUG -std=gnu99 -fPIC -Wall -Wcast-qual -Wconversion -Wextra -Wfloat-equal -Wformat=2 -Winit-self -Winvalid-pch -Wmissing-include-dirs -Wshadow -Wundef -Wwrite-strings -pedantic -Wno-c++-compat -Wbad-function-cast -Wcast-align -Wformat -Wimplicit-function-declaration -Wint-to-pointer-cast -Wmissing-declarations -Wmissing-prototypes -Wnested-externs -Wold-style-definition -Wpacked -Wpointer-sign -Wpointer-to-int-cast -Wredundant-decls -Wstrict-prototypes -Wswitch -Wunused-but-set-variable -Wunused-variable -Wunused-function -Wunused-parameter -finline-functions -Wno-aggregate-return -Wno-inline -Wno-missing-format-attribute -Wno-missing-noreturn -Wno-overlength-strings -Wlarger-than=2560 -Wlogical-op -Wframe-larger-than=16384 -Wpacked-bitfield-compat -Wsync-nand -Wno-unsuffixed-float-constants -Wdouble-promotion -Wtrampolines -Wstack-usage=8192 -Wmaybe-uninitialized -Wno-jump-misses-init -Wstrict-overflow=2 -Wno-suggest-attribute=const -Wno-suggest-attribute=noreturn -Wno-suggest-attribute=pure -Wno-suggest-attribute=format -Wdate-time -Warray-bounds=2 -Wc99-c11-compat -Wincompatible-pointer-types -Wint-conversion -Wduplicated-cond -Whsa -Wnormalized -Wnull-dereference -Wunused-const-variable -Walloca -Walloc-zero -Wduplicated-branches -Wformat-overflow=2 -Wformat-truncation=1 -Wrestrict -Wattribute-alias -Wshift-overflow=2 -Wcast-function-type -Wcast-align=strict -Wno-suggest-attribute=cold -Wno-suggest-attribute=malloc -Wattribute-alias=2 -Wmissing-profile -Wc11-c2x-compat -MD -MT src/CMakeFiles/hdf5-shared.dir/H5VLint.c.o -MF src/CMakeFiles/hdf5-shared.dir/H5VLint.c.o.d -o src/CMakeFiles/hdf5-shared.dir/H5VLint.c.o -c /home/byrn/HDF_Projects/hdf5/dev/src/H5VLint.c
[706/4114] /usr/bin/cc -DH5_BUILT_AS_DYNAMIC_LIB -D_FILE_OFFSET_BITS=64 -D_GNU_SOURCE -D_LARGEFILE_SOURCE -D_POSIX_C_SOURCE=200809L -Dhdf5_shared_EXPORTS -I/home/byrn/HDF_Projects/hdf5/dev/src -I/home/byrn/HDF_Projects/hdf5/dev/src/H5FDsubfiling -I/home/byrn/HDF_Projects/hdf5/build/ci-StdShar-GNUC/src -I/home/byrn/HDF_Projects/hdf5/build/ci-StdShar-GNUC/_deps/hdf5_zlib-build -I/home/byrn/HDF_Projects/hdf5/build/ci-StdShar-GNUC/_deps/hdf5_zlib-src -I/home/byrn/HDF_Projects/hdf5/build/ci-StdShar-GNUC/_deps/szip-build -I/home/byrn/HDF_Projects/hdf5/build/ci-StdShar-GNUC/_deps/szip-src/include -I/home/byrn/HDF_Projects/hdf5/build/ci-StdShar-GNUC/_deps/szip-src -std=c99  -fstdarg-opt -fdiagnostics-urls=never -fno-diagnostics-color -fmessage-length=0 -O2 -g -DNDEBUG -std=gnu99 -fPIC -Wall -Wcast-qual -Wconversion -Wextra -Wfloat-equal -Wformat=2 -Winit-self -Winvalid-pch -Wmissing-include-dirs -Wshadow -Wundef -Wwrite-strings -pedantic -Wno-c++-compat -Wbad-function-cast -Wcast-align -Wformat -Wimplicit-function-declaration -Wint-to-pointer-cast -Wmissing-declarations -Wmissing-prototypes -Wnested-externs -Wold-style-definition -Wpacked -Wpointer-sign -Wpointer-to-int-cast -Wredundant-decls -Wstrict-prototypes -Wswitch -Wunused-but-set-variable -Wunused-variable -Wunused-function -Wunused-parameter -finline-functions -Wno-aggregate-return -Wno-inline -Wno-missing-format-attribute -Wno-missing-noreturn -Wno-overlength-strings -Wlarger-than=2560 -Wlogical-op -Wframe-larger-than=16384 -Wpacked-bitfield-compat -Wsync-nand -Wno-unsuffixed-float-constants -Wdouble-promotion -Wtrampolines -Wstack-usage=8192 -Wmaybe-uninitialized -Wno-jump-misses-init -Wstrict-overflow=2 -Wno-suggest-attribute=const -Wno-suggest-attribute=noreturn -Wno-suggest-attribute=pure -Wno-suggest-attribute=format -Wdate-time -Warray-bounds=2 -Wc99-c11-compat -Wincompatible-pointer-types -Wint-conversion -Wduplicated-cond -Whsa -Wnormalized -Wnull-dereference -Wunused-const-variable -Walloca -Walloc-zero -Wduplicated-branches -Wformat-overflow=2 -Wformat-truncation=1 -Wrestrict -Wattribute-alias -Wshift-overflow=2 -Wcast-function-type -Wcast-align=strict -Wno-suggest-attribute=cold -Wno-suggest-attribute=malloc -Wattribute-alias=2 -Wmissing-profile -Wc11-c2x-compat -MD -MT src/CMakeFiles/hdf5-shared.dir/H5VLnative_object.c.o -MF src/CMakeFiles/hdf5-shared.dir/H5VLnative_object.c.o.d -o src/CMakeFiles/hdf5-shared.dir/H5VLnative_object.c.o -c /home/byrn/HDF_Projects/hdf5/dev/src/H5VLnative_object.c
[707/4114] /usr/bin/cc -DH5_BUILT_AS_DYNAMIC_LIB -D_FILE_OFFSET_BITS=64 -D_GNU_SOURCE -D_LARGEFILE_SOURCE -D_POSIX_C_SOURCE=200809L -Dhdf5_shared_EXPORTS -I/home/byrn/HDF_Projects/hdf5/dev/src -I/home/byrn/HDF_Projects/hdf5/dev/src/H5FDsubfiling -I/home/byrn/HDF_Projects/hdf5/build/ci-StdShar-GNUC/src -I/home/byrn/HDF_Projects/hdf5/build/ci-StdShar-GNUC/_deps/hdf5_zlib-build -I/home/byrn/HDF_Projects/hdf5/build/ci-StdShar-GNUC/_deps/hdf5_zlib-src -I/home/byrn/HDF_Projects/hdf5/build/ci-StdShar-GNUC/_deps/szip-build -I/home/byrn/HDF_Projects/hdf5/build/ci-StdShar-GNUC/_deps/szip-src/include -I/home/byrn/HDF_Projects/hdf5/build/ci-StdShar-GNUC/_deps/szip-src -std=c99  -fstdarg-opt -fdiagnostics-urls=never -fno-diagnostics-color -fmessage-length=0 -O2 -g -DNDEBUG -std=gnu99 -fPIC -Wall -Wcast-qual -Wconversion -Wextra -Wfloat-equal -Wformat=2 -Winit-self -Winvalid-pch -Wmissing-include-dirs -Wshadow -Wundef -Wwrite-strings -pedantic -Wno-c++-compat -Wbad-function-cast -Wcast-align -Wformat -Wimplicit-function-declaration -Wint-to-pointer-cast -Wmissing-declarations -Wmissing-prototypes -Wnested-externs -Wold-style-definition -Wpacked -Wpointer-sign -Wpointer-to-int-cast -Wredundant-decls -Wstrict-prototypes -Wswitch -Wunused-but-set-variable -Wunused-variable -Wunused-function -Wunused-parameter -finline-functions -Wno-aggregate-return -Wno-inline -Wno-missing-format-attribute -Wno-missing-noreturn -Wno-overlength-strings -Wlarger-than=2560 -Wlogical-op -Wframe-larger-than=16384 -Wpacked-bitfield-compat -Wsync-nand -Wno-unsuffixed-float-constants -Wdouble-promotion -Wtrampolines -Wstack-usage=8192 -Wmaybe-uninitialized -Wno-jump-misses-init -Wstrict-overflow=2 -Wno-suggest-attribute=const -Wno-suggest-attribute=noreturn -Wno-suggest-attribute=pure -Wno-suggest-attribute=format -Wdate-time -Warray-bounds=2 -Wc99-c11-compat -Wincompatible-pointer-types -Wint-conversion -Wduplicated-cond -Whsa -Wnormalized -Wnull-dereference -Wunused-const-variable -Walloca -Walloc-zero -Wduplicated-branches -Wformat-overflow=2 -Wformat-truncation=1 -Wrestrict -Wattribute-alias -Wshift-overflow=2 -Wcast-function-type -Wcast-align=strict -Wno-suggest-attribute=cold -Wno-suggest-attribute=malloc -Wattribute-alias=2 -Wmissing-profile -Wc11-c2x-compat -MD -MT src/CMakeFiles/hdf5-shared.dir/H5WB.c.o -MF src/CMakeFiles/hdf5-shared.dir/H5WB.c.o.d -o src/CMakeFiles/hdf5-shared.dir/H5WB.c.o -c /home/byrn/HDF_Projects/hdf5/dev/src/H5WB.c
[708/4114] /usr/bin/cc -DH5_BUILT_AS_DYNAMIC_LIB -D_FILE_OFFSET_BITS=64 -D_GNU_SOURCE -D_LARGEFILE_SOURCE -D_POSIX_C_SOURCE=200809L -Dhdf5_shared_EXPORTS -I/home/byrn/HDF_Projects/hdf5/dev/src -I/home/byrn/HDF_Projects/hdf5/dev/src/H5FDsubfiling -I/home/byrn/HDF_Projects/hdf5/build/ci-StdShar-GNUC/src -I/home/byrn/HDF_Projects/hdf5/build/ci-StdShar-GNUC/_deps/hdf5_zlib-build -I/home/byrn/HDF_Projects/hdf5/build/ci-StdShar-GNUC/_deps/hdf5_zlib-src -I/home/byrn/HDF_Projects/hdf5/build/ci-StdShar-GNUC/_deps/szip-build -I/home/byrn/HDF_Projects/hdf5/build/ci-StdShar-GNUC/_deps/szip-src/include -I/home/byrn/HDF_Projects/hdf5/build/ci-StdShar-GNUC/_deps/szip-src -std=c99  -fstdarg-opt -fdiagnostics-urls=never -fno-diagnostics-color -fmessage-length=0 -O2 -g -DNDEBUG -std=gnu99 -fPIC -Wall -Wcast-qual -Wconversion -Wextra -Wfloat-equal -Wformat=2 -Winit-self -Winvalid-pch -Wmissing-include-dirs -Wshadow -Wundef -Wwrite-strings -pedantic -Wno-c++-compat -Wbad-function-cast -Wcast-align -Wformat -Wimplicit-function-declaration -Wint-to-pointer-cast -Wmissing-declarations -Wmissing-prototypes -Wnested-externs -Wold-style-definition -Wpacked -Wpointer-sign -Wpointer-to-int-cast -Wredundant-decls -Wstrict-prototypes -Wswitch -Wunused-but-set-variable -Wunused-variable -Wunused-function -Wunused-parameter -finline-functions -Wno-aggregate-return -Wno-inline -Wno-missing-format-attribute -Wno-missing-noreturn -Wno-overlength-strings -Wlarger-than=2560 -Wlogical-op -Wframe-larger-than=16384 -Wpacked-bitfield-compat -Wsync-nand -Wno-unsuffixed-float-constants -Wdouble-promotion -Wtrampolines -Wstack-usage=8192 -Wmaybe-uninitialized -Wno-jump-misses-init -Wstrict-overflow=2 -Wno-suggest-attribute=const -Wno-suggest-attribute=noreturn -Wno-suggest-attribute=pure -Wno-suggest-attribute=format -Wdate-time -Warray-bounds=2 -Wc99-c11-compat -Wincompatible-pointer-types -Wint-conversion -Wduplicated-cond -Whsa -Wnormalized -Wnull-dereference -Wunused-const-variable -Walloca -Walloc-zero -Wduplicated-branches -Wformat-overflow=2 -Wformat-truncation=1 -Wrestrict -Wattribute-alias -Wshift-overflow=2 -Wcast-function-type -Wcast-align=strict -Wno-suggest-attribute=cold -Wno-suggest-attribute=malloc -Wattribute-alias=2 -Wmissing-profile -Wc11-c2x-compat -MD -MT src/CMakeFiles/hdf5-shared.dir/H5VLtest.c.o -MF src/CMakeFiles/hdf5-shared.dir/H5VLtest.c.o.d -o src/CMakeFiles/hdf5-shared.dir/H5VLtest.c.o -c /home/byrn/HDF_Projects/hdf5/dev/src/H5VLtest.c
[709/4114] /usr/bin/cc -DH5_BUILT_AS_DYNAMIC_LIB -D_FILE_OFFSET_BITS=64 -D_GNU_SOURCE -D_LARGEFILE_SOURCE -D_POSIX_C_SOURCE=200809L -Dhdf5_shared_EXPORTS -I/home/byrn/HDF_Projects/hdf5/dev/src -I/home/byrn/HDF_Projects/hdf5/dev/src/H5FDsubfiling -I/home/byrn/HDF_Projects/hdf5/build/ci-StdShar-GNUC/src -I/home/byrn/HDF_Projects/hdf5/build/ci-StdShar-GNUC/_deps/hdf5_zlib-build -I/home/byrn/HDF_Projects/hdf5/build/ci-StdShar-GNUC/_deps/hdf5_zlib-src -I/home/byrn/HDF_Projects/hdf5/build/ci-StdShar-GNUC/_deps/szip-build -I/home/byrn/HDF_Projects/hdf5/build/ci-StdShar-GNUC/_deps/szip-src/include -I/home/byrn/HDF_Projects/hdf5/build/ci-StdShar-GNUC/_deps/szip-src -std=c99  -fstdarg-opt -fdiagnostics-urls=never -fno-diagnostics-color -fmessage-length=0 -O2 -g -DNDEBUG -std=gnu99 -fPIC -Wall -Wcast-qual -Wconversion -Wextra -Wfloat-equal -Wformat=2 -Winit-self -Winvalid-pch -Wmissing-include-dirs -Wshadow -Wundef -Wwrite-strings -pedantic -Wno-c++-compat -Wbad-function-cast -Wcast-align -Wformat -Wimplicit-function-declaration -Wint-to-pointer-cast -Wmissing-declarations -Wmissing-prototypes -Wnested-externs -Wold-style-definition -Wpacked -Wpointer-sign -Wpointer-to-int-cast -Wredundant-decls -Wstrict-prototypes -Wswitch -Wunused-but-set-variable -Wunused-variable -Wunused-function -Wunused-parameter -finline-functions -Wno-aggregate-return -Wno-inline -Wno-missing-format-attribute -Wno-missing-noreturn -Wno-overlength-strings -Wlarger-than=2560 -Wlogical-op -Wframe-larger-than=16384 -Wpacked-bitfield-compat -Wsync-nand -Wno-unsuffixed-float-constants -Wdouble-promotion -Wtrampolines -Wstack-usage=8192 -Wmaybe-uninitialized -Wno-jump-misses-init -Wstrict-overflow=2 -Wno-suggest-attribute=const -Wno-suggest-attribute=noreturn -Wno-suggest-attribute=pure -Wno-suggest-attribute=format -Wdate-time -Warray-bounds=2 -Wc99-c11-compat -Wincompatible-pointer-types -Wint-conversion -Wduplicated-cond -Whsa -Wnormalized -Wnull-dereference -Wunused-const-variable -Walloca -Walloc-zero -Wduplicated-branches -Wformat-overflow=2 -Wformat-truncation=1 -Wrestrict -Wattribute-alias -Wshift-overflow=2 -Wcast-function-type -Wcast-align=strict -Wno-suggest-attribute=cold -Wno-suggest-attribute=malloc -Wattribute-alias=2 -Wmissing-profile -Wc11-c2x-compat -MD -MT src/CMakeFiles/hdf5-shared.dir/H5Zdeflate.c.o -MF src/CMakeFiles/hdf5-shared.dir/H5Zdeflate.c.o.d -o src/CMakeFiles/hdf5-shared.dir/H5Zdeflate.c.o -c /home/byrn/HDF_Projects/hdf5/dev/src/H5Zdeflate.c
[710/4114] /usr/bin/cc -DH5_BUILT_AS_DYNAMIC_LIB -D_FILE_OFFSET_BITS=64 -D_GNU_SOURCE -D_LARGEFILE_SOURCE -D_POSIX_C_SOURCE=200809L -Dhdf5_shared_EXPORTS -I/home/byrn/HDF_Projects/hdf5/dev/src -I/home/byrn/HDF_Projects/hdf5/dev/src/H5FDsubfiling -I/home/byrn/HDF_Projects/hdf5/build/ci-StdShar-GNUC/src -I/home/byrn/HDF_Projects/hdf5/build/ci-StdShar-GNUC/_deps/hdf5_zlib-build -I/home/byrn/HDF_Projects/hdf5/build/ci-StdShar-GNUC/_deps/hdf5_zlib-src -I/home/byrn/HDF_Projects/hdf5/build/ci-StdShar-GNUC/_deps/szip-build -I/home/byrn/HDF_Projects/hdf5/build/ci-StdShar-GNUC/_deps/szip-src/include -I/home/byrn/HDF_Projects/hdf5/build/ci-StdShar-GNUC/_deps/szip-src -std=c99  -fstdarg-opt -fdiagnostics-urls=never -fno-diagnostics-color -fmessage-length=0 -O2 -g -DNDEBUG -std=gnu99 -fPIC -Wall -Wcast-qual -Wconversion -Wextra -Wfloat-equal -Wformat=2 -Winit-self -Winvalid-pch -Wmissing-include-dirs -Wshadow -Wundef -Wwrite-strings -pedantic -Wno-c++-compat -Wbad-function-cast -Wcast-align -Wformat -Wimplicit-function-declaration -Wint-to-pointer-cast -Wmissing-declarations -Wmissing-prototypes -Wnested-externs -Wold-style-definition -Wpacked -Wpointer-sign -Wpointer-to-int-cast -Wredundant-decls -Wstrict-prototypes -Wswitch -Wunused-but-set-variable -Wunused-variable -Wunused-function -Wunused-parameter -finline-functions -Wno-aggregate-return -Wno-inline -Wno-missing-format-attribute -Wno-missing-noreturn -Wno-overlength-strings -Wlarger-than=2560 -Wlogical-op -Wframe-larger-than=16384 -Wpacked-bitfield-compat -Wsync-nand -Wno-unsuffixed-float-constants -Wdouble-promotion -Wtrampolines -Wstack-usage=8192 -Wmaybe-uninitialized -Wno-jump-misses-init -Wstrict-overflow=2 -Wno-suggest-attribute=const -Wno-suggest-attribute=noreturn -Wno-suggest-attribute=pure -Wno-suggest-attribute=format -Wdate-time -Warray-bounds=2 -Wc99-c11-compat -Wincompatible-pointer-types -Wint-conversion -Wduplicated-cond -Whsa -Wnormalized -Wnull-dereference -Wunused-const-variable -Walloca -Walloc-zero -Wduplicated-branches -Wformat-overflow=2 -Wformat-truncation=1 -Wrestrict -Wattribute-alias -Wshift-overflow=2 -Wcast-function-type -Wcast-align=strict -Wno-suggest-attribute=cold -Wno-suggest-attribute=malloc -Wattribute-alias=2 -Wmissing-profile -Wc11-c2x-compat -MD -MT src/CMakeFiles/hdf5-shared.dir/H5Zfletcher32.c.o -MF src/CMakeFiles/hdf5-shared.dir/H5Zfletcher32.c.o.d -o src/CMakeFiles/hdf5-shared.dir/H5Zfletcher32.c.o -c /home/byrn/HDF_Projects/hdf5/dev/src/H5Zfletcher32.c
[711/4114] /usr/bin/cc -DH5_BUILT_AS_DYNAMIC_LIB -D_FILE_OFFSET_BITS=64 -D_GNU_SOURCE -D_LARGEFILE_SOURCE -D_POSIX_C_SOURCE=200809L -Dhdf5_shared_EXPORTS -I/home/byrn/HDF_Projects/hdf5/dev/src -I/home/byrn/HDF_Projects/hdf5/dev/src/H5FDsubfiling -I/home/byrn/HDF_Projects/hdf5/build/ci-StdShar-GNUC/src -I/home/byrn/HDF_Projects/hdf5/build/ci-StdShar-GNUC/_deps/hdf5_zlib-build -I/home/byrn/HDF_Projects/hdf5/build/ci-StdShar-GNUC/_deps/hdf5_zlib-src -I/home/byrn/HDF_Projects/hdf5/build/ci-StdShar-GNUC/_deps/szip-build -I/home/byrn/HDF_Projects/hdf5/build/ci-StdShar-GNUC/_deps/szip-src/include -I/home/byrn/HDF_Projects/hdf5/build/ci-StdShar-GNUC/_deps/szip-src -std=c99  -fstdarg-opt -fdiagnostics-urls=never -fno-diagnostics-color -fmessage-length=0 -O2 -g -DNDEBUG -std=gnu99 -fPIC -Wall -Wcast-qual -Wconversion -Wextra -Wfloat-equal -Wformat=2 -Winit-self -Winvalid-pch -Wmissing-include-dirs -Wshadow -Wundef -Wwrite-strings -pedantic -Wno-c++-compat -Wbad-function-cast -Wcast-align -Wformat -Wimplicit-function-declaration -Wint-to-pointer-cast -Wmissing-declarations -Wmissing-prototypes -Wnested-externs -Wold-style-definition -Wpacked -Wpointer-sign -Wpointer-to-int-cast -Wredundant-decls -Wstrict-prototypes -Wswitch -Wunused-but-set-variable -Wunused-variable -Wunused-function -Wunused-parameter -finline-functions -Wno-aggregate-return -Wno-inline -Wno-missing-format-attribute -Wno-missing-noreturn -Wno-overlength-strings -Wlarger-than=2560 -Wlogical-op -Wframe-larger-than=16384 -Wpacked-bitfield-compat -Wsync-nand -Wno-unsuffixed-float-constants -Wdouble-promotion -Wtrampolines -Wstack-usage=8192 -Wmaybe-uninitialized -Wno-jump-misses-init -Wstrict-overflow=2 -Wno-suggest-attribute=const -Wno-suggest-attribute=noreturn -Wno-suggest-attribute=pure -Wno-suggest-attribute=format -Wdate-time -Warray-bounds=2 -Wc99-c11-compat -Wincompatible-pointer-types -Wint-conversion -Wduplicated-cond -Whsa -Wnormalized -Wnull-dereference -Wunused-const-variable -Walloca -Walloc-zero -Wduplicated-branches -Wformat-overflow=2 -Wformat-truncation=1 -Wrestrict -Wattribute-alias -Wshift-overflow=2 -Wcast-function-type -Wcast-align=strict -Wno-suggest-attribute=cold -Wno-suggest-attribute=malloc -Wattribute-alias=2 -Wmissing-profile -Wc11-c2x-compat -MD -MT src/CMakeFiles/hdf5-shared.dir/H5VLpassthru.c.o -MF src/CMakeFiles/hdf5-shared.dir/H5VLpassthru.c.o.d -o src/CMakeFiles/hdf5-shared.dir/H5VLpassthru.c.o -c /home/byrn/HDF_Projects/hdf5/dev/src/H5VLpassthru.c
[712/4114] /usr/bin/cc -DH5_BUILT_AS_DYNAMIC_LIB -D_FILE_OFFSET_BITS=64 -D_GNU_SOURCE -D_LARGEFILE_SOURCE -D_POSIX_C_SOURCE=200809L -Dhdf5_shared_EXPORTS -I/home/byrn/HDF_Projects/hdf5/dev/src -I/home/byrn/HDF_Projects/hdf5/dev/src/H5FDsubfiling -I/home/byrn/HDF_Projects/hdf5/build/ci-StdShar-GNUC/src -I/home/byrn/HDF_Projects/hdf5/build/ci-StdShar-GNUC/_deps/hdf5_zlib-build -I/home/byrn/HDF_Projects/hdf5/build/ci-StdShar-GNUC/_deps/hdf5_zlib-src -I/home/byrn/HDF_Projects/hdf5/build/ci-StdShar-GNUC/_deps/szip-build -I/home/byrn/HDF_Projects/hdf5/build/ci-StdShar-GNUC/_deps/szip-src/include -I/home/byrn/HDF_Projects/hdf5/build/ci-StdShar-GNUC/_deps/szip-src -std=c99  -fstdarg-opt -fdiagnostics-urls=never -fno-diagnostics-color -fmessage-length=0 -O2 -g -DNDEBUG -std=gnu99 -fPIC -Wall -Wcast-qual -Wconversion -Wextra -Wfloat-equal -Wformat=2 -Winit-self -Winvalid-pch -Wmissing-include-dirs -Wshadow -Wundef -Wwrite-strings -pedantic -Wno-c++-compat -Wbad-function-cast -Wcast-align -Wformat -Wimplicit-function-declaration -Wint-to-pointer-cast -Wmissing-declarations -Wmissing-prototypes -Wnested-externs -Wold-style-definition -Wpacked -Wpointer-sign -Wpointer-to-int-cast -Wredundant-decls -Wstrict-prototypes -Wswitch -Wunused-but-set-variable -Wunused-variable -Wunused-function -Wunused-parameter -finline-functions -Wno-aggregate-return -Wno-inline -Wno-missing-format-attribute -Wno-missing-noreturn -Wno-overlength-strings -Wlarger-than=2560 -Wlogical-op -Wframe-larger-than=16384 -Wpacked-bitfield-compat -Wsync-nand -Wno-unsuffixed-float-constants -Wdouble-promotion -Wtrampolines -Wstack-usage=8192 -Wmaybe-uninitialized -Wno-jump-misses-init -Wstrict-overflow=2 -Wno-suggest-attribute=const -Wno-suggest-attribute=noreturn -Wno-suggest-attribute=pure -Wno-suggest-attribute=format -Wdate-time -Warray-bounds=2 -Wc99-c11-compat -Wincompatible-pointer-types -Wint-conversion -Wduplicated-cond -Whsa -Wnormalized -Wnull-dereference -Wunused-const-variable -Walloca -Walloc-zero -Wduplicated-branches -Wformat-overflow=2 -Wformat-truncation=1 -Wrestrict -Wattribute-alias -Wshift-overflow=2 -Wcast-function-type -Wcast-align=strict -Wno-suggest-attribute=cold -Wno-suggest-attribute=malloc -Wattribute-alias=2 -Wmissing-profile -Wc11-c2x-compat -MD -MT src/CMakeFiles/hdf5-shared.dir/H5VM.c.o -MF src/CMakeFiles/hdf5-shared.dir/H5VM.c.o.d -o src/CMakeFiles/hdf5-shared.dir/H5VM.c.o -c /home/byrn/HDF_Projects/hdf5/dev/src/H5VM.c
[713/4114] /usr/bin/cc -DH5_BUILT_AS_DYNAMIC_LIB -D_FILE_OFFSET_BITS=64 -D_GNU_SOURCE -D_LARGEFILE_SOURCE -D_POSIX_C_SOURCE=200809L -Dhdf5_shared_EXPORTS -I/home/byrn/HDF_Projects/hdf5/dev/src -I/home/byrn/HDF_Projects/hdf5/dev/src/H5FDsubfiling -I/home/byrn/HDF_Projects/hdf5/build/ci-StdShar-GNUC/src -I/home/byrn/HDF_Projects/hdf5/build/ci-StdShar-GNUC/_deps/hdf5_zlib-build -I/home/byrn/HDF_Projects/hdf5/build/ci-StdShar-GNUC/_deps/hdf5_zlib-src -I/home/byrn/HDF_Projects/hdf5/build/ci-StdShar-GNUC/_deps/szip-build -I/home/byrn/HDF_Projects/hdf5/build/ci-StdShar-GNUC/_deps/szip-src/include -I/home/byrn/HDF_Projects/hdf5/build/ci-StdShar-GNUC/_deps/szip-src -std=c99  -fstdarg-opt -fdiagnostics-urls=never -fno-diagnostics-color -fmessage-length=0 -O2 -g -DNDEBUG -std=gnu99 -fPIC -Wall -Wcast-qual -Wconversion -Wextra -Wfloat-equal -Wformat=2 -Winit-self -Winvalid-pch -Wmissing-include-dirs -Wshadow -Wundef -Wwrite-strings -pedantic -Wno-c++-compat -Wbad-function-cast -Wcast-align -Wformat -Wimplicit-function-declaration -Wint-to-pointer-cast -Wmissing-declarations -Wmissing-prototypes -Wnested-externs -Wold-style-definition -Wpacked -Wpointer-sign -Wpointer-to-int-cast -Wredundant-decls -Wstrict-prototypes -Wswitch -Wunused-but-set-variable -Wunused-variable -Wunused-function -Wunused-parameter -finline-functions -Wno-aggregate-return -Wno-inline -Wno-missing-format-attribute -Wno-missing-noreturn -Wno-overlength-strings -Wlarger-than=2560 -Wlogical-op -Wframe-larger-than=16384 -Wpacked-bitfield-compat -Wsync-nand -Wno-unsuffixed-float-constants -Wdouble-promotion -Wtrampolines -Wstack-usage=8192 -Wmaybe-uninitialized -Wno-jump-misses-init -Wstrict-overflow=2 -Wno-suggest-attribute=const -Wno-suggest-attribute=noreturn -Wno-suggest-attribute=pure -Wno-suggest-attribute=format -Wdate-time -Warray-bounds=2 -Wc99-c11-compat -Wincompatible-pointer-types -Wint-conversion -Wduplicated-cond -Whsa -Wnormalized -Wnull-dereference -Wunused-const-variable -Walloca -Walloc-zero -Wduplicated-branches -Wformat-overflow=2 -Wformat-truncation=1 -Wrestrict -Wattribute-alias -Wshift-overflow=2 -Wcast-function-type -Wcast-align=strict -Wno-suggest-attribute=cold -Wno-suggest-attribute=malloc -Wattribute-alias=2 -Wmissing-profile -Wc11-c2x-compat -MD -MT src/CMakeFiles/hdf5-shared.dir/H5Z.c.o -MF src/CMakeFiles/hdf5-shared.dir/H5Z.c.o.d -o src/CMakeFiles/hdf5-shared.dir/H5Z.c.o -c /home/byrn/HDF_Projects/hdf5/dev/src/H5Z.c
In file included from /home/byrn/HDF_Projects/hdf5/build/ci-StdShar-GNUC/_deps/szip-src/include/szlib.h:41,
                 from /home/byrn/HDF_Projects/hdf5/dev/src/H5Z.c:28:
/home/byrn/HDF_Projects/hdf5/build/ci-StdShar-GNUC/_deps/szip-src/include/libaec.h:47:5: warning: "BUILDING_LIBAEC" is not defined, evaluates to 0 [-Wundef]
   47 | #if BUILDING_LIBAEC && HAVE_VISIBILITY
      |     ^~~~~~~~~~~~~~~
[714/4114] /usr/bin/cc -DH5_BUILT_AS_DYNAMIC_LIB -D_FILE_OFFSET_BITS=64 -D_GNU_SOURCE -D_LARGEFILE_SOURCE -D_POSIX_C_SOURCE=200809L -Dhdf5_shared_EXPORTS -I/home/byrn/HDF_Projects/hdf5/dev/src -I/home/byrn/HDF_Projects/hdf5/dev/src/H5FDsubfiling -I/home/byrn/HDF_Projects/hdf5/build/ci-StdShar-GNUC/src -I/home/byrn/HDF_Projects/hdf5/build/ci-StdShar-GNUC/_deps/hdf5_zlib-build -I/home/byrn/HDF_Projects/hdf5/build/ci-StdShar-GNUC/_deps/hdf5_zlib-src -I/home/byrn/HDF_Projects/hdf5/build/ci-StdShar-GNUC/_deps/szip-build -I/home/byrn/HDF_Projects/hdf5/build/ci-StdShar-GNUC/_deps/szip-src/include -I/home/byrn/HDF_Projects/hdf5/build/ci-StdShar-GNUC/_deps/szip-src -std=c99  -fstdarg-opt -fdiagnostics-urls=never -fno-diagnostics-color -fmessage-length=0 -O2 -g -DNDEBUG -std=gnu99 -fPIC -Wall -Wcast-qual -Wconversion -Wextra -Wfloat-equal -Wformat=2 -Winit-self -Winvalid-pch -Wmissing-include-dirs -Wshadow -Wundef -Wwrite-strings -pedantic -Wno-c++-compat -Wbad-function-cast -Wcast-align -Wformat -Wimplicit-function-declaration -Wint-to-pointer-cast -Wmissing-declarations -Wmissing-prototypes -Wnested-externs -Wold-style-definition -Wpacked -Wpointer-sign -Wpointer-to-int-cast -Wredundant-decls -Wstrict-prototypes -Wswitch -Wunused-but-set-variable -Wunused-variable -Wunused-function -Wunused-parameter -finline-functions -Wno-aggregate-return -Wno-inline -Wno-missing-format-attribute -Wno-missing-noreturn -Wno-overlength-strings -Wlarger-than=2560 -Wlogical-op -Wframe-larger-than=16384 -Wpacked-bitfield-compat -Wsync-nand -Wno-unsuffixed-float-constants -Wdouble-promotion -Wtrampolines -Wstack-usage=8192 -Wmaybe-uninitialized -Wno-jump-misses-init -Wstrict-overflow=2 -Wno-suggest-attribute=const -Wno-suggest-attribute=noreturn -Wno-suggest-attribute=pure -Wno-suggest-attribute=format -Wdate-time -Warray-bounds=2 -Wc99-c11-compat -Wincompatible-pointer-types -Wint-conversion -Wduplicated-cond -Whsa -Wnormalized -Wnull-dereference -Wunused-const-variable -Walloca -Walloc-zero -Wduplicated-branches -Wformat-overflow=2 -Wformat-truncation=1 -Wrestrict -Wattribute-alias -Wshift-overflow=2 -Wcast-function-type -Wcast-align=strict -Wno-suggest-attribute=cold -Wno-suggest-attribute=malloc -Wattribute-alias=2 -Wmissing-profile -Wc11-c2x-compat -MD -MT src/CMakeFiles/hdf5-shared.dir/H5Zshuffle.c.o -MF src/CMakeFiles/hdf5-shared.dir/H5Zshuffle.c.o.d -o src/CMakeFiles/hdf5-shared.dir/H5Zshuffle.c.o -c /home/byrn/HDF_Projects/hdf5/dev/src/H5Zshuffle.c
[715/4114] /usr/bin/cc -DH5_BUILT_AS_DYNAMIC_LIB -D_FILE_OFFSET_BITS=64 -D_GNU_SOURCE -D_LARGEFILE_SOURCE -D_POSIX_C_SOURCE=200809L -Dhdf5_shared_EXPORTS -I/home/byrn/HDF_Projects/hdf5/dev/src -I/home/byrn/HDF_Projects/hdf5/dev/src/H5FDsubfiling -I/home/byrn/HDF_Projects/hdf5/build/ci-StdShar-GNUC/src -I/home/byrn/HDF_Projects/hdf5/build/ci-StdShar-GNUC/_deps/hdf5_zlib-build -I/home/byrn/HDF_Projects/hdf5/build/ci-StdShar-GNUC/_deps/hdf5_zlib-src -I/home/byrn/HDF_Projects/hdf5/build/ci-StdShar-GNUC/_deps/szip-build -I/home/byrn/HDF_Projects/hdf5/build/ci-StdShar-GNUC/_deps/szip-src/include -I/home/byrn/HDF_Projects/hdf5/build/ci-StdShar-GNUC/_deps/szip-src -std=c99  -fstdarg-opt -fdiagnostics-urls=never -fno-diagnostics-color -fmessage-length=0 -O2 -g -DNDEBUG -std=gnu99 -fPIC -Wall -Wcast-qual -Wconversion -Wextra -Wfloat-equal -Wformat=2 -Winit-self -Winvalid-pch -Wmissing-include-dirs -Wshadow -Wundef -Wwrite-strings -pedantic -Wno-c++-compat -Wbad-function-cast -Wcast-align -Wformat -Wimplicit-function-declaration -Wint-to-pointer-cast -Wmissing-declarations -Wmissing-prototypes -Wnested-externs -Wold-style-definition -Wpacked -Wpointer-sign -Wpointer-to-int-cast -Wredundant-decls -Wstrict-prototypes -Wswitch -Wunused-but-set-variable -Wunused-variable -Wunused-function -Wunused-parameter -finline-functions -Wno-aggregate-return -Wno-inline -Wno-missing-format-attribute -Wno-missing-noreturn -Wno-overlength-strings -Wlarger-than=2560 -Wlogical-op -Wframe-larger-than=16384 -Wpacked-bitfield-compat -Wsync-nand -Wno-unsuffixed-float-constants -Wdouble-promotion -Wtrampolines -Wstack-usage=8192 -Wmaybe-uninitialized -Wno-jump-misses-init -Wstrict-overflow=2 -Wno-suggest-attribute=const -Wno-suggest-attribute=noreturn -Wno-suggest-attribute=pure -Wno-suggest-attribute=format -Wdate-time -Warray-bounds=2 -Wc99-c11-compat -Wincompatible-pointer-types -Wint-conversion -Wduplicated-cond -Whsa -Wnormalized -Wnull-dereference -Wunused-const-variable -Walloca -Walloc-zero -Wduplicated-branches -Wformat-overflow=2 -Wformat-truncation=1 -Wrestrict -Wattribute-alias -Wshift-overflow=2 -Wcast-function-type -Wcast-align=strict -Wno-suggest-attribute=cold -Wno-suggest-attribute=malloc -Wattribute-alias=2 -Wmissing-profile -Wc11-c2x-compat -MD -MT src/CMakeFiles/hdf5-shared.dir/H5Zszip.c.o -MF src/CMakeFiles/hdf5-shared.dir/H5Zszip.c.o.d -o src/CMakeFiles/hdf5-shared.dir/H5Zszip.c.o -c /home/byrn/HDF_Projects/hdf5/dev/src/H5Zszip.c
In file included from /home/byrn/HDF_Projects/hdf5/build/ci-StdShar-GNUC/_deps/szip-src/include/szlib.h:41,
                 from /home/byrn/HDF_Projects/hdf5/dev/src/H5Zszip.c:28:
/home/byrn/HDF_Projects/hdf5/build/ci-StdShar-GNUC/_deps/szip-src/include/libaec.h:47:5: warning: "BUILDING_LIBAEC" is not defined, evaluates to 0 [-Wundef]
   47 | #if BUILDING_LIBAEC && HAVE_VISIBILITY
      |     ^~~~~~~~~~~~~~~
[716/4114] /usr/bin/cc -DH5_BUILT_AS_DYNAMIC_LIB -D_FILE_OFFSET_BITS=64 -D_GNU_SOURCE -D_LARGEFILE_SOURCE -D_POSIX_C_SOURCE=200809L -Dhdf5_shared_EXPORTS -I/home/byrn/HDF_Projects/hdf5/dev/src -I/home/byrn/HDF_Projects/hdf5/dev/src/H5FDsubfiling -I/home/byrn/HDF_Projects/hdf5/build/ci-StdShar-GNUC/src -I/home/byrn/HDF_Projects/hdf5/build/ci-StdShar-GNUC/_deps/hdf5_zlib-build -I/home/byrn/HDF_Projects/hdf5/build/ci-StdShar-GNUC/_deps/hdf5_zlib-src -I/home/byrn/HDF_Projects/hdf5/build/ci-StdShar-GNUC/_deps/szip-build -I/home/byrn/HDF_Projects/hdf5/build/ci-StdShar-GNUC/_deps/szip-src/include -I/home/byrn/HDF_Projects/hdf5/build/ci-StdShar-GNUC/_deps/szip-src -std=c99  -fstdarg-opt -fdiagnostics-urls=never -fno-diagnostics-color -fmessage-length=0 -O2 -g -DNDEBUG -std=gnu99 -fPIC -Wall -Wcast-qual -Wconversion -Wextra -Wfloat-equal -Wformat=2 -Winit-self -Winvalid-pch -Wmissing-include-dirs -Wshadow -Wundef -Wwrite-strings -pedantic -Wno-c++-compat -Wbad-function-cast -Wcast-align -Wformat -Wimplicit-function-declaration -Wint-to-pointer-cast -Wmissing-declarations -Wmissing-prototypes -Wnested-externs -Wold-style-definition -Wpacked -Wpointer-sign -Wpointer-to-int-cast -Wredundant-decls -Wstrict-prototypes -Wswitch -Wunused-but-set-variable -Wunused-variable -Wunused-function -Wunused-parameter -finline-functions -Wno-aggregate-return -Wno-inline -Wno-missing-format-attribute -Wno-missing-noreturn -Wno-overlength-strings -Wlarger-than=2560 -Wlogical-op -Wframe-larger-than=16384 -Wpacked-bitfield-compat -Wsync-nand -Wno-unsuffixed-float-constants -Wdouble-promotion -Wtrampolines -Wstack-usage=8192 -Wmaybe-uninitialized -Wno-jump-misses-init -Wstrict-overflow=2 -Wno-suggest-attribute=const -Wno-suggest-attribute=noreturn -Wno-suggest-attribute=pure -Wno-suggest-attribute=format -Wdate-time -Warray-bounds=2 -Wc99-c11-compat -Wincompatible-pointer-types -Wint-conversion -Wduplicated-cond -Whsa -Wnormalized -Wnull-dereference -Wunused-const-variable -Walloca -Walloc-zero -Wduplicated-branches -Wformat-overflow=2 -Wformat-truncation=1 -Wrestrict -Wattribute-alias -Wshift-overflow=2 -Wcast-function-type -Wcast-align=strict -Wno-suggest-attribute=cold -Wno-suggest-attribute=malloc -Wattribute-alias=2 -Wmissing-profile -Wc11-c2x-compat -MD -MT src/CMakeFiles/hdf5-shared.dir/H5Znbit.c.o -MF src/CMakeFiles/hdf5-shared.dir/H5Znbit.c.o.d -o src/CMakeFiles/hdf5-shared.dir/H5Znbit.c.o -c /home/byrn/HDF_Projects/hdf5/dev/src/H5Znbit.c
[717/4114] /usr/bin/cc -DH5_HAVE_TEST_API -DH5_TEST_EXPRESS_LEVEL_DEFAULT=2 -D_FILE_OFFSET_BITS=64 -D_GNU_SOURCE -D_LARGEFILE_SOURCE -D_POSIX_C_SOURCE=200809L -I/home/byrn/HDF_Projects/hdf5/dev/src -I/home/byrn/HDF_Projects/hdf5/dev/src/H5FDsubfiling -I/home/byrn/HDF_Projects/hdf5/build/ci-StdShar-GNUC/src -I/home/byrn/HDF_Projects/hdf5/build/ci-StdShar-GNUC/test -std=c99  -fstdarg-opt -fdiagnostics-urls=never -fno-diagnostics-color -fmessage-length=0 -O2 -g -DNDEBUG -std=gnu99 -fPIC -Wall -Wcast-qual -Wconversion -Wextra -Wfloat-equal -Wformat=2 -Winit-self -Winvalid-pch -Wmissing-include-dirs -Wshadow -Wundef -Wwrite-strings -pedantic -Wno-c++-compat -Wbad-function-cast -Wcast-align -Wformat -Wimplicit-function-declaration -Wint-to-pointer-cast -Wmissing-declarations -Wmissing-prototypes -Wnested-externs -Wold-style-definition -Wpacked -Wpointer-sign -Wpointer-to-int-cast -Wredundant-decls -Wstrict-prototypes -Wswitch -Wunused-but-set-variable -Wunused-variable -Wunused-function -Wunused-parameter -finline-functions -Wno-aggregate-return -Wno-inline -Wno-missing-format-attribute -Wno-missing-noreturn -Wno-overlength-strings -Wlarger-than=2560 -Wlogical-op -Wframe-larger-than=16384 -Wpacked-bitfield-compat -Wsync-nand -Wno-unsuffixed-float-constants -Wdouble-promotion -Wtrampolines -Wstack-usage=8192 -Wmaybe-uninitialized -Wno-jump-misses-init -Wstrict-overflow=2 -Wno-suggest-attribute=const -Wno-suggest-attribute=noreturn -Wno-suggest-attribute=pure -Wno-suggest-attribute=format -Wdate-time -Warray-bounds=2 -Wc99-c11-compat -Wincompatible-pointer-types -Wint-conversion -Wduplicated-cond -Whsa -Wnormalized -Wnull-dereference -Wunused-const-variable -Walloca -Walloc-zero -Wduplicated-branches -Wformat-overflow=2 -Wformat-truncation=1 -Wrestrict -Wattribute-alias -Wshift-overflow=2 -Wcast-function-type -Wcast-align=strict -Wno-suggest-attribute=cold -Wno-suggest-attribute=malloc -Wattribute-alias=2 -Wmissing-profile -Wc11-c2x-compat -MD -MT test/CMakeFiles/hdf5_test-static.dir/testframe.c.o -MF test/CMakeFiles/hdf5_test-static.dir/testframe.c.o.d -o test/CMakeFiles/hdf5_test-static.dir/testframe.c.o -c /home/byrn/HDF_Projects/hdf5/dev/test/testframe.c
[718/4114] /usr/bin/cc -DH5_HAVE_TEST_API -DH5_TEST_EXPRESS_LEVEL_DEFAULT=2 -D_FILE_OFFSET_BITS=64 -D_GNU_SOURCE -D_LARGEFILE_SOURCE -D_POSIX_C_SOURCE=200809L -I/home/byrn/HDF_Projects/hdf5/dev/src -I/home/byrn/HDF_Projects/hdf5/dev/src/H5FDsubfiling -I/home/byrn/HDF_Projects/hdf5/build/ci-StdShar-GNUC/src -I/home/byrn/HDF_Projects/hdf5/build/ci-StdShar-GNUC/test -std=c99  -fstdarg-opt -fdiagnostics-urls=never -fno-diagnostics-color -fmessage-length=0 -O2 -g -DNDEBUG -std=gnu99 -fPIC -Wall -Wcast-qual -Wconversion -Wextra -Wfloat-equal -Wformat=2 -Winit-self -Winvalid-pch -Wmissing-include-dirs -Wshadow -Wundef -Wwrite-strings -pedantic -Wno-c++-compat -Wbad-function-cast -Wcast-align -Wformat -Wimplicit-function-declaration -Wint-to-pointer-cast -Wmissing-declarations -Wmissing-prototypes -Wnested-externs -Wold-style-definition -Wpacked -Wpointer-sign -Wpointer-to-int-cast -Wredundant-decls -Wstrict-prototypes -Wswitch -Wunused-but-set-variable -Wunused-variable -Wunused-function -Wunused-parameter -finline-functions -Wno-aggregate-return -Wno-inline -Wno-missing-format-attribute -Wno-missing-noreturn -Wno-overlength-strings -Wlarger-than=2560 -Wlogical-op -Wframe-larger-than=16384 -Wpacked-bitfield-compat -Wsync-nand -Wno-unsuffixed-float-constants -Wdouble-promotion -Wtrampolines -Wstack-usage=8192 -Wmaybe-uninitialized -Wno-jump-misses-init -Wstrict-overflow=2 -Wno-suggest-attribute=const -Wno-suggest-attribute=noreturn -Wno-suggest-attribute=pure -Wno-suggest-attribute=format -Wdate-time -Warray-bounds=2 -Wc99-c11-compat -Wincompatible-pointer-types -Wint-conversion -Wduplicated-cond -Whsa -Wnormalized -Wnull-dereference -Wunused-const-variable -Walloca -Walloc-zero -Wduplicated-branches -Wformat-overflow=2 -Wformat-truncation=1 -Wrestrict -Wattribute-alias -Wshift-overflow=2 -Wcast-function-type -Wcast-align=strict -Wno-suggest-attribute=cold -Wno-suggest-attribute=malloc -Wattribute-alias=2 -Wmissing-profile -Wc11-c2x-compat -MD -MT test/CMakeFiles/hdf5_test-static.dir/external_common.c.o -MF test/CMakeFiles/hdf5_test-static.dir/external_common.c.o.d -o test/CMakeFiles/hdf5_test-static.dir/external_common.c.o -c /home/byrn/HDF_Projects/hdf5/dev/test/external_common.c
[719/4114] /usr/bin/cc -DH5_HAVE_TEST_API -DH5_TEST_EXPRESS_LEVEL_DEFAULT=2 -D_FILE_OFFSET_BITS=64 -D_GNU_SOURCE -D_LARGEFILE_SOURCE -D_POSIX_C_SOURCE=200809L -I/home/byrn/HDF_Projects/hdf5/dev/src -I/home/byrn/HDF_Projects/hdf5/dev/src/H5FDsubfiling -I/home/byrn/HDF_Projects/hdf5/build/ci-StdShar-GNUC/src -I/home/byrn/HDF_Projects/hdf5/build/ci-StdShar-GNUC/test -std=c99  -fstdarg-opt -fdiagnostics-urls=never -fno-diagnostics-color -fmessage-length=0 -O2 -g -DNDEBUG -std=gnu99 -fPIC -Wall -Wcast-qual -Wconversion -Wextra -Wfloat-equal -Wformat=2 -Winit-self -Winvalid-pch -Wmissing-include-dirs -Wshadow -Wundef -Wwrite-strings -pedantic -Wno-c++-compat -Wbad-function-cast -Wcast-align -Wformat -Wimplicit-function-declaration -Wint-to-pointer-cast -Wmissing-declarations -Wmissing-prototypes -Wnested-externs -Wold-style-definition -Wpacked -Wpointer-sign -Wpointer-to-int-cast -Wredundant-decls -Wstrict-prototypes -Wswitch -Wunused-but-set-variable -Wunused-variable -Wunused-function -Wunused-parameter -finline-functions -Wno-aggregate-return -Wno-inline -Wno-missing-format-attribute -Wno-missing-noreturn -Wno-overlength-strings -Wlarger-than=2560 -Wlogical-op -Wframe-larger-than=16384 -Wpacked-bitfield-compat -Wsync-nand -Wno-unsuffixed-float-constants -Wdouble-promotion -Wtrampolines -Wstack-usage=8192 -Wmaybe-uninitialized -Wno-jump-misses-init -Wstrict-overflow=2 -Wno-suggest-attribute=const -Wno-suggest-attribute=noreturn -Wno-suggest-attribute=pure -Wno-suggest-attribute=format -Wdate-time -Warray-bounds=2 -Wc99-c11-compat -Wincompatible-pointer-types -Wint-conversion -Wduplicated-cond -Whsa -Wnormalized -Wnull-dereference -Wunused-const-variable -Walloca -Walloc-zero -Wduplicated-branches -Wformat-overflow=2 -Wformat-truncation=1 -Wrestrict -Wattribute-alias -Wshift-overflow=2 -Wcast-function-type -Wcast-align=strict -Wno-suggest-attribute=cold -Wno-suggest-attribute=malloc -Wattribute-alias=2 -Wmissing-profile -Wc11-c2x-compat -MD -MT test/CMakeFiles/hdf5_test-static.dir/h5test.c.o -MF test/CMakeFiles/hdf5_test-static.dir/h5test.c.o.d -o test/CMakeFiles/hdf5_test-static.dir/h5test.c.o -c /home/byrn/HDF_Projects/hdf5/dev/test/h5test.c
[720/4114] /usr/bin/cc -DH5_HAVE_TEST_API -DH5_TEST_EXPRESS_LEVEL_DEFAULT=2 -D_FILE_OFFSET_BITS=64 -D_GNU_SOURCE -D_LARGEFILE_SOURCE -D_POSIX_C_SOURCE=200809L -I/home/byrn/HDF_Projects/hdf5/dev/src -I/home/byrn/HDF_Projects/hdf5/dev/src/H5FDsubfiling -I/home/byrn/HDF_Projects/hdf5/build/ci-StdShar-GNUC/src -I/home/byrn/HDF_Projects/hdf5/build/ci-StdShar-GNUC/test -std=c99  -fstdarg-opt -fdiagnostics-urls=never -fno-diagnostics-color -fmessage-length=0 -O2 -g -DNDEBUG -std=gnu99 -fPIC -Wall -Wcast-qual -Wconversion -Wextra -Wfloat-equal -Wformat=2 -Winit-self -Winvalid-pch -Wmissing-include-dirs -Wshadow -Wundef -Wwrite-strings -pedantic -Wno-c++-compat -Wbad-function-cast -Wcast-align -Wformat -Wimplicit-function-declaration -Wint-to-pointer-cast -Wmissing-declarations -Wmissing-prototypes -Wnested-externs -Wold-style-definition -Wpacked -Wpointer-sign -Wpointer-to-int-cast -Wredundant-decls -Wstrict-prototypes -Wswitch -Wunused-but-set-variable -Wunused-variable -Wunused-function -Wunused-parameter -finline-functions -Wno-aggregate-return -Wno-inline -Wno-missing-format-attribute -Wno-missing-noreturn -Wno-overlength-strings -Wlarger-than=2560 -Wlogical-op -Wframe-larger-than=16384 -Wpacked-bitfield-compat -Wsync-nand -Wno-unsuffixed-float-constants -Wdouble-promotion -Wtrampolines -Wstack-usage=8192 -Wmaybe-uninitialized -Wno-jump-misses-init -Wstrict-overflow=2 -Wno-suggest-attribute=const -Wno-suggest-attribute=noreturn -Wno-suggest-attribute=pure -Wno-suggest-attribute=format -Wdate-time -Warray-bounds=2 -Wc99-c11-compat -Wincompatible-pointer-types -Wint-conversion -Wduplicated-cond -Whsa -Wnormalized -Wnull-dereference -Wunused-const-variable -Walloca -Walloc-zero -Wduplicated-branches -Wformat-overflow=2 -Wformat-truncation=1 -Wrestrict -Wattribute-alias -Wshift-overflow=2 -Wcast-function-type -Wcast-align=strict -Wno-suggest-attribute=cold -Wno-suggest-attribute=malloc -Wattribute-alias=2 -Wmissing-profile -Wc11-c2x-compat -MD -MT test/CMakeFiles/hdf5_test-static.dir/swmr_common.c.o -MF test/CMakeFiles/hdf5_test-static.dir/swmr_common.c.o.d -o test/CMakeFiles/hdf5_test-static.dir/swmr_common.c.o -c /home/byrn/HDF_Projects/hdf5/dev/test/swmr_common.c
[721/4114] /usr/bin/cc -DH5_BUILT_AS_DYNAMIC_LIB -D_FILE_OFFSET_BITS=64 -D_GNU_SOURCE -D_LARGEFILE_SOURCE -D_POSIX_C_SOURCE=200809L -Dhdf5_shared_EXPORTS -I/home/byrn/HDF_Projects/hdf5/dev/src -I/home/byrn/HDF_Projects/hdf5/dev/src/H5FDsubfiling -I/home/byrn/HDF_Projects/hdf5/build/ci-StdShar-GNUC/src -I/home/byrn/HDF_Projects/hdf5/build/ci-StdShar-GNUC/_deps/hdf5_zlib-build -I/home/byrn/HDF_Projects/hdf5/build/ci-StdShar-GNUC/_deps/hdf5_zlib-src -I/home/byrn/HDF_Projects/hdf5/build/ci-StdShar-GNUC/_deps/szip-build -I/home/byrn/HDF_Projects/hdf5/build/ci-StdShar-GNUC/_deps/szip-src/include -I/home/byrn/HDF_Projects/hdf5/build/ci-StdShar-GNUC/_deps/szip-src -std=c99  -fstdarg-opt -fdiagnostics-urls=never -fno-diagnostics-color -fmessage-length=0 -O2 -g -DNDEBUG -std=gnu99 -fPIC -Wall -Wcast-qual -Wconversion -Wextra -Wfloat-equal -Wformat=2 -Winit-self -Winvalid-pch -Wmissing-include-dirs -Wshadow -Wundef -Wwrite-strings -pedantic -Wno-c++-compat -Wbad-function-cast -Wcast-align -Wformat -Wimplicit-function-declaration -Wint-to-pointer-cast -Wmissing-declarations -Wmissing-prototypes -Wnested-externs -Wold-style-definition -Wpacked -Wpointer-sign -Wpointer-to-int-cast -Wredundant-decls -Wstrict-prototypes -Wswitch -Wunused-but-set-variable -Wunused-variable -Wunused-function -Wunused-parameter -finline-functions -Wno-aggregate-return -Wno-inline -Wno-missing-format-attribute -Wno-missing-noreturn -Wno-overlength-strings -Wlarger-than=2560 -Wlogical-op -Wframe-larger-than=16384 -Wpacked-bitfield-compat -Wsync-nand -Wno-unsuffixed-float-constants -Wdouble-promotion -Wtrampolines -Wstack-usage=8192 -Wmaybe-uninitialized -Wno-jump-misses-init -Wstrict-overflow=2 -Wno-suggest-attribute=const -Wno-suggest-attribute=noreturn -Wno-suggest-attribute=pure -Wno-suggest-attribute=format -Wdate-time -Warray-bounds=2 -Wc99-c11-compat -Wincompatible-pointer-types -Wint-conversion -Wduplicated-cond -Whsa -Wnormalized -Wnull-dereference -Wunused-const-variable -Walloca -Walloc-zero -Wduplicated-branches -Wformat-overflow=2 -Wformat-truncation=1 -Wrestrict -Wattribute-alias -Wshift-overflow=2 -Wcast-function-type -Wcast-align=strict -Wno-suggest-attribute=cold -Wno-suggest-attribute=malloc -Wattribute-alias=2 -Wmissing-profile -Wc11-c2x-compat -MD -MT src/CMakeFiles/hdf5-shared.dir/H5VLcallback.c.o -MF src/CMakeFiles/hdf5-shared.dir/H5VLcallback.c.o.d -o src/CMakeFiles/hdf5-shared.dir/H5VLcallback.c.o -c /home/byrn/HDF_Projects/hdf5/dev/src/H5VLcallback.c
[722/4114] /usr/bin/cc -DH5_BUILT_AS_DYNAMIC_LIB -DH5_HAVE_TEST_API -DH5_TEST_EXPRESS_LEVEL_DEFAULT=2 -D_FILE_OFFSET_BITS=64 -D_GNU_SOURCE -D_LARGEFILE_SOURCE -D_POSIX_C_SOURCE=200809L -Dhdf5_test_shared_EXPORTS -I/home/byrn/HDF_Projects/hdf5/dev/src -I/home/byrn/HDF_Projects/hdf5/dev/src/H5FDsubfiling -I/home/byrn/HDF_Projects/hdf5/build/ci-StdShar-GNUC/src -I/home/byrn/HDF_Projects/hdf5/build/ci-StdShar-GNUC/test -std=c99  -fstdarg-opt -fdiagnostics-urls=never -fno-diagnostics-color -fmessage-length=0 -O2 -g -DNDEBUG -std=gnu99 -fPIC -Wall -Wcast-qual -Wconversion -Wextra -Wfloat-equal -Wformat=2 -Winit-self -Winvalid-pch -Wmissing-include-dirs -Wshadow -Wundef -Wwrite-strings -pedantic -Wno-c++-compat -Wbad-function-cast -Wcast-align -Wformat -Wimplicit-function-declaration -Wint-to-pointer-cast -Wmissing-declarations -Wmissing-prototypes -Wnested-externs -Wold-style-definition -Wpacked -Wpointer-sign -Wpointer-to-int-cast -Wredundant-decls -Wstrict-prototypes -Wswitch -Wunused-but-set-variable -Wunused-variable -Wunused-function -Wunused-parameter -finline-functions -Wno-aggregate-return -Wno-inline -Wno-missing-format-attribute -Wno-missing-noreturn -Wno-overlength-strings -Wlarger-than=2560 -Wlogical-op -Wframe-larger-than=16384 -Wpacked-bitfield-compat -Wsync-nand -Wno-unsuffixed-float-constants -Wdouble-promotion -Wtrampolines -Wstack-usage=8192 -Wmaybe-uninitialized -Wno-jump-misses-init -Wstrict-overflow=2 -Wno-suggest-attribute=const -Wno-suggest-attribute=noreturn -Wno-suggest-attribute=pure -Wno-suggest-attribute=format -Wdate-time -Warray-bounds=2 -Wc99-c11-compat -Wincompatible-pointer-types -Wint-conversion -Wduplicated-cond -Whsa -Wnormalized -Wnull-dereference -Wunused-const-variable -Walloca -Walloc-zero -Wduplicated-branches -Wformat-overflow=2 -Wformat-truncation=1 -Wrestrict -Wattribute-alias -Wshift-overflow=2 -Wcast-function-type -Wcast-align=strict -Wno-suggest-attribute=cold -Wno-suggest-attribute=malloc -Wattribute-alias=2 -Wmissing-profile -Wc11-c2x-compat -MD -MT test/CMakeFiles/hdf5_test-shared.dir/testframe.c.o -MF test/CMakeFiles/hdf5_test-shared.dir/testframe.c.o.d -o test/CMakeFiles/hdf5_test-shared.dir/testframe.c.o -c /home/byrn/HDF_Projects/hdf5/dev/test/testframe.c
[723/4114] /usr/bin/cc -DH5_BUILT_AS_DYNAMIC_LIB -DH5_HAVE_TEST_API -DH5_TEST_EXPRESS_LEVEL_DEFAULT=2 -D_FILE_OFFSET_BITS=64 -D_GNU_SOURCE -D_LARGEFILE_SOURCE -D_POSIX_C_SOURCE=200809L -Dhdf5_test_shared_EXPORTS -I/home/byrn/HDF_Projects/hdf5/dev/src -I/home/byrn/HDF_Projects/hdf5/dev/src/H5FDsubfiling -I/home/byrn/HDF_Projects/hdf5/build/ci-StdShar-GNUC/src -I/home/byrn/HDF_Projects/hdf5/build/ci-StdShar-GNUC/test -std=c99  -fstdarg-opt -fdiagnostics-urls=never -fno-diagnostics-color -fmessage-length=0 -O2 -g -DNDEBUG -std=gnu99 -fPIC -Wall -Wcast-qual -Wconversion -Wextra -Wfloat-equal -Wformat=2 -Winit-self -Winvalid-pch -Wmissing-include-dirs -Wshadow -Wundef -Wwrite-strings -pedantic -Wno-c++-compat -Wbad-function-cast -Wcast-align -Wformat -Wimplicit-function-declaration -Wint-to-pointer-cast -Wmissing-declarations -Wmissing-prototypes -Wnested-externs -Wold-style-definition -Wpacked -Wpointer-sign -Wpointer-to-int-cast -Wredundant-decls -Wstrict-prototypes -Wswitch -Wunused-but-set-variable -Wunused-variable -Wunused-function -Wunused-parameter -finline-functions -Wno-aggregate-return -Wno-inline -Wno-missing-format-attribute -Wno-missing-noreturn -Wno-overlength-strings -Wlarger-than=2560 -Wlogical-op -Wframe-larger-than=16384 -Wpacked-bitfield-compat -Wsync-nand -Wno-unsuffixed-float-constants -Wdouble-promotion -Wtrampolines -Wstack-usage=8192 -Wmaybe-uninitialized -Wno-jump-misses-init -Wstrict-overflow=2 -Wno-suggest-attribute=const -Wno-suggest-attribute=noreturn -Wno-suggest-attribute=pure -Wno-suggest-attribute=format -Wdate-time -Warray-bounds=2 -Wc99-c11-compat -Wincompatible-pointer-types -Wint-conversion -Wduplicated-cond -Whsa -Wnormalized -Wnull-dereference -Wunused-const-variable -Walloca -Walloc-zero -Wduplicated-branches -Wformat-overflow=2 -Wformat-truncation=1 -Wrestrict -Wattribute-alias -Wshift-overflow=2 -Wcast-function-type -Wcast-align=strict -Wno-suggest-attribute=cold -Wno-suggest-attribute=malloc -Wattribute-alias=2 -Wmissing-profile -Wc11-c2x-compat -MD -MT test/CMakeFiles/hdf5_test-shared.dir/external_common.c.o -MF test/CMakeFiles/hdf5_test-shared.dir/external_common.c.o.d -o test/CMakeFiles/hdf5_test-shared.dir/external_common.c.o -c /home/byrn/HDF_Projects/hdf5/dev/test/external_common.c
[724/4114] /usr/bin/cc -DH5_BUILT_AS_DYNAMIC_LIB -DH5_HAVE_TEST_API -DH5_TEST_EXPRESS_LEVEL_DEFAULT=2 -D_FILE_OFFSET_BITS=64 -D_GNU_SOURCE -D_LARGEFILE_SOURCE -D_POSIX_C_SOURCE=200809L -Dhdf5_test_shared_EXPORTS -I/home/byrn/HDF_Projects/hdf5/dev/src -I/home/byrn/HDF_Projects/hdf5/dev/src/H5FDsubfiling -I/home/byrn/HDF_Projects/hdf5/build/ci-StdShar-GNUC/src -I/home/byrn/HDF_Projects/hdf5/build/ci-StdShar-GNUC/test -std=c99  -fstdarg-opt -fdiagnostics-urls=never -fno-diagnostics-color -fmessage-length=0 -O2 -g -DNDEBUG -std=gnu99 -fPIC -Wall -Wcast-qual -Wconversion -Wextra -Wfloat-equal -Wformat=2 -Winit-self -Winvalid-pch -Wmissing-include-dirs -Wshadow -Wundef -Wwrite-strings -pedantic -Wno-c++-compat -Wbad-function-cast -Wcast-align -Wformat -Wimplicit-function-declaration -Wint-to-pointer-cast -Wmissing-declarations -Wmissing-prototypes -Wnested-externs -Wold-style-definition -Wpacked -Wpointer-sign -Wpointer-to-int-cast -Wredundant-decls -Wstrict-prototypes -Wswitch -Wunused-but-set-variable -Wunused-variable -Wunused-function -Wunused-parameter -finline-functions -Wno-aggregate-return -Wno-inline -Wno-missing-format-attribute -Wno-missing-noreturn -Wno-overlength-strings -Wlarger-than=2560 -Wlogical-op -Wframe-larger-than=16384 -Wpacked-bitfield-compat -Wsync-nand -Wno-unsuffixed-float-constants -Wdouble-promotion -Wtrampolines -Wstack-usage=8192 -Wmaybe-uninitialized -Wno-jump-misses-init -Wstrict-overflow=2 -Wno-suggest-attribute=const -Wno-suggest-attribute=noreturn -Wno-suggest-attribute=pure -Wno-suggest-attribute=format -Wdate-time -Warray-bounds=2 -Wc99-c11-compat -Wincompatible-pointer-types -Wint-conversion -Wduplicated-cond -Whsa -Wnormalized -Wnull-dereference -Wunused-const-variable -Walloca -Walloc-zero -Wduplicated-branches -Wformat-overflow=2 -Wformat-truncation=1 -Wrestrict -Wattribute-alias -Wshift-overflow=2 -Wcast-function-type -Wcast-align=strict -Wno-suggest-attribute=cold -Wno-suggest-attribute=malloc -Wattribute-alias=2 -Wmissing-profile -Wc11-c2x-compat -MD -MT test/CMakeFiles/hdf5_test-shared.dir/h5test.c.o -MF test/CMakeFiles/hdf5_test-shared.dir/h5test.c.o.d -o test/CMakeFiles/hdf5_test-shared.dir/h5test.c.o -c /home/byrn/HDF_Projects/hdf5/dev/test/h5test.c
[725/4114] /usr/bin/cc -DH5_BUILT_AS_DYNAMIC_LIB -D_FILE_OFFSET_BITS=64 -D_GNU_SOURCE -D_LARGEFILE_SOURCE -D_POSIX_C_SOURCE=200809L -Dfilter_plugin1_dsets_EXPORTS -I/home/byrn/HDF_Projects/hdf5/dev/src -I/home/byrn/HDF_Projects/hdf5/dev/src/H5FDsubfiling -I/home/byrn/HDF_Projects/hdf5/build/ci-StdShar-GNUC/src -I/home/byrn/HDF_Projects/hdf5/build/ci-StdShar-GNUC/test -I/home/byrn/HDF_Projects/hdf5/dev/test -std=c99  -fstdarg-opt -fdiagnostics-urls=never -fno-diagnostics-color -fmessage-length=0 -O2 -g -DNDEBUG -std=gnu99 -fPIC -MD -MT test/CMakeFiles/filter_plugin1_dsets.dir/filter_plugin1_dsets.c.o -MF test/CMakeFiles/filter_plugin1_dsets.dir/filter_plugin1_dsets.c.o.d -o test/CMakeFiles/filter_plugin1_dsets.dir/filter_plugin1_dsets.c.o -c /home/byrn/HDF_Projects/hdf5/dev/test/filter_plugin1_dsets.c
[726/4114] /usr/bin/cc -DH5_BUILT_AS_DYNAMIC_LIB -DH5_HAVE_TEST_API -DH5_TEST_EXPRESS_LEVEL_DEFAULT=2 -D_FILE_OFFSET_BITS=64 -D_GNU_SOURCE -D_LARGEFILE_SOURCE -D_POSIX_C_SOURCE=200809L -Dhdf5_test_shared_EXPORTS -I/home/byrn/HDF_Projects/hdf5/dev/src -I/home/byrn/HDF_Projects/hdf5/dev/src/H5FDsubfiling -I/home/byrn/HDF_Projects/hdf5/build/ci-StdShar-GNUC/src -I/home/byrn/HDF_Projects/hdf5/build/ci-StdShar-GNUC/test -std=c99  -fstdarg-opt -fdiagnostics-urls=never -fno-diagnostics-color -fmessage-length=0 -O2 -g -DNDEBUG -std=gnu99 -fPIC -Wall -Wcast-qual -Wconversion -Wextra -Wfloat-equal -Wformat=2 -Winit-self -Winvalid-pch -Wmissing-include-dirs -Wshadow -Wundef -Wwrite-strings -pedantic -Wno-c++-compat -Wbad-function-cast -Wcast-align -Wformat -Wimplicit-function-declaration -Wint-to-pointer-cast -Wmissing-declarations -Wmissing-prototypes -Wnested-externs -Wold-style-definition -Wpacked -Wpointer-sign -Wpointer-to-int-cast -Wredundant-decls -Wstrict-prototypes -Wswitch -Wunused-but-set-variable -Wunused-variable -Wunused-function -Wunused-parameter -finline-functions -Wno-aggregate-return -Wno-inline -Wno-missing-format-attribute -Wno-missing-noreturn -Wno-overlength-strings -Wlarger-than=2560 -Wlogical-op -Wframe-larger-than=16384 -Wpacked-bitfield-compat -Wsync-nand -Wno-unsuffixed-float-constants -Wdouble-promotion -Wtrampolines -Wstack-usage=8192 -Wmaybe-uninitialized -Wno-jump-misses-init -Wstrict-overflow=2 -Wno-suggest-attribute=const -Wno-suggest-attribute=noreturn -Wno-suggest-attribute=pure -Wno-suggest-attribute=format -Wdate-time -Warray-bounds=2 -Wc99-c11-compat -Wincompatible-pointer-types -Wint-conversion -Wduplicated-cond -Whsa -Wnormalized -Wnull-dereference -Wunused-const-variable -Walloca -Walloc-zero -Wduplicated-branches -Wformat-overflow=2 -Wformat-truncation=1 -Wrestrict -Wattribute-alias -Wshift-overflow=2 -Wcast-function-type -Wcast-align=strict -Wno-suggest-attribute=cold -Wno-suggest-attribute=malloc -Wattribute-alias=2 -Wmissing-profile -Wc11-c2x-compat -MD -MT test/CMakeFiles/hdf5_test-shared.dir/swmr_common.c.o -MF test/CMakeFiles/hdf5_test-shared.dir/swmr_common.c.o.d -o test/CMakeFiles/hdf5_test-shared.dir/swmr_common.c.o -c /home/byrn/HDF_Projects/hdf5/dev/test/swmr_common.c
[727/4114] /usr/bin/cc -DH5_BUILT_AS_DYNAMIC_LIB -D_FILE_OFFSET_BITS=64 -D_GNU_SOURCE -D_LARGEFILE_SOURCE -D_POSIX_C_SOURCE=200809L -Dfilter_plugin3_dsets_EXPORTS -I/home/byrn/HDF_Projects/hdf5/dev/src -I/home/byrn/HDF_Projects/hdf5/dev/src/H5FDsubfiling -I/home/byrn/HDF_Projects/hdf5/build/ci-StdShar-GNUC/src -I/home/byrn/HDF_Projects/hdf5/build/ci-StdShar-GNUC/test -I/home/byrn/HDF_Projects/hdf5/dev/test -std=c99  -fstdarg-opt -fdiagnostics-urls=never -fno-diagnostics-color -fmessage-length=0 -O2 -g -DNDEBUG -std=gnu99 -fPIC -MD -MT test/CMakeFiles/filter_plugin3_dsets.dir/filter_plugin3_dsets.c.o -MF test/CMakeFiles/filter_plugin3_dsets.dir/filter_plugin3_dsets.c.o.d -o test/CMakeFiles/filter_plugin3_dsets.dir/filter_plugin3_dsets.c.o -c /home/byrn/HDF_Projects/hdf5/dev/test/filter_plugin3_dsets.c
[728/4114] /usr/bin/cc -DH5_BUILT_AS_DYNAMIC_LIB -D_FILE_OFFSET_BITS=64 -D_GNU_SOURCE -D_LARGEFILE_SOURCE -D_POSIX_C_SOURCE=200809L -Dfilter_plugin2_dsets_EXPORTS -I/home/byrn/HDF_Projects/hdf5/dev/src -I/home/byrn/HDF_Projects/hdf5/dev/src/H5FDsubfiling -I/home/byrn/HDF_Projects/hdf5/build/ci-StdShar-GNUC/src -I/home/byrn/HDF_Projects/hdf5/build/ci-StdShar-GNUC/test -I/home/byrn/HDF_Projects/hdf5/dev/test -std=c99  -fstdarg-opt -fdiagnostics-urls=never -fno-diagnostics-color -fmessage-length=0 -O2 -g -DNDEBUG -std=gnu99 -fPIC -MD -MT test/CMakeFiles/filter_plugin2_dsets.dir/filter_plugin2_dsets.c.o -MF test/CMakeFiles/filter_plugin2_dsets.dir/filter_plugin2_dsets.c.o.d -o test/CMakeFiles/filter_plugin2_dsets.dir/filter_plugin2_dsets.c.o -c /home/byrn/HDF_Projects/hdf5/dev/test/filter_plugin2_dsets.c
[729/4114] /usr/bin/cc -DH5_BUILT_AS_DYNAMIC_LIB -D_FILE_OFFSET_BITS=64 -D_GNU_SOURCE -D_LARGEFILE_SOURCE -D_POSIX_C_SOURCE=200809L -Dfilter_plugin4_groups_EXPORTS -I/home/byrn/HDF_Projects/hdf5/dev/src -I/home/byrn/HDF_Projects/hdf5/dev/src/H5FDsubfiling -I/home/byrn/HDF_Projects/hdf5/build/ci-StdShar-GNUC/src -I/home/byrn/HDF_Projects/hdf5/build/ci-StdShar-GNUC/test -I/home/byrn/HDF_Projects/hdf5/dev/test -std=c99  -fstdarg-opt -fdiagnostics-urls=never -fno-diagnostics-color -fmessage-length=0 -O2 -g -DNDEBUG -std=gnu99 -fPIC -MD -MT test/CMakeFiles/filter_plugin4_groups.dir/filter_plugin4_groups.c.o -MF test/CMakeFiles/filter_plugin4_groups.dir/filter_plugin4_groups.c.o.d -o test/CMakeFiles/filter_plugin4_groups.dir/filter_plugin4_groups.c.o -c /home/byrn/HDF_Projects/hdf5/dev/test/filter_plugin4_groups.c
[730/4114] /usr/bin/cc -DH5_BUILT_AS_DYNAMIC_LIB -D_FILE_OFFSET_BITS=64 -D_GNU_SOURCE -D_LARGEFILE_SOURCE -D_POSIX_C_SOURCE=200809L -Dnull_vfd_plugin_EXPORTS -I/home/byrn/HDF_Projects/hdf5/dev/src -I/home/byrn/HDF_Projects/hdf5/dev/src/H5FDsubfiling -I/home/byrn/HDF_Projects/hdf5/build/ci-StdShar-GNUC/src -I/home/byrn/HDF_Projects/hdf5/build/ci-StdShar-GNUC/test -I/home/byrn/HDF_Projects/hdf5/dev/test -std=c99  -fstdarg-opt -fdiagnostics-urls=never -fno-diagnostics-color -fmessage-length=0 -O2 -g -DNDEBUG -std=gnu99 -fPIC -MD -MT test/CMakeFiles/null_vfd_plugin.dir/null_vfd_plugin.c.o -MF test/CMakeFiles/null_vfd_plugin.dir/null_vfd_plugin.c.o.d -o test/CMakeFiles/null_vfd_plugin.dir/null_vfd_plugin.c.o -c /home/byrn/HDF_Projects/hdf5/dev/test/null_vfd_plugin.c
[731/4114] /usr/bin/cc -DH5_BUILT_AS_DYNAMIC_LIB -D_FILE_OFFSET_BITS=64 -D_GNU_SOURCE -D_LARGEFILE_SOURCE -D_POSIX_C_SOURCE=200809L -Dnull_vol_connector_EXPORTS -I/home/byrn/HDF_Projects/hdf5/dev/src -I/home/byrn/HDF_Projects/hdf5/dev/src/H5FDsubfiling -I/home/byrn/HDF_Projects/hdf5/build/ci-StdShar-GNUC/src -I/home/byrn/HDF_Projects/hdf5/build/ci-StdShar-GNUC/test -I/home/byrn/HDF_Projects/hdf5/dev/test -std=c99  -fstdarg-opt -fdiagnostics-urls=never -fno-diagnostics-color -fmessage-length=0 -O2 -g -DNDEBUG -std=gnu99 -fPIC -MD -MT test/CMakeFiles/null_vol_connector.dir/null_vol_connector.c.o -MF test/CMakeFiles/null_vol_connector.dir/null_vol_connector.c.o.d -o test/CMakeFiles/null_vol_connector.dir/null_vol_connector.c.o -c /home/byrn/HDF_Projects/hdf5/dev/test/null_vol_connector.c
[732/4114] /usr/bin/cc -DH5_HAVE_TEST_API -DH5_TEST_EXPRESS_LEVEL_DEFAULT=2 -D_FILE_OFFSET_BITS=64 -D_GNU_SOURCE -D_LARGEFILE_SOURCE -D_POSIX_C_SOURCE=200809L -I/home/byrn/HDF_Projects/hdf5/dev/src -I/home/byrn/HDF_Projects/hdf5/dev/src/H5FDsubfiling -I/home/byrn/HDF_Projects/hdf5/build/ci-StdShar-GNUC/src -I/home/byrn/HDF_Projects/hdf5/build/ci-StdShar-GNUC/test -std=c99  -fstdarg-opt -fdiagnostics-urls=never -fno-diagnostics-color -fmessage-length=0 -O2 -g -DNDEBUG -std=gnu99 -fPIC -Wall -Wcast-qual -Wconversion -Wextra -Wfloat-equal -Wformat=2 -Winit-self -Winvalid-pch -Wmissing-include-dirs -Wshadow -Wundef -Wwrite-strings -pedantic -Wno-c++-compat -Wbad-function-cast -Wcast-align -Wformat -Wimplicit-function-declaration -Wint-to-pointer-cast -Wmissing-declarations -Wmissing-prototypes -Wnested-externs -Wold-style-definition -Wpacked -Wpointer-sign -Wpointer-to-int-cast -Wredundant-decls -Wstrict-prototypes -Wswitch -Wunused-but-set-variable -Wunused-variable -Wunused-function -Wunused-parameter -finline-functions -Wno-aggregate-return -Wno-inline -Wno-missing-format-attribute -Wno-missing-noreturn -Wno-overlength-strings -Wlarger-than=2560 -Wlogical-op -Wframe-larger-than=16384 -Wpacked-bitfield-compat -Wsync-nand -Wno-unsuffixed-float-constants -Wdouble-promotion -Wtrampolines -Wstack-usage=8192 -Wmaybe-uninitialized -Wno-jump-misses-init -Wstrict-overflow=2 -Wno-suggest-attribute=const -Wno-suggest-attribute=noreturn -Wno-suggest-attribute=pure -Wno-suggest-attribute=format -Wdate-time -Warray-bounds=2 -Wc99-c11-compat -Wincompatible-pointer-types -Wint-conversion -Wduplicated-cond -Whsa -Wnormalized -Wnull-dereference -Wunused-const-variable -Walloca -Walloc-zero -Wduplicated-branches -Wformat-overflow=2 -Wformat-truncation=1 -Wrestrict -Wattribute-alias -Wshift-overflow=2 -Wcast-function-type -Wcast-align=strict -Wno-suggest-attribute=cold -Wno-suggest-attribute=malloc -Wattribute-alias=2 -Wmissing-profile -Wc11-c2x-compat -MD -MT test/CMakeFiles/hdf5_test-static.dir/cache_common.c.o -MF test/CMakeFiles/hdf5_test-static.dir/cache_common.c.o.d -o test/CMakeFiles/hdf5_test-static.dir/cache_common.c.o -c /home/byrn/HDF_Projects/hdf5/dev/test/cache_common.c
[733/4114] /usr/bin/cc -DH5_BUILT_AS_DYNAMIC_LIB -DH5_HAVE_TEST_API -D_FILE_OFFSET_BITS=64 -D_GNU_SOURCE -D_LARGEFILE_SOURCE -D_POSIX_C_SOURCE=200809L -I/home/byrn/HDF_Projects/hdf5/dev/src -I/home/byrn/HDF_Projects/hdf5/dev/src/H5FDsubfiling -I/home/byrn/HDF_Projects/hdf5/build/ci-StdShar-GNUC/src -I/home/byrn/HDF_Projects/hdf5/build/ci-StdShar-GNUC/test -I/home/byrn/HDF_Projects/hdf5/dev/test -std=c99  -fstdarg-opt -fdiagnostics-urls=never -fno-diagnostics-color -fmessage-length=0 -O2 -g -DNDEBUG -std=gnu99 -fPIE -Wall -Wcast-qual -Wconversion -Wextra -Wfloat-equal -Wformat=2 -Winit-self -Winvalid-pch -Wmissing-include-dirs -Wshadow -Wundef -Wwrite-strings -pedantic -Wno-c++-compat -Wbad-function-cast -Wcast-align -Wformat -Wimplicit-function-declaration -Wint-to-pointer-cast -Wmissing-declarations -Wmissing-prototypes -Wnested-externs -Wold-style-definition -Wpacked -Wpointer-sign -Wpointer-to-int-cast -Wredundant-decls -Wstrict-prototypes -Wswitch -Wunused-but-set-variable -Wunused-variable -Wunused-function -Wunused-parameter -finline-functions -Wno-aggregate-return -Wno-inline -Wno-missing-format-attribute -Wno-missing-noreturn -Wno-overlength-strings -Wlarger-than=2560 -Wlogical-op -Wframe-larger-than=16384 -Wpacked-bitfield-compat -Wsync-nand -Wno-unsuffixed-float-constants -Wdouble-promotion -Wtrampolines -Wstack-usage=8192 -Wmaybe-uninitialized -Wno-jump-misses-init -Wstrict-overflow=2 -Wno-suggest-attribute=const -Wno-suggest-attribute=noreturn -Wno-suggest-attribute=pure -Wno-suggest-attribute=format -Wdate-time -Warray-bounds=2 -Wc99-c11-compat -Wincompatible-pointer-types -Wint-conversion -Wduplicated-cond -Whsa -Wnormalized -Wnull-dereference -Wunused-const-variable -Walloca -Walloc-zero -Wduplicated-branches -Wformat-overflow=2 -Wformat-truncation=1 -Wrestrict -Wattribute-alias -Wshift-overflow=2 -Wcast-function-type -Wcast-align=strict -Wno-suggest-attribute=cold -Wno-suggest-attribute=malloc -Wattribute-alias=2 -Wmissing-profile -Wc11-c2x-compat -MD -MT test/CMakeFiles/lheap.dir/lheap.c.o -MF test/CMakeFiles/lheap.dir/lheap.c.o.d -o test/CMakeFiles/lheap.dir/lheap.c.o -c /home/byrn/HDF_Projects/hdf5/dev/test/lheap.c
[734/4114] /usr/bin/cc -DH5_BUILT_AS_DYNAMIC_LIB -D_FILE_OFFSET_BITS=64 -D_GNU_SOURCE -D_LARGEFILE_SOURCE -D_POSIX_C_SOURCE=200809L -Dhdf5_shared_EXPORTS -I/home/byrn/HDF_Projects/hdf5/dev/src -I/home/byrn/HDF_Projects/hdf5/dev/src/H5FDsubfiling -I/home/byrn/HDF_Projects/hdf5/build/ci-StdShar-GNUC/src -I/home/byrn/HDF_Projects/hdf5/build/ci-StdShar-GNUC/_deps/hdf5_zlib-build -I/home/byrn/HDF_Projects/hdf5/build/ci-StdShar-GNUC/_deps/hdf5_zlib-src -I/home/byrn/HDF_Projects/hdf5/build/ci-StdShar-GNUC/_deps/szip-build -I/home/byrn/HDF_Projects/hdf5/build/ci-StdShar-GNUC/_deps/szip-src/include -I/home/byrn/HDF_Projects/hdf5/build/ci-StdShar-GNUC/_deps/szip-src -std=c99  -fstdarg-opt -fdiagnostics-urls=never -fno-diagnostics-color -fmessage-length=0 -O2 -g -DNDEBUG -std=gnu99 -fPIC -Wall -Wcast-qual -Wconversion -Wextra -Wfloat-equal -Wformat=2 -Winit-self -Winvalid-pch -Wmissing-include-dirs -Wshadow -Wundef -Wwrite-strings -pedantic -Wno-c++-compat -Wbad-function-cast -Wcast-align -Wformat -Wimplicit-function-declaration -Wint-to-pointer-cast -Wmissing-declarations -Wmissing-prototypes -Wnested-externs -Wold-style-definition -Wpacked -Wpointer-sign -Wpointer-to-int-cast -Wredundant-decls -Wstrict-prototypes -Wswitch -Wunused-but-set-variable -Wunused-variable -Wunused-function -Wunused-parameter -finline-functions -Wno-aggregate-return -Wno-inline -Wno-missing-format-attribute -Wno-missing-noreturn -Wno-overlength-strings -Wlarger-than=2560 -Wlogical-op -Wframe-larger-than=16384 -Wpacked-bitfield-compat -Wsync-nand -Wno-unsuffixed-float-constants -Wdouble-promotion -Wtrampolines -Wstack-usage=8192 -Wmaybe-uninitialized -Wno-jump-misses-init -Wstrict-overflow=2 -Wno-suggest-attribute=const -Wno-suggest-attribute=noreturn -Wno-suggest-attribute=pure -Wno-suggest-attribute=format -Wdate-time -Warray-bounds=2 -Wc99-c11-compat -Wincompatible-pointer-types -Wint-conversion -Wduplicated-cond -Whsa -Wnormalized -Wnull-dereference -Wunused-const-variable -Walloca -Walloc-zero -Wduplicated-branches -Wformat-overflow=2 -Wformat-truncation=1 -Wrestrict -Wattribute-alias -Wshift-overflow=2 -Wcast-function-type -Wcast-align=strict -Wno-suggest-attribute=cold -Wno-suggest-attribute=malloc -Wattribute-alias=2 -Wmissing-profile -Wc11-c2x-compat -MD -MT src/CMakeFiles/hdf5-shared.dir/H5Ztrans.c.o -MF src/CMakeFiles/hdf5-shared.dir/H5Ztrans.c.o.d -o src/CMakeFiles/hdf5-shared.dir/H5Ztrans.c.o -c /home/byrn/HDF_Projects/hdf5/dev/src/H5Ztrans.c
[735/4114] : && /usr/bin/cmake -E rm -f bin/libhdf5_test.a && /usr/bin/ar qc bin/libhdf5_test.a  test/CMakeFiles/hdf5_test-static.dir/h5test.c.o test/CMakeFiles/hdf5_test-static.dir/testframe.c.o test/CMakeFiles/hdf5_test-static.dir/cache_common.c.o test/CMakeFiles/hdf5_test-static.dir/external_common.c.o test/CMakeFiles/hdf5_test-static.dir/swmr_common.c.o && /usr/bin/ranlib bin/libhdf5_test.a && :
[736/4114] /usr/bin/cc -DH5_BUILT_AS_DYNAMIC_LIB -D_FILE_OFFSET_BITS=64 -D_GNU_SOURCE -D_LARGEFILE_SOURCE -D_POSIX_C_SOURCE=200809L -Dhdf5_shared_EXPORTS -I/home/byrn/HDF_Projects/hdf5/dev/src -I/home/byrn/HDF_Projects/hdf5/dev/src/H5FDsubfiling -I/home/byrn/HDF_Projects/hdf5/build/ci-StdShar-GNUC/src -I/home/byrn/HDF_Projects/hdf5/build/ci-StdShar-GNUC/_deps/hdf5_zlib-build -I/home/byrn/HDF_Projects/hdf5/build/ci-StdShar-GNUC/_deps/hdf5_zlib-src -I/home/byrn/HDF_Projects/hdf5/build/ci-StdShar-GNUC/_deps/szip-build -I/home/byrn/HDF_Projects/hdf5/build/ci-StdShar-GNUC/_deps/szip-src/include -I/home/byrn/HDF_Projects/hdf5/build/ci-StdShar-GNUC/_deps/szip-src -std=c99  -fstdarg-opt -fdiagnostics-urls=never -fno-diagnostics-color -fmessage-length=0 -O2 -g -DNDEBUG -std=gnu99 -fPIC -Wall -Wcast-qual -Wconversion -Wextra -Wfloat-equal -Wformat=2 -Winit-self -Winvalid-pch -Wmissing-include-dirs -Wshadow -Wundef -Wwrite-strings -pedantic -Wno-c++-compat -Wbad-function-cast -Wcast-align -Wformat -Wimplicit-function-declaration -Wint-to-pointer-cast -Wmissing-declarations -Wmissing-prototypes -Wnested-externs -Wold-style-definition -Wpacked -Wpointer-sign -Wpointer-to-int-cast -Wredundant-decls -Wstrict-prototypes -Wswitch -Wunused-but-set-variable -Wunused-variable -Wunused-function -Wunused-parameter -finline-functions -Wno-aggregate-return -Wno-inline -Wno-missing-format-attribute -Wno-missing-noreturn -Wno-overlength-strings -Wlarger-than=2560 -Wlogical-op -Wframe-larger-than=16384 -Wpacked-bitfield-compat -Wsync-nand -Wno-unsuffixed-float-constants -Wdouble-promotion -Wtrampolines -Wstack-usage=8192 -Wmaybe-uninitialized -Wno-jump-misses-init -Wstrict-overflow=2 -Wno-suggest-attribute=const -Wno-suggest-attribute=noreturn -Wno-suggest-attribute=pure -Wno-suggest-attribute=format -Wdate-time -Warray-bounds=2 -Wc99-c11-compat -Wincompatible-pointer-types -Wint-conversion -Wduplicated-cond -Whsa -Wnormalized -Wnull-dereference -Wunused-const-variable -Walloca -Walloc-zero -Wduplicated-branches -Wformat-overflow=2 -Wformat-truncation=1 -Wrestrict -Wattribute-alias -Wshift-overflow=2 -Wcast-function-type -Wcast-align=strict -Wno-suggest-attribute=cold -Wno-suggest-attribute=malloc -Wattribute-alias=2 -Wmissing-profile -Wc11-c2x-compat -MD -MT src/CMakeFiles/hdf5-shared.dir/H5Zscaleoffset.c.o -MF src/CMakeFiles/hdf5-shared.dir/H5Zscaleoffset.c.o.d -o src/CMakeFiles/hdf5-shared.dir/H5Zscaleoffset.c.o -c /home/byrn/HDF_Projects/hdf5/dev/src/H5Zscaleoffset.c
[737/4114] /usr/bin/cc -DH5_BUILT_AS_DYNAMIC_LIB -DH5_HAVE_TEST_API -DH5_TEST_EXPRESS_LEVEL_DEFAULT=2 -D_FILE_OFFSET_BITS=64 -D_GNU_SOURCE -D_LARGEFILE_SOURCE -D_POSIX_C_SOURCE=200809L -Dhdf5_test_shared_EXPORTS -I/home/byrn/HDF_Projects/hdf5/dev/src -I/home/byrn/HDF_Projects/hdf5/dev/src/H5FDsubfiling -I/home/byrn/HDF_Projects/hdf5/build/ci-StdShar-GNUC/src -I/home/byrn/HDF_Projects/hdf5/build/ci-StdShar-GNUC/test -std=c99  -fstdarg-opt -fdiagnostics-urls=never -fno-diagnostics-color -fmessage-length=0 -O2 -g -DNDEBUG -std=gnu99 -fPIC -Wall -Wcast-qual -Wconversion -Wextra -Wfloat-equal -Wformat=2 -Winit-self -Winvalid-pch -Wmissing-include-dirs -Wshadow -Wundef -Wwrite-strings -pedantic -Wno-c++-compat -Wbad-function-cast -Wcast-align -Wformat -Wimplicit-function-declaration -Wint-to-pointer-cast -Wmissing-declarations -Wmissing-prototypes -Wnested-externs -Wold-style-definition -Wpacked -Wpointer-sign -Wpointer-to-int-cast -Wredundant-decls -Wstrict-prototypes -Wswitch -Wunused-but-set-variable -Wunused-variable -Wunused-function -Wunused-parameter -finline-functions -Wno-aggregate-return -Wno-inline -Wno-missing-format-attribute -Wno-missing-noreturn -Wno-overlength-strings -Wlarger-than=2560 -Wlogical-op -Wframe-larger-than=16384 -Wpacked-bitfield-compat -Wsync-nand -Wno-unsuffixed-float-constants -Wdouble-promotion -Wtrampolines -Wstack-usage=8192 -Wmaybe-uninitialized -Wno-jump-misses-init -Wstrict-overflow=2 -Wno-suggest-attribute=const -Wno-suggest-attribute=noreturn -Wno-suggest-attribute=pure -Wno-suggest-attribute=format -Wdate-time -Warray-bounds=2 -Wc99-c11-compat -Wincompatible-pointer-types -Wint-conversion -Wduplicated-cond -Whsa -Wnormalized -Wnull-dereference -Wunused-const-variable -Walloca -Walloc-zero -Wduplicated-branches -Wformat-overflow=2 -Wformat-truncation=1 -Wrestrict -Wattribute-alias -Wshift-overflow=2 -Wcast-function-type -Wcast-align=strict -Wno-suggest-attribute=cold -Wno-suggest-attribute=malloc -Wattribute-alias=2 -Wmissing-profile -Wc11-c2x-compat -MD -MT test/CMakeFiles/hdf5_test-shared.dir/cache_common.c.o -MF test/CMakeFiles/hdf5_test-shared.dir/cache_common.c.o.d -o test/CMakeFiles/hdf5_test-shared.dir/cache_common.c.o -c /home/byrn/HDF_Projects/hdf5/dev/test/cache_common.c
[738/4114] /usr/bin/cc -DH5_BUILT_AS_DYNAMIC_LIB -DH5_HAVE_TEST_API -D_FILE_OFFSET_BITS=64 -D_GNU_SOURCE -D_LARGEFILE_SOURCE -D_POSIX_C_SOURCE=200809L -I/home/byrn/HDF_Projects/hdf5/dev/src -I/home/byrn/HDF_Projects/hdf5/dev/src/H5FDsubfiling -I/home/byrn/HDF_Projects/hdf5/build/ci-StdShar-GNUC/src -I/home/byrn/HDF_Projects/hdf5/build/ci-StdShar-GNUC/test -I/home/byrn/HDF_Projects/hdf5/dev/test -std=c99  -fstdarg-opt -fdiagnostics-urls=never -fno-diagnostics-color -fmessage-length=0 -O2 -g -DNDEBUG -std=gnu99 -fPIE -Wall -Wcast-qual -Wconversion -Wextra -Wfloat-equal -Wformat=2 -Winit-self -Winvalid-pch -Wmissing-include-dirs -Wshadow -Wundef -Wwrite-strings -pedantic -Wno-c++-compat -Wbad-function-cast -Wcast-align -Wformat -Wimplicit-function-declaration -Wint-to-pointer-cast -Wmissing-declarations -Wmissing-prototypes -Wnested-externs -Wold-style-definition -Wpacked -Wpointer-sign -Wpointer-to-int-cast -Wredundant-decls -Wstrict-prototypes -Wswitch -Wunused-but-set-variable -Wunused-variable -Wunused-function -Wunused-parameter -finline-functions -Wno-aggregate-return -Wno-inline -Wno-missing-format-attribute -Wno-missing-noreturn -Wno-overlength-strings -Wlarger-than=2560 -Wlogical-op -Wframe-larger-than=16384 -Wpacked-bitfield-compat -Wsync-nand -Wno-unsuffixed-float-constants -Wdouble-promotion -Wtrampolines -Wstack-usage=8192 -Wmaybe-uninitialized -Wno-jump-misses-init -Wstrict-overflow=2 -Wno-suggest-attribute=const -Wno-suggest-attribute=noreturn -Wno-suggest-attribute=pure -Wno-suggest-attribute=format -Wdate-time -Warray-bounds=2 -Wc99-c11-compat -Wincompatible-pointer-types -Wint-conversion -Wduplicated-cond -Whsa -Wnormalized -Wnull-dereference -Wunused-const-variable -Walloca -Walloc-zero -Wduplicated-branches -Wformat-overflow=2 -Wformat-truncation=1 -Wrestrict -Wattribute-alias -Wshift-overflow=2 -Wcast-function-type -Wcast-align=strict -Wno-suggest-attribute=cold -Wno-suggest-attribute=malloc -Wattribute-alias=2 -Wmissing-profile -Wc11-c2x-compat -MD -MT test/CMakeFiles/gheap.dir/gheap.c.o -MF test/CMakeFiles/gheap.dir/gheap.c.o.d -o test/CMakeFiles/gheap.dir/gheap.c.o -c /home/byrn/HDF_Projects/hdf5/dev/test/gheap.c
[739/4114] /usr/bin/cc -DH5_BUILT_AS_DYNAMIC_LIB -DH5_HAVE_TEST_API -D_FILE_OFFSET_BITS=64 -D_GNU_SOURCE -D_LARGEFILE_SOURCE -D_POSIX_C_SOURCE=200809L -I/home/byrn/HDF_Projects/hdf5/dev/src -I/home/byrn/HDF_Projects/hdf5/dev/src/H5FDsubfiling -I/home/byrn/HDF_Projects/hdf5/build/ci-StdShar-GNUC/src -I/home/byrn/HDF_Projects/hdf5/build/ci-StdShar-GNUC/test -I/home/byrn/HDF_Projects/hdf5/dev/test -std=c99  -fstdarg-opt -fdiagnostics-urls=never -fno-diagnostics-color -fmessage-length=0 -O2 -g -DNDEBUG -std=gnu99 -fPIE -Wall -Wcast-qual -Wconversion -Wextra -Wfloat-equal -Wformat=2 -Winit-self -Winvalid-pch -Wmissing-include-dirs -Wshadow -Wundef -Wwrite-strings -pedantic -Wno-c++-compat -Wbad-function-cast -Wcast-align -Wformat -Wimplicit-function-declaration -Wint-to-pointer-cast -Wmissing-declarations -Wmissing-prototypes -Wnested-externs -Wold-style-definition -Wpacked -Wpointer-sign -Wpointer-to-int-cast -Wredundant-decls -Wstrict-prototypes -Wswitch -Wunused-but-set-variable -Wunused-variable -Wunused-function -Wunused-parameter -finline-functions -Wno-aggregate-return -Wno-inline -Wno-missing-format-attribute -Wno-missing-noreturn -Wno-overlength-strings -Wlarger-than=2560 -Wlogical-op -Wframe-larger-than=16384 -Wpacked-bitfield-compat -Wsync-nand -Wno-unsuffixed-float-constants -Wdouble-promotion -Wtrampolines -Wstack-usage=8192 -Wmaybe-uninitialized -Wno-jump-misses-init -Wstrict-overflow=2 -Wno-suggest-attribute=const -Wno-suggest-attribute=noreturn -Wno-suggest-attribute=pure -Wno-suggest-attribute=format -Wdate-time -Warray-bounds=2 -Wc99-c11-compat -Wincompatible-pointer-types -Wint-conversion -Wduplicated-cond -Whsa -Wnormalized -Wnull-dereference -Wunused-const-variable -Walloca -Walloc-zero -Wduplicated-branches -Wformat-overflow=2 -Wformat-truncation=1 -Wrestrict -Wattribute-alias -Wshift-overflow=2 -Wcast-function-type -Wcast-align=strict -Wno-suggest-attribute=cold -Wno-suggest-attribute=malloc -Wattribute-alias=2 -Wmissing-profile -Wc11-c2x-compat -MD -MT test/CMakeFiles/stab.dir/stab.c.o -MF test/CMakeFiles/stab.dir/stab.c.o.d -o test/CMakeFiles/stab.dir/stab.c.o -c /home/byrn/HDF_Projects/hdf5/dev/test/stab.c
[740/4114] /usr/bin/cc -DH5_BUILT_AS_DYNAMIC_LIB -DH5_HAVE_TEST_API -D_FILE_OFFSET_BITS=64 -D_GNU_SOURCE -D_LARGEFILE_SOURCE -D_POSIX_C_SOURCE=200809L -I/home/byrn/HDF_Projects/hdf5/dev/src -I/home/byrn/HDF_Projects/hdf5/dev/src/H5FDsubfiling -I/home/byrn/HDF_Projects/hdf5/build/ci-StdShar-GNUC/src -I/home/byrn/HDF_Projects/hdf5/build/ci-StdShar-GNUC/test -I/home/byrn/HDF_Projects/hdf5/dev/test -std=c99  -fstdarg-opt -fdiagnostics-urls=never -fno-diagnostics-color -fmessage-length=0 -O2 -g -DNDEBUG -std=gnu99 -fPIE -Wall -Wcast-qual -Wconversion -Wextra -Wfloat-equal -Wformat=2 -Winit-self -Winvalid-pch -Wmissing-include-dirs -Wshadow -Wundef -Wwrite-strings -pedantic -Wno-c++-compat -Wbad-function-cast -Wcast-align -Wformat -Wimplicit-function-declaration -Wint-to-pointer-cast -Wmissing-declarations -Wmissing-prototypes -Wnested-externs -Wold-style-definition -Wpacked -Wpointer-sign -Wpointer-to-int-cast -Wredundant-decls -Wstrict-prototypes -Wswitch -Wunused-but-set-variable -Wunused-variable -Wunused-function -Wunused-parameter -finline-functions -Wno-aggregate-return -Wno-inline -Wno-missing-format-attribute -Wno-missing-noreturn -Wno-overlength-strings -Wlarger-than=2560 -Wlogical-op -Wframe-larger-than=16384 -Wpacked-bitfield-compat -Wsync-nand -Wno-unsuffixed-float-constants -Wdouble-promotion -Wtrampolines -Wstack-usage=8192 -Wmaybe-uninitialized -Wno-jump-misses-init -Wstrict-overflow=2 -Wno-suggest-attribute=const -Wno-suggest-attribute=noreturn -Wno-suggest-attribute=pure -Wno-suggest-attribute=format -Wdate-time -Warray-bounds=2 -Wc99-c11-compat -Wincompatible-pointer-types -Wint-conversion -Wduplicated-cond -Whsa -Wnormalized -Wnull-dereference -Wunused-const-variable -Walloca -Walloc-zero -Wduplicated-branches -Wformat-overflow=2 -Wformat-truncation=1 -Wrestrict -Wattribute-alias -Wshift-overflow=2 -Wcast-function-type -Wcast-align=strict -Wno-suggest-attribute=cold -Wno-suggest-attribute=malloc -Wattribute-alias=2 -Wmissing-profile -Wc11-c2x-compat -MD -MT test/CMakeFiles/evict_on_close.dir/evict_on_close.c.o -MF test/CMakeFiles/evict_on_close.dir/evict_on_close.c.o.d -o test/CMakeFiles/evict_on_close.dir/evict_on_close.c.o -c /home/byrn/HDF_Projects/hdf5/dev/test/evict_on_close.c
[741/4114] /usr/bin/cc -DH5_BUILT_AS_DYNAMIC_LIB -DH5_HAVE_TEST_API -D_FILE_OFFSET_BITS=64 -D_GNU_SOURCE -D_LARGEFILE_SOURCE -D_POSIX_C_SOURCE=200809L -I/home/byrn/HDF_Projects/hdf5/dev/src -I/home/byrn/HDF_Projects/hdf5/dev/src/H5FDsubfiling -I/home/byrn/HDF_Projects/hdf5/build/ci-StdShar-GNUC/src -I/home/byrn/HDF_Projects/hdf5/build/ci-StdShar-GNUC/test -I/home/byrn/HDF_Projects/hdf5/dev/test -std=c99  -fstdarg-opt -fdiagnostics-urls=never -fno-diagnostics-color -fmessage-length=0 -O2 -g -DNDEBUG -std=gnu99 -fPIE -Wall -Wcast-qual -Wconversion -Wextra -Wfloat-equal -Wformat=2 -Winit-self -Winvalid-pch -Wmissing-include-dirs -Wshadow -Wundef -Wwrite-strings -pedantic -Wno-c++-compat -Wbad-function-cast -Wcast-align -Wformat -Wimplicit-function-declaration -Wint-to-pointer-cast -Wmissing-declarations -Wmissing-prototypes -Wnested-externs -Wold-style-definition -Wpacked -Wpointer-sign -Wpointer-to-int-cast -Wredundant-decls -Wstrict-prototypes -Wswitch -Wunused-but-set-variable -Wunused-variable -Wunused-function -Wunused-parameter -finline-functions -Wno-aggregate-return -Wno-inline -Wno-missing-format-attribute -Wno-missing-noreturn -Wno-overlength-strings -Wlarger-than=2560 -Wlogical-op -Wframe-larger-than=16384 -Wpacked-bitfield-compat -Wsync-nand -Wno-unsuffixed-float-constants -Wdouble-promotion -Wtrampolines -Wstack-usage=8192 -Wmaybe-uninitialized -Wno-jump-misses-init -Wstrict-overflow=2 -Wno-suggest-attribute=const -Wno-suggest-attribute=noreturn -Wno-suggest-attribute=pure -Wno-suggest-attribute=format -Wdate-time -Warray-bounds=2 -Wc99-c11-compat -Wincompatible-pointer-types -Wint-conversion -Wduplicated-cond -Whsa -Wnormalized -Wnull-dereference -Wunused-const-variable -Walloca -Walloc-zero -Wduplicated-branches -Wformat-overflow=2 -Wformat-truncation=1 -Wrestrict -Wattribute-alias -Wshift-overflow=2 -Wcast-function-type -Wcast-align=strict -Wno-suggest-attribute=cold -Wno-suggest-attribute=malloc -Wattribute-alias=2 -Wmissing-profile -Wc11-c2x-compat -MD -MT test/CMakeFiles/istore.dir/istore.c.o -MF test/CMakeFiles/istore.dir/istore.c.o.d -o test/CMakeFiles/istore.dir/istore.c.o -c /home/byrn/HDF_Projects/hdf5/dev/test/istore.c
[742/4114] /usr/bin/cc -DH5_BUILT_AS_DYNAMIC_LIB -DH5_HAVE_TEST_API -D_FILE_OFFSET_BITS=64 -D_GNU_SOURCE -D_LARGEFILE_SOURCE -D_POSIX_C_SOURCE=200809L -I/home/byrn/HDF_Projects/hdf5/dev/src -I/home/byrn/HDF_Projects/hdf5/dev/src/H5FDsubfiling -I/home/byrn/HDF_Projects/hdf5/build/ci-StdShar-GNUC/src -I/home/byrn/HDF_Projects/hdf5/build/ci-StdShar-GNUC/test -I/home/byrn/HDF_Projects/hdf5/dev/test -std=c99  -fstdarg-opt -fdiagnostics-urls=never -fno-diagnostics-color -fmessage-length=0 -O2 -g -DNDEBUG -std=gnu99 -fPIE -Wall -Wcast-qual -Wconversion -Wextra -Wfloat-equal -Wformat=2 -Winit-self -Winvalid-pch -Wmissing-include-dirs -Wshadow -Wundef -Wwrite-strings -pedantic -Wno-c++-compat -Wbad-function-cast -Wcast-align -Wformat -Wimplicit-function-declaration -Wint-to-pointer-cast -Wmissing-declarations -Wmissing-prototypes -Wnested-externs -Wold-style-definition -Wpacked -Wpointer-sign -Wpointer-to-int-cast -Wredundant-decls -Wstrict-prototypes -Wswitch -Wunused-but-set-variable -Wunused-variable -Wunused-function -Wunused-parameter -finline-functions -Wno-aggregate-return -Wno-inline -Wno-missing-format-attribute -Wno-missing-noreturn -Wno-overlength-strings -Wlarger-than=2560 -Wlogical-op -Wframe-larger-than=16384 -Wpacked-bitfield-compat -Wsync-nand -Wno-unsuffixed-float-constants -Wdouble-promotion -Wtrampolines -Wstack-usage=8192 -Wmaybe-uninitialized -Wno-jump-misses-init -Wstrict-overflow=2 -Wno-suggest-attribute=const -Wno-suggest-attribute=noreturn -Wno-suggest-attribute=pure -Wno-suggest-attribute=format -Wdate-time -Warray-bounds=2 -Wc99-c11-compat -Wincompatible-pointer-types -Wint-conversion -Wduplicated-cond -Whsa -Wnormalized -Wnull-dereference -Wunused-const-variable -Walloca -Walloc-zero -Wduplicated-branches -Wformat-overflow=2 -Wformat-truncation=1 -Wrestrict -Wattribute-alias -Wshift-overflow=2 -Wcast-function-type -Wcast-align=strict -Wno-suggest-attribute=cold -Wno-suggest-attribute=malloc -Wattribute-alias=2 -Wmissing-profile -Wc11-c2x-compat -MD -MT test/CMakeFiles/bittests.dir/bittests.c.o -MF test/CMakeFiles/bittests.dir/bittests.c.o.d -o test/CMakeFiles/bittests.dir/bittests.c.o -c /home/byrn/HDF_Projects/hdf5/dev/test/bittests.c
[743/4114] /usr/bin/cc -DH5_BUILT_AS_DYNAMIC_LIB -DH5_HAVE_TEST_API -D_FILE_OFFSET_BITS=64 -D_GNU_SOURCE -D_LARGEFILE_SOURCE -D_POSIX_C_SOURCE=200809L -I/home/byrn/HDF_Projects/hdf5/dev/src -I/home/byrn/HDF_Projects/hdf5/dev/src/H5FDsubfiling -I/home/byrn/HDF_Projects/hdf5/build/ci-StdShar-GNUC/src -I/home/byrn/HDF_Projects/hdf5/build/ci-StdShar-GNUC/test -I/home/byrn/HDF_Projects/hdf5/dev/test -std=c99  -fstdarg-opt -fdiagnostics-urls=never -fno-diagnostics-color -fmessage-length=0 -O2 -g -DNDEBUG -std=gnu99 -fPIE -Wall -Wcast-qual -Wconversion -Wextra -Wfloat-equal -Wformat=2 -Winit-self -Winvalid-pch -Wmissing-include-dirs -Wshadow -Wundef -Wwrite-strings -pedantic -Wno-c++-compat -Wbad-function-cast -Wcast-align -Wformat -Wimplicit-function-declaration -Wint-to-pointer-cast -Wmissing-declarations -Wmissing-prototypes -Wnested-externs -Wold-style-definition -Wpacked -Wpointer-sign -Wpointer-to-int-cast -Wredundant-decls -Wstrict-prototypes -Wswitch -Wunused-but-set-variable -Wunused-variable -Wunused-function -Wunused-parameter -finline-functions -Wno-aggregate-return -Wno-inline -Wno-missing-format-attribute -Wno-missing-noreturn -Wno-overlength-strings -Wlarger-than=2560 -Wlogical-op -Wframe-larger-than=16384 -Wpacked-bitfield-compat -Wsync-nand -Wno-unsuffixed-float-constants -Wdouble-promotion -Wtrampolines -Wstack-usage=8192 -Wmaybe-uninitialized -Wno-jump-misses-init -Wstrict-overflow=2 -Wno-suggest-attribute=const -Wno-suggest-attribute=noreturn -Wno-suggest-attribute=pure -Wno-suggest-attribute=format -Wdate-time -Warray-bounds=2 -Wc99-c11-compat -Wincompatible-pointer-types -Wint-conversion -Wduplicated-cond -Whsa -Wnormalized -Wnull-dereference -Wunused-const-variable -Walloca -Walloc-zero -Wduplicated-branches -Wformat-overflow=2 -Wformat-truncation=1 -Wrestrict -Wattribute-alias -Wshift-overflow=2 -Wcast-function-type -Wcast-align=strict -Wno-suggest-attribute=cold -Wno-suggest-attribute=malloc -Wattribute-alias=2 -Wmissing-profile -Wc11-c2x-compat -MD -MT test/CMakeFiles/hyperslab.dir/hyperslab.c.o -MF test/CMakeFiles/hyperslab.dir/hyperslab.c.o.d -o test/CMakeFiles/hyperslab.dir/hyperslab.c.o -c /home/byrn/HDF_Projects/hdf5/dev/test/hyperslab.c
/home/byrn/HDF_Projects/hdf5/dev/test/hyperslab.c: In function ‘test_array_fill’:
/home/byrn/HDF_Projects/hdf5/dev/test/hyperslab.c:988:45: warning: ‘calloc’ sizes specified with ‘sizeof’ in the earlier argument and not in the later argument [-Wcalloc-transposed-args]
  988 |     if (NULL == (dst = (int *)calloc(sizeof(int), ARRAY_FILL_SIZE * hi)))
      |                                             ^~~
/home/byrn/HDF_Projects/hdf5/dev/test/hyperslab.c:988:45: note: earlier argument should specify number of elements, later size of each element
[744/4114] /usr/bin/cc -DH5_BUILT_AS_DYNAMIC_LIB -DH5_HAVE_TEST_API -D_FILE_OFFSET_BITS=64 -D_GNU_SOURCE -D_LARGEFILE_SOURCE -D_POSIX_C_SOURCE=200809L -I/home/byrn/HDF_Projects/hdf5/dev/src -I/home/byrn/HDF_Projects/hdf5/dev/src/H5FDsubfiling -I/home/byrn/HDF_Projects/hdf5/build/ci-StdShar-GNUC/src -I/home/byrn/HDF_Projects/hdf5/build/ci-StdShar-GNUC/test -I/home/byrn/HDF_Projects/hdf5/dev/test -std=c99  -fstdarg-opt -fdiagnostics-urls=never -fno-diagnostics-color -fmessage-length=0 -O2 -g -DNDEBUG -std=gnu99 -fPIE -Wall -Wcast-qual -Wconversion -Wextra -Wfloat-equal -Wformat=2 -Winit-self -Winvalid-pch -Wmissing-include-dirs -Wshadow -Wundef -Wwrite-strings -pedantic -Wno-c++-compat -Wbad-function-cast -Wcast-align -Wformat -Wimplicit-function-declaration -Wint-to-pointer-cast -Wmissing-declarations -Wmissing-prototypes -Wnested-externs -Wold-style-definition -Wpacked -Wpointer-sign -Wpointer-to-int-cast -Wredundant-decls -Wstrict-prototypes -Wswitch -Wunused-but-set-variable -Wunused-variable -Wunused-function -Wunused-parameter -finline-functions -Wno-aggregate-return -Wno-inline -Wno-missing-format-attribute -Wno-missing-noreturn -Wno-overlength-strings -Wlarger-than=2560 -Wlogical-op -Wframe-larger-than=16384 -Wpacked-bitfield-compat -Wsync-nand -Wno-unsuffixed-float-constants -Wdouble-promotion -Wtrampolines -Wstack-usage=8192 -Wmaybe-uninitialized -Wno-jump-misses-init -Wstrict-overflow=2 -Wno-suggest-attribute=const -Wno-suggest-attribute=noreturn -Wno-suggest-attribute=pure -Wno-suggest-attribute=format -Wdate-time -Warray-bounds=2 -Wc99-c11-compat -Wincompatible-pointer-types -Wint-conversion -Wduplicated-cond -Whsa -Wnormalized -Wnull-dereference -Wunused-const-variable -Walloca -Walloc-zero -Wduplicated-branches -Wformat-overflow=2 -Wformat-truncation=1 -Wrestrict -Wattribute-alias -Wshift-overflow=2 -Wcast-function-type -Wcast-align=strict -Wno-suggest-attribute=cold -Wno-suggest-attribute=malloc -Wattribute-alias=2 -Wmissing-profile -Wc11-c2x-compat -MD -MT test/CMakeFiles/cache_tagging.dir/cache_tagging.c.o -MF test/CMakeFiles/cache_tagging.dir/cache_tagging.c.o.d -o test/CMakeFiles/cache_tagging.dir/cache_tagging.c.o -c /home/byrn/HDF_Projects/hdf5/dev/test/cache_tagging.c
[745/4114] /usr/bin/cc -DH5_BUILT_AS_DYNAMIC_LIB -D_FILE_OFFSET_BITS=64 -D_GNU_SOURCE -D_LARGEFILE_SOURCE -D_POSIX_C_SOURCE=200809L -Dhdf5_shared_EXPORTS -I/home/byrn/HDF_Projects/hdf5/dev/src -I/home/byrn/HDF_Projects/hdf5/dev/src/H5FDsubfiling -I/home/byrn/HDF_Projects/hdf5/build/ci-StdShar-GNUC/src -I/home/byrn/HDF_Projects/hdf5/build/ci-StdShar-GNUC/_deps/hdf5_zlib-build -I/home/byrn/HDF_Projects/hdf5/build/ci-StdShar-GNUC/_deps/hdf5_zlib-src -I/home/byrn/HDF_Projects/hdf5/build/ci-StdShar-GNUC/_deps/szip-build -I/home/byrn/HDF_Projects/hdf5/build/ci-StdShar-GNUC/_deps/szip-src/include -I/home/byrn/HDF_Projects/hdf5/build/ci-StdShar-GNUC/_deps/szip-src -std=c99  -fstdarg-opt -fdiagnostics-urls=never -fno-diagnostics-color -fmessage-length=0 -O2 -g -DNDEBUG -std=gnu99 -fPIC -Wall -Wcast-qual -Wconversion -Wextra -Wfloat-equal -Wformat=2 -Winit-self -Winvalid-pch -Wmissing-include-dirs -Wshadow -Wundef -Wwrite-strings -pedantic -Wno-c++-compat -Wbad-function-cast -Wcast-align -Wformat -Wimplicit-function-declaration -Wint-to-pointer-cast -Wmissing-declarations -Wmissing-prototypes -Wnested-externs -Wold-style-definition -Wpacked -Wpointer-sign -Wpointer-to-int-cast -Wredundant-decls -Wstrict-prototypes -Wswitch -Wunused-but-set-variable -Wunused-variable -Wunused-function -Wunused-parameter -finline-functions -Wno-aggregate-return -Wno-inline -Wno-missing-format-attribute -Wno-missing-noreturn -Wno-overlength-strings -Wlarger-than=2560 -Wlogical-op -Wframe-larger-than=16384 -Wpacked-bitfield-compat -Wsync-nand -Wno-unsuffixed-float-constants -Wdouble-promotion -Wtrampolines -Wstack-usage=8192 -Wmaybe-uninitialized -Wno-jump-misses-init -Wstrict-overflow=2 -Wno-suggest-attribute=const -Wno-suggest-attribute=noreturn -Wno-suggest-attribute=pure -Wno-suggest-attribute=format -Wdate-time -Warray-bounds=2 -Wc99-c11-compat -Wincompatible-pointer-types -Wint-conversion -Wduplicated-cond -Whsa -Wnormalized -Wnull-dereference -Wunused-const-variable -Walloca -Walloc-zero -Wduplicated-branches -Wformat-overflow=2 -Wformat-truncation=1 -Wrestrict -Wattribute-alias -Wshift-overflow=2 -Wcast-function-type -Wcast-align=strict -Wno-suggest-attribute=cold -Wno-suggest-attribute=malloc -Wattribute-alias=2 -Wmissing-profile -Wc11-c2x-compat -MD -MT src/CMakeFiles/hdf5-shared.dir/H5Tconv_float.c.o -MF src/CMakeFiles/hdf5-shared.dir/H5Tconv_float.c.o.d -o src/CMakeFiles/hdf5-shared.dir/H5Tconv_float.c.o -c /home/byrn/HDF_Projects/hdf5/dev/src/H5Tconv_float.c
/home/byrn/HDF_Projects/hdf5/dev/src/H5Tconv_float.c: In function ‘H5T__conv_float__Float16’:
/home/byrn/HDF_Projects/hdf5/dev/src/H5Tconv_float.c:1735:5: warning: non-standard suffix on floating constant before C23 [-Wc11-c23-compat]
 1735 |     H5T_CONV_Ff(FLOAT, FLOAT16, float, H5__Float16, -FLT16_MAX, FLT16_MAX);
      |     ^~~~~~~~~~~
/home/byrn/HDF_Projects/hdf5/dev/src/H5Tconv_float.c:1735:5: warning: non-standard suffix on floating constant before C23 [-Wc11-c23-compat]
/home/byrn/HDF_Projects/hdf5/dev/src/H5Tconv_float.c:1735:5: warning: non-standard suffix on floating constant before C23 [-Wc11-c23-compat]
/home/byrn/HDF_Projects/hdf5/dev/src/H5Tconv_float.c:1735:5: warning: non-standard suffix on floating constant before C23 [-Wc11-c23-compat]
/home/byrn/HDF_Projects/hdf5/dev/src/H5Tconv_float.c:1735:5: warning: non-standard suffix on floating constant before C23 [-Wc11-c23-compat]
/home/byrn/HDF_Projects/hdf5/dev/src/H5Tconv_float.c:1735:5: warning: non-standard suffix on floating constant before C23 [-Wc11-c23-compat]
/home/byrn/HDF_Projects/hdf5/dev/src/H5Tconv_float.c:1735:5: warning: non-standard suffix on floating constant before C23 [-Wc11-c23-compat]
/home/byrn/HDF_Projects/hdf5/dev/src/H5Tconv_float.c:1735:5: warning: non-standard suffix on floating constant before C23 [-Wc11-c23-compat]
/home/byrn/HDF_Projects/hdf5/dev/src/H5Tconv_float.c:1735:5: warning: non-standard suffix on floating constant before C23 [-Wc11-c23-compat]
/home/byrn/HDF_Projects/hdf5/dev/src/H5Tconv_float.c:1735:5: warning: non-standard suffix on floating constant before C23 [-Wc11-c23-compat]
/home/byrn/HDF_Projects/hdf5/dev/src/H5Tconv_float.c:1735:5: warning: non-standard suffix on floating constant before C23 [-Wc11-c23-compat]
/home/byrn/HDF_Projects/hdf5/dev/src/H5Tconv_float.c:1735:5: warning: non-standard suffix on floating constant before C23 [-Wc11-c23-compat]
/home/byrn/HDF_Projects/hdf5/dev/src/H5Tconv_float.c:1735:5: warning: non-standard suffix on floating constant before C23 [-Wc11-c23-compat]
/home/byrn/HDF_Projects/hdf5/dev/src/H5Tconv_float.c:1735:5: warning: non-standard suffix on floating constant before C23 [-Wc11-c23-compat]
/home/byrn/HDF_Projects/hdf5/dev/src/H5Tconv_float.c:1735:5: warning: non-standard suffix on floating constant before C23 [-Wc11-c23-compat]
/home/byrn/HDF_Projects/hdf5/dev/src/H5Tconv_float.c:1735:5: warning: non-standard suffix on floating constant before C23 [-Wc11-c23-compat]
/home/byrn/HDF_Projects/hdf5/dev/src/H5Tconv_float.c: In function ‘H5T__conv_double__Float16’:
/home/byrn/HDF_Projects/hdf5/dev/src/H5Tconv_float.c:1994:5: warning: non-standard suffix on floating constant before C23 [-Wc11-c23-compat]
 1994 |     H5T_CONV_Ff(DOUBLE, FLOAT16, double, H5__Float16, -FLT16_MAX, FLT16_MAX);
      |     ^~~~~~~~~~~
/home/byrn/HDF_Projects/hdf5/dev/src/H5Tconv_float.c:1994:5: warning: non-standard suffix on floating constant before C23 [-Wc11-c23-compat]
/home/byrn/HDF_Projects/hdf5/dev/src/H5Tconv_float.c:1994:5: warning: non-standard suffix on floating constant before C23 [-Wc11-c23-compat]
/home/byrn/HDF_Projects/hdf5/dev/src/H5Tconv_float.c:1994:5: warning: non-standard suffix on floating constant before C23 [-Wc11-c23-compat]
/home/byrn/HDF_Projects/hdf5/dev/src/H5Tconv_float.c:1994:5: warning: non-standard suffix on floating constant before C23 [-Wc11-c23-compat]
/home/byrn/HDF_Projects/hdf5/dev/src/H5Tconv_float.c:1994:5: warning: non-standard suffix on floating constant before C23 [-Wc11-c23-compat]
/home/byrn/HDF_Projects/hdf5/dev/src/H5Tconv_float.c:1994:5: warning: non-standard suffix on floating constant before C23 [-Wc11-c23-compat]
/home/byrn/HDF_Projects/hdf5/dev/src/H5Tconv_float.c:1994:5: warning: non-standard suffix on floating constant before C23 [-Wc11-c23-compat]
/home/byrn/HDF_Projects/hdf5/dev/src/H5Tconv_float.c:1994:5: warning: non-standard suffix on floating constant before C23 [-Wc11-c23-compat]
/home/byrn/HDF_Projects/hdf5/dev/src/H5Tconv_float.c:1994:5: warning: non-standard suffix on floating constant before C23 [-Wc11-c23-compat]
/home/byrn/HDF_Projects/hdf5/dev/src/H5Tconv_float.c:1994:5: warning: non-standard suffix on floating constant before C23 [-Wc11-c23-compat]
/home/byrn/HDF_Projects/hdf5/dev/src/H5Tconv_float.c:1994:5: warning: non-standard suffix on floating constant before C23 [-Wc11-c23-compat]
/home/byrn/HDF_Projects/hdf5/dev/src/H5Tconv_float.c:1994:5: warning: non-standard suffix on floating constant before C23 [-Wc11-c23-compat]
/home/byrn/HDF_Projects/hdf5/dev/src/H5Tconv_float.c:1994:5: warning: non-standard suffix on floating constant before C23 [-Wc11-c23-compat]
/home/byrn/HDF_Projects/hdf5/dev/src/H5Tconv_float.c:1994:5: warning: non-standard suffix on floating constant before C23 [-Wc11-c23-compat]
/home/byrn/HDF_Projects/hdf5/dev/src/H5Tconv_float.c:1994:5: warning: non-standard suffix on floating constant before C23 [-Wc11-c23-compat]
/home/byrn/HDF_Projects/hdf5/dev/src/H5Tconv_float.c: In function ‘H5T__conv_ldouble__Float16’:
/home/byrn/HDF_Projects/hdf5/dev/src/H5Tconv_float.c:2258:5: warning: non-standard suffix on floating constant before C23 [-Wc11-c23-compat]
 2258 |     H5T_CONV_Ff(LDOUBLE, FLOAT16, long double, H5__Float16, -FLT16_MAX, FLT16_MAX);
      |     ^~~~~~~~~~~
/home/byrn/HDF_Projects/hdf5/dev/src/H5Tconv_float.c:2258:5: warning: non-standard suffix on floating constant before C23 [-Wc11-c23-compat]
/home/byrn/HDF_Projects/hdf5/dev/src/H5Tconv_float.c:2258:5: warning: non-standard suffix on floating constant before C23 [-Wc11-c23-compat]
/home/byrn/HDF_Projects/hdf5/dev/src/H5Tconv_float.c:2258:5: warning: non-standard suffix on floating constant before C23 [-Wc11-c23-compat]
/home/byrn/HDF_Projects/hdf5/dev/src/H5Tconv_float.c:2258:5: warning: non-standard suffix on floating constant before C23 [-Wc11-c23-compat]
/home/byrn/HDF_Projects/hdf5/dev/src/H5Tconv_float.c:2258:5: warning: non-standard suffix on floating constant before C23 [-Wc11-c23-compat]
/home/byrn/HDF_Projects/hdf5/dev/src/H5Tconv_float.c:2258:5: warning: non-standard suffix on floating constant before C23 [-Wc11-c23-compat]
/home/byrn/HDF_Projects/hdf5/dev/src/H5Tconv_float.c:2258:5: warning: non-standard suffix on floating constant before C23 [-Wc11-c23-compat]
/home/byrn/HDF_Projects/hdf5/dev/src/H5Tconv_float.c:2258:5: warning: non-standard suffix on floating constant before C23 [-Wc11-c23-compat]
/home/byrn/HDF_Projects/hdf5/dev/src/H5Tconv_float.c:2258:5: warning: non-standard suffix on floating constant before C23 [-Wc11-c23-compat]
/home/byrn/HDF_Projects/hdf5/dev/src/H5Tconv_float.c:2258:5: warning: non-standard suffix on floating constant before C23 [-Wc11-c23-compat]
/home/byrn/HDF_Projects/hdf5/dev/src/H5Tconv_float.c:2258:5: warning: non-standard suffix on floating constant before C23 [-Wc11-c23-compat]
/home/byrn/HDF_Projects/hdf5/dev/src/H5Tconv_float.c:2258:5: warning: non-standard suffix on floating constant before C23 [-Wc11-c23-compat]
/home/byrn/HDF_Projects/hdf5/dev/src/H5Tconv_float.c:2258:5: warning: non-standard suffix on floating constant before C23 [-Wc11-c23-compat]
/home/byrn/HDF_Projects/hdf5/dev/src/H5Tconv_float.c:2258:5: warning: non-standard suffix on floating constant before C23 [-Wc11-c23-compat]
/home/byrn/HDF_Projects/hdf5/dev/src/H5Tconv_float.c:2258:5: warning: non-standard suffix on floating constant before C23 [-Wc11-c23-compat]
[746/4114] /usr/bin/cc -DH5_BUILT_AS_DYNAMIC_LIB -DH5_HAVE_TEST_API -D_FILE_OFFSET_BITS=64 -D_GNU_SOURCE -D_LARGEFILE_SOURCE -D_POSIX_C_SOURCE=200809L -I/home/byrn/HDF_Projects/hdf5/dev/src -I/home/byrn/HDF_Projects/hdf5/dev/src/H5FDsubfiling -I/home/byrn/HDF_Projects/hdf5/build/ci-StdShar-GNUC/src -I/home/byrn/HDF_Projects/hdf5/build/ci-StdShar-GNUC/test -I/home/byrn/HDF_Projects/hdf5/dev/test -std=c99  -fstdarg-opt -fdiagnostics-urls=never -fno-diagnostics-color -fmessage-length=0 -O2 -g -DNDEBUG -std=gnu99 -fPIE -Wall -Wcast-qual -Wconversion -Wextra -Wfloat-equal -Wformat=2 -Winit-self -Winvalid-pch -Wmissing-include-dirs -Wshadow -Wundef -Wwrite-strings -pedantic -Wno-c++-compat -Wbad-function-cast -Wcast-align -Wformat -Wimplicit-function-declaration -Wint-to-pointer-cast -Wmissing-declarations -Wmissing-prototypes -Wnested-externs -Wold-style-definition -Wpacked -Wpointer-sign -Wpointer-to-int-cast -Wredundant-decls -Wstrict-prototypes -Wswitch -Wunused-but-set-variable -Wunused-variable -Wunused-function -Wunused-parameter -finline-functions -Wno-aggregate-return -Wno-inline -Wno-missing-format-attribute -Wno-missing-noreturn -Wno-overlength-strings -Wlarger-than=2560 -Wlogical-op -Wframe-larger-than=16384 -Wpacked-bitfield-compat -Wsync-nand -Wno-unsuffixed-float-constants -Wdouble-promotion -Wtrampolines -Wstack-usage=8192 -Wmaybe-uninitialized -Wno-jump-misses-init -Wstrict-overflow=2 -Wno-suggest-attribute=const -Wno-suggest-attribute=noreturn -Wno-suggest-attribute=pure -Wno-suggest-attribute=format -Wdate-time -Warray-bounds=2 -Wc99-c11-compat -Wincompatible-pointer-types -Wint-conversion -Wduplicated-cond -Whsa -Wnormalized -Wnull-dereference -Wunused-const-variable -Walloca -Walloc-zero -Wduplicated-branches -Wformat-overflow=2 -Wformat-truncation=1 -Wrestrict -Wattribute-alias -Wshift-overflow=2 -Wcast-function-type -Wcast-align=strict -Wno-suggest-attribute=cold -Wno-suggest-attribute=malloc -Wattribute-alias=2 -Wmissing-profile -Wc11-c2x-compat -MD -MT test/CMakeFiles/accum.dir/accum.c.o -MF test/CMakeFiles/accum.dir/accum.c.o.d -o test/CMakeFiles/accum.dir/accum.c.o -c /home/byrn/HDF_Projects/hdf5/dev/test/accum.c
[747/4114] /usr/bin/cc -DH5_BUILT_AS_DYNAMIC_LIB -DH5_HAVE_TEST_API -D_FILE_OFFSET_BITS=64 -D_GNU_SOURCE -D_LARGEFILE_SOURCE -D_POSIX_C_SOURCE=200809L -I/home/byrn/HDF_Projects/hdf5/dev/src -I/home/byrn/HDF_Projects/hdf5/dev/src/H5FDsubfiling -I/home/byrn/HDF_Projects/hdf5/build/ci-StdShar-GNUC/src -I/home/byrn/HDF_Projects/hdf5/build/ci-StdShar-GNUC/test -I/home/byrn/HDF_Projects/hdf5/dev/test -std=c99  -fstdarg-opt -fdiagnostics-urls=never -fno-diagnostics-color -fmessage-length=0 -O2 -g -DNDEBUG -std=gnu99 -fPIE -Wall -Wcast-qual -Wconversion -Wextra -Wfloat-equal -Wformat=2 -Winit-self -Winvalid-pch -Wmissing-include-dirs -Wshadow -Wundef -Wwrite-strings -pedantic -Wno-c++-compat -Wbad-function-cast -Wcast-align -Wformat -Wimplicit-function-declaration -Wint-to-pointer-cast -Wmissing-declarations -Wmissing-prototypes -Wnested-externs -Wold-style-definition -Wpacked -Wpointer-sign -Wpointer-to-int-cast -Wredundant-decls -Wstrict-prototypes -Wswitch -Wunused-but-set-variable -Wunused-variable -Wunused-function -Wunused-parameter -finline-functions -Wno-aggregate-return -Wno-inline -Wno-missing-format-attribute -Wno-missing-noreturn -Wno-overlength-strings -Wlarger-than=2560 -Wlogical-op -Wframe-larger-than=16384 -Wpacked-bitfield-compat -Wsync-nand -Wno-unsuffixed-float-constants -Wdouble-promotion -Wtrampolines -Wstack-usage=8192 -Wmaybe-uninitialized -Wno-jump-misses-init -Wstrict-overflow=2 -Wno-suggest-attribute=const -Wno-suggest-attribute=noreturn -Wno-suggest-attribute=pure -Wno-suggest-attribute=format -Wdate-time -Warray-bounds=2 -Wc99-c11-compat -Wincompatible-pointer-types -Wint-conversion -Wduplicated-cond -Whsa -Wnormalized -Wnull-dereference -Wunused-const-variable -Walloca -Walloc-zero -Wduplicated-branches -Wformat-overflow=2 -Wformat-truncation=1 -Wrestrict -Wattribute-alias -Wshift-overflow=2 -Wcast-function-type -Wcast-align=strict -Wno-suggest-attribute=cold -Wno-suggest-attribute=malloc -Wattribute-alias=2 -Wmissing-profile -Wc11-c2x-compat -MD -MT test/CMakeFiles/ohdr.dir/ohdr.c.o -MF test/CMakeFiles/ohdr.dir/ohdr.c.o.d -o test/CMakeFiles/ohdr.dir/ohdr.c.o -c /home/byrn/HDF_Projects/hdf5/dev/test/ohdr.c
[748/4114] /usr/bin/cc -DH5_BUILT_AS_DYNAMIC_LIB -DH5_HAVE_TEST_API -D_FILE_OFFSET_BITS=64 -D_GNU_SOURCE -D_LARGEFILE_SOURCE -D_POSIX_C_SOURCE=200809L -I/home/byrn/HDF_Projects/hdf5/dev/src -I/home/byrn/HDF_Projects/hdf5/dev/src/H5FDsubfiling -I/home/byrn/HDF_Projects/hdf5/build/ci-StdShar-GNUC/src -I/home/byrn/HDF_Projects/hdf5/build/ci-StdShar-GNUC/test -I/home/byrn/HDF_Projects/hdf5/dev/test -std=c99  -fstdarg-opt -fdiagnostics-urls=never -fno-diagnostics-color -fmessage-length=0 -O2 -g -DNDEBUG -std=gnu99 -fPIE -Wall -Wcast-qual -Wconversion -Wextra -Wfloat-equal -Wformat=2 -Winit-self -Winvalid-pch -Wmissing-include-dirs -Wshadow -Wundef -Wwrite-strings -pedantic -Wno-c++-compat -Wbad-function-cast -Wcast-align -Wformat -Wimplicit-function-declaration -Wint-to-pointer-cast -Wmissing-declarations -Wmissing-prototypes -Wnested-externs -Wold-style-definition -Wpacked -Wpointer-sign -Wpointer-to-int-cast -Wredundant-decls -Wstrict-prototypes -Wswitch -Wunused-but-set-variable -Wunused-variable -Wunused-function -Wunused-parameter -finline-functions -Wno-aggregate-return -Wno-inline -Wno-missing-format-attribute -Wno-missing-noreturn -Wno-overlength-strings -Wlarger-than=2560 -Wlogical-op -Wframe-larger-than=16384 -Wpacked-bitfield-compat -Wsync-nand -Wno-unsuffixed-float-constants -Wdouble-promotion -Wtrampolines -Wstack-usage=8192 -Wmaybe-uninitialized -Wno-jump-misses-init -Wstrict-overflow=2 -Wno-suggest-attribute=const -Wno-suggest-attribute=noreturn -Wno-suggest-attribute=pure -Wno-suggest-attribute=format -Wdate-time -Warray-bounds=2 -Wc99-c11-compat -Wincompatible-pointer-types -Wint-conversion -Wduplicated-cond -Whsa -Wnormalized -Wnull-dereference -Wunused-const-variable -Walloca -Walloc-zero -Wduplicated-branches -Wformat-overflow=2 -Wformat-truncation=1 -Wrestrict -Wattribute-alias -Wshift-overflow=2 -Wcast-function-type -Wcast-align=strict -Wno-suggest-attribute=cold -Wno-suggest-attribute=malloc -Wattribute-alias=2 -Wmissing-profile -Wc11-c2x-compat -MD -MT test/CMakeFiles/page_buffer.dir/page_buffer.c.o -MF test/CMakeFiles/page_buffer.dir/page_buffer.c.o.d -o test/CMakeFiles/page_buffer.dir/page_buffer.c.o -c /home/byrn/HDF_Projects/hdf5/dev/test/page_buffer.c
[749/4114] /usr/bin/cc -DH5_BUILT_AS_DYNAMIC_LIB -DH5_HAVE_TEST_API -D_FILE_OFFSET_BITS=64 -D_GNU_SOURCE -D_LARGEFILE_SOURCE -D_POSIX_C_SOURCE=200809L -I/home/byrn/HDF_Projects/hdf5/dev/src -I/home/byrn/HDF_Projects/hdf5/dev/src/H5FDsubfiling -I/home/byrn/HDF_Projects/hdf5/build/ci-StdShar-GNUC/src -I/home/byrn/HDF_Projects/hdf5/build/ci-StdShar-GNUC/test -I/home/byrn/HDF_Projects/hdf5/dev/test -std=c99  -fstdarg-opt -fdiagnostics-urls=never -fno-diagnostics-color -fmessage-length=0 -O2 -g -DNDEBUG -std=gnu99 -fPIE -Wall -Wcast-qual -Wconversion -Wextra -Wfloat-equal -Wformat=2 -Winit-self -Winvalid-pch -Wmissing-include-dirs -Wshadow -Wundef -Wwrite-strings -pedantic -Wno-c++-compat -Wbad-function-cast -Wcast-align -Wformat -Wimplicit-function-declaration -Wint-to-pointer-cast -Wmissing-declarations -Wmissing-prototypes -Wnested-externs -Wold-style-definition -Wpacked -Wpointer-sign -Wpointer-to-int-cast -Wredundant-decls -Wstrict-prototypes -Wswitch -Wunused-but-set-variable -Wunused-variable -Wunused-function -Wunused-parameter -finline-functions -Wno-aggregate-return -Wno-inline -Wno-missing-format-attribute -Wno-missing-noreturn -Wno-overlength-strings -Wlarger-than=2560 -Wlogical-op -Wframe-larger-than=16384 -Wpacked-bitfield-compat -Wsync-nand -Wno-unsuffixed-float-constants -Wdouble-promotion -Wtrampolines -Wstack-usage=8192 -Wmaybe-uninitialized -Wno-jump-misses-init -Wstrict-overflow=2 -Wno-suggest-attribute=const -Wno-suggest-attribute=noreturn -Wno-suggest-attribute=pure -Wno-suggest-attribute=format -Wdate-time -Warray-bounds=2 -Wc99-c11-compat -Wincompatible-pointer-types -Wint-conversion -Wduplicated-cond -Whsa -Wnormalized -Wnull-dereference -Wunused-const-variable -Walloca -Walloc-zero -Wduplicated-branches -Wformat-overflow=2 -Wformat-truncation=1 -Wrestrict -Wattribute-alias -Wshift-overflow=2 -Wcast-function-type -Wcast-align=strict -Wno-suggest-attribute=cold -Wno-suggest-attribute=malloc -Wattribute-alias=2 -Wmissing-profile -Wc11-c2x-compat -MD -MT test/CMakeFiles/mdset.dir/mdset.c.o -MF test/CMakeFiles/mdset.dir/mdset.c.o.d -o test/CMakeFiles/mdset.dir/mdset.c.o -c /home/byrn/HDF_Projects/hdf5/dev/test/mdset.c
[750/4114] /usr/bin/cc -DH5_BUILT_AS_DYNAMIC_LIB -DH5_HAVE_TEST_API -D_FILE_OFFSET_BITS=64 -D_GNU_SOURCE -D_LARGEFILE_SOURCE -D_POSIX_C_SOURCE=200809L -I/home/byrn/HDF_Projects/hdf5/dev/src -I/home/byrn/HDF_Projects/hdf5/dev/src/H5FDsubfiling -I/home/byrn/HDF_Projects/hdf5/build/ci-StdShar-GNUC/src -I/home/byrn/HDF_Projects/hdf5/build/ci-StdShar-GNUC/test -I/home/byrn/HDF_Projects/hdf5/dev/test -std=c99  -fstdarg-opt -fdiagnostics-urls=never -fno-diagnostics-color -fmessage-length=0 -O2 -g -DNDEBUG -std=gnu99 -fPIE -Wall -Wcast-qual -Wconversion -Wextra -Wfloat-equal -Wformat=2 -Winit-self -Winvalid-pch -Wmissing-include-dirs -Wshadow -Wundef -Wwrite-strings -pedantic -Wno-c++-compat -Wbad-function-cast -Wcast-align -Wformat -Wimplicit-function-declaration -Wint-to-pointer-cast -Wmissing-declarations -Wmissing-prototypes -Wnested-externs -Wold-style-definition -Wpacked -Wpointer-sign -Wpointer-to-int-cast -Wredundant-decls -Wstrict-prototypes -Wswitch -Wunused-but-set-variable -Wunused-variable -Wunused-function -Wunused-parameter -finline-functions -Wno-aggregate-return -Wno-inline -Wno-missing-format-attribute -Wno-missing-noreturn -Wno-overlength-strings -Wlarger-than=2560 -Wlogical-op -Wframe-larger-than=16384 -Wpacked-bitfield-compat -Wsync-nand -Wno-unsuffixed-float-constants -Wdouble-promotion -Wtrampolines -Wstack-usage=8192 -Wmaybe-uninitialized -Wno-jump-misses-init -Wstrict-overflow=2 -Wno-suggest-attribute=const -Wno-suggest-attribute=noreturn -Wno-suggest-attribute=pure -Wno-suggest-attribute=format -Wdate-time -Warray-bounds=2 -Wc99-c11-compat -Wincompatible-pointer-types -Wint-conversion -Wduplicated-cond -Whsa -Wnormalized -Wnull-dereference -Wunused-const-variable -Walloca -Walloc-zero -Wduplicated-branches -Wformat-overflow=2 -Wformat-truncation=1 -Wrestrict -Wattribute-alias -Wshift-overflow=2 -Wcast-function-type -Wcast-align=strict -Wno-suggest-attribute=cold -Wno-suggest-attribute=malloc -Wattribute-alias=2 -Wmissing-profile -Wc11-c2x-compat -MD -MT test/CMakeFiles/filter_fail.dir/filter_fail.c.o -MF test/CMakeFiles/filter_fail.dir/filter_fail.c.o.d -o test/CMakeFiles/filter_fail.dir/filter_fail.c.o -c /home/byrn/HDF_Projects/hdf5/dev/test/filter_fail.c
[751/4114] /usr/bin/cc -DH5_BUILT_AS_DYNAMIC_LIB -DH5_HAVE_TEST_API -D_FILE_OFFSET_BITS=64 -D_GNU_SOURCE -D_LARGEFILE_SOURCE -D_POSIX_C_SOURCE=200809L -I/home/byrn/HDF_Projects/hdf5/dev/src -I/home/byrn/HDF_Projects/hdf5/dev/src/H5FDsubfiling -I/home/byrn/HDF_Projects/hdf5/build/ci-StdShar-GNUC/src -I/home/byrn/HDF_Projects/hdf5/build/ci-StdShar-GNUC/test -I/home/byrn/HDF_Projects/hdf5/dev/test -std=c99  -fstdarg-opt -fdiagnostics-urls=never -fno-diagnostics-color -fmessage-length=0 -O2 -g -DNDEBUG -std=gnu99 -fPIE -Wall -Wcast-qual -Wconversion -Wextra -Wfloat-equal -Wformat=2 -Winit-self -Winvalid-pch -Wmissing-include-dirs -Wshadow -Wundef -Wwrite-strings -pedantic -Wno-c++-compat -Wbad-function-cast -Wcast-align -Wformat -Wimplicit-function-declaration -Wint-to-pointer-cast -Wmissing-declarations -Wmissing-prototypes -Wnested-externs -Wold-style-definition -Wpacked -Wpointer-sign -Wpointer-to-int-cast -Wredundant-decls -Wstrict-prototypes -Wswitch -Wunused-but-set-variable -Wunused-variable -Wunused-function -Wunused-parameter -finline-functions -Wno-aggregate-return -Wno-inline -Wno-missing-format-attribute -Wno-missing-noreturn -Wno-overlength-strings -Wlarger-than=2560 -Wlogical-op -Wframe-larger-than=16384 -Wpacked-bitfield-compat -Wsync-nand -Wno-unsuffixed-float-constants -Wdouble-promotion -Wtrampolines -Wstack-usage=8192 -Wmaybe-uninitialized -Wno-jump-misses-init -Wstrict-overflow=2 -Wno-suggest-attribute=const -Wno-suggest-attribute=noreturn -Wno-suggest-attribute=pure -Wno-suggest-attribute=format -Wdate-time -Warray-bounds=2 -Wc99-c11-compat -Wincompatible-pointer-types -Wint-conversion -Wduplicated-cond -Whsa -Wnormalized -Wnull-dereference -Wunused-const-variable -Walloca -Walloc-zero -Wduplicated-branches -Wformat-overflow=2 -Wformat-truncation=1 -Wrestrict -Wattribute-alias -Wshift-overflow=2 -Wcast-function-type -Wcast-align=strict -Wno-suggest-attribute=cold -Wno-suggest-attribute=malloc -Wattribute-alias=2 -Wmissing-profile -Wc11-c2x-compat -MD -MT test/CMakeFiles/extend.dir/extend.c.o -MF test/CMakeFiles/extend.dir/extend.c.o.d -o test/CMakeFiles/extend.dir/extend.c.o -c /home/byrn/HDF_Projects/hdf5/dev/test/extend.c
[752/4114] /usr/bin/cc -DH5_BUILT_AS_DYNAMIC_LIB -DH5_HAVE_TEST_API -D_FILE_OFFSET_BITS=64 -D_GNU_SOURCE -D_LARGEFILE_SOURCE -D_POSIX_C_SOURCE=200809L -I/home/byrn/HDF_Projects/hdf5/dev/src -I/home/byrn/HDF_Projects/hdf5/dev/src/H5FDsubfiling -I/home/byrn/HDF_Projects/hdf5/build/ci-StdShar-GNUC/src -I/home/byrn/HDF_Projects/hdf5/build/ci-StdShar-GNUC/test -I/home/byrn/HDF_Projects/hdf5/dev/test -std=c99  -fstdarg-opt -fdiagnostics-urls=never -fno-diagnostics-color -fmessage-length=0 -O2 -g -DNDEBUG -std=gnu99 -fPIE -Wall -Wcast-qual -Wconversion -Wextra -Wfloat-equal -Wformat=2 -Winit-self -Winvalid-pch -Wmissing-include-dirs -Wshadow -Wundef -Wwrite-strings -pedantic -Wno-c++-compat -Wbad-function-cast -Wcast-align -Wformat -Wimplicit-function-declaration -Wint-to-pointer-cast -Wmissing-declarations -Wmissing-prototypes -Wnested-externs -Wold-style-definition -Wpacked -Wpointer-sign -Wpointer-to-int-cast -Wredundant-decls -Wstrict-prototypes -Wswitch -Wunused-but-set-variable -Wunused-variable -Wunused-function -Wunused-parameter -finline-functions -Wno-aggregate-return -Wno-inline -Wno-missing-format-attribute -Wno-missing-noreturn -Wno-overlength-strings -Wlarger-than=2560 -Wlogical-op -Wframe-larger-than=16384 -Wpacked-bitfield-compat -Wsync-nand -Wno-unsuffixed-float-constants -Wdouble-promotion -Wtrampolines -Wstack-usage=8192 -Wmaybe-uninitialized -Wno-jump-misses-init -Wstrict-overflow=2 -Wno-suggest-attribute=const -Wno-suggest-attribute=noreturn -Wno-suggest-attribute=pure -Wno-suggest-attribute=format -Wdate-time -Warray-bounds=2 -Wc99-c11-compat -Wincompatible-pointer-types -Wint-conversion -Wduplicated-cond -Whsa -Wnormalized -Wnull-dereference -Wunused-const-variable -Walloca -Walloc-zero -Wduplicated-branches -Wformat-overflow=2 -Wformat-truncation=1 -Wrestrict -Wattribute-alias -Wshift-overflow=2 -Wcast-function-type -Wcast-align=strict -Wno-suggest-attribute=cold -Wno-suggest-attribute=malloc -Wattribute-alias=2 -Wmissing-profile -Wc11-c2x-compat -MD -MT test/CMakeFiles/cmpd_dset.dir/cmpd_dset.c.o -MF test/CMakeFiles/cmpd_dset.dir/cmpd_dset.c.o.d -o test/CMakeFiles/cmpd_dset.dir/cmpd_dset.c.o -c /home/byrn/HDF_Projects/hdf5/dev/test/cmpd_dset.c
[753/4114] /usr/bin/cc -DH5_BUILT_AS_DYNAMIC_LIB -DH5_HAVE_TEST_API -D_FILE_OFFSET_BITS=64 -D_GNU_SOURCE -D_LARGEFILE_SOURCE -D_POSIX_C_SOURCE=200809L -I/home/byrn/HDF_Projects/hdf5/dev/src -I/home/byrn/HDF_Projects/hdf5/dev/src/H5FDsubfiling -I/home/byrn/HDF_Projects/hdf5/build/ci-StdShar-GNUC/src -I/home/byrn/HDF_Projects/hdf5/build/ci-StdShar-GNUC/test -I/home/byrn/HDF_Projects/hdf5/dev/test -std=c99  -fstdarg-opt -fdiagnostics-urls=never -fno-diagnostics-color -fmessage-length=0 -O2 -g -DNDEBUG -std=gnu99 -fPIE -Wall -Wcast-qual -Wconversion -Wextra -Wfloat-equal -Wformat=2 -Winit-self -Winvalid-pch -Wmissing-include-dirs -Wshadow -Wundef -Wwrite-strings -pedantic -Wno-c++-compat -Wbad-function-cast -Wcast-align -Wformat -Wimplicit-function-declaration -Wint-to-pointer-cast -Wmissing-declarations -Wmissing-prototypes -Wnested-externs -Wold-style-definition -Wpacked -Wpointer-sign -Wpointer-to-int-cast -Wredundant-decls -Wstrict-prototypes -Wswitch -Wunused-but-set-variable -Wunused-variable -Wunused-function -Wunused-parameter -finline-functions -Wno-aggregate-return -Wno-inline -Wno-missing-format-attribute -Wno-missing-noreturn -Wno-overlength-strings -Wlarger-than=2560 -Wlogical-op -Wframe-larger-than=16384 -Wpacked-bitfield-compat -Wsync-nand -Wno-unsuffixed-float-constants -Wdouble-promotion -Wtrampolines -Wstack-usage=8192 -Wmaybe-uninitialized -Wno-jump-misses-init -Wstrict-overflow=2 -Wno-suggest-attribute=const -Wno-suggest-attribute=noreturn -Wno-suggest-attribute=pure -Wno-suggest-attribute=format -Wdate-time -Warray-bounds=2 -Wc99-c11-compat -Wincompatible-pointer-types -Wint-conversion -Wduplicated-cond -Whsa -Wnormalized -Wnull-dereference -Wunused-const-variable -Walloca -Walloc-zero -Wduplicated-branches -Wformat-overflow=2 -Wformat-truncation=1 -Wrestrict -Wattribute-alias -Wshift-overflow=2 -Wcast-function-type -Wcast-align=strict -Wno-suggest-attribute=cold -Wno-suggest-attribute=malloc -Wattribute-alias=2 -Wmissing-profile -Wc11-c2x-compat -MD -MT test/CMakeFiles/external_env.dir/external_env.c.o -MF test/CMakeFiles/external_env.dir/external_env.c.o.d -o test/CMakeFiles/external_env.dir/external_env.c.o -c /home/byrn/HDF_Projects/hdf5/dev/test/external_env.c
[754/4114] /usr/bin/cc -DH5_BUILT_AS_DYNAMIC_LIB -DH5_HAVE_TEST_API -D_FILE_OFFSET_BITS=64 -D_GNU_SOURCE -D_LARGEFILE_SOURCE -D_POSIX_C_SOURCE=200809L -I/home/byrn/HDF_Projects/hdf5/dev/src -I/home/byrn/HDF_Projects/hdf5/dev/src/H5FDsubfiling -I/home/byrn/HDF_Projects/hdf5/build/ci-StdShar-GNUC/src -I/home/byrn/HDF_Projects/hdf5/build/ci-StdShar-GNUC/test -I/home/byrn/HDF_Projects/hdf5/dev/test -std=c99  -fstdarg-opt -fdiagnostics-urls=never -fno-diagnostics-color -fmessage-length=0 -O2 -g -DNDEBUG -std=gnu99 -fPIE -Wall -Wcast-qual -Wconversion -Wextra -Wfloat-equal -Wformat=2 -Winit-self -Winvalid-pch -Wmissing-include-dirs -Wshadow -Wundef -Wwrite-strings -pedantic -Wno-c++-compat -Wbad-function-cast -Wcast-align -Wformat -Wimplicit-function-declaration -Wint-to-pointer-cast -Wmissing-declarations -Wmissing-prototypes -Wnested-externs -Wold-style-definition -Wpacked -Wpointer-sign -Wpointer-to-int-cast -Wredundant-decls -Wstrict-prototypes -Wswitch -Wunused-but-set-variable -Wunused-variable -Wunused-function -Wunused-parameter -finline-functions -Wno-aggregate-return -Wno-inline -Wno-missing-format-attribute -Wno-missing-noreturn -Wno-overlength-strings -Wlarger-than=2560 -Wlogical-op -Wframe-larger-than=16384 -Wpacked-bitfield-compat -Wsync-nand -Wno-unsuffixed-float-constants -Wdouble-promotion -Wtrampolines -Wstack-usage=8192 -Wmaybe-uninitialized -Wno-jump-misses-init -Wstrict-overflow=2 -Wno-suggest-attribute=const -Wno-suggest-attribute=noreturn -Wno-suggest-attribute=pure -Wno-suggest-attribute=format -Wdate-time -Warray-bounds=2 -Wc99-c11-compat -Wincompatible-pointer-types -Wint-conversion -Wduplicated-cond -Whsa -Wnormalized -Wnull-dereference -Wunused-const-variable -Walloca -Walloc-zero -Wduplicated-branches -Wformat-overflow=2 -Wformat-truncation=1 -Wrestrict -Wattribute-alias -Wshift-overflow=2 -Wcast-function-type -Wcast-align=strict -Wno-suggest-attribute=cold -Wno-suggest-attribute=malloc -Wattribute-alias=2 -Wmissing-profile -Wc11-c2x-compat -MD -MT test/CMakeFiles/select_io_dset.dir/select_io_dset.c.o -MF test/CMakeFiles/select_io_dset.dir/select_io_dset.c.o.d -o test/CMakeFiles/select_io_dset.dir/select_io_dset.c.o -c /home/byrn/HDF_Projects/hdf5/dev/test/select_io_dset.c
[755/4114] /usr/bin/cc -DH5_BUILT_AS_DYNAMIC_LIB -DH5_HAVE_TEST_API -D_FILE_OFFSET_BITS=64 -D_GNU_SOURCE -D_LARGEFILE_SOURCE -D_POSIX_C_SOURCE=200809L -I/home/byrn/HDF_Projects/hdf5/dev/src -I/home/byrn/HDF_Projects/hdf5/dev/src/H5FDsubfiling -I/home/byrn/HDF_Projects/hdf5/build/ci-StdShar-GNUC/src -I/home/byrn/HDF_Projects/hdf5/build/ci-StdShar-GNUC/test -I/home/byrn/HDF_Projects/hdf5/dev/test -std=c99  -fstdarg-opt -fdiagnostics-urls=never -fno-diagnostics-color -fmessage-length=0 -O2 -g -DNDEBUG -std=gnu99 -fPIE -Wall -Wcast-qual -Wconversion -Wextra -Wfloat-equal -Wformat=2 -Winit-self -Winvalid-pch -Wmissing-include-dirs -Wshadow -Wundef -Wwrite-strings -pedantic -Wno-c++-compat -Wbad-function-cast -Wcast-align -Wformat -Wimplicit-function-declaration -Wint-to-pointer-cast -Wmissing-declarations -Wmissing-prototypes -Wnested-externs -Wold-style-definition -Wpacked -Wpointer-sign -Wpointer-to-int-cast -Wredundant-decls -Wstrict-prototypes -Wswitch -Wunused-but-set-variable -Wunused-variable -Wunused-function -Wunused-parameter -finline-functions -Wno-aggregate-return -Wno-inline -Wno-missing-format-attribute -Wno-missing-noreturn -Wno-overlength-strings -Wlarger-than=2560 -Wlogical-op -Wframe-larger-than=16384 -Wpacked-bitfield-compat -Wsync-nand -Wno-unsuffixed-float-constants -Wdouble-promotion -Wtrampolines -Wstack-usage=8192 -Wmaybe-uninitialized -Wno-jump-misses-init -Wstrict-overflow=2 -Wno-suggest-attribute=const -Wno-suggest-attribute=noreturn -Wno-suggest-attribute=pure -Wno-suggest-attribute=format -Wdate-time -Warray-bounds=2 -Wc99-c11-compat -Wincompatible-pointer-types -Wint-conversion -Wduplicated-cond -Whsa -Wnormalized -Wnull-dereference -Wunused-const-variable -Walloca -Walloc-zero -Wduplicated-branches -Wformat-overflow=2 -Wformat-truncation=1 -Wrestrict -Wattribute-alias -Wshift-overflow=2 -Wcast-function-type -Wcast-align=strict -Wno-suggest-attribute=cold -Wno-suggest-attribute=malloc -Wattribute-alias=2 -Wmissing-profile -Wc11-c2x-compat -MD -MT test/CMakeFiles/external.dir/external.c.o -MF test/CMakeFiles/external.dir/external.c.o.d -o test/CMakeFiles/external.dir/external.c.o -c /home/byrn/HDF_Projects/hdf5/dev/test/external.c
[756/4114] /usr/bin/cc -DH5_BUILT_AS_DYNAMIC_LIB -DH5_HAVE_TEST_API -D_FILE_OFFSET_BITS=64 -D_GNU_SOURCE -D_LARGEFILE_SOURCE -D_POSIX_C_SOURCE=200809L -I/home/byrn/HDF_Projects/hdf5/dev/src -I/home/byrn/HDF_Projects/hdf5/dev/src/H5FDsubfiling -I/home/byrn/HDF_Projects/hdf5/build/ci-StdShar-GNUC/src -I/home/byrn/HDF_Projects/hdf5/build/ci-StdShar-GNUC/test -I/home/byrn/HDF_Projects/hdf5/dev/test -std=c99  -fstdarg-opt -fdiagnostics-urls=never -fno-diagnostics-color -fmessage-length=0 -O2 -g -DNDEBUG -std=gnu99 -fPIE -Wall -Wcast-qual -Wconversion -Wextra -Wfloat-equal -Wformat=2 -Winit-self -Winvalid-pch -Wmissing-include-dirs -Wshadow -Wundef -Wwrite-strings -pedantic -Wno-c++-compat -Wbad-function-cast -Wcast-align -Wformat -Wimplicit-function-declaration -Wint-to-pointer-cast -Wmissing-declarations -Wmissing-prototypes -Wnested-externs -Wold-style-definition -Wpacked -Wpointer-sign -Wpointer-to-int-cast -Wredundant-decls -Wstrict-prototypes -Wswitch -Wunused-but-set-variable -Wunused-variable -Wunused-function -Wunused-parameter -finline-functions -Wno-aggregate-return -Wno-inline -Wno-missing-format-attribute -Wno-missing-noreturn -Wno-overlength-strings -Wlarger-than=2560 -Wlogical-op -Wframe-larger-than=16384 -Wpacked-bitfield-compat -Wsync-nand -Wno-unsuffixed-float-constants -Wdouble-promotion -Wtrampolines -Wstack-usage=8192 -Wmaybe-uninitialized -Wno-jump-misses-init -Wstrict-overflow=2 -Wno-suggest-attribute=const -Wno-suggest-attribute=noreturn -Wno-suggest-attribute=pure -Wno-suggest-attribute=format -Wdate-time -Warray-bounds=2 -Wc99-c11-compat -Wincompatible-pointer-types -Wint-conversion -Wduplicated-cond -Whsa -Wnormalized -Wnull-dereference -Wunused-const-variable -Walloca -Walloc-zero -Wduplicated-branches -Wformat-overflow=2 -Wformat-truncation=1 -Wrestrict -Wattribute-alias -Wshift-overflow=2 -Wcast-function-type -Wcast-align=strict -Wno-suggest-attribute=cold -Wno-suggest-attribute=malloc -Wattribute-alias=2 -Wmissing-profile -Wc11-c2x-compat -MD -MT test/CMakeFiles/twriteorder.dir/twriteorder.c.o -MF test/CMakeFiles/twriteorder.dir/twriteorder.c.o.d -o test/CMakeFiles/twriteorder.dir/twriteorder.c.o -c /home/byrn/HDF_Projects/hdf5/dev/test/twriteorder.c
[757/4114] /usr/bin/cc -DH5_BUILT_AS_DYNAMIC_LIB -DH5_HAVE_TEST_API -D_FILE_OFFSET_BITS=64 -D_GNU_SOURCE -D_LARGEFILE_SOURCE -D_POSIX_C_SOURCE=200809L -I/home/byrn/HDF_Projects/hdf5/dev/src -I/home/byrn/HDF_Projects/hdf5/dev/src/H5FDsubfiling -I/home/byrn/HDF_Projects/hdf5/build/ci-StdShar-GNUC/src -I/home/byrn/HDF_Projects/hdf5/build/ci-StdShar-GNUC/test -I/home/byrn/HDF_Projects/hdf5/dev/test -std=c99  -fstdarg-opt -fdiagnostics-urls=never -fno-diagnostics-color -fmessage-length=0 -O2 -g -DNDEBUG -std=gnu99 -fPIE -Wall -Wcast-qual -Wconversion -Wextra -Wfloat-equal -Wformat=2 -Winit-self -Winvalid-pch -Wmissing-include-dirs -Wshadow -Wundef -Wwrite-strings -pedantic -Wno-c++-compat -Wbad-function-cast -Wcast-align -Wformat -Wimplicit-function-declaration -Wint-to-pointer-cast -Wmissing-declarations -Wmissing-prototypes -Wnested-externs -Wold-style-definition -Wpacked -Wpointer-sign -Wpointer-to-int-cast -Wredundant-decls -Wstrict-prototypes -Wswitch -Wunused-but-set-variable -Wunused-variable -Wunused-function -Wunused-parameter -finline-functions -Wno-aggregate-return -Wno-inline -Wno-missing-format-attribute -Wno-missing-noreturn -Wno-overlength-strings -Wlarger-than=2560 -Wlogical-op -Wframe-larger-than=16384 -Wpacked-bitfield-compat -Wsync-nand -Wno-unsuffixed-float-constants -Wdouble-promotion -Wtrampolines -Wstack-usage=8192 -Wmaybe-uninitialized -Wno-jump-misses-init -Wstrict-overflow=2 -Wno-suggest-attribute=const -Wno-suggest-attribute=noreturn -Wno-suggest-attribute=pure -Wno-suggest-attribute=format -Wdate-time -Warray-bounds=2 -Wc99-c11-compat -Wincompatible-pointer-types -Wint-conversion -Wduplicated-cond -Whsa -Wnormalized -Wnull-dereference -Wunused-const-variable -Walloca -Walloc-zero -Wduplicated-branches -Wformat-overflow=2 -Wformat-truncation=1 -Wrestrict -Wattribute-alias -Wshift-overflow=2 -Wcast-function-type -Wcast-align=strict -Wno-suggest-attribute=cold -Wno-suggest-attribute=malloc -Wattribute-alias=2 -Wmissing-profile -Wc11-c2x-compat -MD -MT test/CMakeFiles/big.dir/big.c.o -MF test/CMakeFiles/big.dir/big.c.o.d -o test/CMakeFiles/big.dir/big.c.o -c /home/byrn/HDF_Projects/hdf5/dev/test/big.c
[758/4114] /usr/bin/cc -DH5_BUILT_AS_DYNAMIC_LIB -DH5_HAVE_TEST_API -D_FILE_OFFSET_BITS=64 -D_GNU_SOURCE -D_LARGEFILE_SOURCE -D_POSIX_C_SOURCE=200809L -I/home/byrn/HDF_Projects/hdf5/dev/src -I/home/byrn/HDF_Projects/hdf5/dev/src/H5FDsubfiling -I/home/byrn/HDF_Projects/hdf5/build/ci-StdShar-GNUC/src -I/home/byrn/HDF_Projects/hdf5/build/ci-StdShar-GNUC/test -I/home/byrn/HDF_Projects/hdf5/dev/test -std=c99  -fstdarg-opt -fdiagnostics-urls=never -fno-diagnostics-color -fmessage-length=0 -O2 -g -DNDEBUG -std=gnu99 -fPIE -Wall -Wcast-qual -Wconversion -Wextra -Wfloat-equal -Wformat=2 -Winit-self -Winvalid-pch -Wmissing-include-dirs -Wshadow -Wundef -Wwrite-strings -pedantic -Wno-c++-compat -Wbad-function-cast -Wcast-align -Wformat -Wimplicit-function-declaration -Wint-to-pointer-cast -Wmissing-declarations -Wmissing-prototypes -Wnested-externs -Wold-style-definition -Wpacked -Wpointer-sign -Wpointer-to-int-cast -Wredundant-decls -Wstrict-prototypes -Wswitch -Wunused-but-set-variable -Wunused-variable -Wunused-function -Wunused-parameter -finline-functions -Wno-aggregate-return -Wno-inline -Wno-missing-format-attribute -Wno-missing-noreturn -Wno-overlength-strings -Wlarger-than=2560 -Wlogical-op -Wframe-larger-than=16384 -Wpacked-bitfield-compat -Wsync-nand -Wno-unsuffixed-float-constants -Wdouble-promotion -Wtrampolines -Wstack-usage=8192 -Wmaybe-uninitialized -Wno-jump-misses-init -Wstrict-overflow=2 -Wno-suggest-attribute=const -Wno-suggest-attribute=noreturn -Wno-suggest-attribute=pure -Wno-suggest-attribute=format -Wdate-time -Warray-bounds=2 -Wc99-c11-compat -Wincompatible-pointer-types -Wint-conversion -Wduplicated-cond -Whsa -Wnormalized -Wnull-dereference -Wunused-const-variable -Walloca -Walloc-zero -Wduplicated-branches -Wformat-overflow=2 -Wformat-truncation=1 -Wrestrict -Wattribute-alias -Wshift-overflow=2 -Wcast-function-type -Wcast-align=strict -Wno-suggest-attribute=cold -Wno-suggest-attribute=malloc -Wattribute-alias=2 -Wmissing-profile -Wc11-c2x-compat -MD -MT test/CMakeFiles/mtime.dir/mtime.c.o -MF test/CMakeFiles/mtime.dir/mtime.c.o.d -o test/CMakeFiles/mtime.dir/mtime.c.o -c /home/byrn/HDF_Projects/hdf5/dev/test/mtime.c
[759/4114] /usr/bin/cc -DH5_BUILT_AS_DYNAMIC_LIB -DH5_HAVE_TEST_API -D_FILE_OFFSET_BITS=64 -D_GNU_SOURCE -D_LARGEFILE_SOURCE -D_POSIX_C_SOURCE=200809L -I/home/byrn/HDF_Projects/hdf5/dev/src -I/home/byrn/HDF_Projects/hdf5/dev/src/H5FDsubfiling -I/home/byrn/HDF_Projects/hdf5/build/ci-StdShar-GNUC/src -I/home/byrn/HDF_Projects/hdf5/build/ci-StdShar-GNUC/test -I/home/byrn/HDF_Projects/hdf5/dev/test -std=c99  -fstdarg-opt -fdiagnostics-urls=never -fno-diagnostics-color -fmessage-length=0 -O2 -g -DNDEBUG -std=gnu99 -fPIE -Wall -Wcast-qual -Wconversion -Wextra -Wfloat-equal -Wformat=2 -Winit-self -Winvalid-pch -Wmissing-include-dirs -Wshadow -Wundef -Wwrite-strings -pedantic -Wno-c++-compat -Wbad-function-cast -Wcast-align -Wformat -Wimplicit-function-declaration -Wint-to-pointer-cast -Wmissing-declarations -Wmissing-prototypes -Wnested-externs -Wold-style-definition -Wpacked -Wpointer-sign -Wpointer-to-int-cast -Wredundant-decls -Wstrict-prototypes -Wswitch -Wunused-but-set-variable -Wunused-variable -Wunused-function -Wunused-parameter -finline-functions -Wno-aggregate-return -Wno-inline -Wno-missing-format-attribute -Wno-missing-noreturn -Wno-overlength-strings -Wlarger-than=2560 -Wlogical-op -Wframe-larger-than=16384 -Wpacked-bitfield-compat -Wsync-nand -Wno-unsuffixed-float-constants -Wdouble-promotion -Wtrampolines -Wstack-usage=8192 -Wmaybe-uninitialized -Wno-jump-misses-init -Wstrict-overflow=2 -Wno-suggest-attribute=const -Wno-suggest-attribute=noreturn -Wno-suggest-attribute=pure -Wno-suggest-attribute=format -Wdate-time -Warray-bounds=2 -Wc99-c11-compat -Wincompatible-pointer-types -Wint-conversion -Wduplicated-cond -Whsa -Wnormalized -Wnull-dereference -Wunused-const-variable -Walloca -Walloc-zero -Wduplicated-branches -Wformat-overflow=2 -Wformat-truncation=1 -Wrestrict -Wattribute-alias -Wshift-overflow=2 -Wcast-function-type -Wcast-align=strict -Wno-suggest-attribute=cold -Wno-suggest-attribute=malloc -Wattribute-alias=2 -Wmissing-profile -Wc11-c2x-compat -MD -MT test/CMakeFiles/fillval.dir/fillval.c.o -MF test/CMakeFiles/fillval.dir/fillval.c.o.d -o test/CMakeFiles/fillval.dir/fillval.c.o -c /home/byrn/HDF_Projects/hdf5/dev/test/fillval.c
[760/4114] /usr/bin/cc -DH5_BUILT_AS_DYNAMIC_LIB -DH5_HAVE_TEST_API -D_FILE_OFFSET_BITS=64 -D_GNU_SOURCE -D_LARGEFILE_SOURCE -D_POSIX_C_SOURCE=200809L -I/home/byrn/HDF_Projects/hdf5/dev/src -I/home/byrn/HDF_Projects/hdf5/dev/src/H5FDsubfiling -I/home/byrn/HDF_Projects/hdf5/build/ci-StdShar-GNUC/src -I/home/byrn/HDF_Projects/hdf5/build/ci-StdShar-GNUC/test -I/home/byrn/HDF_Projects/hdf5/dev/test -std=c99  -fstdarg-opt -fdiagnostics-urls=never -fno-diagnostics-color -fmessage-length=0 -O2 -g -DNDEBUG -std=gnu99 -fPIE -Wall -Wcast-qual -Wconversion -Wextra -Wfloat-equal -Wformat=2 -Winit-self -Winvalid-pch -Wmissing-include-dirs -Wshadow -Wundef -Wwrite-strings -pedantic -Wno-c++-compat -Wbad-function-cast -Wcast-align -Wformat -Wimplicit-function-declaration -Wint-to-pointer-cast -Wmissing-declarations -Wmissing-prototypes -Wnested-externs -Wold-style-definition -Wpacked -Wpointer-sign -Wpointer-to-int-cast -Wredundant-decls -Wstrict-prototypes -Wswitch -Wunused-but-set-variable -Wunused-variable -Wunused-function -Wunused-parameter -finline-functions -Wno-aggregate-return -Wno-inline -Wno-missing-format-attribute -Wno-missing-noreturn -Wno-overlength-strings -Wlarger-than=2560 -Wlogical-op -Wframe-larger-than=16384 -Wpacked-bitfield-compat -Wsync-nand -Wno-unsuffixed-float-constants -Wdouble-promotion -Wtrampolines -Wstack-usage=8192 -Wmaybe-uninitialized -Wno-jump-misses-init -Wstrict-overflow=2 -Wno-suggest-attribute=const -Wno-suggest-attribute=noreturn -Wno-suggest-attribute=pure -Wno-suggest-attribute=format -Wdate-time -Warray-bounds=2 -Wc99-c11-compat -Wincompatible-pointer-types -Wint-conversion -Wduplicated-cond -Whsa -Wnormalized -Wnull-dereference -Wunused-const-variable -Walloca -Walloc-zero -Wduplicated-branches -Wformat-overflow=2 -Wformat-truncation=1 -Wrestrict -Wattribute-alias -Wshift-overflow=2 -Wcast-function-type -Wcast-align=strict -Wno-suggest-attribute=cold -Wno-suggest-attribute=malloc -Wattribute-alias=2 -Wmissing-profile -Wc11-c2x-compat -MD -MT test/CMakeFiles/unlink.dir/unlink.c.o -MF test/CMakeFiles/unlink.dir/unlink.c.o.d -o test/CMakeFiles/unlink.dir/unlink.c.o -c /home/byrn/HDF_Projects/hdf5/dev/test/unlink.c
[761/4114] /usr/bin/cc -DH5_BUILT_AS_DYNAMIC_LIB -DH5_HAVE_TEST_API -D_FILE_OFFSET_BITS=64 -D_GNU_SOURCE -D_LARGEFILE_SOURCE -D_POSIX_C_SOURCE=200809L -I/home/byrn/HDF_Projects/hdf5/dev/src -I/home/byrn/HDF_Projects/hdf5/dev/src/H5FDsubfiling -I/home/byrn/HDF_Projects/hdf5/build/ci-StdShar-GNUC/src -I/home/byrn/HDF_Projects/hdf5/build/ci-StdShar-GNUC/test -I/home/byrn/HDF_Projects/hdf5/dev/test -std=c99  -fstdarg-opt -fdiagnostics-urls=never -fno-diagnostics-color -fmessage-length=0 -O2 -g -DNDEBUG -std=gnu99 -fPIE -Wall -Wcast-qual -Wconversion -Wextra -Wfloat-equal -Wformat=2 -Winit-self -Winvalid-pch -Wmissing-include-dirs -Wshadow -Wundef -Wwrite-strings -pedantic -Wno-c++-compat -Wbad-function-cast -Wcast-align -Wformat -Wimplicit-function-declaration -Wint-to-pointer-cast -Wmissing-declarations -Wmissing-prototypes -Wnested-externs -Wold-style-definition -Wpacked -Wpointer-sign -Wpointer-to-int-cast -Wredundant-decls -Wstrict-prototypes -Wswitch -Wunused-but-set-variable -Wunused-variable -Wunused-function -Wunused-parameter -finline-functions -Wno-aggregate-return -Wno-inline -Wno-missing-format-attribute -Wno-missing-noreturn -Wno-overlength-strings -Wlarger-than=2560 -Wlogical-op -Wframe-larger-than=16384 -Wpacked-bitfield-compat -Wsync-nand -Wno-unsuffixed-float-constants -Wdouble-promotion -Wtrampolines -Wstack-usage=8192 -Wmaybe-uninitialized -Wno-jump-misses-init -Wstrict-overflow=2 -Wno-suggest-attribute=const -Wno-suggest-attribute=noreturn -Wno-suggest-attribute=pure -Wno-suggest-attribute=format -Wdate-time -Warray-bounds=2 -Wc99-c11-compat -Wincompatible-pointer-types -Wint-conversion -Wduplicated-cond -Whsa -Wnormalized -Wnull-dereference -Wunused-const-variable -Walloca -Walloc-zero -Wduplicated-branches -Wformat-overflow=2 -Wformat-truncation=1 -Wrestrict -Wattribute-alias -Wshift-overflow=2 -Wcast-function-type -Wcast-align=strict -Wno-suggest-attribute=cold -Wno-suggest-attribute=malloc -Wattribute-alias=2 -Wmissing-profile -Wc11-c2x-compat -MD -MT test/CMakeFiles/dtypes.dir/dtypes.c.o -MF test/CMakeFiles/dtypes.dir/dtypes.c.o.d -o test/CMakeFiles/dtypes.dir/dtypes.c.o -c /home/byrn/HDF_Projects/hdf5/dev/test/dtypes.c
[762/4114] /usr/bin/cc -DH5_BUILT_AS_DYNAMIC_LIB -DH5_HAVE_TEST_API -D_FILE_OFFSET_BITS=64 -D_GNU_SOURCE -D_LARGEFILE_SOURCE -D_POSIX_C_SOURCE=200809L -I/home/byrn/HDF_Projects/hdf5/dev/src -I/home/byrn/HDF_Projects/hdf5/dev/src/H5FDsubfiling -I/home/byrn/HDF_Projects/hdf5/build/ci-StdShar-GNUC/src -I/home/byrn/HDF_Projects/hdf5/build/ci-StdShar-GNUC/test -I/home/byrn/HDF_Projects/hdf5/dev/test -std=c99  -fstdarg-opt -fdiagnostics-urls=never -fno-diagnostics-color -fmessage-length=0 -O2 -g -DNDEBUG -std=gnu99 -fPIE -Wall -Wcast-qual -Wconversion -Wextra -Wfloat-equal -Wformat=2 -Winit-self -Winvalid-pch -Wmissing-include-dirs -Wshadow -Wundef -Wwrite-strings -pedantic -Wno-c++-compat -Wbad-function-cast -Wcast-align -Wformat -Wimplicit-function-declaration -Wint-to-pointer-cast -Wmissing-declarations -Wmissing-prototypes -Wnested-externs -Wold-style-definition -Wpacked -Wpointer-sign -Wpointer-to-int-cast -Wredundant-decls -Wstrict-prototypes -Wswitch -Wunused-but-set-variable -Wunused-variable -Wunused-function -Wunused-parameter -finline-functions -Wno-aggregate-return -Wno-inline -Wno-missing-format-attribute -Wno-missing-noreturn -Wno-overlength-strings -Wlarger-than=2560 -Wlogical-op -Wframe-larger-than=16384 -Wpacked-bitfield-compat -Wsync-nand -Wno-unsuffixed-float-constants -Wdouble-promotion -Wtrampolines -Wstack-usage=8192 -Wmaybe-uninitialized -Wno-jump-misses-init -Wstrict-overflow=2 -Wno-suggest-attribute=const -Wno-suggest-attribute=noreturn -Wno-suggest-attribute=pure -Wno-suggest-attribute=format -Wdate-time -Warray-bounds=2 -Wc99-c11-compat -Wincompatible-pointer-types -Wint-conversion -Wduplicated-cond -Whsa -Wnormalized -Wnull-dereference -Wunused-const-variable -Walloca -Walloc-zero -Wduplicated-branches -Wformat-overflow=2 -Wformat-truncation=1 -Wrestrict -Wattribute-alias -Wshift-overflow=2 -Wcast-function-type -Wcast-align=strict -Wno-suggest-attribute=cold -Wno-suggest-attribute=malloc -Wattribute-alias=2 -Wmissing-profile -Wc11-c2x-compat -MD -MT test/CMakeFiles/flush1.dir/flush1.c.o -MF test/CMakeFiles/flush1.dir/flush1.c.o.d -o test/CMakeFiles/flush1.dir/flush1.c.o -c /home/byrn/HDF_Projects/hdf5/dev/test/flush1.c
[763/4114] /usr/bin/cc -DH5_BUILT_AS_DYNAMIC_LIB -DH5_HAVE_TEST_API -D_FILE_OFFSET_BITS=64 -D_GNU_SOURCE -D_LARGEFILE_SOURCE -D_POSIX_C_SOURCE=200809L -I/home/byrn/HDF_Projects/hdf5/dev/src -I/home/byrn/HDF_Projects/hdf5/dev/src/H5FDsubfiling -I/home/byrn/HDF_Projects/hdf5/build/ci-StdShar-GNUC/src -I/home/byrn/HDF_Projects/hdf5/build/ci-StdShar-GNUC/test -I/home/byrn/HDF_Projects/hdf5/dev/test -std=c99  -fstdarg-opt -fdiagnostics-urls=never -fno-diagnostics-color -fmessage-length=0 -O2 -g -DNDEBUG -std=gnu99 -fPIE -Wall -Wcast-qual -Wconversion -Wextra -Wfloat-equal -Wformat=2 -Winit-self -Winvalid-pch -Wmissing-include-dirs -Wshadow -Wundef -Wwrite-strings -pedantic -Wno-c++-compat -Wbad-function-cast -Wcast-align -Wformat -Wimplicit-function-declaration -Wint-to-pointer-cast -Wmissing-declarations -Wmissing-prototypes -Wnested-externs -Wold-style-definition -Wpacked -Wpointer-sign -Wpointer-to-int-cast -Wredundant-decls -Wstrict-prototypes -Wswitch -Wunused-but-set-variable -Wunused-variable -Wunused-function -Wunused-parameter -finline-functions -Wno-aggregate-return -Wno-inline -Wno-missing-format-attribute -Wno-missing-noreturn -Wno-overlength-strings -Wlarger-than=2560 -Wlogical-op -Wframe-larger-than=16384 -Wpacked-bitfield-compat -Wsync-nand -Wno-unsuffixed-float-constants -Wdouble-promotion -Wtrampolines -Wstack-usage=8192 -Wmaybe-uninitialized -Wno-jump-misses-init -Wstrict-overflow=2 -Wno-suggest-attribute=const -Wno-suggest-attribute=noreturn -Wno-suggest-attribute=pure -Wno-suggest-attribute=format -Wdate-time -Warray-bounds=2 -Wc99-c11-compat -Wincompatible-pointer-types -Wint-conversion -Wduplicated-cond -Whsa -Wnormalized -Wnull-dereference -Wunused-const-variable -Walloca -Walloc-zero -Wduplicated-branches -Wformat-overflow=2 -Wformat-truncation=1 -Wrestrict -Wattribute-alias -Wshift-overflow=2 -Wcast-function-type -Wcast-align=strict -Wno-suggest-attribute=cold -Wno-suggest-attribute=malloc -Wattribute-alias=2 -Wmissing-profile -Wc11-c2x-compat -MD -MT test/CMakeFiles/app_ref.dir/app_ref.c.o -MF test/CMakeFiles/app_ref.dir/app_ref.c.o.d -o test/CMakeFiles/app_ref.dir/app_ref.c.o -c /home/byrn/HDF_Projects/hdf5/dev/test/app_ref.c
[764/4114] /usr/bin/cc -DH5_BUILT_AS_DYNAMIC_LIB -DH5_HAVE_TEST_API -D_FILE_OFFSET_BITS=64 -D_GNU_SOURCE -D_LARGEFILE_SOURCE -D_POSIX_C_SOURCE=200809L -I/home/byrn/HDF_Projects/hdf5/dev/src -I/home/byrn/HDF_Projects/hdf5/dev/src/H5FDsubfiling -I/home/byrn/HDF_Projects/hdf5/build/ci-StdShar-GNUC/src -I/home/byrn/HDF_Projects/hdf5/build/ci-StdShar-GNUC/test -I/home/byrn/HDF_Projects/hdf5/dev/test -std=c99  -fstdarg-opt -fdiagnostics-urls=never -fno-diagnostics-color -fmessage-length=0 -O2 -g -DNDEBUG -std=gnu99 -fPIE -Wall -Wcast-qual -Wconversion -Wextra -Wfloat-equal -Wformat=2 -Winit-self -Winvalid-pch -Wmissing-include-dirs -Wshadow -Wundef -Wwrite-strings -pedantic -Wno-c++-compat -Wbad-function-cast -Wcast-align -Wformat -Wimplicit-function-declaration -Wint-to-pointer-cast -Wmissing-declarations -Wmissing-prototypes -Wnested-externs -Wold-style-definition -Wpacked -Wpointer-sign -Wpointer-to-int-cast -Wredundant-decls -Wstrict-prototypes -Wswitch -Wunused-but-set-variable -Wunused-variable -Wunused-function -Wunused-parameter -finline-functions -Wno-aggregate-return -Wno-inline -Wno-missing-format-attribute -Wno-missing-noreturn -Wno-overlength-strings -Wlarger-than=2560 -Wlogical-op -Wframe-larger-than=16384 -Wpacked-bitfield-compat -Wsync-nand -Wno-unsuffixed-float-constants -Wdouble-promotion -Wtrampolines -Wstack-usage=8192 -Wmaybe-uninitialized -Wno-jump-misses-init -Wstrict-overflow=2 -Wno-suggest-attribute=const -Wno-suggest-attribute=noreturn -Wno-suggest-attribute=pure -Wno-suggest-attribute=format -Wdate-time -Warray-bounds=2 -Wc99-c11-compat -Wincompatible-pointer-types -Wint-conversion -Wduplicated-cond -Whsa -Wnormalized -Wnull-dereference -Wunused-const-variable -Walloca -Walloc-zero -Wduplicated-branches -Wformat-overflow=2 -Wformat-truncation=1 -Wrestrict -Wattribute-alias -Wshift-overflow=2 -Wcast-function-type -Wcast-align=strict -Wno-suggest-attribute=cold -Wno-suggest-attribute=malloc -Wattribute-alias=2 -Wmissing-profile -Wc11-c2x-compat -MD -MT test/CMakeFiles/flush2.dir/flush2.c.o -MF test/CMakeFiles/flush2.dir/flush2.c.o.d -o test/CMakeFiles/flush2.dir/flush2.c.o -c /home/byrn/HDF_Projects/hdf5/dev/test/flush2.c
[765/4114] /usr/bin/cc -DH5_BUILT_AS_DYNAMIC_LIB -DH5_HAVE_TEST_API -D_FILE_OFFSET_BITS=64 -D_GNU_SOURCE -D_LARGEFILE_SOURCE -D_POSIX_C_SOURCE=200809L -I/home/byrn/HDF_Projects/hdf5/dev/src -I/home/byrn/HDF_Projects/hdf5/dev/src/H5FDsubfiling -I/home/byrn/HDF_Projects/hdf5/build/ci-StdShar-GNUC/src -I/home/byrn/HDF_Projects/hdf5/build/ci-StdShar-GNUC/test -I/home/byrn/HDF_Projects/hdf5/dev/test -std=c99  -fstdarg-opt -fdiagnostics-urls=never -fno-diagnostics-color -fmessage-length=0 -O2 -g -DNDEBUG -std=gnu99 -fPIE -Wall -Wcast-qual -Wconversion -Wextra -Wfloat-equal -Wformat=2 -Winit-self -Winvalid-pch -Wmissing-include-dirs -Wshadow -Wundef -Wwrite-strings -pedantic -Wno-c++-compat -Wbad-function-cast -Wcast-align -Wformat -Wimplicit-function-declaration -Wint-to-pointer-cast -Wmissing-declarations -Wmissing-prototypes -Wnested-externs -Wold-style-definition -Wpacked -Wpointer-sign -Wpointer-to-int-cast -Wredundant-decls -Wstrict-prototypes -Wswitch -Wunused-but-set-variable -Wunused-variable -Wunused-function -Wunused-parameter -finline-functions -Wno-aggregate-return -Wno-inline -Wno-missing-format-attribute -Wno-missing-noreturn -Wno-overlength-strings -Wlarger-than=2560 -Wlogical-op -Wframe-larger-than=16384 -Wpacked-bitfield-compat -Wsync-nand -Wno-unsuffixed-float-constants -Wdouble-promotion -Wtrampolines -Wstack-usage=8192 -Wmaybe-uninitialized -Wno-jump-misses-init -Wstrict-overflow=2 -Wno-suggest-attribute=const -Wno-suggest-attribute=noreturn -Wno-suggest-attribute=pure -Wno-suggest-attribute=format -Wdate-time -Warray-bounds=2 -Wc99-c11-compat -Wincompatible-pointer-types -Wint-conversion -Wduplicated-cond -Whsa -Wnormalized -Wnull-dereference -Wunused-const-variable -Walloca -Walloc-zero -Wduplicated-branches -Wformat-overflow=2 -Wformat-truncation=1 -Wrestrict -Wattribute-alias -Wshift-overflow=2 -Wcast-function-type -Wcast-align=strict -Wno-suggest-attribute=cold -Wno-suggest-attribute=malloc -Wattribute-alias=2 -Wmissing-profile -Wc11-c2x-compat -MD -MT test/CMakeFiles/enum.dir/enum.c.o -MF test/CMakeFiles/enum.dir/enum.c.o.d -o test/CMakeFiles/enum.dir/enum.c.o -c /home/byrn/HDF_Projects/hdf5/dev/test/enum.c
[766/4114] /usr/bin/cc -DH5_BUILT_AS_DYNAMIC_LIB -DH5_HAVE_TEST_API -D_FILE_OFFSET_BITS=64 -D_GNU_SOURCE -D_LARGEFILE_SOURCE -D_POSIX_C_SOURCE=200809L -I/home/byrn/HDF_Projects/hdf5/dev/src -I/home/byrn/HDF_Projects/hdf5/dev/src/H5FDsubfiling -I/home/byrn/HDF_Projects/hdf5/build/ci-StdShar-GNUC/src -I/home/byrn/HDF_Projects/hdf5/build/ci-StdShar-GNUC/test -I/home/byrn/HDF_Projects/hdf5/dev/test -std=c99  -fstdarg-opt -fdiagnostics-urls=never -fno-diagnostics-color -fmessage-length=0 -O2 -g -DNDEBUG -std=gnu99 -fPIE -Wall -Wcast-qual -Wconversion -Wextra -Wfloat-equal -Wformat=2 -Winit-self -Winvalid-pch -Wmissing-include-dirs -Wshadow -Wundef -Wwrite-strings -pedantic -Wno-c++-compat -Wbad-function-cast -Wcast-align -Wformat -Wimplicit-function-declaration -Wint-to-pointer-cast -Wmissing-declarations -Wmissing-prototypes -Wnested-externs -Wold-style-definition -Wpacked -Wpointer-sign -Wpointer-to-int-cast -Wredundant-decls -Wstrict-prototypes -Wswitch -Wunused-but-set-variable -Wunused-variable -Wunused-function -Wunused-parameter -finline-functions -Wno-aggregate-return -Wno-inline -Wno-missing-format-attribute -Wno-missing-noreturn -Wno-overlength-strings -Wlarger-than=2560 -Wlogical-op -Wframe-larger-than=16384 -Wpacked-bitfield-compat -Wsync-nand -Wno-unsuffixed-float-constants -Wdouble-promotion -Wtrampolines -Wstack-usage=8192 -Wmaybe-uninitialized -Wno-jump-misses-init -Wstrict-overflow=2 -Wno-suggest-attribute=const -Wno-suggest-attribute=noreturn -Wno-suggest-attribute=pure -Wno-suggest-attribute=format -Wdate-time -Warray-bounds=2 -Wc99-c11-compat -Wincompatible-pointer-types -Wint-conversion -Wduplicated-cond -Whsa -Wnormalized -Wnull-dereference -Wunused-const-variable -Walloca -Walloc-zero -Wduplicated-branches -Wformat-overflow=2 -Wformat-truncation=1 -Wrestrict -Wattribute-alias -Wshift-overflow=2 -Wcast-function-type -Wcast-align=strict -Wno-suggest-attribute=cold -Wno-suggest-attribute=malloc -Wattribute-alias=2 -Wmissing-profile -Wc11-c2x-compat -MD -MT test/CMakeFiles/dt_arith.dir/dt_arith.c.o -MF test/CMakeFiles/dt_arith.dir/dt_arith.c.o.d -o test/CMakeFiles/dt_arith.dir/dt_arith.c.o -c /home/byrn/HDF_Projects/hdf5/dev/test/dt_arith.c
/home/byrn/HDF_Projects/hdf5/dev/test/dt_arith.c: In function ‘test_conv_flt_1_hw_conv_from_flt’:
/home/byrn/HDF_Projects/hdf5/dev/test/dt_arith.c:2973:13: warning: non-standard suffix on floating constant before C23 [-Wc11-c23-compat]
 2973 |             if (fabsf(aligned) > (float)FLT16_MAX)
      |             ^~
/home/byrn/HDF_Projects/hdf5/dev/test/dt_arith.c:2975:13: warning: non-standard suffix on floating constant before C23 [-Wc11-c23-compat]
 2975 |             else if (fabsf(aligned) < (float)FLT16_MIN)
      |             ^~~~
/home/byrn/HDF_Projects/hdf5/dev/test/dt_arith.c: In function ‘test_conv_flt_1_hw_conv_from_double’:
/home/byrn/HDF_Projects/hdf5/dev/test/dt_arith.c:3053:13: warning: non-standard suffix on floating constant before C23 [-Wc11-c23-compat]
 3053 |             if (fabs(aligned) > (double)FLT16_MAX)
      |             ^~
/home/byrn/HDF_Projects/hdf5/dev/test/dt_arith.c:3055:13: warning: non-standard suffix on floating constant before C23 [-Wc11-c23-compat]
 3055 |             else if (fabs(aligned) < (double)FLT16_MIN)
      |             ^~~~
/home/byrn/HDF_Projects/hdf5/dev/test/dt_arith.c: In function ‘test_conv_flt_1_hw_conv_from_ldouble’:
/home/byrn/HDF_Projects/hdf5/dev/test/dt_arith.c:3139:13: warning: non-standard suffix on floating constant before C23 [-Wc11-c23-compat]
 3139 |             if (fabsl(aligned) > (long double)FLT16_MAX)
      |             ^~
/home/byrn/HDF_Projects/hdf5/dev/test/dt_arith.c:3141:13: warning: non-standard suffix on floating constant before C23 [-Wc11-c23-compat]
 3141 |             else if (fabsl(aligned) < (long double)FLT16_MIN)
      |             ^~~~
/home/byrn/HDF_Projects/hdf5/dev/test/dt_arith.c: In function ‘test_conv_flt_1’:
/home/byrn/HDF_Projects/hdf5/dev/test/dt_arith.c:3402:17: warning: non-standard suffix on floating constant before C23 [-Wc11-c23-compat]
 3402 |                 INIT_FP_NORM(H5__Float16, FLT16_MAX, FLT16_MIN, FLT16_MAX_10_EXP, FLT16_MIN_10_EXP, src_size,
      |                 ^~~~~~~~~~~~
/home/byrn/HDF_Projects/hdf5/dev/test/dt_arith.c:3402:17: warning: non-standard suffix on floating constant before C23 [-Wc11-c23-compat]
/home/byrn/HDF_Projects/hdf5/dev/test/dt_arith.c:3402:17: warning: non-standard suffix on floating constant before C23 [-Wc11-c23-compat]
/home/byrn/HDF_Projects/hdf5/dev/test/dt_arith.c:3402:17: warning: non-standard suffix on floating constant before C23 [-Wc11-c23-compat]
/home/byrn/HDF_Projects/hdf5/dev/test/dt_arith.c:3402:17: warning: non-standard suffix on floating constant before C23 [-Wc11-c23-compat]
/home/byrn/HDF_Projects/hdf5/dev/test/dt_arith.c:3402:17: warning: non-standard suffix on floating constant before C23 [-Wc11-c23-compat]
/home/byrn/HDF_Projects/hdf5/dev/test/dt_arith.c:3645:17: warning: non-standard suffix on floating constant before C23 [-Wc11-c23-compat]
 3645 |                 if (underflow && fabsf((float)x) <= (float)FLT16_MIN &&
      |                 ^~
/home/byrn/HDF_Projects/hdf5/dev/test/dt_arith.c:3646:21: warning: non-standard suffix on floating constant before C23 [-Wc11-c23-compat]
 3646 |                     fabsf((float)hw_half) <= (float)FLT16_MIN)
      |                     ^~~~~
/home/byrn/HDF_Projects/hdf5/dev/test/dt_arith.c: In function ‘test_conv_int_fp’:
/home/byrn/HDF_Projects/hdf5/dev/test/dt_arith.c:4232:13: warning: non-standard suffix on floating constant before C23 [-Wc11-c23-compat]
 4232 |             INIT_FP_NORM(H5__Float16, FLT16_MAX, FLT16_MIN, FLT16_MAX_10_EXP, FLT16_MIN_10_EXP, src_size,
      |             ^~~~~~~~~~~~
/home/byrn/HDF_Projects/hdf5/dev/test/dt_arith.c:4232:13: warning: non-standard suffix on floating constant before C23 [-Wc11-c23-compat]
/home/byrn/HDF_Projects/hdf5/dev/test/dt_arith.c:4232:13: warning: non-standard suffix on floating constant before C23 [-Wc11-c23-compat]
/home/byrn/HDF_Projects/hdf5/dev/test/dt_arith.c:4232:13: warning: non-standard suffix on floating constant before C23 [-Wc11-c23-compat]
/home/byrn/HDF_Projects/hdf5/dev/test/dt_arith.c:4232:13: warning: non-standard suffix on floating constant before C23 [-Wc11-c23-compat]
/home/byrn/HDF_Projects/hdf5/dev/test/dt_arith.c:4232:13: warning: non-standard suffix on floating constant before C23 [-Wc11-c23-compat]
[767/4114] /usr/bin/cc -DH5_BUILT_AS_DYNAMIC_LIB -DH5_HAVE_TEST_API -D_FILE_OFFSET_BITS=64 -D_GNU_SOURCE -D_LARGEFILE_SOURCE -D_POSIX_C_SOURCE=200809L -I/home/byrn/HDF_Projects/hdf5/dev/src -I/home/byrn/HDF_Projects/hdf5/dev/src/H5FDsubfiling -I/home/byrn/HDF_Projects/hdf5/build/ci-StdShar-GNUC/src -I/home/byrn/HDF_Projects/hdf5/build/ci-StdShar-GNUC/test -I/home/byrn/HDF_Projects/hdf5/dev/test -std=c99  -fstdarg-opt -fdiagnostics-urls=never -fno-diagnostics-color -fmessage-length=0 -O2 -g -DNDEBUG -std=gnu99 -fPIE -Wall -Wcast-qual -Wconversion -Wextra -Wfloat-equal -Wformat=2 -Winit-self -Winvalid-pch -Wmissing-include-dirs -Wshadow -Wundef -Wwrite-strings -pedantic -Wno-c++-compat -Wbad-function-cast -Wcast-align -Wformat -Wimplicit-function-declaration -Wint-to-pointer-cast -Wmissing-declarations -Wmissing-prototypes -Wnested-externs -Wold-style-definition -Wpacked -Wpointer-sign -Wpointer-to-int-cast -Wredundant-decls -Wstrict-prototypes -Wswitch -Wunused-but-set-variable -Wunused-variable -Wunused-function -Wunused-parameter -finline-functions -Wno-aggregate-return -Wno-inline -Wno-missing-format-attribute -Wno-missing-noreturn -Wno-overlength-strings -Wlarger-than=2560 -Wlogical-op -Wframe-larger-than=16384 -Wpacked-bitfield-compat -Wsync-nand -Wno-unsuffixed-float-constants -Wdouble-promotion -Wtrampolines -Wstack-usage=8192 -Wmaybe-uninitialized -Wno-jump-misses-init -Wstrict-overflow=2 -Wno-suggest-attribute=const -Wno-suggest-attribute=noreturn -Wno-suggest-attribute=pure -Wno-suggest-attribute=format -Wdate-time -Warray-bounds=2 -Wc99-c11-compat -Wincompatible-pointer-types -Wint-conversion -Wduplicated-cond -Whsa -Wnormalized -Wnull-dereference -Wunused-const-variable -Walloca -Walloc-zero -Wduplicated-branches -Wformat-overflow=2 -Wformat-truncation=1 -Wrestrict -Wattribute-alias -Wshift-overflow=2 -Wcast-function-type -Wcast-align=strict -Wno-suggest-attribute=cold -Wno-suggest-attribute=malloc -Wattribute-alias=2 -Wmissing-profile -Wc11-c2x-compat -MD -MT test/CMakeFiles/enc_dec_plist.dir/enc_dec_plist.c.o -MF test/CMakeFiles/enc_dec_plist.dir/enc_dec_plist.c.o.d -o test/CMakeFiles/enc_dec_plist.dir/enc_dec_plist.c.o -c /home/byrn/HDF_Projects/hdf5/dev/test/enc_dec_plist.c
[768/4114] /usr/bin/cc -DH5_BUILT_AS_DYNAMIC_LIB -DH5_HAVE_TEST_API -D_FILE_OFFSET_BITS=64 -D_GNU_SOURCE -D_LARGEFILE_SOURCE -D_POSIX_C_SOURCE=200809L -I/home/byrn/HDF_Projects/hdf5/dev/src -I/home/byrn/HDF_Projects/hdf5/dev/src/H5FDsubfiling -I/home/byrn/HDF_Projects/hdf5/build/ci-StdShar-GNUC/src -I/home/byrn/HDF_Projects/hdf5/build/ci-StdShar-GNUC/test -I/home/byrn/HDF_Projects/hdf5/dev/test -std=c99  -fstdarg-opt -fdiagnostics-urls=never -fno-diagnostics-color -fmessage-length=0 -O2 -g -DNDEBUG -std=gnu99 -fPIE -Wall -Wcast-qual -Wconversion -Wextra -Wfloat-equal -Wformat=2 -Winit-self -Winvalid-pch -Wmissing-include-dirs -Wshadow -Wundef -Wwrite-strings -pedantic -Wno-c++-compat -Wbad-function-cast -Wcast-align -Wformat -Wimplicit-function-declaration -Wint-to-pointer-cast -Wmissing-declarations -Wmissing-prototypes -Wnested-externs -Wold-style-definition -Wpacked -Wpointer-sign -Wpointer-to-int-cast -Wredundant-decls -Wstrict-prototypes -Wswitch -Wunused-but-set-variable -Wunused-variable -Wunused-function -Wunused-parameter -finline-functions -Wno-aggregate-return -Wno-inline -Wno-missing-format-attribute -Wno-missing-noreturn -Wno-overlength-strings -Wlarger-than=2560 -Wlogical-op -Wframe-larger-than=16384 -Wpacked-bitfield-compat -Wsync-nand -Wno-unsuffixed-float-constants -Wdouble-promotion -Wtrampolines -Wstack-usage=8192 -Wmaybe-uninitialized -Wno-jump-misses-init -Wstrict-overflow=2 -Wno-suggest-attribute=const -Wno-suggest-attribute=noreturn -Wno-suggest-attribute=pure -Wno-suggest-attribute=format -Wdate-time -Warray-bounds=2 -Wc99-c11-compat -Wincompatible-pointer-types -Wint-conversion -Wduplicated-cond -Whsa -Wnormalized -Wnull-dereference -Wunused-const-variable -Walloca -Walloc-zero -Wduplicated-branches -Wformat-overflow=2 -Wformat-truncation=1 -Wrestrict -Wattribute-alias -Wshift-overflow=2 -Wcast-function-type -Wcast-align=strict -Wno-suggest-attribute=cold -Wno-suggest-attribute=malloc -Wattribute-alias=2 -Wmissing-profile -Wc11-c2x-compat -MD -MT test/CMakeFiles/enc_dec_plist_cross_platform.dir/enc_dec_plist_cross_platform.c.o -MF test/CMakeFiles/enc_dec_plist_cross_platform.dir/enc_dec_plist_cross_platform.c.o.d -o test/CMakeFiles/enc_dec_plist_cross_platform.dir/enc_dec_plist_cross_platform.c.o -c /home/byrn/HDF_Projects/hdf5/dev/test/enc_dec_plist_cross_platform.c
[769/4114] /usr/bin/cc -DH5_BUILT_AS_DYNAMIC_LIB -DH5_HAVE_TEST_API -D_FILE_OFFSET_BITS=64 -D_GNU_SOURCE -D_LARGEFILE_SOURCE -D_POSIX_C_SOURCE=200809L -I/home/byrn/HDF_Projects/hdf5/dev/src -I/home/byrn/HDF_Projects/hdf5/dev/src/H5FDsubfiling -I/home/byrn/HDF_Projects/hdf5/build/ci-StdShar-GNUC/src -I/home/byrn/HDF_Projects/hdf5/build/ci-StdShar-GNUC/test -I/home/byrn/HDF_Projects/hdf5/dev/test -std=c99  -fstdarg-opt -fdiagnostics-urls=never -fno-diagnostics-color -fmessage-length=0 -O2 -g -DNDEBUG -std=gnu99 -fPIE -Wall -Wcast-qual -Wconversion -Wextra -Wfloat-equal -Wformat=2 -Winit-self -Winvalid-pch -Wmissing-include-dirs -Wshadow -Wundef -Wwrite-strings -pedantic -Wno-c++-compat -Wbad-function-cast -Wcast-align -Wformat -Wimplicit-function-declaration -Wint-to-pointer-cast -Wmissing-declarations -Wmissing-prototypes -Wnested-externs -Wold-style-definition -Wpacked -Wpointer-sign -Wpointer-to-int-cast -Wredundant-decls -Wstrict-prototypes -Wswitch -Wunused-but-set-variable -Wunused-variable -Wunused-function -Wunused-parameter -finline-functions -Wno-aggregate-return -Wno-inline -Wno-missing-format-attribute -Wno-missing-noreturn -Wno-overlength-strings -Wlarger-than=2560 -Wlogical-op -Wframe-larger-than=16384 -Wpacked-bitfield-compat -Wsync-nand -Wno-unsuffixed-float-constants -Wdouble-promotion -Wtrampolines -Wstack-usage=8192 -Wmaybe-uninitialized -Wno-jump-misses-init -Wstrict-overflow=2 -Wno-suggest-attribute=const -Wno-suggest-attribute=noreturn -Wno-suggest-attribute=pure -Wno-suggest-attribute=format -Wdate-time -Warray-bounds=2 -Wc99-c11-compat -Wincompatible-pointer-types -Wint-conversion -Wduplicated-cond -Whsa -Wnormalized -Wnull-dereference -Wunused-const-variable -Walloca -Walloc-zero -Wduplicated-branches -Wformat-overflow=2 -Wformat-truncation=1 -Wrestrict -Wattribute-alias -Wshift-overflow=2 -Wcast-function-type -Wcast-align=strict -Wno-suggest-attribute=cold -Wno-suggest-attribute=malloc -Wattribute-alias=2 -Wmissing-profile -Wc11-c2x-compat -MD -MT test/CMakeFiles/efc.dir/efc.c.o -MF test/CMakeFiles/efc.dir/efc.c.o.d -o test/CMakeFiles/efc.dir/efc.c.o -c /home/byrn/HDF_Projects/hdf5/dev/test/efc.c
[770/4114] /usr/bin/cc -DH5_BUILT_AS_DYNAMIC_LIB -DH5_HAVE_TEST_API -D_FILE_OFFSET_BITS=64 -D_GNU_SOURCE -D_LARGEFILE_SOURCE -D_POSIX_C_SOURCE=200809L -I/home/byrn/HDF_Projects/hdf5/dev/src -I/home/byrn/HDF_Projects/hdf5/dev/src/H5FDsubfiling -I/home/byrn/HDF_Projects/hdf5/build/ci-StdShar-GNUC/src -I/home/byrn/HDF_Projects/hdf5/build/ci-StdShar-GNUC/test -I/home/byrn/HDF_Projects/hdf5/dev/test -std=c99  -fstdarg-opt -fdiagnostics-urls=never -fno-diagnostics-color -fmessage-length=0 -O2 -g -DNDEBUG -std=gnu99 -fPIE -Wall -Wcast-qual -Wconversion -Wextra -Wfloat-equal -Wformat=2 -Winit-self -Winvalid-pch -Wmissing-include-dirs -Wshadow -Wundef -Wwrite-strings -pedantic -Wno-c++-compat -Wbad-function-cast -Wcast-align -Wformat -Wimplicit-function-declaration -Wint-to-pointer-cast -Wmissing-declarations -Wmissing-prototypes -Wnested-externs -Wold-style-definition -Wpacked -Wpointer-sign -Wpointer-to-int-cast -Wredundant-decls -Wstrict-prototypes -Wswitch -Wunused-but-set-variable -Wunused-variable -Wunused-function -Wunused-parameter -finline-functions -Wno-aggregate-return -Wno-inline -Wno-missing-format-attribute -Wno-missing-noreturn -Wno-overlength-strings -Wlarger-than=2560 -Wlogical-op -Wframe-larger-than=16384 -Wpacked-bitfield-compat -Wsync-nand -Wno-unsuffixed-float-constants -Wdouble-promotion -Wtrampolines -Wstack-usage=8192 -Wmaybe-uninitialized -Wno-jump-misses-init -Wstrict-overflow=2 -Wno-suggest-attribute=const -Wno-suggest-attribute=noreturn -Wno-suggest-attribute=pure -Wno-suggest-attribute=format -Wdate-time -Warray-bounds=2 -Wc99-c11-compat -Wincompatible-pointer-types -Wint-conversion -Wduplicated-cond -Whsa -Wnormalized -Wnull-dereference -Wunused-const-variable -Walloca -Walloc-zero -Wduplicated-branches -Wformat-overflow=2 -Wformat-truncation=1 -Wrestrict -Wattribute-alias -Wshift-overflow=2 -Wcast-function-type -Wcast-align=strict -Wno-suggest-attribute=cold -Wno-suggest-attribute=malloc -Wattribute-alias=2 -Wmissing-profile -Wc11-c2x-compat -MD -MT test/CMakeFiles/set_extent.dir/set_extent.c.o -MF test/CMakeFiles/set_extent.dir/set_extent.c.o.d -o test/CMakeFiles/set_extent.dir/set_extent.c.o -c /home/byrn/HDF_Projects/hdf5/dev/test/set_extent.c
[771/4114] /usr/bin/cc -DH5_BUILT_AS_DYNAMIC_LIB -DH5_HAVE_TEST_API -D_FILE_OFFSET_BITS=64 -D_GNU_SOURCE -D_LARGEFILE_SOURCE -D_POSIX_C_SOURCE=200809L -I/home/byrn/HDF_Projects/hdf5/dev/src -I/home/byrn/HDF_Projects/hdf5/dev/src/H5FDsubfiling -I/home/byrn/HDF_Projects/hdf5/build/ci-StdShar-GNUC/src -I/home/byrn/HDF_Projects/hdf5/build/ci-StdShar-GNUC/test -I/home/byrn/HDF_Projects/hdf5/dev/test -std=c99  -fstdarg-opt -fdiagnostics-urls=never -fno-diagnostics-color -fmessage-length=0 -O2 -g -DNDEBUG -std=gnu99 -fPIE -Wall -Wcast-qual -Wconversion -Wextra -Wfloat-equal -Wformat=2 -Winit-self -Winvalid-pch -Wmissing-include-dirs -Wshadow -Wundef -Wwrite-strings -pedantic -Wno-c++-compat -Wbad-function-cast -Wcast-align -Wformat -Wimplicit-function-declaration -Wint-to-pointer-cast -Wmissing-declarations -Wmissing-prototypes -Wnested-externs -Wold-style-definition -Wpacked -Wpointer-sign -Wpointer-to-int-cast -Wredundant-decls -Wstrict-prototypes -Wswitch -Wunused-but-set-variable -Wunused-variable -Wunused-function -Wunused-parameter -finline-functions -Wno-aggregate-return -Wno-inline -Wno-missing-format-attribute -Wno-missing-noreturn -Wno-overlength-strings -Wlarger-than=2560 -Wlogical-op -Wframe-larger-than=16384 -Wpacked-bitfield-compat -Wsync-nand -Wno-unsuffixed-float-constants -Wdouble-promotion -Wtrampolines -Wstack-usage=8192 -Wmaybe-uninitialized -Wno-jump-misses-init -Wstrict-overflow=2 -Wno-suggest-attribute=const -Wno-suggest-attribute=noreturn -Wno-suggest-attribute=pure -Wno-suggest-attribute=format -Wdate-time -Warray-bounds=2 -Wc99-c11-compat -Wincompatible-pointer-types -Wint-conversion -Wduplicated-cond -Whsa -Wnormalized -Wnull-dereference -Wunused-const-variable -Walloca -Walloc-zero -Wduplicated-branches -Wformat-overflow=2 -Wformat-truncation=1 -Wrestrict -Wattribute-alias -Wshift-overflow=2 -Wcast-function-type -Wcast-align=strict -Wno-suggest-attribute=cold -Wno-suggest-attribute=malloc -Wattribute-alias=2 -Wmissing-profile -Wc11-c2x-compat -MD -MT test/CMakeFiles/ros3.dir/ros3.c.o -MF test/CMakeFiles/ros3.dir/ros3.c.o.d -o test/CMakeFiles/ros3.dir/ros3.c.o -c /home/byrn/HDF_Projects/hdf5/dev/test/ros3.c
[772/4114] /usr/bin/cc -DH5_BUILT_AS_DYNAMIC_LIB -DH5_HAVE_TEST_API -D_FILE_OFFSET_BITS=64 -D_GNU_SOURCE -D_LARGEFILE_SOURCE -D_POSIX_C_SOURCE=200809L -I/home/byrn/HDF_Projects/hdf5/dev/src -I/home/byrn/HDF_Projects/hdf5/dev/src/H5FDsubfiling -I/home/byrn/HDF_Projects/hdf5/build/ci-StdShar-GNUC/src -I/home/byrn/HDF_Projects/hdf5/build/ci-StdShar-GNUC/test -I/home/byrn/HDF_Projects/hdf5/dev/test -std=c99  -fstdarg-opt -fdiagnostics-urls=never -fno-diagnostics-color -fmessage-length=0 -O2 -g -DNDEBUG -std=gnu99 -fPIE -Wall -Wcast-qual -Wconversion -Wextra -Wfloat-equal -Wformat=2 -Winit-self -Winvalid-pch -Wmissing-include-dirs -Wshadow -Wundef -Wwrite-strings -pedantic -Wno-c++-compat -Wbad-function-cast -Wcast-align -Wformat -Wimplicit-function-declaration -Wint-to-pointer-cast -Wmissing-declarations -Wmissing-prototypes -Wnested-externs -Wold-style-definition -Wpacked -Wpointer-sign -Wpointer-to-int-cast -Wredundant-decls -Wstrict-prototypes -Wswitch -Wunused-but-set-variable -Wunused-variable -Wunused-function -Wunused-parameter -finline-functions -Wno-aggregate-return -Wno-inline -Wno-missing-format-attribute -Wno-missing-noreturn -Wno-overlength-strings -Wlarger-than=2560 -Wlogical-op -Wframe-larger-than=16384 -Wpacked-bitfield-compat -Wsync-nand -Wno-unsuffixed-float-constants -Wdouble-promotion -Wtrampolines -Wstack-usage=8192 -Wmaybe-uninitialized -Wno-jump-misses-init -Wstrict-overflow=2 -Wno-suggest-attribute=const -Wno-suggest-attribute=noreturn -Wno-suggest-attribute=pure -Wno-suggest-attribute=format -Wdate-time -Warray-bounds=2 -Wc99-c11-compat -Wincompatible-pointer-types -Wint-conversion -Wduplicated-cond -Whsa -Wnormalized -Wnull-dereference -Wunused-const-variable -Walloca -Walloc-zero -Wduplicated-branches -Wformat-overflow=2 -Wformat-truncation=1 -Wrestrict -Wattribute-alias -Wshift-overflow=2 -Wcast-function-type -Wcast-align=strict -Wno-suggest-attribute=cold -Wno-suggest-attribute=malloc -Wattribute-alias=2 -Wmissing-profile -Wc11-c2x-compat -MD -MT test/CMakeFiles/s3comms.dir/s3comms.c.o -MF test/CMakeFiles/s3comms.dir/s3comms.c.o.d -o test/CMakeFiles/s3comms.dir/s3comms.c.o -c /home/byrn/HDF_Projects/hdf5/dev/test/s3comms.c
[773/4114] /usr/bin/cc -DH5_BUILT_AS_DYNAMIC_LIB -DH5_HAVE_TEST_API -D_FILE_OFFSET_BITS=64 -D_GNU_SOURCE -D_LARGEFILE_SOURCE -D_POSIX_C_SOURCE=200809L -I/home/byrn/HDF_Projects/hdf5/dev/src -I/home/byrn/HDF_Projects/hdf5/dev/src/H5FDsubfiling -I/home/byrn/HDF_Projects/hdf5/build/ci-StdShar-GNUC/src -I/home/byrn/HDF_Projects/hdf5/build/ci-StdShar-GNUC/test -I/home/byrn/HDF_Projects/hdf5/dev/test -std=c99  -fstdarg-opt -fdiagnostics-urls=never -fno-diagnostics-color -fmessage-length=0 -O2 -g -DNDEBUG -std=gnu99 -fPIE -Wall -Wcast-qual -Wconversion -Wextra -Wfloat-equal -Wformat=2 -Winit-self -Winvalid-pch -Wmissing-include-dirs -Wshadow -Wundef -Wwrite-strings -pedantic -Wno-c++-compat -Wbad-function-cast -Wcast-align -Wformat -Wimplicit-function-declaration -Wint-to-pointer-cast -Wmissing-declarations -Wmissing-prototypes -Wnested-externs -Wold-style-definition -Wpacked -Wpointer-sign -Wpointer-to-int-cast -Wredundant-decls -Wstrict-prototypes -Wswitch -Wunused-but-set-variable -Wunused-variable -Wunused-function -Wunused-parameter -finline-functions -Wno-aggregate-return -Wno-inline -Wno-missing-format-attribute -Wno-missing-noreturn -Wno-overlength-strings -Wlarger-than=2560 -Wlogical-op -Wframe-larger-than=16384 -Wpacked-bitfield-compat -Wsync-nand -Wno-unsuffixed-float-constants -Wdouble-promotion -Wtrampolines -Wstack-usage=8192 -Wmaybe-uninitialized -Wno-jump-misses-init -Wstrict-overflow=2 -Wno-suggest-attribute=const -Wno-suggest-attribute=noreturn -Wno-suggest-attribute=pure -Wno-suggest-attribute=format -Wdate-time -Warray-bounds=2 -Wc99-c11-compat -Wincompatible-pointer-types -Wint-conversion -Wduplicated-cond -Whsa -Wnormalized -Wnull-dereference -Wunused-const-variable -Walloca -Walloc-zero -Wduplicated-branches -Wformat-overflow=2 -Wformat-truncation=1 -Wrestrict -Wattribute-alias -Wshift-overflow=2 -Wcast-function-type -Wcast-align=strict -Wno-suggest-attribute=cold -Wno-suggest-attribute=malloc -Wattribute-alias=2 -Wmissing-profile -Wc11-c2x-compat -MD -MT test/CMakeFiles/hdfs.dir/hdfs.c.o -MF test/CMakeFiles/hdfs.dir/hdfs.c.o.d -o test/CMakeFiles/hdfs.dir/hdfs.c.o -c /home/byrn/HDF_Projects/hdf5/dev/test/hdfs.c
[774/4114] /usr/bin/cc -DH5_BUILT_AS_DYNAMIC_LIB -DH5_HAVE_TEST_API -D_FILE_OFFSET_BITS=64 -D_GNU_SOURCE -D_LARGEFILE_SOURCE -D_POSIX_C_SOURCE=200809L -I/home/byrn/HDF_Projects/hdf5/dev/src -I/home/byrn/HDF_Projects/hdf5/dev/src/H5FDsubfiling -I/home/byrn/HDF_Projects/hdf5/build/ci-StdShar-GNUC/src -I/home/byrn/HDF_Projects/hdf5/build/ci-StdShar-GNUC/test -I/home/byrn/HDF_Projects/hdf5/dev/test -std=c99  -fstdarg-opt -fdiagnostics-urls=never -fno-diagnostics-color -fmessage-length=0 -O2 -g -DNDEBUG -std=gnu99 -fPIE -Wall -Wcast-qual -Wconversion -Wextra -Wfloat-equal -Wformat=2 -Winit-self -Winvalid-pch -Wmissing-include-dirs -Wshadow -Wundef -Wwrite-strings -pedantic -Wno-c++-compat -Wbad-function-cast -Wcast-align -Wformat -Wimplicit-function-declaration -Wint-to-pointer-cast -Wmissing-declarations -Wmissing-prototypes -Wnested-externs -Wold-style-definition -Wpacked -Wpointer-sign -Wpointer-to-int-cast -Wredundant-decls -Wstrict-prototypes -Wswitch -Wunused-but-set-variable -Wunused-variable -Wunused-function -Wunused-parameter -finline-functions -Wno-aggregate-return -Wno-inline -Wno-missing-format-attribute -Wno-missing-noreturn -Wno-overlength-strings -Wlarger-than=2560 -Wlogical-op -Wframe-larger-than=16384 -Wpacked-bitfield-compat -Wsync-nand -Wno-unsuffixed-float-constants -Wdouble-promotion -Wtrampolines -Wstack-usage=8192 -Wmaybe-uninitialized -Wno-jump-misses-init -Wstrict-overflow=2 -Wno-suggest-attribute=const -Wno-suggest-attribute=noreturn -Wno-suggest-attribute=pure -Wno-suggest-attribute=format -Wdate-time -Warray-bounds=2 -Wc99-c11-compat -Wincompatible-pointer-types -Wint-conversion -Wduplicated-cond -Whsa -Wnormalized -Wnull-dereference -Wunused-const-variable -Walloca -Walloc-zero -Wduplicated-branches -Wformat-overflow=2 -Wformat-truncation=1 -Wrestrict -Wattribute-alias -Wshift-overflow=2 -Wcast-function-type -Wcast-align=strict -Wno-suggest-attribute=cold -Wno-suggest-attribute=malloc -Wattribute-alias=2 -Wmissing-profile -Wc11-c2x-compat -MD -MT test/CMakeFiles/mount.dir/mount.c.o -MF test/CMakeFiles/mount.dir/mount.c.o.d -o test/CMakeFiles/mount.dir/mount.c.o -c /home/byrn/HDF_Projects/hdf5/dev/test/mount.c
[775/4114] /usr/bin/cc -DH5_BUILT_AS_DYNAMIC_LIB -DH5_HAVE_TEST_API -D_FILE_OFFSET_BITS=64 -D_GNU_SOURCE -D_LARGEFILE_SOURCE -D_POSIX_C_SOURCE=200809L -I/home/byrn/HDF_Projects/hdf5/dev/src -I/home/byrn/HDF_Projects/hdf5/dev/src/H5FDsubfiling -I/home/byrn/HDF_Projects/hdf5/build/ci-StdShar-GNUC/src -I/home/byrn/HDF_Projects/hdf5/build/ci-StdShar-GNUC/test -I/home/byrn/HDF_Projects/hdf5/dev/test -std=c99  -fstdarg-opt -fdiagnostics-urls=never -fno-diagnostics-color -fmessage-length=0 -O2 -g -DNDEBUG -std=gnu99 -fPIE -Wall -Wcast-qual -Wconversion -Wextra -Wfloat-equal -Wformat=2 -Winit-self -Winvalid-pch -Wmissing-include-dirs -Wshadow -Wundef -Wwrite-strings -pedantic -Wno-c++-compat -Wbad-function-cast -Wcast-align -Wformat -Wimplicit-function-declaration -Wint-to-pointer-cast -Wmissing-declarations -Wmissing-prototypes -Wnested-externs -Wold-style-definition -Wpacked -Wpointer-sign -Wpointer-to-int-cast -Wredundant-decls -Wstrict-prototypes -Wswitch -Wunused-but-set-variable -Wunused-variable -Wunused-function -Wunused-parameter -finline-functions -Wno-aggregate-return -Wno-inline -Wno-missing-format-attribute -Wno-missing-noreturn -Wno-overlength-strings -Wlarger-than=2560 -Wlogical-op -Wframe-larger-than=16384 -Wpacked-bitfield-compat -Wsync-nand -Wno-unsuffixed-float-constants -Wdouble-promotion -Wtrampolines -Wstack-usage=8192 -Wmaybe-uninitialized -Wno-jump-misses-init -Wstrict-overflow=2 -Wno-suggest-attribute=const -Wno-suggest-attribute=noreturn -Wno-suggest-attribute=pure -Wno-suggest-attribute=format -Wdate-time -Warray-bounds=2 -Wc99-c11-compat -Wincompatible-pointer-types -Wint-conversion -Wduplicated-cond -Whsa -Wnormalized -Wnull-dereference -Wunused-const-variable -Walloca -Walloc-zero -Wduplicated-branches -Wformat-overflow=2 -Wformat-truncation=1 -Wrestrict -Wattribute-alias -Wshift-overflow=2 -Wcast-function-type -Wcast-align=strict -Wno-suggest-attribute=cold -Wno-suggest-attribute=malloc -Wattribute-alias=2 -Wmissing-profile -Wc11-c2x-compat -MD -MT test/CMakeFiles/dangle.dir/dangle.c.o -MF test/CMakeFiles/dangle.dir/dangle.c.o.d -o test/CMakeFiles/dangle.dir/dangle.c.o -c /home/byrn/HDF_Projects/hdf5/dev/test/dangle.c
[776/4114] /usr/bin/cc -DH5_BUILT_AS_DYNAMIC_LIB -DH5_HAVE_TEST_API -D_FILE_OFFSET_BITS=64 -D_GNU_SOURCE -D_LARGEFILE_SOURCE -D_POSIX_C_SOURCE=200809L -I/home/byrn/HDF_Projects/hdf5/dev/src -I/home/byrn/HDF_Projects/hdf5/dev/src/H5FDsubfiling -I/home/byrn/HDF_Projects/hdf5/build/ci-StdShar-GNUC/src -I/home/byrn/HDF_Projects/hdf5/build/ci-StdShar-GNUC/test -I/home/byrn/HDF_Projects/hdf5/dev/test -std=c99  -fstdarg-opt -fdiagnostics-urls=never -fno-diagnostics-color -fmessage-length=0 -O2 -g -DNDEBUG -std=gnu99 -fPIE -Wall -Wcast-qual -Wconversion -Wextra -Wfloat-equal -Wformat=2 -Winit-self -Winvalid-pch -Wmissing-include-dirs -Wshadow -Wundef -Wwrite-strings -pedantic -Wno-c++-compat -Wbad-function-cast -Wcast-align -Wformat -Wimplicit-function-declaration -Wint-to-pointer-cast -Wmissing-declarations -Wmissing-prototypes -Wnested-externs -Wold-style-definition -Wpacked -Wpointer-sign -Wpointer-to-int-cast -Wredundant-decls -Wstrict-prototypes -Wswitch -Wunused-but-set-variable -Wunused-variable -Wunused-function -Wunused-parameter -finline-functions -Wno-aggregate-return -Wno-inline -Wno-missing-format-attribute -Wno-missing-noreturn -Wno-overlength-strings -Wlarger-than=2560 -Wlogical-op -Wframe-larger-than=16384 -Wpacked-bitfield-compat -Wsync-nand -Wno-unsuffixed-float-constants -Wdouble-promotion -Wtrampolines -Wstack-usage=8192 -Wmaybe-uninitialized -Wno-jump-misses-init -Wstrict-overflow=2 -Wno-suggest-attribute=const -Wno-suggest-attribute=noreturn -Wno-suggest-attribute=pure -Wno-suggest-attribute=format -Wdate-time -Warray-bounds=2 -Wc99-c11-compat -Wincompatible-pointer-types -Wint-conversion -Wduplicated-cond -Whsa -Wnormalized -Wnull-dereference -Wunused-const-variable -Walloca -Walloc-zero -Wduplicated-branches -Wformat-overflow=2 -Wformat-truncation=1 -Wrestrict -Wattribute-alias -Wshift-overflow=2 -Wcast-function-type -Wcast-align=strict -Wno-suggest-attribute=cold -Wno-suggest-attribute=malloc -Wattribute-alias=2 -Wmissing-profile -Wc11-c2x-compat -MD -MT test/CMakeFiles/cross_read.dir/cross_read.c.o -MF test/CMakeFiles/cross_read.dir/cross_read.c.o.d -o test/CMakeFiles/cross_read.dir/cross_read.c.o -c /home/byrn/HDF_Projects/hdf5/dev/test/cross_read.c
[777/4114] /usr/bin/cc -DH5_BUILT_AS_DYNAMIC_LIB -DH5_HAVE_TEST_API -D_FILE_OFFSET_BITS=64 -D_GNU_SOURCE -D_LARGEFILE_SOURCE -D_POSIX_C_SOURCE=200809L -I/home/byrn/HDF_Projects/hdf5/dev/src -I/home/byrn/HDF_Projects/hdf5/dev/src/H5FDsubfiling -I/home/byrn/HDF_Projects/hdf5/build/ci-StdShar-GNUC/src -I/home/byrn/HDF_Projects/hdf5/build/ci-StdShar-GNUC/test -I/home/byrn/HDF_Projects/hdf5/dev/test -std=c99  -fstdarg-opt -fdiagnostics-urls=never -fno-diagnostics-color -fmessage-length=0 -O2 -g -DNDEBUG -std=gnu99 -fPIE -Wall -Wcast-qual -Wconversion -Wextra -Wfloat-equal -Wformat=2 -Winit-self -Winvalid-pch -Wmissing-include-dirs -Wshadow -Wundef -Wwrite-strings -pedantic -Wno-c++-compat -Wbad-function-cast -Wcast-align -Wformat -Wimplicit-function-declaration -Wint-to-pointer-cast -Wmissing-declarations -Wmissing-prototypes -Wnested-externs -Wold-style-definition -Wpacked -Wpointer-sign -Wpointer-to-int-cast -Wredundant-decls -Wstrict-prototypes -Wswitch -Wunused-but-set-variable -Wunused-variable -Wunused-function -Wunused-parameter -finline-functions -Wno-aggregate-return -Wno-inline -Wno-missing-format-attribute -Wno-missing-noreturn -Wno-overlength-strings -Wlarger-than=2560 -Wlogical-op -Wframe-larger-than=16384 -Wpacked-bitfield-compat -Wsync-nand -Wno-unsuffixed-float-constants -Wdouble-promotion -Wtrampolines -Wstack-usage=8192 -Wmaybe-uninitialized -Wno-jump-misses-init -Wstrict-overflow=2 -Wno-suggest-attribute=const -Wno-suggest-attribute=noreturn -Wno-suggest-attribute=pure -Wno-suggest-attribute=format -Wdate-time -Warray-bounds=2 -Wc99-c11-compat -Wincompatible-pointer-types -Wint-conversion -Wduplicated-cond -Whsa -Wnormalized -Wnull-dereference -Wunused-const-variable -Walloca -Walloc-zero -Wduplicated-branches -Wformat-overflow=2 -Wformat-truncation=1 -Wrestrict -Wattribute-alias -Wshift-overflow=2 -Wcast-function-type -Wcast-align=strict -Wno-suggest-attribute=cold -Wno-suggest-attribute=malloc -Wattribute-alias=2 -Wmissing-profile -Wc11-c2x-compat -MD -MT test/CMakeFiles/freespace.dir/freespace.c.o -MF test/CMakeFiles/freespace.dir/freespace.c.o.d -o test/CMakeFiles/freespace.dir/freespace.c.o -c /home/byrn/HDF_Projects/hdf5/dev/test/freespace.c
[778/4114] /usr/bin/cc -DH5_BUILT_AS_DYNAMIC_LIB -DH5_HAVE_TEST_API -D_FILE_OFFSET_BITS=64 -D_GNU_SOURCE -D_LARGEFILE_SOURCE -D_POSIX_C_SOURCE=200809L -I/home/byrn/HDF_Projects/hdf5/dev/src -I/home/byrn/HDF_Projects/hdf5/dev/src/H5FDsubfiling -I/home/byrn/HDF_Projects/hdf5/build/ci-StdShar-GNUC/src -I/home/byrn/HDF_Projects/hdf5/build/ci-StdShar-GNUC/test -I/home/byrn/HDF_Projects/hdf5/dev/test -std=c99  -fstdarg-opt -fdiagnostics-urls=never -fno-diagnostics-color -fmessage-length=0 -O2 -g -DNDEBUG -std=gnu99 -fPIE -Wall -Wcast-qual -Wconversion -Wextra -Wfloat-equal -Wformat=2 -Winit-self -Winvalid-pch -Wmissing-include-dirs -Wshadow -Wundef -Wwrite-strings -pedantic -Wno-c++-compat -Wbad-function-cast -Wcast-align -Wformat -Wimplicit-function-declaration -Wint-to-pointer-cast -Wmissing-declarations -Wmissing-prototypes -Wnested-externs -Wold-style-definition -Wpacked -Wpointer-sign -Wpointer-to-int-cast -Wredundant-decls -Wstrict-prototypes -Wswitch -Wunused-but-set-variable -Wunused-variable -Wunused-function -Wunused-parameter -finline-functions -Wno-aggregate-return -Wno-inline -Wno-missing-format-attribute -Wno-missing-noreturn -Wno-overlength-strings -Wlarger-than=2560 -Wlogical-op -Wframe-larger-than=16384 -Wpacked-bitfield-compat -Wsync-nand -Wno-unsuffixed-float-constants -Wdouble-promotion -Wtrampolines -Wstack-usage=8192 -Wmaybe-uninitialized -Wno-jump-misses-init -Wstrict-overflow=2 -Wno-suggest-attribute=const -Wno-suggest-attribute=noreturn -Wno-suggest-attribute=pure -Wno-suggest-attribute=format -Wdate-time -Warray-bounds=2 -Wc99-c11-compat -Wincompatible-pointer-types -Wint-conversion -Wduplicated-cond -Whsa -Wnormalized -Wnull-dereference -Wunused-const-variable -Walloca -Walloc-zero -Wduplicated-branches -Wformat-overflow=2 -Wformat-truncation=1 -Wrestrict -Wattribute-alias -Wshift-overflow=2 -Wcast-function-type -Wcast-align=strict -Wno-suggest-attribute=cold -Wno-suggest-attribute=malloc -Wattribute-alias=2 -Wmissing-profile -Wc11-c2x-compat -MD -MT test/CMakeFiles/ntypes.dir/ntypes.c.o -MF test/CMakeFiles/ntypes.dir/ntypes.c.o.d -o test/CMakeFiles/ntypes.dir/ntypes.c.o -c /home/byrn/HDF_Projects/hdf5/dev/test/ntypes.c
/home/byrn/HDF_Projects/hdf5/dev/test/ntypes.c: In function ‘test_compound_dtype2’:
/home/byrn/HDF_Projects/hdf5/dev/test/ntypes.c:340:46: warning: ‘calloc’ sizes specified with ‘sizeof’ in the earlier argument and not in the later argument [-Wcalloc-transposed-args]
  340 |     if (NULL == (check = (s1 *)calloc(sizeof(s1), DIM0 * DIM1)))
      |                                              ^~
/home/byrn/HDF_Projects/hdf5/dev/test/ntypes.c:340:46: note: earlier argument should specify number of elements, later size of each element
/home/byrn/HDF_Projects/hdf5/dev/test/ntypes.c:538:38: warning: ‘calloc’ sizes specified with ‘sizeof’ in the earlier argument and not in the later argument [-Wcalloc-transposed-args]
  538 |     if (NULL == (bkg = calloc(sizeof(s1), DIM0 * DIM1)))
      |                                      ^~
/home/byrn/HDF_Projects/hdf5/dev/test/ntypes.c:538:38: note: earlier argument should specify number of elements, later size of each element
/home/byrn/HDF_Projects/hdf5/dev/test/ntypes.c: In function ‘test_compound_dtype’:
/home/byrn/HDF_Projects/hdf5/dev/test/ntypes.c:653:46: warning: ‘calloc’ sizes specified with ‘sizeof’ in the earlier argument and not in the later argument [-Wcalloc-transposed-args]
  653 |     if (NULL == (check = (s1 *)calloc(sizeof(s1), DIM0 * DIM1)))
      |                                              ^~
/home/byrn/HDF_Projects/hdf5/dev/test/ntypes.c:653:46: note: earlier argument should specify number of elements, later size of each element
/home/byrn/HDF_Projects/hdf5/dev/test/ntypes.c:757:38: warning: ‘calloc’ sizes specified with ‘sizeof’ in the earlier argument and not in the later argument [-Wcalloc-transposed-args]
  757 |     if (NULL == (bkg = calloc(sizeof(s1), DIM0 * DIM1)))
      |                                      ^~
/home/byrn/HDF_Projects/hdf5/dev/test/ntypes.c:757:38: note: earlier argument should specify number of elements, later size of each element
/home/byrn/HDF_Projects/hdf5/dev/test/ntypes.c: In function ‘test_compound_dtype3’:
/home/byrn/HDF_Projects/hdf5/dev/test/ntypes.c:861:46: warning: ‘calloc’ sizes specified with ‘sizeof’ in the earlier argument and not in the later argument [-Wcalloc-transposed-args]
  861 |     if (NULL == (check = (s1 *)calloc(sizeof(s1), DIM0 * DIM1)))
      |                                              ^~
/home/byrn/HDF_Projects/hdf5/dev/test/ntypes.c:861:46: note: earlier argument should specify number of elements, later size of each element
/home/byrn/HDF_Projects/hdf5/dev/test/ntypes.c:985:38: warning: ‘calloc’ sizes specified with ‘sizeof’ in the earlier argument and not in the later argument [-Wcalloc-transposed-args]
  985 |     if (NULL == (bkg = calloc(sizeof(s1), DIM0 * DIM1)))
      |                                      ^~
/home/byrn/HDF_Projects/hdf5/dev/test/ntypes.c:985:38: note: earlier argument should specify number of elements, later size of each element
/home/byrn/HDF_Projects/hdf5/dev/test/ntypes.c: In function ‘test_compound_opaque’:
/home/byrn/HDF_Projects/hdf5/dev/test/ntypes.c:1096:46: warning: ‘calloc’ sizes specified with ‘sizeof’ in the earlier argument and not in the later argument [-Wcalloc-transposed-args]
 1096 |     if (NULL == (check = (s1 *)calloc(sizeof(s1), DIM0 * DIM1)))
      |                                              ^~
/home/byrn/HDF_Projects/hdf5/dev/test/ntypes.c:1096:46: note: earlier argument should specify number of elements, later size of each element
/home/byrn/HDF_Projects/hdf5/dev/test/ntypes.c:1211:38: warning: ‘calloc’ sizes specified with ‘sizeof’ in the earlier argument and not in the later argument [-Wcalloc-transposed-args]
 1211 |     if (NULL == (bkg = calloc(sizeof(s1), DIM0 * DIM1)))
      |                                      ^~
/home/byrn/HDF_Projects/hdf5/dev/test/ntypes.c:1211:38: note: earlier argument should specify number of elements, later size of each element
/home/byrn/HDF_Projects/hdf5/dev/test/ntypes.c: In function ‘test_array_dtype’:
/home/byrn/HDF_Projects/hdf5/dev/test/ntypes.c:1474:46: warning: ‘calloc’ sizes specified with ‘sizeof’ in the earlier argument and not in the later argument [-Wcalloc-transposed-args]
 1474 |     if (NULL == (check = (s1 *)calloc(sizeof(s1), DIM0 * DIM1 * 5)))
      |                                              ^~
/home/byrn/HDF_Projects/hdf5/dev/test/ntypes.c:1474:46: note: earlier argument should specify number of elements, later size of each element
/home/byrn/HDF_Projects/hdf5/dev/test/ntypes.c: In function ‘test_refer_dtype2’:
/home/byrn/HDF_Projects/hdf5/dev/test/ntypes.c:2433:51: warning: ‘calloc’ sizes specified with ‘sizeof’ in the earlier argument and not in the later argument [-Wcalloc-transposed-args]
 2433 |     if (NULL == (drbuf = (uint8_t *)calloc(sizeof(uint8_t), SPACE2_DIM1 * SPACE2_DIM2)))
      |                                                   ^~~~~~~
/home/byrn/HDF_Projects/hdf5/dev/test/ntypes.c:2433:51: note: earlier argument should specify number of elements, later size of each element
[779/4114] /usr/bin/cc -DH5_BUILT_AS_DYNAMIC_LIB -DH5_HAVE_TEST_API -D_FILE_OFFSET_BITS=64 -D_GNU_SOURCE -D_LARGEFILE_SOURCE -D_POSIX_C_SOURCE=200809L -I/home/byrn/HDF_Projects/hdf5/dev/src -I/home/byrn/HDF_Projects/hdf5/dev/src/H5FDsubfiling -I/home/byrn/HDF_Projects/hdf5/build/ci-StdShar-GNUC/src -I/home/byrn/HDF_Projects/hdf5/build/ci-StdShar-GNUC/test -I/home/byrn/HDF_Projects/hdf5/dev/test -std=c99  -fstdarg-opt -fdiagnostics-urls=never -fno-diagnostics-color -fmessage-length=0 -O2 -g -DNDEBUG -std=gnu99 -fPIE -Wall -Wcast-qual -Wconversion -Wextra -Wfloat-equal -Wformat=2 -Winit-self -Winvalid-pch -Wmissing-include-dirs -Wshadow -Wundef -Wwrite-strings -pedantic -Wno-c++-compat -Wbad-function-cast -Wcast-align -Wformat -Wimplicit-function-declaration -Wint-to-pointer-cast -Wmissing-declarations -Wmissing-prototypes -Wnested-externs -Wold-style-definition -Wpacked -Wpointer-sign -Wpointer-to-int-cast -Wredundant-decls -Wstrict-prototypes -Wswitch -Wunused-but-set-variable -Wunused-variable -Wunused-function -Wunused-parameter -finline-functions -Wno-aggregate-return -Wno-inline -Wno-missing-format-attribute -Wno-missing-noreturn -Wno-overlength-strings -Wlarger-than=2560 -Wlogical-op -Wframe-larger-than=16384 -Wpacked-bitfield-compat -Wsync-nand -Wno-unsuffixed-float-constants -Wdouble-promotion -Wtrampolines -Wstack-usage=8192 -Wmaybe-uninitialized -Wno-jump-misses-init -Wstrict-overflow=2 -Wno-suggest-attribute=const -Wno-suggest-attribute=noreturn -Wno-suggest-attribute=pure -Wno-suggest-attribute=format -Wdate-time -Warray-bounds=2 -Wc99-c11-compat -Wincompatible-pointer-types -Wint-conversion -Wduplicated-cond -Whsa -Wnormalized -Wnull-dereference -Wunused-const-variable -Walloca -Walloc-zero -Wduplicated-branches -Wformat-overflow=2 -Wformat-truncation=1 -Wrestrict -Wattribute-alias -Wshift-overflow=2 -Wcast-function-type -Wcast-align=strict -Wno-suggest-attribute=cold -Wno-suggest-attribute=malloc -Wattribute-alias=2 -Wmissing-profile -Wc11-c2x-compat -MD -MT test/CMakeFiles/getname.dir/getname.c.o -MF test/CMakeFiles/getname.dir/getname.c.o.d -o test/CMakeFiles/getname.dir/getname.c.o -c /home/byrn/HDF_Projects/hdf5/dev/test/getname.c
[780/4114] /usr/bin/cc -DH5_BUILT_AS_DYNAMIC_LIB -DH5_HAVE_TEST_API -D_FILE_OFFSET_BITS=64 -D_GNU_SOURCE -D_LARGEFILE_SOURCE -D_POSIX_C_SOURCE=200809L -I/home/byrn/HDF_Projects/hdf5/dev/src -I/home/byrn/HDF_Projects/hdf5/dev/src/H5FDsubfiling -I/home/byrn/HDF_Projects/hdf5/build/ci-StdShar-GNUC/src -I/home/byrn/HDF_Projects/hdf5/build/ci-StdShar-GNUC/test -I/home/byrn/HDF_Projects/hdf5/dev/test -std=c99  -fstdarg-opt -fdiagnostics-urls=never -fno-diagnostics-color -fmessage-length=0 -O2 -g -DNDEBUG -std=gnu99 -fPIE -Wall -Wcast-qual -Wconversion -Wextra -Wfloat-equal -Wformat=2 -Winit-self -Winvalid-pch -Wmissing-include-dirs -Wshadow -Wundef -Wwrite-strings -pedantic -Wno-c++-compat -Wbad-function-cast -Wcast-align -Wformat -Wimplicit-function-declaration -Wint-to-pointer-cast -Wmissing-declarations -Wmissing-prototypes -Wnested-externs -Wold-style-definition -Wpacked -Wpointer-sign -Wpointer-to-int-cast -Wredundant-decls -Wstrict-prototypes -Wswitch -Wunused-but-set-variable -Wunused-variable -Wunused-function -Wunused-parameter -finline-functions -Wno-aggregate-return -Wno-inline -Wno-missing-format-attribute -Wno-missing-noreturn -Wno-overlength-strings -Wlarger-than=2560 -Wlogical-op -Wframe-larger-than=16384 -Wpacked-bitfield-compat -Wsync-nand -Wno-unsuffixed-float-constants -Wdouble-promotion -Wtrampolines -Wstack-usage=8192 -Wmaybe-uninitialized -Wno-jump-misses-init -Wstrict-overflow=2 -Wno-suggest-attribute=const -Wno-suggest-attribute=noreturn -Wno-suggest-attribute=pure -Wno-suggest-attribute=format -Wdate-time -Warray-bounds=2 -Wc99-c11-compat -Wincompatible-pointer-types -Wint-conversion -Wduplicated-cond -Whsa -Wnormalized -Wnull-dereference -Wunused-const-variable -Walloca -Walloc-zero -Wduplicated-branches -Wformat-overflow=2 -Wformat-truncation=1 -Wrestrict -Wattribute-alias -Wshift-overflow=2 -Wcast-function-type -Wcast-align=strict -Wno-suggest-attribute=cold -Wno-suggest-attribute=malloc -Wattribute-alias=2 -Wmissing-profile -Wc11-c2x-compat -MD -MT test/CMakeFiles/vfd.dir/vfd.c.o -MF test/CMakeFiles/vfd.dir/vfd.c.o.d -o test/CMakeFiles/vfd.dir/vfd.c.o -c /home/byrn/HDF_Projects/hdf5/dev/test/vfd.c
[781/4114] /usr/bin/cc -DH5_BUILT_AS_DYNAMIC_LIB -DH5_HAVE_TEST_API -D_FILE_OFFSET_BITS=64 -D_GNU_SOURCE -D_LARGEFILE_SOURCE -D_POSIX_C_SOURCE=200809L -I/home/byrn/HDF_Projects/hdf5/dev/src -I/home/byrn/HDF_Projects/hdf5/dev/src/H5FDsubfiling -I/home/byrn/HDF_Projects/hdf5/build/ci-StdShar-GNUC/src -I/home/byrn/HDF_Projects/hdf5/build/ci-StdShar-GNUC/test -I/home/byrn/HDF_Projects/hdf5/dev/test -std=c99  -fstdarg-opt -fdiagnostics-urls=never -fno-diagnostics-color -fmessage-length=0 -O2 -g -DNDEBUG -std=gnu99 -fPIE -Wall -Wcast-qual -Wconversion -Wextra -Wfloat-equal -Wformat=2 -Winit-self -Winvalid-pch -Wmissing-include-dirs -Wshadow -Wundef -Wwrite-strings -pedantic -Wno-c++-compat -Wbad-function-cast -Wcast-align -Wformat -Wimplicit-function-declaration -Wint-to-pointer-cast -Wmissing-declarations -Wmissing-prototypes -Wnested-externs -Wold-style-definition -Wpacked -Wpointer-sign -Wpointer-to-int-cast -Wredundant-decls -Wstrict-prototypes -Wswitch -Wunused-but-set-variable -Wunused-variable -Wunused-function -Wunused-parameter -finline-functions -Wno-aggregate-return -Wno-inline -Wno-missing-format-attribute -Wno-missing-noreturn -Wno-overlength-strings -Wlarger-than=2560 -Wlogical-op -Wframe-larger-than=16384 -Wpacked-bitfield-compat -Wsync-nand -Wno-unsuffixed-float-constants -Wdouble-promotion -Wtrampolines -Wstack-usage=8192 -Wmaybe-uninitialized -Wno-jump-misses-init -Wstrict-overflow=2 -Wno-suggest-attribute=const -Wno-suggest-attribute=noreturn -Wno-suggest-attribute=pure -Wno-suggest-attribute=format -Wdate-time -Warray-bounds=2 -Wc99-c11-compat -Wincompatible-pointer-types -Wint-conversion -Wduplicated-cond -Whsa -Wnormalized -Wnull-dereference -Wunused-const-variable -Walloca -Walloc-zero -Wduplicated-branches -Wformat-overflow=2 -Wformat-truncation=1 -Wrestrict -Wattribute-alias -Wshift-overflow=2 -Wcast-function-type -Wcast-align=strict -Wno-suggest-attribute=cold -Wno-suggest-attribute=malloc -Wattribute-alias=2 -Wmissing-profile -Wc11-c2x-compat -MD -MT test/CMakeFiles/vds_env.dir/vds_env.c.o -MF test/CMakeFiles/vds_env.dir/vds_env.c.o.d -o test/CMakeFiles/vds_env.dir/vds_env.c.o -c /home/byrn/HDF_Projects/hdf5/dev/test/vds_env.c
[782/4114] /usr/bin/cc -DH5_BUILT_AS_DYNAMIC_LIB -DH5_HAVE_TEST_API -D_FILE_OFFSET_BITS=64 -D_GNU_SOURCE -D_LARGEFILE_SOURCE -D_POSIX_C_SOURCE=200809L -I/home/byrn/HDF_Projects/hdf5/dev/src -I/home/byrn/HDF_Projects/hdf5/dev/src/H5FDsubfiling -I/home/byrn/HDF_Projects/hdf5/build/ci-StdShar-GNUC/src -I/home/byrn/HDF_Projects/hdf5/build/ci-StdShar-GNUC/test -I/home/byrn/HDF_Projects/hdf5/dev/test -std=c99  -fstdarg-opt -fdiagnostics-urls=never -fno-diagnostics-color -fmessage-length=0 -O2 -g -DNDEBUG -std=gnu99 -fPIE -Wall -Wcast-qual -Wconversion -Wextra -Wfloat-equal -Wformat=2 -Winit-self -Winvalid-pch -Wmissing-include-dirs -Wshadow -Wundef -Wwrite-strings -pedantic -Wno-c++-compat -Wbad-function-cast -Wcast-align -Wformat -Wimplicit-function-declaration -Wint-to-pointer-cast -Wmissing-declarations -Wmissing-prototypes -Wnested-externs -Wold-style-definition -Wpacked -Wpointer-sign -Wpointer-to-int-cast -Wredundant-decls -Wstrict-prototypes -Wswitch -Wunused-but-set-variable -Wunused-variable -Wunused-function -Wunused-parameter -finline-functions -Wno-aggregate-return -Wno-inline -Wno-missing-format-attribute -Wno-missing-noreturn -Wno-overlength-strings -Wlarger-than=2560 -Wlogical-op -Wframe-larger-than=16384 -Wpacked-bitfield-compat -Wsync-nand -Wno-unsuffixed-float-constants -Wdouble-promotion -Wtrampolines -Wstack-usage=8192 -Wmaybe-uninitialized -Wno-jump-misses-init -Wstrict-overflow=2 -Wno-suggest-attribute=const -Wno-suggest-attribute=noreturn -Wno-suggest-attribute=pure -Wno-suggest-attribute=format -Wdate-time -Warray-bounds=2 -Wc99-c11-compat -Wincompatible-pointer-types -Wint-conversion -Wduplicated-cond -Whsa -Wnormalized -Wnull-dereference -Wunused-const-variable -Walloca -Walloc-zero -Wduplicated-branches -Wformat-overflow=2 -Wformat-truncation=1 -Wrestrict -Wattribute-alias -Wshift-overflow=2 -Wcast-function-type -Wcast-align=strict -Wno-suggest-attribute=cold -Wno-suggest-attribute=malloc -Wattribute-alias=2 -Wmissing-profile -Wc11-c2x-compat -MD -MT test/CMakeFiles/unregister.dir/unregister.c.o -MF test/CMakeFiles/unregister.dir/unregister.c.o.d -o test/CMakeFiles/unregister.dir/unregister.c.o -c /home/byrn/HDF_Projects/hdf5/dev/test/unregister.c
[783/4114] /usr/bin/cc -DH5_BUILT_AS_DYNAMIC_LIB -DH5_HAVE_TEST_API -D_FILE_OFFSET_BITS=64 -D_GNU_SOURCE -D_LARGEFILE_SOURCE -D_POSIX_C_SOURCE=200809L -I/home/byrn/HDF_Projects/hdf5/dev/src -I/home/byrn/HDF_Projects/hdf5/dev/src/H5FDsubfiling -I/home/byrn/HDF_Projects/hdf5/build/ci-StdShar-GNUC/src -I/home/byrn/HDF_Projects/hdf5/build/ci-StdShar-GNUC/test -I/home/byrn/HDF_Projects/hdf5/dev/test -std=c99  -fstdarg-opt -fdiagnostics-urls=never -fno-diagnostics-color -fmessage-length=0 -O2 -g -DNDEBUG -std=gnu99 -fPIE -Wall -Wcast-qual -Wconversion -Wextra -Wfloat-equal -Wformat=2 -Winit-self -Winvalid-pch -Wmissing-include-dirs -Wshadow -Wundef -Wwrite-strings -pedantic -Wno-c++-compat -Wbad-function-cast -Wcast-align -Wformat -Wimplicit-function-declaration -Wint-to-pointer-cast -Wmissing-declarations -Wmissing-prototypes -Wnested-externs -Wold-style-definition -Wpacked -Wpointer-sign -Wpointer-to-int-cast -Wredundant-decls -Wstrict-prototypes -Wswitch -Wunused-but-set-variable -Wunused-variable -Wunused-function -Wunused-parameter -finline-functions -Wno-aggregate-return -Wno-inline -Wno-missing-format-attribute -Wno-missing-noreturn -Wno-overlength-strings -Wlarger-than=2560 -Wlogical-op -Wframe-larger-than=16384 -Wpacked-bitfield-compat -Wsync-nand -Wno-unsuffixed-float-constants -Wdouble-promotion -Wtrampolines -Wstack-usage=8192 -Wmaybe-uninitialized -Wno-jump-misses-init -Wstrict-overflow=2 -Wno-suggest-attribute=const -Wno-suggest-attribute=noreturn -Wno-suggest-attribute=pure -Wno-suggest-attribute=format -Wdate-time -Warray-bounds=2 -Wc99-c11-compat -Wincompatible-pointer-types -Wint-conversion -Wduplicated-cond -Whsa -Wnormalized -Wnull-dereference -Wunused-const-variable -Walloca -Walloc-zero -Wduplicated-branches -Wformat-overflow=2 -Wformat-truncation=1 -Wrestrict -Wattribute-alias -Wshift-overflow=2 -Wcast-function-type -Wcast-align=strict -Wno-suggest-attribute=cold -Wno-suggest-attribute=malloc -Wattribute-alias=2 -Wmissing-profile -Wc11-c2x-compat -MD -MT test/CMakeFiles/cache_logging.dir/cache_logging.c.o -MF test/CMakeFiles/cache_logging.dir/cache_logging.c.o.d -o test/CMakeFiles/cache_logging.dir/cache_logging.c.o -c /home/byrn/HDF_Projects/hdf5/dev/test/cache_logging.c
[784/4114] /usr/bin/cc -DH5_BUILT_AS_DYNAMIC_LIB -DH5_HAVE_TEST_API -D_FILE_OFFSET_BITS=64 -D_GNU_SOURCE -D_LARGEFILE_SOURCE -D_POSIX_C_SOURCE=200809L -I/home/byrn/HDF_Projects/hdf5/dev/src -I/home/byrn/HDF_Projects/hdf5/dev/src/H5FDsubfiling -I/home/byrn/HDF_Projects/hdf5/build/ci-StdShar-GNUC/src -I/home/byrn/HDF_Projects/hdf5/build/ci-StdShar-GNUC/test -I/home/byrn/HDF_Projects/hdf5/dev/test -std=c99  -fstdarg-opt -fdiagnostics-urls=never -fno-diagnostics-color -fmessage-length=0 -O2 -g -DNDEBUG -std=gnu99 -fPIE -Wall -Wcast-qual -Wconversion -Wextra -Wfloat-equal -Wformat=2 -Winit-self -Winvalid-pch -Wmissing-include-dirs -Wshadow -Wundef -Wwrite-strings -pedantic -Wno-c++-compat -Wbad-function-cast -Wcast-align -Wformat -Wimplicit-function-declaration -Wint-to-pointer-cast -Wmissing-declarations -Wmissing-prototypes -Wnested-externs -Wold-style-definition -Wpacked -Wpointer-sign -Wpointer-to-int-cast -Wredundant-decls -Wstrict-prototypes -Wswitch -Wunused-but-set-variable -Wunused-variable -Wunused-function -Wunused-parameter -finline-functions -Wno-aggregate-return -Wno-inline -Wno-missing-format-attribute -Wno-missing-noreturn -Wno-overlength-strings -Wlarger-than=2560 -Wlogical-op -Wframe-larger-than=16384 -Wpacked-bitfield-compat -Wsync-nand -Wno-unsuffixed-float-constants -Wdouble-promotion -Wtrampolines -Wstack-usage=8192 -Wmaybe-uninitialized -Wno-jump-misses-init -Wstrict-overflow=2 -Wno-suggest-attribute=const -Wno-suggest-attribute=noreturn -Wno-suggest-attribute=pure -Wno-suggest-attribute=format -Wdate-time -Warray-bounds=2 -Wc99-c11-compat -Wincompatible-pointer-types -Wint-conversion -Wduplicated-cond -Whsa -Wnormalized -Wnull-dereference -Wunused-const-variable -Walloca -Walloc-zero -Wduplicated-branches -Wformat-overflow=2 -Wformat-truncation=1 -Wrestrict -Wattribute-alias -Wshift-overflow=2 -Wcast-function-type -Wcast-align=strict -Wno-suggest-attribute=cold -Wno-suggest-attribute=malloc -Wattribute-alias=2 -Wmissing-profile -Wc11-c2x-compat -MD -MT test/CMakeFiles/dsets.dir/dsets.c.o -MF test/CMakeFiles/dsets.dir/dsets.c.o.d -o test/CMakeFiles/dsets.dir/dsets.c.o -c /home/byrn/HDF_Projects/hdf5/dev/test/dsets.c
[785/4114] /usr/bin/cc -DH5_BUILT_AS_DYNAMIC_LIB -DH5_HAVE_TEST_API -D_FILE_OFFSET_BITS=64 -D_GNU_SOURCE -D_LARGEFILE_SOURCE -D_POSIX_C_SOURCE=200809L -I/home/byrn/HDF_Projects/hdf5/dev/src -I/home/byrn/HDF_Projects/hdf5/dev/src/H5FDsubfiling -I/home/byrn/HDF_Projects/hdf5/build/ci-StdShar-GNUC/src -I/home/byrn/HDF_Projects/hdf5/build/ci-StdShar-GNUC/test -I/home/byrn/HDF_Projects/hdf5/dev/test -std=c99  -fstdarg-opt -fdiagnostics-urls=never -fno-diagnostics-color -fmessage-length=0 -O2 -g -DNDEBUG -std=gnu99 -fPIE -Wall -Wcast-qual -Wconversion -Wextra -Wfloat-equal -Wformat=2 -Winit-self -Winvalid-pch -Wmissing-include-dirs -Wshadow -Wundef -Wwrite-strings -pedantic -Wno-c++-compat -Wbad-function-cast -Wcast-align -Wformat -Wimplicit-function-declaration -Wint-to-pointer-cast -Wmissing-declarations -Wmissing-prototypes -Wnested-externs -Wold-style-definition -Wpacked -Wpointer-sign -Wpointer-to-int-cast -Wredundant-decls -Wstrict-prototypes -Wswitch -Wunused-but-set-variable -Wunused-variable -Wunused-function -Wunused-parameter -finline-functions -Wno-aggregate-return -Wno-inline -Wno-missing-format-attribute -Wno-missing-noreturn -Wno-overlength-strings -Wlarger-than=2560 -Wlogical-op -Wframe-larger-than=16384 -Wpacked-bitfield-compat -Wsync-nand -Wno-unsuffixed-float-constants -Wdouble-promotion -Wtrampolines -Wstack-usage=8192 -Wmaybe-uninitialized -Wno-jump-misses-init -Wstrict-overflow=2 -Wno-suggest-attribute=const -Wno-suggest-attribute=noreturn -Wno-suggest-attribute=pure -Wno-suggest-attribute=format -Wdate-time -Warray-bounds=2 -Wc99-c11-compat -Wincompatible-pointer-types -Wint-conversion -Wduplicated-cond -Whsa -Wnormalized -Wnull-dereference -Wunused-const-variable -Walloca -Walloc-zero -Wduplicated-branches -Wformat-overflow=2 -Wformat-truncation=1 -Wrestrict -Wattribute-alias -Wshift-overflow=2 -Wcast-function-type -Wcast-align=strict -Wno-suggest-attribute=cold -Wno-suggest-attribute=malloc -Wattribute-alias=2 -Wmissing-profile -Wc11-c2x-compat -MD -MT test/CMakeFiles/file_image.dir/file_image.c.o -MF test/CMakeFiles/file_image.dir/file_image.c.o.d -o test/CMakeFiles/file_image.dir/file_image.c.o -c /home/byrn/HDF_Projects/hdf5/dev/test/file_image.c
[786/4114] /usr/bin/cc -DH5_BUILT_AS_DYNAMIC_LIB -DH5_HAVE_TEST_API -D_FILE_OFFSET_BITS=64 -D_GNU_SOURCE -D_LARGEFILE_SOURCE -D_POSIX_C_SOURCE=200809L -I/home/byrn/HDF_Projects/hdf5/dev/src -I/home/byrn/HDF_Projects/hdf5/dev/src/H5FDsubfiling -I/home/byrn/HDF_Projects/hdf5/build/ci-StdShar-GNUC/src -I/home/byrn/HDF_Projects/hdf5/build/ci-StdShar-GNUC/test -I/home/byrn/HDF_Projects/hdf5/dev/test -std=c99  -fstdarg-opt -fdiagnostics-urls=never -fno-diagnostics-color -fmessage-length=0 -O2 -g -DNDEBUG -std=gnu99 -fPIE -Wall -Wcast-qual -Wconversion -Wextra -Wfloat-equal -Wformat=2 -Winit-self -Winvalid-pch -Wmissing-include-dirs -Wshadow -Wundef -Wwrite-strings -pedantic -Wno-c++-compat -Wbad-function-cast -Wcast-align -Wformat -Wimplicit-function-declaration -Wint-to-pointer-cast -Wmissing-declarations -Wmissing-prototypes -Wnested-externs -Wold-style-definition -Wpacked -Wpointer-sign -Wpointer-to-int-cast -Wredundant-decls -Wstrict-prototypes -Wswitch -Wunused-but-set-variable -Wunused-variable -Wunused-function -Wunused-parameter -finline-functions -Wno-aggregate-return -Wno-inline -Wno-missing-format-attribute -Wno-missing-noreturn -Wno-overlength-strings -Wlarger-than=2560 -Wlogical-op -Wframe-larger-than=16384 -Wpacked-bitfield-compat -Wsync-nand -Wno-unsuffixed-float-constants -Wdouble-promotion -Wtrampolines -Wstack-usage=8192 -Wmaybe-uninitialized -Wno-jump-misses-init -Wstrict-overflow=2 -Wno-suggest-attribute=const -Wno-suggest-attribute=noreturn -Wno-suggest-attribute=pure -Wno-suggest-attribute=format -Wdate-time -Warray-bounds=2 -Wc99-c11-compat -Wincompatible-pointer-types -Wint-conversion -Wduplicated-cond -Whsa -Wnormalized -Wnull-dereference -Wunused-const-variable -Walloca -Walloc-zero -Wduplicated-branches -Wformat-overflow=2 -Wformat-truncation=1 -Wrestrict -Wattribute-alias -Wshift-overflow=2 -Wcast-function-type -Wcast-align=strict -Wno-suggest-attribute=cold -Wno-suggest-attribute=malloc -Wattribute-alias=2 -Wmissing-profile -Wc11-c2x-compat -MD -MT test/CMakeFiles/dtransform.dir/dtransform.c.o -MF test/CMakeFiles/dtransform.dir/dtransform.c.o.d -o test/CMakeFiles/dtransform.dir/dtransform.c.o -c /home/byrn/HDF_Projects/hdf5/dev/test/dtransform.c
[787/4114] /usr/bin/cc -DH5_BUILT_AS_DYNAMIC_LIB -DH5_HAVE_TEST_API -D_FILE_OFFSET_BITS=64 -D_GNU_SOURCE -D_LARGEFILE_SOURCE -D_POSIX_C_SOURCE=200809L -I/home/byrn/HDF_Projects/hdf5/dev/src -I/home/byrn/HDF_Projects/hdf5/dev/src/H5FDsubfiling -I/home/byrn/HDF_Projects/hdf5/build/ci-StdShar-GNUC/src -I/home/byrn/HDF_Projects/hdf5/build/ci-StdShar-GNUC/test -I/home/byrn/HDF_Projects/hdf5/dev/test -std=c99  -fstdarg-opt -fdiagnostics-urls=never -fno-diagnostics-color -fmessage-length=0 -O2 -g -DNDEBUG -std=gnu99 -fPIE -Wall -Wcast-qual -Wconversion -Wextra -Wfloat-equal -Wformat=2 -Winit-self -Winvalid-pch -Wmissing-include-dirs -Wshadow -Wundef -Wwrite-strings -pedantic -Wno-c++-compat -Wbad-function-cast -Wcast-align -Wformat -Wimplicit-function-declaration -Wint-to-pointer-cast -Wmissing-declarations -Wmissing-prototypes -Wnested-externs -Wold-style-definition -Wpacked -Wpointer-sign -Wpointer-to-int-cast -Wredundant-decls -Wstrict-prototypes -Wswitch -Wunused-but-set-variable -Wunused-variable -Wunused-function -Wunused-parameter -finline-functions -Wno-aggregate-return -Wno-inline -Wno-missing-format-attribute -Wno-missing-noreturn -Wno-overlength-strings -Wlarger-than=2560 -Wlogical-op -Wframe-larger-than=16384 -Wpacked-bitfield-compat -Wsync-nand -Wno-unsuffixed-float-constants -Wdouble-promotion -Wtrampolines -Wstack-usage=8192 -Wmaybe-uninitialized -Wno-jump-misses-init -Wstrict-overflow=2 -Wno-suggest-attribute=const -Wno-suggest-attribute=noreturn -Wno-suggest-attribute=pure -Wno-suggest-attribute=format -Wdate-time -Warray-bounds=2 -Wc99-c11-compat -Wincompatible-pointer-types -Wint-conversion -Wduplicated-cond -Whsa -Wnormalized -Wnull-dereference -Wunused-const-variable -Walloca -Walloc-zero -Wduplicated-branches -Wformat-overflow=2 -Wformat-truncation=1 -Wrestrict -Wattribute-alias -Wshift-overflow=2 -Wcast-function-type -Wcast-align=strict -Wno-suggest-attribute=cold -Wno-suggest-attribute=malloc -Wattribute-alias=2 -Wmissing-profile -Wc11-c2x-compat -MD -MT test/CMakeFiles/timer.dir/timer.c.o -MF test/CMakeFiles/timer.dir/timer.c.o.d -o test/CMakeFiles/timer.dir/timer.c.o -c /home/byrn/HDF_Projects/hdf5/dev/test/timer.c
[788/4114] /usr/bin/cc -DH5_BUILT_AS_DYNAMIC_LIB -DH5_HAVE_TEST_API -D_FILE_OFFSET_BITS=64 -D_GNU_SOURCE -D_LARGEFILE_SOURCE -D_POSIX_C_SOURCE=200809L -I/home/byrn/HDF_Projects/hdf5/dev/src -I/home/byrn/HDF_Projects/hdf5/dev/src/H5FDsubfiling -I/home/byrn/HDF_Projects/hdf5/build/ci-StdShar-GNUC/src -I/home/byrn/HDF_Projects/hdf5/build/ci-StdShar-GNUC/test -I/home/byrn/HDF_Projects/hdf5/dev/test -std=c99  -fstdarg-opt -fdiagnostics-urls=never -fno-diagnostics-color -fmessage-length=0 -O2 -g -DNDEBUG -std=gnu99 -fPIE -Wall -Wcast-qual -Wconversion -Wextra -Wfloat-equal -Wformat=2 -Winit-self -Winvalid-pch -Wmissing-include-dirs -Wshadow -Wundef -Wwrite-strings -pedantic -Wno-c++-compat -Wbad-function-cast -Wcast-align -Wformat -Wimplicit-function-declaration -Wint-to-pointer-cast -Wmissing-declarations -Wmissing-prototypes -Wnested-externs -Wold-style-definition -Wpacked -Wpointer-sign -Wpointer-to-int-cast -Wredundant-decls -Wstrict-prototypes -Wswitch -Wunused-but-set-variable -Wunused-variable -Wunused-function -Wunused-parameter -finline-functions -Wno-aggregate-return -Wno-inline -Wno-missing-format-attribute -Wno-missing-noreturn -Wno-overlength-strings -Wlarger-than=2560 -Wlogical-op -Wframe-larger-than=16384 -Wpacked-bitfield-compat -Wsync-nand -Wno-unsuffixed-float-constants -Wdouble-promotion -Wtrampolines -Wstack-usage=8192 -Wmaybe-uninitialized -Wno-jump-misses-init -Wstrict-overflow=2 -Wno-suggest-attribute=const -Wno-suggest-attribute=noreturn -Wno-suggest-attribute=pure -Wno-suggest-attribute=format -Wdate-time -Warray-bounds=2 -Wc99-c11-compat -Wincompatible-pointer-types -Wint-conversion -Wduplicated-cond -Whsa -Wnormalized -Wnull-dereference -Wunused-const-variable -Walloca -Walloc-zero -Wduplicated-branches -Wformat-overflow=2 -Wformat-truncation=1 -Wrestrict -Wattribute-alias -Wshift-overflow=2 -Wcast-function-type -Wcast-align=strict -Wno-suggest-attribute=cold -Wno-suggest-attribute=malloc -Wattribute-alias=2 -Wmissing-profile -Wc11-c2x-compat -MD -MT test/CMakeFiles/cmpd_dtransform.dir/cmpd_dtransform.c.o -MF test/CMakeFiles/cmpd_dtransform.dir/cmpd_dtransform.c.o.d -o test/CMakeFiles/cmpd_dtransform.dir/cmpd_dtransform.c.o -c /home/byrn/HDF_Projects/hdf5/dev/test/cmpd_dtransform.c
[789/4114] /usr/bin/cc -DH5_BUILT_AS_DYNAMIC_LIB -DH5_HAVE_TEST_API -D_FILE_OFFSET_BITS=64 -D_GNU_SOURCE -D_LARGEFILE_SOURCE -D_POSIX_C_SOURCE=200809L -I/home/byrn/HDF_Projects/hdf5/dev/src -I/home/byrn/HDF_Projects/hdf5/dev/src/H5FDsubfiling -I/home/byrn/HDF_Projects/hdf5/build/ci-StdShar-GNUC/src -I/home/byrn/HDF_Projects/hdf5/build/ci-StdShar-GNUC/test -I/home/byrn/HDF_Projects/hdf5/dev/test -std=c99  -fstdarg-opt -fdiagnostics-urls=never -fno-diagnostics-color -fmessage-length=0 -O2 -g -DNDEBUG -std=gnu99 -fPIE -Wall -Wcast-qual -Wconversion -Wextra -Wfloat-equal -Wformat=2 -Winit-self -Winvalid-pch -Wmissing-include-dirs -Wshadow -Wundef -Wwrite-strings -pedantic -Wno-c++-compat -Wbad-function-cast -Wcast-align -Wformat -Wimplicit-function-declaration -Wint-to-pointer-cast -Wmissing-declarations -Wmissing-prototypes -Wnested-externs -Wold-style-definition -Wpacked -Wpointer-sign -Wpointer-to-int-cast -Wredundant-decls -Wstrict-prototypes -Wswitch -Wunused-but-set-variable -Wunused-variable -Wunused-function -Wunused-parameter -finline-functions -Wno-aggregate-return -Wno-inline -Wno-missing-format-attribute -Wno-missing-noreturn -Wno-overlength-strings -Wlarger-than=2560 -Wlogical-op -Wframe-larger-than=16384 -Wpacked-bitfield-compat -Wsync-nand -Wno-unsuffixed-float-constants -Wdouble-promotion -Wtrampolines -Wstack-usage=8192 -Wmaybe-uninitialized -Wno-jump-misses-init -Wstrict-overflow=2 -Wno-suggest-attribute=const -Wno-suggest-attribute=noreturn -Wno-suggest-attribute=pure -Wno-suggest-attribute=format -Wdate-time -Warray-bounds=2 -Wc99-c11-compat -Wincompatible-pointer-types -Wint-conversion -Wduplicated-cond -Whsa -Wnormalized -Wnull-dereference -Wunused-const-variable -Walloca -Walloc-zero -Wduplicated-branches -Wformat-overflow=2 -Wformat-truncation=1 -Wrestrict -Wattribute-alias -Wshift-overflow=2 -Wcast-function-type -Wcast-align=strict -Wno-suggest-attribute=cold -Wno-suggest-attribute=malloc -Wattribute-alias=2 -Wmissing-profile -Wc11-c2x-compat -MD -MT test/CMakeFiles/vol.dir/vol.c.o -MF test/CMakeFiles/vol.dir/vol.c.o.d -o test/CMakeFiles/vol.dir/vol.c.o -c /home/byrn/HDF_Projects/hdf5/dev/test/vol.c
[790/4114] /usr/bin/cc -DH5_BUILT_AS_DYNAMIC_LIB -DH5_HAVE_TEST_API -D_FILE_OFFSET_BITS=64 -D_GNU_SOURCE -D_LARGEFILE_SOURCE -D_POSIX_C_SOURCE=200809L -I/home/byrn/HDF_Projects/hdf5/dev/src -I/home/byrn/HDF_Projects/hdf5/dev/src/H5FDsubfiling -I/home/byrn/HDF_Projects/hdf5/build/ci-StdShar-GNUC/src -I/home/byrn/HDF_Projects/hdf5/build/ci-StdShar-GNUC/test -I/home/byrn/HDF_Projects/hdf5/dev/test -std=c99  -fstdarg-opt -fdiagnostics-urls=never -fno-diagnostics-color -fmessage-length=0 -O2 -g -DNDEBUG -std=gnu99 -fPIE -Wall -Wcast-qual -Wconversion -Wextra -Wfloat-equal -Wformat=2 -Winit-self -Winvalid-pch -Wmissing-include-dirs -Wshadow -Wundef -Wwrite-strings -pedantic -Wno-c++-compat -Wbad-function-cast -Wcast-align -Wformat -Wimplicit-function-declaration -Wint-to-pointer-cast -Wmissing-declarations -Wmissing-prototypes -Wnested-externs -Wold-style-definition -Wpacked -Wpointer-sign -Wpointer-to-int-cast -Wredundant-decls -Wstrict-prototypes -Wswitch -Wunused-but-set-variable -Wunused-variable -Wunused-function -Wunused-parameter -finline-functions -Wno-aggregate-return -Wno-inline -Wno-missing-format-attribute -Wno-missing-noreturn -Wno-overlength-strings -Wlarger-than=2560 -Wlogical-op -Wframe-larger-than=16384 -Wpacked-bitfield-compat -Wsync-nand -Wno-unsuffixed-float-constants -Wdouble-promotion -Wtrampolines -Wstack-usage=8192 -Wmaybe-uninitialized -Wno-jump-misses-init -Wstrict-overflow=2 -Wno-suggest-attribute=const -Wno-suggest-attribute=noreturn -Wno-suggest-attribute=pure -Wno-suggest-attribute=format -Wdate-time -Warray-bounds=2 -Wc99-c11-compat -Wincompatible-pointer-types -Wint-conversion -Wduplicated-cond -Whsa -Wnormalized -Wnull-dereference -Wunused-const-variable -Walloca -Walloc-zero -Wduplicated-branches -Wformat-overflow=2 -Wformat-truncation=1 -Wrestrict -Wattribute-alias -Wshift-overflow=2 -Wcast-function-type -Wcast-align=strict -Wno-suggest-attribute=cold -Wno-suggest-attribute=malloc -Wattribute-alias=2 -Wmissing-profile -Wc11-c2x-compat -MD -MT test/CMakeFiles/cork.dir/cork.c.o -MF test/CMakeFiles/cork.dir/cork.c.o.d -o test/CMakeFiles/cork.dir/cork.c.o -c /home/byrn/HDF_Projects/hdf5/dev/test/cork.c
[791/4114] /usr/bin/cc -DH5_BUILT_AS_DYNAMIC_LIB -DH5_HAVE_TEST_API -D_FILE_OFFSET_BITS=64 -D_GNU_SOURCE -D_LARGEFILE_SOURCE -D_POSIX_C_SOURCE=200809L -I/home/byrn/HDF_Projects/hdf5/dev/src -I/home/byrn/HDF_Projects/hdf5/dev/src/H5FDsubfiling -I/home/byrn/HDF_Projects/hdf5/build/ci-StdShar-GNUC/src -I/home/byrn/HDF_Projects/hdf5/build/ci-StdShar-GNUC/test -I/home/byrn/HDF_Projects/hdf5/dev/test -std=c99  -fstdarg-opt -fdiagnostics-urls=never -fno-diagnostics-color -fmessage-length=0 -O2 -g -DNDEBUG -std=gnu99 -fPIE -Wall -Wcast-qual -Wconversion -Wextra -Wfloat-equal -Wformat=2 -Winit-self -Winvalid-pch -Wmissing-include-dirs -Wshadow -Wundef -Wwrite-strings -pedantic -Wno-c++-compat -Wbad-function-cast -Wcast-align -Wformat -Wimplicit-function-declaration -Wint-to-pointer-cast -Wmissing-declarations -Wmissing-prototypes -Wnested-externs -Wold-style-definition -Wpacked -Wpointer-sign -Wpointer-to-int-cast -Wredundant-decls -Wstrict-prototypes -Wswitch -Wunused-but-set-variable -Wunused-variable -Wunused-function -Wunused-parameter -finline-functions -Wno-aggregate-return -Wno-inline -Wno-missing-format-attribute -Wno-missing-noreturn -Wno-overlength-strings -Wlarger-than=2560 -Wlogical-op -Wframe-larger-than=16384 -Wpacked-bitfield-compat -Wsync-nand -Wno-unsuffixed-float-constants -Wdouble-promotion -Wtrampolines -Wstack-usage=8192 -Wmaybe-uninitialized -Wno-jump-misses-init -Wstrict-overflow=2 -Wno-suggest-attribute=const -Wno-suggest-attribute=noreturn -Wno-suggest-attribute=pure -Wno-suggest-attribute=format -Wdate-time -Warray-bounds=2 -Wc99-c11-compat -Wincompatible-pointer-types -Wint-conversion -Wduplicated-cond -Whsa -Wnormalized -Wnull-dereference -Wunused-const-variable -Walloca -Walloc-zero -Wduplicated-branches -Wformat-overflow=2 -Wformat-truncation=1 -Wrestrict -Wattribute-alias -Wshift-overflow=2 -Wcast-function-type -Wcast-align=strict -Wno-suggest-attribute=cold -Wno-suggest-attribute=malloc -Wattribute-alias=2 -Wmissing-profile -Wc11-c2x-compat -MD -MT test/CMakeFiles/event_set.dir/event_set.c.o -MF test/CMakeFiles/event_set.dir/event_set.c.o.d -o test/CMakeFiles/event_set.dir/event_set.c.o -c /home/byrn/HDF_Projects/hdf5/dev/test/event_set.c
[792/4114] /usr/bin/cc -DH5_BUILT_AS_DYNAMIC_LIB -DH5_HAVE_TEST_API -D_FILE_OFFSET_BITS=64 -D_GNU_SOURCE -D_LARGEFILE_SOURCE -D_POSIX_C_SOURCE=200809L -I/home/byrn/HDF_Projects/hdf5/dev/src -I/home/byrn/HDF_Projects/hdf5/dev/src/H5FDsubfiling -I/home/byrn/HDF_Projects/hdf5/build/ci-StdShar-GNUC/src -I/home/byrn/HDF_Projects/hdf5/build/ci-StdShar-GNUC/test -I/home/byrn/HDF_Projects/hdf5/dev/test -std=c99  -fstdarg-opt -fdiagnostics-urls=never -fno-diagnostics-color -fmessage-length=0 -O2 -g -DNDEBUG -std=gnu99 -fPIE -Wall -Wcast-qual -Wconversion -Wextra -Wfloat-equal -Wformat=2 -Winit-self -Winvalid-pch -Wmissing-include-dirs -Wshadow -Wundef -Wwrite-strings -pedantic -Wno-c++-compat -Wbad-function-cast -Wcast-align -Wformat -Wimplicit-function-declaration -Wint-to-pointer-cast -Wmissing-declarations -Wmissing-prototypes -Wnested-externs -Wold-style-definition -Wpacked -Wpointer-sign -Wpointer-to-int-cast -Wredundant-decls -Wstrict-prototypes -Wswitch -Wunused-but-set-variable -Wunused-variable -Wunused-function -Wunused-parameter -finline-functions -Wno-aggregate-return -Wno-inline -Wno-missing-format-attribute -Wno-missing-noreturn -Wno-overlength-strings -Wlarger-than=2560 -Wlogical-op -Wframe-larger-than=16384 -Wpacked-bitfield-compat -Wsync-nand -Wno-unsuffixed-float-constants -Wdouble-promotion -Wtrampolines -Wstack-usage=8192 -Wmaybe-uninitialized -Wno-jump-misses-init -Wstrict-overflow=2 -Wno-suggest-attribute=const -Wno-suggest-attribute=noreturn -Wno-suggest-attribute=pure -Wno-suggest-attribute=format -Wdate-time -Warray-bounds=2 -Wc99-c11-compat -Wincompatible-pointer-types -Wint-conversion -Wduplicated-cond -Whsa -Wnormalized -Wnull-dereference -Wunused-const-variable -Walloca -Walloc-zero -Wduplicated-branches -Wformat-overflow=2 -Wformat-truncation=1 -Wrestrict -Wattribute-alias -Wshift-overflow=2 -Wcast-function-type -Wcast-align=strict -Wno-suggest-attribute=cold -Wno-suggest-attribute=malloc -Wattribute-alias=2 -Wmissing-profile -Wc11-c2x-compat -MD -MT test/CMakeFiles/cache_api.dir/cache_api.c.o -MF test/CMakeFiles/cache_api.dir/cache_api.c.o.d -o test/CMakeFiles/cache_api.dir/cache_api.c.o -c /home/byrn/HDF_Projects/hdf5/dev/test/cache_api.c
[793/4114] /usr/bin/cc -DH5_BUILT_AS_DYNAMIC_LIB -DH5_HAVE_TEST_API -D_FILE_OFFSET_BITS=64 -D_GNU_SOURCE -D_LARGEFILE_SOURCE -D_POSIX_C_SOURCE=200809L -I/home/byrn/HDF_Projects/hdf5/dev/src -I/home/byrn/HDF_Projects/hdf5/dev/src/H5FDsubfiling -I/home/byrn/HDF_Projects/hdf5/build/ci-StdShar-GNUC/src -I/home/byrn/HDF_Projects/hdf5/build/ci-StdShar-GNUC/test -I/home/byrn/HDF_Projects/hdf5/dev/test -std=c99  -fstdarg-opt -fdiagnostics-urls=never -fno-diagnostics-color -fmessage-length=0 -O2 -g -DNDEBUG -std=gnu99 -fPIE -Wall -Wcast-qual -Wconversion -Wextra -Wfloat-equal -Wformat=2 -Winit-self -Winvalid-pch -Wmissing-include-dirs -Wshadow -Wundef -Wwrite-strings -pedantic -Wno-c++-compat -Wbad-function-cast -Wcast-align -Wformat -Wimplicit-function-declaration -Wint-to-pointer-cast -Wmissing-declarations -Wmissing-prototypes -Wnested-externs -Wold-style-definition -Wpacked -Wpointer-sign -Wpointer-to-int-cast -Wredundant-decls -Wstrict-prototypes -Wswitch -Wunused-but-set-variable -Wunused-variable -Wunused-function -Wunused-parameter -finline-functions -Wno-aggregate-return -Wno-inline -Wno-missing-format-attribute -Wno-missing-noreturn -Wno-overlength-strings -Wlarger-than=2560 -Wlogical-op -Wframe-larger-than=16384 -Wpacked-bitfield-compat -Wsync-nand -Wno-unsuffixed-float-constants -Wdouble-promotion -Wtrampolines -Wstack-usage=8192 -Wmaybe-uninitialized -Wno-jump-misses-init -Wstrict-overflow=2 -Wno-suggest-attribute=const -Wno-suggest-attribute=noreturn -Wno-suggest-attribute=pure -Wno-suggest-attribute=format -Wdate-time -Warray-bounds=2 -Wc99-c11-compat -Wincompatible-pointer-types -Wint-conversion -Wduplicated-cond -Whsa -Wnormalized -Wnull-dereference -Wunused-const-variable -Walloca -Walloc-zero -Wduplicated-branches -Wformat-overflow=2 -Wformat-truncation=1 -Wrestrict -Wattribute-alias -Wshift-overflow=2 -Wcast-function-type -Wcast-align=strict -Wno-suggest-attribute=cold -Wno-suggest-attribute=malloc -Wattribute-alias=2 -Wmissing-profile -Wc11-c2x-compat -MD -MT test/CMakeFiles/mf.dir/mf.c.o -MF test/CMakeFiles/mf.dir/mf.c.o.d -o test/CMakeFiles/mf.dir/mf.c.o -c /home/byrn/HDF_Projects/hdf5/dev/test/mf.c
[794/4114] /usr/bin/cc -DH5_BUILT_AS_DYNAMIC_LIB -D_FILE_OFFSET_BITS=64 -D_GNU_SOURCE -D_LARGEFILE_SOURCE -D_POSIX_C_SOURCE=200809L -Dhdf5_shared_EXPORTS -I/home/byrn/HDF_Projects/hdf5/dev/src -I/home/byrn/HDF_Projects/hdf5/dev/src/H5FDsubfiling -I/home/byrn/HDF_Projects/hdf5/build/ci-StdShar-GNUC/src -I/home/byrn/HDF_Projects/hdf5/build/ci-StdShar-GNUC/_deps/hdf5_zlib-build -I/home/byrn/HDF_Projects/hdf5/build/ci-StdShar-GNUC/_deps/hdf5_zlib-src -I/home/byrn/HDF_Projects/hdf5/build/ci-StdShar-GNUC/_deps/szip-build -I/home/byrn/HDF_Projects/hdf5/build/ci-StdShar-GNUC/_deps/szip-src/include -I/home/byrn/HDF_Projects/hdf5/build/ci-StdShar-GNUC/_deps/szip-src -std=c99  -fstdarg-opt -fdiagnostics-urls=never -fno-diagnostics-color -fmessage-length=0 -O2 -g -DNDEBUG -std=gnu99 -fPIC -Wall -Wcast-qual -Wconversion -Wextra -Wfloat-equal -Wformat=2 -Winit-self -Winvalid-pch -Wmissing-include-dirs -Wshadow -Wundef -Wwrite-strings -pedantic -Wno-c++-compat -Wbad-function-cast -Wcast-align -Wformat -Wimplicit-function-declaration -Wint-to-pointer-cast -Wmissing-declarations -Wmissing-prototypes -Wnested-externs -Wold-style-definition -Wpacked -Wpointer-sign -Wpointer-to-int-cast -Wredundant-decls -Wstrict-prototypes -Wswitch -Wunused-but-set-variable -Wunused-variable -Wunused-function -Wunused-parameter -finline-functions -Wno-aggregate-return -Wno-inline -Wno-missing-format-attribute -Wno-missing-noreturn -Wno-overlength-strings -Wlarger-than=2560 -Wlogical-op -Wframe-larger-than=16384 -Wpacked-bitfield-compat -Wsync-nand -Wno-unsuffixed-float-constants -Wdouble-promotion -Wtrampolines -Wstack-usage=8192 -Wmaybe-uninitialized -Wno-jump-misses-init -Wstrict-overflow=2 -Wno-suggest-attribute=const -Wno-suggest-attribute=noreturn -Wno-suggest-attribute=pure -Wno-suggest-attribute=format -Wdate-time -Warray-bounds=2 -Wc99-c11-compat -Wincompatible-pointer-types -Wint-conversion -Wduplicated-cond -Whsa -Wnormalized -Wnull-dereference -Wunused-const-variable -Walloca -Walloc-zero -Wduplicated-branches -Wformat-overflow=2 -Wformat-truncation=1 -Wrestrict -Wattribute-alias -Wshift-overflow=2 -Wcast-function-type -Wcast-align=strict -Wno-suggest-attribute=cold -Wno-suggest-attribute=malloc -Wattribute-alias=2 -Wmissing-profile -Wc11-c2x-compat -MD -MT src/CMakeFiles/hdf5-shared.dir/H5Tconv_integer.c.o -MF src/CMakeFiles/hdf5-shared.dir/H5Tconv_integer.c.o.d -o src/CMakeFiles/hdf5-shared.dir/H5Tconv_integer.c.o -c /home/byrn/HDF_Projects/hdf5/dev/src/H5Tconv_integer.c
/home/byrn/HDF_Projects/hdf5/dev/src/H5Tconv_integer.c: In function ‘H5T__conv_ushort__Float16’:
/home/byrn/HDF_Projects/hdf5/dev/src/H5Tconv_integer.c:1746:5: warning: non-standard suffix on floating constant before C23 [-Wc11-c23-compat]
 1746 |     H5T_CONV_Xf(USHORT, FLOAT16, unsigned short, H5__Float16, -FLT16_MAX, FLT16_MAX);
      |     ^~~~~~~~~~~
/home/byrn/HDF_Projects/hdf5/dev/src/H5Tconv_integer.c:1746:5: warning: non-standard suffix on floating constant before C23 [-Wc11-c23-compat]
/home/byrn/HDF_Projects/hdf5/dev/src/H5Tconv_integer.c:1746:5: warning: non-standard suffix on floating constant before C23 [-Wc11-c23-compat]
/home/byrn/HDF_Projects/hdf5/dev/src/H5Tconv_integer.c:1746:5: warning: non-standard suffix on floating constant before C23 [-Wc11-c23-compat]
/home/byrn/HDF_Projects/hdf5/dev/src/H5Tconv_integer.c:1746:5: warning: non-standard suffix on floating constant before C23 [-Wc11-c23-compat]
/home/byrn/HDF_Projects/hdf5/dev/src/H5Tconv_integer.c:1746:5: warning: non-standard suffix on floating constant before C23 [-Wc11-c23-compat]
/home/byrn/HDF_Projects/hdf5/dev/src/H5Tconv_integer.c:1746:5: warning: non-standard suffix on floating constant before C23 [-Wc11-c23-compat]
/home/byrn/HDF_Projects/hdf5/dev/src/H5Tconv_integer.c:1746:5: warning: non-standard suffix on floating constant before C23 [-Wc11-c23-compat]
/home/byrn/HDF_Projects/hdf5/dev/src/H5Tconv_integer.c:1746:5: warning: non-standard suffix on floating constant before C23 [-Wc11-c23-compat]
/home/byrn/HDF_Projects/hdf5/dev/src/H5Tconv_integer.c:1746:5: warning: non-standard suffix on floating constant before C23 [-Wc11-c23-compat]
/home/byrn/HDF_Projects/hdf5/dev/src/H5Tconv_integer.c:1746:5: warning: non-standard suffix on floating constant before C23 [-Wc11-c23-compat]
/home/byrn/HDF_Projects/hdf5/dev/src/H5Tconv_integer.c:1746:5: warning: non-standard suffix on floating constant before C23 [-Wc11-c23-compat]
/home/byrn/HDF_Projects/hdf5/dev/src/H5Tconv_integer.c:1746:5: warning: non-standard suffix on floating constant before C23 [-Wc11-c23-compat]
/home/byrn/HDF_Projects/hdf5/dev/src/H5Tconv_integer.c:1746:5: warning: non-standard suffix on floating constant before C23 [-Wc11-c23-compat]
/home/byrn/HDF_Projects/hdf5/dev/src/H5Tconv_integer.c:1746:5: warning: non-standard suffix on floating constant before C23 [-Wc11-c23-compat]
/home/byrn/HDF_Projects/hdf5/dev/src/H5Tconv_integer.c:1746:5: warning: non-standard suffix on floating constant before C23 [-Wc11-c23-compat]
/home/byrn/HDF_Projects/hdf5/dev/src/H5Tconv_integer.c:1746:5: warning: non-standard suffix on floating constant before C23 [-Wc11-c23-compat]
/home/byrn/HDF_Projects/hdf5/dev/src/H5Tconv_integer.c:1746:5: warning: non-standard suffix on floating constant before C23 [-Wc11-c23-compat]
/home/byrn/HDF_Projects/hdf5/dev/src/H5Tconv_integer.c:1746:5: warning: non-standard suffix on floating constant before C23 [-Wc11-c23-compat]
/home/byrn/HDF_Projects/hdf5/dev/src/H5Tconv_integer.c:1746:5: warning: non-standard suffix on floating constant before C23 [-Wc11-c23-compat]
/home/byrn/HDF_Projects/hdf5/dev/src/H5Tconv_integer.c: In function ‘H5T__conv_int__Float16’:
/home/byrn/HDF_Projects/hdf5/dev/src/H5Tconv_integer.c:1975:5: warning: non-standard suffix on floating constant before C23 [-Wc11-c23-compat]
 1975 |     H5T_CONV_Xf(INT, FLOAT16, int, H5__Float16, -FLT16_MAX, FLT16_MAX);
      |     ^~~~~~~~~~~
/home/byrn/HDF_Projects/hdf5/dev/src/H5Tconv_integer.c:1975:5: warning: non-standard suffix on floating constant before C23 [-Wc11-c23-compat]
/home/byrn/HDF_Projects/hdf5/dev/src/H5Tconv_integer.c:1975:5: warning: non-standard suffix on floating constant before C23 [-Wc11-c23-compat]
/home/byrn/HDF_Projects/hdf5/dev/src/H5Tconv_integer.c:1975:5: warning: non-standard suffix on floating constant before C23 [-Wc11-c23-compat]
/home/byrn/HDF_Projects/hdf5/dev/src/H5Tconv_integer.c:1975:5: warning: non-standard suffix on floating constant before C23 [-Wc11-c23-compat]
/home/byrn/HDF_Projects/hdf5/dev/src/H5Tconv_integer.c:1975:5: warning: non-standard suffix on floating constant before C23 [-Wc11-c23-compat]
/home/byrn/HDF_Projects/hdf5/dev/src/H5Tconv_integer.c:1975:5: warning: non-standard suffix on floating constant before C23 [-Wc11-c23-compat]
/home/byrn/HDF_Projects/hdf5/dev/src/H5Tconv_integer.c:1975:5: warning: non-standard suffix on floating constant before C23 [-Wc11-c23-compat]
/home/byrn/HDF_Projects/hdf5/dev/src/H5Tconv_integer.c:1975:5: warning: non-standard suffix on floating constant before C23 [-Wc11-c23-compat]
/home/byrn/HDF_Projects/hdf5/dev/src/H5Tconv_integer.c:1975:5: warning: non-standard suffix on floating constant before C23 [-Wc11-c23-compat]
/home/byrn/HDF_Projects/hdf5/dev/src/H5Tconv_integer.c:1975:5: warning: non-standard suffix on floating constant before C23 [-Wc11-c23-compat]
/home/byrn/HDF_Projects/hdf5/dev/src/H5Tconv_integer.c:1975:5: warning: non-standard suffix on floating constant before C23 [-Wc11-c23-compat]
/home/byrn/HDF_Projects/hdf5/dev/src/H5Tconv_integer.c:1975:5: warning: non-standard suffix on floating constant before C23 [-Wc11-c23-compat]
/home/byrn/HDF_Projects/hdf5/dev/src/H5Tconv_integer.c:1975:5: warning: non-standard suffix on floating constant before C23 [-Wc11-c23-compat]
/home/byrn/HDF_Projects/hdf5/dev/src/H5Tconv_integer.c:1975:5: warning: non-standard suffix on floating constant before C23 [-Wc11-c23-compat]
/home/byrn/HDF_Projects/hdf5/dev/src/H5Tconv_integer.c:1975:5: warning: non-standard suffix on floating constant before C23 [-Wc11-c23-compat]
/home/byrn/HDF_Projects/hdf5/dev/src/H5Tconv_integer.c:1975:5: warning: non-standard suffix on floating constant before C23 [-Wc11-c23-compat]
/home/byrn/HDF_Projects/hdf5/dev/src/H5Tconv_integer.c:1975:5: warning: non-standard suffix on floating constant before C23 [-Wc11-c23-compat]
/home/byrn/HDF_Projects/hdf5/dev/src/H5Tconv_integer.c:1975:5: warning: non-standard suffix on floating constant before C23 [-Wc11-c23-compat]
/home/byrn/HDF_Projects/hdf5/dev/src/H5Tconv_integer.c:1975:5: warning: non-standard suffix on floating constant before C23 [-Wc11-c23-compat]
/home/byrn/HDF_Projects/hdf5/dev/src/H5Tconv_integer.c: In function ‘H5T__conv_uint__Float16’:
/home/byrn/HDF_Projects/hdf5/dev/src/H5Tconv_integer.c:2204:5: warning: non-standard suffix on floating constant before C23 [-Wc11-c23-compat]
 2204 |     H5T_CONV_Xf(UINT, FLOAT16, unsigned int, H5__Float16, -FLT16_MAX, FLT16_MAX);
      |     ^~~~~~~~~~~
/home/byrn/HDF_Projects/hdf5/dev/src/H5Tconv_integer.c:2204:5: warning: non-standard suffix on floating constant before C23 [-Wc11-c23-compat]
/home/byrn/HDF_Projects/hdf5/dev/src/H5Tconv_integer.c:2204:5: warning: non-standard suffix on floating constant before C23 [-Wc11-c23-compat]
/home/byrn/HDF_Projects/hdf5/dev/src/H5Tconv_integer.c:2204:5: warning: non-standard suffix on floating constant before C23 [-Wc11-c23-compat]
/home/byrn/HDF_Projects/hdf5/dev/src/H5Tconv_integer.c:2204:5: warning: non-standard suffix on floating constant before C23 [-Wc11-c23-compat]
/home/byrn/HDF_Projects/hdf5/dev/src/H5Tconv_integer.c:2204:5: warning: non-standard suffix on floating constant before C23 [-Wc11-c23-compat]
/home/byrn/HDF_Projects/hdf5/dev/src/H5Tconv_integer.c:2204:5: warning: non-standard suffix on floating constant before C23 [-Wc11-c23-compat]
/home/byrn/HDF_Projects/hdf5/dev/src/H5Tconv_integer.c:2204:5: warning: non-standard suffix on floating constant before C23 [-Wc11-c23-compat]
/home/byrn/HDF_Projects/hdf5/dev/src/H5Tconv_integer.c:2204:5: warning: non-standard suffix on floating constant before C23 [-Wc11-c23-compat]
/home/byrn/HDF_Projects/hdf5/dev/src/H5Tconv_integer.c:2204:5: warning: non-standard suffix on floating constant before C23 [-Wc11-c23-compat]
/home/byrn/HDF_Projects/hdf5/dev/src/H5Tconv_integer.c:2204:5: warning: non-standard suffix on floating constant before C23 [-Wc11-c23-compat]
/home/byrn/HDF_Projects/hdf5/dev/src/H5Tconv_integer.c:2204:5: warning: non-standard suffix on floating constant before C23 [-Wc11-c23-compat]
/home/byrn/HDF_Projects/hdf5/dev/src/H5Tconv_integer.c:2204:5: warning: non-standard suffix on floating constant before C23 [-Wc11-c23-compat]
/home/byrn/HDF_Projects/hdf5/dev/src/H5Tconv_integer.c:2204:5: warning: non-standard suffix on floating constant before C23 [-Wc11-c23-compat]
/home/byrn/HDF_Projects/hdf5/dev/src/H5Tconv_integer.c:2204:5: warning: non-standard suffix on floating constant before C23 [-Wc11-c23-compat]
/home/byrn/HDF_Projects/hdf5/dev/src/H5Tconv_integer.c:2204:5: warning: non-standard suffix on floating constant before C23 [-Wc11-c23-compat]
/home/byrn/HDF_Projects/hdf5/dev/src/H5Tconv_integer.c:2204:5: warning: non-standard suffix on floating constant before C23 [-Wc11-c23-compat]
/home/byrn/HDF_Projects/hdf5/dev/src/H5Tconv_integer.c:2204:5: warning: non-standard suffix on floating constant before C23 [-Wc11-c23-compat]
/home/byrn/HDF_Projects/hdf5/dev/src/H5Tconv_integer.c:2204:5: warning: non-standard suffix on floating constant before C23 [-Wc11-c23-compat]
/home/byrn/HDF_Projects/hdf5/dev/src/H5Tconv_integer.c:2204:5: warning: non-standard suffix on floating constant before C23 [-Wc11-c23-compat]
/home/byrn/HDF_Projects/hdf5/dev/src/H5Tconv_integer.c: In function ‘H5T__conv_long__Float16’:
/home/byrn/HDF_Projects/hdf5/dev/src/H5Tconv_integer.c:2433:5: warning: non-standard suffix on floating constant before C23 [-Wc11-c23-compat]
 2433 |     H5T_CONV_Xf(LONG, FLOAT16, long, H5__Float16, -FLT16_MAX, FLT16_MAX);
      |     ^~~~~~~~~~~
/home/byrn/HDF_Projects/hdf5/dev/src/H5Tconv_integer.c:2433:5: warning: non-standard suffix on floating constant before C23 [-Wc11-c23-compat]
/home/byrn/HDF_Projects/hdf5/dev/src/H5Tconv_integer.c:2433:5: warning: non-standard suffix on floating constant before C23 [-Wc11-c23-compat]
/home/byrn/HDF_Projects/hdf5/dev/src/H5Tconv_integer.c:2433:5: warning: non-standard suffix on floating constant before C23 [-Wc11-c23-compat]
/home/byrn/HDF_Projects/hdf5/dev/src/H5Tconv_integer.c:2433:5: warning: non-standard suffix on floating constant before C23 [-Wc11-c23-compat]
/home/byrn/HDF_Projects/hdf5/dev/src/H5Tconv_integer.c:2433:5: warning: non-standard suffix on floating constant before C23 [-Wc11-c23-compat]
/home/byrn/HDF_Projects/hdf5/dev/src/H5Tconv_integer.c:2433:5: warning: non-standard suffix on floating constant before C23 [-Wc11-c23-compat]
/home/byrn/HDF_Projects/hdf5/dev/src/H5Tconv_integer.c:2433:5: warning: non-standard suffix on floating constant before C23 [-Wc11-c23-compat]
/home/byrn/HDF_Projects/hdf5/dev/src/H5Tconv_integer.c:2433:5: warning: non-standard suffix on floating constant before C23 [-Wc11-c23-compat]
/home/byrn/HDF_Projects/hdf5/dev/src/H5Tconv_integer.c:2433:5: warning: non-standard suffix on floating constant before C23 [-Wc11-c23-compat]
/home/byrn/HDF_Projects/hdf5/dev/src/H5Tconv_integer.c:2433:5: warning: non-standard suffix on floating constant before C23 [-Wc11-c23-compat]
/home/byrn/HDF_Projects/hdf5/dev/src/H5Tconv_integer.c:2433:5: warning: non-standard suffix on floating constant before C23 [-Wc11-c23-compat]
/home/byrn/HDF_Projects/hdf5/dev/src/H5Tconv_integer.c:2433:5: warning: non-standard suffix on floating constant before C23 [-Wc11-c23-compat]
/home/byrn/HDF_Projects/hdf5/dev/src/H5Tconv_integer.c:2433:5: warning: non-standard suffix on floating constant before C23 [-Wc11-c23-compat]
/home/byrn/HDF_Projects/hdf5/dev/src/H5Tconv_integer.c:2433:5: warning: non-standard suffix on floating constant before C23 [-Wc11-c23-compat]
/home/byrn/HDF_Projects/hdf5/dev/src/H5Tconv_integer.c:2433:5: warning: non-standard suffix on floating constant before C23 [-Wc11-c23-compat]
/home/byrn/HDF_Projects/hdf5/dev/src/H5Tconv_integer.c:2433:5: warning: non-standard suffix on floating constant before C23 [-Wc11-c23-compat]
/home/byrn/HDF_Projects/hdf5/dev/src/H5Tconv_integer.c:2433:5: warning: non-standard suffix on floating constant before C23 [-Wc11-c23-compat]
/home/byrn/HDF_Projects/hdf5/dev/src/H5Tconv_integer.c:2433:5: warning: non-standard suffix on floating constant before C23 [-Wc11-c23-compat]
/home/byrn/HDF_Projects/hdf5/dev/src/H5Tconv_integer.c:2433:5: warning: non-standard suffix on floating constant before C23 [-Wc11-c23-compat]
/home/byrn/HDF_Projects/hdf5/dev/src/H5Tconv_integer.c: In function ‘H5T__conv_ulong__Float16’:
/home/byrn/HDF_Projects/hdf5/dev/src/H5Tconv_integer.c:2662:5: warning: non-standard suffix on floating constant before C23 [-Wc11-c23-compat]
 2662 |     H5T_CONV_Xf(ULONG, FLOAT16, unsigned long, H5__Float16, -FLT16_MAX, FLT16_MAX);
      |     ^~~~~~~~~~~
/home/byrn/HDF_Projects/hdf5/dev/src/H5Tconv_integer.c:2662:5: warning: non-standard suffix on floating constant before C23 [-Wc11-c23-compat]
/home/byrn/HDF_Projects/hdf5/dev/src/H5Tconv_integer.c:2662:5: warning: non-standard suffix on floating constant before C23 [-Wc11-c23-compat]
/home/byrn/HDF_Projects/hdf5/dev/src/H5Tconv_integer.c:2662:5: warning: non-standard suffix on floating constant before C23 [-Wc11-c23-compat]
/home/byrn/HDF_Projects/hdf5/dev/src/H5Tconv_integer.c:2662:5: warning: non-standard suffix on floating constant before C23 [-Wc11-c23-compat]
/home/byrn/HDF_Projects/hdf5/dev/src/H5Tconv_integer.c:2662:5: warning: non-standard suffix on floating constant before C23 [-Wc11-c23-compat]
/home/byrn/HDF_Projects/hdf5/dev/src/H5Tconv_integer.c:2662:5: warning: non-standard suffix on floating constant before C23 [-Wc11-c23-compat]
/home/byrn/HDF_Projects/hdf5/dev/src/H5Tconv_integer.c:2662:5: warning: non-standard suffix on floating constant before C23 [-Wc11-c23-compat]
/home/byrn/HDF_Projects/hdf5/dev/src/H5Tconv_integer.c:2662:5: warning: non-standard suffix on floating constant before C23 [-Wc11-c23-compat]
/home/byrn/HDF_Projects/hdf5/dev/src/H5Tconv_integer.c:2662:5: warning: non-standard suffix on floating constant before C23 [-Wc11-c23-compat]
/home/byrn/HDF_Projects/hdf5/dev/src/H5Tconv_integer.c:2662:5: warning: non-standard suffix on floating constant before C23 [-Wc11-c23-compat]
/home/byrn/HDF_Projects/hdf5/dev/src/H5Tconv_integer.c:2662:5: warning: non-standard suffix on floating constant before C23 [-Wc11-c23-compat]
/home/byrn/HDF_Projects/hdf5/dev/src/H5Tconv_integer.c:2662:5: warning: non-standard suffix on floating constant before C23 [-Wc11-c23-compat]
/home/byrn/HDF_Projects/hdf5/dev/src/H5Tconv_integer.c:2662:5: warning: non-standard suffix on floating constant before C23 [-Wc11-c23-compat]
/home/byrn/HDF_Projects/hdf5/dev/src/H5Tconv_integer.c:2662:5: warning: non-standard suffix on floating constant before C23 [-Wc11-c23-compat]
/home/byrn/HDF_Projects/hdf5/dev/src/H5Tconv_integer.c:2662:5: warning: non-standard suffix on floating constant before C23 [-Wc11-c23-compat]
/home/byrn/HDF_Projects/hdf5/dev/src/H5Tconv_integer.c:2662:5: warning: non-standard suffix on floating constant before C23 [-Wc11-c23-compat]
/home/byrn/HDF_Projects/hdf5/dev/src/H5Tconv_integer.c:2662:5: warning: non-standard suffix on floating constant before C23 [-Wc11-c23-compat]
/home/byrn/HDF_Projects/hdf5/dev/src/H5Tconv_integer.c:2662:5: warning: non-standard suffix on floating constant before C23 [-Wc11-c23-compat]
/home/byrn/HDF_Projects/hdf5/dev/src/H5Tconv_integer.c:2662:5: warning: non-standard suffix on floating constant before C23 [-Wc11-c23-compat]
/home/byrn/HDF_Projects/hdf5/dev/src/H5Tconv_integer.c: In function ‘H5T__conv_llong__Float16’:
/home/byrn/HDF_Projects/hdf5/dev/src/H5Tconv_integer.c:2891:5: warning: non-standard suffix on floating constant before C23 [-Wc11-c23-compat]
 2891 |     H5T_CONV_Xf(LLONG, FLOAT16, long long, H5__Float16, -FLT16_MAX, FLT16_MAX);
      |     ^~~~~~~~~~~
/home/byrn/HDF_Projects/hdf5/dev/src/H5Tconv_integer.c:2891:5: warning: non-standard suffix on floating constant before C23 [-Wc11-c23-compat]
/home/byrn/HDF_Projects/hdf5/dev/src/H5Tconv_integer.c:2891:5: warning: non-standard suffix on floating constant before C23 [-Wc11-c23-compat]
/home/byrn/HDF_Projects/hdf5/dev/src/H5Tconv_integer.c:2891:5: warning: non-standard suffix on floating constant before C23 [-Wc11-c23-compat]
/home/byrn/HDF_Projects/hdf5/dev/src/H5Tconv_integer.c:2891:5: warning: non-standard suffix on floating constant before C23 [-Wc11-c23-compat]
/home/byrn/HDF_Projects/hdf5/dev/src/H5Tconv_integer.c:2891:5: warning: non-standard suffix on floating constant before C23 [-Wc11-c23-compat]
/home/byrn/HDF_Projects/hdf5/dev/src/H5Tconv_integer.c:2891:5: warning: non-standard suffix on floating constant before C23 [-Wc11-c23-compat]
/home/byrn/HDF_Projects/hdf5/dev/src/H5Tconv_integer.c:2891:5: warning: non-standard suffix on floating constant before C23 [-Wc11-c23-compat]
/home/byrn/HDF_Projects/hdf5/dev/src/H5Tconv_integer.c:2891:5: warning: non-standard suffix on floating constant before C23 [-Wc11-c23-compat]
/home/byrn/HDF_Projects/hdf5/dev/src/H5Tconv_integer.c:2891:5: warning: non-standard suffix on floating constant before C23 [-Wc11-c23-compat]
/home/byrn/HDF_Projects/hdf5/dev/src/H5Tconv_integer.c:2891:5: warning: non-standard suffix on floating constant before C23 [-Wc11-c23-compat]
/home/byrn/HDF_Projects/hdf5/dev/src/H5Tconv_integer.c:2891:5: warning: non-standard suffix on floating constant before C23 [-Wc11-c23-compat]
/home/byrn/HDF_Projects/hdf5/dev/src/H5Tconv_integer.c:2891:5: warning: non-standard suffix on floating constant before C23 [-Wc11-c23-compat]
/home/byrn/HDF_Projects/hdf5/dev/src/H5Tconv_integer.c:2891:5: warning: non-standard suffix on floating constant before C23 [-Wc11-c23-compat]
/home/byrn/HDF_Projects/hdf5/dev/src/H5Tconv_integer.c:2891:5: warning: non-standard suffix on floating constant before C23 [-Wc11-c23-compat]
/home/byrn/HDF_Projects/hdf5/dev/src/H5Tconv_integer.c:2891:5: warning: non-standard suffix on floating constant before C23 [-Wc11-c23-compat]
/home/byrn/HDF_Projects/hdf5/dev/src/H5Tconv_integer.c:2891:5: warning: non-standard suffix on floating constant before C23 [-Wc11-c23-compat]
/home/byrn/HDF_Projects/hdf5/dev/src/H5Tconv_integer.c:2891:5: warning: non-standard suffix on floating constant before C23 [-Wc11-c23-compat]
/home/byrn/HDF_Projects/hdf5/dev/src/H5Tconv_integer.c:2891:5: warning: non-standard suffix on floating constant before C23 [-Wc11-c23-compat]
/home/byrn/HDF_Projects/hdf5/dev/src/H5Tconv_integer.c:2891:5: warning: non-standard suffix on floating constant before C23 [-Wc11-c23-compat]
/home/byrn/HDF_Projects/hdf5/dev/src/H5Tconv_integer.c: In function ‘H5T__conv_ullong__Float16’:
/home/byrn/HDF_Projects/hdf5/dev/src/H5Tconv_integer.c:3122:5: warning: non-standard suffix on floating constant before C23 [-Wc11-c23-compat]
 3122 |     H5T_CONV_Xf(ULLONG, FLOAT16, unsigned long long, H5__Float16, -FLT16_MAX, FLT16_MAX);
      |     ^~~~~~~~~~~
/home/byrn/HDF_Projects/hdf5/dev/src/H5Tconv_integer.c:3122:5: warning: non-standard suffix on floating constant before C23 [-Wc11-c23-compat]
/home/byrn/HDF_Projects/hdf5/dev/src/H5Tconv_integer.c:3122:5: warning: non-standard suffix on floating constant before C23 [-Wc11-c23-compat]
/home/byrn/HDF_Projects/hdf5/dev/src/H5Tconv_integer.c:3122:5: warning: non-standard suffix on floating constant before C23 [-Wc11-c23-compat]
/home/byrn/HDF_Projects/hdf5/dev/src/H5Tconv_integer.c:3122:5: warning: non-standard suffix on floating constant before C23 [-Wc11-c23-compat]
/home/byrn/HDF_Projects/hdf5/dev/src/H5Tconv_integer.c:3122:5: warning: non-standard suffix on floating constant before C23 [-Wc11-c23-compat]
/home/byrn/HDF_Projects/hdf5/dev/src/H5Tconv_integer.c:3122:5: warning: non-standard suffix on floating constant before C23 [-Wc11-c23-compat]
/home/byrn/HDF_Projects/hdf5/dev/src/H5Tconv_integer.c:3122:5: warning: non-standard suffix on floating constant before C23 [-Wc11-c23-compat]
/home/byrn/HDF_Projects/hdf5/dev/src/H5Tconv_integer.c:3122:5: warning: non-standard suffix on floating constant before C23 [-Wc11-c23-compat]
/home/byrn/HDF_Projects/hdf5/dev/src/H5Tconv_integer.c:3122:5: warning: non-standard suffix on floating constant before C23 [-Wc11-c23-compat]
/home/byrn/HDF_Projects/hdf5/dev/src/H5Tconv_integer.c:3122:5: warning: non-standard suffix on floating constant before C23 [-Wc11-c23-compat]
/home/byrn/HDF_Projects/hdf5/dev/src/H5Tconv_integer.c:3122:5: warning: non-standard suffix on floating constant before C23 [-Wc11-c23-compat]
/home/byrn/HDF_Projects/hdf5/dev/src/H5Tconv_integer.c:3122:5: warning: non-standard suffix on floating constant before C23 [-Wc11-c23-compat]
/home/byrn/HDF_Projects/hdf5/dev/src/H5Tconv_integer.c:3122:5: warning: non-standard suffix on floating constant before C23 [-Wc11-c23-compat]
/home/byrn/HDF_Projects/hdf5/dev/src/H5Tconv_integer.c:3122:5: warning: non-standard suffix on floating constant before C23 [-Wc11-c23-compat]
/home/byrn/HDF_Projects/hdf5/dev/src/H5Tconv_integer.c:3122:5: warning: non-standard suffix on floating constant before C23 [-Wc11-c23-compat]
/home/byrn/HDF_Projects/hdf5/dev/src/H5Tconv_integer.c:3122:5: warning: non-standard suffix on floating constant before C23 [-Wc11-c23-compat]
/home/byrn/HDF_Projects/hdf5/dev/src/H5Tconv_integer.c:3122:5: warning: non-standard suffix on floating constant before C23 [-Wc11-c23-compat]
/home/byrn/HDF_Projects/hdf5/dev/src/H5Tconv_integer.c:3122:5: warning: non-standard suffix on floating constant before C23 [-Wc11-c23-compat]
/home/byrn/HDF_Projects/hdf5/dev/src/H5Tconv_integer.c:3122:5: warning: non-standard suffix on floating constant before C23 [-Wc11-c23-compat]
[795/4114] : && /usr/bin/cc -fPIC -std=c99  -fstdarg-opt -fdiagnostics-urls=never -fno-diagnostics-color -fmessage-length=0 -O2 -g -DNDEBUG   -shared -Wl,-soname,libhdf5.so.1000 -o bin/libhdf5.so.1000.0.0 src/CMakeFiles/hdf5-shared.dir/H5.c.o src/CMakeFiles/hdf5-shared.dir/H5build_settings.c.o src/CMakeFiles/hdf5-shared.dir/H5checksum.c.o src/CMakeFiles/hdf5-shared.dir/H5dbg.c.o src/CMakeFiles/hdf5-shared.dir/H5mpi.c.o src/CMakeFiles/hdf5-shared.dir/H5system.c.o src/CMakeFiles/hdf5-shared.dir/H5timer.c.o src/CMakeFiles/hdf5-shared.dir/H5trace.c.o src/CMakeFiles/hdf5-shared.dir/H5A.c.o src/CMakeFiles/hdf5-shared.dir/H5Abtree2.c.o src/CMakeFiles/hdf5-shared.dir/H5Adense.c.o src/CMakeFiles/hdf5-shared.dir/H5Adeprec.c.o src/CMakeFiles/hdf5-shared.dir/H5Aint.c.o src/CMakeFiles/hdf5-shared.dir/H5Atest.c.o src/CMakeFiles/hdf5-shared.dir/H5AC.c.o src/CMakeFiles/hdf5-shared.dir/H5ACdbg.c.o src/CMakeFiles/hdf5-shared.dir/H5ACmpio.c.o src/CMakeFiles/hdf5-shared.dir/H5ACproxy_entry.c.o src/CMakeFiles/hdf5-shared.dir/H5B.c.o src/CMakeFiles/hdf5-shared.dir/H5Bcache.c.o src/CMakeFiles/hdf5-shared.dir/H5Bdbg.c.o src/CMakeFiles/hdf5-shared.dir/H5B2.c.o src/CMakeFiles/hdf5-shared.dir/H5B2cache.c.o src/CMakeFiles/hdf5-shared.dir/H5B2dbg.c.o src/CMakeFiles/hdf5-shared.dir/H5B2hdr.c.o src/CMakeFiles/hdf5-shared.dir/H5B2int.c.o src/CMakeFiles/hdf5-shared.dir/H5B2internal.c.o src/CMakeFiles/hdf5-shared.dir/H5B2leaf.c.o src/CMakeFiles/hdf5-shared.dir/H5B2stat.c.o src/CMakeFiles/hdf5-shared.dir/H5B2test.c.o src/CMakeFiles/hdf5-shared.dir/H5C.c.o src/CMakeFiles/hdf5-shared.dir/H5Cdbg.c.o src/CMakeFiles/hdf5-shared.dir/H5Centry.c.o src/CMakeFiles/hdf5-shared.dir/H5Cepoch.c.o src/CMakeFiles/hdf5-shared.dir/H5Cimage.c.o src/CMakeFiles/hdf5-shared.dir/H5Cint.c.o src/CMakeFiles/hdf5-shared.dir/H5Clog.c.o src/CMakeFiles/hdf5-shared.dir/H5Clog_json.c.o src/CMakeFiles/hdf5-shared.dir/H5Clog_trace.c.o src/CMakeFiles/hdf5-shared.dir/H5Cmpio.c.o src/CMakeFiles/hdf5-shared.dir/H5Cprefetched.c.o src/CMakeFiles/hdf5-shared.dir/H5Cquery.c.o src/CMakeFiles/hdf5-shared.dir/H5Ctag.c.o src/CMakeFiles/hdf5-shared.dir/H5Ctest.c.o src/CMakeFiles/hdf5-shared.dir/H5CX.c.o src/CMakeFiles/hdf5-shared.dir/H5D.c.o src/CMakeFiles/hdf5-shared.dir/H5Dbtree.c.o src/CMakeFiles/hdf5-shared.dir/H5Dbtree2.c.o src/CMakeFiles/hdf5-shared.dir/H5Dchunk.c.o src/CMakeFiles/hdf5-shared.dir/H5Dcompact.c.o src/CMakeFiles/hdf5-shared.dir/H5Dcontig.c.o src/CMakeFiles/hdf5-shared.dir/H5Ddbg.c.o src/CMakeFiles/hdf5-shared.dir/H5Ddeprec.c.o src/CMakeFiles/hdf5-shared.dir/H5Dearray.c.o src/CMakeFiles/hdf5-shared.dir/H5Defl.c.o src/CMakeFiles/hdf5-shared.dir/H5Dfarray.c.o src/CMakeFiles/hdf5-shared.dir/H5Dfill.c.o src/CMakeFiles/hdf5-shared.dir/H5Dint.c.o src/CMakeFiles/hdf5-shared.dir/H5Dio.c.o src/CMakeFiles/hdf5-shared.dir/H5Dlayout.c.o src/CMakeFiles/hdf5-shared.dir/H5Dmpio.c.o src/CMakeFiles/hdf5-shared.dir/H5Dnone.c.o src/CMakeFiles/hdf5-shared.dir/H5Doh.c.o src/CMakeFiles/hdf5-shared.dir/H5Dscatgath.c.o src/CMakeFiles/hdf5-shared.dir/H5Dselect.c.o src/CMakeFiles/hdf5-shared.dir/H5Dsingle.c.o src/CMakeFiles/hdf5-shared.dir/H5Dtest.c.o src/CMakeFiles/hdf5-shared.dir/H5Dvirtual.c.o src/CMakeFiles/hdf5-shared.dir/H5E.c.o src/CMakeFiles/hdf5-shared.dir/H5Edeprec.c.o src/CMakeFiles/hdf5-shared.dir/H5Eint.c.o src/CMakeFiles/hdf5-shared.dir/H5EA.c.o src/CMakeFiles/hdf5-shared.dir/H5EAcache.c.o src/CMakeFiles/hdf5-shared.dir/H5EAdbg.c.o src/CMakeFiles/hdf5-shared.dir/H5EAdblkpage.c.o src/CMakeFiles/hdf5-shared.dir/H5EAdblock.c.o src/CMakeFiles/hdf5-shared.dir/H5EAhdr.c.o src/CMakeFiles/hdf5-shared.dir/H5EAiblock.c.o src/CMakeFiles/hdf5-shared.dir/H5EAint.c.o src/CMakeFiles/hdf5-shared.dir/H5EAsblock.c.o src/CMakeFiles/hdf5-shared.dir/H5EAstat.c.o src/CMakeFiles/hdf5-shared.dir/H5EAtest.c.o src/CMakeFiles/hdf5-shared.dir/H5ES.c.o src/CMakeFiles/hdf5-shared.dir/H5ESevent.c.o src/CMakeFiles/hdf5-shared.dir/H5ESint.c.o src/CMakeFiles/hdf5-shared.dir/H5ESlist.c.o src/CMakeFiles/hdf5-shared.dir/H5F.c.o src/CMakeFiles/hdf5-shared.dir/H5Faccum.c.o src/CMakeFiles/hdf5-shared.dir/H5Fcwfs.c.o src/CMakeFiles/hdf5-shared.dir/H5Fdbg.c.o src/CMakeFiles/hdf5-shared.dir/H5Fdeprec.c.o src/CMakeFiles/hdf5-shared.dir/H5Fefc.c.o src/CMakeFiles/hdf5-shared.dir/H5Ffake.c.o src/CMakeFiles/hdf5-shared.dir/H5Fint.c.o src/CMakeFiles/hdf5-shared.dir/H5Fio.c.o src/CMakeFiles/hdf5-shared.dir/H5Fmount.c.o src/CMakeFiles/hdf5-shared.dir/H5Fmpi.c.o src/CMakeFiles/hdf5-shared.dir/H5Fquery.c.o src/CMakeFiles/hdf5-shared.dir/H5Fsfile.c.o src/CMakeFiles/hdf5-shared.dir/H5Fspace.c.o src/CMakeFiles/hdf5-shared.dir/H5Fsuper.c.o src/CMakeFiles/hdf5-shared.dir/H5Fsuper_cache.c.o src/CMakeFiles/hdf5-shared.dir/H5Ftest.c.o src/CMakeFiles/hdf5-shared.dir/H5FA.c.o src/CMakeFiles/hdf5-shared.dir/H5FAcache.c.o src/CMakeFiles/hdf5-shared.dir/H5FAdbg.c.o src/CMakeFiles/hdf5-shared.dir/H5FAdblkpage.c.o src/CMakeFiles/hdf5-shared.dir/H5FAdblock.c.o src/CMakeFiles/hdf5-shared.dir/H5FAhdr.c.o src/CMakeFiles/hdf5-shared.dir/H5FAint.c.o src/CMakeFiles/hdf5-shared.dir/H5FAstat.c.o src/CMakeFiles/hdf5-shared.dir/H5FAtest.c.o src/CMakeFiles/hdf5-shared.dir/H5FD.c.o src/CMakeFiles/hdf5-shared.dir/H5FDcore.c.o src/CMakeFiles/hdf5-shared.dir/H5FDdirect.c.o src/CMakeFiles/hdf5-shared.dir/H5FDfamily.c.o src/CMakeFiles/hdf5-shared.dir/H5FDhdfs.c.o src/CMakeFiles/hdf5-shared.dir/H5FDint.c.o src/CMakeFiles/hdf5-shared.dir/H5FDlog.c.o src/CMakeFiles/hdf5-shared.dir/H5FDmirror.c.o src/CMakeFiles/hdf5-shared.dir/H5FDmpi.c.o src/CMakeFiles/hdf5-shared.dir/H5FDmpio.c.o src/CMakeFiles/hdf5-shared.dir/H5FDmulti.c.o src/CMakeFiles/hdf5-shared.dir/H5FDonion.c.o src/CMakeFiles/hdf5-shared.dir/H5FDonion_header.c.o src/CMakeFiles/hdf5-shared.dir/H5FDonion_history.c.o src/CMakeFiles/hdf5-shared.dir/H5FDonion_index.c.o src/CMakeFiles/hdf5-shared.dir/H5FDperform.c.o src/CMakeFiles/hdf5-shared.dir/H5FDros3.c.o src/CMakeFiles/hdf5-shared.dir/H5FDs3comms.c.o src/CMakeFiles/hdf5-shared.dir/H5FDsec2.c.o src/CMakeFiles/hdf5-shared.dir/H5FDspace.c.o src/CMakeFiles/hdf5-shared.dir/H5FDsplitter.c.o src/CMakeFiles/hdf5-shared.dir/H5FDstdio.c.o src/CMakeFiles/hdf5-shared.dir/H5FDtest.c.o src/CMakeFiles/hdf5-shared.dir/H5FDwindows.c.o src/CMakeFiles/hdf5-shared.dir/H5FL.c.o src/CMakeFiles/hdf5-shared.dir/H5FO.c.o src/CMakeFiles/hdf5-shared.dir/H5FS.c.o src/CMakeFiles/hdf5-shared.dir/H5FScache.c.o src/CMakeFiles/hdf5-shared.dir/H5FSdbg.c.o src/CMakeFiles/hdf5-shared.dir/H5FSint.c.o src/CMakeFiles/hdf5-shared.dir/H5FSsection.c.o src/CMakeFiles/hdf5-shared.dir/H5FSstat.c.o src/CMakeFiles/hdf5-shared.dir/H5FStest.c.o src/CMakeFiles/hdf5-shared.dir/H5G.c.o src/CMakeFiles/hdf5-shared.dir/H5Gbtree2.c.o src/CMakeFiles/hdf5-shared.dir/H5Gcache.c.o src/CMakeFiles/hdf5-shared.dir/H5Gcompact.c.o src/CMakeFiles/hdf5-shared.dir/H5Gdense.c.o src/CMakeFiles/hdf5-shared.dir/H5Gdeprec.c.o src/CMakeFiles/hdf5-shared.dir/H5Gent.c.o src/CMakeFiles/hdf5-shared.dir/H5Gint.c.o src/CMakeFiles/hdf5-shared.dir/H5Glink.c.o src/CMakeFiles/hdf5-shared.dir/H5Gloc.c.o src/CMakeFiles/hdf5-shared.dir/H5Gname.c.o src/CMakeFiles/hdf5-shared.dir/H5Gnode.c.o src/CMakeFiles/hdf5-shared.dir/H5Gobj.c.o src/CMakeFiles/hdf5-shared.dir/H5Goh.c.o src/CMakeFiles/hdf5-shared.dir/H5Groot.c.o src/CMakeFiles/hdf5-shared.dir/H5Gstab.c.o src/CMakeFiles/hdf5-shared.dir/H5Gtest.c.o src/CMakeFiles/hdf5-shared.dir/H5Gtraverse.c.o src/CMakeFiles/hdf5-shared.dir/H5HF.c.o src/CMakeFiles/hdf5-shared.dir/H5HFbtree2.c.o src/CMakeFiles/hdf5-shared.dir/H5HFcache.c.o src/CMakeFiles/hdf5-shared.dir/H5HFdbg.c.o src/CMakeFiles/hdf5-shared.dir/H5HFdblock.c.o src/CMakeFiles/hdf5-shared.dir/H5HFdtable.c.o src/CMakeFiles/hdf5-shared.dir/H5HFhdr.c.o src/CMakeFiles/hdf5-shared.dir/H5HFhuge.c.o src/CMakeFiles/hdf5-shared.dir/H5HFiblock.c.o src/CMakeFiles/hdf5-shared.dir/H5HFiter.c.o src/CMakeFiles/hdf5-shared.dir/H5HFman.c.o src/CMakeFiles/hdf5-shared.dir/H5HFsection.c.o src/CMakeFiles/hdf5-shared.dir/H5HFspace.c.o src/CMakeFiles/hdf5-shared.dir/H5HFstat.c.o src/CMakeFiles/hdf5-shared.dir/H5HFtest.c.o src/CMakeFiles/hdf5-shared.dir/H5HFtiny.c.o src/CMakeFiles/hdf5-shared.dir/H5HG.c.o src/CMakeFiles/hdf5-shared.dir/H5HGcache.c.o src/CMakeFiles/hdf5-shared.dir/H5HGdbg.c.o src/CMakeFiles/hdf5-shared.dir/H5HGquery.c.o src/CMakeFiles/hdf5-shared.dir/H5HL.c.o src/CMakeFiles/hdf5-shared.dir/H5HLcache.c.o src/CMakeFiles/hdf5-shared.dir/H5HLdbg.c.o src/CMakeFiles/hdf5-shared.dir/H5HLdblk.c.o src/CMakeFiles/hdf5-shared.dir/H5HLint.c.o src/CMakeFiles/hdf5-shared.dir/H5HLprfx.c.o src/CMakeFiles/hdf5-shared.dir/H5I.c.o src/CMakeFiles/hdf5-shared.dir/H5Idbg.c.o src/CMakeFiles/hdf5-shared.dir/H5Iint.c.o src/CMakeFiles/hdf5-shared.dir/H5Itest.c.o src/CMakeFiles/hdf5-shared.dir/H5L.c.o src/CMakeFiles/hdf5-shared.dir/H5Ldeprec.c.o src/CMakeFiles/hdf5-shared.dir/H5Lexternal.c.o src/CMakeFiles/hdf5-shared.dir/H5Lint.c.o src/CMakeFiles/hdf5-shared.dir/H5M.c.o src/CMakeFiles/hdf5-shared.dir/H5MF.c.o src/CMakeFiles/hdf5-shared.dir/H5MFaggr.c.o src/CMakeFiles/hdf5-shared.dir/H5MFdbg.c.o src/CMakeFiles/hdf5-shared.dir/H5MFsection.c.o src/CMakeFiles/hdf5-shared.dir/H5MM.c.o src/CMakeFiles/hdf5-shared.dir/H5O.c.o src/CMakeFiles/hdf5-shared.dir/H5Oainfo.c.o src/CMakeFiles/hdf5-shared.dir/H5Oalloc.c.o src/CMakeFiles/hdf5-shared.dir/H5Oattr.c.o src/CMakeFiles/hdf5-shared.dir/H5Oattribute.c.o src/CMakeFiles/hdf5-shared.dir/H5Obogus.c.o src/CMakeFiles/hdf5-shared.dir/H5Obtreek.c.o src/CMakeFiles/hdf5-shared.dir/H5Ocache.c.o src/CMakeFiles/hdf5-shared.dir/H5Ocache_image.c.o src/CMakeFiles/hdf5-shared.dir/H5Ochunk.c.o src/CMakeFiles/hdf5-shared.dir/H5Ocont.c.o src/CMakeFiles/hdf5-shared.dir/H5Ocopy.c.o src/CMakeFiles/hdf5-shared.dir/H5Ocopy_ref.c.o src/CMakeFiles/hdf5-shared.dir/H5Odbg.c.o src/CMakeFiles/hdf5-shared.dir/H5Odeprec.c.o src/CMakeFiles/hdf5-shared.dir/H5Odrvinfo.c.o src/CMakeFiles/hdf5-shared.dir/H5Odtype.c.o src/CMakeFiles/hdf5-shared.dir/H5Oefl.c.o src/CMakeFiles/hdf5-shared.dir/H5Ofill.c.o src/CMakeFiles/hdf5-shared.dir/H5Oflush.c.o src/CMakeFiles/hdf5-shared.dir/H5Ofsinfo.c.o src/CMakeFiles/hdf5-shared.dir/H5Oginfo.c.o src/CMakeFiles/hdf5-shared.dir/H5Oint.c.o src/CMakeFiles/hdf5-shared.dir/H5Olayout.c.o src/CMakeFiles/hdf5-shared.dir/H5Olinfo.c.o src/CMakeFiles/hdf5-shared.dir/H5Olink.c.o src/CMakeFiles/hdf5-shared.dir/H5Omessage.c.o src/CMakeFiles/hdf5-shared.dir/H5Omtime.c.o src/CMakeFiles/hdf5-shared.dir/H5Oname.c.o src/CMakeFiles/hdf5-shared.dir/H5Onull.c.o src/CMakeFiles/hdf5-shared.dir/H5Opline.c.o src/CMakeFiles/hdf5-shared.dir/H5Orefcount.c.o src/CMakeFiles/hdf5-shared.dir/H5Osdspace.c.o src/CMakeFiles/hdf5-shared.dir/H5Oshared.c.o src/CMakeFiles/hdf5-shared.dir/H5Oshmesg.c.o src/CMakeFiles/hdf5-shared.dir/H5Ostab.c.o src/CMakeFiles/hdf5-shared.dir/H5Otest.c.o src/CMakeFiles/hdf5-shared.dir/H5Ounknown.c.o src/CMakeFiles/hdf5-shared.dir/H5P.c.o src/CMakeFiles/hdf5-shared.dir/H5Pacpl.c.o src/CMakeFiles/hdf5-shared.dir/H5Pdapl.c.o src/CMakeFiles/hdf5-shared.dir/H5Pdcpl.c.o src/CMakeFiles/hdf5-shared.dir/H5Pdeprec.c.o src/CMakeFiles/hdf5-shared.dir/H5Pdxpl.c.o src/CMakeFiles/hdf5-shared.dir/H5Pencdec.c.o src/CMakeFiles/hdf5-shared.dir/H5Pfapl.c.o src/CMakeFiles/hdf5-shared.dir/H5Pfcpl.c.o src/CMakeFiles/hdf5-shared.dir/H5Pfmpl.c.o src/CMakeFiles/hdf5-shared.dir/H5Pgcpl.c.o src/CMakeFiles/hdf5-shared.dir/H5Pint.c.o src/CMakeFiles/hdf5-shared.dir/H5Plapl.c.o src/CMakeFiles/hdf5-shared.dir/H5Plcpl.c.o src/CMakeFiles/hdf5-shared.dir/H5Pmapl.c.o src/CMakeFiles/hdf5-shared.dir/H5Pmcpl.c.o src/CMakeFiles/hdf5-shared.dir/H5Pocpl.c.o src/CMakeFiles/hdf5-shared.dir/H5Pocpypl.c.o src/CMakeFiles/hdf5-shared.dir/H5Pstrcpl.c.o src/CMakeFiles/hdf5-shared.dir/H5Ptest.c.o src/CMakeFiles/hdf5-shared.dir/H5PB.c.o src/CMakeFiles/hdf5-shared.dir/H5PL.c.o src/CMakeFiles/hdf5-shared.dir/H5PLint.c.o src/CMakeFiles/hdf5-shared.dir/H5PLpath.c.o src/CMakeFiles/hdf5-shared.dir/H5PLplugin_cache.c.o src/CMakeFiles/hdf5-shared.dir/H5R.c.o src/CMakeFiles/hdf5-shared.dir/H5Rdeprec.c.o src/CMakeFiles/hdf5-shared.dir/H5Rint.c.o src/CMakeFiles/hdf5-shared.dir/H5UC.c.o src/CMakeFiles/hdf5-shared.dir/H5RS.c.o src/CMakeFiles/hdf5-shared.dir/H5S.c.o src/CMakeFiles/hdf5-shared.dir/H5Sall.c.o src/CMakeFiles/hdf5-shared.dir/H5Sdbg.c.o src/CMakeFiles/hdf5-shared.dir/H5Sdeprec.c.o src/CMakeFiles/hdf5-shared.dir/H5Shyper.c.o src/CMakeFiles/hdf5-shared.dir/H5Smpio.c.o src/CMakeFiles/hdf5-shared.dir/H5Snone.c.o src/CMakeFiles/hdf5-shared.dir/H5Spoint.c.o src/CMakeFiles/hdf5-shared.dir/H5Sselect.c.o src/CMakeFiles/hdf5-shared.dir/H5Stest.c.o src/CMakeFiles/hdf5-shared.dir/H5SL.c.o src/CMakeFiles/hdf5-shared.dir/H5SM.c.o src/CMakeFiles/hdf5-shared.dir/H5SMbtree2.c.o src/CMakeFiles/hdf5-shared.dir/H5SMcache.c.o src/CMakeFiles/hdf5-shared.dir/H5SMmessage.c.o src/CMakeFiles/hdf5-shared.dir/H5SMtest.c.o src/CMakeFiles/hdf5-shared.dir/H5T.c.o src/CMakeFiles/hdf5-shared.dir/H5Tarray.c.o src/CMakeFiles/hdf5-shared.dir/H5Tbit.c.o src/CMakeFiles/hdf5-shared.dir/H5Tcommit.c.o src/CMakeFiles/hdf5-shared.dir/H5Tcompound.c.o src/CMakeFiles/hdf5-shared.dir/H5Tconv.c.o src/CMakeFiles/hdf5-shared.dir/H5Tconv_integer.c.o src/CMakeFiles/hdf5-shared.dir/H5Tconv_float.c.o src/CMakeFiles/hdf5-shared.dir/H5Tconv_string.c.o src/CMakeFiles/hdf5-shared.dir/H5Tconv_bitfield.c.o src/CMakeFiles/hdf5-shared.dir/H5Tconv_compound.c.o src/CMakeFiles/hdf5-shared.dir/H5Tconv_reference.c.o src/CMakeFiles/hdf5-shared.dir/H5Tconv_enum.c.o src/CMakeFiles/hdf5-shared.dir/H5Tconv_vlen.c.o src/CMakeFiles/hdf5-shared.dir/H5Tconv_array.c.o src/CMakeFiles/hdf5-shared.dir/H5Tcset.c.o src/CMakeFiles/hdf5-shared.dir/H5Tdbg.c.o src/CMakeFiles/hdf5-shared.dir/H5Tdeprec.c.o src/CMakeFiles/hdf5-shared.dir/H5Tenum.c.o src/CMakeFiles/hdf5-shared.dir/H5Tfields.c.o src/CMakeFiles/hdf5-shared.dir/H5Tfixed.c.o src/CMakeFiles/hdf5-shared.dir/H5Tfloat.c.o src/CMakeFiles/hdf5-shared.dir/H5Tinit_float.c.o src/CMakeFiles/hdf5-shared.dir/H5Tnative.c.o src/CMakeFiles/hdf5-shared.dir/H5Toffset.c.o src/CMakeFiles/hdf5-shared.dir/H5Toh.c.o src/CMakeFiles/hdf5-shared.dir/H5Topaque.c.o src/CMakeFiles/hdf5-shared.dir/H5Torder.c.o src/CMakeFiles/hdf5-shared.dir/H5Tpad.c.o src/CMakeFiles/hdf5-shared.dir/H5Tprecis.c.o src/CMakeFiles/hdf5-shared.dir/H5Tref.c.o src/CMakeFiles/hdf5-shared.dir/H5Tstrpad.c.o src/CMakeFiles/hdf5-shared.dir/H5Tvisit.c.o src/CMakeFiles/hdf5-shared.dir/H5Tvlen.c.o src/CMakeFiles/hdf5-shared.dir/H5TS.c.o src/CMakeFiles/hdf5-shared.dir/H5VL.c.o src/CMakeFiles/hdf5-shared.dir/H5VLcallback.c.o src/CMakeFiles/hdf5-shared.dir/H5VLdyn_ops.c.o src/CMakeFiles/hdf5-shared.dir/H5VLint.c.o src/CMakeFiles/hdf5-shared.dir/H5VLnative.c.o src/CMakeFiles/hdf5-shared.dir/H5VLnative_attr.c.o src/CMakeFiles/hdf5-shared.dir/H5VLnative_blob.c.o src/CMakeFiles/hdf5-shared.dir/H5VLnative_dataset.c.o src/CMakeFiles/hdf5-shared.dir/H5VLnative_datatype.c.o src/CMakeFiles/hdf5-shared.dir/H5VLnative_file.c.o src/CMakeFiles/hdf5-shared.dir/H5VLnative_group.c.o src/CMakeFiles/hdf5-shared.dir/H5VLnative_link.c.o src/CMakeFiles/hdf5-shared.dir/H5VLnative_introspect.c.o src/CMakeFiles/hdf5-shared.dir/H5VLnative_object.c.o src/CMakeFiles/hdf5-shared.dir/H5VLnative_token.c.o src/CMakeFiles/hdf5-shared.dir/H5VLpassthru.c.o src/CMakeFiles/hdf5-shared.dir/H5VLtest.c.o src/CMakeFiles/hdf5-shared.dir/H5VM.c.o src/CMakeFiles/hdf5-shared.dir/H5WB.c.o src/CMakeFiles/hdf5-shared.dir/H5Z.c.o src/CMakeFiles/hdf5-shared.dir/H5Zdeflate.c.o src/CMakeFiles/hdf5-shared.dir/H5Zfletcher32.c.o src/CMakeFiles/hdf5-shared.dir/H5Znbit.c.o src/CMakeFiles/hdf5-shared.dir/H5Zscaleoffset.c.o src/CMakeFiles/hdf5-shared.dir/H5Zshuffle.c.o src/CMakeFiles/hdf5-shared.dir/H5Zszip.c.o src/CMakeFiles/hdf5-shared.dir/H5Ztrans.c.o  -Wl,-rpath,"\$ORIGIN/../lib:\$ORIGIN/"  -lm  -ldl  bin/libzlib.a  bin/libszaec.a  bin/libaec.a  -ldl  -lm  -ldl && :
[796/4114] /usr/bin/cmake -E cmake_symlink_library bin/libhdf5.so.1000.0.0  bin/libhdf5.so.1000 bin/libhdf5.so && :
[797/4114] : && /usr/bin/cc -fPIC -std=c99  -fstdarg-opt -fdiagnostics-urls=never -fno-diagnostics-color -fmessage-length=0 -O2 -g -DNDEBUG   -shared -Wl,-soname,libhdf5_test.so.1000 -o bin/libhdf5_test.so.1000.0.0 test/CMakeFiles/hdf5_test-shared.dir/h5test.c.o test/CMakeFiles/hdf5_test-shared.dir/testframe.c.o test/CMakeFiles/hdf5_test-shared.dir/cache_common.c.o test/CMakeFiles/hdf5_test-shared.dir/external_common.c.o test/CMakeFiles/hdf5_test-shared.dir/swmr_common.c.o  -Wl,-rpath,"\$ORIGIN/../lib:\$ORIGIN/"  -lm  -ldl  bin/libhdf5.so.1000.0.0  -ldl && :
[798/4114] /usr/bin/cmake -E cmake_symlink_library bin/libhdf5_test.so.1000.0.0  bin/libhdf5_test.so.1000 bin/libhdf5_test.so && :
[799/4114] : && /usr/bin/cc -fPIC -std=c99  -fstdarg-opt -fdiagnostics-urls=never -fno-diagnostics-color -fmessage-length=0 -O2 -g -DNDEBUG   -shared -Wl,-soname,libfilter_plugin1_dsets.so.1000 -o bin/libfilter_plugin1_dsets.so.1000.0.0 test/CMakeFiles/filter_plugin1_dsets.dir/filter_plugin1_dsets.c.o  -Wl,-rpath,"\$ORIGIN/../lib:\$ORIGIN/"  bin/libhdf5_test.so.1000.0.0  -lm  bin/libhdf5.so.1000.0.0  -ldl && :
[800/4114] /usr/bin/cmake -E cmake_symlink_library bin/libfilter_plugin1_dsets.so.1000.0.0  bin/libfilter_plugin1_dsets.so.1000 bin/libfilter_plugin1_dsets.so && cd /home/byrn/HDF_Projects/hdf5/build/ci-StdShar-GNUC/test && /usr/bin/cmake -E copy_if_different /home/byrn/HDF_Projects/hdf5/build/ci-StdShar-GNUC/bin/libfilter_plugin1_dsets.so.1000.0.0 /home/byrn/HDF_Projects/hdf5/build/ci-StdShar-GNUC/filter_plugin_dir1/libfilter_plugin1_dsets.so.1000.0.0
[801/4114] /usr/bin/cc -DH5_BUILT_AS_DYNAMIC_LIB -DH5_HAVE_TEST_API -D_FILE_OFFSET_BITS=64 -D_GNU_SOURCE -D_LARGEFILE_SOURCE -D_POSIX_C_SOURCE=200809L -I/home/byrn/HDF_Projects/hdf5/dev/src -I/home/byrn/HDF_Projects/hdf5/dev/src/H5FDsubfiling -I/home/byrn/HDF_Projects/hdf5/build/ci-StdShar-GNUC/src -I/home/byrn/HDF_Projects/hdf5/build/ci-StdShar-GNUC/test -I/home/byrn/HDF_Projects/hdf5/dev/test -std=c99  -fstdarg-opt -fdiagnostics-urls=never -fno-diagnostics-color -fmessage-length=0 -O2 -g -DNDEBUG -std=gnu99 -fPIE -Wall -Wcast-qual -Wconversion -Wextra -Wfloat-equal -Wformat=2 -Winit-self -Winvalid-pch -Wmissing-include-dirs -Wshadow -Wundef -Wwrite-strings -pedantic -Wno-c++-compat -Wbad-function-cast -Wcast-align -Wformat -Wimplicit-function-declaration -Wint-to-pointer-cast -Wmissing-declarations -Wmissing-prototypes -Wnested-externs -Wold-style-definition -Wpacked -Wpointer-sign -Wpointer-to-int-cast -Wredundant-decls -Wstrict-prototypes -Wswitch -Wunused-but-set-variable -Wunused-variable -Wunused-function -Wunused-parameter -finline-functions -Wno-aggregate-return -Wno-inline -Wno-missing-format-attribute -Wno-missing-noreturn -Wno-overlength-strings -Wlarger-than=2560 -Wlogical-op -Wframe-larger-than=16384 -Wpacked-bitfield-compat -Wsync-nand -Wno-unsuffixed-float-constants -Wdouble-promotion -Wtrampolines -Wstack-usage=8192 -Wmaybe-uninitialized -Wno-jump-misses-init -Wstrict-overflow=2 -Wno-suggest-attribute=const -Wno-suggest-attribute=noreturn -Wno-suggest-attribute=pure -Wno-suggest-attribute=format -Wdate-time -Warray-bounds=2 -Wc99-c11-compat -Wincompatible-pointer-types -Wint-conversion -Wduplicated-cond -Whsa -Wnormalized -Wnull-dereference -Wunused-const-variable -Walloca -Walloc-zero -Wduplicated-branches -Wformat-overflow=2 -Wformat-truncation=1 -Wrestrict -Wattribute-alias -Wshift-overflow=2 -Wcast-function-type -Wcast-align=strict -Wno-suggest-attribute=cold -Wno-suggest-attribute=malloc -Wattribute-alias=2 -Wmissing-profile -Wc11-c2x-compat -MD -MT test/CMakeFiles/onion.dir/onion.c.o -MF test/CMakeFiles/onion.dir/onion.c.o.d -o test/CMakeFiles/onion.dir/onion.c.o -c /home/byrn/HDF_Projects/hdf5/dev/test/onion.c
[802/4114] : && /usr/bin/cc -fPIC -std=c99  -fstdarg-opt -fdiagnostics-urls=never -fno-diagnostics-color -fmessage-length=0 -O2 -g -DNDEBUG   -shared -Wl,-soname,libfilter_plugin3_dsets.so.1000 -o bin/libfilter_plugin3_dsets.so.1000.0.0 test/CMakeFiles/filter_plugin3_dsets.dir/filter_plugin3_dsets.c.o  -Wl,-rpath,"\$ORIGIN/../lib:\$ORIGIN/"  bin/libhdf5_test.so.1000.0.0  -lm  bin/libhdf5.so.1000.0.0  -ldl && :
[803/4114] : && /usr/bin/cc -fPIC -std=c99  -fstdarg-opt -fdiagnostics-urls=never -fno-diagnostics-color -fmessage-length=0 -O2 -g -DNDEBUG   -shared -Wl,-soname,libfilter_plugin2_dsets.so.1000 -o bin/libfilter_plugin2_dsets.so.1000.0.0 test/CMakeFiles/filter_plugin2_dsets.dir/filter_plugin2_dsets.c.o  -Wl,-rpath,"\$ORIGIN/../lib:\$ORIGIN/"  bin/libhdf5_test.so.1000.0.0  -lm  bin/libhdf5.so.1000.0.0  -ldl && :
[804/4114] /usr/bin/cmake -E cmake_symlink_library bin/libfilter_plugin3_dsets.so.1000.0.0  bin/libfilter_plugin3_dsets.so.1000 bin/libfilter_plugin3_dsets.so && cd /home/byrn/HDF_Projects/hdf5/build/ci-StdShar-GNUC/test && /usr/bin/cmake -E copy_if_different /home/byrn/HDF_Projects/hdf5/build/ci-StdShar-GNUC/bin/libfilter_plugin3_dsets.so.1000.0.0 /home/byrn/HDF_Projects/hdf5/build/ci-StdShar-GNUC/filter_plugin_dir1/libfilter_plugin3_dsets.so.1000.0.0
[805/4114] /usr/bin/cmake -E cmake_symlink_library bin/libfilter_plugin2_dsets.so.1000.0.0  bin/libfilter_plugin2_dsets.so.1000 bin/libfilter_plugin2_dsets.so && cd /home/byrn/HDF_Projects/hdf5/build/ci-StdShar-GNUC/test && /usr/bin/cmake -E copy_if_different /home/byrn/HDF_Projects/hdf5/build/ci-StdShar-GNUC/bin/libfilter_plugin2_dsets.so.1000.0.0 /home/byrn/HDF_Projects/hdf5/build/ci-StdShar-GNUC/filter_plugin_dir2/libfilter_plugin2_dsets.so.1000.0.0
[806/4114] /usr/bin/cc -DH5_BUILT_AS_DYNAMIC_LIB -DH5_HAVE_TEST_API -D_FILE_OFFSET_BITS=64 -D_GNU_SOURCE -D_LARGEFILE_SOURCE -D_POSIX_C_SOURCE=200809L -I/home/byrn/HDF_Projects/hdf5/dev/src -I/home/byrn/HDF_Projects/hdf5/dev/src/H5FDsubfiling -I/home/byrn/HDF_Projects/hdf5/build/ci-StdShar-GNUC/src -I/home/byrn/HDF_Projects/hdf5/build/ci-StdShar-GNUC/test -I/home/byrn/HDF_Projects/hdf5/dev/test -std=c99  -fstdarg-opt -fdiagnostics-urls=never -fno-diagnostics-color -fmessage-length=0 -O2 -g -DNDEBUG -std=gnu99 -fPIE -Wall -Wcast-qual -Wconversion -Wextra -Wfloat-equal -Wformat=2 -Winit-self -Winvalid-pch -Wmissing-include-dirs -Wshadow -Wundef -Wwrite-strings -pedantic -Wno-c++-compat -Wbad-function-cast -Wcast-align -Wformat -Wimplicit-function-declaration -Wint-to-pointer-cast -Wmissing-declarations -Wmissing-prototypes -Wnested-externs -Wold-style-definition -Wpacked -Wpointer-sign -Wpointer-to-int-cast -Wredundant-decls -Wstrict-prototypes -Wswitch -Wunused-but-set-variable -Wunused-variable -Wunused-function -Wunused-parameter -finline-functions -Wno-aggregate-return -Wno-inline -Wno-missing-format-attribute -Wno-missing-noreturn -Wno-overlength-strings -Wlarger-than=2560 -Wlogical-op -Wframe-larger-than=16384 -Wpacked-bitfield-compat -Wsync-nand -Wno-unsuffixed-float-constants -Wdouble-promotion -Wtrampolines -Wstack-usage=8192 -Wmaybe-uninitialized -Wno-jump-misses-init -Wstrict-overflow=2 -Wno-suggest-attribute=const -Wno-suggest-attribute=noreturn -Wno-suggest-attribute=pure -Wno-suggest-attribute=format -Wdate-time -Warray-bounds=2 -Wc99-c11-compat -Wincompatible-pointer-types -Wint-conversion -Wduplicated-cond -Whsa -Wnormalized -Wnull-dereference -Wunused-const-variable -Walloca -Walloc-zero -Wduplicated-branches -Wformat-overflow=2 -Wformat-truncation=1 -Wrestrict -Wattribute-alias -Wshift-overflow=2 -Wcast-function-type -Wcast-align=strict -Wno-suggest-attribute=cold -Wno-suggest-attribute=malloc -Wattribute-alias=2 -Wmissing-profile -Wc11-c2x-compat -MD -MT test/CMakeFiles/farray.dir/farray.c.o -MF test/CMakeFiles/farray.dir/farray.c.o.d -o test/CMakeFiles/farray.dir/farray.c.o -c /home/byrn/HDF_Projects/hdf5/dev/test/farray.c
[807/4114] : && /usr/bin/cc -fPIC -std=c99  -fstdarg-opt -fdiagnostics-urls=never -fno-diagnostics-color -fmessage-length=0 -O2 -g -DNDEBUG   -shared -Wl,-soname,libnull_vfd_plugin.so.1000 -o bin/libnull_vfd_plugin.so.1000.0.0 test/CMakeFiles/null_vfd_plugin.dir/null_vfd_plugin.c.o  -Wl,-rpath,"\$ORIGIN/../lib:\$ORIGIN/"  bin/libhdf5_test.so.1000.0.0  -lm  bin/libhdf5.so.1000.0.0  -ldl && :
[808/4114] : && /usr/bin/cc -fPIC -std=c99  -fstdarg-opt -fdiagnostics-urls=never -fno-diagnostics-color -fmessage-length=0 -O2 -g -DNDEBUG   -shared -Wl,-soname,libfilter_plugin4_groups.so.1000 -o bin/libfilter_plugin4_groups.so.1000.0.0 test/CMakeFiles/filter_plugin4_groups.dir/filter_plugin4_groups.c.o  -Wl,-rpath,"\$ORIGIN/../lib:\$ORIGIN/"  bin/libhdf5_test.so.1000.0.0  -lm  bin/libhdf5.so.1000.0.0  -ldl && :
[809/4114] /usr/bin/cmake -E cmake_symlink_library bin/libnull_vfd_plugin.so.1000.0.0  bin/libnull_vfd_plugin.so.1000 bin/libnull_vfd_plugin.so && cd /home/byrn/HDF_Projects/hdf5/build/ci-StdShar-GNUC/test && /usr/bin/cmake -E copy_if_different /home/byrn/HDF_Projects/hdf5/build/ci-StdShar-GNUC/bin/libnull_vfd_plugin.so.1000.0.0 /home/byrn/HDF_Projects/hdf5/build/ci-StdShar-GNUC/null_vfd_plugin_dir/libnull_vfd_plugin.so.1000.0.0
[810/4114] /usr/bin/cmake -E cmake_symlink_library bin/libfilter_plugin4_groups.so.1000.0.0  bin/libfilter_plugin4_groups.so.1000 bin/libfilter_plugin4_groups.so && cd /home/byrn/HDF_Projects/hdf5/build/ci-StdShar-GNUC/test && /usr/bin/cmake -E copy_if_different /home/byrn/HDF_Projects/hdf5/build/ci-StdShar-GNUC/bin/libfilter_plugin4_groups.so.1000.0.0 /home/byrn/HDF_Projects/hdf5/build/ci-StdShar-GNUC/filter_plugin_dir2/libfilter_plugin4_groups.so.1000.0.0
[811/4114] : && /usr/bin/cc -fPIC -std=c99  -fstdarg-opt -fdiagnostics-urls=never -fno-diagnostics-color -fmessage-length=0 -O2 -g -DNDEBUG   -shared -Wl,-soname,libnull_vol_connector.so.1000 -o bin/libnull_vol_connector.so.1000.0.0 test/CMakeFiles/null_vol_connector.dir/null_vol_connector.c.o  -Wl,-rpath,"\$ORIGIN/../lib:\$ORIGIN/"  bin/libhdf5_test.so.1000.0.0  -lm  bin/libhdf5.so.1000.0.0  -ldl && :
[812/4114] /usr/bin/cmake -E cmake_symlink_library bin/libnull_vol_connector.so.1000.0.0  bin/libnull_vol_connector.so.1000 bin/libnull_vol_connector.so && cd /home/byrn/HDF_Projects/hdf5/build/ci-StdShar-GNUC/test && /usr/bin/cmake -E copy_if_different /home/byrn/HDF_Projects/hdf5/build/ci-StdShar-GNUC/bin/libnull_vol_connector.so.1000.0.0 /home/byrn/HDF_Projects/hdf5/build/ci-StdShar-GNUC/null_vol_plugin_dir/libnull_vol_connector.so.1000.0.0
[813/4114] /usr/bin/cc -DH5_BUILT_AS_DYNAMIC_LIB -DH5_HAVE_TEST_API -D_FILE_OFFSET_BITS=64 -D_GNU_SOURCE -D_LARGEFILE_SOURCE -D_POSIX_C_SOURCE=200809L -I/home/byrn/HDF_Projects/hdf5/dev/src -I/home/byrn/HDF_Projects/hdf5/dev/src/H5FDsubfiling -I/home/byrn/HDF_Projects/hdf5/build/ci-StdShar-GNUC/src -I/home/byrn/HDF_Projects/hdf5/build/ci-StdShar-GNUC/test -I/home/byrn/HDF_Projects/hdf5/dev/test -std=c99  -fstdarg-opt -fdiagnostics-urls=never -fno-diagnostics-color -fmessage-length=0 -O2 -g -DNDEBUG -std=gnu99 -fPIE -Wall -Wcast-qual -Wconversion -Wextra -Wfloat-equal -Wformat=2 -Winit-self -Winvalid-pch -Wmissing-include-dirs -Wshadow -Wundef -Wwrite-strings -pedantic -Wno-c++-compat -Wbad-function-cast -Wcast-align -Wformat -Wimplicit-function-declaration -Wint-to-pointer-cast -Wmissing-declarations -Wmissing-prototypes -Wnested-externs -Wold-style-definition -Wpacked -Wpointer-sign -Wpointer-to-int-cast -Wredundant-decls -Wstrict-prototypes -Wswitch -Wunused-but-set-variable -Wunused-variable -Wunused-function -Wunused-parameter -finline-functions -Wno-aggregate-return -Wno-inline -Wno-missing-format-attribute -Wno-missing-noreturn -Wno-overlength-strings -Wlarger-than=2560 -Wlogical-op -Wframe-larger-than=16384 -Wpacked-bitfield-compat -Wsync-nand -Wno-unsuffixed-float-constants -Wdouble-promotion -Wtrampolines -Wstack-usage=8192 -Wmaybe-uninitialized -Wno-jump-misses-init -Wstrict-overflow=2 -Wno-suggest-attribute=const -Wno-suggest-attribute=noreturn -Wno-suggest-attribute=pure -Wno-suggest-attribute=format -Wdate-time -Warray-bounds=2 -Wc99-c11-compat -Wincompatible-pointer-types -Wint-conversion -Wduplicated-cond -Whsa -Wnormalized -Wnull-dereference -Wunused-const-variable -Walloca -Walloc-zero -Wduplicated-branches -Wformat-overflow=2 -Wformat-truncation=1 -Wrestrict -Wattribute-alias -Wshift-overflow=2 -Wcast-function-type -Wcast-align=strict -Wno-suggest-attribute=cold -Wno-suggest-attribute=malloc -Wattribute-alias=2 -Wmissing-profile -Wc11-c2x-compat -MD -MT test/CMakeFiles/swmr.dir/swmr.c.o -MF test/CMakeFiles/swmr.dir/swmr.c.o.d -o test/CMakeFiles/swmr.dir/swmr.c.o -c /home/byrn/HDF_Projects/hdf5/dev/test/swmr.c
[814/4114] : && /usr/bin/cc -std=c99  -fstdarg-opt -fdiagnostics-urls=never -fno-diagnostics-color -fmessage-length=0 -O2 -g -DNDEBUG  test/CMakeFiles/lheap.dir/lheap.c.o -o bin/lheap  -Wl,-rpath,"\$ORIGIN/../lib:\$ORIGIN/"  bin/libhdf5_test.so.1000.0.0  -lm  bin/libhdf5.so.1000.0.0  -ldl && :
[815/4114] : && /usr/bin/cc -std=c99  -fstdarg-opt -fdiagnostics-urls=never -fno-diagnostics-color -fmessage-length=0 -O2 -g -DNDEBUG  test/CMakeFiles/cache_tagging.dir/cache_tagging.c.o -o bin/cache_tagging  -Wl,-rpath,"\$ORIGIN/../lib:\$ORIGIN/"  bin/libhdf5_test.so.1000.0.0  -lm  bin/libhdf5.so.1000.0.0  -ldl && :
[816/4114] : && /usr/bin/cc -std=c99  -fstdarg-opt -fdiagnostics-urls=never -fno-diagnostics-color -fmessage-length=0 -O2 -g -DNDEBUG  test/CMakeFiles/ohdr.dir/ohdr.c.o -o bin/ohdr  -Wl,-rpath,"\$ORIGIN/../lib:\$ORIGIN/"  bin/libhdf5_test.so.1000.0.0  -lm  bin/libhdf5.so.1000.0.0  -ldl && :
[817/4114] : && /usr/bin/cc -std=c99  -fstdarg-opt -fdiagnostics-urls=never -fno-diagnostics-color -fmessage-length=0 -O2 -g -DNDEBUG  test/CMakeFiles/gheap.dir/gheap.c.o -o bin/gheap  -Wl,-rpath,"\$ORIGIN/../lib:\$ORIGIN/"  bin/libhdf5_test.so.1000.0.0  -lm  bin/libhdf5.so.1000.0.0  -ldl && :
[818/4114] : && /usr/bin/cc -std=c99  -fstdarg-opt -fdiagnostics-urls=never -fno-diagnostics-color -fmessage-length=0 -O2 -g -DNDEBUG  test/CMakeFiles/stab.dir/stab.c.o -o bin/stab  -Wl,-rpath,"\$ORIGIN/../lib:\$ORIGIN/"  bin/libhdf5_test.so.1000.0.0  -lm  bin/libhdf5.so.1000.0.0  -ldl && :
[819/4114] : && /usr/bin/cc -std=c99  -fstdarg-opt -fdiagnostics-urls=never -fno-diagnostics-color -fmessage-length=0 -O2 -g -DNDEBUG  test/CMakeFiles/istore.dir/istore.c.o -o bin/istore  -Wl,-rpath,"\$ORIGIN/../lib:\$ORIGIN/"  bin/libhdf5_test.so.1000.0.0  -lm  bin/libhdf5.so.1000.0.0  -ldl && :
[820/4114] : && /usr/bin/cc -std=c99  -fstdarg-opt -fdiagnostics-urls=never -fno-diagnostics-color -fmessage-length=0 -O2 -g -DNDEBUG  test/CMakeFiles/hyperslab.dir/hyperslab.c.o -o bin/hyperslab  -Wl,-rpath,"\$ORIGIN/../lib:\$ORIGIN/"  bin/libhdf5_test.so.1000.0.0  -lm  bin/libhdf5.so.1000.0.0  -ldl && :
[821/4114] : && /usr/bin/cc -std=c99  -fstdarg-opt -fdiagnostics-urls=never -fno-diagnostics-color -fmessage-length=0 -O2 -g -DNDEBUG  test/CMakeFiles/evict_on_close.dir/evict_on_close.c.o -o bin/evict_on_close  -Wl,-rpath,"\$ORIGIN/../lib:\$ORIGIN/"  bin/libhdf5_test.so.1000.0.0  -lm  bin/libhdf5.so.1000.0.0  -ldl && :
[822/4114] : && /usr/bin/cc -std=c99  -fstdarg-opt -fdiagnostics-urls=never -fno-diagnostics-color -fmessage-length=0 -O2 -g -DNDEBUG  test/CMakeFiles/accum.dir/accum.c.o -o bin/accum  -Wl,-rpath,"\$ORIGIN/../lib:\$ORIGIN/"  bin/libhdf5_test.so.1000.0.0  -lm  bin/libhdf5.so.1000.0.0  -ldl && :
[823/4114] : && /usr/bin/cc -std=c99  -fstdarg-opt -fdiagnostics-urls=never -fno-diagnostics-color -fmessage-length=0 -O2 -g -DNDEBUG  test/CMakeFiles/bittests.dir/bittests.c.o -o bin/bittests  -Wl,-rpath,"\$ORIGIN/../lib:\$ORIGIN/"  bin/libhdf5_test.so.1000.0.0  -lm  bin/libhdf5.so.1000.0.0  -ldl && :
[824/4114] : && /usr/bin/cc -std=c99  -fstdarg-opt -fdiagnostics-urls=never -fno-diagnostics-color -fmessage-length=0 -O2 -g -DNDEBUG  test/CMakeFiles/dt_arith.dir/dt_arith.c.o -o bin/dt_arith  -Wl,-rpath,"\$ORIGIN/../lib:\$ORIGIN/"  bin/libhdf5_test.so.1000.0.0  -lm  bin/libhdf5.so.1000.0.0  -ldl && :
[825/4114] : && /usr/bin/cc -std=c99  -fstdarg-opt -fdiagnostics-urls=never -fno-diagnostics-color -fmessage-length=0 -O2 -g -DNDEBUG  test/CMakeFiles/page_buffer.dir/page_buffer.c.o -o bin/page_buffer  -Wl,-rpath,"\$ORIGIN/../lib:\$ORIGIN/"  bin/libhdf5_test.so.1000.0.0  -lm  bin/libhdf5.so.1000.0.0  -ldl && :
[826/4114] : && /usr/bin/cc -std=c99  -fstdarg-opt -fdiagnostics-urls=never -fno-diagnostics-color -fmessage-length=0 -O2 -g -DNDEBUG  test/CMakeFiles/select_io_dset.dir/select_io_dset.c.o -o bin/select_io_dset  -Wl,-rpath,"\$ORIGIN/../lib:\$ORIGIN/"  bin/libhdf5_test.so.1000.0.0  -lm  bin/libhdf5.so.1000.0.0  -ldl && :
[827/4114] : && /usr/bin/cc -std=c99  -fstdarg-opt -fdiagnostics-urls=never -fno-diagnostics-color -fmessage-length=0 -O2 -g -DNDEBUG  test/CMakeFiles/dtypes.dir/dtypes.c.o -o bin/dtypes  -Wl,-rpath,"\$ORIGIN/../lib:\$ORIGIN/"  bin/libhdf5_test.so.1000.0.0  -lm  bin/libhdf5.so.1000.0.0  -ldl && :
[828/4114] : && /usr/bin/cc -std=c99  -fstdarg-opt -fdiagnostics-urls=never -fno-diagnostics-color -fmessage-length=0 -O2 -g -DNDEBUG  test/CMakeFiles/dsets.dir/dsets.c.o -o bin/dsets  -Wl,-rpath,"\$ORIGIN/../lib:\$ORIGIN/"  bin/libhdf5_test.so.1000.0.0  -lm  bin/libhdf5.so.1000.0.0  -ldl && :
[829/4114] : && /usr/bin/cc -std=c99  -fstdarg-opt -fdiagnostics-urls=never -fno-diagnostics-color -fmessage-length=0 -O2 -g -DNDEBUG  test/CMakeFiles/cmpd_dset.dir/cmpd_dset.c.o -o bin/cmpd_dset  -Wl,-rpath,"\$ORIGIN/../lib:\$ORIGIN/"  bin/libhdf5_test.so.1000.0.0  -lm  bin/libhdf5.so.1000.0.0  -ldl && :
[830/4114] : && /usr/bin/cc -std=c99  -fstdarg-opt -fdiagnostics-urls=never -fno-diagnostics-color -fmessage-length=0 -O2 -g -DNDEBUG  test/CMakeFiles/mdset.dir/mdset.c.o -o bin/mdset  -Wl,-rpath,"\$ORIGIN/../lib:\$ORIGIN/"  bin/libhdf5_test.so.1000.0.0  -lm  bin/libhdf5.so.1000.0.0  -ldl && :
[831/4114] : && /usr/bin/cc -std=c99  -fstdarg-opt -fdiagnostics-urls=never -fno-diagnostics-color -fmessage-length=0 -O2 -g -DNDEBUG  test/CMakeFiles/extend.dir/extend.c.o -o bin/extend  -Wl,-rpath,"\$ORIGIN/../lib:\$ORIGIN/"  bin/libhdf5_test.so.1000.0.0  -lm  bin/libhdf5.so.1000.0.0  -ldl && :
[832/4114] : && /usr/bin/cc -std=c99  -fstdarg-opt -fdiagnostics-urls=never -fno-diagnostics-color -fmessage-length=0 -O2 -g -DNDEBUG  test/CMakeFiles/external.dir/external.c.o -o bin/external  -Wl,-rpath,"\$ORIGIN/../lib:\$ORIGIN/"  bin/libhdf5_test.so.1000.0.0  -lm  bin/libhdf5.so.1000.0.0  -ldl && :
[833/4114] : && /usr/bin/cc -std=c99  -fstdarg-opt -fdiagnostics-urls=never -fno-diagnostics-color -fmessage-length=0 -O2 -g -DNDEBUG  test/CMakeFiles/filter_fail.dir/filter_fail.c.o -o bin/filter_fail  -Wl,-rpath,"\$ORIGIN/../lib:\$ORIGIN/"  bin/libhdf5_test.so.1000.0.0  -lm  bin/libhdf5.so.1000.0.0  -ldl && :
[834/4114] : && /usr/bin/cc -std=c99  -fstdarg-opt -fdiagnostics-urls=never -fno-diagnostics-color -fmessage-length=0 -O2 -g -DNDEBUG  test/CMakeFiles/external_env.dir/external_env.c.o -o bin/external_env  -Wl,-rpath,"\$ORIGIN/../lib:\$ORIGIN/"  bin/libhdf5_test.so.1000.0.0  -lm  bin/libhdf5.so.1000.0.0  -ldl && :
[835/4114] : && /usr/bin/cc -std=c99  -fstdarg-opt -fdiagnostics-urls=never -fno-diagnostics-color -fmessage-length=0 -O2 -g -DNDEBUG  test/CMakeFiles/efc.dir/efc.c.o -o bin/efc  -Wl,-rpath,"\$ORIGIN/../lib:\$ORIGIN/"  bin/libhdf5_test.so.1000.0.0  -lm  bin/libhdf5.so.1000.0.0  -ldl && :
[836/4114] : && /usr/bin/cc -std=c99  -fstdarg-opt -fdiagnostics-urls=never -fno-diagnostics-color -fmessage-length=0 -O2 -g -DNDEBUG  test/CMakeFiles/unlink.dir/unlink.c.o -o bin/unlink  -Wl,-rpath,"\$ORIGIN/../lib:\$ORIGIN/"  bin/libhdf5_test.so.1000.0.0  -lm  bin/libhdf5.so.1000.0.0  -ldl && :
[837/4114] : && /usr/bin/cc -std=c99  -fstdarg-opt -fdiagnostics-urls=never -fno-diagnostics-color -fmessage-length=0 -O2 -g -DNDEBUG  test/CMakeFiles/big.dir/big.c.o -o bin/big  -Wl,-rpath,"\$ORIGIN/../lib:\$ORIGIN/"  bin/libhdf5_test.so.1000.0.0  -lm  bin/libhdf5.so.1000.0.0  -ldl && :
[838/4114] : && /usr/bin/cc -std=c99  -fstdarg-opt -fdiagnostics-urls=never -fno-diagnostics-color -fmessage-length=0 -O2 -g -DNDEBUG  test/CMakeFiles/twriteorder.dir/twriteorder.c.o -o bin/twriteorder  -Wl,-rpath,"\$ORIGIN/../lib:\$ORIGIN/"  bin/libhdf5_test.so.1000.0.0  -lm  bin/libhdf5.so.1000.0.0  -ldl && :
[839/4114] : && /usr/bin/cc -std=c99  -fstdarg-opt -fdiagnostics-urls=never -fno-diagnostics-color -fmessage-length=0 -O2 -g -DNDEBUG  test/CMakeFiles/mtime.dir/mtime.c.o -o bin/mtime  -Wl,-rpath,"\$ORIGIN/../lib:\$ORIGIN/"  bin/libhdf5_test.so.1000.0.0  -lm  bin/libhdf5.so.1000.0.0  -ldl && :
[840/4114] : && /usr/bin/cc -std=c99  -fstdarg-opt -fdiagnostics-urls=never -fno-diagnostics-color -fmessage-length=0 -O2 -g -DNDEBUG  test/CMakeFiles/fillval.dir/fillval.c.o -o bin/fillval  -Wl,-rpath,"\$ORIGIN/../lib:\$ORIGIN/"  bin/libhdf5_test.so.1000.0.0  -lm  bin/libhdf5.so.1000.0.0  -ldl && :
[841/4114] : && /usr/bin/cc -std=c99  -fstdarg-opt -fdiagnostics-urls=never -fno-diagnostics-color -fmessage-length=0 -O2 -g -DNDEBUG  test/CMakeFiles/mount.dir/mount.c.o -o bin/mount  -Wl,-rpath,"\$ORIGIN/../lib:\$ORIGIN/"  bin/libhdf5_test.so.1000.0.0  -lm  bin/libhdf5.so.1000.0.0  -ldl && :
[842/4114] : && /usr/bin/cc -std=c99  -fstdarg-opt -fdiagnostics-urls=never -fno-diagnostics-color -fmessage-length=0 -O2 -g -DNDEBUG  test/CMakeFiles/flush2.dir/flush2.c.o -o bin/flush2  -Wl,-rpath,"\$ORIGIN/../lib:\$ORIGIN/"  bin/libhdf5_test.so.1000.0.0  -lm  bin/libhdf5.so.1000.0.0  -ldl && :
[843/4114] : && /usr/bin/cc -std=c99  -fstdarg-opt -fdiagnostics-urls=never -fno-diagnostics-color -fmessage-length=0 -O2 -g -DNDEBUG  test/CMakeFiles/flush1.dir/flush1.c.o -o bin/flush1  -Wl,-rpath,"\$ORIGIN/../lib:\$ORIGIN/"  bin/libhdf5_test.so.1000.0.0  -lm  bin/libhdf5.so.1000.0.0  -ldl && :
[844/4114] : && /usr/bin/cc -std=c99  -fstdarg-opt -fdiagnostics-urls=never -fno-diagnostics-color -fmessage-length=0 -O2 -g -DNDEBUG  test/CMakeFiles/enum.dir/enum.c.o -o bin/enum  -Wl,-rpath,"\$ORIGIN/../lib:\$ORIGIN/"  bin/libhdf5_test.so.1000.0.0  -lm  bin/libhdf5.so.1000.0.0  -ldl && :
[845/4114] : && /usr/bin/cc -std=c99  -fstdarg-opt -fdiagnostics-urls=never -fno-diagnostics-color -fmessage-length=0 -O2 -g -DNDEBUG  test/CMakeFiles/app_ref.dir/app_ref.c.o -o bin/app_ref  -Wl,-rpath,"\$ORIGIN/../lib:\$ORIGIN/"  bin/libhdf5_test.so.1000.0.0  -lm  bin/libhdf5.so.1000.0.0  -ldl && :
[846/4114] : && /usr/bin/cc -std=c99  -fstdarg-opt -fdiagnostics-urls=never -fno-diagnostics-color -fmessage-length=0 -O2 -g -DNDEBUG  test/CMakeFiles/enc_dec_plist.dir/enc_dec_plist.c.o -o bin/enc_dec_plist  -Wl,-rpath,"\$ORIGIN/../lib:\$ORIGIN/"  bin/libhdf5_test.so.1000.0.0  -lm  bin/libhdf5.so.1000.0.0  -ldl && :
[847/4114] : && /usr/bin/cc -std=c99  -fstdarg-opt -fdiagnostics-urls=never -fno-diagnostics-color -fmessage-length=0 -O2 -g -DNDEBUG  test/CMakeFiles/set_extent.dir/set_extent.c.o -o bin/set_extent  -Wl,-rpath,"\$ORIGIN/../lib:\$ORIGIN/"  bin/libhdf5_test.so.1000.0.0  -lm  bin/libhdf5.so.1000.0.0  -ldl && :
[848/4114] : && /usr/bin/cc -std=c99  -fstdarg-opt -fdiagnostics-urls=never -fno-diagnostics-color -fmessage-length=0 -O2 -g -DNDEBUG  test/CMakeFiles/enc_dec_plist_cross_platform.dir/enc_dec_plist_cross_platform.c.o -o bin/enc_dec_plist_cross_platform  -Wl,-rpath,"\$ORIGIN/../lib:\$ORIGIN/"  bin/libhdf5_test.so.1000.0.0  -lm  bin/libhdf5.so.1000.0.0  -ldl && :
[849/4114] : && /usr/bin/cc -std=c99  -fstdarg-opt -fdiagnostics-urls=never -fno-diagnostics-color -fmessage-length=0 -O2 -g -DNDEBUG  test/CMakeFiles/ros3.dir/ros3.c.o -o bin/ros3  -Wl,-rpath,"\$ORIGIN/../lib:\$ORIGIN/"  bin/libhdf5_test.so.1000.0.0  -lm  bin/libhdf5.so.1000.0.0  -ldl && :
[850/4114] : && /usr/bin/cc -std=c99  -fstdarg-opt -fdiagnostics-urls=never -fno-diagnostics-color -fmessage-length=0 -O2 -g -DNDEBUG  test/CMakeFiles/vfd.dir/vfd.c.o -o bin/vfd  -Wl,-rpath,"\$ORIGIN/../lib:\$ORIGIN/"  bin/libhdf5_test.so.1000.0.0  -lm  bin/libhdf5.so.1000.0.0  -ldl && :
[851/4114] : && /usr/bin/cc -std=c99  -fstdarg-opt -fdiagnostics-urls=never -fno-diagnostics-color -fmessage-length=0 -O2 -g -DNDEBUG  test/CMakeFiles/s3comms.dir/s3comms.c.o -o bin/s3comms  -Wl,-rpath,"\$ORIGIN/../lib:\$ORIGIN/"  bin/libhdf5_test.so.1000.0.0  -lm  bin/libhdf5.so.1000.0.0  -ldl && :
[852/4114] : && /usr/bin/cc -std=c99  -fstdarg-opt -fdiagnostics-urls=never -fno-diagnostics-color -fmessage-length=0 -O2 -g -DNDEBUG  test/CMakeFiles/getname.dir/getname.c.o -o bin/getname  -Wl,-rpath,"\$ORIGIN/../lib:\$ORIGIN/"  bin/libhdf5_test.so.1000.0.0  -lm  bin/libhdf5.so.1000.0.0  -ldl && :
[853/4114] : && /usr/bin/cc -std=c99  -fstdarg-opt -fdiagnostics-urls=never -fno-diagnostics-color -fmessage-length=0 -O2 -g -DNDEBUG  test/CMakeFiles/hdfs.dir/hdfs.c.o -o bin/hdfs  -Wl,-rpath,"\$ORIGIN/../lib:\$ORIGIN/"  bin/libhdf5_test.so.1000.0.0  -lm  bin/libhdf5.so.1000.0.0  -ldl && :
[854/4114] : && /usr/bin/cc -std=c99  -fstdarg-opt -fdiagnostics-urls=never -fno-diagnostics-color -fmessage-length=0 -O2 -g -DNDEBUG  test/CMakeFiles/ntypes.dir/ntypes.c.o -o bin/ntypes  -Wl,-rpath,"\$ORIGIN/../lib:\$ORIGIN/"  bin/libhdf5_test.so.1000.0.0  -lm  bin/libhdf5.so.1000.0.0  -ldl && :
[855/4114] : && /usr/bin/cc -std=c99  -fstdarg-opt -fdiagnostics-urls=never -fno-diagnostics-color -fmessage-length=0 -O2 -g -DNDEBUG  test/CMakeFiles/dangle.dir/dangle.c.o -o bin/dangle  -Wl,-rpath,"\$ORIGIN/../lib:\$ORIGIN/"  bin/libhdf5_test.so.1000.0.0  -lm  bin/libhdf5.so.1000.0.0  -ldl && :
[856/4114] : && /usr/bin/cc -std=c99  -fstdarg-opt -fdiagnostics-urls=never -fno-diagnostics-color -fmessage-length=0 -O2 -g -DNDEBUG  test/CMakeFiles/cross_read.dir/cross_read.c.o -o bin/cross_read  -Wl,-rpath,"\$ORIGIN/../lib:\$ORIGIN/"  bin/libhdf5_test.so.1000.0.0  -lm  bin/libhdf5.so.1000.0.0  -ldl && :
[857/4114] : && /usr/bin/cc -std=c99  -fstdarg-opt -fdiagnostics-urls=never -fno-diagnostics-color -fmessage-length=0 -O2 -g -DNDEBUG  test/CMakeFiles/freespace.dir/freespace.c.o -o bin/freespace  -Wl,-rpath,"\$ORIGIN/../lib:\$ORIGIN/"  bin/libhdf5_test.so.1000.0.0  -lm  bin/libhdf5.so.1000.0.0  -ldl && :
[858/4114] : && /usr/bin/cc -std=c99  -fstdarg-opt -fdiagnostics-urls=never -fno-diagnostics-color -fmessage-length=0 -O2 -g -DNDEBUG  test/CMakeFiles/dtransform.dir/dtransform.c.o -o bin/dtransform  -Wl,-rpath,"\$ORIGIN/../lib:\$ORIGIN/"  bin/libhdf5_test.so.1000.0.0  -lm  bin/libhdf5.so.1000.0.0  -ldl && :
[859/4114] : && /usr/bin/cc -std=c99  -fstdarg-opt -fdiagnostics-urls=never -fno-diagnostics-color -fmessage-length=0 -O2 -g -DNDEBUG  test/CMakeFiles/mf.dir/mf.c.o -o bin/mf  -Wl,-rpath,"\$ORIGIN/../lib:\$ORIGIN/"  bin/libhdf5_test.so.1000.0.0  -lm  bin/libhdf5.so.1000.0.0  -ldl && :
[860/4114] : && /usr/bin/cc -std=c99  -fstdarg-opt -fdiagnostics-urls=never -fno-diagnostics-color -fmessage-length=0 -O2 -g -DNDEBUG  test/CMakeFiles/vds_env.dir/vds_env.c.o -o bin/vds_env  -Wl,-rpath,"\$ORIGIN/../lib:\$ORIGIN/"  bin/libhdf5_test.so.1000.0.0  -lm  bin/libhdf5.so.1000.0.0  -ldl && :
[861/4114] : && /usr/bin/cc -std=c99  -fstdarg-opt -fdiagnostics-urls=never -fno-diagnostics-color -fmessage-length=0 -O2 -g -DNDEBUG  test/CMakeFiles/file_image.dir/file_image.c.o -o bin/file_image  -Wl,-rpath,"\$ORIGIN/../lib:\$ORIGIN/"  bin/libhdf5_test.so.1000.0.0  -lm  bin/libhdf5.so.1000.0.0  -ldl && :
[862/4114] : && /usr/bin/cc -std=c99  -fstdarg-opt -fdiagnostics-urls=never -fno-diagnostics-color -fmessage-length=0 -O2 -g -DNDEBUG  test/CMakeFiles/cache_logging.dir/cache_logging.c.o -o bin/cache_logging  -Wl,-rpath,"\$ORIGIN/../lib:\$ORIGIN/"  bin/libhdf5_test.so.1000.0.0  -lm  bin/libhdf5.so.1000.0.0  -ldl && :
[863/4114] : && /usr/bin/cc -std=c99  -fstdarg-opt -fdiagnostics-urls=never -fno-diagnostics-color -fmessage-length=0 -O2 -g -DNDEBUG  test/CMakeFiles/unregister.dir/unregister.c.o -o bin/unregister  -Wl,-rpath,"\$ORIGIN/../lib:\$ORIGIN/"  bin/libhdf5_test.so.1000.0.0  -lm  bin/libhdf5.so.1000.0.0  -ldl && :
[864/4114] : && /usr/bin/cc -std=c99  -fstdarg-opt -fdiagnostics-urls=never -fno-diagnostics-color -fmessage-length=0 -O2 -g -DNDEBUG  test/CMakeFiles/cork.dir/cork.c.o -o bin/cork  -Wl,-rpath,"\$ORIGIN/../lib:\$ORIGIN/"  bin/libhdf5_test.so.1000.0.0  -lm  bin/libhdf5.so.1000.0.0  -ldl && :
[865/4114] : && /usr/bin/cc -std=c99  -fstdarg-opt -fdiagnostics-urls=never -fno-diagnostics-color -fmessage-length=0 -O2 -g -DNDEBUG  test/CMakeFiles/swmr.dir/swmr.c.o -o bin/swmr  -Wl,-rpath,"\$ORIGIN/../lib:\$ORIGIN/"  bin/libhdf5_test.so.1000.0.0  -lm  bin/libhdf5.so.1000.0.0  -ldl && :
[866/4114] : && /usr/bin/cc -std=c99  -fstdarg-opt -fdiagnostics-urls=never -fno-diagnostics-color -fmessage-length=0 -O2 -g -DNDEBUG  test/CMakeFiles/vol.dir/vol.c.o -o bin/vol  -Wl,-rpath,"\$ORIGIN/../lib:\$ORIGIN/"  bin/libhdf5_test.so.1000.0.0  -lm  bin/libhdf5.so.1000.0.0  -ldl && :
[867/4114] : && /usr/bin/cc -std=c99  -fstdarg-opt -fdiagnostics-urls=never -fno-diagnostics-color -fmessage-length=0 -O2 -g -DNDEBUG  test/CMakeFiles/cmpd_dtransform.dir/cmpd_dtransform.c.o -o bin/cmpd_dtransform  -Wl,-rpath,"\$ORIGIN/../lib:\$ORIGIN/"  bin/libhdf5_test.so.1000.0.0  -lm  bin/libhdf5.so.1000.0.0  -ldl && :
[868/4114] : && /usr/bin/cc -std=c99  -fstdarg-opt -fdiagnostics-urls=never -fno-diagnostics-color -fmessage-length=0 -O2 -g -DNDEBUG  test/CMakeFiles/event_set.dir/event_set.c.o -o bin/event_set  -Wl,-rpath,"\$ORIGIN/../lib:\$ORIGIN/"  bin/libhdf5_test.so.1000.0.0  -lm  bin/libhdf5.so.1000.0.0  -ldl && :
[869/4114] : && /usr/bin/cc -std=c99  -fstdarg-opt -fdiagnostics-urls=never -fno-diagnostics-color -fmessage-length=0 -O2 -g -DNDEBUG  test/CMakeFiles/onion.dir/onion.c.o -o bin/onion  -Wl,-rpath,"\$ORIGIN/../lib:\$ORIGIN/"  bin/libhdf5_test.so.1000.0.0  -lm  bin/libhdf5.so.1000.0.0  -ldl && :
[870/4114] : && /usr/bin/cc -std=c99  -fstdarg-opt -fdiagnostics-urls=never -fno-diagnostics-color -fmessage-length=0 -O2 -g -DNDEBUG  test/CMakeFiles/timer.dir/timer.c.o -o bin/timer  -Wl,-rpath,"\$ORIGIN/../lib:\$ORIGIN/"  bin/libhdf5_test.so.1000.0.0  -lm  bin/libhdf5.so.1000.0.0  -ldl && :
[871/4114] : && /usr/bin/cc -std=c99  -fstdarg-opt -fdiagnostics-urls=never -fno-diagnostics-color -fmessage-length=0 -O2 -g -DNDEBUG  test/CMakeFiles/cache_api.dir/cache_api.c.o -o bin/cache_api  -Wl,-rpath,"\$ORIGIN/../lib:\$ORIGIN/"  bin/libhdf5_test.so.1000.0.0  -lm  bin/libhdf5.so.1000.0.0  -ldl && :
[872/4114] : && /usr/bin/cc -std=c99  -fstdarg-opt -fdiagnostics-urls=never -fno-diagnostics-color -fmessage-length=0 -O2 -g -DNDEBUG  test/CMakeFiles/farray.dir/farray.c.o -o bin/farray  -Wl,-rpath,"\$ORIGIN/../lib:\$ORIGIN/"  bin/libhdf5_test.so.1000.0.0  -lm  bin/libhdf5.so.1000.0.0  -ldl && :
[873/4114] /usr/bin/cc -DH5_BUILT_AS_DYNAMIC_LIB -DH5_HAVE_TEST_API -D_FILE_OFFSET_BITS=64 -D_GNU_SOURCE -D_LARGEFILE_SOURCE -D_POSIX_C_SOURCE=200809L -I/home/byrn/HDF_Projects/hdf5/dev/src -I/home/byrn/HDF_Projects/hdf5/dev/src/H5FDsubfiling -I/home/byrn/HDF_Projects/hdf5/build/ci-StdShar-GNUC/src -I/home/byrn/HDF_Projects/hdf5/build/ci-StdShar-GNUC/test -I/home/byrn/HDF_Projects/hdf5/dev/test -std=c99  -fstdarg-opt -fdiagnostics-urls=never -fno-diagnostics-color -fmessage-length=0 -O2 -g -DNDEBUG -std=gnu99 -fPIE -Wall -Wcast-qual -Wconversion -Wextra -Wfloat-equal -Wformat=2 -Winit-self -Winvalid-pch -Wmissing-include-dirs -Wshadow -Wundef -Wwrite-strings -pedantic -Wno-c++-compat -Wbad-function-cast -Wcast-align -Wformat -Wimplicit-function-declaration -Wint-to-pointer-cast -Wmissing-declarations -Wmissing-prototypes -Wnested-externs -Wold-style-definition -Wpacked -Wpointer-sign -Wpointer-to-int-cast -Wredundant-decls -Wstrict-prototypes -Wswitch -Wunused-but-set-variable -Wunused-variable -Wunused-function -Wunused-parameter -finline-functions -Wno-aggregate-return -Wno-inline -Wno-missing-format-attribute -Wno-missing-noreturn -Wno-overlength-strings -Wlarger-than=2560 -Wlogical-op -Wframe-larger-than=16384 -Wpacked-bitfield-compat -Wsync-nand -Wno-unsuffixed-float-constants -Wdouble-promotion -Wtrampolines -Wstack-usage=8192 -Wmaybe-uninitialized -Wno-jump-misses-init -Wstrict-overflow=2 -Wno-suggest-attribute=const -Wno-suggest-attribute=noreturn -Wno-suggest-attribute=pure -Wno-suggest-attribute=format -Wdate-time -Warray-bounds=2 -Wc99-c11-compat -Wincompatible-pointer-types -Wint-conversion -Wduplicated-cond -Whsa -Wnormalized -Wnull-dereference -Wunused-const-variable -Walloca -Walloc-zero -Wduplicated-branches -Wformat-overflow=2 -Wformat-truncation=1 -Wrestrict -Wattribute-alias -Wshift-overflow=2 -Wcast-function-type -Wcast-align=strict -Wno-suggest-attribute=cold -Wno-suggest-attribute=malloc -Wattribute-alias=2 -Wmissing-profile -Wc11-c2x-compat -MD -MT test/CMakeFiles/earray.dir/earray.c.o -MF test/CMakeFiles/earray.dir/earray.c.o.d -o test/CMakeFiles/earray.dir/earray.c.o -c /home/byrn/HDF_Projects/hdf5/dev/test/earray.c
[874/4114] : && /usr/bin/cc -std=c99  -fstdarg-opt -fdiagnostics-urls=never -fno-diagnostics-color -fmessage-length=0 -O2 -g -DNDEBUG  test/CMakeFiles/earray.dir/earray.c.o -o bin/earray  -Wl,-rpath,"\$ORIGIN/../lib:\$ORIGIN/"  bin/libhdf5_test.so.1000.0.0  -lm  bin/libhdf5.so.1000.0.0  -ldl && :
[875/4114] /usr/bin/cc -DH5_BUILT_AS_DYNAMIC_LIB -DH5_HAVE_TEST_API -D_FILE_OFFSET_BITS=64 -D_GNU_SOURCE -D_LARGEFILE_SOURCE -D_POSIX_C_SOURCE=200809L -I/home/byrn/HDF_Projects/hdf5/dev/src -I/home/byrn/HDF_Projects/hdf5/dev/src/H5FDsubfiling -I/home/byrn/HDF_Projects/hdf5/build/ci-StdShar-GNUC/src -I/home/byrn/HDF_Projects/hdf5/build/ci-StdShar-GNUC/test -I/home/byrn/HDF_Projects/hdf5/dev/test -std=c99  -fstdarg-opt -fdiagnostics-urls=never -fno-diagnostics-color -fmessage-length=0 -O2 -g -DNDEBUG -std=gnu99 -fPIE -Wall -Wcast-qual -Wconversion -Wextra -Wfloat-equal -Wformat=2 -Winit-self -Winvalid-pch -Wmissing-include-dirs -Wshadow -Wundef -Wwrite-strings -pedantic -Wno-c++-compat -Wbad-function-cast -Wcast-align -Wformat -Wimplicit-function-declaration -Wint-to-pointer-cast -Wmissing-declarations -Wmissing-prototypes -Wnested-externs -Wold-style-definition -Wpacked -Wpointer-sign -Wpointer-to-int-cast -Wredundant-decls -Wstrict-prototypes -Wswitch -Wunused-but-set-variable -Wunused-variable -Wunused-function -Wunused-parameter -finline-functions -Wno-aggregate-return -Wno-inline -Wno-missing-format-attribute -Wno-missing-noreturn -Wno-overlength-strings -Wlarger-than=2560 -Wlogical-op -Wframe-larger-than=16384 -Wpacked-bitfield-compat -Wsync-nand -Wno-unsuffixed-float-constants -Wdouble-promotion -Wtrampolines -Wstack-usage=8192 -Wmaybe-uninitialized -Wno-jump-misses-init -Wstrict-overflow=2 -Wno-suggest-attribute=const -Wno-suggest-attribute=noreturn -Wno-suggest-attribute=pure -Wno-suggest-attribute=format -Wdate-time -Warray-bounds=2 -Wc99-c11-compat -Wincompatible-pointer-types -Wint-conversion -Wduplicated-cond -Whsa -Wnormalized -Wnull-dereference -Wunused-const-variable -Walloca -Walloc-zero -Wduplicated-branches -Wformat-overflow=2 -Wformat-truncation=1 -Wrestrict -Wattribute-alias -Wshift-overflow=2 -Wcast-function-type -Wcast-align=strict -Wno-suggest-attribute=cold -Wno-suggest-attribute=malloc -Wattribute-alias=2 -Wmissing-profile -Wc11-c2x-compat -MD -MT test/CMakeFiles/objcopy_ref.dir/objcopy_ref.c.o -MF test/CMakeFiles/objcopy_ref.dir/objcopy_ref.c.o.d -o test/CMakeFiles/objcopy_ref.dir/objcopy_ref.c.o -c /home/byrn/HDF_Projects/hdf5/dev/test/objcopy_ref.c
[876/4114] : && /usr/bin/cc -std=c99  -fstdarg-opt -fdiagnostics-urls=never -fno-diagnostics-color -fmessage-length=0 -O2 -g -DNDEBUG  test/CMakeFiles/objcopy_ref.dir/objcopy_ref.c.o -o bin/objcopy_ref  -Wl,-rpath,"\$ORIGIN/../lib:\$ORIGIN/"  bin/libhdf5_test.so.1000.0.0  -lm  bin/libhdf5.so.1000.0.0  -ldl && :
[877/4114] /usr/bin/cc -DH5_BUILT_AS_DYNAMIC_LIB -DH5_HAVE_TEST_API -D_FILE_OFFSET_BITS=64 -D_GNU_SOURCE -D_LARGEFILE_SOURCE -D_POSIX_C_SOURCE=200809L -I/home/byrn/HDF_Projects/hdf5/dev/src -I/home/byrn/HDF_Projects/hdf5/dev/src/H5FDsubfiling -I/home/byrn/HDF_Projects/hdf5/build/ci-StdShar-GNUC/src -I/home/byrn/HDF_Projects/hdf5/build/ci-StdShar-GNUC/test -I/home/byrn/HDF_Projects/hdf5/dev/test -I/home/byrn/HDF_Projects/hdf5/build/ci-StdShar-GNUC/_deps/hdf5_zlib-build -I/home/byrn/HDF_Projects/hdf5/build/ci-StdShar-GNUC/_deps/hdf5_zlib-src -I/home/byrn/HDF_Projects/hdf5/build/ci-StdShar-GNUC/_deps/szip-build -I/home/byrn/HDF_Projects/hdf5/build/ci-StdShar-GNUC/_deps/szip-src -std=c99  -fstdarg-opt -fdiagnostics-urls=never -fno-diagnostics-color -fmessage-length=0 -O2 -g -DNDEBUG -std=gnu99 -fPIE -Wall -Wcast-qual -Wconversion -Wextra -Wfloat-equal -Wformat=2 -Winit-self -Winvalid-pch -Wmissing-include-dirs -Wshadow -Wundef -Wwrite-strings -pedantic -Wno-c++-compat -Wbad-function-cast -Wcast-align -Wformat -Wimplicit-function-declaration -Wint-to-pointer-cast -Wmissing-declarations -Wmissing-prototypes -Wnested-externs -Wold-style-definition -Wpacked -Wpointer-sign -Wpointer-to-int-cast -Wredundant-decls -Wstrict-prototypes -Wswitch -Wunused-but-set-variable -Wunused-variable -Wunused-function -Wunused-parameter -finline-functions -Wno-aggregate-return -Wno-inline -Wno-missing-format-attribute -Wno-missing-noreturn -Wno-overlength-strings -Wlarger-than=2560 -Wlogical-op -Wframe-larger-than=16384 -Wpacked-bitfield-compat -Wsync-nand -Wno-unsuffixed-float-constants -Wdouble-promotion -Wtrampolines -Wstack-usage=8192 -Wmaybe-uninitialized -Wno-jump-misses-init -Wstrict-overflow=2 -Wno-suggest-attribute=const -Wno-suggest-attribute=noreturn -Wno-suggest-attribute=pure -Wno-suggest-attribute=format -Wdate-time -Warray-bounds=2 -Wc99-c11-compat -Wincompatible-pointer-types -Wint-conversion -Wduplicated-cond -Whsa -Wnormalized -Wnull-dereference -Wunused-const-variable -Walloca -Walloc-zero -Wduplicated-branches -Wformat-overflow=2 -Wformat-truncation=1 -Wrestrict -Wattribute-alias -Wshift-overflow=2 -Wcast-function-type -Wcast-align=strict -Wno-suggest-attribute=cold -Wno-suggest-attribute=malloc -Wattribute-alias=2 -Wmissing-profile -Wc11-c2x-compat -MD -MT test/CMakeFiles/direct_chunk.dir/direct_chunk.c.o -MF test/CMakeFiles/direct_chunk.dir/direct_chunk.c.o.d -o test/CMakeFiles/direct_chunk.dir/direct_chunk.c.o -c /home/byrn/HDF_Projects/hdf5/dev/test/direct_chunk.c
[878/4114] : && /usr/bin/cc -std=c99  -fstdarg-opt -fdiagnostics-urls=never -fno-diagnostics-color -fmessage-length=0 -O2 -g -DNDEBUG  test/CMakeFiles/direct_chunk.dir/direct_chunk.c.o -o bin/direct_chunk  -Wl,-rpath,"\$ORIGIN/../lib:\$ORIGIN/"  bin/libhdf5_test.so.1000.0.0  bin/libzlib.a  bin/libszaec.a  bin/libaec.a  bin/libhdf5.so.1000.0.0  -lm  -ldl && :
[879/4114] /usr/bin/cc -DH5_BUILT_AS_DYNAMIC_LIB -DH5_HAVE_TEST_API -D_FILE_OFFSET_BITS=64 -D_GNU_SOURCE -D_LARGEFILE_SOURCE -D_POSIX_C_SOURCE=200809L -I/home/byrn/HDF_Projects/hdf5/dev/src -I/home/byrn/HDF_Projects/hdf5/dev/src/H5FDsubfiling -I/home/byrn/HDF_Projects/hdf5/build/ci-StdShar-GNUC/src -I/home/byrn/HDF_Projects/hdf5/build/ci-StdShar-GNUC/test -I/home/byrn/HDF_Projects/hdf5/dev/test -I/home/byrn/HDF_Projects/hdf5/build/ci-StdShar-GNUC/_deps/hdf5_zlib-build -I/home/byrn/HDF_Projects/hdf5/build/ci-StdShar-GNUC/_deps/hdf5_zlib-src -I/home/byrn/HDF_Projects/hdf5/build/ci-StdShar-GNUC/_deps/szip-build -I/home/byrn/HDF_Projects/hdf5/build/ci-StdShar-GNUC/_deps/szip-src -std=c99  -fstdarg-opt -fdiagnostics-urls=never -fno-diagnostics-color -fmessage-length=0 -O2 -g -DNDEBUG -std=gnu99 -fPIE -Wall -Wcast-qual -Wconversion -Wextra -Wfloat-equal -Wformat=2 -Winit-self -Winvalid-pch -Wmissing-include-dirs -Wshadow -Wundef -Wwrite-strings -pedantic -Wno-c++-compat -Wbad-function-cast -Wcast-align -Wformat -Wimplicit-function-declaration -Wint-to-pointer-cast -Wmissing-declarations -Wmissing-prototypes -Wnested-externs -Wold-style-definition -Wpacked -Wpointer-sign -Wpointer-to-int-cast -Wredundant-decls -Wstrict-prototypes -Wswitch -Wunused-but-set-variable -Wunused-variable -Wunused-function -Wunused-parameter -finline-functions -Wno-aggregate-return -Wno-inline -Wno-missing-format-attribute -Wno-missing-noreturn -Wno-overlength-strings -Wlarger-than=2560 -Wlogical-op -Wframe-larger-than=16384 -Wpacked-bitfield-compat -Wsync-nand -Wno-unsuffixed-float-constants -Wdouble-promotion -Wtrampolines -Wstack-usage=8192 -Wmaybe-uninitialized -Wno-jump-misses-init -Wstrict-overflow=2 -Wno-suggest-attribute=const -Wno-suggest-attribute=noreturn -Wno-suggest-attribute=pure -Wno-suggest-attribute=format -Wdate-time -Warray-bounds=2 -Wc99-c11-compat -Wincompatible-pointer-types -Wint-conversion -Wduplicated-cond -Whsa -Wnormalized -Wnull-dereference -Wunused-const-variable -Walloca -Walloc-zero -Wduplicated-branches -Wformat-overflow=2 -Wformat-truncation=1 -Wrestrict -Wattribute-alias -Wshift-overflow=2 -Wcast-function-type -Wcast-align=strict -Wno-suggest-attribute=cold -Wno-suggest-attribute=malloc -Wattribute-alias=2 -Wmissing-profile -Wc11-c2x-compat -MD -MT test/CMakeFiles/chunk_info.dir/chunk_info.c.o -MF test/CMakeFiles/chunk_info.dir/chunk_info.c.o.d -o test/CMakeFiles/chunk_info.dir/chunk_info.c.o -c /home/byrn/HDF_Projects/hdf5/dev/test/chunk_info.c
[880/4114] /usr/bin/cc -DH5_BUILT_AS_DYNAMIC_LIB -DH5_HAVE_TEST_API -D_FILE_OFFSET_BITS=64 -D_GNU_SOURCE -D_LARGEFILE_SOURCE -D_POSIX_C_SOURCE=200809L -I/home/byrn/HDF_Projects/hdf5/dev/src -I/home/byrn/HDF_Projects/hdf5/dev/src/H5FDsubfiling -I/home/byrn/HDF_Projects/hdf5/build/ci-StdShar-GNUC/src -I/home/byrn/HDF_Projects/hdf5/build/ci-StdShar-GNUC/test -I/home/byrn/HDF_Projects/hdf5/dev/test -std=c99  -fstdarg-opt -fdiagnostics-urls=never -fno-diagnostics-color -fmessage-length=0 -O2 -g -DNDEBUG -std=gnu99 -fPIE -Wall -Wcast-qual -Wconversion -Wextra -Wfloat-equal -Wformat=2 -Winit-self -Winvalid-pch -Wmissing-include-dirs -Wshadow -Wundef -Wwrite-strings -pedantic -Wno-c++-compat -Wbad-function-cast -Wcast-align -Wformat -Wimplicit-function-declaration -Wint-to-pointer-cast -Wmissing-declarations -Wmissing-prototypes -Wnested-externs -Wold-style-definition -Wpacked -Wpointer-sign -Wpointer-to-int-cast -Wredundant-decls -Wstrict-prototypes -Wswitch -Wunused-but-set-variable -Wunused-variable -Wunused-function -Wunused-parameter -finline-functions -Wno-aggregate-return -Wno-inline -Wno-missing-format-attribute -Wno-missing-noreturn -Wno-overlength-strings -Wlarger-than=2560 -Wlogical-op -Wframe-larger-than=16384 -Wpacked-bitfield-compat -Wsync-nand -Wno-unsuffixed-float-constants -Wdouble-promotion -Wtrampolines -Wstack-usage=8192 -Wmaybe-uninitialized -Wno-jump-misses-init -Wstrict-overflow=2 -Wno-suggest-attribute=const -Wno-suggest-attribute=noreturn -Wno-suggest-attribute=pure -Wno-suggest-attribute=format -Wdate-time -Warray-bounds=2 -Wc99-c11-compat -Wincompatible-pointer-types -Wint-conversion -Wduplicated-cond -Whsa -Wnormalized -Wnull-dereference -Wunused-const-variable -Walloca -Walloc-zero -Wduplicated-branches -Wformat-overflow=2 -Wformat-truncation=1 -Wrestrict -Wattribute-alias -Wshift-overflow=2 -Wcast-function-type -Wcast-align=strict -Wno-suggest-attribute=cold -Wno-suggest-attribute=malloc -Wattribute-alias=2 -Wmissing-profile -Wc11-c2x-compat -MD -MT test/CMakeFiles/btree2.dir/btree2.c.o -MF test/CMakeFiles/btree2.dir/btree2.c.o.d -o test/CMakeFiles/btree2.dir/btree2.c.o -c /home/byrn/HDF_Projects/hdf5/dev/test/btree2.c
[881/4114] /usr/bin/cc -DH5_BUILT_AS_DYNAMIC_LIB -DH5_HAVE_TEST_API -D_FILE_OFFSET_BITS=64 -D_GNU_SOURCE -D_LARGEFILE_SOURCE -D_POSIX_C_SOURCE=200809L -I/home/byrn/HDF_Projects/hdf5/dev/src -I/home/byrn/HDF_Projects/hdf5/dev/src/H5FDsubfiling -I/home/byrn/HDF_Projects/hdf5/build/ci-StdShar-GNUC/src -I/home/byrn/HDF_Projects/hdf5/build/ci-StdShar-GNUC/test -I/home/byrn/HDF_Projects/hdf5/dev/test -std=c99  -fstdarg-opt -fdiagnostics-urls=never -fno-diagnostics-color -fmessage-length=0 -O2 -g -DNDEBUG -std=gnu99 -fPIE -Wall -Wcast-qual -Wconversion -Wextra -Wfloat-equal -Wformat=2 -Winit-self -Winvalid-pch -Wmissing-include-dirs -Wshadow -Wundef -Wwrite-strings -pedantic -Wno-c++-compat -Wbad-function-cast -Wcast-align -Wformat -Wimplicit-function-declaration -Wint-to-pointer-cast -Wmissing-declarations -Wmissing-prototypes -Wnested-externs -Wold-style-definition -Wpacked -Wpointer-sign -Wpointer-to-int-cast -Wredundant-decls -Wstrict-prototypes -Wswitch -Wunused-but-set-variable -Wunused-variable -Wunused-function -Wunused-parameter -finline-functions -Wno-aggregate-return -Wno-inline -Wno-missing-format-attribute -Wno-missing-noreturn -Wno-overlength-strings -Wlarger-than=2560 -Wlogical-op -Wframe-larger-than=16384 -Wpacked-bitfield-compat -Wsync-nand -Wno-unsuffixed-float-constants -Wdouble-promotion -Wtrampolines -Wstack-usage=8192 -Wmaybe-uninitialized -Wno-jump-misses-init -Wstrict-overflow=2 -Wno-suggest-attribute=const -Wno-suggest-attribute=noreturn -Wno-suggest-attribute=pure -Wno-suggest-attribute=format -Wdate-time -Warray-bounds=2 -Wc99-c11-compat -Wincompatible-pointer-types -Wint-conversion -Wduplicated-cond -Whsa -Wnormalized -Wnull-dereference -Wunused-const-variable -Walloca -Walloc-zero -Wduplicated-branches -Wformat-overflow=2 -Wformat-truncation=1 -Wrestrict -Wattribute-alias -Wshift-overflow=2 -Wcast-function-type -Wcast-align=strict -Wno-suggest-attribute=cold -Wno-suggest-attribute=malloc -Wattribute-alias=2 -Wmissing-profile -Wc11-c2x-compat -MD -MT test/CMakeFiles/testhdf5.dir/testhdf5.c.o -MF test/CMakeFiles/testhdf5.dir/testhdf5.c.o.d -o test/CMakeFiles/testhdf5.dir/testhdf5.c.o -c /home/byrn/HDF_Projects/hdf5/dev/test/testhdf5.c
[882/4114] : && /usr/bin/cc -std=c99  -fstdarg-opt -fdiagnostics-urls=never -fno-diagnostics-color -fmessage-length=0 -O2 -g -DNDEBUG  test/CMakeFiles/chunk_info.dir/chunk_info.c.o -o bin/chunk_info  -Wl,-rpath,"\$ORIGIN/../lib:\$ORIGIN/"  bin/libhdf5_test.so.1000.0.0  bin/libzlib.a  bin/libszaec.a  bin/libaec.a  bin/libhdf5.so.1000.0.0  -lm  -ldl && :
[883/4114] /usr/bin/cc -DH5_BUILT_AS_DYNAMIC_LIB -DH5_HAVE_TEST_API -D_FILE_OFFSET_BITS=64 -D_GNU_SOURCE -D_LARGEFILE_SOURCE -D_POSIX_C_SOURCE=200809L -I/home/byrn/HDF_Projects/hdf5/dev/src -I/home/byrn/HDF_Projects/hdf5/dev/src/H5FDsubfiling -I/home/byrn/HDF_Projects/hdf5/build/ci-StdShar-GNUC/src -I/home/byrn/HDF_Projects/hdf5/build/ci-StdShar-GNUC/test -I/home/byrn/HDF_Projects/hdf5/dev/test -std=c99  -fstdarg-opt -fdiagnostics-urls=never -fno-diagnostics-color -fmessage-length=0 -O2 -g -DNDEBUG -std=gnu99 -fPIE -Wall -Wcast-qual -Wconversion -Wextra -Wfloat-equal -Wformat=2 -Winit-self -Winvalid-pch -Wmissing-include-dirs -Wshadow -Wundef -Wwrite-strings -pedantic -Wno-c++-compat -Wbad-function-cast -Wcast-align -Wformat -Wimplicit-function-declaration -Wint-to-pointer-cast -Wmissing-declarations -Wmissing-prototypes -Wnested-externs -Wold-style-definition -Wpacked -Wpointer-sign -Wpointer-to-int-cast -Wredundant-decls -Wstrict-prototypes -Wswitch -Wunused-but-set-variable -Wunused-variable -Wunused-function -Wunused-parameter -finline-functions -Wno-aggregate-return -Wno-inline -Wno-missing-format-attribute -Wno-missing-noreturn -Wno-overlength-strings -Wlarger-than=2560 -Wlogical-op -Wframe-larger-than=16384 -Wpacked-bitfield-compat -Wsync-nand -Wno-unsuffixed-float-constants -Wdouble-promotion -Wtrampolines -Wstack-usage=8192 -Wmaybe-uninitialized -Wno-jump-misses-init -Wstrict-overflow=2 -Wno-suggest-attribute=const -Wno-suggest-attribute=noreturn -Wno-suggest-attribute=pure -Wno-suggest-attribute=format -Wdate-time -Warray-bounds=2 -Wc99-c11-compat -Wincompatible-pointer-types -Wint-conversion -Wduplicated-cond -Whsa -Wnormalized -Wnull-dereference -Wunused-const-variable -Walloca -Walloc-zero -Wduplicated-branches -Wformat-overflow=2 -Wformat-truncation=1 -Wrestrict -Wattribute-alias -Wshift-overflow=2 -Wcast-function-type -Wcast-align=strict -Wno-suggest-attribute=cold -Wno-suggest-attribute=malloc -Wattribute-alias=2 -Wmissing-profile -Wc11-c2x-compat -MD -MT test/CMakeFiles/cache.dir/cache.c.o -MF test/CMakeFiles/cache.dir/cache.c.o.d -o test/CMakeFiles/cache.dir/cache.c.o -c /home/byrn/HDF_Projects/hdf5/dev/test/cache.c
[884/4114] : && /usr/bin/cc -std=c99  -fstdarg-opt -fdiagnostics-urls=never -fno-diagnostics-color -fmessage-length=0 -O2 -g -DNDEBUG  test/CMakeFiles/btree2.dir/btree2.c.o -o bin/btree2  -Wl,-rpath,"\$ORIGIN/../lib:\$ORIGIN/"  bin/libhdf5_test.so.1000.0.0  -lm  bin/libhdf5.so.1000.0.0  -ldl && :
[885/4114] : && /usr/bin/cc -std=c99  -fstdarg-opt -fdiagnostics-urls=never -fno-diagnostics-color -fmessage-length=0 -O2 -g -DNDEBUG  test/CMakeFiles/cache.dir/cache.c.o -o bin/cache  -Wl,-rpath,"\$ORIGIN/../lib:\$ORIGIN/"  bin/libhdf5_test.so.1000.0.0  -lm  bin/libhdf5.so.1000.0.0  -ldl && :
[886/4114] /usr/bin/cc -DH5_BUILT_AS_DYNAMIC_LIB -DH5_HAVE_TEST_API -D_FILE_OFFSET_BITS=64 -D_GNU_SOURCE -D_LARGEFILE_SOURCE -D_POSIX_C_SOURCE=200809L -I/home/byrn/HDF_Projects/hdf5/dev/src -I/home/byrn/HDF_Projects/hdf5/dev/src/H5FDsubfiling -I/home/byrn/HDF_Projects/hdf5/build/ci-StdShar-GNUC/src -I/home/byrn/HDF_Projects/hdf5/build/ci-StdShar-GNUC/test -I/home/byrn/HDF_Projects/hdf5/dev/test -std=c99  -fstdarg-opt -fdiagnostics-urls=never -fno-diagnostics-color -fmessage-length=0 -O2 -g -DNDEBUG -std=gnu99 -fPIE -Wall -Wcast-qual -Wconversion -Wextra -Wfloat-equal -Wformat=2 -Winit-self -Winvalid-pch -Wmissing-include-dirs -Wshadow -Wundef -Wwrite-strings -pedantic -Wno-c++-compat -Wbad-function-cast -Wcast-align -Wformat -Wimplicit-function-declaration -Wint-to-pointer-cast -Wmissing-declarations -Wmissing-prototypes -Wnested-externs -Wold-style-definition -Wpacked -Wpointer-sign -Wpointer-to-int-cast -Wredundant-decls -Wstrict-prototypes -Wswitch -Wunused-but-set-variable -Wunused-variable -Wunused-function -Wunused-parameter -finline-functions -Wno-aggregate-return -Wno-inline -Wno-missing-format-attribute -Wno-missing-noreturn -Wno-overlength-strings -Wlarger-than=2560 -Wlogical-op -Wframe-larger-than=16384 -Wpacked-bitfield-compat -Wsync-nand -Wno-unsuffixed-float-constants -Wdouble-promotion -Wtrampolines -Wstack-usage=8192 -Wmaybe-uninitialized -Wno-jump-misses-init -Wstrict-overflow=2 -Wno-suggest-attribute=const -Wno-suggest-attribute=noreturn -Wno-suggest-attribute=pure -Wno-suggest-attribute=format -Wdate-time -Warray-bounds=2 -Wc99-c11-compat -Wincompatible-pointer-types -Wint-conversion -Wduplicated-cond -Whsa -Wnormalized -Wnull-dereference -Wunused-const-variable -Walloca -Walloc-zero -Wduplicated-branches -Wformat-overflow=2 -Wformat-truncation=1 -Wrestrict -Wattribute-alias -Wshift-overflow=2 -Wcast-function-type -Wcast-align=strict -Wno-suggest-attribute=cold -Wno-suggest-attribute=malloc -Wattribute-alias=2 -Wmissing-profile -Wc11-c2x-compat -MD -MT test/CMakeFiles/testhdf5.dir/tconfig.c.o -MF test/CMakeFiles/testhdf5.dir/tconfig.c.o.d -o test/CMakeFiles/testhdf5.dir/tconfig.c.o -c /home/byrn/HDF_Projects/hdf5/dev/test/tconfig.c
[887/4114] /usr/bin/cc -DH5_BUILT_AS_DYNAMIC_LIB -DH5_HAVE_TEST_API -D_FILE_OFFSET_BITS=64 -D_GNU_SOURCE -D_LARGEFILE_SOURCE -D_POSIX_C_SOURCE=200809L -I/home/byrn/HDF_Projects/hdf5/dev/src -I/home/byrn/HDF_Projects/hdf5/dev/src/H5FDsubfiling -I/home/byrn/HDF_Projects/hdf5/build/ci-StdShar-GNUC/src -I/home/byrn/HDF_Projects/hdf5/build/ci-StdShar-GNUC/test -I/home/byrn/HDF_Projects/hdf5/dev/test -std=c99  -fstdarg-opt -fdiagnostics-urls=never -fno-diagnostics-color -fmessage-length=0 -O2 -g -DNDEBUG -std=gnu99 -fPIE -Wall -Wcast-qual -Wconversion -Wextra -Wfloat-equal -Wformat=2 -Winit-self -Winvalid-pch -Wmissing-include-dirs -Wshadow -Wundef -Wwrite-strings -pedantic -Wno-c++-compat -Wbad-function-cast -Wcast-align -Wformat -Wimplicit-function-declaration -Wint-to-pointer-cast -Wmissing-declarations -Wmissing-prototypes -Wnested-externs -Wold-style-definition -Wpacked -Wpointer-sign -Wpointer-to-int-cast -Wredundant-decls -Wstrict-prototypes -Wswitch -Wunused-but-set-variable -Wunused-variable -Wunused-function -Wunused-parameter -finline-functions -Wno-aggregate-return -Wno-inline -Wno-missing-format-attribute -Wno-missing-noreturn -Wno-overlength-strings -Wlarger-than=2560 -Wlogical-op -Wframe-larger-than=16384 -Wpacked-bitfield-compat -Wsync-nand -Wno-unsuffixed-float-constants -Wdouble-promotion -Wtrampolines -Wstack-usage=8192 -Wmaybe-uninitialized -Wno-jump-misses-init -Wstrict-overflow=2 -Wno-suggest-attribute=const -Wno-suggest-attribute=noreturn -Wno-suggest-attribute=pure -Wno-suggest-attribute=format -Wdate-time -Warray-bounds=2 -Wc99-c11-compat -Wincompatible-pointer-types -Wint-conversion -Wduplicated-cond -Whsa -Wnormalized -Wnull-dereference -Wunused-const-variable -Walloca -Walloc-zero -Wduplicated-branches -Wformat-overflow=2 -Wformat-truncation=1 -Wrestrict -Wattribute-alias -Wshift-overflow=2 -Wcast-function-type -Wcast-align=strict -Wno-suggest-attribute=cold -Wno-suggest-attribute=malloc -Wattribute-alias=2 -Wmissing-profile -Wc11-c2x-compat -MD -MT test/CMakeFiles/testhdf5.dir/tchecksum.c.o -MF test/CMakeFiles/testhdf5.dir/tchecksum.c.o.d -o test/CMakeFiles/testhdf5.dir/tchecksum.c.o -c /home/byrn/HDF_Projects/hdf5/dev/test/tchecksum.c
[888/4114] /usr/bin/cc -DH5_BUILT_AS_DYNAMIC_LIB -DH5_HAVE_TEST_API -D_FILE_OFFSET_BITS=64 -D_GNU_SOURCE -D_LARGEFILE_SOURCE -D_POSIX_C_SOURCE=200809L -I/home/byrn/HDF_Projects/hdf5/dev/src -I/home/byrn/HDF_Projects/hdf5/dev/src/H5FDsubfiling -I/home/byrn/HDF_Projects/hdf5/build/ci-StdShar-GNUC/src -I/home/byrn/HDF_Projects/hdf5/build/ci-StdShar-GNUC/test -I/home/byrn/HDF_Projects/hdf5/dev/test -std=c99  -fstdarg-opt -fdiagnostics-urls=never -fno-diagnostics-color -fmessage-length=0 -O2 -g -DNDEBUG -std=gnu99 -fPIE -Wall -Wcast-qual -Wconversion -Wextra -Wfloat-equal -Wformat=2 -Winit-self -Winvalid-pch -Wmissing-include-dirs -Wshadow -Wundef -Wwrite-strings -pedantic -Wno-c++-compat -Wbad-function-cast -Wcast-align -Wformat -Wimplicit-function-declaration -Wint-to-pointer-cast -Wmissing-declarations -Wmissing-prototypes -Wnested-externs -Wold-style-definition -Wpacked -Wpointer-sign -Wpointer-to-int-cast -Wredundant-decls -Wstrict-prototypes -Wswitch -Wunused-but-set-variable -Wunused-variable -Wunused-function -Wunused-parameter -finline-functions -Wno-aggregate-return -Wno-inline -Wno-missing-format-attribute -Wno-missing-noreturn -Wno-overlength-strings -Wlarger-than=2560 -Wlogical-op -Wframe-larger-than=16384 -Wpacked-bitfield-compat -Wsync-nand -Wno-unsuffixed-float-constants -Wdouble-promotion -Wtrampolines -Wstack-usage=8192 -Wmaybe-uninitialized -Wno-jump-misses-init -Wstrict-overflow=2 -Wno-suggest-attribute=const -Wno-suggest-attribute=noreturn -Wno-suggest-attribute=pure -Wno-suggest-attribute=format -Wdate-time -Warray-bounds=2 -Wc99-c11-compat -Wincompatible-pointer-types -Wint-conversion -Wduplicated-cond -Whsa -Wnormalized -Wnull-dereference -Wunused-const-variable -Walloca -Walloc-zero -Wduplicated-branches -Wformat-overflow=2 -Wformat-truncation=1 -Wrestrict -Wattribute-alias -Wshift-overflow=2 -Wcast-function-type -Wcast-align=strict -Wno-suggest-attribute=cold -Wno-suggest-attribute=malloc -Wattribute-alias=2 -Wmissing-profile -Wc11-c2x-compat -MD -MT test/CMakeFiles/testhdf5.dir/th5_system.c.o -MF test/CMakeFiles/testhdf5.dir/th5_system.c.o.d -o test/CMakeFiles/testhdf5.dir/th5_system.c.o -c /home/byrn/HDF_Projects/hdf5/dev/test/th5_system.c
[889/4114] /usr/bin/cc -DH5_BUILT_AS_DYNAMIC_LIB -DH5_HAVE_TEST_API -D_FILE_OFFSET_BITS=64 -D_GNU_SOURCE -D_LARGEFILE_SOURCE -D_POSIX_C_SOURCE=200809L -I/home/byrn/HDF_Projects/hdf5/dev/src -I/home/byrn/HDF_Projects/hdf5/dev/src/H5FDsubfiling -I/home/byrn/HDF_Projects/hdf5/build/ci-StdShar-GNUC/src -I/home/byrn/HDF_Projects/hdf5/build/ci-StdShar-GNUC/test -I/home/byrn/HDF_Projects/hdf5/dev/test -std=c99  -fstdarg-opt -fdiagnostics-urls=never -fno-diagnostics-color -fmessage-length=0 -O2 -g -DNDEBUG -std=gnu99 -fPIE -Wall -Wcast-qual -Wconversion -Wextra -Wfloat-equal -Wformat=2 -Winit-self -Winvalid-pch -Wmissing-include-dirs -Wshadow -Wundef -Wwrite-strings -pedantic -Wno-c++-compat -Wbad-function-cast -Wcast-align -Wformat -Wimplicit-function-declaration -Wint-to-pointer-cast -Wmissing-declarations -Wmissing-prototypes -Wnested-externs -Wold-style-definition -Wpacked -Wpointer-sign -Wpointer-to-int-cast -Wredundant-decls -Wstrict-prototypes -Wswitch -Wunused-but-set-variable -Wunused-variable -Wunused-function -Wunused-parameter -finline-functions -Wno-aggregate-return -Wno-inline -Wno-missing-format-attribute -Wno-missing-noreturn -Wno-overlength-strings -Wlarger-than=2560 -Wlogical-op -Wframe-larger-than=16384 -Wpacked-bitfield-compat -Wsync-nand -Wno-unsuffixed-float-constants -Wdouble-promotion -Wtrampolines -Wstack-usage=8192 -Wmaybe-uninitialized -Wno-jump-misses-init -Wstrict-overflow=2 -Wno-suggest-attribute=const -Wno-suggest-attribute=noreturn -Wno-suggest-attribute=pure -Wno-suggest-attribute=format -Wdate-time -Warray-bounds=2 -Wc99-c11-compat -Wincompatible-pointer-types -Wint-conversion -Wduplicated-cond -Whsa -Wnormalized -Wnull-dereference -Wunused-const-variable -Walloca -Walloc-zero -Wduplicated-branches -Wformat-overflow=2 -Wformat-truncation=1 -Wrestrict -Wattribute-alias -Wshift-overflow=2 -Wcast-function-type -Wcast-align=strict -Wno-suggest-attribute=cold -Wno-suggest-attribute=malloc -Wattribute-alias=2 -Wmissing-profile -Wc11-c2x-compat -MD -MT test/CMakeFiles/testhdf5.dir/tcoords.c.o -MF test/CMakeFiles/testhdf5.dir/tcoords.c.o.d -o test/CMakeFiles/testhdf5.dir/tcoords.c.o -c /home/byrn/HDF_Projects/hdf5/dev/test/tcoords.c
[890/4114] /usr/bin/cc -DH5_BUILT_AS_DYNAMIC_LIB -DH5_HAVE_TEST_API -D_FILE_OFFSET_BITS=64 -D_GNU_SOURCE -D_LARGEFILE_SOURCE -D_POSIX_C_SOURCE=200809L -I/home/byrn/HDF_Projects/hdf5/dev/src -I/home/byrn/HDF_Projects/hdf5/dev/src/H5FDsubfiling -I/home/byrn/HDF_Projects/hdf5/build/ci-StdShar-GNUC/src -I/home/byrn/HDF_Projects/hdf5/build/ci-StdShar-GNUC/test -I/home/byrn/HDF_Projects/hdf5/dev/test -std=c99  -fstdarg-opt -fdiagnostics-urls=never -fno-diagnostics-color -fmessage-length=0 -O2 -g -DNDEBUG -std=gnu99 -fPIE -Wall -Wcast-qual -Wconversion -Wextra -Wfloat-equal -Wformat=2 -Winit-self -Winvalid-pch -Wmissing-include-dirs -Wshadow -Wundef -Wwrite-strings -pedantic -Wno-c++-compat -Wbad-function-cast -Wcast-align -Wformat -Wimplicit-function-declaration -Wint-to-pointer-cast -Wmissing-declarations -Wmissing-prototypes -Wnested-externs -Wold-style-definition -Wpacked -Wpointer-sign -Wpointer-to-int-cast -Wredundant-decls -Wstrict-prototypes -Wswitch -Wunused-but-set-variable -Wunused-variable -Wunused-function -Wunused-parameter -finline-functions -Wno-aggregate-return -Wno-inline -Wno-missing-format-attribute -Wno-missing-noreturn -Wno-overlength-strings -Wlarger-than=2560 -Wlogical-op -Wframe-larger-than=16384 -Wpacked-bitfield-compat -Wsync-nand -Wno-unsuffixed-float-constants -Wdouble-promotion -Wtrampolines -Wstack-usage=8192 -Wmaybe-uninitialized -Wno-jump-misses-init -Wstrict-overflow=2 -Wno-suggest-attribute=const -Wno-suggest-attribute=noreturn -Wno-suggest-attribute=pure -Wno-suggest-attribute=format -Wdate-time -Warray-bounds=2 -Wc99-c11-compat -Wincompatible-pointer-types -Wint-conversion -Wduplicated-cond -Whsa -Wnormalized -Wnull-dereference -Wunused-const-variable -Walloca -Walloc-zero -Wduplicated-branches -Wformat-overflow=2 -Wformat-truncation=1 -Wrestrict -Wattribute-alias -Wshift-overflow=2 -Wcast-function-type -Wcast-align=strict -Wno-suggest-attribute=cold -Wno-suggest-attribute=malloc -Wattribute-alias=2 -Wmissing-profile -Wc11-c2x-compat -MD -MT test/CMakeFiles/testhdf5.dir/tarray.c.o -MF test/CMakeFiles/testhdf5.dir/tarray.c.o.d -o test/CMakeFiles/testhdf5.dir/tarray.c.o -c /home/byrn/HDF_Projects/hdf5/dev/test/tarray.c
[891/4114] /usr/bin/cc -DH5_BUILT_AS_DYNAMIC_LIB -DH5_HAVE_TEST_API -D_FILE_OFFSET_BITS=64 -D_GNU_SOURCE -D_LARGEFILE_SOURCE -D_POSIX_C_SOURCE=200809L -I/home/byrn/HDF_Projects/hdf5/dev/src -I/home/byrn/HDF_Projects/hdf5/dev/src/H5FDsubfiling -I/home/byrn/HDF_Projects/hdf5/build/ci-StdShar-GNUC/src -I/home/byrn/HDF_Projects/hdf5/build/ci-StdShar-GNUC/test -I/home/byrn/HDF_Projects/hdf5/dev/test -std=c99  -fstdarg-opt -fdiagnostics-urls=never -fno-diagnostics-color -fmessage-length=0 -O2 -g -DNDEBUG -std=gnu99 -fPIE -Wall -Wcast-qual -Wconversion -Wextra -Wfloat-equal -Wformat=2 -Winit-self -Winvalid-pch -Wmissing-include-dirs -Wshadow -Wundef -Wwrite-strings -pedantic -Wno-c++-compat -Wbad-function-cast -Wcast-align -Wformat -Wimplicit-function-declaration -Wint-to-pointer-cast -Wmissing-declarations -Wmissing-prototypes -Wnested-externs -Wold-style-definition -Wpacked -Wpointer-sign -Wpointer-to-int-cast -Wredundant-decls -Wstrict-prototypes -Wswitch -Wunused-but-set-variable -Wunused-variable -Wunused-function -Wunused-parameter -finline-functions -Wno-aggregate-return -Wno-inline -Wno-missing-format-attribute -Wno-missing-noreturn -Wno-overlength-strings -Wlarger-than=2560 -Wlogical-op -Wframe-larger-than=16384 -Wpacked-bitfield-compat -Wsync-nand -Wno-unsuffixed-float-constants -Wdouble-promotion -Wtrampolines -Wstack-usage=8192 -Wmaybe-uninitialized -Wno-jump-misses-init -Wstrict-overflow=2 -Wno-suggest-attribute=const -Wno-suggest-attribute=noreturn -Wno-suggest-attribute=pure -Wno-suggest-attribute=format -Wdate-time -Warray-bounds=2 -Wc99-c11-compat -Wincompatible-pointer-types -Wint-conversion -Wduplicated-cond -Whsa -Wnormalized -Wnull-dereference -Wunused-const-variable -Walloca -Walloc-zero -Wduplicated-branches -Wformat-overflow=2 -Wformat-truncation=1 -Wrestrict -Wattribute-alias -Wshift-overflow=2 -Wcast-function-type -Wcast-align=strict -Wno-suggest-attribute=cold -Wno-suggest-attribute=malloc -Wattribute-alias=2 -Wmissing-profile -Wc11-c2x-compat -MD -MT test/CMakeFiles/links.dir/links.c.o -MF test/CMakeFiles/links.dir/links.c.o.d -o test/CMakeFiles/links.dir/links.c.o -c /home/byrn/HDF_Projects/hdf5/dev/test/links.c
[892/4114] : && /usr/bin/cc -std=c99  -fstdarg-opt -fdiagnostics-urls=never -fno-diagnostics-color -fmessage-length=0 -O2 -g -DNDEBUG  test/CMakeFiles/links.dir/links.c.o -o bin/links  -Wl,-rpath,"\$ORIGIN/../lib:\$ORIGIN/"  bin/libhdf5_test.so.1000.0.0  -lm  bin/libhdf5.so.1000.0.0  -ldl && :
[893/4114] /usr/bin/cc -DH5_BUILT_AS_DYNAMIC_LIB -DH5_HAVE_TEST_API -D_FILE_OFFSET_BITS=64 -D_GNU_SOURCE -D_LARGEFILE_SOURCE -D_POSIX_C_SOURCE=200809L -I/home/byrn/HDF_Projects/hdf5/dev/src -I/home/byrn/HDF_Projects/hdf5/dev/src/H5FDsubfiling -I/home/byrn/HDF_Projects/hdf5/build/ci-StdShar-GNUC/src -I/home/byrn/HDF_Projects/hdf5/build/ci-StdShar-GNUC/test -I/home/byrn/HDF_Projects/hdf5/dev/test -std=c99  -fstdarg-opt -fdiagnostics-urls=never -fno-diagnostics-color -fmessage-length=0 -O2 -g -DNDEBUG -std=gnu99 -fPIE -Wall -Wcast-qual -Wconversion -Wextra -Wfloat-equal -Wformat=2 -Winit-self -Winvalid-pch -Wmissing-include-dirs -Wshadow -Wundef -Wwrite-strings -pedantic -Wno-c++-compat -Wbad-function-cast -Wcast-align -Wformat -Wimplicit-function-declaration -Wint-to-pointer-cast -Wmissing-declarations -Wmissing-prototypes -Wnested-externs -Wold-style-definition -Wpacked -Wpointer-sign -Wpointer-to-int-cast -Wredundant-decls -Wstrict-prototypes -Wswitch -Wunused-but-set-variable -Wunused-variable -Wunused-function -Wunused-parameter -finline-functions -Wno-aggregate-return -Wno-inline -Wno-missing-format-attribute -Wno-missing-noreturn -Wno-overlength-strings -Wlarger-than=2560 -Wlogical-op -Wframe-larger-than=16384 -Wpacked-bitfield-compat -Wsync-nand -Wno-unsuffixed-float-constants -Wdouble-promotion -Wtrampolines -Wstack-usage=8192 -Wmaybe-uninitialized -Wno-jump-misses-init -Wstrict-overflow=2 -Wno-suggest-attribute=const -Wno-suggest-attribute=noreturn -Wno-suggest-attribute=pure -Wno-suggest-attribute=format -Wdate-time -Warray-bounds=2 -Wc99-c11-compat -Wincompatible-pointer-types -Wint-conversion -Wduplicated-cond -Whsa -Wnormalized -Wnull-dereference -Wunused-const-variable -Walloca -Walloc-zero -Wduplicated-branches -Wformat-overflow=2 -Wformat-truncation=1 -Wrestrict -Wattribute-alias -Wshift-overflow=2 -Wcast-function-type -Wcast-align=strict -Wno-suggest-attribute=cold -Wno-suggest-attribute=malloc -Wattribute-alias=2 -Wmissing-profile -Wc11-c2x-compat -MD -MT test/CMakeFiles/testhdf5.dir/tgenprop.c.o -MF test/CMakeFiles/testhdf5.dir/tgenprop.c.o.d -o test/CMakeFiles/testhdf5.dir/tgenprop.c.o -c /home/byrn/HDF_Projects/hdf5/dev/test/tgenprop.c
[894/4114] /usr/bin/cc -DH5_BUILT_AS_DYNAMIC_LIB -DH5_HAVE_TEST_API -D_FILE_OFFSET_BITS=64 -D_GNU_SOURCE -D_LARGEFILE_SOURCE -D_POSIX_C_SOURCE=200809L -I/home/byrn/HDF_Projects/hdf5/dev/src -I/home/byrn/HDF_Projects/hdf5/dev/src/H5FDsubfiling -I/home/byrn/HDF_Projects/hdf5/build/ci-StdShar-GNUC/src -I/home/byrn/HDF_Projects/hdf5/build/ci-StdShar-GNUC/test -I/home/byrn/HDF_Projects/hdf5/dev/test -std=c99  -fstdarg-opt -fdiagnostics-urls=never -fno-diagnostics-color -fmessage-length=0 -O2 -g -DNDEBUG -std=gnu99 -fPIE -Wall -Wcast-qual -Wconversion -Wextra -Wfloat-equal -Wformat=2 -Winit-self -Winvalid-pch -Wmissing-include-dirs -Wshadow -Wundef -Wwrite-strings -pedantic -Wno-c++-compat -Wbad-function-cast -Wcast-align -Wformat -Wimplicit-function-declaration -Wint-to-pointer-cast -Wmissing-declarations -Wmissing-prototypes -Wnested-externs -Wold-style-definition -Wpacked -Wpointer-sign -Wpointer-to-int-cast -Wredundant-decls -Wstrict-prototypes -Wswitch -Wunused-but-set-variable -Wunused-variable -Wunused-function -Wunused-parameter -finline-functions -Wno-aggregate-return -Wno-inline -Wno-missing-format-attribute -Wno-missing-noreturn -Wno-overlength-strings -Wlarger-than=2560 -Wlogical-op -Wframe-larger-than=16384 -Wpacked-bitfield-compat -Wsync-nand -Wno-unsuffixed-float-constants -Wdouble-promotion -Wtrampolines -Wstack-usage=8192 -Wmaybe-uninitialized -Wno-jump-misses-init -Wstrict-overflow=2 -Wno-suggest-attribute=const -Wno-suggest-attribute=noreturn -Wno-suggest-attribute=pure -Wno-suggest-attribute=format -Wdate-time -Warray-bounds=2 -Wc99-c11-compat -Wincompatible-pointer-types -Wint-conversion -Wduplicated-cond -Whsa -Wnormalized -Wnull-dereference -Wunused-const-variable -Walloca -Walloc-zero -Wduplicated-branches -Wformat-overflow=2 -Wformat-truncation=1 -Wrestrict -Wattribute-alias -Wshift-overflow=2 -Wcast-function-type -Wcast-align=strict -Wno-suggest-attribute=cold -Wno-suggest-attribute=malloc -Wattribute-alias=2 -Wmissing-profile -Wc11-c2x-compat -MD -MT test/CMakeFiles/testhdf5.dir/th5o.c.o -MF test/CMakeFiles/testhdf5.dir/th5o.c.o.d -o test/CMakeFiles/testhdf5.dir/th5o.c.o -c /home/byrn/HDF_Projects/hdf5/dev/test/th5o.c
[895/4114] /usr/bin/cc -DH5_BUILT_AS_DYNAMIC_LIB -DH5_HAVE_TEST_API -D_FILE_OFFSET_BITS=64 -D_GNU_SOURCE -D_LARGEFILE_SOURCE -D_POSIX_C_SOURCE=200809L -I/home/byrn/HDF_Projects/hdf5/dev/src -I/home/byrn/HDF_Projects/hdf5/dev/src/H5FDsubfiling -I/home/byrn/HDF_Projects/hdf5/build/ci-StdShar-GNUC/src -I/home/byrn/HDF_Projects/hdf5/build/ci-StdShar-GNUC/test -I/home/byrn/HDF_Projects/hdf5/dev/test -std=c99  -fstdarg-opt -fdiagnostics-urls=never -fno-diagnostics-color -fmessage-length=0 -O2 -g -DNDEBUG -std=gnu99 -fPIE -Wall -Wcast-qual -Wconversion -Wextra -Wfloat-equal -Wformat=2 -Winit-self -Winvalid-pch -Wmissing-include-dirs -Wshadow -Wundef -Wwrite-strings -pedantic -Wno-c++-compat -Wbad-function-cast -Wcast-align -Wformat -Wimplicit-function-declaration -Wint-to-pointer-cast -Wmissing-declarations -Wmissing-prototypes -Wnested-externs -Wold-style-definition -Wpacked -Wpointer-sign -Wpointer-to-int-cast -Wredundant-decls -Wstrict-prototypes -Wswitch -Wunused-but-set-variable -Wunused-variable -Wunused-function -Wunused-parameter -finline-functions -Wno-aggregate-return -Wno-inline -Wno-missing-format-attribute -Wno-missing-noreturn -Wno-overlength-strings -Wlarger-than=2560 -Wlogical-op -Wframe-larger-than=16384 -Wpacked-bitfield-compat -Wsync-nand -Wno-unsuffixed-float-constants -Wdouble-promotion -Wtrampolines -Wstack-usage=8192 -Wmaybe-uninitialized -Wno-jump-misses-init -Wstrict-overflow=2 -Wno-suggest-attribute=const -Wno-suggest-attribute=noreturn -Wno-suggest-attribute=pure -Wno-suggest-attribute=format -Wdate-time -Warray-bounds=2 -Wc99-c11-compat -Wincompatible-pointer-types -Wint-conversion -Wduplicated-cond -Whsa -Wnormalized -Wnull-dereference -Wunused-const-variable -Walloca -Walloc-zero -Wduplicated-branches -Wformat-overflow=2 -Wformat-truncation=1 -Wrestrict -Wattribute-alias -Wshift-overflow=2 -Wcast-function-type -Wcast-align=strict -Wno-suggest-attribute=cold -Wno-suggest-attribute=malloc -Wattribute-alias=2 -Wmissing-profile -Wc11-c2x-compat -MD -MT test/CMakeFiles/testhdf5.dir/tid.c.o -MF test/CMakeFiles/testhdf5.dir/tid.c.o.d -o test/CMakeFiles/testhdf5.dir/tid.c.o -c /home/byrn/HDF_Projects/hdf5/dev/test/tid.c
[896/4114] /usr/bin/cc -DH5_BUILT_AS_DYNAMIC_LIB -DH5_HAVE_TEST_API -D_FILE_OFFSET_BITS=64 -D_GNU_SOURCE -D_LARGEFILE_SOURCE -D_POSIX_C_SOURCE=200809L -I/home/byrn/HDF_Projects/hdf5/dev/src -I/home/byrn/HDF_Projects/hdf5/dev/src/H5FDsubfiling -I/home/byrn/HDF_Projects/hdf5/build/ci-StdShar-GNUC/src -I/home/byrn/HDF_Projects/hdf5/build/ci-StdShar-GNUC/test -I/home/byrn/HDF_Projects/hdf5/dev/test -std=c99  -fstdarg-opt -fdiagnostics-urls=never -fno-diagnostics-color -fmessage-length=0 -O2 -g -DNDEBUG -std=gnu99 -fPIE -Wall -Wcast-qual -Wconversion -Wextra -Wfloat-equal -Wformat=2 -Winit-self -Winvalid-pch -Wmissing-include-dirs -Wshadow -Wundef -Wwrite-strings -pedantic -Wno-c++-compat -Wbad-function-cast -Wcast-align -Wformat -Wimplicit-function-declaration -Wint-to-pointer-cast -Wmissing-declarations -Wmissing-prototypes -Wnested-externs -Wold-style-definition -Wpacked -Wpointer-sign -Wpointer-to-int-cast -Wredundant-decls -Wstrict-prototypes -Wswitch -Wunused-but-set-variable -Wunused-variable -Wunused-function -Wunused-parameter -finline-functions -Wno-aggregate-return -Wno-inline -Wno-missing-format-attribute -Wno-missing-noreturn -Wno-overlength-strings -Wlarger-than=2560 -Wlogical-op -Wframe-larger-than=16384 -Wpacked-bitfield-compat -Wsync-nand -Wno-unsuffixed-float-constants -Wdouble-promotion -Wtrampolines -Wstack-usage=8192 -Wmaybe-uninitialized -Wno-jump-misses-init -Wstrict-overflow=2 -Wno-suggest-attribute=const -Wno-suggest-attribute=noreturn -Wno-suggest-attribute=pure -Wno-suggest-attribute=format -Wdate-time -Warray-bounds=2 -Wc99-c11-compat -Wincompatible-pointer-types -Wint-conversion -Wduplicated-cond -Whsa -Wnormalized -Wnull-dereference -Wunused-const-variable -Walloca -Walloc-zero -Wduplicated-branches -Wformat-overflow=2 -Wformat-truncation=1 -Wrestrict -Wattribute-alias -Wshift-overflow=2 -Wcast-function-type -Wcast-align=strict -Wno-suggest-attribute=cold -Wno-suggest-attribute=malloc -Wattribute-alias=2 -Wmissing-profile -Wc11-c2x-compat -MD -MT test/CMakeFiles/testhdf5.dir/tmeta.c.o -MF test/CMakeFiles/testhdf5.dir/tmeta.c.o.d -o test/CMakeFiles/testhdf5.dir/tmeta.c.o -c /home/byrn/HDF_Projects/hdf5/dev/test/tmeta.c
[897/4114] /usr/bin/cc -DH5_BUILT_AS_DYNAMIC_LIB -DH5_HAVE_TEST_API -D_FILE_OFFSET_BITS=64 -D_GNU_SOURCE -D_LARGEFILE_SOURCE -D_POSIX_C_SOURCE=200809L -I/home/byrn/HDF_Projects/hdf5/dev/src -I/home/byrn/HDF_Projects/hdf5/dev/src/H5FDsubfiling -I/home/byrn/HDF_Projects/hdf5/build/ci-StdShar-GNUC/src -I/home/byrn/HDF_Projects/hdf5/build/ci-StdShar-GNUC/test -I/home/byrn/HDF_Projects/hdf5/dev/test -std=c99  -fstdarg-opt -fdiagnostics-urls=never -fno-diagnostics-color -fmessage-length=0 -O2 -g -DNDEBUG -std=gnu99 -fPIE -Wall -Wcast-qual -Wconversion -Wextra -Wfloat-equal -Wformat=2 -Winit-self -Winvalid-pch -Wmissing-include-dirs -Wshadow -Wundef -Wwrite-strings -pedantic -Wno-c++-compat -Wbad-function-cast -Wcast-align -Wformat -Wimplicit-function-declaration -Wint-to-pointer-cast -Wmissing-declarations -Wmissing-prototypes -Wnested-externs -Wold-style-definition -Wpacked -Wpointer-sign -Wpointer-to-int-cast -Wredundant-decls -Wstrict-prototypes -Wswitch -Wunused-but-set-variable -Wunused-variable -Wunused-function -Wunused-parameter -finline-functions -Wno-aggregate-return -Wno-inline -Wno-missing-format-attribute -Wno-missing-noreturn -Wno-overlength-strings -Wlarger-than=2560 -Wlogical-op -Wframe-larger-than=16384 -Wpacked-bitfield-compat -Wsync-nand -Wno-unsuffixed-float-constants -Wdouble-promotion -Wtrampolines -Wstack-usage=8192 -Wmaybe-uninitialized -Wno-jump-misses-init -Wstrict-overflow=2 -Wno-suggest-attribute=const -Wno-suggest-attribute=noreturn -Wno-suggest-attribute=pure -Wno-suggest-attribute=format -Wdate-time -Warray-bounds=2 -Wc99-c11-compat -Wincompatible-pointer-types -Wint-conversion -Wduplicated-cond -Whsa -Wnormalized -Wnull-dereference -Wunused-const-variable -Walloca -Walloc-zero -Wduplicated-branches -Wformat-overflow=2 -Wformat-truncation=1 -Wrestrict -Wattribute-alias -Wshift-overflow=2 -Wcast-function-type -Wcast-align=strict -Wno-suggest-attribute=cold -Wno-suggest-attribute=malloc -Wattribute-alias=2 -Wmissing-profile -Wc11-c2x-compat -MD -MT test/CMakeFiles/testhdf5.dir/titerate.c.o -MF test/CMakeFiles/testhdf5.dir/titerate.c.o.d -o test/CMakeFiles/testhdf5.dir/titerate.c.o -c /home/byrn/HDF_Projects/hdf5/dev/test/titerate.c
/home/byrn/HDF_Projects/hdf5/dev/test/titerate.c: In function ‘test_iter_group_large’:
/home/byrn/HDF_Projects/hdf5/dev/test/titerate.c:679:40: warning: ‘calloc’ sizes specified with ‘sizeof’ in the earlier argument and not in the later argument [-Wcalloc-transposed-args]
  679 |     names = (iter_info *)calloc(sizeof(iter_info), (ITER_NGROUPS + 2));
      |                                        ^~~~~~~~~
/home/byrn/HDF_Projects/hdf5/dev/test/titerate.c:679:40: note: earlier argument should specify number of elements, later size of each element
[898/4114] /usr/bin/cc -DH5_BUILT_AS_DYNAMIC_LIB -DH5_HAVE_TEST_API -D_FILE_OFFSET_BITS=64 -D_GNU_SOURCE -D_LARGEFILE_SOURCE -D_POSIX_C_SOURCE=200809L -I/home/byrn/HDF_Projects/hdf5/dev/src -I/home/byrn/HDF_Projects/hdf5/dev/src/H5FDsubfiling -I/home/byrn/HDF_Projects/hdf5/build/ci-StdShar-GNUC/src -I/home/byrn/HDF_Projects/hdf5/build/ci-StdShar-GNUC/test -I/home/byrn/HDF_Projects/hdf5/dev/test -std=c99  -fstdarg-opt -fdiagnostics-urls=never -fno-diagnostics-color -fmessage-length=0 -O2 -g -DNDEBUG -std=gnu99 -fPIE -Wall -Wcast-qual -Wconversion -Wextra -Wfloat-equal -Wformat=2 -Winit-self -Winvalid-pch -Wmissing-include-dirs -Wshadow -Wundef -Wwrite-strings -pedantic -Wno-c++-compat -Wbad-function-cast -Wcast-align -Wformat -Wimplicit-function-declaration -Wint-to-pointer-cast -Wmissing-declarations -Wmissing-prototypes -Wnested-externs -Wold-style-definition -Wpacked -Wpointer-sign -Wpointer-to-int-cast -Wredundant-decls -Wstrict-prototypes -Wswitch -Wunused-but-set-variable -Wunused-variable -Wunused-function -Wunused-parameter -finline-functions -Wno-aggregate-return -Wno-inline -Wno-missing-format-attribute -Wno-missing-noreturn -Wno-overlength-strings -Wlarger-than=2560 -Wlogical-op -Wframe-larger-than=16384 -Wpacked-bitfield-compat -Wsync-nand -Wno-unsuffixed-float-constants -Wdouble-promotion -Wtrampolines -Wstack-usage=8192 -Wmaybe-uninitialized -Wno-jump-misses-init -Wstrict-overflow=2 -Wno-suggest-attribute=const -Wno-suggest-attribute=noreturn -Wno-suggest-attribute=pure -Wno-suggest-attribute=format -Wdate-time -Warray-bounds=2 -Wc99-c11-compat -Wincompatible-pointer-types -Wint-conversion -Wduplicated-cond -Whsa -Wnormalized -Wnull-dereference -Wunused-const-variable -Walloca -Walloc-zero -Wduplicated-branches -Wformat-overflow=2 -Wformat-truncation=1 -Wrestrict -Wattribute-alias -Wshift-overflow=2 -Wcast-function-type -Wcast-align=strict -Wno-suggest-attribute=cold -Wno-suggest-attribute=malloc -Wattribute-alias=2 -Wmissing-profile -Wc11-c2x-compat -MD -MT test/CMakeFiles/testhdf5.dir/th5s.c.o -MF test/CMakeFiles/testhdf5.dir/th5s.c.o.d -o test/CMakeFiles/testhdf5.dir/th5s.c.o -c /home/byrn/HDF_Projects/hdf5/dev/test/th5s.c
[899/4114] /usr/bin/cc -DH5_BUILT_AS_DYNAMIC_LIB -DH5_HAVE_TEST_API -D_FILE_OFFSET_BITS=64 -D_GNU_SOURCE -D_LARGEFILE_SOURCE -D_POSIX_C_SOURCE=200809L -I/home/byrn/HDF_Projects/hdf5/dev/src -I/home/byrn/HDF_Projects/hdf5/dev/src/H5FDsubfiling -I/home/byrn/HDF_Projects/hdf5/build/ci-StdShar-GNUC/src -I/home/byrn/HDF_Projects/hdf5/build/ci-StdShar-GNUC/test -I/home/byrn/HDF_Projects/hdf5/dev/test -std=c99  -fstdarg-opt -fdiagnostics-urls=never -fno-diagnostics-color -fmessage-length=0 -O2 -g -DNDEBUG -std=gnu99 -fPIE -Wall -Wcast-qual -Wconversion -Wextra -Wfloat-equal -Wformat=2 -Winit-self -Winvalid-pch -Wmissing-include-dirs -Wshadow -Wundef -Wwrite-strings -pedantic -Wno-c++-compat -Wbad-function-cast -Wcast-align -Wformat -Wimplicit-function-declaration -Wint-to-pointer-cast -Wmissing-declarations -Wmissing-prototypes -Wnested-externs -Wold-style-definition -Wpacked -Wpointer-sign -Wpointer-to-int-cast -Wredundant-decls -Wstrict-prototypes -Wswitch -Wunused-but-set-variable -Wunused-variable -Wunused-function -Wunused-parameter -finline-functions -Wno-aggregate-return -Wno-inline -Wno-missing-format-attribute -Wno-missing-noreturn -Wno-overlength-strings -Wlarger-than=2560 -Wlogical-op -Wframe-larger-than=16384 -Wpacked-bitfield-compat -Wsync-nand -Wno-unsuffixed-float-constants -Wdouble-promotion -Wtrampolines -Wstack-usage=8192 -Wmaybe-uninitialized -Wno-jump-misses-init -Wstrict-overflow=2 -Wno-suggest-attribute=const -Wno-suggest-attribute=noreturn -Wno-suggest-attribute=pure -Wno-suggest-attribute=format -Wdate-time -Warray-bounds=2 -Wc99-c11-compat -Wincompatible-pointer-types -Wint-conversion -Wduplicated-cond -Whsa -Wnormalized -Wnull-dereference -Wunused-const-variable -Walloca -Walloc-zero -Wduplicated-branches -Wformat-overflow=2 -Wformat-truncation=1 -Wrestrict -Wattribute-alias -Wshift-overflow=2 -Wcast-function-type -Wcast-align=strict -Wno-suggest-attribute=cold -Wno-suggest-attribute=malloc -Wattribute-alias=2 -Wmissing-profile -Wc11-c2x-compat -MD -MT test/CMakeFiles/testhdf5.dir/tfile.c.o -MF test/CMakeFiles/testhdf5.dir/tfile.c.o.d -o test/CMakeFiles/testhdf5.dir/tfile.c.o -c /home/byrn/HDF_Projects/hdf5/dev/test/tfile.c
[900/4114] /usr/bin/cc -DH5_BUILT_AS_DYNAMIC_LIB -DH5_HAVE_TEST_API -D_FILE_OFFSET_BITS=64 -D_GNU_SOURCE -D_LARGEFILE_SOURCE -D_POSIX_C_SOURCE=200809L -I/home/byrn/HDF_Projects/hdf5/dev/src -I/home/byrn/HDF_Projects/hdf5/dev/src/H5FDsubfiling -I/home/byrn/HDF_Projects/hdf5/build/ci-StdShar-GNUC/src -I/home/byrn/HDF_Projects/hdf5/build/ci-StdShar-GNUC/test -I/home/byrn/HDF_Projects/hdf5/dev/test -std=c99  -fstdarg-opt -fdiagnostics-urls=never -fno-diagnostics-color -fmessage-length=0 -O2 -g -DNDEBUG -std=gnu99 -fPIE -Wall -Wcast-qual -Wconversion -Wextra -Wfloat-equal -Wformat=2 -Winit-self -Winvalid-pch -Wmissing-include-dirs -Wshadow -Wundef -Wwrite-strings -pedantic -Wno-c++-compat -Wbad-function-cast -Wcast-align -Wformat -Wimplicit-function-declaration -Wint-to-pointer-cast -Wmissing-declarations -Wmissing-prototypes -Wnested-externs -Wold-style-definition -Wpacked -Wpointer-sign -Wpointer-to-int-cast -Wredundant-decls -Wstrict-prototypes -Wswitch -Wunused-but-set-variable -Wunused-variable -Wunused-function -Wunused-parameter -finline-functions -Wno-aggregate-return -Wno-inline -Wno-missing-format-attribute -Wno-missing-noreturn -Wno-overlength-strings -Wlarger-than=2560 -Wlogical-op -Wframe-larger-than=16384 -Wpacked-bitfield-compat -Wsync-nand -Wno-unsuffixed-float-constants -Wdouble-promotion -Wtrampolines -Wstack-usage=8192 -Wmaybe-uninitialized -Wno-jump-misses-init -Wstrict-overflow=2 -Wno-suggest-attribute=const -Wno-suggest-attribute=noreturn -Wno-suggest-attribute=pure -Wno-suggest-attribute=format -Wdate-time -Warray-bounds=2 -Wc99-c11-compat -Wincompatible-pointer-types -Wint-conversion -Wduplicated-cond -Whsa -Wnormalized -Wnull-dereference -Wunused-const-variable -Walloca -Walloc-zero -Wduplicated-branches -Wformat-overflow=2 -Wformat-truncation=1 -Wrestrict -Wattribute-alias -Wshift-overflow=2 -Wcast-function-type -Wcast-align=strict -Wno-suggest-attribute=cold -Wno-suggest-attribute=malloc -Wattribute-alias=2 -Wmissing-profile -Wc11-c2x-compat -MD -MT test/CMakeFiles/testhdf5.dir/trefer_deprec.c.o -MF test/CMakeFiles/testhdf5.dir/trefer_deprec.c.o.d -o test/CMakeFiles/testhdf5.dir/trefer_deprec.c.o -c /home/byrn/HDF_Projects/hdf5/dev/test/trefer_deprec.c
/home/byrn/HDF_Projects/hdf5/dev/test/trefer_deprec.c: In function ‘test_reference_region’:
/home/byrn/HDF_Projects/hdf5/dev/test/trefer_deprec.c:545:46: warning: ‘calloc’ sizes specified with ‘sizeof’ in the earlier argument and not in the later argument [-Wcalloc-transposed-args]
  545 |     wbuf  = (hdset_reg_ref_t *)calloc(sizeof(hdset_reg_ref_t), (size_t)SPACE1_DIM1);
      |                                              ^~~~~~~~~~~~~~~
/home/byrn/HDF_Projects/hdf5/dev/test/trefer_deprec.c:545:46: note: earlier argument should specify number of elements, later size of each element
/home/byrn/HDF_Projects/hdf5/dev/test/trefer_deprec.c:548:38: warning: ‘calloc’ sizes specified with ‘sizeof’ in the earlier argument and not in the later argument [-Wcalloc-transposed-args]
  548 |     drbuf = (uint8_t *)calloc(sizeof(uint8_t), (size_t)(SPACE2_DIM1 * SPACE2_DIM2));
      |                                      ^~~~~~~
/home/byrn/HDF_Projects/hdf5/dev/test/trefer_deprec.c:548:38: note: earlier argument should specify number of elements, later size of each element
/home/byrn/HDF_Projects/hdf5/dev/test/trefer_deprec.c: In function ‘test_reference_region_1D’:
/home/byrn/HDF_Projects/hdf5/dev/test/trefer_deprec.c:982:46: warning: ‘calloc’ sizes specified with ‘sizeof’ in the earlier argument and not in the later argument [-Wcalloc-transposed-args]
  982 |     wbuf  = (hdset_reg_ref_t *)calloc(sizeof(hdset_reg_ref_t), (size_t)SPACE1_DIM1);
      |                                              ^~~~~~~~~~~~~~~
/home/byrn/HDF_Projects/hdf5/dev/test/trefer_deprec.c:982:46: note: earlier argument should specify number of elements, later size of each element
/home/byrn/HDF_Projects/hdf5/dev/test/trefer_deprec.c:985:38: warning: ‘calloc’ sizes specified with ‘sizeof’ in the earlier argument and not in the later argument [-Wcalloc-transposed-args]
  985 |     drbuf = (uint8_t *)calloc(sizeof(uint8_t), (size_t)SPACE3_DIM1);
      |                                      ^~~~~~~
/home/byrn/HDF_Projects/hdf5/dev/test/trefer_deprec.c:985:38: note: earlier argument should specify number of elements, later size of each element
/home/byrn/HDF_Projects/hdf5/dev/test/trefer_deprec.c: In function ‘test_reference_compat’:
/home/byrn/HDF_Projects/hdf5/dev/test/trefer_deprec.c:1542:44: warning: ‘calloc’ sizes specified with ‘sizeof’ in the earlier argument and not in the later argument [-Wcalloc-transposed-args]
 1542 |     wbuf_obj = (hobj_ref_t *)calloc(sizeof(hobj_ref_t), SPACE1_DIM1);
      |                                            ^~~~~~~~~~
/home/byrn/HDF_Projects/hdf5/dev/test/trefer_deprec.c:1542:44: note: earlier argument should specify number of elements, later size of each element
/home/byrn/HDF_Projects/hdf5/dev/test/trefer_deprec.c:1544:49: warning: ‘calloc’ sizes specified with ‘sizeof’ in the earlier argument and not in the later argument [-Wcalloc-transposed-args]
 1544 |     wbuf_reg = (hdset_reg_ref_t *)calloc(sizeof(hdset_reg_ref_t), SPACE1_DIM1);
      |                                                 ^~~~~~~~~~~~~~~
/home/byrn/HDF_Projects/hdf5/dev/test/trefer_deprec.c:1544:49: note: earlier argument should specify number of elements, later size of each element
[901/4114] /usr/bin/cc -DH5_BUILT_AS_DYNAMIC_LIB -DH5_HAVE_TEST_API -D_FILE_OFFSET_BITS=64 -D_GNU_SOURCE -D_LARGEFILE_SOURCE -D_POSIX_C_SOURCE=200809L -I/home/byrn/HDF_Projects/hdf5/dev/src -I/home/byrn/HDF_Projects/hdf5/dev/src/H5FDsubfiling -I/home/byrn/HDF_Projects/hdf5/build/ci-StdShar-GNUC/src -I/home/byrn/HDF_Projects/hdf5/build/ci-StdShar-GNUC/test -I/home/byrn/HDF_Projects/hdf5/dev/test -std=c99  -fstdarg-opt -fdiagnostics-urls=never -fno-diagnostics-color -fmessage-length=0 -O2 -g -DNDEBUG -std=gnu99 -fPIE -Wall -Wcast-qual -Wconversion -Wextra -Wfloat-equal -Wformat=2 -Winit-self -Winvalid-pch -Wmissing-include-dirs -Wshadow -Wundef -Wwrite-strings -pedantic -Wno-c++-compat -Wbad-function-cast -Wcast-align -Wformat -Wimplicit-function-declaration -Wint-to-pointer-cast -Wmissing-declarations -Wmissing-prototypes -Wnested-externs -Wold-style-definition -Wpacked -Wpointer-sign -Wpointer-to-int-cast -Wredundant-decls -Wstrict-prototypes -Wswitch -Wunused-but-set-variable -Wunused-variable -Wunused-function -Wunused-parameter -finline-functions -Wno-aggregate-return -Wno-inline -Wno-missing-format-attribute -Wno-missing-noreturn -Wno-overlength-strings -Wlarger-than=2560 -Wlogical-op -Wframe-larger-than=16384 -Wpacked-bitfield-compat -Wsync-nand -Wno-unsuffixed-float-constants -Wdouble-promotion -Wtrampolines -Wstack-usage=8192 -Wmaybe-uninitialized -Wno-jump-misses-init -Wstrict-overflow=2 -Wno-suggest-attribute=const -Wno-suggest-attribute=noreturn -Wno-suggest-attribute=pure -Wno-suggest-attribute=format -Wdate-time -Warray-bounds=2 -Wc99-c11-compat -Wincompatible-pointer-types -Wint-conversion -Wduplicated-cond -Whsa -Wnormalized -Wnull-dereference -Wunused-const-variable -Walloca -Walloc-zero -Wduplicated-branches -Wformat-overflow=2 -Wformat-truncation=1 -Wrestrict -Wattribute-alias -Wshift-overflow=2 -Wcast-function-type -Wcast-align=strict -Wno-suggest-attribute=cold -Wno-suggest-attribute=malloc -Wattribute-alias=2 -Wmissing-profile -Wc11-c2x-compat -MD -MT test/CMakeFiles/testhdf5.dir/trefstr.c.o -MF test/CMakeFiles/testhdf5.dir/trefstr.c.o.d -o test/CMakeFiles/testhdf5.dir/trefstr.c.o -c /home/byrn/HDF_Projects/hdf5/dev/test/trefstr.c
[902/4114] /usr/bin/cc -DH5_BUILT_AS_DYNAMIC_LIB -DH5_HAVE_TEST_API -D_FILE_OFFSET_BITS=64 -D_GNU_SOURCE -D_LARGEFILE_SOURCE -D_POSIX_C_SOURCE=200809L -I/home/byrn/HDF_Projects/hdf5/dev/src -I/home/byrn/HDF_Projects/hdf5/dev/src/H5FDsubfiling -I/home/byrn/HDF_Projects/hdf5/build/ci-StdShar-GNUC/src -I/home/byrn/HDF_Projects/hdf5/build/ci-StdShar-GNUC/test -I/home/byrn/HDF_Projects/hdf5/dev/test -std=c99  -fstdarg-opt -fdiagnostics-urls=never -fno-diagnostics-color -fmessage-length=0 -O2 -g -DNDEBUG -std=gnu99 -fPIE -Wall -Wcast-qual -Wconversion -Wextra -Wfloat-equal -Wformat=2 -Winit-self -Winvalid-pch -Wmissing-include-dirs -Wshadow -Wundef -Wwrite-strings -pedantic -Wno-c++-compat -Wbad-function-cast -Wcast-align -Wformat -Wimplicit-function-declaration -Wint-to-pointer-cast -Wmissing-declarations -Wmissing-prototypes -Wnested-externs -Wold-style-definition -Wpacked -Wpointer-sign -Wpointer-to-int-cast -Wredundant-decls -Wstrict-prototypes -Wswitch -Wunused-but-set-variable -Wunused-variable -Wunused-function -Wunused-parameter -finline-functions -Wno-aggregate-return -Wno-inline -Wno-missing-format-attribute -Wno-missing-noreturn -Wno-overlength-strings -Wlarger-than=2560 -Wlogical-op -Wframe-larger-than=16384 -Wpacked-bitfield-compat -Wsync-nand -Wno-unsuffixed-float-constants -Wdouble-promotion -Wtrampolines -Wstack-usage=8192 -Wmaybe-uninitialized -Wno-jump-misses-init -Wstrict-overflow=2 -Wno-suggest-attribute=const -Wno-suggest-attribute=noreturn -Wno-suggest-attribute=pure -Wno-suggest-attribute=format -Wdate-time -Warray-bounds=2 -Wc99-c11-compat -Wincompatible-pointer-types -Wint-conversion -Wduplicated-cond -Whsa -Wnormalized -Wnull-dereference -Wunused-const-variable -Walloca -Walloc-zero -Wduplicated-branches -Wformat-overflow=2 -Wformat-truncation=1 -Wrestrict -Wattribute-alias -Wshift-overflow=2 -Wcast-function-type -Wcast-align=strict -Wno-suggest-attribute=cold -Wno-suggest-attribute=malloc -Wattribute-alias=2 -Wmissing-profile -Wc11-c2x-compat -MD -MT test/CMakeFiles/testhdf5.dir/trefer.c.o -MF test/CMakeFiles/testhdf5.dir/trefer.c.o.d -o test/CMakeFiles/testhdf5.dir/trefer.c.o -c /home/byrn/HDF_Projects/hdf5/dev/test/trefer.c
/home/byrn/HDF_Projects/hdf5/dev/test/trefer.c: In function ‘test_reference_params’:
/home/byrn/HDF_Projects/hdf5/dev/test/trefer.c:115:39: warning: ‘calloc’ sizes specified with ‘sizeof’ in the earlier argument and not in the later argument [-Wcalloc-transposed-args]
  115 |     wbuf = (H5R_ref_t *)calloc(sizeof(H5R_ref_t), SPACE1_DIM1);
      |                                       ^~~~~~~~~
/home/byrn/HDF_Projects/hdf5/dev/test/trefer.c:115:39: note: earlier argument should specify number of elements, later size of each element
/home/byrn/HDF_Projects/hdf5/dev/test/trefer.c:116:39: warning: ‘calloc’ sizes specified with ‘sizeof’ in the earlier argument and not in the later argument [-Wcalloc-transposed-args]
  116 |     rbuf = (H5R_ref_t *)calloc(sizeof(H5R_ref_t), SPACE1_DIM1);
      |                                       ^~~~~~~~~
/home/byrn/HDF_Projects/hdf5/dev/test/trefer.c:116:39: note: earlier argument should specify number of elements, later size of each element
/home/byrn/HDF_Projects/hdf5/dev/test/trefer.c:117:39: warning: ‘calloc’ sizes specified with ‘sizeof’ in the earlier argument and not in the later argument [-Wcalloc-transposed-args]
  117 |     tbuf = (H5R_ref_t *)calloc(sizeof(H5R_ref_t), SPACE1_DIM1);
      |                                       ^~~~~~~~~
/home/byrn/HDF_Projects/hdf5/dev/test/trefer.c:117:39: note: earlier argument should specify number of elements, later size of each element
/home/byrn/HDF_Projects/hdf5/dev/test/trefer.c:118:26: warning: ‘calloc’ sizes specified with ‘sizeof’ in the earlier argument and not in the later argument [-Wcalloc-transposed-args]
  118 |     obuf = calloc(sizeof(unsigned), SPACE1_DIM1);
      |                          ^~~~~~~~
/home/byrn/HDF_Projects/hdf5/dev/test/trefer.c:118:26: note: earlier argument should specify number of elements, later size of each element
/home/byrn/HDF_Projects/hdf5/dev/test/trefer.c: In function ‘test_reference_obj’:
/home/byrn/HDF_Projects/hdf5/dev/test/trefer.c:456:26: warning: ‘calloc’ sizes specified with ‘sizeof’ in the earlier argument and not in the later argument [-Wcalloc-transposed-args]
  456 |     wbuf = calloc(sizeof(H5R_ref_t), SPACE1_DIM1);
      |                          ^~~~~~~~~
/home/byrn/HDF_Projects/hdf5/dev/test/trefer.c:456:26: note: earlier argument should specify number of elements, later size of each element
/home/byrn/HDF_Projects/hdf5/dev/test/trefer.c:457:26: warning: ‘calloc’ sizes specified with ‘sizeof’ in the earlier argument and not in the later argument [-Wcalloc-transposed-args]
  457 |     rbuf = calloc(sizeof(H5R_ref_t), SPACE1_DIM1);
      |                          ^~~~~~~~~
/home/byrn/HDF_Projects/hdf5/dev/test/trefer.c:457:26: note: earlier argument should specify number of elements, later size of each element
/home/byrn/HDF_Projects/hdf5/dev/test/trefer.c:458:26: warning: ‘calloc’ sizes specified with ‘sizeof’ in the earlier argument and not in the later argument [-Wcalloc-transposed-args]
  458 |     ibuf = calloc(sizeof(unsigned), SPACE1_DIM1);
      |                          ^~~~~~~~
/home/byrn/HDF_Projects/hdf5/dev/test/trefer.c:458:26: note: earlier argument should specify number of elements, later size of each element
/home/byrn/HDF_Projects/hdf5/dev/test/trefer.c:459:26: warning: ‘calloc’ sizes specified with ‘sizeof’ in the earlier argument and not in the later argument [-Wcalloc-transposed-args]
  459 |     obuf = calloc(sizeof(unsigned), SPACE1_DIM1);
      |                          ^~~~~~~~
/home/byrn/HDF_Projects/hdf5/dev/test/trefer.c:459:26: note: earlier argument should specify number of elements, later size of each element
/home/byrn/HDF_Projects/hdf5/dev/test/trefer.c:559:29: warning: ‘calloc’ sizes specified with ‘sizeof’ in the earlier argument and not in the later argument [-Wcalloc-transposed-args]
  559 |     wbuf_cp = calloc(sizeof(H5R_ref_t), 1);
      |                             ^~~~~~~~~
/home/byrn/HDF_Projects/hdf5/dev/test/trefer.c:559:29: note: earlier argument should specify number of elements, later size of each element
/home/byrn/HDF_Projects/hdf5/dev/test/trefer.c: In function ‘test_reference_vlen_obj’:
/home/byrn/HDF_Projects/hdf5/dev/test/trefer.c:728:26: warning: ‘calloc’ sizes specified with ‘sizeof’ in the earlier argument and not in the later argument [-Wcalloc-transposed-args]
  728 |     wbuf = calloc(sizeof(H5R_ref_t), SPACE1_DIM1);
      |                          ^~~~~~~~~
/home/byrn/HDF_Projects/hdf5/dev/test/trefer.c:728:26: note: earlier argument should specify number of elements, later size of each element
/home/byrn/HDF_Projects/hdf5/dev/test/trefer.c:729:26: warning: ‘calloc’ sizes specified with ‘sizeof’ in the earlier argument and not in the later argument [-Wcalloc-transposed-args]
  729 |     ibuf = calloc(sizeof(unsigned), SPACE1_DIM1);
      |                          ^~~~~~~~
/home/byrn/HDF_Projects/hdf5/dev/test/trefer.c:729:26: note: earlier argument should specify number of elements, later size of each element
/home/byrn/HDF_Projects/hdf5/dev/test/trefer.c:730:26: warning: ‘calloc’ sizes specified with ‘sizeof’ in the earlier argument and not in the later argument [-Wcalloc-transposed-args]
  730 |     obuf = calloc(sizeof(unsigned), SPACE1_DIM1);
      |                          ^~~~~~~~
/home/byrn/HDF_Projects/hdf5/dev/test/trefer.c:730:26: note: earlier argument should specify number of elements, later size of each element
/home/byrn/HDF_Projects/hdf5/dev/test/trefer.c: In function ‘test_reference_cmpnd_obj’:
/home/byrn/HDF_Projects/hdf5/dev/test/trefer.c:992:26: warning: ‘calloc’ sizes specified with ‘sizeof’ in the earlier argument and not in the later argument [-Wcalloc-transposed-args]
  992 |     ibuf = calloc(sizeof(unsigned), SPACE1_DIM1);
      |                          ^~~~~~~~
/home/byrn/HDF_Projects/hdf5/dev/test/trefer.c:992:26: note: earlier argument should specify number of elements, later size of each element
/home/byrn/HDF_Projects/hdf5/dev/test/trefer.c:993:26: warning: ‘calloc’ sizes specified with ‘sizeof’ in the earlier argument and not in the later argument [-Wcalloc-transposed-args]
  993 |     obuf = calloc(sizeof(unsigned), SPACE1_DIM1);
      |                          ^~~~~~~~
/home/byrn/HDF_Projects/hdf5/dev/test/trefer.c:993:26: note: earlier argument should specify number of elements, later size of each element
/home/byrn/HDF_Projects/hdf5/dev/test/trefer.c: In function ‘test_reference_region’:
/home/byrn/HDF_Projects/hdf5/dev/test/trefer.c:1301:27: warning: ‘calloc’ sizes specified with ‘sizeof’ in the earlier argument and not in the later argument [-Wcalloc-transposed-args]
 1301 |     wbuf  = calloc(sizeof(H5R_ref_t), SPACE1_DIM1);
      |                           ^~~~~~~~~
/home/byrn/HDF_Projects/hdf5/dev/test/trefer.c:1301:27: note: earlier argument should specify number of elements, later size of each element
/home/byrn/HDF_Projects/hdf5/dev/test/trefer.c:1302:27: warning: ‘calloc’ sizes specified with ‘sizeof’ in the earlier argument and not in the later argument [-Wcalloc-transposed-args]
 1302 |     rbuf  = calloc(sizeof(H5R_ref_t), SPACE1_DIM1);
      |                           ^~~~~~~~~
/home/byrn/HDF_Projects/hdf5/dev/test/trefer.c:1302:27: note: earlier argument should specify number of elements, later size of each element
/home/byrn/HDF_Projects/hdf5/dev/test/trefer.c:1303:38: warning: ‘calloc’ sizes specified with ‘sizeof’ in the earlier argument and not in the later argument [-Wcalloc-transposed-args]
 1303 |     dwbuf = (uint8_t *)calloc(sizeof(uint8_t), (size_t)(SPACE2_DIM1 * SPACE2_DIM2));
      |                                      ^~~~~~~
/home/byrn/HDF_Projects/hdf5/dev/test/trefer.c:1303:38: note: earlier argument should specify number of elements, later size of each element
/home/byrn/HDF_Projects/hdf5/dev/test/trefer.c:1304:38: warning: ‘calloc’ sizes specified with ‘sizeof’ in the earlier argument and not in the later argument [-Wcalloc-transposed-args]
 1304 |     drbuf = (uint8_t *)calloc(sizeof(uint8_t), (size_t)(SPACE2_DIM1 * SPACE2_DIM2));
      |                                      ^~~~~~~
/home/byrn/HDF_Projects/hdf5/dev/test/trefer.c:1304:38: note: earlier argument should specify number of elements, later size of each element
/home/byrn/HDF_Projects/hdf5/dev/test/trefer.c: In function ‘test_reference_region_1D’:
/home/byrn/HDF_Projects/hdf5/dev/test/trefer.c:1757:27: warning: ‘calloc’ sizes specified with ‘sizeof’ in the earlier argument and not in the later argument [-Wcalloc-transposed-args]
 1757 |     wbuf  = calloc(sizeof(H5R_ref_t), (size_t)SPACE1_DIM1);
      |                           ^~~~~~~~~
/home/byrn/HDF_Projects/hdf5/dev/test/trefer.c:1757:27: note: earlier argument should specify number of elements, later size of each element
/home/byrn/HDF_Projects/hdf5/dev/test/trefer.c:1758:27: warning: ‘calloc’ sizes specified with ‘sizeof’ in the earlier argument and not in the later argument [-Wcalloc-transposed-args]
 1758 |     rbuf  = calloc(sizeof(H5R_ref_t), (size_t)SPACE1_DIM1);
      |                           ^~~~~~~~~
/home/byrn/HDF_Projects/hdf5/dev/test/trefer.c:1758:27: note: earlier argument should specify number of elements, later size of each element
/home/byrn/HDF_Projects/hdf5/dev/test/trefer.c:1759:38: warning: ‘calloc’ sizes specified with ‘sizeof’ in the earlier argument and not in the later argument [-Wcalloc-transposed-args]
 1759 |     dwbuf = (uint8_t *)calloc(sizeof(uint8_t), (size_t)SPACE3_DIM1);
      |                                      ^~~~~~~
/home/byrn/HDF_Projects/hdf5/dev/test/trefer.c:1759:38: note: earlier argument should specify number of elements, later size of each element
/home/byrn/HDF_Projects/hdf5/dev/test/trefer.c:1760:38: warning: ‘calloc’ sizes specified with ‘sizeof’ in the earlier argument and not in the later argument [-Wcalloc-transposed-args]
 1760 |     drbuf = (uint8_t *)calloc(sizeof(uint8_t), (size_t)SPACE3_DIM1);
      |                                      ^~~~~~~
/home/byrn/HDF_Projects/hdf5/dev/test/trefer.c:1760:38: note: earlier argument should specify number of elements, later size of each element
/home/byrn/HDF_Projects/hdf5/dev/test/trefer.c: In function ‘test_reference_compat_conv’:
/home/byrn/HDF_Projects/hdf5/dev/test/trefer.c:2922:44: warning: ‘calloc’ sizes specified with ‘sizeof’ in the earlier argument and not in the later argument [-Wcalloc-transposed-args]
 2922 |     wbuf_obj = (hobj_ref_t *)calloc(sizeof(hobj_ref_t), SPACE1_DIM1);
      |                                            ^~~~~~~~~~
/home/byrn/HDF_Projects/hdf5/dev/test/trefer.c:2922:44: note: earlier argument should specify number of elements, later size of each element
/home/byrn/HDF_Projects/hdf5/dev/test/trefer.c:2923:30: warning: ‘calloc’ sizes specified with ‘sizeof’ in the earlier argument and not in the later argument [-Wcalloc-transposed-args]
 2923 |     rbuf_obj = calloc(sizeof(H5R_ref_t), SPACE1_DIM1);
      |                              ^~~~~~~~~
/home/byrn/HDF_Projects/hdf5/dev/test/trefer.c:2923:30: note: earlier argument should specify number of elements, later size of each element
/home/byrn/HDF_Projects/hdf5/dev/test/trefer.c:2924:30: warning: ‘calloc’ sizes specified with ‘sizeof’ in the earlier argument and not in the later argument [-Wcalloc-transposed-args]
 2924 |     wbuf_reg = calloc(sizeof(hdset_reg_ref_t), SPACE1_DIM1);
      |                              ^~~~~~~~~~~~~~~
/home/byrn/HDF_Projects/hdf5/dev/test/trefer.c:2924:30: note: earlier argument should specify number of elements, later size of each element
/home/byrn/HDF_Projects/hdf5/dev/test/trefer.c:2925:30: warning: ‘calloc’ sizes specified with ‘sizeof’ in the earlier argument and not in the later argument [-Wcalloc-transposed-args]
 2925 |     rbuf_reg = calloc(sizeof(H5R_ref_t), SPACE1_DIM1);
      |                              ^~~~~~~~~
/home/byrn/HDF_Projects/hdf5/dev/test/trefer.c:2925:30: note: earlier argument should specify number of elements, later size of each element
/home/byrn/HDF_Projects/hdf5/dev/test/trefer.c: In function ‘test_reference_perf’:
/home/byrn/HDF_Projects/hdf5/dev/test/trefer.c:3231:37: warning: ‘calloc’ sizes specified with ‘sizeof’ in the earlier argument and not in the later argument [-Wcalloc-transposed-args]
 3231 |     wbuf            = calloc(sizeof(H5R_ref_t), SPACE1_DIM1);
      |                                     ^~~~~~~~~
/home/byrn/HDF_Projects/hdf5/dev/test/trefer.c:3231:37: note: earlier argument should specify number of elements, later size of each element
/home/byrn/HDF_Projects/hdf5/dev/test/trefer.c:3232:37: warning: ‘calloc’ sizes specified with ‘sizeof’ in the earlier argument and not in the later argument [-Wcalloc-transposed-args]
 3232 |     obuf            = calloc(sizeof(unsigned), SPACE1_DIM1);
      |                                     ^~~~~~~~
/home/byrn/HDF_Projects/hdf5/dev/test/trefer.c:3232:37: note: earlier argument should specify number of elements, later size of each element
/home/byrn/HDF_Projects/hdf5/dev/test/trefer.c:3233:37: warning: ‘calloc’ sizes specified with ‘sizeof’ in the earlier argument and not in the later argument [-Wcalloc-transposed-args]
 3233 |     ibuf            = calloc(sizeof(unsigned), SPACE1_DIM1);
      |                                     ^~~~~~~~
/home/byrn/HDF_Projects/hdf5/dev/test/trefer.c:3233:37: note: earlier argument should specify number of elements, later size of each element
/home/byrn/HDF_Projects/hdf5/dev/test/trefer.c:3234:51: warning: ‘calloc’ sizes specified with ‘sizeof’ in the earlier argument and not in the later argument [-Wcalloc-transposed-args]
 3234 |     wbuf_deprec     = (hobj_ref_t *)calloc(sizeof(hobj_ref_t), SPACE1_DIM1);
      |                                                   ^~~~~~~~~~
/home/byrn/HDF_Projects/hdf5/dev/test/trefer.c:3234:51: note: earlier argument should specify number of elements, later size of each element
/home/byrn/HDF_Projects/hdf5/dev/test/trefer.c:3235:50: warning: ‘calloc’ sizes specified with ‘sizeof’ in the earlier argument and not in the later argument [-Wcalloc-transposed-args]
 3235 |     rbuf            = (H5R_ref_t *)calloc(sizeof(H5R_ref_t), SPACE1_DIM1);
      |                                                  ^~~~~~~~~
/home/byrn/HDF_Projects/hdf5/dev/test/trefer.c:3235:50: note: earlier argument should specify number of elements, later size of each element
/home/byrn/HDF_Projects/hdf5/dev/test/trefer.c:3236:51: warning: ‘calloc’ sizes specified with ‘sizeof’ in the earlier argument and not in the later argument [-Wcalloc-transposed-args]
 3236 |     rbuf_deprec     = (hobj_ref_t *)calloc(sizeof(hobj_ref_t), SPACE1_DIM1);
      |                                                   ^~~~~~~~~~
/home/byrn/HDF_Projects/hdf5/dev/test/trefer.c:3236:51: note: earlier argument should specify number of elements, later size of each element
/home/byrn/HDF_Projects/hdf5/dev/test/trefer.c:3237:50: warning: ‘calloc’ sizes specified with ‘sizeof’ in the earlier argument and not in the later argument [-Wcalloc-transposed-args]
 3237 |     tbuf            = (H5R_ref_t *)calloc(sizeof(H5R_ref_t), SPACE1_DIM1);
      |                                                  ^~~~~~~~~
/home/byrn/HDF_Projects/hdf5/dev/test/trefer.c:3237:50: note: earlier argument should specify number of elements, later size of each element
/home/byrn/HDF_Projects/hdf5/dev/test/trefer.c:3238:50: warning: ‘calloc’ sizes specified with ‘sizeof’ in the earlier argument and not in the later argument [-Wcalloc-transposed-args]
 3238 |     wbuf_reg        = (H5R_ref_t *)calloc(sizeof(H5R_ref_t), SPACE1_DIM1);
      |                                                  ^~~~~~~~~
/home/byrn/HDF_Projects/hdf5/dev/test/trefer.c:3238:50: note: earlier argument should specify number of elements, later size of each element
/home/byrn/HDF_Projects/hdf5/dev/test/trefer.c:3239:50: warning: ‘calloc’ sizes specified with ‘sizeof’ in the earlier argument and not in the later argument [-Wcalloc-transposed-args]
 3239 |     rbuf_reg        = (H5R_ref_t *)calloc(sizeof(H5R_ref_t), SPACE1_DIM1);
      |                                                  ^~~~~~~~~
/home/byrn/HDF_Projects/hdf5/dev/test/trefer.c:3239:50: note: earlier argument should specify number of elements, later size of each element
/home/byrn/HDF_Projects/hdf5/dev/test/trefer.c:3240:56: warning: ‘calloc’ sizes specified with ‘sizeof’ in the earlier argument and not in the later argument [-Wcalloc-transposed-args]
 3240 |     wbuf_reg_deprec = (hdset_reg_ref_t *)calloc(sizeof(hdset_reg_ref_t), SPACE1_DIM1);
      |                                                        ^~~~~~~~~~~~~~~
/home/byrn/HDF_Projects/hdf5/dev/test/trefer.c:3240:56: note: earlier argument should specify number of elements, later size of each element
/home/byrn/HDF_Projects/hdf5/dev/test/trefer.c:3241:56: warning: ‘calloc’ sizes specified with ‘sizeof’ in the earlier argument and not in the later argument [-Wcalloc-transposed-args]
 3241 |     rbuf_reg_deprec = (hdset_reg_ref_t *)calloc(sizeof(hdset_reg_ref_t), SPACE1_DIM1);
      |                                                        ^~~~~~~~~~~~~~~
/home/byrn/HDF_Projects/hdf5/dev/test/trefer.c:3241:56: note: earlier argument should specify number of elements, later size of each element
[903/4114] /usr/bin/cc -DH5_BUILT_AS_DYNAMIC_LIB -DH5_HAVE_TEST_API -D_FILE_OFFSET_BITS=64 -D_GNU_SOURCE -D_LARGEFILE_SOURCE -D_POSIX_C_SOURCE=200809L -I/home/byrn/HDF_Projects/hdf5/dev/src -I/home/byrn/HDF_Projects/hdf5/dev/src/H5FDsubfiling -I/home/byrn/HDF_Projects/hdf5/build/ci-StdShar-GNUC/src -I/home/byrn/HDF_Projects/hdf5/build/ci-StdShar-GNUC/test -I/home/byrn/HDF_Projects/hdf5/dev/test -std=c99  -fstdarg-opt -fdiagnostics-urls=never -fno-diagnostics-color -fmessage-length=0 -O2 -g -DNDEBUG -std=gnu99 -fPIE -Wall -Wcast-qual -Wconversion -Wextra -Wfloat-equal -Wformat=2 -Winit-self -Winvalid-pch -Wmissing-include-dirs -Wshadow -Wundef -Wwrite-strings -pedantic -Wno-c++-compat -Wbad-function-cast -Wcast-align -Wformat -Wimplicit-function-declaration -Wint-to-pointer-cast -Wmissing-declarations -Wmissing-prototypes -Wnested-externs -Wold-style-definition -Wpacked -Wpointer-sign -Wpointer-to-int-cast -Wredundant-decls -Wstrict-prototypes -Wswitch -Wunused-but-set-variable -Wunused-variable -Wunused-function -Wunused-parameter -finline-functions -Wno-aggregate-return -Wno-inline -Wno-missing-format-attribute -Wno-missing-noreturn -Wno-overlength-strings -Wlarger-than=2560 -Wlogical-op -Wframe-larger-than=16384 -Wpacked-bitfield-compat -Wsync-nand -Wno-unsuffixed-float-constants -Wdouble-promotion -Wtrampolines -Wstack-usage=8192 -Wmaybe-uninitialized -Wno-jump-misses-init -Wstrict-overflow=2 -Wno-suggest-attribute=const -Wno-suggest-attribute=noreturn -Wno-suggest-attribute=pure -Wno-suggest-attribute=format -Wdate-time -Warray-bounds=2 -Wc99-c11-compat -Wincompatible-pointer-types -Wint-conversion -Wduplicated-cond -Whsa -Wnormalized -Wnull-dereference -Wunused-const-variable -Walloca -Walloc-zero -Wduplicated-branches -Wformat-overflow=2 -Wformat-truncation=1 -Wrestrict -Wattribute-alias -Wshift-overflow=2 -Wcast-function-type -Wcast-align=strict -Wno-suggest-attribute=cold -Wno-suggest-attribute=malloc -Wattribute-alias=2 -Wmissing-profile -Wc11-c2x-compat -MD -MT test/CMakeFiles/fheap.dir/fheap.c.o -MF test/CMakeFiles/fheap.dir/fheap.c.o.d -o test/CMakeFiles/fheap.dir/fheap.c.o -c /home/byrn/HDF_Projects/hdf5/dev/test/fheap.c
[904/4114] : && /usr/bin/cc -std=c99  -fstdarg-opt -fdiagnostics-urls=never -fno-diagnostics-color -fmessage-length=0 -O2 -g -DNDEBUG  test/CMakeFiles/fheap.dir/fheap.c.o -o bin/fheap  -Wl,-rpath,"\$ORIGIN/../lib:\$ORIGIN/"  bin/libhdf5_test.so.1000.0.0  -lm  bin/libhdf5.so.1000.0.0  -ldl && :
[905/4114] /usr/bin/cc -DH5_BUILT_AS_DYNAMIC_LIB -DH5_HAVE_TEST_API -D_FILE_OFFSET_BITS=64 -D_GNU_SOURCE -D_LARGEFILE_SOURCE -D_POSIX_C_SOURCE=200809L -I/home/byrn/HDF_Projects/hdf5/dev/src -I/home/byrn/HDF_Projects/hdf5/dev/src/H5FDsubfiling -I/home/byrn/HDF_Projects/hdf5/build/ci-StdShar-GNUC/src -I/home/byrn/HDF_Projects/hdf5/build/ci-StdShar-GNUC/test -I/home/byrn/HDF_Projects/hdf5/dev/test -std=c99  -fstdarg-opt -fdiagnostics-urls=never -fno-diagnostics-color -fmessage-length=0 -O2 -g -DNDEBUG -std=gnu99 -fPIE -Wall -Wcast-qual -Wconversion -Wextra -Wfloat-equal -Wformat=2 -Winit-self -Winvalid-pch -Wmissing-include-dirs -Wshadow -Wundef -Wwrite-strings -pedantic -Wno-c++-compat -Wbad-function-cast -Wcast-align -Wformat -Wimplicit-function-declaration -Wint-to-pointer-cast -Wmissing-declarations -Wmissing-prototypes -Wnested-externs -Wold-style-definition -Wpacked -Wpointer-sign -Wpointer-to-int-cast -Wredundant-decls -Wstrict-prototypes -Wswitch -Wunused-but-set-variable -Wunused-variable -Wunused-function -Wunused-parameter -finline-functions -Wno-aggregate-return -Wno-inline -Wno-missing-format-attribute -Wno-missing-noreturn -Wno-overlength-strings -Wlarger-than=2560 -Wlogical-op -Wframe-larger-than=16384 -Wpacked-bitfield-compat -Wsync-nand -Wno-unsuffixed-float-constants -Wdouble-promotion -Wtrampolines -Wstack-usage=8192 -Wmaybe-uninitialized -Wno-jump-misses-init -Wstrict-overflow=2 -Wno-suggest-attribute=const -Wno-suggest-attribute=noreturn -Wno-suggest-attribute=pure -Wno-suggest-attribute=format -Wdate-time -Warray-bounds=2 -Wc99-c11-compat -Wincompatible-pointer-types -Wint-conversion -Wduplicated-cond -Whsa -Wnormalized -Wnull-dereference -Wunused-const-variable -Walloca -Walloc-zero -Wduplicated-branches -Wformat-overflow=2 -Wformat-truncation=1 -Wrestrict -Wattribute-alias -Wshift-overflow=2 -Wcast-function-type -Wcast-align=strict -Wno-suggest-attribute=cold -Wno-suggest-attribute=malloc -Wattribute-alias=2 -Wmissing-profile -Wc11-c2x-compat -MD -MT test/CMakeFiles/testhdf5.dir/tskiplist.c.o -MF test/CMakeFiles/testhdf5.dir/tskiplist.c.o.d -o test/CMakeFiles/testhdf5.dir/tskiplist.c.o -c /home/byrn/HDF_Projects/hdf5/dev/test/tskiplist.c
[906/4114] /usr/bin/cc -DH5_BUILT_AS_DYNAMIC_LIB -DH5_HAVE_TEST_API -D_FILE_OFFSET_BITS=64 -D_GNU_SOURCE -D_LARGEFILE_SOURCE -D_POSIX_C_SOURCE=200809L -I/home/byrn/HDF_Projects/hdf5/dev/src -I/home/byrn/HDF_Projects/hdf5/dev/src/H5FDsubfiling -I/home/byrn/HDF_Projects/hdf5/build/ci-StdShar-GNUC/src -I/home/byrn/HDF_Projects/hdf5/build/ci-StdShar-GNUC/test -I/home/byrn/HDF_Projects/hdf5/dev/test -std=c99  -fstdarg-opt -fdiagnostics-urls=never -fno-diagnostics-color -fmessage-length=0 -O2 -g -DNDEBUG -std=gnu99 -fPIE -Wall -Wcast-qual -Wconversion -Wextra -Wfloat-equal -Wformat=2 -Winit-self -Winvalid-pch -Wmissing-include-dirs -Wshadow -Wundef -Wwrite-strings -pedantic -Wno-c++-compat -Wbad-function-cast -Wcast-align -Wformat -Wimplicit-function-declaration -Wint-to-pointer-cast -Wmissing-declarations -Wmissing-prototypes -Wnested-externs -Wold-style-definition -Wpacked -Wpointer-sign -Wpointer-to-int-cast -Wredundant-decls -Wstrict-prototypes -Wswitch -Wunused-but-set-variable -Wunused-variable -Wunused-function -Wunused-parameter -finline-functions -Wno-aggregate-return -Wno-inline -Wno-missing-format-attribute -Wno-missing-noreturn -Wno-overlength-strings -Wlarger-than=2560 -Wlogical-op -Wframe-larger-than=16384 -Wpacked-bitfield-compat -Wsync-nand -Wno-unsuffixed-float-constants -Wdouble-promotion -Wtrampolines -Wstack-usage=8192 -Wmaybe-uninitialized -Wno-jump-misses-init -Wstrict-overflow=2 -Wno-suggest-attribute=const -Wno-suggest-attribute=noreturn -Wno-suggest-attribute=pure -Wno-suggest-attribute=format -Wdate-time -Warray-bounds=2 -Wc99-c11-compat -Wincompatible-pointer-types -Wint-conversion -Wduplicated-cond -Whsa -Wnormalized -Wnull-dereference -Wunused-const-variable -Walloca -Walloc-zero -Wduplicated-branches -Wformat-overflow=2 -Wformat-truncation=1 -Wrestrict -Wattribute-alias -Wshift-overflow=2 -Wcast-function-type -Wcast-align=strict -Wno-suggest-attribute=cold -Wno-suggest-attribute=malloc -Wattribute-alias=2 -Wmissing-profile -Wc11-c2x-compat -MD -MT test/CMakeFiles/testhdf5.dir/ttime.c.o -MF test/CMakeFiles/testhdf5.dir/ttime.c.o.d -o test/CMakeFiles/testhdf5.dir/ttime.c.o -c /home/byrn/HDF_Projects/hdf5/dev/test/ttime.c
[907/4114] /usr/bin/cc -DH5_BUILT_AS_DYNAMIC_LIB -DH5_HAVE_TEST_API -D_FILE_OFFSET_BITS=64 -D_GNU_SOURCE -D_LARGEFILE_SOURCE -D_POSIX_C_SOURCE=200809L -I/home/byrn/HDF_Projects/hdf5/dev/src -I/home/byrn/HDF_Projects/hdf5/dev/src/H5FDsubfiling -I/home/byrn/HDF_Projects/hdf5/build/ci-StdShar-GNUC/src -I/home/byrn/HDF_Projects/hdf5/build/ci-StdShar-GNUC/test -I/home/byrn/HDF_Projects/hdf5/dev/test -std=c99  -fstdarg-opt -fdiagnostics-urls=never -fno-diagnostics-color -fmessage-length=0 -O2 -g -DNDEBUG -std=gnu99 -fPIE -Wall -Wcast-qual -Wconversion -Wextra -Wfloat-equal -Wformat=2 -Winit-self -Winvalid-pch -Wmissing-include-dirs -Wshadow -Wundef -Wwrite-strings -pedantic -Wno-c++-compat -Wbad-function-cast -Wcast-align -Wformat -Wimplicit-function-declaration -Wint-to-pointer-cast -Wmissing-declarations -Wmissing-prototypes -Wnested-externs -Wold-style-definition -Wpacked -Wpointer-sign -Wpointer-to-int-cast -Wredundant-decls -Wstrict-prototypes -Wswitch -Wunused-but-set-variable -Wunused-variable -Wunused-function -Wunused-parameter -finline-functions -Wno-aggregate-return -Wno-inline -Wno-missing-format-attribute -Wno-missing-noreturn -Wno-overlength-strings -Wlarger-than=2560 -Wlogical-op -Wframe-larger-than=16384 -Wpacked-bitfield-compat -Wsync-nand -Wno-unsuffixed-float-constants -Wdouble-promotion -Wtrampolines -Wstack-usage=8192 -Wmaybe-uninitialized -Wno-jump-misses-init -Wstrict-overflow=2 -Wno-suggest-attribute=const -Wno-suggest-attribute=noreturn -Wno-suggest-attribute=pure -Wno-suggest-attribute=format -Wdate-time -Warray-bounds=2 -Wc99-c11-compat -Wincompatible-pointer-types -Wint-conversion -Wduplicated-cond -Whsa -Wnormalized -Wnull-dereference -Wunused-const-variable -Walloca -Walloc-zero -Wduplicated-branches -Wformat-overflow=2 -Wformat-truncation=1 -Wrestrict -Wattribute-alias -Wshift-overflow=2 -Wcast-function-type -Wcast-align=strict -Wno-suggest-attribute=cold -Wno-suggest-attribute=malloc -Wattribute-alias=2 -Wmissing-profile -Wc11-c2x-compat -MD -MT test/CMakeFiles/testhdf5.dir/tunicode.c.o -MF test/CMakeFiles/testhdf5.dir/tunicode.c.o.d -o test/CMakeFiles/testhdf5.dir/tunicode.c.o -c /home/byrn/HDF_Projects/hdf5/dev/test/tunicode.c
[908/4114] /usr/bin/cc -DH5_BUILT_AS_DYNAMIC_LIB -DH5_HAVE_TEST_API -D_FILE_OFFSET_BITS=64 -D_GNU_SOURCE -D_LARGEFILE_SOURCE -D_POSIX_C_SOURCE=200809L -I/home/byrn/HDF_Projects/hdf5/dev/src -I/home/byrn/HDF_Projects/hdf5/dev/src/H5FDsubfiling -I/home/byrn/HDF_Projects/hdf5/build/ci-StdShar-GNUC/src -I/home/byrn/HDF_Projects/hdf5/build/ci-StdShar-GNUC/test -I/home/byrn/HDF_Projects/hdf5/dev/test -std=c99  -fstdarg-opt -fdiagnostics-urls=never -fno-diagnostics-color -fmessage-length=0 -O2 -g -DNDEBUG -std=gnu99 -fPIE -Wall -Wcast-qual -Wconversion -Wextra -Wfloat-equal -Wformat=2 -Winit-self -Winvalid-pch -Wmissing-include-dirs -Wshadow -Wundef -Wwrite-strings -pedantic -Wno-c++-compat -Wbad-function-cast -Wcast-align -Wformat -Wimplicit-function-declaration -Wint-to-pointer-cast -Wmissing-declarations -Wmissing-prototypes -Wnested-externs -Wold-style-definition -Wpacked -Wpointer-sign -Wpointer-to-int-cast -Wredundant-decls -Wstrict-prototypes -Wswitch -Wunused-but-set-variable -Wunused-variable -Wunused-function -Wunused-parameter -finline-functions -Wno-aggregate-return -Wno-inline -Wno-missing-format-attribute -Wno-missing-noreturn -Wno-overlength-strings -Wlarger-than=2560 -Wlogical-op -Wframe-larger-than=16384 -Wpacked-bitfield-compat -Wsync-nand -Wno-unsuffixed-float-constants -Wdouble-promotion -Wtrampolines -Wstack-usage=8192 -Wmaybe-uninitialized -Wno-jump-misses-init -Wstrict-overflow=2 -Wno-suggest-attribute=const -Wno-suggest-attribute=noreturn -Wno-suggest-attribute=pure -Wno-suggest-attribute=format -Wdate-time -Warray-bounds=2 -Wc99-c11-compat -Wincompatible-pointer-types -Wint-conversion -Wduplicated-cond -Whsa -Wnormalized -Wnull-dereference -Wunused-const-variable -Walloca -Walloc-zero -Wduplicated-branches -Wformat-overflow=2 -Wformat-truncation=1 -Wrestrict -Wattribute-alias -Wshift-overflow=2 -Wcast-function-type -Wcast-align=strict -Wno-suggest-attribute=cold -Wno-suggest-attribute=malloc -Wattribute-alias=2 -Wmissing-profile -Wc11-c2x-compat -MD -MT test/CMakeFiles/objcopy.dir/objcopy.c.o -MF test/CMakeFiles/objcopy.dir/objcopy.c.o.d -o test/CMakeFiles/objcopy.dir/objcopy.c.o -c /home/byrn/HDF_Projects/hdf5/dev/test/objcopy.c
[909/4114] : && /usr/bin/cc -std=c99  -fstdarg-opt -fdiagnostics-urls=never -fno-diagnostics-color -fmessage-length=0 -O2 -g -DNDEBUG  test/CMakeFiles/objcopy.dir/objcopy.c.o -o bin/objcopy  -Wl,-rpath,"\$ORIGIN/../lib:\$ORIGIN/"  bin/libhdf5_test.so.1000.0.0  -lm  bin/libhdf5.so.1000.0.0  -ldl && :
[910/4114] /usr/bin/cc -DH5_BUILT_AS_DYNAMIC_LIB -DH5_HAVE_TEST_API -D_FILE_OFFSET_BITS=64 -D_GNU_SOURCE -D_LARGEFILE_SOURCE -D_POSIX_C_SOURCE=200809L -I/home/byrn/HDF_Projects/hdf5/dev/src -I/home/byrn/HDF_Projects/hdf5/dev/src/H5FDsubfiling -I/home/byrn/HDF_Projects/hdf5/build/ci-StdShar-GNUC/src -I/home/byrn/HDF_Projects/hdf5/build/ci-StdShar-GNUC/test -I/home/byrn/HDF_Projects/hdf5/dev/test -std=c99  -fstdarg-opt -fdiagnostics-urls=never -fno-diagnostics-color -fmessage-length=0 -O2 -g -DNDEBUG -std=gnu99 -fPIE -Wall -Wcast-qual -Wconversion -Wextra -Wfloat-equal -Wformat=2 -Winit-self -Winvalid-pch -Wmissing-include-dirs -Wshadow -Wundef -Wwrite-strings -pedantic -Wno-c++-compat -Wbad-function-cast -Wcast-align -Wformat -Wimplicit-function-declaration -Wint-to-pointer-cast -Wmissing-declarations -Wmissing-prototypes -Wnested-externs -Wold-style-definition -Wpacked -Wpointer-sign -Wpointer-to-int-cast -Wredundant-decls -Wstrict-prototypes -Wswitch -Wunused-but-set-variable -Wunused-variable -Wunused-function -Wunused-parameter -finline-functions -Wno-aggregate-return -Wno-inline -Wno-missing-format-attribute -Wno-missing-noreturn -Wno-overlength-strings -Wlarger-than=2560 -Wlogical-op -Wframe-larger-than=16384 -Wpacked-bitfield-compat -Wsync-nand -Wno-unsuffixed-float-constants -Wdouble-promotion -Wtrampolines -Wstack-usage=8192 -Wmaybe-uninitialized -Wno-jump-misses-init -Wstrict-overflow=2 -Wno-suggest-attribute=const -Wno-suggest-attribute=noreturn -Wno-suggest-attribute=pure -Wno-suggest-attribute=format -Wdate-time -Warray-bounds=2 -Wc99-c11-compat -Wincompatible-pointer-types -Wint-conversion -Wduplicated-cond -Whsa -Wnormalized -Wnull-dereference -Wunused-const-variable -Walloca -Walloc-zero -Wduplicated-branches -Wformat-overflow=2 -Wformat-truncation=1 -Wrestrict -Wattribute-alias -Wshift-overflow=2 -Wcast-function-type -Wcast-align=strict -Wno-suggest-attribute=cold -Wno-suggest-attribute=malloc -Wattribute-alias=2 -Wmissing-profile -Wc11-c2x-compat -MD -MT test/CMakeFiles/testhdf5.dir/tvlstr.c.o -MF test/CMakeFiles/testhdf5.dir/tvlstr.c.o.d -o test/CMakeFiles/testhdf5.dir/tvlstr.c.o -c /home/byrn/HDF_Projects/hdf5/dev/test/tvlstr.c
[911/4114] /usr/bin/cc -DH5_BUILT_AS_DYNAMIC_LIB -DH5_HAVE_TEST_API -D_FILE_OFFSET_BITS=64 -D_GNU_SOURCE -D_LARGEFILE_SOURCE -D_POSIX_C_SOURCE=200809L -I/home/byrn/HDF_Projects/hdf5/dev/src -I/home/byrn/HDF_Projects/hdf5/dev/src/H5FDsubfiling -I/home/byrn/HDF_Projects/hdf5/build/ci-StdShar-GNUC/src -I/home/byrn/HDF_Projects/hdf5/build/ci-StdShar-GNUC/test -I/home/byrn/HDF_Projects/hdf5/dev/test -std=c99  -fstdarg-opt -fdiagnostics-urls=never -fno-diagnostics-color -fmessage-length=0 -O2 -g -DNDEBUG -std=gnu99 -fPIE -Wall -Wcast-qual -Wconversion -Wextra -Wfloat-equal -Wformat=2 -Winit-self -Winvalid-pch -Wmissing-include-dirs -Wshadow -Wundef -Wwrite-strings -pedantic -Wno-c++-compat -Wbad-function-cast -Wcast-align -Wformat -Wimplicit-function-declaration -Wint-to-pointer-cast -Wmissing-declarations -Wmissing-prototypes -Wnested-externs -Wold-style-definition -Wpacked -Wpointer-sign -Wpointer-to-int-cast -Wredundant-decls -Wstrict-prototypes -Wswitch -Wunused-but-set-variable -Wunused-variable -Wunused-function -Wunused-parameter -finline-functions -Wno-aggregate-return -Wno-inline -Wno-missing-format-attribute -Wno-missing-noreturn -Wno-overlength-strings -Wlarger-than=2560 -Wlogical-op -Wframe-larger-than=16384 -Wpacked-bitfield-compat -Wsync-nand -Wno-unsuffixed-float-constants -Wdouble-promotion -Wtrampolines -Wstack-usage=8192 -Wmaybe-uninitialized -Wno-jump-misses-init -Wstrict-overflow=2 -Wno-suggest-attribute=const -Wno-suggest-attribute=noreturn -Wno-suggest-attribute=pure -Wno-suggest-attribute=format -Wdate-time -Warray-bounds=2 -Wc99-c11-compat -Wincompatible-pointer-types -Wint-conversion -Wduplicated-cond -Whsa -Wnormalized -Wnull-dereference -Wunused-const-variable -Walloca -Walloc-zero -Wduplicated-branches -Wformat-overflow=2 -Wformat-truncation=1 -Wrestrict -Wattribute-alias -Wshift-overflow=2 -Wcast-function-type -Wcast-align=strict -Wno-suggest-attribute=cold -Wno-suggest-attribute=malloc -Wattribute-alias=2 -Wmissing-profile -Wc11-c2x-compat -MD -MT test/CMakeFiles/testhdf5.dir/tmisc.c.o -MF test/CMakeFiles/testhdf5.dir/tmisc.c.o.d -o test/CMakeFiles/testhdf5.dir/tmisc.c.o -c /home/byrn/HDF_Projects/hdf5/dev/test/tmisc.c
[912/4114] /usr/bin/cc -DH5_BUILT_AS_DYNAMIC_LIB -DH5_HAVE_TEST_API -D_FILE_OFFSET_BITS=64 -D_GNU_SOURCE -D_LARGEFILE_SOURCE -D_POSIX_C_SOURCE=200809L -I/home/byrn/HDF_Projects/hdf5/dev/src -I/home/byrn/HDF_Projects/hdf5/dev/src/H5FDsubfiling -I/home/byrn/HDF_Projects/hdf5/build/ci-StdShar-GNUC/src -I/home/byrn/HDF_Projects/hdf5/build/ci-StdShar-GNUC/test -I/home/byrn/HDF_Projects/hdf5/dev/test -std=c99  -fstdarg-opt -fdiagnostics-urls=never -fno-diagnostics-color -fmessage-length=0 -O2 -g -DNDEBUG -std=gnu99 -fPIE -Wall -Wcast-qual -Wconversion -Wextra -Wfloat-equal -Wformat=2 -Winit-self -Winvalid-pch -Wmissing-include-dirs -Wshadow -Wundef -Wwrite-strings -pedantic -Wno-c++-compat -Wbad-function-cast -Wcast-align -Wformat -Wimplicit-function-declaration -Wint-to-pointer-cast -Wmissing-declarations -Wmissing-prototypes -Wnested-externs -Wold-style-definition -Wpacked -Wpointer-sign -Wpointer-to-int-cast -Wredundant-decls -Wstrict-prototypes -Wswitch -Wunused-but-set-variable -Wunused-variable -Wunused-function -Wunused-parameter -finline-functions -Wno-aggregate-return -Wno-inline -Wno-missing-format-attribute -Wno-missing-noreturn -Wno-overlength-strings -Wlarger-than=2560 -Wlogical-op -Wframe-larger-than=16384 -Wpacked-bitfield-compat -Wsync-nand -Wno-unsuffixed-float-constants -Wdouble-promotion -Wtrampolines -Wstack-usage=8192 -Wmaybe-uninitialized -Wno-jump-misses-init -Wstrict-overflow=2 -Wno-suggest-attribute=const -Wno-suggest-attribute=noreturn -Wno-suggest-attribute=pure -Wno-suggest-attribute=format -Wdate-time -Warray-bounds=2 -Wc99-c11-compat -Wincompatible-pointer-types -Wint-conversion -Wduplicated-cond -Whsa -Wnormalized -Wnull-dereference -Wunused-const-variable -Walloca -Walloc-zero -Wduplicated-branches -Wformat-overflow=2 -Wformat-truncation=1 -Wrestrict -Wattribute-alias -Wshift-overflow=2 -Wcast-function-type -Wcast-align=strict -Wno-suggest-attribute=cold -Wno-suggest-attribute=malloc -Wattribute-alias=2 -Wmissing-profile -Wc11-c2x-compat -MD -MT test/CMakeFiles/ttsafe.dir/ttsafe.c.o -MF test/CMakeFiles/ttsafe.dir/ttsafe.c.o.d -o test/CMakeFiles/ttsafe.dir/ttsafe.c.o -c /home/byrn/HDF_Projects/hdf5/dev/test/ttsafe.c
[913/4114] /usr/bin/cc -DH5_BUILT_AS_DYNAMIC_LIB -DH5_HAVE_TEST_API -D_FILE_OFFSET_BITS=64 -D_GNU_SOURCE -D_LARGEFILE_SOURCE -D_POSIX_C_SOURCE=200809L -I/home/byrn/HDF_Projects/hdf5/dev/src -I/home/byrn/HDF_Projects/hdf5/dev/src/H5FDsubfiling -I/home/byrn/HDF_Projects/hdf5/build/ci-StdShar-GNUC/src -I/home/byrn/HDF_Projects/hdf5/build/ci-StdShar-GNUC/test -I/home/byrn/HDF_Projects/hdf5/dev/test -std=c99  -fstdarg-opt -fdiagnostics-urls=never -fno-diagnostics-color -fmessage-length=0 -O2 -g -DNDEBUG -std=gnu99 -fPIE -Wall -Wcast-qual -Wconversion -Wextra -Wfloat-equal -Wformat=2 -Winit-self -Winvalid-pch -Wmissing-include-dirs -Wshadow -Wundef -Wwrite-strings -pedantic -Wno-c++-compat -Wbad-function-cast -Wcast-align -Wformat -Wimplicit-function-declaration -Wint-to-pointer-cast -Wmissing-declarations -Wmissing-prototypes -Wnested-externs -Wold-style-definition -Wpacked -Wpointer-sign -Wpointer-to-int-cast -Wredundant-decls -Wstrict-prototypes -Wswitch -Wunused-but-set-variable -Wunused-variable -Wunused-function -Wunused-parameter -finline-functions -Wno-aggregate-return -Wno-inline -Wno-missing-format-attribute -Wno-missing-noreturn -Wno-overlength-strings -Wlarger-than=2560 -Wlogical-op -Wframe-larger-than=16384 -Wpacked-bitfield-compat -Wsync-nand -Wno-unsuffixed-float-constants -Wdouble-promotion -Wtrampolines -Wstack-usage=8192 -Wmaybe-uninitialized -Wno-jump-misses-init -Wstrict-overflow=2 -Wno-suggest-attribute=const -Wno-suggest-attribute=noreturn -Wno-suggest-attribute=pure -Wno-suggest-attribute=format -Wdate-time -Warray-bounds=2 -Wc99-c11-compat -Wincompatible-pointer-types -Wint-conversion -Wduplicated-cond -Whsa -Wnormalized -Wnull-dereference -Wunused-const-variable -Walloca -Walloc-zero -Wduplicated-branches -Wformat-overflow=2 -Wformat-truncation=1 -Wrestrict -Wattribute-alias -Wshift-overflow=2 -Wcast-function-type -Wcast-align=strict -Wno-suggest-attribute=cold -Wno-suggest-attribute=malloc -Wattribute-alias=2 -Wmissing-profile -Wc11-c2x-compat -MD -MT test/CMakeFiles/testhdf5.dir/tattr.c.o -MF test/CMakeFiles/testhdf5.dir/tattr.c.o.d -o test/CMakeFiles/testhdf5.dir/tattr.c.o -c /home/byrn/HDF_Projects/hdf5/dev/test/tattr.c
[914/4114] /usr/bin/cc -DH5_BUILT_AS_DYNAMIC_LIB -DH5_HAVE_TEST_API -D_FILE_OFFSET_BITS=64 -D_GNU_SOURCE -D_LARGEFILE_SOURCE -D_POSIX_C_SOURCE=200809L -I/home/byrn/HDF_Projects/hdf5/dev/src -I/home/byrn/HDF_Projects/hdf5/dev/src/H5FDsubfiling -I/home/byrn/HDF_Projects/hdf5/build/ci-StdShar-GNUC/src -I/home/byrn/HDF_Projects/hdf5/build/ci-StdShar-GNUC/test -I/home/byrn/HDF_Projects/hdf5/dev/test -std=c99  -fstdarg-opt -fdiagnostics-urls=never -fno-diagnostics-color -fmessage-length=0 -O2 -g -DNDEBUG -std=gnu99 -fPIE -Wall -Wcast-qual -Wconversion -Wextra -Wfloat-equal -Wformat=2 -Winit-self -Winvalid-pch -Wmissing-include-dirs -Wshadow -Wundef -Wwrite-strings -pedantic -Wno-c++-compat -Wbad-function-cast -Wcast-align -Wformat -Wimplicit-function-declaration -Wint-to-pointer-cast -Wmissing-declarations -Wmissing-prototypes -Wnested-externs -Wold-style-definition -Wpacked -Wpointer-sign -Wpointer-to-int-cast -Wredundant-decls -Wstrict-prototypes -Wswitch -Wunused-but-set-variable -Wunused-variable -Wunused-function -Wunused-parameter -finline-functions -Wno-aggregate-return -Wno-inline -Wno-missing-format-attribute -Wno-missing-noreturn -Wno-overlength-strings -Wlarger-than=2560 -Wlogical-op -Wframe-larger-than=16384 -Wpacked-bitfield-compat -Wsync-nand -Wno-unsuffixed-float-constants -Wdouble-promotion -Wtrampolines -Wstack-usage=8192 -Wmaybe-uninitialized -Wno-jump-misses-init -Wstrict-overflow=2 -Wno-suggest-attribute=const -Wno-suggest-attribute=noreturn -Wno-suggest-attribute=pure -Wno-suggest-attribute=format -Wdate-time -Warray-bounds=2 -Wc99-c11-compat -Wincompatible-pointer-types -Wint-conversion -Wduplicated-cond -Whsa -Wnormalized -Wnull-dereference -Wunused-const-variable -Walloca -Walloc-zero -Wduplicated-branches -Wformat-overflow=2 -Wformat-truncation=1 -Wrestrict -Wattribute-alias -Wshift-overflow=2 -Wcast-function-type -Wcast-align=strict -Wno-suggest-attribute=cold -Wno-suggest-attribute=malloc -Wattribute-alias=2 -Wmissing-profile -Wc11-c2x-compat -MD -MT test/CMakeFiles/ttsafe.dir/ttsafe_dcreate.c.o -MF test/CMakeFiles/ttsafe.dir/ttsafe_dcreate.c.o.d -o test/CMakeFiles/ttsafe.dir/ttsafe_dcreate.c.o -c /home/byrn/HDF_Projects/hdf5/dev/test/ttsafe_dcreate.c
[915/4114] /usr/bin/cc -DH5_BUILT_AS_DYNAMIC_LIB -DH5_HAVE_TEST_API -D_FILE_OFFSET_BITS=64 -D_GNU_SOURCE -D_LARGEFILE_SOURCE -D_POSIX_C_SOURCE=200809L -I/home/byrn/HDF_Projects/hdf5/dev/src -I/home/byrn/HDF_Projects/hdf5/dev/src/H5FDsubfiling -I/home/byrn/HDF_Projects/hdf5/build/ci-StdShar-GNUC/src -I/home/byrn/HDF_Projects/hdf5/build/ci-StdShar-GNUC/test -I/home/byrn/HDF_Projects/hdf5/dev/test -std=c99  -fstdarg-opt -fdiagnostics-urls=never -fno-diagnostics-color -fmessage-length=0 -O2 -g -DNDEBUG -std=gnu99 -fPIE -Wall -Wcast-qual -Wconversion -Wextra -Wfloat-equal -Wformat=2 -Winit-self -Winvalid-pch -Wmissing-include-dirs -Wshadow -Wundef -Wwrite-strings -pedantic -Wno-c++-compat -Wbad-function-cast -Wcast-align -Wformat -Wimplicit-function-declaration -Wint-to-pointer-cast -Wmissing-declarations -Wmissing-prototypes -Wnested-externs -Wold-style-definition -Wpacked -Wpointer-sign -Wpointer-to-int-cast -Wredundant-decls -Wstrict-prototypes -Wswitch -Wunused-but-set-variable -Wunused-variable -Wunused-function -Wunused-parameter -finline-functions -Wno-aggregate-return -Wno-inline -Wno-missing-format-attribute -Wno-missing-noreturn -Wno-overlength-strings -Wlarger-than=2560 -Wlogical-op -Wframe-larger-than=16384 -Wpacked-bitfield-compat -Wsync-nand -Wno-unsuffixed-float-constants -Wdouble-promotion -Wtrampolines -Wstack-usage=8192 -Wmaybe-uninitialized -Wno-jump-misses-init -Wstrict-overflow=2 -Wno-suggest-attribute=const -Wno-suggest-attribute=noreturn -Wno-suggest-attribute=pure -Wno-suggest-attribute=format -Wdate-time -Warray-bounds=2 -Wc99-c11-compat -Wincompatible-pointer-types -Wint-conversion -Wduplicated-cond -Whsa -Wnormalized -Wnull-dereference -Wunused-const-variable -Walloca -Walloc-zero -Wduplicated-branches -Wformat-overflow=2 -Wformat-truncation=1 -Wrestrict -Wattribute-alias -Wshift-overflow=2 -Wcast-function-type -Wcast-align=strict -Wno-suggest-attribute=cold -Wno-suggest-attribute=malloc -Wattribute-alias=2 -Wmissing-profile -Wc11-c2x-compat -MD -MT test/CMakeFiles/ttsafe.dir/ttsafe_error.c.o -MF test/CMakeFiles/ttsafe.dir/ttsafe_error.c.o.d -o test/CMakeFiles/ttsafe.dir/ttsafe_error.c.o -c /home/byrn/HDF_Projects/hdf5/dev/test/ttsafe_error.c
[916/4114] /usr/bin/cc -DH5_BUILT_AS_DYNAMIC_LIB -DH5_HAVE_TEST_API -D_FILE_OFFSET_BITS=64 -D_GNU_SOURCE -D_LARGEFILE_SOURCE -D_POSIX_C_SOURCE=200809L -I/home/byrn/HDF_Projects/hdf5/dev/src -I/home/byrn/HDF_Projects/hdf5/dev/src/H5FDsubfiling -I/home/byrn/HDF_Projects/hdf5/build/ci-StdShar-GNUC/src -I/home/byrn/HDF_Projects/hdf5/build/ci-StdShar-GNUC/test -I/home/byrn/HDF_Projects/hdf5/dev/test -std=c99  -fstdarg-opt -fdiagnostics-urls=never -fno-diagnostics-color -fmessage-length=0 -O2 -g -DNDEBUG -std=gnu99 -fPIE -Wall -Wcast-qual -Wconversion -Wextra -Wfloat-equal -Wformat=2 -Winit-self -Winvalid-pch -Wmissing-include-dirs -Wshadow -Wundef -Wwrite-strings -pedantic -Wno-c++-compat -Wbad-function-cast -Wcast-align -Wformat -Wimplicit-function-declaration -Wint-to-pointer-cast -Wmissing-declarations -Wmissing-prototypes -Wnested-externs -Wold-style-definition -Wpacked -Wpointer-sign -Wpointer-to-int-cast -Wredundant-decls -Wstrict-prototypes -Wswitch -Wunused-but-set-variable -Wunused-variable -Wunused-function -Wunused-parameter -finline-functions -Wno-aggregate-return -Wno-inline -Wno-missing-format-attribute -Wno-missing-noreturn -Wno-overlength-strings -Wlarger-than=2560 -Wlogical-op -Wframe-larger-than=16384 -Wpacked-bitfield-compat -Wsync-nand -Wno-unsuffixed-float-constants -Wdouble-promotion -Wtrampolines -Wstack-usage=8192 -Wmaybe-uninitialized -Wno-jump-misses-init -Wstrict-overflow=2 -Wno-suggest-attribute=const -Wno-suggest-attribute=noreturn -Wno-suggest-attribute=pure -Wno-suggest-attribute=format -Wdate-time -Warray-bounds=2 -Wc99-c11-compat -Wincompatible-pointer-types -Wint-conversion -Wduplicated-cond -Whsa -Wnormalized -Wnull-dereference -Wunused-const-variable -Walloca -Walloc-zero -Wduplicated-branches -Wformat-overflow=2 -Wformat-truncation=1 -Wrestrict -Wattribute-alias -Wshift-overflow=2 -Wcast-function-type -Wcast-align=strict -Wno-suggest-attribute=cold -Wno-suggest-attribute=malloc -Wattribute-alias=2 -Wmissing-profile -Wc11-c2x-compat -MD -MT test/CMakeFiles/ttsafe.dir/ttsafe_cancel.c.o -MF test/CMakeFiles/ttsafe.dir/ttsafe_cancel.c.o.d -o test/CMakeFiles/ttsafe.dir/ttsafe_cancel.c.o -c /home/byrn/HDF_Projects/hdf5/dev/test/ttsafe_cancel.c
[917/4114] /usr/bin/cc -DH5_BUILT_AS_DYNAMIC_LIB -DH5_HAVE_TEST_API -D_FILE_OFFSET_BITS=64 -D_GNU_SOURCE -D_LARGEFILE_SOURCE -D_POSIX_C_SOURCE=200809L -I/home/byrn/HDF_Projects/hdf5/dev/src -I/home/byrn/HDF_Projects/hdf5/dev/src/H5FDsubfiling -I/home/byrn/HDF_Projects/hdf5/build/ci-StdShar-GNUC/src -I/home/byrn/HDF_Projects/hdf5/build/ci-StdShar-GNUC/test -I/home/byrn/HDF_Projects/hdf5/dev/test -std=c99  -fstdarg-opt -fdiagnostics-urls=never -fno-diagnostics-color -fmessage-length=0 -O2 -g -DNDEBUG -std=gnu99 -fPIE -Wall -Wcast-qual -Wconversion -Wextra -Wfloat-equal -Wformat=2 -Winit-self -Winvalid-pch -Wmissing-include-dirs -Wshadow -Wundef -Wwrite-strings -pedantic -Wno-c++-compat -Wbad-function-cast -Wcast-align -Wformat -Wimplicit-function-declaration -Wint-to-pointer-cast -Wmissing-declarations -Wmissing-prototypes -Wnested-externs -Wold-style-definition -Wpacked -Wpointer-sign -Wpointer-to-int-cast -Wredundant-decls -Wstrict-prototypes -Wswitch -Wunused-but-set-variable -Wunused-variable -Wunused-function -Wunused-parameter -finline-functions -Wno-aggregate-return -Wno-inline -Wno-missing-format-attribute -Wno-missing-noreturn -Wno-overlength-strings -Wlarger-than=2560 -Wlogical-op -Wframe-larger-than=16384 -Wpacked-bitfield-compat -Wsync-nand -Wno-unsuffixed-float-constants -Wdouble-promotion -Wtrampolines -Wstack-usage=8192 -Wmaybe-uninitialized -Wno-jump-misses-init -Wstrict-overflow=2 -Wno-suggest-attribute=const -Wno-suggest-attribute=noreturn -Wno-suggest-attribute=pure -Wno-suggest-attribute=format -Wdate-time -Warray-bounds=2 -Wc99-c11-compat -Wincompatible-pointer-types -Wint-conversion -Wduplicated-cond -Whsa -Wnormalized -Wnull-dereference -Wunused-const-variable -Walloca -Walloc-zero -Wduplicated-branches -Wformat-overflow=2 -Wformat-truncation=1 -Wrestrict -Wattribute-alias -Wshift-overflow=2 -Wcast-function-type -Wcast-align=strict -Wno-suggest-attribute=cold -Wno-suggest-attribute=malloc -Wattribute-alias=2 -Wmissing-profile -Wc11-c2x-compat -MD -MT test/CMakeFiles/ttsafe.dir/ttsafe_acreate.c.o -MF test/CMakeFiles/ttsafe.dir/ttsafe_acreate.c.o.d -o test/CMakeFiles/ttsafe.dir/ttsafe_acreate.c.o -c /home/byrn/HDF_Projects/hdf5/dev/test/ttsafe_acreate.c
[918/4114] /usr/bin/cc -DH5_BUILT_AS_DYNAMIC_LIB -DH5_HAVE_TEST_API -D_FILE_OFFSET_BITS=64 -D_GNU_SOURCE -D_LARGEFILE_SOURCE -D_POSIX_C_SOURCE=200809L -I/home/byrn/HDF_Projects/hdf5/dev/src -I/home/byrn/HDF_Projects/hdf5/dev/src/H5FDsubfiling -I/home/byrn/HDF_Projects/hdf5/build/ci-StdShar-GNUC/src -I/home/byrn/HDF_Projects/hdf5/build/ci-StdShar-GNUC/test -I/home/byrn/HDF_Projects/hdf5/dev/test -std=c99  -fstdarg-opt -fdiagnostics-urls=never -fno-diagnostics-color -fmessage-length=0 -O2 -g -DNDEBUG -std=gnu99 -fPIE -Wall -Wcast-qual -Wconversion -Wextra -Wfloat-equal -Wformat=2 -Winit-self -Winvalid-pch -Wmissing-include-dirs -Wshadow -Wundef -Wwrite-strings -pedantic -Wno-c++-compat -Wbad-function-cast -Wcast-align -Wformat -Wimplicit-function-declaration -Wint-to-pointer-cast -Wmissing-declarations -Wmissing-prototypes -Wnested-externs -Wold-style-definition -Wpacked -Wpointer-sign -Wpointer-to-int-cast -Wredundant-decls -Wstrict-prototypes -Wswitch -Wunused-but-set-variable -Wunused-variable -Wunused-function -Wunused-parameter -finline-functions -Wno-aggregate-return -Wno-inline -Wno-missing-format-attribute -Wno-missing-noreturn -Wno-overlength-strings -Wlarger-than=2560 -Wlogical-op -Wframe-larger-than=16384 -Wpacked-bitfield-compat -Wsync-nand -Wno-unsuffixed-float-constants -Wdouble-promotion -Wtrampolines -Wstack-usage=8192 -Wmaybe-uninitialized -Wno-jump-misses-init -Wstrict-overflow=2 -Wno-suggest-attribute=const -Wno-suggest-attribute=noreturn -Wno-suggest-attribute=pure -Wno-suggest-attribute=format -Wdate-time -Warray-bounds=2 -Wc99-c11-compat -Wincompatible-pointer-types -Wint-conversion -Wduplicated-cond -Whsa -Wnormalized -Wnull-dereference -Wunused-const-variable -Walloca -Walloc-zero -Wduplicated-branches -Wformat-overflow=2 -Wformat-truncation=1 -Wrestrict -Wattribute-alias -Wshift-overflow=2 -Wcast-function-type -Wcast-align=strict -Wno-suggest-attribute=cold -Wno-suggest-attribute=malloc -Wattribute-alias=2 -Wmissing-profile -Wc11-c2x-compat -MD -MT test/CMakeFiles/ttsafe.dir/ttsafe_attr_vlen.c.o -MF test/CMakeFiles/ttsafe.dir/ttsafe_attr_vlen.c.o.d -o test/CMakeFiles/ttsafe.dir/ttsafe_attr_vlen.c.o -c /home/byrn/HDF_Projects/hdf5/dev/test/ttsafe_attr_vlen.c
[919/4114] /usr/bin/cc -DH5_BUILT_AS_DYNAMIC_LIB -DH5_HAVE_TEST_API -D_FILE_OFFSET_BITS=64 -D_GNU_SOURCE -D_LARGEFILE_SOURCE -D_POSIX_C_SOURCE=200809L -I/home/byrn/HDF_Projects/hdf5/dev/src -I/home/byrn/HDF_Projects/hdf5/dev/src/H5FDsubfiling -I/home/byrn/HDF_Projects/hdf5/build/ci-StdShar-GNUC/src -I/home/byrn/HDF_Projects/hdf5/build/ci-StdShar-GNUC/test -I/home/byrn/HDF_Projects/hdf5/dev/test -std=c99  -fstdarg-opt -fdiagnostics-urls=never -fno-diagnostics-color -fmessage-length=0 -O2 -g -DNDEBUG -std=gnu99 -fPIE -Wall -Wcast-qual -Wconversion -Wextra -Wfloat-equal -Wformat=2 -Winit-self -Winvalid-pch -Wmissing-include-dirs -Wshadow -Wundef -Wwrite-strings -pedantic -Wno-c++-compat -Wbad-function-cast -Wcast-align -Wformat -Wimplicit-function-declaration -Wint-to-pointer-cast -Wmissing-declarations -Wmissing-prototypes -Wnested-externs -Wold-style-definition -Wpacked -Wpointer-sign -Wpointer-to-int-cast -Wredundant-decls -Wstrict-prototypes -Wswitch -Wunused-but-set-variable -Wunused-variable -Wunused-function -Wunused-parameter -finline-functions -Wno-aggregate-return -Wno-inline -Wno-missing-format-attribute -Wno-missing-noreturn -Wno-overlength-strings -Wlarger-than=2560 -Wlogical-op -Wframe-larger-than=16384 -Wpacked-bitfield-compat -Wsync-nand -Wno-unsuffixed-float-constants -Wdouble-promotion -Wtrampolines -Wstack-usage=8192 -Wmaybe-uninitialized -Wno-jump-misses-init -Wstrict-overflow=2 -Wno-suggest-attribute=const -Wno-suggest-attribute=noreturn -Wno-suggest-attribute=pure -Wno-suggest-attribute=format -Wdate-time -Warray-bounds=2 -Wc99-c11-compat -Wincompatible-pointer-types -Wint-conversion -Wduplicated-cond -Whsa -Wnormalized -Wnull-dereference -Wunused-const-variable -Walloca -Walloc-zero -Wduplicated-branches -Wformat-overflow=2 -Wformat-truncation=1 -Wrestrict -Wattribute-alias -Wshift-overflow=2 -Wcast-function-type -Wcast-align=strict -Wno-suggest-attribute=cold -Wno-suggest-attribute=malloc -Wattribute-alias=2 -Wmissing-profile -Wc11-c2x-compat -MD -MT test/CMakeFiles/thread_id.dir/thread_id.c.o -MF test/CMakeFiles/thread_id.dir/thread_id.c.o.d -o test/CMakeFiles/thread_id.dir/thread_id.c.o -c /home/byrn/HDF_Projects/hdf5/dev/test/thread_id.c
[920/4114] : && /usr/bin/cc -std=c99  -fstdarg-opt -fdiagnostics-urls=never -fno-diagnostics-color -fmessage-length=0 -O2 -g -DNDEBUG  test/CMakeFiles/ttsafe.dir/ttsafe.c.o test/CMakeFiles/ttsafe.dir/ttsafe_dcreate.c.o test/CMakeFiles/ttsafe.dir/ttsafe_error.c.o test/CMakeFiles/ttsafe.dir/ttsafe_cancel.c.o test/CMakeFiles/ttsafe.dir/ttsafe_acreate.c.o test/CMakeFiles/ttsafe.dir/ttsafe_attr_vlen.c.o -o bin/ttsafe  -Wl,-rpath,"\$ORIGIN/../lib:\$ORIGIN/"  bin/libhdf5_test.so.1000.0.0  -lm  bin/libhdf5.so.1000.0.0  -ldl && :
[921/4114] : && /usr/bin/cc -std=c99  -fstdarg-opt -fdiagnostics-urls=never -fno-diagnostics-color -fmessage-length=0 -O2 -g -DNDEBUG  test/CMakeFiles/thread_id.dir/thread_id.c.o -o bin/thread_id  -Wl,-rpath,"\$ORIGIN/../lib:\$ORIGIN/"  bin/libhdf5_test.so.1000.0.0  -lm  bin/libhdf5.so.1000.0.0  -ldl && :
[922/4114] /usr/bin/cc -DH5_BUILT_AS_DYNAMIC_LIB -DH5_HAVE_TEST_API -D_FILE_OFFSET_BITS=64 -D_GNU_SOURCE -D_LARGEFILE_SOURCE -D_POSIX_C_SOURCE=200809L -I/home/byrn/HDF_Projects/hdf5/dev/src -I/home/byrn/HDF_Projects/hdf5/dev/src/H5FDsubfiling -I/home/byrn/HDF_Projects/hdf5/build/ci-StdShar-GNUC/src -I/home/byrn/HDF_Projects/hdf5/build/ci-StdShar-GNUC/test -I/home/byrn/HDF_Projects/hdf5/dev/test -std=c99  -fstdarg-opt -fdiagnostics-urls=never -fno-diagnostics-color -fmessage-length=0 -O2 -g -DNDEBUG -std=gnu99 -fPIE -Wall -Wcast-qual -Wconversion -Wextra -Wfloat-equal -Wformat=2 -Winit-self -Winvalid-pch -Wmissing-include-dirs -Wshadow -Wundef -Wwrite-strings -pedantic -Wno-c++-compat -Wbad-function-cast -Wcast-align -Wformat -Wimplicit-function-declaration -Wint-to-pointer-cast -Wmissing-declarations -Wmissing-prototypes -Wnested-externs -Wold-style-definition -Wpacked -Wpointer-sign -Wpointer-to-int-cast -Wredundant-decls -Wstrict-prototypes -Wswitch -Wunused-but-set-variable -Wunused-variable -Wunused-function -Wunused-parameter -finline-functions -Wno-aggregate-return -Wno-inline -Wno-missing-format-attribute -Wno-missing-noreturn -Wno-overlength-strings -Wlarger-than=2560 -Wlogical-op -Wframe-larger-than=16384 -Wpacked-bitfield-compat -Wsync-nand -Wno-unsuffixed-float-constants -Wdouble-promotion -Wtrampolines -Wstack-usage=8192 -Wmaybe-uninitialized -Wno-jump-misses-init -Wstrict-overflow=2 -Wno-suggest-attribute=const -Wno-suggest-attribute=noreturn -Wno-suggest-attribute=pure -Wno-suggest-attribute=format -Wdate-time -Warray-bounds=2 -Wc99-c11-compat -Wincompatible-pointer-types -Wint-conversion -Wduplicated-cond -Whsa -Wnormalized -Wnull-dereference -Wunused-const-variable -Walloca -Walloc-zero -Wduplicated-branches -Wformat-overflow=2 -Wformat-truncation=1 -Wrestrict -Wattribute-alias -Wshift-overflow=2 -Wcast-function-type -Wcast-align=strict -Wno-suggest-attribute=cold -Wno-suggest-attribute=malloc -Wattribute-alias=2 -Wmissing-profile -Wc11-c2x-compat -MD -MT test/CMakeFiles/cache_image.dir/genall5.c.o -MF test/CMakeFiles/cache_image.dir/genall5.c.o.d -o test/CMakeFiles/cache_image.dir/genall5.c.o -c /home/byrn/HDF_Projects/hdf5/dev/test/genall5.c
[923/4114] /usr/bin/cc -DH5_BUILT_AS_DYNAMIC_LIB -DH5_HAVE_TEST_API -D_FILE_OFFSET_BITS=64 -D_GNU_SOURCE -D_LARGEFILE_SOURCE -D_POSIX_C_SOURCE=200809L -I/home/byrn/HDF_Projects/hdf5/dev/src -I/home/byrn/HDF_Projects/hdf5/dev/src/H5FDsubfiling -I/home/byrn/HDF_Projects/hdf5/build/ci-StdShar-GNUC/src -I/home/byrn/HDF_Projects/hdf5/build/ci-StdShar-GNUC/test -I/home/byrn/HDF_Projects/hdf5/dev/test -std=c99  -fstdarg-opt -fdiagnostics-urls=never -fno-diagnostics-color -fmessage-length=0 -O2 -g -DNDEBUG -std=gnu99 -fPIE -Wall -Wcast-qual -Wconversion -Wextra -Wfloat-equal -Wformat=2 -Winit-self -Winvalid-pch -Wmissing-include-dirs -Wshadow -Wundef -Wwrite-strings -pedantic -Wno-c++-compat -Wbad-function-cast -Wcast-align -Wformat -Wimplicit-function-declaration -Wint-to-pointer-cast -Wmissing-declarations -Wmissing-prototypes -Wnested-externs -Wold-style-definition -Wpacked -Wpointer-sign -Wpointer-to-int-cast -Wredundant-decls -Wstrict-prototypes -Wswitch -Wunused-but-set-variable -Wunused-variable -Wunused-function -Wunused-parameter -finline-functions -Wno-aggregate-return -Wno-inline -Wno-missing-format-attribute -Wno-missing-noreturn -Wno-overlength-strings -Wlarger-than=2560 -Wlogical-op -Wframe-larger-than=16384 -Wpacked-bitfield-compat -Wsync-nand -Wno-unsuffixed-float-constants -Wdouble-promotion -Wtrampolines -Wstack-usage=8192 -Wmaybe-uninitialized -Wno-jump-misses-init -Wstrict-overflow=2 -Wno-suggest-attribute=const -Wno-suggest-attribute=noreturn -Wno-suggest-attribute=pure -Wno-suggest-attribute=format -Wdate-time -Warray-bounds=2 -Wc99-c11-compat -Wincompatible-pointer-types -Wint-conversion -Wduplicated-cond -Whsa -Wnormalized -Wnull-dereference -Wunused-const-variable -Walloca -Walloc-zero -Wduplicated-branches -Wformat-overflow=2 -Wformat-truncation=1 -Wrestrict -Wattribute-alias -Wshift-overflow=2 -Wcast-function-type -Wcast-align=strict -Wno-suggest-attribute=cold -Wno-suggest-attribute=malloc -Wattribute-alias=2 -Wmissing-profile -Wc11-c2x-compat -MD -MT test/CMakeFiles/cache_image.dir/cache_image.c.o -MF test/CMakeFiles/cache_image.dir/cache_image.c.o.d -o test/CMakeFiles/cache_image.dir/cache_image.c.o -c /home/byrn/HDF_Projects/hdf5/dev/test/cache_image.c
[924/4114] /usr/bin/cc -DH5_BUILT_AS_DYNAMIC_LIB -DH5_HAVE_TEST_API -D_FILE_OFFSET_BITS=64 -D_GNU_SOURCE -D_LARGEFILE_SOURCE -D_POSIX_C_SOURCE=200809L -I/home/byrn/HDF_Projects/hdf5/dev/src -I/home/byrn/HDF_Projects/hdf5/dev/src/H5FDsubfiling -I/home/byrn/HDF_Projects/hdf5/build/ci-StdShar-GNUC/src -I/home/byrn/HDF_Projects/hdf5/build/ci-StdShar-GNUC/test -I/home/byrn/HDF_Projects/hdf5/dev/test -std=c99  -fstdarg-opt -fdiagnostics-urls=never -fno-diagnostics-color -fmessage-length=0 -O2 -g -DNDEBUG -std=gnu99 -fPIE -Wall -Wcast-qual -Wconversion -Wextra -Wfloat-equal -Wformat=2 -Winit-self -Winvalid-pch -Wmissing-include-dirs -Wshadow -Wundef -Wwrite-strings -pedantic -Wno-c++-compat -Wbad-function-cast -Wcast-align -Wformat -Wimplicit-function-declaration -Wint-to-pointer-cast -Wmissing-declarations -Wmissing-prototypes -Wnested-externs -Wold-style-definition -Wpacked -Wpointer-sign -Wpointer-to-int-cast -Wredundant-decls -Wstrict-prototypes -Wswitch -Wunused-but-set-variable -Wunused-variable -Wunused-function -Wunused-parameter -finline-functions -Wno-aggregate-return -Wno-inline -Wno-missing-format-attribute -Wno-missing-noreturn -Wno-overlength-strings -Wlarger-than=2560 -Wlogical-op -Wframe-larger-than=16384 -Wpacked-bitfield-compat -Wsync-nand -Wno-unsuffixed-float-constants -Wdouble-promotion -Wtrampolines -Wstack-usage=8192 -Wmaybe-uninitialized -Wno-jump-misses-init -Wstrict-overflow=2 -Wno-suggest-attribute=const -Wno-suggest-attribute=noreturn -Wno-suggest-attribute=pure -Wno-suggest-attribute=format -Wdate-time -Warray-bounds=2 -Wc99-c11-compat -Wincompatible-pointer-types -Wint-conversion -Wduplicated-cond -Whsa -Wnormalized -Wnull-dereference -Wunused-const-variable -Walloca -Walloc-zero -Wduplicated-branches -Wformat-overflow=2 -Wformat-truncation=1 -Wrestrict -Wattribute-alias -Wshift-overflow=2 -Wcast-function-type -Wcast-align=strict -Wno-suggest-attribute=cold -Wno-suggest-attribute=malloc -Wattribute-alias=2 -Wmissing-profile -Wc11-c2x-compat -MD -MT test/CMakeFiles/tcheck_version.dir/tcheck_version.c.o -MF test/CMakeFiles/tcheck_version.dir/tcheck_version.c.o.d -o test/CMakeFiles/tcheck_version.dir/tcheck_version.c.o -c /home/byrn/HDF_Projects/hdf5/dev/test/tcheck_version.c
[925/4114] : && /usr/bin/cc -std=c99  -fstdarg-opt -fdiagnostics-urls=never -fno-diagnostics-color -fmessage-length=0 -O2 -g -DNDEBUG  test/CMakeFiles/cache_image.dir/cache_image.c.o test/CMakeFiles/cache_image.dir/genall5.c.o -o bin/cache_image  -Wl,-rpath,"\$ORIGIN/../lib:\$ORIGIN/"  bin/libhdf5_test.so.1000.0.0  -lm  bin/libhdf5.so.1000.0.0  -ldl && :
[926/4114] : && /usr/bin/cc -std=c99  -fstdarg-opt -fdiagnostics-urls=never -fno-diagnostics-color -fmessage-length=0 -O2 -g -DNDEBUG  test/CMakeFiles/tcheck_version.dir/tcheck_version.c.o -o bin/tcheck_version  -Wl,-rpath,"\$ORIGIN/../lib:\$ORIGIN/"  bin/libhdf5_test.so.1000.0.0  -lm  bin/libhdf5.so.1000.0.0  -ldl && :
[927/4114] /usr/bin/cc -DH5_BUILT_AS_DYNAMIC_LIB -DH5_HAVE_TEST_API -D_FILE_OFFSET_BITS=64 -D_GNU_SOURCE -D_LARGEFILE_SOURCE -D_POSIX_C_SOURCE=200809L -I/home/byrn/HDF_Projects/hdf5/dev/src -I/home/byrn/HDF_Projects/hdf5/dev/src/H5FDsubfiling -I/home/byrn/HDF_Projects/hdf5/build/ci-StdShar-GNUC/src -I/home/byrn/HDF_Projects/hdf5/build/ci-StdShar-GNUC/test -I/home/byrn/HDF_Projects/hdf5/dev/test -std=c99  -fstdarg-opt -fdiagnostics-urls=never -fno-diagnostics-color -fmessage-length=0 -O2 -g -DNDEBUG -std=gnu99 -fPIE -Wall -Wcast-qual -Wconversion -Wextra -Wfloat-equal -Wformat=2 -Winit-self -Winvalid-pch -Wmissing-include-dirs -Wshadow -Wundef -Wwrite-strings -pedantic -Wno-c++-compat -Wbad-function-cast -Wcast-align -Wformat -Wimplicit-function-declaration -Wint-to-pointer-cast -Wmissing-declarations -Wmissing-prototypes -Wnested-externs -Wold-style-definition -Wpacked -Wpointer-sign -Wpointer-to-int-cast -Wredundant-decls -Wstrict-prototypes -Wswitch -Wunused-but-set-variable -Wunused-variable -Wunused-function -Wunused-parameter -finline-functions -Wno-aggregate-return -Wno-inline -Wno-missing-format-attribute -Wno-missing-noreturn -Wno-overlength-strings -Wlarger-than=2560 -Wlogical-op -Wframe-larger-than=16384 -Wpacked-bitfield-compat -Wsync-nand -Wno-unsuffixed-float-constants -Wdouble-promotion -Wtrampolines -Wstack-usage=8192 -Wmaybe-uninitialized -Wno-jump-misses-init -Wstrict-overflow=2 -Wno-suggest-attribute=const -Wno-suggest-attribute=noreturn -Wno-suggest-attribute=pure -Wno-suggest-attribute=format -Wdate-time -Warray-bounds=2 -Wc99-c11-compat -Wincompatible-pointer-types -Wint-conversion -Wduplicated-cond -Whsa -Wnormalized -Wnull-dereference -Wunused-const-variable -Walloca -Walloc-zero -Wduplicated-branches -Wformat-overflow=2 -Wformat-truncation=1 -Wrestrict -Wattribute-alias -Wshift-overflow=2 -Wcast-function-type -Wcast-align=strict -Wno-suggest-attribute=cold -Wno-suggest-attribute=malloc -Wattribute-alias=2 -Wmissing-profile -Wc11-c2x-compat -MD -MT test/CMakeFiles/err_compat.dir/err_compat.c.o -MF test/CMakeFiles/err_compat.dir/err_compat.c.o.d -o test/CMakeFiles/err_compat.dir/err_compat.c.o -c /home/byrn/HDF_Projects/hdf5/dev/test/err_compat.c
[928/4114] : && /usr/bin/cc -std=c99  -fstdarg-opt -fdiagnostics-urls=never -fno-diagnostics-color -fmessage-length=0 -O2 -g -DNDEBUG  test/CMakeFiles/err_compat.dir/err_compat.c.o -o bin/err_compat  -Wl,-rpath,"\$ORIGIN/../lib:\$ORIGIN/"  bin/libhdf5_test.so.1000.0.0  -lm  bin/libhdf5.so.1000.0.0  -ldl && :
[929/4114] /usr/bin/cc -DH5_BUILT_AS_DYNAMIC_LIB -DH5_HAVE_TEST_API -D_FILE_OFFSET_BITS=64 -D_GNU_SOURCE -D_LARGEFILE_SOURCE -D_POSIX_C_SOURCE=200809L -I/home/byrn/HDF_Projects/hdf5/dev/src -I/home/byrn/HDF_Projects/hdf5/dev/src/H5FDsubfiling -I/home/byrn/HDF_Projects/hdf5/build/ci-StdShar-GNUC/src -I/home/byrn/HDF_Projects/hdf5/build/ci-StdShar-GNUC/test -I/home/byrn/HDF_Projects/hdf5/dev/test -std=c99  -fstdarg-opt -fdiagnostics-urls=never -fno-diagnostics-color -fmessage-length=0 -O2 -g -DNDEBUG -std=gnu99 -fPIE -Wall -Wcast-qual -Wconversion -Wextra -Wfloat-equal -Wformat=2 -Winit-self -Winvalid-pch -Wmissing-include-dirs -Wshadow -Wundef -Wwrite-strings -pedantic -Wno-c++-compat -Wbad-function-cast -Wcast-align -Wformat -Wimplicit-function-declaration -Wint-to-pointer-cast -Wmissing-declarations -Wmissing-prototypes -Wnested-externs -Wold-style-definition -Wpacked -Wpointer-sign -Wpointer-to-int-cast -Wredundant-decls -Wstrict-prototypes -Wswitch -Wunused-but-set-variable -Wunused-variable -Wunused-function -Wunused-parameter -finline-functions -Wno-aggregate-return -Wno-inline -Wno-missing-format-attribute -Wno-missing-noreturn -Wno-overlength-strings -Wlarger-than=2560 -Wlogical-op -Wframe-larger-than=16384 -Wpacked-bitfield-compat -Wsync-nand -Wno-unsuffixed-float-constants -Wdouble-promotion -Wtrampolines -Wstack-usage=8192 -Wmaybe-uninitialized -Wno-jump-misses-init -Wstrict-overflow=2 -Wno-suggest-attribute=const -Wno-suggest-attribute=noreturn -Wno-suggest-attribute=pure -Wno-suggest-attribute=format -Wdate-time -Warray-bounds=2 -Wc99-c11-compat -Wincompatible-pointer-types -Wint-conversion -Wduplicated-cond -Whsa -Wnormalized -Wnull-dereference -Wunused-const-variable -Walloca -Walloc-zero -Wduplicated-branches -Wformat-overflow=2 -Wformat-truncation=1 -Wrestrict -Wattribute-alias -Wshift-overflow=2 -Wcast-function-type -Wcast-align=strict -Wno-suggest-attribute=cold -Wno-suggest-attribute=malloc -Wattribute-alias=2 -Wmissing-profile -Wc11-c2x-compat -MD -MT test/CMakeFiles/atomic_writer.dir/atomic_writer.c.o -MF test/CMakeFiles/atomic_writer.dir/atomic_writer.c.o.d -o test/CMakeFiles/atomic_writer.dir/atomic_writer.c.o -c /home/byrn/HDF_Projects/hdf5/dev/test/atomic_writer.c
[930/4114] : && /usr/bin/cc -std=c99  -fstdarg-opt -fdiagnostics-urls=never -fno-diagnostics-color -fmessage-length=0 -O2 -g -DNDEBUG  test/CMakeFiles/atomic_writer.dir/atomic_writer.c.o -o bin/atomic_writer  -Wl,-rpath,"\$ORIGIN/../lib:\$ORIGIN/"  bin/libhdf5_test.so.1000.0.0  -lm  bin/libhdf5.so.1000.0.0  -ldl && :
[931/4114] /usr/bin/cc -DH5_BUILT_AS_DYNAMIC_LIB -DH5_HAVE_TEST_API -D_FILE_OFFSET_BITS=64 -D_GNU_SOURCE -D_LARGEFILE_SOURCE -D_POSIX_C_SOURCE=200809L -I/home/byrn/HDF_Projects/hdf5/dev/src -I/home/byrn/HDF_Projects/hdf5/dev/src/H5FDsubfiling -I/home/byrn/HDF_Projects/hdf5/build/ci-StdShar-GNUC/src -I/home/byrn/HDF_Projects/hdf5/build/ci-StdShar-GNUC/test -I/home/byrn/HDF_Projects/hdf5/dev/test -std=c99  -fstdarg-opt -fdiagnostics-urls=never -fno-diagnostics-color -fmessage-length=0 -O2 -g -DNDEBUG -std=gnu99 -fPIE -Wall -Wcast-qual -Wconversion -Wextra -Wfloat-equal -Wformat=2 -Winit-self -Winvalid-pch -Wmissing-include-dirs -Wshadow -Wundef -Wwrite-strings -pedantic -Wno-c++-compat -Wbad-function-cast -Wcast-align -Wformat -Wimplicit-function-declaration -Wint-to-pointer-cast -Wmissing-declarations -Wmissing-prototypes -Wnested-externs -Wold-style-definition -Wpacked -Wpointer-sign -Wpointer-to-int-cast -Wredundant-decls -Wstrict-prototypes -Wswitch -Wunused-but-set-variable -Wunused-variable -Wunused-function -Wunused-parameter -finline-functions -Wno-aggregate-return -Wno-inline -Wno-missing-format-attribute -Wno-missing-noreturn -Wno-overlength-strings -Wlarger-than=2560 -Wlogical-op -Wframe-larger-than=16384 -Wpacked-bitfield-compat -Wsync-nand -Wno-unsuffixed-float-constants -Wdouble-promotion -Wtrampolines -Wstack-usage=8192 -Wmaybe-uninitialized -Wno-jump-misses-init -Wstrict-overflow=2 -Wno-suggest-attribute=const -Wno-suggest-attribute=noreturn -Wno-suggest-attribute=pure -Wno-suggest-attribute=format -Wdate-time -Warray-bounds=2 -Wc99-c11-compat -Wincompatible-pointer-types -Wint-conversion -Wduplicated-cond -Whsa -Wnormalized -Wnull-dereference -Wunused-const-variable -Walloca -Walloc-zero -Wduplicated-branches -Wformat-overflow=2 -Wformat-truncation=1 -Wrestrict -Wattribute-alias -Wshift-overflow=2 -Wcast-function-type -Wcast-align=strict -Wno-suggest-attribute=cold -Wno-suggest-attribute=malloc -Wattribute-alias=2 -Wmissing-profile -Wc11-c2x-compat -MD -MT test/CMakeFiles/error_test.dir/error_test.c.o -MF test/CMakeFiles/error_test.dir/error_test.c.o.d -o test/CMakeFiles/error_test.dir/error_test.c.o -c /home/byrn/HDF_Projects/hdf5/dev/test/error_test.c
[932/4114] /usr/bin/cc -DH5_BUILT_AS_DYNAMIC_LIB -DH5_HAVE_TEST_API -D_FILE_OFFSET_BITS=64 -D_GNU_SOURCE -D_LARGEFILE_SOURCE -D_POSIX_C_SOURCE=200809L -I/home/byrn/HDF_Projects/hdf5/dev/src -I/home/byrn/HDF_Projects/hdf5/dev/src/H5FDsubfiling -I/home/byrn/HDF_Projects/hdf5/build/ci-StdShar-GNUC/src -I/home/byrn/HDF_Projects/hdf5/build/ci-StdShar-GNUC/test -I/home/byrn/HDF_Projects/hdf5/dev/test -std=c99  -fstdarg-opt -fdiagnostics-urls=never -fno-diagnostics-color -fmessage-length=0 -O2 -g -DNDEBUG -std=gnu99 -fPIE -Wall -Wcast-qual -Wconversion -Wextra -Wfloat-equal -Wformat=2 -Winit-self -Winvalid-pch -Wmissing-include-dirs -Wshadow -Wundef -Wwrite-strings -pedantic -Wno-c++-compat -Wbad-function-cast -Wcast-align -Wformat -Wimplicit-function-declaration -Wint-to-pointer-cast -Wmissing-declarations -Wmissing-prototypes -Wnested-externs -Wold-style-definition -Wpacked -Wpointer-sign -Wpointer-to-int-cast -Wredundant-decls -Wstrict-prototypes -Wswitch -Wunused-but-set-variable -Wunused-variable -Wunused-function -Wunused-parameter -finline-functions -Wno-aggregate-return -Wno-inline -Wno-missing-format-attribute -Wno-missing-noreturn -Wno-overlength-strings -Wlarger-than=2560 -Wlogical-op -Wframe-larger-than=16384 -Wpacked-bitfield-compat -Wsync-nand -Wno-unsuffixed-float-constants -Wdouble-promotion -Wtrampolines -Wstack-usage=8192 -Wmaybe-uninitialized -Wno-jump-misses-init -Wstrict-overflow=2 -Wno-suggest-attribute=const -Wno-suggest-attribute=noreturn -Wno-suggest-attribute=pure -Wno-suggest-attribute=format -Wdate-time -Warray-bounds=2 -Wc99-c11-compat -Wincompatible-pointer-types -Wint-conversion -Wduplicated-cond -Whsa -Wnormalized -Wnull-dereference -Wunused-const-variable -Walloca -Walloc-zero -Wduplicated-branches -Wformat-overflow=2 -Wformat-truncation=1 -Wrestrict -Wattribute-alias -Wshift-overflow=2 -Wcast-function-type -Wcast-align=strict -Wno-suggest-attribute=cold -Wno-suggest-attribute=malloc -Wattribute-alias=2 -Wmissing-profile -Wc11-c2x-compat -MD -MT test/CMakeFiles/testhdf5.dir/tvltypes.c.o -MF test/CMakeFiles/testhdf5.dir/tvltypes.c.o.d -o test/CMakeFiles/testhdf5.dir/tvltypes.c.o -c /home/byrn/HDF_Projects/hdf5/dev/test/tvltypes.c
[933/4114] /usr/bin/cc -DH5_BUILT_AS_DYNAMIC_LIB -DH5_HAVE_TEST_API -D_FILE_OFFSET_BITS=64 -D_GNU_SOURCE -D_LARGEFILE_SOURCE -D_POSIX_C_SOURCE=200809L -I/home/byrn/HDF_Projects/hdf5/dev/src -I/home/byrn/HDF_Projects/hdf5/dev/src/H5FDsubfiling -I/home/byrn/HDF_Projects/hdf5/build/ci-StdShar-GNUC/src -I/home/byrn/HDF_Projects/hdf5/build/ci-StdShar-GNUC/test -I/home/byrn/HDF_Projects/hdf5/dev/test -std=c99  -fstdarg-opt -fdiagnostics-urls=never -fno-diagnostics-color -fmessage-length=0 -O2 -g -DNDEBUG -std=gnu99 -fPIE -Wall -Wcast-qual -Wconversion -Wextra -Wfloat-equal -Wformat=2 -Winit-self -Winvalid-pch -Wmissing-include-dirs -Wshadow -Wundef -Wwrite-strings -pedantic -Wno-c++-compat -Wbad-function-cast -Wcast-align -Wformat -Wimplicit-function-declaration -Wint-to-pointer-cast -Wmissing-declarations -Wmissing-prototypes -Wnested-externs -Wold-style-definition -Wpacked -Wpointer-sign -Wpointer-to-int-cast -Wredundant-decls -Wstrict-prototypes -Wswitch -Wunused-but-set-variable -Wunused-variable -Wunused-function -Wunused-parameter -finline-functions -Wno-aggregate-return -Wno-inline -Wno-missing-format-attribute -Wno-missing-noreturn -Wno-overlength-strings -Wlarger-than=2560 -Wlogical-op -Wframe-larger-than=16384 -Wpacked-bitfield-compat -Wsync-nand -Wno-unsuffixed-float-constants -Wdouble-promotion -Wtrampolines -Wstack-usage=8192 -Wmaybe-uninitialized -Wno-jump-misses-init -Wstrict-overflow=2 -Wno-suggest-attribute=const -Wno-suggest-attribute=noreturn -Wno-suggest-attribute=pure -Wno-suggest-attribute=format -Wdate-time -Warray-bounds=2 -Wc99-c11-compat -Wincompatible-pointer-types -Wint-conversion -Wduplicated-cond -Whsa -Wnormalized -Wnull-dereference -Wunused-const-variable -Walloca -Walloc-zero -Wduplicated-branches -Wformat-overflow=2 -Wformat-truncation=1 -Wrestrict -Wattribute-alias -Wshift-overflow=2 -Wcast-function-type -Wcast-align=strict -Wno-suggest-attribute=cold -Wno-suggest-attribute=malloc -Wattribute-alias=2 -Wmissing-profile -Wc11-c2x-compat -MD -MT test/CMakeFiles/testmeta.dir/testmeta.c.o -MF test/CMakeFiles/testmeta.dir/testmeta.c.o.d -o test/CMakeFiles/testmeta.dir/testmeta.c.o -c /home/byrn/HDF_Projects/hdf5/dev/test/testmeta.c
[934/4114] /usr/bin/cc -DH5_BUILT_AS_DYNAMIC_LIB -DH5_HAVE_TEST_API -D_FILE_OFFSET_BITS=64 -D_GNU_SOURCE -D_LARGEFILE_SOURCE -D_POSIX_C_SOURCE=200809L -I/home/byrn/HDF_Projects/hdf5/dev/src -I/home/byrn/HDF_Projects/hdf5/dev/src/H5FDsubfiling -I/home/byrn/HDF_Projects/hdf5/build/ci-StdShar-GNUC/src -I/home/byrn/HDF_Projects/hdf5/build/ci-StdShar-GNUC/test -I/home/byrn/HDF_Projects/hdf5/dev/test -std=c99  -fstdarg-opt -fdiagnostics-urls=never -fno-diagnostics-color -fmessage-length=0 -O2 -g -DNDEBUG -std=gnu99 -fPIE -Wall -Wcast-qual -Wconversion -Wextra -Wfloat-equal -Wformat=2 -Winit-self -Winvalid-pch -Wmissing-include-dirs -Wshadow -Wundef -Wwrite-strings -pedantic -Wno-c++-compat -Wbad-function-cast -Wcast-align -Wformat -Wimplicit-function-declaration -Wint-to-pointer-cast -Wmissing-declarations -Wmissing-prototypes -Wnested-externs -Wold-style-definition -Wpacked -Wpointer-sign -Wpointer-to-int-cast -Wredundant-decls -Wstrict-prototypes -Wswitch -Wunused-but-set-variable -Wunused-variable -Wunused-function -Wunused-parameter -finline-functions -Wno-aggregate-return -Wno-inline -Wno-missing-format-attribute -Wno-missing-noreturn -Wno-overlength-strings -Wlarger-than=2560 -Wlogical-op -Wframe-larger-than=16384 -Wpacked-bitfield-compat -Wsync-nand -Wno-unsuffixed-float-constants -Wdouble-promotion -Wtrampolines -Wstack-usage=8192 -Wmaybe-uninitialized -Wno-jump-misses-init -Wstrict-overflow=2 -Wno-suggest-attribute=const -Wno-suggest-attribute=noreturn -Wno-suggest-attribute=pure -Wno-suggest-attribute=format -Wdate-time -Warray-bounds=2 -Wc99-c11-compat -Wincompatible-pointer-types -Wint-conversion -Wduplicated-cond -Whsa -Wnormalized -Wnull-dereference -Wunused-const-variable -Walloca -Walloc-zero -Wduplicated-branches -Wformat-overflow=2 -Wformat-truncation=1 -Wrestrict -Wattribute-alias -Wshift-overflow=2 -Wcast-function-type -Wcast-align=strict -Wno-suggest-attribute=cold -Wno-suggest-attribute=malloc -Wattribute-alias=2 -Wmissing-profile -Wc11-c2x-compat -MD -MT test/CMakeFiles/atomic_reader.dir/atomic_reader.c.o -MF test/CMakeFiles/atomic_reader.dir/atomic_reader.c.o.d -o test/CMakeFiles/atomic_reader.dir/atomic_reader.c.o -c /home/byrn/HDF_Projects/hdf5/dev/test/atomic_reader.c
[935/4114] : && /usr/bin/cc -std=c99  -fstdarg-opt -fdiagnostics-urls=never -fno-diagnostics-color -fmessage-length=0 -O2 -g -DNDEBUG  test/CMakeFiles/error_test.dir/error_test.c.o -o bin/error_test  -Wl,-rpath,"\$ORIGIN/../lib:\$ORIGIN/"  bin/libhdf5_test.so.1000.0.0  -lm  bin/libhdf5.so.1000.0.0  -ldl && :
[936/4114] : && /usr/bin/cc -std=c99  -fstdarg-opt -fdiagnostics-urls=never -fno-diagnostics-color -fmessage-length=0 -O2 -g -DNDEBUG  test/CMakeFiles/testmeta.dir/testmeta.c.o -o bin/testmeta  -Wl,-rpath,"\$ORIGIN/../lib:\$ORIGIN/"  bin/libhdf5_test.so.1000.0.0  -lm  bin/libhdf5.so.1000.0.0  -ldl && :
[937/4114] : && /usr/bin/cc -std=c99  -fstdarg-opt -fdiagnostics-urls=never -fno-diagnostics-color -fmessage-length=0 -O2 -g -DNDEBUG  test/CMakeFiles/atomic_reader.dir/atomic_reader.c.o -o bin/atomic_reader  -Wl,-rpath,"\$ORIGIN/../lib:\$ORIGIN/"  bin/libhdf5_test.so.1000.0.0  -lm  bin/libhdf5.so.1000.0.0  -ldl && :
[938/4114] /usr/bin/cc -DH5_BUILT_AS_DYNAMIC_LIB -DH5_HAVE_TEST_API -D_FILE_OFFSET_BITS=64 -D_GNU_SOURCE -D_LARGEFILE_SOURCE -D_POSIX_C_SOURCE=200809L -I/home/byrn/HDF_Projects/hdf5/dev/src -I/home/byrn/HDF_Projects/hdf5/dev/src/H5FDsubfiling -I/home/byrn/HDF_Projects/hdf5/build/ci-StdShar-GNUC/src -I/home/byrn/HDF_Projects/hdf5/build/ci-StdShar-GNUC/test -I/home/byrn/HDF_Projects/hdf5/dev/test -std=c99  -fstdarg-opt -fdiagnostics-urls=never -fno-diagnostics-color -fmessage-length=0 -O2 -g -DNDEBUG -std=gnu99 -fPIE -Wall -Wcast-qual -Wconversion -Wextra -Wfloat-equal -Wformat=2 -Winit-self -Winvalid-pch -Wmissing-include-dirs -Wshadow -Wundef -Wwrite-strings -pedantic -Wno-c++-compat -Wbad-function-cast -Wcast-align -Wformat -Wimplicit-function-declaration -Wint-to-pointer-cast -Wmissing-declarations -Wmissing-prototypes -Wnested-externs -Wold-style-definition -Wpacked -Wpointer-sign -Wpointer-to-int-cast -Wredundant-decls -Wstrict-prototypes -Wswitch -Wunused-but-set-variable -Wunused-variable -Wunused-function -Wunused-parameter -finline-functions -Wno-aggregate-return -Wno-inline -Wno-missing-format-attribute -Wno-missing-noreturn -Wno-overlength-strings -Wlarger-than=2560 -Wlogical-op -Wframe-larger-than=16384 -Wpacked-bitfield-compat -Wsync-nand -Wno-unsuffixed-float-constants -Wdouble-promotion -Wtrampolines -Wstack-usage=8192 -Wmaybe-uninitialized -Wno-jump-misses-init -Wstrict-overflow=2 -Wno-suggest-attribute=const -Wno-suggest-attribute=noreturn -Wno-suggest-attribute=pure -Wno-suggest-attribute=format -Wdate-time -Warray-bounds=2 -Wc99-c11-compat -Wincompatible-pointer-types -Wint-conversion -Wduplicated-cond -Whsa -Wnormalized -Wnull-dereference -Wunused-const-variable -Walloca -Walloc-zero -Wduplicated-branches -Wformat-overflow=2 -Wformat-truncation=1 -Wrestrict -Wattribute-alias -Wshift-overflow=2 -Wcast-function-type -Wcast-align=strict -Wno-suggest-attribute=cold -Wno-suggest-attribute=malloc -Wattribute-alias=2 -Wmissing-profile -Wc11-c2x-compat -MD -MT test/CMakeFiles/filenotclosed.dir/filenotclosed.c.o -MF test/CMakeFiles/filenotclosed.dir/filenotclosed.c.o.d -o test/CMakeFiles/filenotclosed.dir/filenotclosed.c.o -c /home/byrn/HDF_Projects/hdf5/dev/test/filenotclosed.c
[939/4114] /usr/bin/cc -DH5_BUILT_AS_DYNAMIC_LIB -DH5_HAVE_TEST_API -D_FILE_OFFSET_BITS=64 -D_GNU_SOURCE -D_LARGEFILE_SOURCE -D_POSIX_C_SOURCE=200809L -I/home/byrn/HDF_Projects/hdf5/dev/src -I/home/byrn/HDF_Projects/hdf5/dev/src/H5FDsubfiling -I/home/byrn/HDF_Projects/hdf5/build/ci-StdShar-GNUC/src -I/home/byrn/HDF_Projects/hdf5/build/ci-StdShar-GNUC/test -I/home/byrn/HDF_Projects/hdf5/dev/test -std=c99  -fstdarg-opt -fdiagnostics-urls=never -fno-diagnostics-color -fmessage-length=0 -O2 -g -DNDEBUG -std=gnu99 -fPIE -Wall -Wcast-qual -Wconversion -Wextra -Wfloat-equal -Wformat=2 -Winit-self -Winvalid-pch -Wmissing-include-dirs -Wshadow -Wundef -Wwrite-strings -pedantic -Wno-c++-compat -Wbad-function-cast -Wcast-align -Wformat -Wimplicit-function-declaration -Wint-to-pointer-cast -Wmissing-declarations -Wmissing-prototypes -Wnested-externs -Wold-style-definition -Wpacked -Wpointer-sign -Wpointer-to-int-cast -Wredundant-decls -Wstrict-prototypes -Wswitch -Wunused-but-set-variable -Wunused-variable -Wunused-function -Wunused-parameter -finline-functions -Wno-aggregate-return -Wno-inline -Wno-missing-format-attribute -Wno-missing-noreturn -Wno-overlength-strings -Wlarger-than=2560 -Wlogical-op -Wframe-larger-than=16384 -Wpacked-bitfield-compat -Wsync-nand -Wno-unsuffixed-float-constants -Wdouble-promotion -Wtrampolines -Wstack-usage=8192 -Wmaybe-uninitialized -Wno-jump-misses-init -Wstrict-overflow=2 -Wno-suggest-attribute=const -Wno-suggest-attribute=noreturn -Wno-suggest-attribute=pure -Wno-suggest-attribute=format -Wdate-time -Warray-bounds=2 -Wc99-c11-compat -Wincompatible-pointer-types -Wint-conversion -Wduplicated-cond -Whsa -Wnormalized -Wnull-dereference -Wunused-const-variable -Walloca -Walloc-zero -Wduplicated-branches -Wformat-overflow=2 -Wformat-truncation=1 -Wrestrict -Wattribute-alias -Wshift-overflow=2 -Wcast-function-type -Wcast-align=strict -Wno-suggest-attribute=cold -Wno-suggest-attribute=malloc -Wattribute-alias=2 -Wmissing-profile -Wc11-c2x-compat -MD -MT test/CMakeFiles/links_env.dir/links_env.c.o -MF test/CMakeFiles/links_env.dir/links_env.c.o.d -o test/CMakeFiles/links_env.dir/links_env.c.o -c /home/byrn/HDF_Projects/hdf5/dev/test/links_env.c
[940/4114] : && /usr/bin/cc -std=c99  -fstdarg-opt -fdiagnostics-urls=never -fno-diagnostics-color -fmessage-length=0 -O2 -g -DNDEBUG  test/CMakeFiles/filenotclosed.dir/filenotclosed.c.o -o bin/filenotclosed  -Wl,-rpath,"\$ORIGIN/../lib:\$ORIGIN/"  bin/libhdf5_test.so.1000.0.0  -lm  bin/libhdf5.so.1000.0.0  -ldl && :
[941/4114] /usr/bin/cc -DH5_BUILT_AS_DYNAMIC_LIB -DH5_HAVE_TEST_API -D_FILE_OFFSET_BITS=64 -D_GNU_SOURCE -D_LARGEFILE_SOURCE -D_POSIX_C_SOURCE=200809L -I/home/byrn/HDF_Projects/hdf5/dev/src -I/home/byrn/HDF_Projects/hdf5/dev/src/H5FDsubfiling -I/home/byrn/HDF_Projects/hdf5/build/ci-StdShar-GNUC/src -I/home/byrn/HDF_Projects/hdf5/build/ci-StdShar-GNUC/test -I/home/byrn/HDF_Projects/hdf5/dev/test -std=c99  -fstdarg-opt -fdiagnostics-urls=never -fno-diagnostics-color -fmessage-length=0 -O2 -g -DNDEBUG -std=gnu99 -fPIE -Wall -Wcast-qual -Wconversion -Wextra -Wfloat-equal -Wformat=2 -Winit-self -Winvalid-pch -Wmissing-include-dirs -Wshadow -Wundef -Wwrite-strings -pedantic -Wno-c++-compat -Wbad-function-cast -Wcast-align -Wformat -Wimplicit-function-declaration -Wint-to-pointer-cast -Wmissing-declarations -Wmissing-prototypes -Wnested-externs -Wold-style-definition -Wpacked -Wpointer-sign -Wpointer-to-int-cast -Wredundant-decls -Wstrict-prototypes -Wswitch -Wunused-but-set-variable -Wunused-variable -Wunused-function -Wunused-parameter -finline-functions -Wno-aggregate-return -Wno-inline -Wno-missing-format-attribute -Wno-missing-noreturn -Wno-overlength-strings -Wlarger-than=2560 -Wlogical-op -Wframe-larger-than=16384 -Wpacked-bitfield-compat -Wsync-nand -Wno-unsuffixed-float-constants -Wdouble-promotion -Wtrampolines -Wstack-usage=8192 -Wmaybe-uninitialized -Wno-jump-misses-init -Wstrict-overflow=2 -Wno-suggest-attribute=const -Wno-suggest-attribute=noreturn -Wno-suggest-attribute=pure -Wno-suggest-attribute=format -Wdate-time -Warray-bounds=2 -Wc99-c11-compat -Wincompatible-pointer-types -Wint-conversion -Wduplicated-cond -Whsa -Wnormalized -Wnull-dereference -Wunused-const-variable -Walloca -Walloc-zero -Wduplicated-branches -Wformat-overflow=2 -Wformat-truncation=1 -Wrestrict -Wattribute-alias -Wshift-overflow=2 -Wcast-function-type -Wcast-align=strict -Wno-suggest-attribute=cold -Wno-suggest-attribute=malloc -Wattribute-alias=2 -Wmissing-profile -Wc11-c2x-compat -MD -MT test/CMakeFiles/del_many_dense_attrs.dir/del_many_dense_attrs.c.o -MF test/CMakeFiles/del_many_dense_attrs.dir/del_many_dense_attrs.c.o.d -o test/CMakeFiles/del_many_dense_attrs.dir/del_many_dense_attrs.c.o -c /home/byrn/HDF_Projects/hdf5/dev/test/del_many_dense_attrs.c
[942/4114] : && /usr/bin/cc -std=c99  -fstdarg-opt -fdiagnostics-urls=never -fno-diagnostics-color -fmessage-length=0 -O2 -g -DNDEBUG  test/CMakeFiles/links_env.dir/links_env.c.o -o bin/links_env  -Wl,-rpath,"\$ORIGIN/../lib:\$ORIGIN/"  bin/libhdf5_test.so.1000.0.0  -lm  bin/libhdf5.so.1000.0.0  -ldl && :
[943/4114] : && /usr/bin/cc -std=c99  -fstdarg-opt -fdiagnostics-urls=never -fno-diagnostics-color -fmessage-length=0 -O2 -g -DNDEBUG  test/CMakeFiles/del_many_dense_attrs.dir/del_many_dense_attrs.c.o -o bin/del_many_dense_attrs  -Wl,-rpath,"\$ORIGIN/../lib:\$ORIGIN/"  bin/libhdf5_test.so.1000.0.0  -lm  bin/libhdf5.so.1000.0.0  -ldl && :
[944/4114] /usr/bin/cc -DH5_BUILT_AS_DYNAMIC_LIB -DH5_HAVE_TEST_API -D_FILE_OFFSET_BITS=64 -D_GNU_SOURCE -D_LARGEFILE_SOURCE -D_POSIX_C_SOURCE=200809L -I/home/byrn/HDF_Projects/hdf5/dev/src -I/home/byrn/HDF_Projects/hdf5/dev/src/H5FDsubfiling -I/home/byrn/HDF_Projects/hdf5/build/ci-StdShar-GNUC/src -I/home/byrn/HDF_Projects/hdf5/build/ci-StdShar-GNUC/test -I/home/byrn/HDF_Projects/hdf5/dev/test -std=c99  -fstdarg-opt -fdiagnostics-urls=never -fno-diagnostics-color -fmessage-length=0 -O2 -g -DNDEBUG -std=gnu99 -fPIE -Wall -Wcast-qual -Wconversion -Wextra -Wfloat-equal -Wformat=2 -Winit-self -Winvalid-pch -Wmissing-include-dirs -Wshadow -Wundef -Wwrite-strings -pedantic -Wno-c++-compat -Wbad-function-cast -Wcast-align -Wformat -Wimplicit-function-declaration -Wint-to-pointer-cast -Wmissing-declarations -Wmissing-prototypes -Wnested-externs -Wold-style-definition -Wpacked -Wpointer-sign -Wpointer-to-int-cast -Wredundant-decls -Wstrict-prototypes -Wswitch -Wunused-but-set-variable -Wunused-variable -Wunused-function -Wunused-parameter -finline-functions -Wno-aggregate-return -Wno-inline -Wno-missing-format-attribute -Wno-missing-noreturn -Wno-overlength-strings -Wlarger-than=2560 -Wlogical-op -Wframe-larger-than=16384 -Wpacked-bitfield-compat -Wsync-nand -Wno-unsuffixed-float-constants -Wdouble-promotion -Wtrampolines -Wstack-usage=8192 -Wmaybe-uninitialized -Wno-jump-misses-init -Wstrict-overflow=2 -Wno-suggest-attribute=const -Wno-suggest-attribute=noreturn -Wno-suggest-attribute=pure -Wno-suggest-attribute=format -Wdate-time -Warray-bounds=2 -Wc99-c11-compat -Wincompatible-pointer-types -Wint-conversion -Wduplicated-cond -Whsa -Wnormalized -Wnull-dereference -Wunused-const-variable -Walloca -Walloc-zero -Wduplicated-branches -Wformat-overflow=2 -Wformat-truncation=1 -Wrestrict -Wattribute-alias -Wshift-overflow=2 -Wcast-function-type -Wcast-align=strict -Wno-suggest-attribute=cold -Wno-suggest-attribute=malloc -Wattribute-alias=2 -Wmissing-profile -Wc11-c2x-compat -MD -MT test/CMakeFiles/swmr_addrem_writer.dir/swmr_addrem_writer.c.o -MF test/CMakeFiles/swmr_addrem_writer.dir/swmr_addrem_writer.c.o.d -o test/CMakeFiles/swmr_addrem_writer.dir/swmr_addrem_writer.c.o -c /home/byrn/HDF_Projects/hdf5/dev/test/swmr_addrem_writer.c
[945/4114] : && /usr/bin/cc -std=c99  -fstdarg-opt -fdiagnostics-urls=never -fno-diagnostics-color -fmessage-length=0 -O2 -g -DNDEBUG  test/CMakeFiles/swmr_addrem_writer.dir/swmr_addrem_writer.c.o -o bin/swmr_addrem_writer  -Wl,-rpath,"\$ORIGIN/../lib:\$ORIGIN/"  bin/libhdf5_test.so.1000.0.0  -lm  bin/libhdf5.so.1000.0.0  -ldl && :
[946/4114] /usr/bin/cc -DH5_BUILT_AS_DYNAMIC_LIB -DH5_HAVE_TEST_API -D_FILE_OFFSET_BITS=64 -D_GNU_SOURCE -D_LARGEFILE_SOURCE -D_POSIX_C_SOURCE=200809L -I/home/byrn/HDF_Projects/hdf5/dev/src -I/home/byrn/HDF_Projects/hdf5/dev/src/H5FDsubfiling -I/home/byrn/HDF_Projects/hdf5/build/ci-StdShar-GNUC/src -I/home/byrn/HDF_Projects/hdf5/build/ci-StdShar-GNUC/test -I/home/byrn/HDF_Projects/hdf5/dev/test -std=c99  -fstdarg-opt -fdiagnostics-urls=never -fno-diagnostics-color -fmessage-length=0 -O2 -g -DNDEBUG -std=gnu99 -fPIE -Wall -Wcast-qual -Wconversion -Wextra -Wfloat-equal -Wformat=2 -Winit-self -Winvalid-pch -Wmissing-include-dirs -Wshadow -Wundef -Wwrite-strings -pedantic -Wno-c++-compat -Wbad-function-cast -Wcast-align -Wformat -Wimplicit-function-declaration -Wint-to-pointer-cast -Wmissing-declarations -Wmissing-prototypes -Wnested-externs -Wold-style-definition -Wpacked -Wpointer-sign -Wpointer-to-int-cast -Wredundant-decls -Wstrict-prototypes -Wswitch -Wunused-but-set-variable -Wunused-variable -Wunused-function -Wunused-parameter -finline-functions -Wno-aggregate-return -Wno-inline -Wno-missing-format-attribute -Wno-missing-noreturn -Wno-overlength-strings -Wlarger-than=2560 -Wlogical-op -Wframe-larger-than=16384 -Wpacked-bitfield-compat -Wsync-nand -Wno-unsuffixed-float-constants -Wdouble-promotion -Wtrampolines -Wstack-usage=8192 -Wmaybe-uninitialized -Wno-jump-misses-init -Wstrict-overflow=2 -Wno-suggest-attribute=const -Wno-suggest-attribute=noreturn -Wno-suggest-attribute=pure -Wno-suggest-attribute=format -Wdate-time -Warray-bounds=2 -Wc99-c11-compat -Wincompatible-pointer-types -Wint-conversion -Wduplicated-cond -Whsa -Wnormalized -Wnull-dereference -Wunused-const-variable -Walloca -Walloc-zero -Wduplicated-branches -Wformat-overflow=2 -Wformat-truncation=1 -Wrestrict -Wattribute-alias -Wshift-overflow=2 -Wcast-function-type -Wcast-align=strict -Wno-suggest-attribute=cold -Wno-suggest-attribute=malloc -Wattribute-alias=2 -Wmissing-profile -Wc11-c2x-compat -MD -MT test/CMakeFiles/swmr_generator.dir/swmr_generator.c.o -MF test/CMakeFiles/swmr_generator.dir/swmr_generator.c.o.d -o test/CMakeFiles/swmr_generator.dir/swmr_generator.c.o -c /home/byrn/HDF_Projects/hdf5/dev/test/swmr_generator.c
[947/4114] /usr/bin/cc -DH5_BUILT_AS_DYNAMIC_LIB -DH5_HAVE_TEST_API -D_FILE_OFFSET_BITS=64 -D_GNU_SOURCE -D_LARGEFILE_SOURCE -D_POSIX_C_SOURCE=200809L -I/home/byrn/HDF_Projects/hdf5/dev/src -I/home/byrn/HDF_Projects/hdf5/dev/src/H5FDsubfiling -I/home/byrn/HDF_Projects/hdf5/build/ci-StdShar-GNUC/src -I/home/byrn/HDF_Projects/hdf5/build/ci-StdShar-GNUC/test -I/home/byrn/HDF_Projects/hdf5/dev/test -std=c99  -fstdarg-opt -fdiagnostics-urls=never -fno-diagnostics-color -fmessage-length=0 -O2 -g -DNDEBUG -std=gnu99 -fPIE -Wall -Wcast-qual -Wconversion -Wextra -Wfloat-equal -Wformat=2 -Winit-self -Winvalid-pch -Wmissing-include-dirs -Wshadow -Wundef -Wwrite-strings -pedantic -Wno-c++-compat -Wbad-function-cast -Wcast-align -Wformat -Wimplicit-function-declaration -Wint-to-pointer-cast -Wmissing-declarations -Wmissing-prototypes -Wnested-externs -Wold-style-definition -Wpacked -Wpointer-sign -Wpointer-to-int-cast -Wredundant-decls -Wstrict-prototypes -Wswitch -Wunused-but-set-variable -Wunused-variable -Wunused-function -Wunused-parameter -finline-functions -Wno-aggregate-return -Wno-inline -Wno-missing-format-attribute -Wno-missing-noreturn -Wno-overlength-strings -Wlarger-than=2560 -Wlogical-op -Wframe-larger-than=16384 -Wpacked-bitfield-compat -Wsync-nand -Wno-unsuffixed-float-constants -Wdouble-promotion -Wtrampolines -Wstack-usage=8192 -Wmaybe-uninitialized -Wno-jump-misses-init -Wstrict-overflow=2 -Wno-suggest-attribute=const -Wno-suggest-attribute=noreturn -Wno-suggest-attribute=pure -Wno-suggest-attribute=format -Wdate-time -Warray-bounds=2 -Wc99-c11-compat -Wincompatible-pointer-types -Wint-conversion -Wduplicated-cond -Whsa -Wnormalized -Wnull-dereference -Wunused-const-variable -Walloca -Walloc-zero -Wduplicated-branches -Wformat-overflow=2 -Wformat-truncation=1 -Wrestrict -Wattribute-alias -Wshift-overflow=2 -Wcast-function-type -Wcast-align=strict -Wno-suggest-attribute=cold -Wno-suggest-attribute=malloc -Wattribute-alias=2 -Wmissing-profile -Wc11-c2x-compat -MD -MT test/CMakeFiles/swmr_reader.dir/swmr_reader.c.o -MF test/CMakeFiles/swmr_reader.dir/swmr_reader.c.o.d -o test/CMakeFiles/swmr_reader.dir/swmr_reader.c.o -c /home/byrn/HDF_Projects/hdf5/dev/test/swmr_reader.c
[948/4114] : && /usr/bin/cc -std=c99  -fstdarg-opt -fdiagnostics-urls=never -fno-diagnostics-color -fmessage-length=0 -O2 -g -DNDEBUG  test/CMakeFiles/swmr_generator.dir/swmr_generator.c.o -o bin/swmr_generator  -Wl,-rpath,"\$ORIGIN/../lib:\$ORIGIN/"  bin/libhdf5_test.so.1000.0.0  -lm  bin/libhdf5.so.1000.0.0  -ldl && :
[949/4114] /usr/bin/cc -DH5_BUILT_AS_DYNAMIC_LIB -DH5_HAVE_TEST_API -D_FILE_OFFSET_BITS=64 -D_GNU_SOURCE -D_LARGEFILE_SOURCE -D_POSIX_C_SOURCE=200809L -I/home/byrn/HDF_Projects/hdf5/dev/src -I/home/byrn/HDF_Projects/hdf5/dev/src/H5FDsubfiling -I/home/byrn/HDF_Projects/hdf5/build/ci-StdShar-GNUC/src -I/home/byrn/HDF_Projects/hdf5/build/ci-StdShar-GNUC/test -I/home/byrn/HDF_Projects/hdf5/dev/test -std=c99  -fstdarg-opt -fdiagnostics-urls=never -fno-diagnostics-color -fmessage-length=0 -O2 -g -DNDEBUG -std=gnu99 -fPIE -Wall -Wcast-qual -Wconversion -Wextra -Wfloat-equal -Wformat=2 -Winit-self -Winvalid-pch -Wmissing-include-dirs -Wshadow -Wundef -Wwrite-strings -pedantic -Wno-c++-compat -Wbad-function-cast -Wcast-align -Wformat -Wimplicit-function-declaration -Wint-to-pointer-cast -Wmissing-declarations -Wmissing-prototypes -Wnested-externs -Wold-style-definition -Wpacked -Wpointer-sign -Wpointer-to-int-cast -Wredundant-decls -Wstrict-prototypes -Wswitch -Wunused-but-set-variable -Wunused-variable -Wunused-function -Wunused-parameter -finline-functions -Wno-aggregate-return -Wno-inline -Wno-missing-format-attribute -Wno-missing-noreturn -Wno-overlength-strings -Wlarger-than=2560 -Wlogical-op -Wframe-larger-than=16384 -Wpacked-bitfield-compat -Wsync-nand -Wno-unsuffixed-float-constants -Wdouble-promotion -Wtrampolines -Wstack-usage=8192 -Wmaybe-uninitialized -Wno-jump-misses-init -Wstrict-overflow=2 -Wno-suggest-attribute=const -Wno-suggest-attribute=noreturn -Wno-suggest-attribute=pure -Wno-suggest-attribute=format -Wdate-time -Warray-bounds=2 -Wc99-c11-compat -Wincompatible-pointer-types -Wint-conversion -Wduplicated-cond -Whsa -Wnormalized -Wnull-dereference -Wunused-const-variable -Walloca -Walloc-zero -Wduplicated-branches -Wformat-overflow=2 -Wformat-truncation=1 -Wrestrict -Wattribute-alias -Wshift-overflow=2 -Wcast-function-type -Wcast-align=strict -Wno-suggest-attribute=cold -Wno-suggest-attribute=malloc -Wattribute-alias=2 -Wmissing-profile -Wc11-c2x-compat -MD -MT test/CMakeFiles/swmr_remove_reader.dir/swmr_remove_reader.c.o -MF test/CMakeFiles/swmr_remove_reader.dir/swmr_remove_reader.c.o.d -o test/CMakeFiles/swmr_remove_reader.dir/swmr_remove_reader.c.o -c /home/byrn/HDF_Projects/hdf5/dev/test/swmr_remove_reader.c
[950/4114] : && /usr/bin/cc -std=c99  -fstdarg-opt -fdiagnostics-urls=never -fno-diagnostics-color -fmessage-length=0 -O2 -g -DNDEBUG  test/CMakeFiles/swmr_reader.dir/swmr_reader.c.o -o bin/swmr_reader  -Wl,-rpath,"\$ORIGIN/../lib:\$ORIGIN/"  bin/libhdf5_test.so.1000.0.0  -lm  bin/libhdf5.so.1000.0.0  -ldl && :
[951/4114] /usr/bin/cc -DH5_BUILT_AS_DYNAMIC_LIB -DH5_HAVE_TEST_API -D_FILE_OFFSET_BITS=64 -D_GNU_SOURCE -D_LARGEFILE_SOURCE -D_POSIX_C_SOURCE=200809L -I/home/byrn/HDF_Projects/hdf5/dev/src -I/home/byrn/HDF_Projects/hdf5/dev/src/H5FDsubfiling -I/home/byrn/HDF_Projects/hdf5/build/ci-StdShar-GNUC/src -I/home/byrn/HDF_Projects/hdf5/build/ci-StdShar-GNUC/test -I/home/byrn/HDF_Projects/hdf5/dev/test -std=c99  -fstdarg-opt -fdiagnostics-urls=never -fno-diagnostics-color -fmessage-length=0 -O2 -g -DNDEBUG -std=gnu99 -fPIE -Wall -Wcast-qual -Wconversion -Wextra -Wfloat-equal -Wformat=2 -Winit-self -Winvalid-pch -Wmissing-include-dirs -Wshadow -Wundef -Wwrite-strings -pedantic -Wno-c++-compat -Wbad-function-cast -Wcast-align -Wformat -Wimplicit-function-declaration -Wint-to-pointer-cast -Wmissing-declarations -Wmissing-prototypes -Wnested-externs -Wold-style-definition -Wpacked -Wpointer-sign -Wpointer-to-int-cast -Wredundant-decls -Wstrict-prototypes -Wswitch -Wunused-but-set-variable -Wunused-variable -Wunused-function -Wunused-parameter -finline-functions -Wno-aggregate-return -Wno-inline -Wno-missing-format-attribute -Wno-missing-noreturn -Wno-overlength-strings -Wlarger-than=2560 -Wlogical-op -Wframe-larger-than=16384 -Wpacked-bitfield-compat -Wsync-nand -Wno-unsuffixed-float-constants -Wdouble-promotion -Wtrampolines -Wstack-usage=8192 -Wmaybe-uninitialized -Wno-jump-misses-init -Wstrict-overflow=2 -Wno-suggest-attribute=const -Wno-suggest-attribute=noreturn -Wno-suggest-attribute=pure -Wno-suggest-attribute=format -Wdate-time -Warray-bounds=2 -Wc99-c11-compat -Wincompatible-pointer-types -Wint-conversion -Wduplicated-cond -Whsa -Wnormalized -Wnull-dereference -Wunused-const-variable -Walloca -Walloc-zero -Wduplicated-branches -Wformat-overflow=2 -Wformat-truncation=1 -Wrestrict -Wattribute-alias -Wshift-overflow=2 -Wcast-function-type -Wcast-align=strict -Wno-suggest-attribute=cold -Wno-suggest-attribute=malloc -Wattribute-alias=2 -Wmissing-profile -Wc11-c2x-compat -MD -MT test/CMakeFiles/swmr_remove_writer.dir/swmr_remove_writer.c.o -MF test/CMakeFiles/swmr_remove_writer.dir/swmr_remove_writer.c.o.d -o test/CMakeFiles/swmr_remove_writer.dir/swmr_remove_writer.c.o -c /home/byrn/HDF_Projects/hdf5/dev/test/swmr_remove_writer.c
[952/4114] : && /usr/bin/cc -std=c99  -fstdarg-opt -fdiagnostics-urls=never -fno-diagnostics-color -fmessage-length=0 -O2 -g -DNDEBUG  test/CMakeFiles/swmr_remove_reader.dir/swmr_remove_reader.c.o -o bin/swmr_remove_reader  -Wl,-rpath,"\$ORIGIN/../lib:\$ORIGIN/"  bin/libhdf5_test.so.1000.0.0  -lm  bin/libhdf5.so.1000.0.0  -ldl && :
[953/4114] : && /usr/bin/cc -std=c99  -fstdarg-opt -fdiagnostics-urls=never -fno-diagnostics-color -fmessage-length=0 -O2 -g -DNDEBUG  test/CMakeFiles/swmr_remove_writer.dir/swmr_remove_writer.c.o -o bin/swmr_remove_writer  -Wl,-rpath,"\$ORIGIN/../lib:\$ORIGIN/"  bin/libhdf5_test.so.1000.0.0  -lm  bin/libhdf5.so.1000.0.0  -ldl && :
[954/4114] /usr/bin/cc -DH5_BUILT_AS_DYNAMIC_LIB -DH5_HAVE_TEST_API -D_FILE_OFFSET_BITS=64 -D_GNU_SOURCE -D_LARGEFILE_SOURCE -D_POSIX_C_SOURCE=200809L -I/home/byrn/HDF_Projects/hdf5/dev/src -I/home/byrn/HDF_Projects/hdf5/dev/src/H5FDsubfiling -I/home/byrn/HDF_Projects/hdf5/build/ci-StdShar-GNUC/src -I/home/byrn/HDF_Projects/hdf5/build/ci-StdShar-GNUC/test -I/home/byrn/HDF_Projects/hdf5/dev/test -std=c99  -fstdarg-opt -fdiagnostics-urls=never -fno-diagnostics-color -fmessage-length=0 -O2 -g -DNDEBUG -std=gnu99 -fPIE -Wall -Wcast-qual -Wconversion -Wextra -Wfloat-equal -Wformat=2 -Winit-self -Winvalid-pch -Wmissing-include-dirs -Wshadow -Wundef -Wwrite-strings -pedantic -Wno-c++-compat -Wbad-function-cast -Wcast-align -Wformat -Wimplicit-function-declaration -Wint-to-pointer-cast -Wmissing-declarations -Wmissing-prototypes -Wnested-externs -Wold-style-definition -Wpacked -Wpointer-sign -Wpointer-to-int-cast -Wredundant-decls -Wstrict-prototypes -Wswitch -Wunused-but-set-variable -Wunused-variable -Wunused-function -Wunused-parameter -finline-functions -Wno-aggregate-return -Wno-inline -Wno-missing-format-attribute -Wno-missing-noreturn -Wno-overlength-strings -Wlarger-than=2560 -Wlogical-op -Wframe-larger-than=16384 -Wpacked-bitfield-compat -Wsync-nand -Wno-unsuffixed-float-constants -Wdouble-promotion -Wtrampolines -Wstack-usage=8192 -Wmaybe-uninitialized -Wno-jump-misses-init -Wstrict-overflow=2 -Wno-suggest-attribute=const -Wno-suggest-attribute=noreturn -Wno-suggest-attribute=pure -Wno-suggest-attribute=format -Wdate-time -Warray-bounds=2 -Wc99-c11-compat -Wincompatible-pointer-types -Wint-conversion -Wduplicated-cond -Whsa -Wnormalized -Wnull-dereference -Wunused-const-variable -Walloca -Walloc-zero -Wduplicated-branches -Wformat-overflow=2 -Wformat-truncation=1 -Wrestrict -Wattribute-alias -Wshift-overflow=2 -Wcast-function-type -Wcast-align=strict -Wno-suggest-attribute=cold -Wno-suggest-attribute=malloc -Wattribute-alias=2 -Wmissing-profile -Wc11-c2x-compat -MD -MT test/CMakeFiles/swmr_sparse_reader.dir/swmr_sparse_reader.c.o -MF test/CMakeFiles/swmr_sparse_reader.dir/swmr_sparse_reader.c.o.d -o test/CMakeFiles/swmr_sparse_reader.dir/swmr_sparse_reader.c.o -c /home/byrn/HDF_Projects/hdf5/dev/test/swmr_sparse_reader.c
[955/4114] /usr/bin/cc -DH5_BUILT_AS_DYNAMIC_LIB -DH5_HAVE_TEST_API -D_FILE_OFFSET_BITS=64 -D_GNU_SOURCE -D_LARGEFILE_SOURCE -D_POSIX_C_SOURCE=200809L -I/home/byrn/HDF_Projects/hdf5/dev/src -I/home/byrn/HDF_Projects/hdf5/dev/src/H5FDsubfiling -I/home/byrn/HDF_Projects/hdf5/build/ci-StdShar-GNUC/src -I/home/byrn/HDF_Projects/hdf5/build/ci-StdShar-GNUC/test -I/home/byrn/HDF_Projects/hdf5/dev/test -std=c99  -fstdarg-opt -fdiagnostics-urls=never -fno-diagnostics-color -fmessage-length=0 -O2 -g -DNDEBUG -std=gnu99 -fPIE -Wall -Wcast-qual -Wconversion -Wextra -Wfloat-equal -Wformat=2 -Winit-self -Winvalid-pch -Wmissing-include-dirs -Wshadow -Wundef -Wwrite-strings -pedantic -Wno-c++-compat -Wbad-function-cast -Wcast-align -Wformat -Wimplicit-function-declaration -Wint-to-pointer-cast -Wmissing-declarations -Wmissing-prototypes -Wnested-externs -Wold-style-definition -Wpacked -Wpointer-sign -Wpointer-to-int-cast -Wredundant-decls -Wstrict-prototypes -Wswitch -Wunused-but-set-variable -Wunused-variable -Wunused-function -Wunused-parameter -finline-functions -Wno-aggregate-return -Wno-inline -Wno-missing-format-attribute -Wno-missing-noreturn -Wno-overlength-strings -Wlarger-than=2560 -Wlogical-op -Wframe-larger-than=16384 -Wpacked-bitfield-compat -Wsync-nand -Wno-unsuffixed-float-constants -Wdouble-promotion -Wtrampolines -Wstack-usage=8192 -Wmaybe-uninitialized -Wno-jump-misses-init -Wstrict-overflow=2 -Wno-suggest-attribute=const -Wno-suggest-attribute=noreturn -Wno-suggest-attribute=pure -Wno-suggest-attribute=format -Wdate-time -Warray-bounds=2 -Wc99-c11-compat -Wincompatible-pointer-types -Wint-conversion -Wduplicated-cond -Whsa -Wnormalized -Wnull-dereference -Wunused-const-variable -Walloca -Walloc-zero -Wduplicated-branches -Wformat-overflow=2 -Wformat-truncation=1 -Wrestrict -Wattribute-alias -Wshift-overflow=2 -Wcast-function-type -Wcast-align=strict -Wno-suggest-attribute=cold -Wno-suggest-attribute=malloc -Wattribute-alias=2 -Wmissing-profile -Wc11-c2x-compat -MD -MT test/CMakeFiles/swmr_sparse_writer.dir/swmr_sparse_writer.c.o -MF test/CMakeFiles/swmr_sparse_writer.dir/swmr_sparse_writer.c.o.d -o test/CMakeFiles/swmr_sparse_writer.dir/swmr_sparse_writer.c.o -c /home/byrn/HDF_Projects/hdf5/dev/test/swmr_sparse_writer.c
[956/4114] : && /usr/bin/cc -std=c99  -fstdarg-opt -fdiagnostics-urls=never -fno-diagnostics-color -fmessage-length=0 -O2 -g -DNDEBUG  test/CMakeFiles/swmr_sparse_reader.dir/swmr_sparse_reader.c.o -o bin/swmr_sparse_reader  -Wl,-rpath,"\$ORIGIN/../lib:\$ORIGIN/"  bin/libhdf5_test.so.1000.0.0  -lm  bin/libhdf5.so.1000.0.0  -ldl && :
[957/4114] : && /usr/bin/cc -std=c99  -fstdarg-opt -fdiagnostics-urls=never -fno-diagnostics-color -fmessage-length=0 -O2 -g -DNDEBUG  test/CMakeFiles/swmr_sparse_writer.dir/swmr_sparse_writer.c.o -o bin/swmr_sparse_writer  -Wl,-rpath,"\$ORIGIN/../lib:\$ORIGIN/"  bin/libhdf5_test.so.1000.0.0  -lm  bin/libhdf5.so.1000.0.0  -ldl && :
[958/4114] /usr/bin/cc -DH5_BUILT_AS_DYNAMIC_LIB -DH5_HAVE_TEST_API -D_FILE_OFFSET_BITS=64 -D_GNU_SOURCE -D_LARGEFILE_SOURCE -D_POSIX_C_SOURCE=200809L -I/home/byrn/HDF_Projects/hdf5/dev/src -I/home/byrn/HDF_Projects/hdf5/dev/src/H5FDsubfiling -I/home/byrn/HDF_Projects/hdf5/build/ci-StdShar-GNUC/src -I/home/byrn/HDF_Projects/hdf5/build/ci-StdShar-GNUC/test -I/home/byrn/HDF_Projects/hdf5/dev/test -std=c99  -fstdarg-opt -fdiagnostics-urls=never -fno-diagnostics-color -fmessage-length=0 -O2 -g -DNDEBUG -std=gnu99 -fPIE -Wall -Wcast-qual -Wconversion -Wextra -Wfloat-equal -Wformat=2 -Winit-self -Winvalid-pch -Wmissing-include-dirs -Wshadow -Wundef -Wwrite-strings -pedantic -Wno-c++-compat -Wbad-function-cast -Wcast-align -Wformat -Wimplicit-function-declaration -Wint-to-pointer-cast -Wmissing-declarations -Wmissing-prototypes -Wnested-externs -Wold-style-definition -Wpacked -Wpointer-sign -Wpointer-to-int-cast -Wredundant-decls -Wstrict-prototypes -Wswitch -Wunused-but-set-variable -Wunused-variable -Wunused-function -Wunused-parameter -finline-functions -Wno-aggregate-return -Wno-inline -Wno-missing-format-attribute -Wno-missing-noreturn -Wno-overlength-strings -Wlarger-than=2560 -Wlogical-op -Wframe-larger-than=16384 -Wpacked-bitfield-compat -Wsync-nand -Wno-unsuffixed-float-constants -Wdouble-promotion -Wtrampolines -Wstack-usage=8192 -Wmaybe-uninitialized -Wno-jump-misses-init -Wstrict-overflow=2 -Wno-suggest-attribute=const -Wno-suggest-attribute=noreturn -Wno-suggest-attribute=pure -Wno-suggest-attribute=format -Wdate-time -Warray-bounds=2 -Wc99-c11-compat -Wincompatible-pointer-types -Wint-conversion -Wduplicated-cond -Whsa -Wnormalized -Wnull-dereference -Wunused-const-variable -Walloca -Walloc-zero -Wduplicated-branches -Wformat-overflow=2 -Wformat-truncation=1 -Wrestrict -Wattribute-alias -Wshift-overflow=2 -Wcast-function-type -Wcast-align=strict -Wno-suggest-attribute=cold -Wno-suggest-attribute=malloc -Wattribute-alias=2 -Wmissing-profile -Wc11-c2x-compat -MD -MT test/CMakeFiles/swmr_start_write.dir/swmr_start_write.c.o -MF test/CMakeFiles/swmr_start_write.dir/swmr_start_write.c.o.d -o test/CMakeFiles/swmr_start_write.dir/swmr_start_write.c.o -c /home/byrn/HDF_Projects/hdf5/dev/test/swmr_start_write.c
[959/4114] /usr/bin/cc -DH5_BUILT_AS_DYNAMIC_LIB -DH5_HAVE_TEST_API -D_FILE_OFFSET_BITS=64 -D_GNU_SOURCE -D_LARGEFILE_SOURCE -D_POSIX_C_SOURCE=200809L -I/home/byrn/HDF_Projects/hdf5/dev/src -I/home/byrn/HDF_Projects/hdf5/dev/src/H5FDsubfiling -I/home/byrn/HDF_Projects/hdf5/build/ci-StdShar-GNUC/src -I/home/byrn/HDF_Projects/hdf5/build/ci-StdShar-GNUC/test -I/home/byrn/HDF_Projects/hdf5/dev/test -std=c99  -fstdarg-opt -fdiagnostics-urls=never -fno-diagnostics-color -fmessage-length=0 -O2 -g -DNDEBUG -std=gnu99 -fPIE -Wall -Wcast-qual -Wconversion -Wextra -Wfloat-equal -Wformat=2 -Winit-self -Winvalid-pch -Wmissing-include-dirs -Wshadow -Wundef -Wwrite-strings -pedantic -Wno-c++-compat -Wbad-function-cast -Wcast-align -Wformat -Wimplicit-function-declaration -Wint-to-pointer-cast -Wmissing-declarations -Wmissing-prototypes -Wnested-externs -Wold-style-definition -Wpacked -Wpointer-sign -Wpointer-to-int-cast -Wredundant-decls -Wstrict-prototypes -Wswitch -Wunused-but-set-variable -Wunused-variable -Wunused-function -Wunused-parameter -finline-functions -Wno-aggregate-return -Wno-inline -Wno-missing-format-attribute -Wno-missing-noreturn -Wno-overlength-strings -Wlarger-than=2560 -Wlogical-op -Wframe-larger-than=16384 -Wpacked-bitfield-compat -Wsync-nand -Wno-unsuffixed-float-constants -Wdouble-promotion -Wtrampolines -Wstack-usage=8192 -Wmaybe-uninitialized -Wno-jump-misses-init -Wstrict-overflow=2 -Wno-suggest-attribute=const -Wno-suggest-attribute=noreturn -Wno-suggest-attribute=pure -Wno-suggest-attribute=format -Wdate-time -Warray-bounds=2 -Wc99-c11-compat -Wincompatible-pointer-types -Wint-conversion -Wduplicated-cond -Whsa -Wnormalized -Wnull-dereference -Wunused-const-variable -Walloca -Walloc-zero -Wduplicated-branches -Wformat-overflow=2 -Wformat-truncation=1 -Wrestrict -Wattribute-alias -Wshift-overflow=2 -Wcast-function-type -Wcast-align=strict -Wno-suggest-attribute=cold -Wno-suggest-attribute=malloc -Wattribute-alias=2 -Wmissing-profile -Wc11-c2x-compat -MD -MT test/CMakeFiles/swmr_writer.dir/swmr_writer.c.o -MF test/CMakeFiles/swmr_writer.dir/swmr_writer.c.o.d -o test/CMakeFiles/swmr_writer.dir/swmr_writer.c.o -c /home/byrn/HDF_Projects/hdf5/dev/test/swmr_writer.c
[960/4114] /usr/bin/cc -DH5_BUILT_AS_DYNAMIC_LIB -DH5_HAVE_TEST_API -D_FILE_OFFSET_BITS=64 -D_GNU_SOURCE -D_LARGEFILE_SOURCE -D_POSIX_C_SOURCE=200809L -I/home/byrn/HDF_Projects/hdf5/dev/src -I/home/byrn/HDF_Projects/hdf5/dev/src/H5FDsubfiling -I/home/byrn/HDF_Projects/hdf5/build/ci-StdShar-GNUC/src -I/home/byrn/HDF_Projects/hdf5/build/ci-StdShar-GNUC/test -I/home/byrn/HDF_Projects/hdf5/dev/test -std=c99  -fstdarg-opt -fdiagnostics-urls=never -fno-diagnostics-color -fmessage-length=0 -O2 -g -DNDEBUG -std=gnu99 -fPIE -Wall -Wcast-qual -Wconversion -Wextra -Wfloat-equal -Wformat=2 -Winit-self -Winvalid-pch -Wmissing-include-dirs -Wshadow -Wundef -Wwrite-strings -pedantic -Wno-c++-compat -Wbad-function-cast -Wcast-align -Wformat -Wimplicit-function-declaration -Wint-to-pointer-cast -Wmissing-declarations -Wmissing-prototypes -Wnested-externs -Wold-style-definition -Wpacked -Wpointer-sign -Wpointer-to-int-cast -Wredundant-decls -Wstrict-prototypes -Wswitch -Wunused-but-set-variable -Wunused-variable -Wunused-function -Wunused-parameter -finline-functions -Wno-aggregate-return -Wno-inline -Wno-missing-format-attribute -Wno-missing-noreturn -Wno-overlength-strings -Wlarger-than=2560 -Wlogical-op -Wframe-larger-than=16384 -Wpacked-bitfield-compat -Wsync-nand -Wno-unsuffixed-float-constants -Wdouble-promotion -Wtrampolines -Wstack-usage=8192 -Wmaybe-uninitialized -Wno-jump-misses-init -Wstrict-overflow=2 -Wno-suggest-attribute=const -Wno-suggest-attribute=noreturn -Wno-suggest-attribute=pure -Wno-suggest-attribute=format -Wdate-time -Warray-bounds=2 -Wc99-c11-compat -Wincompatible-pointer-types -Wint-conversion -Wduplicated-cond -Whsa -Wnormalized -Wnull-dereference -Wunused-const-variable -Walloca -Walloc-zero -Wduplicated-branches -Wformat-overflow=2 -Wformat-truncation=1 -Wrestrict -Wattribute-alias -Wshift-overflow=2 -Wcast-function-type -Wcast-align=strict -Wno-suggest-attribute=cold -Wno-suggest-attribute=malloc -Wattribute-alias=2 -Wmissing-profile -Wc11-c2x-compat -MD -MT test/CMakeFiles/flushrefresh.dir/flushrefresh.c.o -MF test/CMakeFiles/flushrefresh.dir/flushrefresh.c.o.d -o test/CMakeFiles/flushrefresh.dir/flushrefresh.c.o -c /home/byrn/HDF_Projects/hdf5/dev/test/flushrefresh.c
[961/4114] : && /usr/bin/cc -std=c99  -fstdarg-opt -fdiagnostics-urls=never -fno-diagnostics-color -fmessage-length=0 -O2 -g -DNDEBUG  test/CMakeFiles/swmr_start_write.dir/swmr_start_write.c.o -o bin/swmr_start_write  -Wl,-rpath,"\$ORIGIN/../lib:\$ORIGIN/"  bin/libhdf5_test.so.1000.0.0  -lm  bin/libhdf5.so.1000.0.0  -ldl && :
[962/4114] : && /usr/bin/cc -std=c99  -fstdarg-opt -fdiagnostics-urls=never -fno-diagnostics-color -fmessage-length=0 -O2 -g -DNDEBUG  test/CMakeFiles/swmr_writer.dir/swmr_writer.c.o -o bin/swmr_writer  -Wl,-rpath,"\$ORIGIN/../lib:\$ORIGIN/"  bin/libhdf5_test.so.1000.0.0  -lm  bin/libhdf5.so.1000.0.0  -ldl && :
[963/4114] : && /usr/bin/cc -std=c99  -fstdarg-opt -fdiagnostics-urls=never -fno-diagnostics-color -fmessage-length=0 -O2 -g -DNDEBUG  test/CMakeFiles/flushrefresh.dir/flushrefresh.c.o -o bin/flushrefresh  -Wl,-rpath,"\$ORIGIN/../lib:\$ORIGIN/"  bin/libhdf5_test.so.1000.0.0  -lm  bin/libhdf5.so.1000.0.0  -ldl && :
[964/4114] /usr/bin/cc -DH5_BUILT_AS_DYNAMIC_LIB -DH5_HAVE_TEST_API -D_FILE_OFFSET_BITS=64 -D_GNU_SOURCE -D_LARGEFILE_SOURCE -D_POSIX_C_SOURCE=200809L -I/home/byrn/HDF_Projects/hdf5/dev/src -I/home/byrn/HDF_Projects/hdf5/dev/src/H5FDsubfiling -I/home/byrn/HDF_Projects/hdf5/build/ci-StdShar-GNUC/src -I/home/byrn/HDF_Projects/hdf5/build/ci-StdShar-GNUC/test -I/home/byrn/HDF_Projects/hdf5/dev/test -std=c99  -fstdarg-opt -fdiagnostics-urls=never -fno-diagnostics-color -fmessage-length=0 -O2 -g -DNDEBUG -std=gnu99 -fPIE -Wall -Wcast-qual -Wconversion -Wextra -Wfloat-equal -Wformat=2 -Winit-self -Winvalid-pch -Wmissing-include-dirs -Wshadow -Wundef -Wwrite-strings -pedantic -Wno-c++-compat -Wbad-function-cast -Wcast-align -Wformat -Wimplicit-function-declaration -Wint-to-pointer-cast -Wmissing-declarations -Wmissing-prototypes -Wnested-externs -Wold-style-definition -Wpacked -Wpointer-sign -Wpointer-to-int-cast -Wredundant-decls -Wstrict-prototypes -Wswitch -Wunused-but-set-variable -Wunused-variable -Wunused-function -Wunused-parameter -finline-functions -Wno-aggregate-return -Wno-inline -Wno-missing-format-attribute -Wno-missing-noreturn -Wno-overlength-strings -Wlarger-than=2560 -Wlogical-op -Wframe-larger-than=16384 -Wpacked-bitfield-compat -Wsync-nand -Wno-unsuffixed-float-constants -Wdouble-promotion -Wtrampolines -Wstack-usage=8192 -Wmaybe-uninitialized -Wno-jump-misses-init -Wstrict-overflow=2 -Wno-suggest-attribute=const -Wno-suggest-attribute=noreturn -Wno-suggest-attribute=pure -Wno-suggest-attribute=format -Wdate-time -Warray-bounds=2 -Wc99-c11-compat -Wincompatible-pointer-types -Wint-conversion -Wduplicated-cond -Whsa -Wnormalized -Wnull-dereference -Wunused-const-variable -Walloca -Walloc-zero -Wduplicated-branches -Wformat-overflow=2 -Wformat-truncation=1 -Wrestrict -Wattribute-alias -Wshift-overflow=2 -Wcast-function-type -Wcast-align=strict -Wno-suggest-attribute=cold -Wno-suggest-attribute=malloc -Wattribute-alias=2 -Wmissing-profile -Wc11-c2x-compat -MD -MT test/CMakeFiles/vds.dir/vds.c.o -MF test/CMakeFiles/vds.dir/vds.c.o.d -o test/CMakeFiles/vds.dir/vds.c.o -c /home/byrn/HDF_Projects/hdf5/dev/test/vds.c
[965/4114] /usr/bin/cc -DH5_BUILT_AS_DYNAMIC_LIB -DH5_HAVE_TEST_API -D_FILE_OFFSET_BITS=64 -D_GNU_SOURCE -D_LARGEFILE_SOURCE -D_POSIX_C_SOURCE=200809L -I/home/byrn/HDF_Projects/hdf5/dev/src -I/home/byrn/HDF_Projects/hdf5/dev/src/H5FDsubfiling -I/home/byrn/HDF_Projects/hdf5/build/ci-StdShar-GNUC/src -I/home/byrn/HDF_Projects/hdf5/build/ci-StdShar-GNUC/test -I/home/byrn/HDF_Projects/hdf5/dev/test -std=c99  -fstdarg-opt -fdiagnostics-urls=never -fno-diagnostics-color -fmessage-length=0 -O2 -g -DNDEBUG -std=gnu99 -fPIE -Wall -Wcast-qual -Wconversion -Wextra -Wfloat-equal -Wformat=2 -Winit-self -Winvalid-pch -Wmissing-include-dirs -Wshadow -Wundef -Wwrite-strings -pedantic -Wno-c++-compat -Wbad-function-cast -Wcast-align -Wformat -Wimplicit-function-declaration -Wint-to-pointer-cast -Wmissing-declarations -Wmissing-prototypes -Wnested-externs -Wold-style-definition -Wpacked -Wpointer-sign -Wpointer-to-int-cast -Wredundant-decls -Wstrict-prototypes -Wswitch -Wunused-but-set-variable -Wunused-variable -Wunused-function -Wunused-parameter -finline-functions -Wno-aggregate-return -Wno-inline -Wno-missing-format-attribute -Wno-missing-noreturn -Wno-overlength-strings -Wlarger-than=2560 -Wlogical-op -Wframe-larger-than=16384 -Wpacked-bitfield-compat -Wsync-nand -Wno-unsuffixed-float-constants -Wdouble-promotion -Wtrampolines -Wstack-usage=8192 -Wmaybe-uninitialized -Wno-jump-misses-init -Wstrict-overflow=2 -Wno-suggest-attribute=const -Wno-suggest-attribute=noreturn -Wno-suggest-attribute=pure -Wno-suggest-attribute=format -Wdate-time -Warray-bounds=2 -Wc99-c11-compat -Wincompatible-pointer-types -Wint-conversion -Wduplicated-cond -Whsa -Wnormalized -Wnull-dereference -Wunused-const-variable -Walloca -Walloc-zero -Wduplicated-branches -Wformat-overflow=2 -Wformat-truncation=1 -Wrestrict -Wattribute-alias -Wshift-overflow=2 -Wcast-function-type -Wcast-align=strict -Wno-suggest-attribute=cold -Wno-suggest-attribute=malloc -Wattribute-alias=2 -Wmissing-profile -Wc11-c2x-compat -MD -MT test/CMakeFiles/testhdf5.dir/tsohm.c.o -MF test/CMakeFiles/testhdf5.dir/tsohm.c.o.d -o test/CMakeFiles/testhdf5.dir/tsohm.c.o -c /home/byrn/HDF_Projects/hdf5/dev/test/tsohm.c
[966/4114] /usr/bin/cc -DH5_BUILT_AS_DYNAMIC_LIB -DH5_HAVE_TEST_API -D_FILE_OFFSET_BITS=64 -D_GNU_SOURCE -D_LARGEFILE_SOURCE -D_POSIX_C_SOURCE=200809L -I/home/byrn/HDF_Projects/hdf5/dev/src -I/home/byrn/HDF_Projects/hdf5/dev/src/H5FDsubfiling -I/home/byrn/HDF_Projects/hdf5/build/ci-StdShar-GNUC -I/home/byrn/HDF_Projects/hdf5/build/ci-StdShar-GNUC/test -I/home/byrn/HDF_Projects/hdf5/dev/test -I/home/byrn/HDF_Projects/hdf5/build/ci-StdShar-GNUC/src -std=c99  -fstdarg-opt -fdiagnostics-urls=never -fno-diagnostics-color -fmessage-length=0 -O2 -g -DNDEBUG -std=gnu99 -fPIE -Wall -Wcast-qual -Wconversion -Wextra -Wfloat-equal -Wformat=2 -Winit-self -Winvalid-pch -Wmissing-include-dirs -Wshadow -Wundef -Wwrite-strings -pedantic -Wno-c++-compat -Wbad-function-cast -Wcast-align -Wformat -Wimplicit-function-declaration -Wint-to-pointer-cast -Wmissing-declarations -Wmissing-prototypes -Wnested-externs -Wold-style-definition -Wpacked -Wpointer-sign -Wpointer-to-int-cast -Wredundant-decls -Wstrict-prototypes -Wswitch -Wunused-but-set-variable -Wunused-variable -Wunused-function -Wunused-parameter -finline-functions -Wno-aggregate-return -Wno-inline -Wno-missing-format-attribute -Wno-missing-noreturn -Wno-overlength-strings -Wlarger-than=2560 -Wlogical-op -Wframe-larger-than=16384 -Wpacked-bitfield-compat -Wsync-nand -Wno-unsuffixed-float-constants -Wdouble-promotion -Wtrampolines -Wstack-usage=8192 -Wmaybe-uninitialized -Wno-jump-misses-init -Wstrict-overflow=2 -Wno-suggest-attribute=const -Wno-suggest-attribute=noreturn -Wno-suggest-attribute=pure -Wno-suggest-attribute=format -Wdate-time -Warray-bounds=2 -Wc99-c11-compat -Wincompatible-pointer-types -Wint-conversion -Wduplicated-cond -Whsa -Wnormalized -Wnull-dereference -Wunused-const-variable -Walloca -Walloc-zero -Wduplicated-branches -Wformat-overflow=2 -Wformat-truncation=1 -Wrestrict -Wattribute-alias -Wshift-overflow=2 -Wcast-function-type -Wcast-align=strict -Wno-suggest-attribute=cold -Wno-suggest-attribute=malloc -Wattribute-alias=2 -Wmissing-profile -Wc11-c2x-compat -MD -MT test/CMakeFiles/vds_swmr_gen.dir/vds_swmr_gen.c.o -MF test/CMakeFiles/vds_swmr_gen.dir/vds_swmr_gen.c.o.d -o test/CMakeFiles/vds_swmr_gen.dir/vds_swmr_gen.c.o -c /home/byrn/HDF_Projects/hdf5/dev/test/vds_swmr_gen.c
[967/4114] : && /usr/bin/cc -std=c99  -fstdarg-opt -fdiagnostics-urls=never -fno-diagnostics-color -fmessage-length=0 -O2 -g -DNDEBUG  test/CMakeFiles/vds.dir/vds.c.o -o bin/vds  -Wl,-rpath,"\$ORIGIN/../lib:\$ORIGIN/"  bin/libhdf5_test.so.1000.0.0  -lm  bin/libhdf5.so.1000.0.0  -ldl && :
[968/4114] /usr/bin/cc -DH5_BUILT_AS_DYNAMIC_LIB -DH5_HAVE_TEST_API -D_FILE_OFFSET_BITS=64 -D_GNU_SOURCE -D_LARGEFILE_SOURCE -D_POSIX_C_SOURCE=200809L -I/home/byrn/HDF_Projects/hdf5/dev/src -I/home/byrn/HDF_Projects/hdf5/dev/src/H5FDsubfiling -I/home/byrn/HDF_Projects/hdf5/build/ci-StdShar-GNUC -I/home/byrn/HDF_Projects/hdf5/build/ci-StdShar-GNUC/test -I/home/byrn/HDF_Projects/hdf5/dev/test -I/home/byrn/HDF_Projects/hdf5/build/ci-StdShar-GNUC/src -std=c99  -fstdarg-opt -fdiagnostics-urls=never -fno-diagnostics-color -fmessage-length=0 -O2 -g -DNDEBUG -std=gnu99 -fPIE -Wall -Wcast-qual -Wconversion -Wextra -Wfloat-equal -Wformat=2 -Winit-self -Winvalid-pch -Wmissing-include-dirs -Wshadow -Wundef -Wwrite-strings -pedantic -Wno-c++-compat -Wbad-function-cast -Wcast-align -Wformat -Wimplicit-function-declaration -Wint-to-pointer-cast -Wmissing-declarations -Wmissing-prototypes -Wnested-externs -Wold-style-definition -Wpacked -Wpointer-sign -Wpointer-to-int-cast -Wredundant-decls -Wstrict-prototypes -Wswitch -Wunused-but-set-variable -Wunused-variable -Wunused-function -Wunused-parameter -finline-functions -Wno-aggregate-return -Wno-inline -Wno-missing-format-attribute -Wno-missing-noreturn -Wno-overlength-strings -Wlarger-than=2560 -Wlogical-op -Wframe-larger-than=16384 -Wpacked-bitfield-compat -Wsync-nand -Wno-unsuffixed-float-constants -Wdouble-promotion -Wtrampolines -Wstack-usage=8192 -Wmaybe-uninitialized -Wno-jump-misses-init -Wstrict-overflow=2 -Wno-suggest-attribute=const -Wno-suggest-attribute=noreturn -Wno-suggest-attribute=pure -Wno-suggest-attribute=format -Wdate-time -Warray-bounds=2 -Wc99-c11-compat -Wincompatible-pointer-types -Wint-conversion -Wduplicated-cond -Whsa -Wnormalized -Wnull-dereference -Wunused-const-variable -Walloca -Walloc-zero -Wduplicated-branches -Wformat-overflow=2 -Wformat-truncation=1 -Wrestrict -Wattribute-alias -Wshift-overflow=2 -Wcast-function-type -Wcast-align=strict -Wno-suggest-attribute=cold -Wno-suggest-attribute=malloc -Wattribute-alias=2 -Wmissing-profile -Wc11-c2x-compat -MD -MT test/CMakeFiles/vds_swmr_reader.dir/vds_swmr_reader.c.o -MF test/CMakeFiles/vds_swmr_reader.dir/vds_swmr_reader.c.o.d -o test/CMakeFiles/vds_swmr_reader.dir/vds_swmr_reader.c.o -c /home/byrn/HDF_Projects/hdf5/dev/test/vds_swmr_reader.c
[969/4114] : && /usr/bin/cc -std=c99  -fstdarg-opt -fdiagnostics-urls=never -fno-diagnostics-color -fmessage-length=0 -O2 -g -DNDEBUG  test/CMakeFiles/vds_swmr_gen.dir/vds_swmr_gen.c.o -o bin/vds_swmr_gen  -Wl,-rpath,"\$ORIGIN/../lib:\$ORIGIN/"  bin/libhdf5_test.so.1000.0.0  -lm  bin/libhdf5.so.1000.0.0  -ldl && :
[970/4114] : && /usr/bin/cc -std=c99  -fstdarg-opt -fdiagnostics-urls=never -fno-diagnostics-color -fmessage-length=0 -O2 -g -DNDEBUG  test/CMakeFiles/vds_swmr_reader.dir/vds_swmr_reader.c.o -o bin/vds_swmr_reader  -Wl,-rpath,"\$ORIGIN/../lib:\$ORIGIN/"  bin/libhdf5_test.so.1000.0.0  -lm  bin/libhdf5.so.1000.0.0  -ldl && :
[971/4114] /usr/bin/cc -DH5_BUILT_AS_DYNAMIC_LIB -DH5_HAVE_TEST_API -D_FILE_OFFSET_BITS=64 -D_GNU_SOURCE -D_LARGEFILE_SOURCE -D_POSIX_C_SOURCE=200809L -I/home/byrn/HDF_Projects/hdf5/dev/src -I/home/byrn/HDF_Projects/hdf5/dev/src/H5FDsubfiling -I/home/byrn/HDF_Projects/hdf5/build/ci-StdShar-GNUC/src -I/home/byrn/HDF_Projects/hdf5/build/ci-StdShar-GNUC/test -I/home/byrn/HDF_Projects/hdf5/dev/test -std=c99  -fstdarg-opt -fdiagnostics-urls=never -fno-diagnostics-color -fmessage-length=0 -O2 -g -DNDEBUG -std=gnu99 -fPIE -Wall -Wcast-qual -Wconversion -Wextra -Wfloat-equal -Wformat=2 -Winit-self -Winvalid-pch -Wmissing-include-dirs -Wshadow -Wundef -Wwrite-strings -pedantic -Wno-c++-compat -Wbad-function-cast -Wcast-align -Wformat -Wimplicit-function-declaration -Wint-to-pointer-cast -Wmissing-declarations -Wmissing-prototypes -Wnested-externs -Wold-style-definition -Wpacked -Wpointer-sign -Wpointer-to-int-cast -Wredundant-decls -Wstrict-prototypes -Wswitch -Wunused-but-set-variable -Wunused-variable -Wunused-function -Wunused-parameter -finline-functions -Wno-aggregate-return -Wno-inline -Wno-missing-format-attribute -Wno-missing-noreturn -Wno-overlength-strings -Wlarger-than=2560 -Wlogical-op -Wframe-larger-than=16384 -Wpacked-bitfield-compat -Wsync-nand -Wno-unsuffixed-float-constants -Wdouble-promotion -Wtrampolines -Wstack-usage=8192 -Wmaybe-uninitialized -Wno-jump-misses-init -Wstrict-overflow=2 -Wno-suggest-attribute=const -Wno-suggest-attribute=noreturn -Wno-suggest-attribute=pure -Wno-suggest-attribute=format -Wdate-time -Warray-bounds=2 -Wc99-c11-compat -Wincompatible-pointer-types -Wint-conversion -Wduplicated-cond -Whsa -Wnormalized -Wnull-dereference -Wunused-const-variable -Walloca -Walloc-zero -Wduplicated-branches -Wformat-overflow=2 -Wformat-truncation=1 -Wrestrict -Wattribute-alias -Wshift-overflow=2 -Wcast-function-type -Wcast-align=strict -Wno-suggest-attribute=cold -Wno-suggest-attribute=malloc -Wattribute-alias=2 -Wmissing-profile -Wc11-c2x-compat -MD -MT test/CMakeFiles/accum_swmr_reader.dir/accum_swmr_reader.c.o -MF test/CMakeFiles/accum_swmr_reader.dir/accum_swmr_reader.c.o.d -o test/CMakeFiles/accum_swmr_reader.dir/accum_swmr_reader.c.o -c /home/byrn/HDF_Projects/hdf5/dev/test/accum_swmr_reader.c
[972/4114] /usr/bin/cc -DH5_BUILT_AS_DYNAMIC_LIB -DH5_HAVE_TEST_API -D_FILE_OFFSET_BITS=64 -D_GNU_SOURCE -D_LARGEFILE_SOURCE -D_POSIX_C_SOURCE=200809L -I/home/byrn/HDF_Projects/hdf5/dev/src -I/home/byrn/HDF_Projects/hdf5/dev/src/H5FDsubfiling -I/home/byrn/HDF_Projects/hdf5/build/ci-StdShar-GNUC -I/home/byrn/HDF_Projects/hdf5/build/ci-StdShar-GNUC/test -I/home/byrn/HDF_Projects/hdf5/dev/test -I/home/byrn/HDF_Projects/hdf5/build/ci-StdShar-GNUC/src -std=c99  -fstdarg-opt -fdiagnostics-urls=never -fno-diagnostics-color -fmessage-length=0 -O2 -g -DNDEBUG -std=gnu99 -fPIE -Wall -Wcast-qual -Wconversion -Wextra -Wfloat-equal -Wformat=2 -Winit-self -Winvalid-pch -Wmissing-include-dirs -Wshadow -Wundef -Wwrite-strings -pedantic -Wno-c++-compat -Wbad-function-cast -Wcast-align -Wformat -Wimplicit-function-declaration -Wint-to-pointer-cast -Wmissing-declarations -Wmissing-prototypes -Wnested-externs -Wold-style-definition -Wpacked -Wpointer-sign -Wpointer-to-int-cast -Wredundant-decls -Wstrict-prototypes -Wswitch -Wunused-but-set-variable -Wunused-variable -Wunused-function -Wunused-parameter -finline-functions -Wno-aggregate-return -Wno-inline -Wno-missing-format-attribute -Wno-missing-noreturn -Wno-overlength-strings -Wlarger-than=2560 -Wlogical-op -Wframe-larger-than=16384 -Wpacked-bitfield-compat -Wsync-nand -Wno-unsuffixed-float-constants -Wdouble-promotion -Wtrampolines -Wstack-usage=8192 -Wmaybe-uninitialized -Wno-jump-misses-init -Wstrict-overflow=2 -Wno-suggest-attribute=const -Wno-suggest-attribute=noreturn -Wno-suggest-attribute=pure -Wno-suggest-attribute=format -Wdate-time -Warray-bounds=2 -Wc99-c11-compat -Wincompatible-pointer-types -Wint-conversion -Wduplicated-cond -Whsa -Wnormalized -Wnull-dereference -Wunused-const-variable -Walloca -Walloc-zero -Wduplicated-branches -Wformat-overflow=2 -Wformat-truncation=1 -Wrestrict -Wattribute-alias -Wshift-overflow=2 -Wcast-function-type -Wcast-align=strict -Wno-suggest-attribute=cold -Wno-suggest-attribute=malloc -Wattribute-alias=2 -Wmissing-profile -Wc11-c2x-compat -MD -MT test/CMakeFiles/vds_swmr_writer.dir/vds_swmr_writer.c.o -MF test/CMakeFiles/vds_swmr_writer.dir/vds_swmr_writer.c.o.d -o test/CMakeFiles/vds_swmr_writer.dir/vds_swmr_writer.c.o -c /home/byrn/HDF_Projects/hdf5/dev/test/vds_swmr_writer.c
[973/4114] : && /usr/bin/cc -std=c99  -fstdarg-opt -fdiagnostics-urls=never -fno-diagnostics-color -fmessage-length=0 -O2 -g -DNDEBUG  test/CMakeFiles/vds_swmr_writer.dir/vds_swmr_writer.c.o -o bin/vds_swmr_writer  -Wl,-rpath,"\$ORIGIN/../lib:\$ORIGIN/"  bin/libhdf5_test.so.1000.0.0  -lm  bin/libhdf5.so.1000.0.0  -ldl && :
[974/4114] : && /usr/bin/cc -std=c99  -fstdarg-opt -fdiagnostics-urls=never -fno-diagnostics-color -fmessage-length=0 -O2 -g -DNDEBUG  test/CMakeFiles/accum_swmr_reader.dir/accum_swmr_reader.c.o -o bin/accum_swmr_reader  -Wl,-rpath,"\$ORIGIN/../lib:\$ORIGIN/"  bin/libhdf5_test.so.1000.0.0  bin/libhdf5.so.1000.0.0  -lm  -ldl && cd /home/byrn/HDF_Projects/hdf5/build/ci-StdShar-GNUC/test && /usr/bin/cmake -E copy_if_different /home/byrn/HDF_Projects/hdf5/build/ci-StdShar-GNUC/bin/accum_swmr_reader /home/byrn/HDF_Projects/hdf5/build/ci-StdShar-GNUC/test/H5TEST/accum_swmr_reader && cd /home/byrn/HDF_Projects/hdf5/build/ci-StdShar-GNUC/test && /usr/bin/cmake -E copy_if_different /home/byrn/HDF_Projects/hdf5/dev/bin/output_filter.sh /home/byrn/HDF_Projects/hdf5/build/ci-StdShar-GNUC/test/H5TEST/bin/output_filter.sh
[975/4114] /usr/bin/cc -DH5_BUILT_AS_DYNAMIC_LIB -DH5_HAVE_TEST_API -D_FILE_OFFSET_BITS=64 -D_GNU_SOURCE -D_LARGEFILE_SOURCE -D_POSIX_C_SOURCE=200809L -I/home/byrn/HDF_Projects/hdf5/dev/src -I/home/byrn/HDF_Projects/hdf5/dev/src/H5FDsubfiling -I/home/byrn/HDF_Projects/hdf5/build/ci-StdShar-GNUC/src -I/home/byrn/HDF_Projects/hdf5/build/ci-StdShar-GNUC/test -I/home/byrn/HDF_Projects/hdf5/dev/test -std=c99  -fstdarg-opt -fdiagnostics-urls=never -fno-diagnostics-color -fmessage-length=0 -O2 -g -DNDEBUG -std=gnu99 -fPIE -Wall -Wcast-qual -Wconversion -Wextra -Wfloat-equal -Wformat=2 -Winit-self -Winvalid-pch -Wmissing-include-dirs -Wshadow -Wundef -Wwrite-strings -pedantic -Wno-c++-compat -Wbad-function-cast -Wcast-align -Wformat -Wimplicit-function-declaration -Wint-to-pointer-cast -Wmissing-declarations -Wmissing-prototypes -Wnested-externs -Wold-style-definition -Wpacked -Wpointer-sign -Wpointer-to-int-cast -Wredundant-decls -Wstrict-prototypes -Wswitch -Wunused-but-set-variable -Wunused-variable -Wunused-function -Wunused-parameter -finline-functions -Wno-aggregate-return -Wno-inline -Wno-missing-format-attribute -Wno-missing-noreturn -Wno-overlength-strings -Wlarger-than=2560 -Wlogical-op -Wframe-larger-than=16384 -Wpacked-bitfield-compat -Wsync-nand -Wno-unsuffixed-float-constants -Wdouble-promotion -Wtrampolines -Wstack-usage=8192 -Wmaybe-uninitialized -Wno-jump-misses-init -Wstrict-overflow=2 -Wno-suggest-attribute=const -Wno-suggest-attribute=noreturn -Wno-suggest-attribute=pure -Wno-suggest-attribute=format -Wdate-time -Warray-bounds=2 -Wc99-c11-compat -Wincompatible-pointer-types -Wint-conversion -Wduplicated-cond -Whsa -Wnormalized -Wnull-dereference -Wunused-const-variable -Walloca -Walloc-zero -Wduplicated-branches -Wformat-overflow=2 -Wformat-truncation=1 -Wrestrict -Wattribute-alias -Wshift-overflow=2 -Wcast-function-type -Wcast-align=strict -Wno-suggest-attribute=cold -Wno-suggest-attribute=malloc -Wattribute-alias=2 -Wmissing-profile -Wc11-c2x-compat -MD -MT test/CMakeFiles/use_append_chunk.dir/use_append_chunk.c.o -MF test/CMakeFiles/use_append_chunk.dir/use_append_chunk.c.o.d -o test/CMakeFiles/use_append_chunk.dir/use_append_chunk.c.o -c /home/byrn/HDF_Projects/hdf5/dev/test/use_append_chunk.c
[976/4114] /usr/bin/cc -DH5_BUILT_AS_DYNAMIC_LIB -D_FILE_OFFSET_BITS=64 -D_GNU_SOURCE -D_LARGEFILE_SOURCE -D_POSIX_C_SOURCE=200809L -I/home/byrn/HDF_Projects/hdf5/dev/src -I/home/byrn/HDF_Projects/hdf5/dev/src/H5FDsubfiling -I/home/byrn/HDF_Projects/hdf5/build/ci-StdShar-GNUC/src -I/home/byrn/HDF_Projects/hdf5/build/ci-StdShar-GNUC/test -I/home/byrn/HDF_Projects/hdf5/dev/test -std=c99  -fstdarg-opt -fdiagnostics-urls=never -fno-diagnostics-color -fmessage-length=0 -O2 -g -DNDEBUG -std=gnu99 -fPIE -MD -MT test/CMakeFiles/vol_plugin.dir/vol_plugin.c.o -MF test/CMakeFiles/vol_plugin.dir/vol_plugin.c.o.d -o test/CMakeFiles/vol_plugin.dir/vol_plugin.c.o -c /home/byrn/HDF_Projects/hdf5/dev/test/vol_plugin.c
[977/4114] /usr/bin/cc -DH5_BUILT_AS_DYNAMIC_LIB -D_FILE_OFFSET_BITS=64 -D_GNU_SOURCE -D_LARGEFILE_SOURCE -D_POSIX_C_SOURCE=200809L -I/home/byrn/HDF_Projects/hdf5/dev/src -I/home/byrn/HDF_Projects/hdf5/dev/src/H5FDsubfiling -I/home/byrn/HDF_Projects/hdf5/build/ci-StdShar-GNUC/src -I/home/byrn/HDF_Projects/hdf5/build/ci-StdShar-GNUC/test -I/home/byrn/HDF_Projects/hdf5/dev/test -std=c99  -fstdarg-opt -fdiagnostics-urls=never -fno-diagnostics-color -fmessage-length=0 -O2 -g -DNDEBUG -std=gnu99 -fPIE -MD -MT test/CMakeFiles/vfd_plugin.dir/vfd_plugin.c.o -MF test/CMakeFiles/vfd_plugin.dir/vfd_plugin.c.o.d -o test/CMakeFiles/vfd_plugin.dir/vfd_plugin.c.o -c /home/byrn/HDF_Projects/hdf5/dev/test/vfd_plugin.c
[978/4114] /usr/bin/cc -DH5_BUILT_AS_DYNAMIC_LIB -DH5_HAVE_TEST_API -D_FILE_OFFSET_BITS=64 -D_GNU_SOURCE -D_LARGEFILE_SOURCE -D_POSIX_C_SOURCE=200809L -I/home/byrn/HDF_Projects/hdf5/dev/src -I/home/byrn/HDF_Projects/hdf5/dev/src/H5FDsubfiling -I/home/byrn/HDF_Projects/hdf5/build/ci-StdShar-GNUC/src -I/home/byrn/HDF_Projects/hdf5/build/ci-StdShar-GNUC/test -I/home/byrn/HDF_Projects/hdf5/dev/test -std=c99  -fstdarg-opt -fdiagnostics-urls=never -fno-diagnostics-color -fmessage-length=0 -O2 -g -DNDEBUG -std=gnu99 -fPIE -Wall -Wcast-qual -Wconversion -Wextra -Wfloat-equal -Wformat=2 -Winit-self -Winvalid-pch -Wmissing-include-dirs -Wshadow -Wundef -Wwrite-strings -pedantic -Wno-c++-compat -Wbad-function-cast -Wcast-align -Wformat -Wimplicit-function-declaration -Wint-to-pointer-cast -Wmissing-declarations -Wmissing-prototypes -Wnested-externs -Wold-style-definition -Wpacked -Wpointer-sign -Wpointer-to-int-cast -Wredundant-decls -Wstrict-prototypes -Wswitch -Wunused-but-set-variable -Wunused-variable -Wunused-function -Wunused-parameter -finline-functions -Wno-aggregate-return -Wno-inline -Wno-missing-format-attribute -Wno-missing-noreturn -Wno-overlength-strings -Wlarger-than=2560 -Wlogical-op -Wframe-larger-than=16384 -Wpacked-bitfield-compat -Wsync-nand -Wno-unsuffixed-float-constants -Wdouble-promotion -Wtrampolines -Wstack-usage=8192 -Wmaybe-uninitialized -Wno-jump-misses-init -Wstrict-overflow=2 -Wno-suggest-attribute=const -Wno-suggest-attribute=noreturn -Wno-suggest-attribute=pure -Wno-suggest-attribute=format -Wdate-time -Warray-bounds=2 -Wc99-c11-compat -Wincompatible-pointer-types -Wint-conversion -Wduplicated-cond -Whsa -Wnormalized -Wnull-dereference -Wunused-const-variable -Walloca -Walloc-zero -Wduplicated-branches -Wformat-overflow=2 -Wformat-truncation=1 -Wrestrict -Wattribute-alias -Wshift-overflow=2 -Wcast-function-type -Wcast-align=strict -Wno-suggest-attribute=cold -Wno-suggest-attribute=malloc -Wattribute-alias=2 -Wmissing-profile -Wc11-c2x-compat -MD -MT test/CMakeFiles/use_append_mchunks.dir/use_append_mchunks.c.o -MF test/CMakeFiles/use_append_mchunks.dir/use_append_mchunks.c.o.d -o test/CMakeFiles/use_append_mchunks.dir/use_append_mchunks.c.o -c /home/byrn/HDF_Projects/hdf5/dev/test/use_append_mchunks.c
[979/4114] : && /usr/bin/cc -std=c99  -fstdarg-opt -fdiagnostics-urls=never -fno-diagnostics-color -fmessage-length=0 -O2 -g -DNDEBUG  test/CMakeFiles/vol_plugin.dir/vol_plugin.c.o -o bin/vol_plugin  -Wl,-rpath,"\$ORIGIN/../lib:\$ORIGIN/"  bin/libhdf5_test.so.1000.0.0  -lm  bin/libhdf5.so.1000.0.0  -ldl && :
[980/4114] : && /usr/bin/cc -std=c99  -fstdarg-opt -fdiagnostics-urls=never -fno-diagnostics-color -fmessage-length=0 -O2 -g -DNDEBUG  test/CMakeFiles/vfd_plugin.dir/vfd_plugin.c.o -o bin/vfd_plugin  -Wl,-rpath,"\$ORIGIN/../lib:\$ORIGIN/"  bin/libhdf5_test.so.1000.0.0  -lm  bin/libhdf5.so.1000.0.0  -ldl && :
[981/4114] /usr/bin/cc -DH5_BUILT_AS_DYNAMIC_LIB -DH5_HAVE_TEST_API -D_FILE_OFFSET_BITS=64 -D_GNU_SOURCE -D_LARGEFILE_SOURCE -D_POSIX_C_SOURCE=200809L -I/home/byrn/HDF_Projects/hdf5/dev/src -I/home/byrn/HDF_Projects/hdf5/dev/src/H5FDsubfiling -I/home/byrn/HDF_Projects/hdf5/build/ci-StdShar-GNUC/src -I/home/byrn/HDF_Projects/hdf5/build/ci-StdShar-GNUC/test -I/home/byrn/HDF_Projects/hdf5/dev/test -std=c99  -fstdarg-opt -fdiagnostics-urls=never -fno-diagnostics-color -fmessage-length=0 -O2 -g -DNDEBUG -std=gnu99 -fPIE -Wall -Wcast-qual -Wconversion -Wextra -Wfloat-equal -Wformat=2 -Winit-self -Winvalid-pch -Wmissing-include-dirs -Wshadow -Wundef -Wwrite-strings -pedantic -Wno-c++-compat -Wbad-function-cast -Wcast-align -Wformat -Wimplicit-function-declaration -Wint-to-pointer-cast -Wmissing-declarations -Wmissing-prototypes -Wnested-externs -Wold-style-definition -Wpacked -Wpointer-sign -Wpointer-to-int-cast -Wredundant-decls -Wstrict-prototypes -Wswitch -Wunused-but-set-variable -Wunused-variable -Wunused-function -Wunused-parameter -finline-functions -Wno-aggregate-return -Wno-inline -Wno-missing-format-attribute -Wno-missing-noreturn -Wno-overlength-strings -Wlarger-than=2560 -Wlogical-op -Wframe-larger-than=16384 -Wpacked-bitfield-compat -Wsync-nand -Wno-unsuffixed-float-constants -Wdouble-promotion -Wtrampolines -Wstack-usage=8192 -Wmaybe-uninitialized -Wno-jump-misses-init -Wstrict-overflow=2 -Wno-suggest-attribute=const -Wno-suggest-attribute=noreturn -Wno-suggest-attribute=pure -Wno-suggest-attribute=format -Wdate-time -Warray-bounds=2 -Wc99-c11-compat -Wincompatible-pointer-types -Wint-conversion -Wduplicated-cond -Whsa -Wnormalized -Wnull-dereference -Wunused-const-variable -Walloca -Walloc-zero -Wduplicated-branches -Wformat-overflow=2 -Wformat-truncation=1 -Wrestrict -Wattribute-alias -Wshift-overflow=2 -Wcast-function-type -Wcast-align=strict -Wno-suggest-attribute=cold -Wno-suggest-attribute=malloc -Wattribute-alias=2 -Wmissing-profile -Wc11-c2x-compat -MD -MT test/CMakeFiles/use_append_chunk.dir/use_common.c.o -MF test/CMakeFiles/use_append_chunk.dir/use_common.c.o.d -o test/CMakeFiles/use_append_chunk.dir/use_common.c.o -c /home/byrn/HDF_Projects/hdf5/dev/test/use_common.c
[982/4114] : && /usr/bin/cc -std=c99  -fstdarg-opt -fdiagnostics-urls=never -fno-diagnostics-color -fmessage-length=0 -O2 -g -DNDEBUG  test/CMakeFiles/use_append_chunk.dir/use_append_chunk.c.o test/CMakeFiles/use_append_chunk.dir/use_common.c.o -o bin/use_append_chunk  -Wl,-rpath,"\$ORIGIN/../lib:\$ORIGIN/"  bin/libhdf5_test.so.1000.0.0  -lm  bin/libhdf5.so.1000.0.0  -ldl && :
[983/4114] /usr/bin/cc -DH5_BUILT_AS_DYNAMIC_LIB -DH5_HAVE_TEST_API -D_FILE_OFFSET_BITS=64 -D_GNU_SOURCE -D_LARGEFILE_SOURCE -D_POSIX_C_SOURCE=200809L -I/home/byrn/HDF_Projects/hdf5/dev/src -I/home/byrn/HDF_Projects/hdf5/dev/src/H5FDsubfiling -I/home/byrn/HDF_Projects/hdf5/build/ci-StdShar-GNUC/src -I/home/byrn/HDF_Projects/hdf5/build/ci-StdShar-GNUC/test -I/home/byrn/HDF_Projects/hdf5/dev/test -std=c99  -fstdarg-opt -fdiagnostics-urls=never -fno-diagnostics-color -fmessage-length=0 -O2 -g -DNDEBUG -std=gnu99 -fPIE -Wall -Wcast-qual -Wconversion -Wextra -Wfloat-equal -Wformat=2 -Winit-self -Winvalid-pch -Wmissing-include-dirs -Wshadow -Wundef -Wwrite-strings -pedantic -Wno-c++-compat -Wbad-function-cast -Wcast-align -Wformat -Wimplicit-function-declaration -Wint-to-pointer-cast -Wmissing-declarations -Wmissing-prototypes -Wnested-externs -Wold-style-definition -Wpacked -Wpointer-sign -Wpointer-to-int-cast -Wredundant-decls -Wstrict-prototypes -Wswitch -Wunused-but-set-variable -Wunused-variable -Wunused-function -Wunused-parameter -finline-functions -Wno-aggregate-return -Wno-inline -Wno-missing-format-attribute -Wno-missing-noreturn -Wno-overlength-strings -Wlarger-than=2560 -Wlogical-op -Wframe-larger-than=16384 -Wpacked-bitfield-compat -Wsync-nand -Wno-unsuffixed-float-constants -Wdouble-promotion -Wtrampolines -Wstack-usage=8192 -Wmaybe-uninitialized -Wno-jump-misses-init -Wstrict-overflow=2 -Wno-suggest-attribute=const -Wno-suggest-attribute=noreturn -Wno-suggest-attribute=pure -Wno-suggest-attribute=format -Wdate-time -Warray-bounds=2 -Wc99-c11-compat -Wincompatible-pointer-types -Wint-conversion -Wduplicated-cond -Whsa -Wnormalized -Wnull-dereference -Wunused-const-variable -Walloca -Walloc-zero -Wduplicated-branches -Wformat-overflow=2 -Wformat-truncation=1 -Wrestrict -Wattribute-alias -Wshift-overflow=2 -Wcast-function-type -Wcast-align=strict -Wno-suggest-attribute=cold -Wno-suggest-attribute=malloc -Wattribute-alias=2 -Wmissing-profile -Wc11-c2x-compat -MD -MT test/CMakeFiles/use_append_mchunks.dir/use_common.c.o -MF test/CMakeFiles/use_append_mchunks.dir/use_common.c.o.d -o test/CMakeFiles/use_append_mchunks.dir/use_common.c.o -c /home/byrn/HDF_Projects/hdf5/dev/test/use_common.c
[984/4114] /usr/bin/cc -D_FILE_OFFSET_BITS=64 -D_GNU_SOURCE -D_LARGEFILE_SOURCE -D_POSIX_C_SOURCE=200809L -I/home/byrn/HDF_Projects/hdf5/dev/src -I/home/byrn/HDF_Projects/hdf5/dev/src/H5FDsubfiling -I/home/byrn/HDF_Projects/hdf5/build/ci-StdShar-GNUC/src -I/home/byrn/HDF_Projects/hdf5/build/ci-StdShar-GNUC/test -I/home/byrn/HDF_Projects/hdf5/dev/test -std=c99  -fstdarg-opt -fdiagnostics-urls=never -fno-diagnostics-color -fmessage-length=0 -O2 -g -DNDEBUG -std=gnu99 -fPIE -MD -MT test/CMakeFiles/gen_bad_ohdr.dir/gen_bad_ohdr.c.o -MF test/CMakeFiles/gen_bad_ohdr.dir/gen_bad_ohdr.c.o.d -o test/CMakeFiles/gen_bad_ohdr.dir/gen_bad_ohdr.c.o -c /home/byrn/HDF_Projects/hdf5/dev/test/gen_bad_ohdr.c
[985/4114] /usr/bin/cc -D_FILE_OFFSET_BITS=64 -D_GNU_SOURCE -D_LARGEFILE_SOURCE -D_POSIX_C_SOURCE=200809L -I/home/byrn/HDF_Projects/hdf5/dev/src -I/home/byrn/HDF_Projects/hdf5/dev/src/H5FDsubfiling -I/home/byrn/HDF_Projects/hdf5/build/ci-StdShar-GNUC/src -I/home/byrn/HDF_Projects/hdf5/build/ci-StdShar-GNUC/test -I/home/byrn/HDF_Projects/hdf5/dev/test -std=c99  -fstdarg-opt -fdiagnostics-urls=never -fno-diagnostics-color -fmessage-length=0 -O2 -g -DNDEBUG -std=gnu99 -fPIE -MD -MT test/CMakeFiles/gen_bad_offset.dir/gen_bad_offset.c.o -MF test/CMakeFiles/gen_bad_offset.dir/gen_bad_offset.c.o.d -o test/CMakeFiles/gen_bad_offset.dir/gen_bad_offset.c.o -c /home/byrn/HDF_Projects/hdf5/dev/test/gen_bad_offset.c
[986/4114] /usr/bin/cc -D_FILE_OFFSET_BITS=64 -D_GNU_SOURCE -D_LARGEFILE_SOURCE -D_POSIX_C_SOURCE=200809L -I/home/byrn/HDF_Projects/hdf5/dev/src -I/home/byrn/HDF_Projects/hdf5/dev/src/H5FDsubfiling -I/home/byrn/HDF_Projects/hdf5/build/ci-StdShar-GNUC/src -I/home/byrn/HDF_Projects/hdf5/build/ci-StdShar-GNUC/test -I/home/byrn/HDF_Projects/hdf5/dev/test -std=c99  -fstdarg-opt -fdiagnostics-urls=never -fno-diagnostics-color -fmessage-length=0 -O2 -g -DNDEBUG -std=gnu99 -fPIE -MD -MT test/CMakeFiles/gen_bogus.dir/gen_bogus.c.o -MF test/CMakeFiles/gen_bogus.dir/gen_bogus.c.o.d -o test/CMakeFiles/gen_bogus.dir/gen_bogus.c.o -c /home/byrn/HDF_Projects/hdf5/dev/test/gen_bogus.c
[987/4114] : && /usr/bin/cc -std=c99  -fstdarg-opt -fdiagnostics-urls=never -fno-diagnostics-color -fmessage-length=0 -O2 -g -DNDEBUG  test/CMakeFiles/use_append_mchunks.dir/use_append_mchunks.c.o test/CMakeFiles/use_append_mchunks.dir/use_common.c.o -o bin/use_append_mchunks  -Wl,-rpath,"\$ORIGIN/../lib:\$ORIGIN/"  bin/libhdf5_test.so.1000.0.0  -lm  bin/libhdf5.so.1000.0.0  -ldl && :
[988/4114] : && /usr/bin/cc -std=c99  -fstdarg-opt -fdiagnostics-urls=never -fno-diagnostics-color -fmessage-length=0 -O2 -g -DNDEBUG  test/CMakeFiles/gen_bad_ohdr.dir/gen_bad_ohdr.c.o -o bin/gen_bad_ohdr  -Wl,-rpath,"\$ORIGIN/../lib:\$ORIGIN/"  bin/libhdf5_test.a  bin/libhdf5.a  bin/libzlib.a  bin/libszaec.a  bin/libaec.a  -lm  -ldl && :
[989/4114] /usr/bin/cc -DH5_BUILT_AS_DYNAMIC_LIB -DH5_HAVE_TEST_API -D_FILE_OFFSET_BITS=64 -D_GNU_SOURCE -D_LARGEFILE_SOURCE -D_POSIX_C_SOURCE=200809L -I/home/byrn/HDF_Projects/hdf5/dev/src -I/home/byrn/HDF_Projects/hdf5/dev/src/H5FDsubfiling -I/home/byrn/HDF_Projects/hdf5/build/ci-StdShar-GNUC/src -I/home/byrn/HDF_Projects/hdf5/build/ci-StdShar-GNUC/test -I/home/byrn/HDF_Projects/hdf5/dev/test -std=c99  -fstdarg-opt -fdiagnostics-urls=never -fno-diagnostics-color -fmessage-length=0 -O2 -g -DNDEBUG -std=gnu99 -fPIE -Wall -Wcast-qual -Wconversion -Wextra -Wfloat-equal -Wformat=2 -Winit-self -Winvalid-pch -Wmissing-include-dirs -Wshadow -Wundef -Wwrite-strings -pedantic -Wno-c++-compat -Wbad-function-cast -Wcast-align -Wformat -Wimplicit-function-declaration -Wint-to-pointer-cast -Wmissing-declarations -Wmissing-prototypes -Wnested-externs -Wold-style-definition -Wpacked -Wpointer-sign -Wpointer-to-int-cast -Wredundant-decls -Wstrict-prototypes -Wswitch -Wunused-but-set-variable -Wunused-variable -Wunused-function -Wunused-parameter -finline-functions -Wno-aggregate-return -Wno-inline -Wno-missing-format-attribute -Wno-missing-noreturn -Wno-overlength-strings -Wlarger-than=2560 -Wlogical-op -Wframe-larger-than=16384 -Wpacked-bitfield-compat -Wsync-nand -Wno-unsuffixed-float-constants -Wdouble-promotion -Wtrampolines -Wstack-usage=8192 -Wmaybe-uninitialized -Wno-jump-misses-init -Wstrict-overflow=2 -Wno-suggest-attribute=const -Wno-suggest-attribute=noreturn -Wno-suggest-attribute=pure -Wno-suggest-attribute=format -Wdate-time -Warray-bounds=2 -Wc99-c11-compat -Wincompatible-pointer-types -Wint-conversion -Wduplicated-cond -Whsa -Wnormalized -Wnull-dereference -Wunused-const-variable -Walloca -Walloc-zero -Wduplicated-branches -Wformat-overflow=2 -Wformat-truncation=1 -Wrestrict -Wattribute-alias -Wshift-overflow=2 -Wcast-function-type -Wcast-align=strict -Wno-suggest-attribute=cold -Wno-suggest-attribute=malloc -Wattribute-alias=2 -Wmissing-profile -Wc11-c2x-compat -MD -MT test/CMakeFiles/use_disable_mdc_flushes.dir/use_disable_mdc_flushes.c.o -MF test/CMakeFiles/use_disable_mdc_flushes.dir/use_disable_mdc_flushes.c.o.d -o test/CMakeFiles/use_disable_mdc_flushes.dir/use_disable_mdc_flushes.c.o -c /home/byrn/HDF_Projects/hdf5/dev/test/use_disable_mdc_flushes.c
[990/4114] : && /usr/bin/cc -std=c99  -fstdarg-opt -fdiagnostics-urls=never -fno-diagnostics-color -fmessage-length=0 -O2 -g -DNDEBUG  test/CMakeFiles/gen_bogus.dir/gen_bogus.c.o -o bin/gen_bogus  -Wl,-rpath,"\$ORIGIN/../lib:\$ORIGIN/"  bin/libhdf5_test.a  bin/libhdf5.a  bin/libzlib.a  bin/libszaec.a  bin/libaec.a  -lm  -ldl && :
[991/4114] : && /usr/bin/cc -std=c99  -fstdarg-opt -fdiagnostics-urls=never -fno-diagnostics-color -fmessage-length=0 -O2 -g -DNDEBUG  test/CMakeFiles/use_disable_mdc_flushes.dir/use_disable_mdc_flushes.c.o -o bin/use_disable_mdc_flushes  -Wl,-rpath,"\$ORIGIN/../lib:\$ORIGIN/"  bin/libhdf5_test.so.1000.0.0  -lm  bin/libhdf5.so.1000.0.0  -ldl && :
[992/4114] /usr/bin/cc -D_FILE_OFFSET_BITS=64 -D_GNU_SOURCE -D_LARGEFILE_SOURCE -D_POSIX_C_SOURCE=200809L -I/home/byrn/HDF_Projects/hdf5/dev/src -I/home/byrn/HDF_Projects/hdf5/dev/src/H5FDsubfiling -I/home/byrn/HDF_Projects/hdf5/build/ci-StdShar-GNUC/src -I/home/byrn/HDF_Projects/hdf5/build/ci-StdShar-GNUC/test -I/home/byrn/HDF_Projects/hdf5/dev/test -std=c99  -fstdarg-opt -fdiagnostics-urls=never -fno-diagnostics-color -fmessage-length=0 -O2 -g -DNDEBUG -std=gnu99 -fPIE -MD -MT test/CMakeFiles/gen_deflate.dir/gen_deflate.c.o -MF test/CMakeFiles/gen_deflate.dir/gen_deflate.c.o.d -o test/CMakeFiles/gen_deflate.dir/gen_deflate.c.o -c /home/byrn/HDF_Projects/hdf5/dev/test/gen_deflate.c
[993/4114] /usr/bin/cc -D_FILE_OFFSET_BITS=64 -D_GNU_SOURCE -D_LARGEFILE_SOURCE -D_POSIX_C_SOURCE=200809L -I/home/byrn/HDF_Projects/hdf5/dev/src -I/home/byrn/HDF_Projects/hdf5/dev/src/H5FDsubfiling -I/home/byrn/HDF_Projects/hdf5/build/ci-StdShar-GNUC/src -I/home/byrn/HDF_Projects/hdf5/build/ci-StdShar-GNUC/test -I/home/byrn/HDF_Projects/hdf5/dev/test -std=c99  -fstdarg-opt -fdiagnostics-urls=never -fno-diagnostics-color -fmessage-length=0 -O2 -g -DNDEBUG -std=gnu99 -fPIE -MD -MT test/CMakeFiles/gen_new_array.dir/gen_new_array.c.o -MF test/CMakeFiles/gen_new_array.dir/gen_new_array.c.o.d -o test/CMakeFiles/gen_new_array.dir/gen_new_array.c.o -c /home/byrn/HDF_Projects/hdf5/dev/test/gen_new_array.c
[994/4114] /usr/bin/cc -D_FILE_OFFSET_BITS=64 -D_GNU_SOURCE -D_LARGEFILE_SOURCE -D_POSIX_C_SOURCE=200809L -I/home/byrn/HDF_Projects/hdf5/dev/src -I/home/byrn/HDF_Projects/hdf5/dev/src/H5FDsubfiling -I/home/byrn/HDF_Projects/hdf5/build/ci-StdShar-GNUC/src -I/home/byrn/HDF_Projects/hdf5/build/ci-StdShar-GNUC/test -I/home/byrn/HDF_Projects/hdf5/dev/test -std=c99  -fstdarg-opt -fdiagnostics-urls=never -fno-diagnostics-color -fmessage-length=0 -O2 -g -DNDEBUG -std=gnu99 -fPIE -MD -MT test/CMakeFiles/gen_filters.dir/gen_filters.c.o -MF test/CMakeFiles/gen_filters.dir/gen_filters.c.o.d -o test/CMakeFiles/gen_filters.dir/gen_filters.c.o -c /home/byrn/HDF_Projects/hdf5/dev/test/gen_filters.c
[995/4114] /usr/bin/cc -DH5_BUILT_AS_DYNAMIC_LIB -D_FILE_OFFSET_BITS=64 -D_GNU_SOURCE -D_LARGEFILE_SOURCE -D_POSIX_C_SOURCE=200809L -I/home/byrn/HDF_Projects/hdf5/dev/src -I/home/byrn/HDF_Projects/hdf5/dev/src/H5FDsubfiling -I/home/byrn/HDF_Projects/hdf5/build/ci-StdShar-GNUC/src -I/home/byrn/HDF_Projects/hdf5/build/ci-StdShar-GNUC/test -I/home/byrn/HDF_Projects/hdf5/dev/test -std=c99  -fstdarg-opt -fdiagnostics-urls=never -fno-diagnostics-color -fmessage-length=0 -O2 -g -DNDEBUG -std=gnu99 -fPIE -MD -MT test/CMakeFiles/filter_plugin.dir/filter_plugin.c.o -MF test/CMakeFiles/filter_plugin.dir/filter_plugin.c.o.d -o test/CMakeFiles/filter_plugin.dir/filter_plugin.c.o -c /home/byrn/HDF_Projects/hdf5/dev/test/filter_plugin.c
[996/4114] : && /usr/bin/cc -std=c99  -fstdarg-opt -fdiagnostics-urls=never -fno-diagnostics-color -fmessage-length=0 -O2 -g -DNDEBUG  test/CMakeFiles/filter_plugin.dir/filter_plugin.c.o -o bin/filter_plugin  -Wl,-rpath,"\$ORIGIN/../lib:\$ORIGIN/"  bin/libhdf5_test.so.1000.0.0  -lm  bin/libhdf5.so.1000.0.0  -ldl && :
[997/4114] : && /usr/bin/cc -std=c99  -fstdarg-opt -fdiagnostics-urls=never -fno-diagnostics-color -fmessage-length=0 -O2 -g -DNDEBUG  test/CMakeFiles/gen_bad_offset.dir/gen_bad_offset.c.o -o bin/gen_bad_offset  -Wl,-rpath,"\$ORIGIN/../lib:\$ORIGIN/"  bin/libhdf5_test.a  bin/libhdf5.a  bin/libzlib.a  bin/libszaec.a  bin/libaec.a  -lm  -ldl && :
[998/4114] /usr/bin/cc -D_FILE_OFFSET_BITS=64 -D_GNU_SOURCE -D_LARGEFILE_SOURCE -D_POSIX_C_SOURCE=200809L -I/home/byrn/HDF_Projects/hdf5/dev/src -I/home/byrn/HDF_Projects/hdf5/dev/src/H5FDsubfiling -I/home/byrn/HDF_Projects/hdf5/build/ci-StdShar-GNUC/src -I/home/byrn/HDF_Projects/hdf5/build/ci-StdShar-GNUC/test -I/home/byrn/HDF_Projects/hdf5/dev/test -std=c99  -fstdarg-opt -fdiagnostics-urls=never -fno-diagnostics-color -fmessage-length=0 -O2 -g -DNDEBUG -std=gnu99 -fPIE -MD -MT test/CMakeFiles/gen_new_fill.dir/gen_new_fill.c.o -MF test/CMakeFiles/gen_new_fill.dir/gen_new_fill.c.o.d -o test/CMakeFiles/gen_new_fill.dir/gen_new_fill.c.o -c /home/byrn/HDF_Projects/hdf5/dev/test/gen_new_fill.c
[999/4114] /usr/bin/cc -D_FILE_OFFSET_BITS=64 -D_GNU_SOURCE -D_LARGEFILE_SOURCE -D_POSIX_C_SOURCE=200809L -I/home/byrn/HDF_Projects/hdf5/dev/src -I/home/byrn/HDF_Projects/hdf5/dev/src/H5FDsubfiling -I/home/byrn/HDF_Projects/hdf5/build/ci-StdShar-GNUC/src -I/home/byrn/HDF_Projects/hdf5/build/ci-StdShar-GNUC/test -I/home/byrn/HDF_Projects/hdf5/dev/test -std=c99  -fstdarg-opt -fdiagnostics-urls=never -fno-diagnostics-color -fmessage-length=0 -O2 -g -DNDEBUG -std=gnu99 -fPIE -MD -MT test/CMakeFiles/gen_new_group.dir/gen_new_group.c.o -MF test/CMakeFiles/gen_new_group.dir/gen_new_group.c.o.d -o test/CMakeFiles/gen_new_group.dir/gen_new_group.c.o -c /home/byrn/HDF_Projects/hdf5/dev/test/gen_new_group.c
[1000/4114] : && /usr/bin/cc -std=c99  -fstdarg-opt -fdiagnostics-urls=never -fno-diagnostics-color -fmessage-length=0 -O2 -g -DNDEBUG  test/CMakeFiles/gen_deflate.dir/gen_deflate.c.o -o bin/gen_deflate  -Wl,-rpath,"\$ORIGIN/../lib:\$ORIGIN/"  bin/libhdf5_test.a  bin/libhdf5.a  bin/libzlib.a  bin/libszaec.a  bin/libaec.a  -lm  -ldl && :
[1001/4114] : && /usr/bin/cc -std=c99  -fstdarg-opt -fdiagnostics-urls=never -fno-diagnostics-color -fmessage-length=0 -O2 -g -DNDEBUG  test/CMakeFiles/gen_new_array.dir/gen_new_array.c.o -o bin/gen_new_array  -Wl,-rpath,"\$ORIGIN/../lib:\$ORIGIN/"  bin/libhdf5_test.a  bin/libhdf5.a  bin/libzlib.a  bin/libszaec.a  bin/libaec.a  -lm  -ldl && :
[1002/4114] /usr/bin/cc -D_FILE_OFFSET_BITS=64 -D_GNU_SOURCE -D_LARGEFILE_SOURCE -D_POSIX_C_SOURCE=200809L -I/home/byrn/HDF_Projects/hdf5/dev/src -I/home/byrn/HDF_Projects/hdf5/dev/src/H5FDsubfiling -I/home/byrn/HDF_Projects/hdf5/build/ci-StdShar-GNUC/src -I/home/byrn/HDF_Projects/hdf5/build/ci-StdShar-GNUC/test -I/home/byrn/HDF_Projects/hdf5/dev/test -std=c99  -fstdarg-opt -fdiagnostics-urls=never -fno-diagnostics-color -fmessage-length=0 -O2 -g -DNDEBUG -std=gnu99 -fPIE -MD -MT test/CMakeFiles/gen_bounds.dir/gen_bounds.c.o -MF test/CMakeFiles/gen_bounds.dir/gen_bounds.c.o.d -o test/CMakeFiles/gen_bounds.dir/gen_bounds.c.o -c /home/byrn/HDF_Projects/hdf5/dev/test/gen_bounds.c
[1003/4114] /usr/bin/cc -D_FILE_OFFSET_BITS=64 -D_GNU_SOURCE -D_LARGEFILE_SOURCE -D_POSIX_C_SOURCE=200809L -I/home/byrn/HDF_Projects/hdf5/dev/src -I/home/byrn/HDF_Projects/hdf5/dev/src/H5FDsubfiling -I/home/byrn/HDF_Projects/hdf5/build/ci-StdShar-GNUC/src -I/home/byrn/HDF_Projects/hdf5/build/ci-StdShar-GNUC/test -I/home/byrn/HDF_Projects/hdf5/dev/test -std=c99  -fstdarg-opt -fdiagnostics-urls=never -fno-diagnostics-color -fmessage-length=0 -O2 -g -DNDEBUG -std=gnu99 -fPIE -MD -MT test/CMakeFiles/gen_new_mtime.dir/gen_new_mtime.c.o -MF test/CMakeFiles/gen_new_mtime.dir/gen_new_mtime.c.o.d -o test/CMakeFiles/gen_new_mtime.dir/gen_new_mtime.c.o -c /home/byrn/HDF_Projects/hdf5/dev/test/gen_new_mtime.c
[1004/4114] : && /usr/bin/cc -std=c99  -fstdarg-opt -fdiagnostics-urls=never -fno-diagnostics-color -fmessage-length=0 -O2 -g -DNDEBUG  test/CMakeFiles/gen_filters.dir/gen_filters.c.o -o bin/gen_filters  -Wl,-rpath,"\$ORIGIN/../lib:\$ORIGIN/"  bin/libhdf5_test.a  bin/libhdf5.a  bin/libzlib.a  bin/libszaec.a  bin/libaec.a  -lm  -ldl && :
[1005/4114] /usr/bin/cc -D_FILE_OFFSET_BITS=64 -D_GNU_SOURCE -D_LARGEFILE_SOURCE -D_POSIX_C_SOURCE=200809L -I/home/byrn/HDF_Projects/hdf5/dev/src -I/home/byrn/HDF_Projects/hdf5/dev/src/H5FDsubfiling -I/home/byrn/HDF_Projects/hdf5/build/ci-StdShar-GNUC/src -I/home/byrn/HDF_Projects/hdf5/build/ci-StdShar-GNUC/test -I/home/byrn/HDF_Projects/hdf5/dev/test -std=c99  -fstdarg-opt -fdiagnostics-urls=never -fno-diagnostics-color -fmessage-length=0 -O2 -g -DNDEBUG -std=gnu99 -fPIE -MD -MT test/CMakeFiles/gen_cross.dir/gen_cross.c.o -MF test/CMakeFiles/gen_cross.dir/gen_cross.c.o.d -o test/CMakeFiles/gen_cross.dir/gen_cross.c.o -c /home/byrn/HDF_Projects/hdf5/dev/test/gen_cross.c
[1006/4114] /usr/bin/cc -D_FILE_OFFSET_BITS=64 -D_GNU_SOURCE -D_LARGEFILE_SOURCE -D_POSIX_C_SOURCE=200809L -I/home/byrn/HDF_Projects/hdf5/dev/src -I/home/byrn/HDF_Projects/hdf5/dev/src/H5FDsubfiling -I/home/byrn/HDF_Projects/hdf5/build/ci-StdShar-GNUC/src -I/home/byrn/HDF_Projects/hdf5/build/ci-StdShar-GNUC/test -I/home/byrn/HDF_Projects/hdf5/dev/test -std=c99  -fstdarg-opt -fdiagnostics-urls=never -fno-diagnostics-color -fmessage-length=0 -O2 -g -DNDEBUG -std=gnu99 -fPIE -MD -MT test/CMakeFiles/gen_new_super.dir/gen_new_super.c.o -MF test/CMakeFiles/gen_new_super.dir/gen_new_super.c.o.d -o test/CMakeFiles/gen_new_super.dir/gen_new_super.c.o -c /home/byrn/HDF_Projects/hdf5/dev/test/gen_new_super.c
[1007/4114] /usr/bin/cc -D_FILE_OFFSET_BITS=64 -D_GNU_SOURCE -D_LARGEFILE_SOURCE -D_POSIX_C_SOURCE=200809L -I/home/byrn/HDF_Projects/hdf5/dev/src -I/home/byrn/HDF_Projects/hdf5/dev/src/H5FDsubfiling -I/home/byrn/HDF_Projects/hdf5/build/ci-StdShar-GNUC/src -I/home/byrn/HDF_Projects/hdf5/build/ci-StdShar-GNUC/test -I/home/byrn/HDF_Projects/hdf5/dev/test -std=c99  -fstdarg-opt -fdiagnostics-urls=never -fno-diagnostics-color -fmessage-length=0 -O2 -g -DNDEBUG -std=gnu99 -fPIE -MD -MT test/CMakeFiles/gen_noencoder.dir/gen_noencoder.c.o -MF test/CMakeFiles/gen_noencoder.dir/gen_noencoder.c.o.d -o test/CMakeFiles/gen_noencoder.dir/gen_noencoder.c.o -c /home/byrn/HDF_Projects/hdf5/dev/test/gen_noencoder.c
[1008/4114] : && /usr/bin/cc -std=c99  -fstdarg-opt -fdiagnostics-urls=never -fno-diagnostics-color -fmessage-length=0 -O2 -g -DNDEBUG  test/CMakeFiles/gen_new_fill.dir/gen_new_fill.c.o -o bin/gen_new_fill  -Wl,-rpath,"\$ORIGIN/../lib:\$ORIGIN/"  bin/libhdf5_test.a  bin/libhdf5.a  bin/libzlib.a  bin/libszaec.a  bin/libaec.a  -lm  -ldl && :
[1009/4114] : && /usr/bin/cc -std=c99  -fstdarg-opt -fdiagnostics-urls=never -fno-diagnostics-color -fmessage-length=0 -O2 -g -DNDEBUG  test/CMakeFiles/gen_bounds.dir/gen_bounds.c.o -o bin/gen_bounds  -Wl,-rpath,"\$ORIGIN/../lib:\$ORIGIN/"  bin/libhdf5_test.a  bin/libhdf5.a  bin/libzlib.a  bin/libszaec.a  bin/libaec.a  -lm  -ldl && :
[1010/4114] : && /usr/bin/cc -std=c99  -fstdarg-opt -fdiagnostics-urls=never -fno-diagnostics-color -fmessage-length=0 -O2 -g -DNDEBUG  test/CMakeFiles/gen_new_mtime.dir/gen_new_mtime.c.o -o bin/gen_new_mtime  -Wl,-rpath,"\$ORIGIN/../lib:\$ORIGIN/"  bin/libhdf5_test.a  bin/libhdf5.a  bin/libzlib.a  bin/libszaec.a  bin/libaec.a  -lm  -ldl && :
[1011/4114] : && /usr/bin/cc -std=c99  -fstdarg-opt -fdiagnostics-urls=never -fno-diagnostics-color -fmessage-length=0 -O2 -g -DNDEBUG  test/CMakeFiles/gen_cross.dir/gen_cross.c.o -o bin/gen_cross  -Wl,-rpath,"\$ORIGIN/../lib:\$ORIGIN/"  bin/libhdf5_test.a  bin/libhdf5.a  bin/libzlib.a  bin/libszaec.a  bin/libaec.a  -lm  -ldl && :
[1012/4114] /usr/bin/cc -D_FILE_OFFSET_BITS=64 -D_GNU_SOURCE -D_LARGEFILE_SOURCE -D_POSIX_C_SOURCE=200809L -I/home/byrn/HDF_Projects/hdf5/dev/src -I/home/byrn/HDF_Projects/hdf5/dev/src/H5FDsubfiling -I/home/byrn/HDF_Projects/hdf5/build/ci-StdShar-GNUC/src -I/home/byrn/HDF_Projects/hdf5/build/ci-StdShar-GNUC/test -I/home/byrn/HDF_Projects/hdf5/dev/test -std=c99  -fstdarg-opt -fdiagnostics-urls=never -fno-diagnostics-color -fmessage-length=0 -O2 -g -DNDEBUG -std=gnu99 -fPIE -MD -MT test/CMakeFiles/gen_nullspace.dir/gen_nullspace.c.o -MF test/CMakeFiles/gen_nullspace.dir/gen_nullspace.c.o.d -o test/CMakeFiles/gen_nullspace.dir/gen_nullspace.c.o -c /home/byrn/HDF_Projects/hdf5/dev/test/gen_nullspace.c
[1013/4114] /usr/bin/cc -D_FILE_OFFSET_BITS=64 -D_GNU_SOURCE -D_LARGEFILE_SOURCE -D_POSIX_C_SOURCE=200809L -I/home/byrn/HDF_Projects/hdf5/dev/src -I/home/byrn/HDF_Projects/hdf5/dev/src/H5FDsubfiling -I/home/byrn/HDF_Projects/hdf5/build/ci-StdShar-GNUC/src -I/home/byrn/HDF_Projects/hdf5/build/ci-StdShar-GNUC/test -I/home/byrn/HDF_Projects/hdf5/dev/test -std=c99  -fstdarg-opt -fdiagnostics-urls=never -fno-diagnostics-color -fmessage-length=0 -O2 -g -DNDEBUG -std=gnu99 -fPIE -MD -MT test/CMakeFiles/gen_udlinks.dir/gen_udlinks.c.o -MF test/CMakeFiles/gen_udlinks.dir/gen_udlinks.c.o.d -o test/CMakeFiles/gen_udlinks.dir/gen_udlinks.c.o -c /home/byrn/HDF_Projects/hdf5/dev/test/gen_udlinks.c
[1014/4114] /usr/bin/cc -D_FILE_OFFSET_BITS=64 -D_GNU_SOURCE -D_LARGEFILE_SOURCE -D_POSIX_C_SOURCE=200809L -I/home/byrn/HDF_Projects/hdf5/dev/src -I/home/byrn/HDF_Projects/hdf5/dev/src/H5FDsubfiling -I/home/byrn/HDF_Projects/hdf5/build/ci-StdShar-GNUC/src -I/home/byrn/HDF_Projects/hdf5/build/ci-StdShar-GNUC/test -I/home/byrn/HDF_Projects/hdf5/dev/test -std=c99  -fstdarg-opt -fdiagnostics-urls=never -fno-diagnostics-color -fmessage-length=0 -O2 -g -DNDEBUG -std=gnu99 -fPIE -MD -MT test/CMakeFiles/space_overflow.dir/space_overflow.c.o -MF test/CMakeFiles/space_overflow.dir/space_overflow.c.o.d -o test/CMakeFiles/space_overflow.dir/space_overflow.c.o -c /home/byrn/HDF_Projects/hdf5/dev/test/space_overflow.c
[1015/4114] : && /usr/bin/cc -std=c99  -fstdarg-opt -fdiagnostics-urls=never -fno-diagnostics-color -fmessage-length=0 -O2 -g -DNDEBUG  test/CMakeFiles/gen_new_group.dir/gen_new_group.c.o -o bin/gen_new_group  -Wl,-rpath,"\$ORIGIN/../lib:\$ORIGIN/"  bin/libhdf5_test.a  bin/libhdf5.a  bin/libzlib.a  bin/libszaec.a  bin/libaec.a  -lm  -ldl && :
[1016/4114] : && /usr/bin/cc -std=c99  -fstdarg-opt -fdiagnostics-urls=never -fno-diagnostics-color -fmessage-length=0 -O2 -g -DNDEBUG  test/CMakeFiles/gen_new_super.dir/gen_new_super.c.o -o bin/gen_new_super  -Wl,-rpath,"\$ORIGIN/../lib:\$ORIGIN/"  bin/libhdf5_test.a  bin/libhdf5.a  bin/libzlib.a  bin/libszaec.a  bin/libaec.a  -lm  -ldl && :
[1017/4114] : && /usr/bin/cc -std=c99  -fstdarg-opt -fdiagnostics-urls=never -fno-diagnostics-color -fmessage-length=0 -O2 -g -DNDEBUG  test/CMakeFiles/gen_noencoder.dir/gen_noencoder.c.o -o bin/gen_noencoder  -Wl,-rpath,"\$ORIGIN/../lib:\$ORIGIN/"  bin/libhdf5_test.a  bin/libhdf5.a  bin/libzlib.a  bin/libszaec.a  bin/libaec.a  -lm  -ldl && :
[1018/4114] /usr/bin/cc -D_FILE_OFFSET_BITS=64 -D_GNU_SOURCE -D_LARGEFILE_SOURCE -D_POSIX_C_SOURCE=200809L -I/home/byrn/HDF_Projects/hdf5/dev/src -I/home/byrn/HDF_Projects/hdf5/dev/src/H5FDsubfiling -I/home/byrn/HDF_Projects/hdf5/build/ci-StdShar-GNUC/src -I/home/byrn/HDF_Projects/hdf5/build/ci-StdShar-GNUC/test -I/home/byrn/HDF_Projects/hdf5/dev/test -std=c99  -fstdarg-opt -fdiagnostics-urls=never -fno-diagnostics-color -fmessage-length=0 -O2 -g -DNDEBUG -std=gnu99 -fPIE -MD -MT test/CMakeFiles/gen_filespace.dir/gen_filespace.c.o -MF test/CMakeFiles/gen_filespace.dir/gen_filespace.c.o.d -o test/CMakeFiles/gen_filespace.dir/gen_filespace.c.o -c /home/byrn/HDF_Projects/hdf5/dev/test/gen_filespace.c
[1019/4114] /usr/bin/cc -D_FILE_OFFSET_BITS=64 -D_GNU_SOURCE -D_LARGEFILE_SOURCE -D_POSIX_C_SOURCE=200809L -I/home/byrn/HDF_Projects/hdf5/dev/src -I/home/byrn/HDF_Projects/hdf5/dev/src/H5FDsubfiling -I/home/byrn/HDF_Projects/hdf5/build/ci-StdShar-GNUC/src -I/home/byrn/HDF_Projects/hdf5/build/ci-StdShar-GNUC/test -I/home/byrn/HDF_Projects/hdf5/dev/test -std=c99  -fstdarg-opt -fdiagnostics-urls=never -fno-diagnostics-color -fmessage-length=0 -O2 -g -DNDEBUG -std=gnu99 -fPIE -MD -MT test/CMakeFiles/gen_sizes_lheap.dir/gen_sizes_lheap.c.o -MF test/CMakeFiles/gen_sizes_lheap.dir/gen_sizes_lheap.c.o.d -o test/CMakeFiles/gen_sizes_lheap.dir/gen_sizes_lheap.c.o -c /home/byrn/HDF_Projects/hdf5/dev/test/gen_sizes_lheap.c
[1020/4114] /usr/bin/cc -D_FILE_OFFSET_BITS=64 -D_GNU_SOURCE -D_LARGEFILE_SOURCE -D_POSIX_C_SOURCE=200809L -I/home/byrn/HDF_Projects/hdf5/dev/src -I/home/byrn/HDF_Projects/hdf5/dev/src/H5FDsubfiling -I/home/byrn/HDF_Projects/hdf5/build/ci-StdShar-GNUC/src -I/home/byrn/HDF_Projects/hdf5/build/ci-StdShar-GNUC/test -I/home/byrn/HDF_Projects/hdf5/dev/test -std=c99  -fstdarg-opt -fdiagnostics-urls=never -fno-diagnostics-color -fmessage-length=0 -O2 -g -DNDEBUG -std=gnu99 -fPIE -MD -MT test/CMakeFiles/gen_specmetaread.dir/gen_specmetaread.c.o -MF test/CMakeFiles/gen_specmetaread.dir/gen_specmetaread.c.o.d -o test/CMakeFiles/gen_specmetaread.dir/gen_specmetaread.c.o -c /home/byrn/HDF_Projects/hdf5/dev/test/gen_specmetaread.c
[1021/4114] /usr/bin/cc -D_FILE_OFFSET_BITS=64 -D_GNU_SOURCE -D_LARGEFILE_SOURCE -D_POSIX_C_SOURCE=200809L -I/home/byrn/HDF_Projects/hdf5/dev/src -I/home/byrn/HDF_Projects/hdf5/dev/src/H5FDsubfiling -I/home/byrn/HDF_Projects/hdf5/build/ci-StdShar-GNUC/src -I/home/byrn/HDF_Projects/hdf5/build/ci-StdShar-GNUC/test -I/home/byrn/HDF_Projects/hdf5/dev/test -std=c99  -fstdarg-opt -fdiagnostics-urls=never -fno-diagnostics-color -fmessage-length=0 -O2 -g -DNDEBUG -std=gnu99 -fPIE -MD -MT test/CMakeFiles/gen_file_image.dir/gen_file_image.c.o -MF test/CMakeFiles/gen_file_image.dir/gen_file_image.c.o.d -o test/CMakeFiles/gen_file_image.dir/gen_file_image.c.o -c /home/byrn/HDF_Projects/hdf5/dev/test/gen_file_image.c
[1022/4114] : && /usr/bin/cc -std=c99  -fstdarg-opt -fdiagnostics-urls=never -fno-diagnostics-color -fmessage-length=0 -O2 -g -DNDEBUG  test/CMakeFiles/gen_nullspace.dir/gen_nullspace.c.o -o bin/gen_nullspace  -Wl,-rpath,"\$ORIGIN/../lib:\$ORIGIN/"  bin/libhdf5_test.a  bin/libhdf5.a  bin/libzlib.a  bin/libszaec.a  bin/libaec.a  -lm  -ldl && :
[1023/4114] : && /usr/bin/cc -std=c99  -fstdarg-opt -fdiagnostics-urls=never -fno-diagnostics-color -fmessage-length=0 -O2 -g -DNDEBUG  test/CMakeFiles/space_overflow.dir/space_overflow.c.o -o bin/space_overflow  -Wl,-rpath,"\$ORIGIN/../lib:\$ORIGIN/"  bin/libhdf5_test.a  bin/libhdf5.a  bin/libzlib.a  bin/libszaec.a  bin/libaec.a  -lm  -ldl && :
[1024/4114] cd /home/byrn/HDF_Projects/hdf5/build/ci-StdShar-GNUC/test && /usr/bin/cmake -E copy_if_different /home/byrn/HDF_Projects/hdf5/dev/test/testfiles/aggr.h5 /home/byrn/HDF_Projects/hdf5/build/ci-StdShar-GNUC/test/H5TEST/testfiles/aggr.h5
[1025/4114] cd /home/byrn/HDF_Projects/hdf5/build/ci-StdShar-GNUC/test && /usr/bin/cmake -E copy_if_different /home/byrn/HDF_Projects/hdf5/dev/test/testfiles/bad_compound.h5 /home/byrn/HDF_Projects/hdf5/build/ci-StdShar-GNUC/test/H5TEST/testfiles/bad_compound.h5
[1026/4114] : && /usr/bin/cc -std=c99  -fstdarg-opt -fdiagnostics-urls=never -fno-diagnostics-color -fmessage-length=0 -O2 -g -DNDEBUG  test/CMakeFiles/gen_udlinks.dir/gen_udlinks.c.o -o bin/gen_udlinks  -Wl,-rpath,"\$ORIGIN/../lib:\$ORIGIN/"  bin/libhdf5_test.a  bin/libhdf5.a  bin/libzlib.a  bin/libszaec.a  bin/libaec.a  -lm  -ldl && :
[1027/4114] cd /home/byrn/HDF_Projects/hdf5/build/ci-StdShar-GNUC/test && /usr/bin/cmake -E copy_if_different /home/byrn/HDF_Projects/hdf5/dev/test/testfiles/bad_offset.h5 /home/byrn/HDF_Projects/hdf5/build/ci-StdShar-GNUC/test/H5TEST/testfiles/bad_offset.h5
[1028/4114] : && /usr/bin/cc -std=c99  -fstdarg-opt -fdiagnostics-urls=never -fno-diagnostics-color -fmessage-length=0 -O2 -g -DNDEBUG  test/CMakeFiles/gen_filespace.dir/gen_filespace.c.o -o bin/gen_filespace  -Wl,-rpath,"\$ORIGIN/../lib:\$ORIGIN/"  bin/libhdf5_test.a  bin/libhdf5.a  bin/libzlib.a  bin/libszaec.a  bin/libaec.a  -lm  -ldl && :
[1029/4114] cd /home/byrn/HDF_Projects/hdf5/build/ci-StdShar-GNUC/test && /usr/bin/cmake -E copy_if_different /home/byrn/HDF_Projects/hdf5/dev/test/testfiles/be_extlink1.h5 /home/byrn/HDF_Projects/hdf5/build/ci-StdShar-GNUC/test/H5TEST/testfiles/be_extlink1.h5
[1030/4114] cd /home/byrn/HDF_Projects/hdf5/build/ci-StdShar-GNUC/test && /usr/bin/cmake -E copy_if_different /home/byrn/HDF_Projects/hdf5/dev/test/testfiles/be_extlink2.h5 /home/byrn/HDF_Projects/hdf5/build/ci-StdShar-GNUC/test/H5TEST/testfiles/be_extlink2.h5
[1031/4114] cd /home/byrn/HDF_Projects/hdf5/build/ci-StdShar-GNUC/test && /usr/bin/cmake -E copy_if_different /home/byrn/HDF_Projects/hdf5/dev/test/testfiles/be_data.h5 /home/byrn/HDF_Projects/hdf5/build/ci-StdShar-GNUC/test/H5TEST/testfiles/be_data.h5
[1032/4114] cd /home/byrn/HDF_Projects/hdf5/build/ci-StdShar-GNUC/test && /usr/bin/cmake -E copy_if_different /home/byrn/HDF_Projects/hdf5/dev/test/testfiles/btree_idx_1_6.h5 /home/byrn/HDF_Projects/hdf5/build/ci-StdShar-GNUC/test/H5TEST/testfiles/btree_idx_1_6.h5
[1033/4114] cd /home/byrn/HDF_Projects/hdf5/build/ci-StdShar-GNUC/test && /usr/bin/cmake -E copy_if_different /home/byrn/HDF_Projects/hdf5/dev/test/testfiles/corrupt_stab_msg.h5 /home/byrn/HDF_Projects/hdf5/build/ci-StdShar-GNUC/test/H5TEST/testfiles/corrupt_stab_msg.h5
[1034/4114] : && /usr/bin/cc -std=c99  -fstdarg-opt -fdiagnostics-urls=never -fno-diagnostics-color -fmessage-length=0 -O2 -g -DNDEBUG  test/CMakeFiles/gen_sizes_lheap.dir/gen_sizes_lheap.c.o -o bin/gen_sizes_lheap  -Wl,-rpath,"\$ORIGIN/../lib:\$ORIGIN/"  bin/libhdf5_test.a  bin/libhdf5.a  bin/libzlib.a  bin/libszaec.a  bin/libaec.a  -lm  -ldl && :
[1035/4114] cd /home/byrn/HDF_Projects/hdf5/build/ci-StdShar-GNUC/test && /usr/bin/cmake -E copy_if_different /home/byrn/HDF_Projects/hdf5/dev/test/testfiles/btree_idx_1_8.h5 /home/byrn/HDF_Projects/hdf5/build/ci-StdShar-GNUC/test/H5TEST/testfiles/btree_idx_1_8.h5
[1036/4114] cd /home/byrn/HDF_Projects/hdf5/build/ci-StdShar-GNUC/test && /usr/bin/cmake -E copy_if_different /home/byrn/HDF_Projects/hdf5/dev/test/testfiles/cve_2020_10812.h5 /home/byrn/HDF_Projects/hdf5/build/ci-StdShar-GNUC/test/H5TEST/testfiles/cve_2020_10812.h5
[1037/4114] cd /home/byrn/HDF_Projects/hdf5/build/ci-StdShar-GNUC/test && /usr/bin/cmake -E copy_if_different /home/byrn/HDF_Projects/hdf5/dev/test/testfiles/err_compat_1 /home/byrn/HDF_Projects/hdf5/build/ci-StdShar-GNUC/test/H5TEST/testfiles/err_compat_1
[1038/4114] cd /home/byrn/HDF_Projects/hdf5/build/ci-StdShar-GNUC/test && /usr/bin/cmake -E copy_if_different /home/byrn/HDF_Projects/hdf5/dev/test/testfiles/deflate.h5 /home/byrn/HDF_Projects/hdf5/build/ci-StdShar-GNUC/test/H5TEST/testfiles/deflate.h5
[1039/4114] cd /home/byrn/HDF_Projects/hdf5/build/ci-StdShar-GNUC/test && /usr/bin/cmake -E copy_if_different /home/byrn/HDF_Projects/hdf5/dev/test/testfiles/err_compat_2 /home/byrn/HDF_Projects/hdf5/build/ci-StdShar-GNUC/test/H5TEST/testfiles/err_compat_2
[1040/4114] cd /home/byrn/HDF_Projects/hdf5/build/ci-StdShar-GNUC/test && /usr/bin/cmake -E copy_if_different /home/byrn/HDF_Projects/hdf5/dev/test/testfiles/error_test_1 /home/byrn/HDF_Projects/hdf5/build/ci-StdShar-GNUC/test/H5TEST/testfiles/error_test_1
[1041/4114] cd /home/byrn/HDF_Projects/hdf5/build/ci-StdShar-GNUC/test && /usr/bin/cmake -E copy_if_different /home/byrn/HDF_Projects/hdf5/dev/test/testfiles/family_v16-000001.h5 /home/byrn/HDF_Projects/hdf5/build/ci-StdShar-GNUC/test/H5TEST/testfiles/family_v16-000001.h5
[1042/4114] cd /home/byrn/HDF_Projects/hdf5/build/ci-StdShar-GNUC/test && /usr/bin/cmake -E copy_if_different /home/byrn/HDF_Projects/hdf5/dev/test/testfiles/family_v16-000002.h5 /home/byrn/HDF_Projects/hdf5/build/ci-StdShar-GNUC/test/H5TEST/testfiles/family_v16-000002.h5
[1043/4114] cd /home/byrn/HDF_Projects/hdf5/build/ci-StdShar-GNUC/test && /usr/bin/cmake -E copy_if_different /home/byrn/HDF_Projects/hdf5/dev/test/testfiles/error_test_2 /home/byrn/HDF_Projects/hdf5/build/ci-StdShar-GNUC/test/H5TEST/testfiles/error_test_2
[1044/4114] cd /home/byrn/HDF_Projects/hdf5/build/ci-StdShar-GNUC/test && /usr/bin/cmake -E copy_if_different /home/byrn/HDF_Projects/hdf5/dev/test/testfiles/family_v16-000000.h5 /home/byrn/HDF_Projects/hdf5/build/ci-StdShar-GNUC/test/H5TEST/testfiles/family_v16-000000.h5
[1045/4114] cd /home/byrn/HDF_Projects/hdf5/build/ci-StdShar-GNUC/test && /usr/bin/cmake -E copy_if_different /home/byrn/HDF_Projects/hdf5/dev/test/testfiles/filespace_1_8.h5 /home/byrn/HDF_Projects/hdf5/build/ci-StdShar-GNUC/test/H5TEST/testfiles/filespace_1_8.h5
[1046/4114] cd /home/byrn/HDF_Projects/hdf5/build/ci-StdShar-GNUC/test && /usr/bin/cmake -E copy_if_different /home/byrn/HDF_Projects/hdf5/dev/test/testfiles/file_image_core_test.h5 /home/byrn/HDF_Projects/hdf5/build/ci-StdShar-GNUC/test/H5TEST/testfiles/file_image_core_test.h5
[1047/4114] cd /home/byrn/HDF_Projects/hdf5/build/ci-StdShar-GNUC/test && /usr/bin/cmake -E copy_if_different /home/byrn/HDF_Projects/hdf5/dev/test/testfiles/filespace_1_6.h5 /home/byrn/HDF_Projects/hdf5/build/ci-StdShar-GNUC/test/H5TEST/testfiles/filespace_1_6.h5
[1048/4114] cd /home/byrn/HDF_Projects/hdf5/build/ci-StdShar-GNUC/test && /usr/bin/cmake -E copy_if_different /home/byrn/HDF_Projects/hdf5/dev/test/testfiles/family_v16-000003.h5 /home/byrn/HDF_Projects/hdf5/build/ci-StdShar-GNUC/test/H5TEST/testfiles/family_v16-000003.h5
[1049/4114] cd /home/byrn/HDF_Projects/hdf5/build/ci-StdShar-GNUC/test && /usr/bin/cmake -E copy_if_different /home/byrn/HDF_Projects/hdf5/dev/test/testfiles/fill_old.h5 /home/byrn/HDF_Projects/hdf5/build/ci-StdShar-GNUC/test/H5TEST/testfiles/fill_old.h5
[1050/4114] cd /home/byrn/HDF_Projects/hdf5/build/ci-StdShar-GNUC/test && /usr/bin/cmake -E copy_if_different /home/byrn/HDF_Projects/hdf5/dev/test/testfiles/filter_error.h5 /home/byrn/HDF_Projects/hdf5/build/ci-StdShar-GNUC/test/H5TEST/testfiles/filter_error.h5
[1051/4114] cd /home/byrn/HDF_Projects/hdf5/build/ci-StdShar-GNUC/test && /usr/bin/cmake -E copy_if_different /home/byrn/HDF_Projects/hdf5/dev/test/testfiles/fill18.h5 /home/byrn/HDF_Projects/hdf5/build/ci-StdShar-GNUC/test/H5TEST/testfiles/fill18.h5
[1052/4114] cd /home/byrn/HDF_Projects/hdf5/build/ci-StdShar-GNUC/test && /usr/bin/cmake -E copy_if_different /home/byrn/HDF_Projects/hdf5/dev/test/testfiles/fsm_aggr_nopersist.h5 /home/byrn/HDF_Projects/hdf5/build/ci-StdShar-GNUC/test/H5TEST/testfiles/fsm_aggr_nopersist.h5
[1053/4114] : && /usr/bin/cc -std=c99  -fstdarg-opt -fdiagnostics-urls=never -fno-diagnostics-color -fmessage-length=0 -O2 -g -DNDEBUG  test/CMakeFiles/gen_specmetaread.dir/gen_specmetaread.c.o -o bin/gen_specmetaread  -Wl,-rpath,"\$ORIGIN/../lib:\$ORIGIN/"  bin/libhdf5_test.a  bin/libhdf5.a  bin/libzlib.a  bin/libszaec.a  bin/libaec.a  -lm  -ldl && :
[1054/4114] cd /home/byrn/HDF_Projects/hdf5/build/ci-StdShar-GNUC/test && /usr/bin/cmake -E copy_if_different /home/byrn/HDF_Projects/hdf5/dev/test/testfiles/group_old.h5 /home/byrn/HDF_Projects/hdf5/build/ci-StdShar-GNUC/test/H5TEST/testfiles/group_old.h5
[1055/4114] cd /home/byrn/HDF_Projects/hdf5/build/ci-StdShar-GNUC/test && /usr/bin/cmake -E copy_if_different /home/byrn/HDF_Projects/hdf5/dev/test/testfiles/h5fc_ext1_i.h5 /home/byrn/HDF_Projects/hdf5/build/ci-StdShar-GNUC/test/H5TEST/testfiles/h5fc_ext1_i.h5
[1056/4114] cd /home/byrn/HDF_Projects/hdf5/build/ci-StdShar-GNUC/test && /usr/bin/cmake -E copy_if_different /home/byrn/HDF_Projects/hdf5/dev/test/testfiles/fsm_aggr_persist.h5 /home/byrn/HDF_Projects/hdf5/build/ci-StdShar-GNUC/test/H5TEST/testfiles/fsm_aggr_persist.h5
[1057/4114] cd /home/byrn/HDF_Projects/hdf5/build/ci-StdShar-GNUC/test && /usr/bin/cmake -E copy_if_different /home/byrn/HDF_Projects/hdf5/dev/test/testfiles/h5fc_ext1_f.h5 /home/byrn/HDF_Projects/hdf5/build/ci-StdShar-GNUC/test/H5TEST/testfiles/h5fc_ext1_f.h5
[1058/4114] cd /home/byrn/HDF_Projects/hdf5/build/ci-StdShar-GNUC/test && /usr/bin/cmake -E copy_if_different /home/byrn/HDF_Projects/hdf5/dev/test/testfiles/h5fc_ext2_if.h5 /home/byrn/HDF_Projects/hdf5/build/ci-StdShar-GNUC/test/H5TEST/testfiles/h5fc_ext2_if.h5
[1059/4114] cd /home/byrn/HDF_Projects/hdf5/build/ci-StdShar-GNUC/test && /usr/bin/cmake -E copy_if_different /home/byrn/HDF_Projects/hdf5/dev/test/testfiles/h5fc_ext3_isf.h5 /home/byrn/HDF_Projects/hdf5/build/ci-StdShar-GNUC/test/H5TEST/testfiles/h5fc_ext3_isf.h5
[1060/4114] cd /home/byrn/HDF_Projects/hdf5/build/ci-StdShar-GNUC/test && /usr/bin/cmake -E copy_if_different /home/byrn/HDF_Projects/hdf5/dev/test/testfiles/h5fc_ext2_sf.h5 /home/byrn/HDF_Projects/hdf5/build/ci-StdShar-GNUC/test/H5TEST/testfiles/h5fc_ext2_sf.h5
[1061/4114] cd /home/byrn/HDF_Projects/hdf5/build/ci-StdShar-GNUC/test && /usr/bin/cmake -E copy_if_different /home/byrn/HDF_Projects/hdf5/dev/test/testfiles/le_data.h5 /home/byrn/HDF_Projects/hdf5/build/ci-StdShar-GNUC/test/H5TEST/testfiles/le_data.h5
[1062/4114] cd /home/byrn/HDF_Projects/hdf5/build/ci-StdShar-GNUC/test && /usr/bin/cmake -E copy_if_different /home/byrn/HDF_Projects/hdf5/dev/test/testfiles/h5fc_ext_none.h5 /home/byrn/HDF_Projects/hdf5/build/ci-StdShar-GNUC/test/H5TEST/testfiles/h5fc_ext_none.h5
[1063/4114] /usr/bin/cc -D_FILE_OFFSET_BITS=64 -D_GNU_SOURCE -D_LARGEFILE_SOURCE -D_POSIX_C_SOURCE=200809L -I/home/byrn/HDF_Projects/hdf5/dev/src -I/home/byrn/HDF_Projects/hdf5/dev/src/H5FDsubfiling -I/home/byrn/HDF_Projects/hdf5/build/ci-StdShar-GNUC/src -I/home/byrn/HDF_Projects/hdf5/build/ci-StdShar-GNUC/test -I/home/byrn/HDF_Projects/hdf5/dev/test -std=c99  -fstdarg-opt -fdiagnostics-urls=never -fno-diagnostics-color -fmessage-length=0 -O2 -g -DNDEBUG -std=gnu99 -fPIE -MD -MT test/CMakeFiles/gen_plist.dir/gen_plist.c.o -MF test/CMakeFiles/gen_plist.dir/gen_plist.c.o.d -o test/CMakeFiles/gen_plist.dir/gen_plist.c.o -c /home/byrn/HDF_Projects/hdf5/dev/test/gen_plist.c
[1064/4114] cd /home/byrn/HDF_Projects/hdf5/build/ci-StdShar-GNUC/test && /usr/bin/cmake -E copy_if_different /home/byrn/HDF_Projects/hdf5/dev/test/testfiles/le_extlink1.h5 /home/byrn/HDF_Projects/hdf5/build/ci-StdShar-GNUC/test/H5TEST/testfiles/le_extlink1.h5
[1065/4114] cd /home/byrn/HDF_Projects/hdf5/build/ci-StdShar-GNUC/test && /usr/bin/cmake -E copy_if_different /home/byrn/HDF_Projects/hdf5/dev/test/testfiles/links_env.out /home/byrn/HDF_Projects/hdf5/build/ci-StdShar-GNUC/test/H5TEST/testfiles/links_env.out
[1066/4114] cd /home/byrn/HDF_Projects/hdf5/build/ci-StdShar-GNUC/test && /usr/bin/cmake -E copy_if_different /home/byrn/HDF_Projects/hdf5/dev/test/testfiles/memleak_H5O_dtype_decode_helper_H5Odtype.h5 /home/byrn/HDF_Projects/hdf5/build/ci-StdShar-GNUC/test/H5TEST/testfiles/memleak_H5O_dtype_decode_helper_H5Odtype.h5
[1067/4114] cd /home/byrn/HDF_Projects/hdf5/build/ci-StdShar-GNUC/test && /usr/bin/cmake -E copy_if_different /home/byrn/HDF_Projects/hdf5/dev/test/testfiles/mergemsg.h5 /home/byrn/HDF_Projects/hdf5/build/ci-StdShar-GNUC/test/H5TEST/testfiles/mergemsg.h5
[1068/4114] cd /home/byrn/HDF_Projects/hdf5/build/ci-StdShar-GNUC/test && /usr/bin/cmake -E copy_if_different /home/byrn/HDF_Projects/hdf5/dev/test/testfiles/le_extlink2.h5 /home/byrn/HDF_Projects/hdf5/build/ci-StdShar-GNUC/test/H5TEST/testfiles/le_extlink2.h5
[1069/4114] cd /home/byrn/HDF_Projects/hdf5/build/ci-StdShar-GNUC/test && /usr/bin/cmake -E copy_if_different /home/byrn/HDF_Projects/hdf5/dev/test/testfiles/multi_file_v16-r.h5 /home/byrn/HDF_Projects/hdf5/build/ci-StdShar-GNUC/test/H5TEST/testfiles/multi_file_v16-r.h5
[1070/4114] cd /home/byrn/HDF_Projects/hdf5/build/ci-StdShar-GNUC/test && /usr/bin/cmake -E copy_if_different /home/byrn/HDF_Projects/hdf5/dev/test/testfiles/noencoder.h5 /home/byrn/HDF_Projects/hdf5/build/ci-StdShar-GNUC/test/H5TEST/testfiles/noencoder.h5
[1071/4114] cd /home/byrn/HDF_Projects/hdf5/build/ci-StdShar-GNUC/test && /usr/bin/cmake -E copy_if_different /home/byrn/HDF_Projects/hdf5/dev/test/testfiles/none.h5 /home/byrn/HDF_Projects/hdf5/build/ci-StdShar-GNUC/test/H5TEST/testfiles/none.h5
[1072/4114] cd /home/byrn/HDF_Projects/hdf5/build/ci-StdShar-GNUC/test && /usr/bin/cmake -E copy_if_different /home/byrn/HDF_Projects/hdf5/dev/test/testfiles/multi_file_v16-s.h5 /home/byrn/HDF_Projects/hdf5/build/ci-StdShar-GNUC/test/H5TEST/testfiles/multi_file_v16-s.h5
[1073/4114] cd /home/byrn/HDF_Projects/hdf5/build/ci-StdShar-GNUC/test && /usr/bin/cmake -E copy_if_different /home/byrn/HDF_Projects/hdf5/dev/test/testfiles/paged_nopersist.h5 /home/byrn/HDF_Projects/hdf5/build/ci-StdShar-GNUC/test/H5TEST/testfiles/paged_nopersist.h5
[1074/4114] cd /home/byrn/HDF_Projects/hdf5/build/ci-StdShar-GNUC/test && /usr/bin/cmake -E copy_if_different /home/byrn/HDF_Projects/hdf5/dev/test/testfiles/plist_files/acpl_32be /home/byrn/HDF_Projects/hdf5/build/ci-StdShar-GNUC/test/H5TEST/testfiles/plist_files/acpl_32be
[1075/4114] cd /home/byrn/HDF_Projects/hdf5/build/ci-StdShar-GNUC/test && /usr/bin/cmake -E copy_if_different /home/byrn/HDF_Projects/hdf5/dev/test/testfiles/plist_files/acpl_32le /home/byrn/HDF_Projects/hdf5/build/ci-StdShar-GNUC/test/H5TEST/testfiles/plist_files/acpl_32le
[1076/4114] cd /home/byrn/HDF_Projects/hdf5/build/ci-StdShar-GNUC/test && /usr/bin/cmake -E copy_if_different /home/byrn/HDF_Projects/hdf5/dev/test/testfiles/paged_persist.h5 /home/byrn/HDF_Projects/hdf5/build/ci-StdShar-GNUC/test/H5TEST/testfiles/paged_persist.h5
[1077/4114] cd /home/byrn/HDF_Projects/hdf5/build/ci-StdShar-GNUC/test && /usr/bin/cmake -E copy_if_different /home/byrn/HDF_Projects/hdf5/dev/test/testfiles/plist_files/acpl_64le /home/byrn/HDF_Projects/hdf5/build/ci-StdShar-GNUC/test/H5TEST/testfiles/plist_files/acpl_64le
[1078/4114] cd /home/byrn/HDF_Projects/hdf5/build/ci-StdShar-GNUC/test && /usr/bin/cmake -E copy_if_different /home/byrn/HDF_Projects/hdf5/dev/test/testfiles/plist_files/acpl_64be /home/byrn/HDF_Projects/hdf5/build/ci-StdShar-GNUC/test/H5TEST/testfiles/plist_files/acpl_64be
[1079/4114] cd /home/byrn/HDF_Projects/hdf5/build/ci-StdShar-GNUC/test && /usr/bin/cmake -E copy_if_different /home/byrn/HDF_Projects/hdf5/dev/test/testfiles/plist_files/dapl_32be /home/byrn/HDF_Projects/hdf5/build/ci-StdShar-GNUC/test/H5TEST/testfiles/plist_files/dapl_32be
[1080/4114] cd /home/byrn/HDF_Projects/hdf5/build/ci-StdShar-GNUC/test && /usr/bin/cmake -E copy_if_different /home/byrn/HDF_Projects/hdf5/dev/test/testfiles/plist_files/dapl_32le /home/byrn/HDF_Projects/hdf5/build/ci-StdShar-GNUC/test/H5TEST/testfiles/plist_files/dapl_32le
[1081/4114] cd /home/byrn/HDF_Projects/hdf5/build/ci-StdShar-GNUC/test && /usr/bin/cmake -E copy_if_different /home/byrn/HDF_Projects/hdf5/dev/test/testfiles/plist_files/dcpl_32be /home/byrn/HDF_Projects/hdf5/build/ci-StdShar-GNUC/test/H5TEST/testfiles/plist_files/dcpl_32be
[1082/4114] cd /home/byrn/HDF_Projects/hdf5/build/ci-StdShar-GNUC/test && /usr/bin/cmake -E copy_if_different /home/byrn/HDF_Projects/hdf5/dev/test/testfiles/plist_files/dapl_64be /home/byrn/HDF_Projects/hdf5/build/ci-StdShar-GNUC/test/H5TEST/testfiles/plist_files/dapl_64be
[1083/4114] cd /home/byrn/HDF_Projects/hdf5/build/ci-StdShar-GNUC/test && /usr/bin/cmake -E copy_if_different /home/byrn/HDF_Projects/hdf5/dev/test/testfiles/plist_files/dapl_64le /home/byrn/HDF_Projects/hdf5/build/ci-StdShar-GNUC/test/H5TEST/testfiles/plist_files/dapl_64le
[1084/4114] cd /home/byrn/HDF_Projects/hdf5/build/ci-StdShar-GNUC/test && /usr/bin/cmake -E copy_if_different /home/byrn/HDF_Projects/hdf5/dev/test/testfiles/plist_files/dcpl_32le /home/byrn/HDF_Projects/hdf5/build/ci-StdShar-GNUC/test/H5TEST/testfiles/plist_files/dcpl_32le
[1085/4114] cd /home/byrn/HDF_Projects/hdf5/build/ci-StdShar-GNUC/test && /usr/bin/cmake -E copy_if_different /home/byrn/HDF_Projects/hdf5/dev/test/testfiles/plist_files/dcpl_64be /home/byrn/HDF_Projects/hdf5/build/ci-StdShar-GNUC/test/H5TEST/testfiles/plist_files/dcpl_64be
[1086/4114] cd /home/byrn/HDF_Projects/hdf5/build/ci-StdShar-GNUC/test && /usr/bin/cmake -E copy_if_different /home/byrn/HDF_Projects/hdf5/dev/test/testfiles/plist_files/def_acpl_32be /home/byrn/HDF_Projects/hdf5/build/ci-StdShar-GNUC/test/H5TEST/testfiles/plist_files/def_acpl_32be
[1087/4114] cd /home/byrn/HDF_Projects/hdf5/build/ci-StdShar-GNUC/test && /usr/bin/cmake -E copy_if_different /home/byrn/HDF_Projects/hdf5/dev/test/testfiles/plist_files/dcpl_64le /home/byrn/HDF_Projects/hdf5/build/ci-StdShar-GNUC/test/H5TEST/testfiles/plist_files/dcpl_64le
[1088/4114] cd /home/byrn/HDF_Projects/hdf5/build/ci-StdShar-GNUC/test && /usr/bin/cmake -E copy_if_different /home/byrn/HDF_Projects/hdf5/dev/test/testfiles/plist_files/def_acpl_32le /home/byrn/HDF_Projects/hdf5/build/ci-StdShar-GNUC/test/H5TEST/testfiles/plist_files/def_acpl_32le
[1089/4114] cd /home/byrn/HDF_Projects/hdf5/build/ci-StdShar-GNUC/test && /usr/bin/cmake -E copy_if_different /home/byrn/HDF_Projects/hdf5/dev/test/testfiles/plist_files/def_acpl_64be /home/byrn/HDF_Projects/hdf5/build/ci-StdShar-GNUC/test/H5TEST/testfiles/plist_files/def_acpl_64be
[1090/4114] cd /home/byrn/HDF_Projects/hdf5/build/ci-StdShar-GNUC/test && /usr/bin/cmake -E copy_if_different /home/byrn/HDF_Projects/hdf5/dev/test/testfiles/plist_files/def_acpl_64le /home/byrn/HDF_Projects/hdf5/build/ci-StdShar-GNUC/test/H5TEST/testfiles/plist_files/def_acpl_64le
[1091/4114] cd /home/byrn/HDF_Projects/hdf5/build/ci-StdShar-GNUC/test && /usr/bin/cmake -E copy_if_different /home/byrn/HDF_Projects/hdf5/dev/test/testfiles/plist_files/def_dapl_64be /home/byrn/HDF_Projects/hdf5/build/ci-StdShar-GNUC/test/H5TEST/testfiles/plist_files/def_dapl_64be
[1092/4114] cd /home/byrn/HDF_Projects/hdf5/build/ci-StdShar-GNUC/test && /usr/bin/cmake -E copy_if_different /home/byrn/HDF_Projects/hdf5/dev/test/testfiles/plist_files/def_dapl_32be /home/byrn/HDF_Projects/hdf5/build/ci-StdShar-GNUC/test/H5TEST/testfiles/plist_files/def_dapl_32be
[1093/4114] cd /home/byrn/HDF_Projects/hdf5/build/ci-StdShar-GNUC/test && /usr/bin/cmake -E copy_if_different /home/byrn/HDF_Projects/hdf5/dev/test/testfiles/plist_files/def_dapl_32le /home/byrn/HDF_Projects/hdf5/build/ci-StdShar-GNUC/test/H5TEST/testfiles/plist_files/def_dapl_32le
[1094/4114] cd /home/byrn/HDF_Projects/hdf5/build/ci-StdShar-GNUC/test && /usr/bin/cmake -E copy_if_different /home/byrn/HDF_Projects/hdf5/dev/test/testfiles/plist_files/def_dapl_64le /home/byrn/HDF_Projects/hdf5/build/ci-StdShar-GNUC/test/H5TEST/testfiles/plist_files/def_dapl_64le
[1095/4114] cd /home/byrn/HDF_Projects/hdf5/build/ci-StdShar-GNUC/test && /usr/bin/cmake -E copy_if_different /home/byrn/HDF_Projects/hdf5/dev/test/testfiles/plist_files/def_dcpl_32be /home/byrn/HDF_Projects/hdf5/build/ci-StdShar-GNUC/test/H5TEST/testfiles/plist_files/def_dcpl_32be
[1096/4114] cd /home/byrn/HDF_Projects/hdf5/build/ci-StdShar-GNUC/test && /usr/bin/cmake -E copy_if_different /home/byrn/HDF_Projects/hdf5/dev/test/testfiles/plist_files/def_dcpl_64be /home/byrn/HDF_Projects/hdf5/build/ci-StdShar-GNUC/test/H5TEST/testfiles/plist_files/def_dcpl_64be
[1097/4114] cd /home/byrn/HDF_Projects/hdf5/build/ci-StdShar-GNUC/test && /usr/bin/cmake -E copy_if_different /home/byrn/HDF_Projects/hdf5/dev/test/testfiles/plist_files/def_dcpl_64le /home/byrn/HDF_Projects/hdf5/build/ci-StdShar-GNUC/test/H5TEST/testfiles/plist_files/def_dcpl_64le
[1098/4114] cd /home/byrn/HDF_Projects/hdf5/build/ci-StdShar-GNUC/test && /usr/bin/cmake -E copy_if_different /home/byrn/HDF_Projects/hdf5/dev/test/testfiles/plist_files/def_dcpl_32le /home/byrn/HDF_Projects/hdf5/build/ci-StdShar-GNUC/test/H5TEST/testfiles/plist_files/def_dcpl_32le
[1099/4114] cd /home/byrn/HDF_Projects/hdf5/build/ci-StdShar-GNUC/test && /usr/bin/cmake -E copy_if_different /home/byrn/HDF_Projects/hdf5/dev/test/testfiles/plist_files/def_dxpl_32be /home/byrn/HDF_Projects/hdf5/build/ci-StdShar-GNUC/test/H5TEST/testfiles/plist_files/def_dxpl_32be
[1100/4114] cd /home/byrn/HDF_Projects/hdf5/build/ci-StdShar-GNUC/test && /usr/bin/cmake -E copy_if_different /home/byrn/HDF_Projects/hdf5/dev/test/testfiles/plist_files/def_dxpl_32le /home/byrn/HDF_Projects/hdf5/build/ci-StdShar-GNUC/test/H5TEST/testfiles/plist_files/def_dxpl_32le
[1101/4114] cd /home/byrn/HDF_Projects/hdf5/build/ci-StdShar-GNUC/test && /usr/bin/cmake -E copy_if_different /home/byrn/HDF_Projects/hdf5/dev/test/testfiles/plist_files/def_dxpl_64le /home/byrn/HDF_Projects/hdf5/build/ci-StdShar-GNUC/test/H5TEST/testfiles/plist_files/def_dxpl_64le
[1102/4114] cd /home/byrn/HDF_Projects/hdf5/build/ci-StdShar-GNUC/test && /usr/bin/cmake -E copy_if_different /home/byrn/HDF_Projects/hdf5/dev/test/testfiles/plist_files/def_dxpl_64be /home/byrn/HDF_Projects/hdf5/build/ci-StdShar-GNUC/test/H5TEST/testfiles/plist_files/def_dxpl_64be
[1103/4114] cd /home/byrn/HDF_Projects/hdf5/build/ci-StdShar-GNUC/test && /usr/bin/cmake -E copy_if_different /home/byrn/HDF_Projects/hdf5/dev/test/testfiles/plist_files/def_fapl_32be /home/byrn/HDF_Projects/hdf5/build/ci-StdShar-GNUC/test/H5TEST/testfiles/plist_files/def_fapl_32be
[1104/4114] : && /usr/bin/cc -std=c99  -fstdarg-opt -fdiagnostics-urls=never -fno-diagnostics-color -fmessage-length=0 -O2 -g -DNDEBUG  test/CMakeFiles/gen_file_image.dir/gen_file_image.c.o -o bin/gen_file_image  -Wl,-rpath,"\$ORIGIN/../lib:\$ORIGIN/"  bin/libhdf5_test.a  bin/libhdf5.a  bin/libzlib.a  bin/libszaec.a  bin/libaec.a  -lm  -ldl && :
[1105/4114] cd /home/byrn/HDF_Projects/hdf5/build/ci-StdShar-GNUC/test && /usr/bin/cmake -E copy_if_different /home/byrn/HDF_Projects/hdf5/dev/test/testfiles/plist_files/def_fapl_32le /home/byrn/HDF_Projects/hdf5/build/ci-StdShar-GNUC/test/H5TEST/testfiles/plist_files/def_fapl_32le
[1106/4114] cd /home/byrn/HDF_Projects/hdf5/build/ci-StdShar-GNUC/test && /usr/bin/cmake -E copy_if_different /home/byrn/HDF_Projects/hdf5/dev/test/testfiles/plist_files/def_fapl_64be /home/byrn/HDF_Projects/hdf5/build/ci-StdShar-GNUC/test/H5TEST/testfiles/plist_files/def_fapl_64be
[1107/4114] cd /home/byrn/HDF_Projects/hdf5/build/ci-StdShar-GNUC/test && /usr/bin/cmake -E copy_if_different /home/byrn/HDF_Projects/hdf5/dev/test/testfiles/plist_files/def_fcpl_32be /home/byrn/HDF_Projects/hdf5/build/ci-StdShar-GNUC/test/H5TEST/testfiles/plist_files/def_fcpl_32be
[1108/4114] cd /home/byrn/HDF_Projects/hdf5/build/ci-StdShar-GNUC/test && /usr/bin/cmake -E copy_if_different /home/byrn/HDF_Projects/hdf5/dev/test/testfiles/plist_files/def_fcpl_32le /home/byrn/HDF_Projects/hdf5/build/ci-StdShar-GNUC/test/H5TEST/testfiles/plist_files/def_fcpl_32le
[1109/4114] cd /home/byrn/HDF_Projects/hdf5/build/ci-StdShar-GNUC/test && /usr/bin/cmake -E copy_if_different /home/byrn/HDF_Projects/hdf5/dev/test/testfiles/plist_files/def_fcpl_64be /home/byrn/HDF_Projects/hdf5/build/ci-StdShar-GNUC/test/H5TEST/testfiles/plist_files/def_fcpl_64be
[1110/4114] cd /home/byrn/HDF_Projects/hdf5/build/ci-StdShar-GNUC/test && /usr/bin/cmake -E copy_if_different /home/byrn/HDF_Projects/hdf5/dev/test/testfiles/plist_files/def_fapl_64le /home/byrn/HDF_Projects/hdf5/build/ci-StdShar-GNUC/test/H5TEST/testfiles/plist_files/def_fapl_64le
[1111/4114] cd /home/byrn/HDF_Projects/hdf5/build/ci-StdShar-GNUC/test && /usr/bin/cmake -E copy_if_different /home/byrn/HDF_Projects/hdf5/dev/test/testfiles/plist_files/def_gcpl_32be /home/byrn/HDF_Projects/hdf5/build/ci-StdShar-GNUC/test/H5TEST/testfiles/plist_files/def_gcpl_32be
[1112/4114] cd /home/byrn/HDF_Projects/hdf5/build/ci-StdShar-GNUC/test && /usr/bin/cmake -E copy_if_different /home/byrn/HDF_Projects/hdf5/dev/test/testfiles/plist_files/def_fcpl_64le /home/byrn/HDF_Projects/hdf5/build/ci-StdShar-GNUC/test/H5TEST/testfiles/plist_files/def_fcpl_64le
[1113/4114] cd /home/byrn/HDF_Projects/hdf5/build/ci-StdShar-GNUC/test && /usr/bin/cmake -E copy_if_different /home/byrn/HDF_Projects/hdf5/dev/test/testfiles/plist_files/def_gcpl_64be /home/byrn/HDF_Projects/hdf5/build/ci-StdShar-GNUC/test/H5TEST/testfiles/plist_files/def_gcpl_64be
[1114/4114] cd /home/byrn/HDF_Projects/hdf5/build/ci-StdShar-GNUC/test && /usr/bin/cmake -E copy_if_different /home/byrn/HDF_Projects/hdf5/dev/test/testfiles/plist_files/def_gcpl_64le /home/byrn/HDF_Projects/hdf5/build/ci-StdShar-GNUC/test/H5TEST/testfiles/plist_files/def_gcpl_64le
[1115/4114] cd /home/byrn/HDF_Projects/hdf5/build/ci-StdShar-GNUC/test && /usr/bin/cmake -E copy_if_different /home/byrn/HDF_Projects/hdf5/dev/test/testfiles/plist_files/def_lapl_32le /home/byrn/HDF_Projects/hdf5/build/ci-StdShar-GNUC/test/H5TEST/testfiles/plist_files/def_lapl_32le
[1116/4114] cd /home/byrn/HDF_Projects/hdf5/build/ci-StdShar-GNUC/test && /usr/bin/cmake -E copy_if_different /home/byrn/HDF_Projects/hdf5/dev/test/testfiles/plist_files/def_gcpl_32le /home/byrn/HDF_Projects/hdf5/build/ci-StdShar-GNUC/test/H5TEST/testfiles/plist_files/def_gcpl_32le
[1117/4114] cd /home/byrn/HDF_Projects/hdf5/build/ci-StdShar-GNUC/test && /usr/bin/cmake -E copy_if_different /home/byrn/HDF_Projects/hdf5/dev/test/testfiles/plist_files/def_lapl_32be /home/byrn/HDF_Projects/hdf5/build/ci-StdShar-GNUC/test/H5TEST/testfiles/plist_files/def_lapl_32be
[1118/4114] cd /home/byrn/HDF_Projects/hdf5/build/ci-StdShar-GNUC/test && /usr/bin/cmake -E copy_if_different /home/byrn/HDF_Projects/hdf5/dev/test/testfiles/plist_files/def_lapl_64be /home/byrn/HDF_Projects/hdf5/build/ci-StdShar-GNUC/test/H5TEST/testfiles/plist_files/def_lapl_64be
[1119/4114] cd /home/byrn/HDF_Projects/hdf5/build/ci-StdShar-GNUC/test && /usr/bin/cmake -E copy_if_different /home/byrn/HDF_Projects/hdf5/dev/test/testfiles/plist_files/def_lapl_64le /home/byrn/HDF_Projects/hdf5/build/ci-StdShar-GNUC/test/H5TEST/testfiles/plist_files/def_lapl_64le
[1120/4114] cd /home/byrn/HDF_Projects/hdf5/build/ci-StdShar-GNUC/test && /usr/bin/cmake -E copy_if_different /home/byrn/HDF_Projects/hdf5/dev/test/testfiles/plist_files/def_lcpl_32le /home/byrn/HDF_Projects/hdf5/build/ci-StdShar-GNUC/test/H5TEST/testfiles/plist_files/def_lcpl_32le
[1121/4114] cd /home/byrn/HDF_Projects/hdf5/build/ci-StdShar-GNUC/test && /usr/bin/cmake -E copy_if_different /home/byrn/HDF_Projects/hdf5/dev/test/testfiles/plist_files/def_lcpl_32be /home/byrn/HDF_Projects/hdf5/build/ci-StdShar-GNUC/test/H5TEST/testfiles/plist_files/def_lcpl_32be
[1122/4114] cd /home/byrn/HDF_Projects/hdf5/build/ci-StdShar-GNUC/test && /usr/bin/cmake -E copy_if_different /home/byrn/HDF_Projects/hdf5/dev/test/testfiles/plist_files/def_lcpl_64be /home/byrn/HDF_Projects/hdf5/build/ci-StdShar-GNUC/test/H5TEST/testfiles/plist_files/def_lcpl_64be
[1123/4114] cd /home/byrn/HDF_Projects/hdf5/build/ci-StdShar-GNUC/test && /usr/bin/cmake -E copy_if_different /home/byrn/HDF_Projects/hdf5/dev/test/testfiles/plist_files/def_lcpl_64le /home/byrn/HDF_Projects/hdf5/build/ci-StdShar-GNUC/test/H5TEST/testfiles/plist_files/def_lcpl_64le
[1124/4114] cd /home/byrn/HDF_Projects/hdf5/build/ci-StdShar-GNUC/test && /usr/bin/cmake -E copy_if_different /home/byrn/HDF_Projects/hdf5/dev/test/testfiles/plist_files/def_ocpl_32be /home/byrn/HDF_Projects/hdf5/build/ci-StdShar-GNUC/test/H5TEST/testfiles/plist_files/def_ocpl_32be
[1125/4114] cd /home/byrn/HDF_Projects/hdf5/build/ci-StdShar-GNUC/test && /usr/bin/cmake -E copy_if_different /home/byrn/HDF_Projects/hdf5/dev/test/testfiles/plist_files/def_ocpl_64le /home/byrn/HDF_Projects/hdf5/build/ci-StdShar-GNUC/test/H5TEST/testfiles/plist_files/def_ocpl_64le
[1126/4114] cd /home/byrn/HDF_Projects/hdf5/build/ci-StdShar-GNUC/test && /usr/bin/cmake -E copy_if_different /home/byrn/HDF_Projects/hdf5/dev/test/testfiles/plist_files/def_ocpl_64be /home/byrn/HDF_Projects/hdf5/build/ci-StdShar-GNUC/test/H5TEST/testfiles/plist_files/def_ocpl_64be
[1127/4114] cd /home/byrn/HDF_Projects/hdf5/build/ci-StdShar-GNUC/test && /usr/bin/cmake -E copy_if_different /home/byrn/HDF_Projects/hdf5/dev/test/testfiles/plist_files/def_ocpypl_32be /home/byrn/HDF_Projects/hdf5/build/ci-StdShar-GNUC/test/H5TEST/testfiles/plist_files/def_ocpypl_32be
[1128/4114] cd /home/byrn/HDF_Projects/hdf5/build/ci-StdShar-GNUC/test && /usr/bin/cmake -E copy_if_different /home/byrn/HDF_Projects/hdf5/dev/test/testfiles/plist_files/def_ocpl_32le /home/byrn/HDF_Projects/hdf5/build/ci-StdShar-GNUC/test/H5TEST/testfiles/plist_files/def_ocpl_32le
[1129/4114] cd /home/byrn/HDF_Projects/hdf5/build/ci-StdShar-GNUC/test && /usr/bin/cmake -E copy_if_different /home/byrn/HDF_Projects/hdf5/dev/test/testfiles/plist_files/def_ocpypl_32le /home/byrn/HDF_Projects/hdf5/build/ci-StdShar-GNUC/test/H5TEST/testfiles/plist_files/def_ocpypl_32le
[1130/4114] cd /home/byrn/HDF_Projects/hdf5/build/ci-StdShar-GNUC/test && /usr/bin/cmake -E copy_if_different /home/byrn/HDF_Projects/hdf5/dev/test/testfiles/plist_files/def_ocpypl_64be /home/byrn/HDF_Projects/hdf5/build/ci-StdShar-GNUC/test/H5TEST/testfiles/plist_files/def_ocpypl_64be
[1131/4114] cd /home/byrn/HDF_Projects/hdf5/build/ci-StdShar-GNUC/test && /usr/bin/cmake -E copy_if_different /home/byrn/HDF_Projects/hdf5/dev/test/testfiles/plist_files/def_ocpypl_64le /home/byrn/HDF_Projects/hdf5/build/ci-StdShar-GNUC/test/H5TEST/testfiles/plist_files/def_ocpypl_64le
[1132/4114] cd /home/byrn/HDF_Projects/hdf5/build/ci-StdShar-GNUC/test && /usr/bin/cmake -E copy_if_different /home/byrn/HDF_Projects/hdf5/dev/test/testfiles/plist_files/def_strcpl_32le /home/byrn/HDF_Projects/hdf5/build/ci-StdShar-GNUC/test/H5TEST/testfiles/plist_files/def_strcpl_32le
[1133/4114] cd /home/byrn/HDF_Projects/hdf5/build/ci-StdShar-GNUC/test && /usr/bin/cmake -E copy_if_different /home/byrn/HDF_Projects/hdf5/dev/test/testfiles/plist_files/def_strcpl_32be /home/byrn/HDF_Projects/hdf5/build/ci-StdShar-GNUC/test/H5TEST/testfiles/plist_files/def_strcpl_32be
[1134/4114] cd /home/byrn/HDF_Projects/hdf5/build/ci-StdShar-GNUC/test && /usr/bin/cmake -E copy_if_different /home/byrn/HDF_Projects/hdf5/dev/test/testfiles/plist_files/def_strcpl_64be /home/byrn/HDF_Projects/hdf5/build/ci-StdShar-GNUC/test/H5TEST/testfiles/plist_files/def_strcpl_64be
[1135/4114] cd /home/byrn/HDF_Projects/hdf5/build/ci-StdShar-GNUC/test && /usr/bin/cmake -E copy_if_different /home/byrn/HDF_Projects/hdf5/dev/test/testfiles/plist_files/def_strcpl_64le /home/byrn/HDF_Projects/hdf5/build/ci-StdShar-GNUC/test/H5TEST/testfiles/plist_files/def_strcpl_64le
[1136/4114] cd /home/byrn/HDF_Projects/hdf5/build/ci-StdShar-GNUC/test && /usr/bin/cmake -E copy_if_different /home/byrn/HDF_Projects/hdf5/dev/test/testfiles/plist_files/dxpl_32be /home/byrn/HDF_Projects/hdf5/build/ci-StdShar-GNUC/test/H5TEST/testfiles/plist_files/dxpl_32be
[1137/4114] cd /home/byrn/HDF_Projects/hdf5/build/ci-StdShar-GNUC/test && /usr/bin/cmake -E copy_if_different /home/byrn/HDF_Projects/hdf5/dev/test/testfiles/plist_files/dxpl_32le /home/byrn/HDF_Projects/hdf5/build/ci-StdShar-GNUC/test/H5TEST/testfiles/plist_files/dxpl_32le
[1138/4114] cd /home/byrn/HDF_Projects/hdf5/build/ci-StdShar-GNUC/test && /usr/bin/cmake -E copy_if_different /home/byrn/HDF_Projects/hdf5/dev/test/testfiles/plist_files/dxpl_64be /home/byrn/HDF_Projects/hdf5/build/ci-StdShar-GNUC/test/H5TEST/testfiles/plist_files/dxpl_64be
[1139/4114] cd /home/byrn/HDF_Projects/hdf5/build/ci-StdShar-GNUC/test && /usr/bin/cmake -E copy_if_different /home/byrn/HDF_Projects/hdf5/dev/test/testfiles/plist_files/dxpl_64le /home/byrn/HDF_Projects/hdf5/build/ci-StdShar-GNUC/test/H5TEST/testfiles/plist_files/dxpl_64le
[1140/4114] cd /home/byrn/HDF_Projects/hdf5/build/ci-StdShar-GNUC/test && /usr/bin/cmake -E copy_if_different /home/byrn/HDF_Projects/hdf5/dev/test/testfiles/plist_files/fapl_32le /home/byrn/HDF_Projects/hdf5/build/ci-StdShar-GNUC/test/H5TEST/testfiles/plist_files/fapl_32le
[1141/4114] cd /home/byrn/HDF_Projects/hdf5/build/ci-StdShar-GNUC/test && /usr/bin/cmake -E copy_if_different /home/byrn/HDF_Projects/hdf5/dev/test/testfiles/plist_files/fapl_32be /home/byrn/HDF_Projects/hdf5/build/ci-StdShar-GNUC/test/H5TEST/testfiles/plist_files/fapl_32be
[1142/4114] cd /home/byrn/HDF_Projects/hdf5/build/ci-StdShar-GNUC/test && /usr/bin/cmake -E copy_if_different /home/byrn/HDF_Projects/hdf5/dev/test/testfiles/plist_files/fapl_64be /home/byrn/HDF_Projects/hdf5/build/ci-StdShar-GNUC/test/H5TEST/testfiles/plist_files/fapl_64be
[1143/4114] cd /home/byrn/HDF_Projects/hdf5/build/ci-StdShar-GNUC/test && /usr/bin/cmake -E copy_if_different /home/byrn/HDF_Projects/hdf5/dev/test/testfiles/plist_files/fapl_64le /home/byrn/HDF_Projects/hdf5/build/ci-StdShar-GNUC/test/H5TEST/testfiles/plist_files/fapl_64le
[1144/4114] cd /home/byrn/HDF_Projects/hdf5/build/ci-StdShar-GNUC/test && /usr/bin/cmake -E copy_if_different /home/byrn/HDF_Projects/hdf5/dev/test/testfiles/plist_files/fcpl_32be /home/byrn/HDF_Projects/hdf5/build/ci-StdShar-GNUC/test/H5TEST/testfiles/plist_files/fcpl_32be
[1145/4114] cd /home/byrn/HDF_Projects/hdf5/build/ci-StdShar-GNUC/test && /usr/bin/cmake -E copy_if_different /home/byrn/HDF_Projects/hdf5/dev/test/testfiles/plist_files/fcpl_32le /home/byrn/HDF_Projects/hdf5/build/ci-StdShar-GNUC/test/H5TEST/testfiles/plist_files/fcpl_32le
[1146/4114] cd /home/byrn/HDF_Projects/hdf5/build/ci-StdShar-GNUC/test && /usr/bin/cmake -E copy_if_different /home/byrn/HDF_Projects/hdf5/dev/test/testfiles/plist_files/fcpl_64be /home/byrn/HDF_Projects/hdf5/build/ci-StdShar-GNUC/test/H5TEST/testfiles/plist_files/fcpl_64be
[1147/4114] cd /home/byrn/HDF_Projects/hdf5/build/ci-StdShar-GNUC/test && /usr/bin/cmake -E copy_if_different /home/byrn/HDF_Projects/hdf5/dev/test/testfiles/plist_files/gcpl_32be /home/byrn/HDF_Projects/hdf5/build/ci-StdShar-GNUC/test/H5TEST/testfiles/plist_files/gcpl_32be
[1148/4114] cd /home/byrn/HDF_Projects/hdf5/build/ci-StdShar-GNUC/test && /usr/bin/cmake -E copy_if_different /home/byrn/HDF_Projects/hdf5/dev/test/testfiles/plist_files/fcpl_64le /home/byrn/HDF_Projects/hdf5/build/ci-StdShar-GNUC/test/H5TEST/testfiles/plist_files/fcpl_64le
[1149/4114] cd /home/byrn/HDF_Projects/hdf5/build/ci-StdShar-GNUC/test && /usr/bin/cmake -E copy_if_different /home/byrn/HDF_Projects/hdf5/dev/test/testfiles/plist_files/gcpl_64le /home/byrn/HDF_Projects/hdf5/build/ci-StdShar-GNUC/test/H5TEST/testfiles/plist_files/gcpl_64le
[1150/4114] cd /home/byrn/HDF_Projects/hdf5/build/ci-StdShar-GNUC/test && /usr/bin/cmake -E copy_if_different /home/byrn/HDF_Projects/hdf5/dev/test/testfiles/plist_files/gcpl_64be /home/byrn/HDF_Projects/hdf5/build/ci-StdShar-GNUC/test/H5TEST/testfiles/plist_files/gcpl_64be
[1151/4114] cd /home/byrn/HDF_Projects/hdf5/build/ci-StdShar-GNUC/test && /usr/bin/cmake -E copy_if_different /home/byrn/HDF_Projects/hdf5/dev/test/testfiles/plist_files/gcpl_32le /home/byrn/HDF_Projects/hdf5/build/ci-StdShar-GNUC/test/H5TEST/testfiles/plist_files/gcpl_32le
[1152/4114] cd /home/byrn/HDF_Projects/hdf5/build/ci-StdShar-GNUC/test && /usr/bin/cmake -E copy_if_different /home/byrn/HDF_Projects/hdf5/dev/test/testfiles/plist_files/lapl_32be /home/byrn/HDF_Projects/hdf5/build/ci-StdShar-GNUC/test/H5TEST/testfiles/plist_files/lapl_32be
[1153/4114] cd /home/byrn/HDF_Projects/hdf5/build/ci-StdShar-GNUC/test && /usr/bin/cmake -E copy_if_different /home/byrn/HDF_Projects/hdf5/dev/test/testfiles/plist_files/lapl_32le /home/byrn/HDF_Projects/hdf5/build/ci-StdShar-GNUC/test/H5TEST/testfiles/plist_files/lapl_32le
[1154/4114] cd /home/byrn/HDF_Projects/hdf5/build/ci-StdShar-GNUC/test && /usr/bin/cmake -E copy_if_different /home/byrn/HDF_Projects/hdf5/dev/test/testfiles/plist_files/lapl_64le /home/byrn/HDF_Projects/hdf5/build/ci-StdShar-GNUC/test/H5TEST/testfiles/plist_files/lapl_64le
[1155/4114] cd /home/byrn/HDF_Projects/hdf5/build/ci-StdShar-GNUC/test && /usr/bin/cmake -E copy_if_different /home/byrn/HDF_Projects/hdf5/dev/test/testfiles/plist_files/lapl_64be /home/byrn/HDF_Projects/hdf5/build/ci-StdShar-GNUC/test/H5TEST/testfiles/plist_files/lapl_64be
[1156/4114] cd /home/byrn/HDF_Projects/hdf5/build/ci-StdShar-GNUC/test && /usr/bin/cmake -E copy_if_different /home/byrn/HDF_Projects/hdf5/dev/test/testfiles/plist_files/lcpl_32be /home/byrn/HDF_Projects/hdf5/build/ci-StdShar-GNUC/test/H5TEST/testfiles/plist_files/lcpl_32be
[1157/4114] cd /home/byrn/HDF_Projects/hdf5/build/ci-StdShar-GNUC/test && /usr/bin/cmake -E copy_if_different /home/byrn/HDF_Projects/hdf5/dev/test/testfiles/plist_files/lcpl_32le /home/byrn/HDF_Projects/hdf5/build/ci-StdShar-GNUC/test/H5TEST/testfiles/plist_files/lcpl_32le
[1158/4114] cd /home/byrn/HDF_Projects/hdf5/build/ci-StdShar-GNUC/test && /usr/bin/cmake -E copy_if_different /home/byrn/HDF_Projects/hdf5/dev/test/testfiles/plist_files/lcpl_64be /home/byrn/HDF_Projects/hdf5/build/ci-StdShar-GNUC/test/H5TEST/testfiles/plist_files/lcpl_64be
[1159/4114] cd /home/byrn/HDF_Projects/hdf5/build/ci-StdShar-GNUC/test && /usr/bin/cmake -E copy_if_different /home/byrn/HDF_Projects/hdf5/dev/test/testfiles/plist_files/lcpl_64le /home/byrn/HDF_Projects/hdf5/build/ci-StdShar-GNUC/test/H5TEST/testfiles/plist_files/lcpl_64le
[1160/4114] cd /home/byrn/HDF_Projects/hdf5/build/ci-StdShar-GNUC/test && /usr/bin/cmake -E copy_if_different /home/byrn/HDF_Projects/hdf5/dev/test/testfiles/plist_files/ocpl_32le /home/byrn/HDF_Projects/hdf5/build/ci-StdShar-GNUC/test/H5TEST/testfiles/plist_files/ocpl_32le
[1161/4114] cd /home/byrn/HDF_Projects/hdf5/build/ci-StdShar-GNUC/test && /usr/bin/cmake -E copy_if_different /home/byrn/HDF_Projects/hdf5/dev/test/testfiles/plist_files/ocpl_64le /home/byrn/HDF_Projects/hdf5/build/ci-StdShar-GNUC/test/H5TEST/testfiles/plist_files/ocpl_64le
[1162/4114] cd /home/byrn/HDF_Projects/hdf5/build/ci-StdShar-GNUC/test && /usr/bin/cmake -E copy_if_different /home/byrn/HDF_Projects/hdf5/dev/test/testfiles/plist_files/ocpl_32be /home/byrn/HDF_Projects/hdf5/build/ci-StdShar-GNUC/test/H5TEST/testfiles/plist_files/ocpl_32be
[1163/4114] cd /home/byrn/HDF_Projects/hdf5/build/ci-StdShar-GNUC/test && /usr/bin/cmake -E copy_if_different /home/byrn/HDF_Projects/hdf5/dev/test/testfiles/plist_files/ocpl_64be /home/byrn/HDF_Projects/hdf5/build/ci-StdShar-GNUC/test/H5TEST/testfiles/plist_files/ocpl_64be
[1164/4114] cd /home/byrn/HDF_Projects/hdf5/build/ci-StdShar-GNUC/test && /usr/bin/cmake -E copy_if_different /home/byrn/HDF_Projects/hdf5/dev/test/testfiles/plist_files/ocpypl_32be /home/byrn/HDF_Projects/hdf5/build/ci-StdShar-GNUC/test/H5TEST/testfiles/plist_files/ocpypl_32be
[1165/4114] cd /home/byrn/HDF_Projects/hdf5/build/ci-StdShar-GNUC/test && /usr/bin/cmake -E copy_if_different /home/byrn/HDF_Projects/hdf5/dev/test/testfiles/plist_files/ocpypl_32le /home/byrn/HDF_Projects/hdf5/build/ci-StdShar-GNUC/test/H5TEST/testfiles/plist_files/ocpypl_32le
[1166/4114] cd /home/byrn/HDF_Projects/hdf5/build/ci-StdShar-GNUC/test && /usr/bin/cmake -E copy_if_different /home/byrn/HDF_Projects/hdf5/dev/test/testfiles/plist_files/ocpypl_64be /home/byrn/HDF_Projects/hdf5/build/ci-StdShar-GNUC/test/H5TEST/testfiles/plist_files/ocpypl_64be
[1167/4114] cd /home/byrn/HDF_Projects/hdf5/build/ci-StdShar-GNUC/test && /usr/bin/cmake -E copy_if_different /home/byrn/HDF_Projects/hdf5/dev/test/testfiles/plist_files/strcpl_32be /home/byrn/HDF_Projects/hdf5/build/ci-StdShar-GNUC/test/H5TEST/testfiles/plist_files/strcpl_32be
[1168/4114] cd /home/byrn/HDF_Projects/hdf5/build/ci-StdShar-GNUC/test && /usr/bin/cmake -E copy_if_different /home/byrn/HDF_Projects/hdf5/dev/test/testfiles/plist_files/ocpypl_64le /home/byrn/HDF_Projects/hdf5/build/ci-StdShar-GNUC/test/H5TEST/testfiles/plist_files/ocpypl_64le
[1169/4114] cd /home/byrn/HDF_Projects/hdf5/build/ci-StdShar-GNUC/test && /usr/bin/cmake -E copy_if_different /home/byrn/HDF_Projects/hdf5/dev/test/testfiles/plist_files/strcpl_32le /home/byrn/HDF_Projects/hdf5/build/ci-StdShar-GNUC/test/H5TEST/testfiles/plist_files/strcpl_32le
[1170/4114] cd /home/byrn/HDF_Projects/hdf5/build/ci-StdShar-GNUC/test && /usr/bin/cmake -E copy_if_different /home/byrn/HDF_Projects/hdf5/dev/test/testfiles/plist_files/strcpl_64be /home/byrn/HDF_Projects/hdf5/build/ci-StdShar-GNUC/test/H5TEST/testfiles/plist_files/strcpl_64be
[1171/4114] cd /home/byrn/HDF_Projects/hdf5/build/ci-StdShar-GNUC/test && /usr/bin/cmake -E copy_if_different /home/byrn/HDF_Projects/hdf5/dev/test/testfiles/plist_files/strcpl_64le /home/byrn/HDF_Projects/hdf5/build/ci-StdShar-GNUC/test/H5TEST/testfiles/plist_files/strcpl_64le
[1172/4114] cd /home/byrn/HDF_Projects/hdf5/build/ci-StdShar-GNUC/test && /usr/bin/cmake -E copy_if_different /home/byrn/HDF_Projects/hdf5/dev/test/testfiles/specmetaread.h5 /home/byrn/HDF_Projects/hdf5/build/ci-StdShar-GNUC/test/H5TEST/testfiles/specmetaread.h5
[1173/4114] cd /home/byrn/HDF_Projects/hdf5/build/ci-StdShar-GNUC/test && /usr/bin/cmake -E copy_if_different /home/byrn/HDF_Projects/hdf5/dev/test/testfiles/tbad_msg_count.h5 /home/byrn/HDF_Projects/hdf5/build/ci-StdShar-GNUC/test/H5TEST/testfiles/tbad_msg_count.h5
[1174/4114] cd /home/byrn/HDF_Projects/hdf5/build/ci-StdShar-GNUC/test && /usr/bin/cmake -E copy_if_different /home/byrn/HDF_Projects/hdf5/dev/test/testfiles/tbogus.h5 /home/byrn/HDF_Projects/hdf5/build/ci-StdShar-GNUC/test/H5TEST/testfiles/tbogus.h5
[1175/4114] cd /home/byrn/HDF_Projects/hdf5/build/ci-StdShar-GNUC/test && /usr/bin/cmake -E copy_if_different /home/byrn/HDF_Projects/hdf5/dev/test/testfiles/tarrold.h5 /home/byrn/HDF_Projects/hdf5/build/ci-StdShar-GNUC/test/H5TEST/testfiles/tarrold.h5
[1176/4114] cd /home/byrn/HDF_Projects/hdf5/build/ci-StdShar-GNUC/test && /usr/bin/cmake -E copy_if_different /home/byrn/HDF_Projects/hdf5/dev/test/testfiles/test_filters_be.h5 /home/byrn/HDF_Projects/hdf5/build/ci-StdShar-GNUC/test/H5TEST/testfiles/test_filters_be.h5
[1177/4114] cd /home/byrn/HDF_Projects/hdf5/build/ci-StdShar-GNUC/test && /usr/bin/cmake -E copy_if_different /home/byrn/HDF_Projects/hdf5/dev/test/testfiles/test_filters_le.h5 /home/byrn/HDF_Projects/hdf5/build/ci-StdShar-GNUC/test/H5TEST/testfiles/test_filters_le.h5
[1178/4114] cd /home/byrn/HDF_Projects/hdf5/build/ci-StdShar-GNUC/test && /usr/bin/cmake -E copy_if_different /home/byrn/HDF_Projects/hdf5/dev/test/testfiles/th5s.h5 /home/byrn/HDF_Projects/hdf5/build/ci-StdShar-GNUC/test/H5TEST/testfiles/th5s.h5
[1179/4114] cd /home/byrn/HDF_Projects/hdf5/build/ci-StdShar-GNUC/test && /usr/bin/cmake -E copy_if_different /home/byrn/HDF_Projects/hdf5/dev/test/testfiles/tlayouto.h5 /home/byrn/HDF_Projects/hdf5/build/ci-StdShar-GNUC/test/H5TEST/testfiles/tlayouto.h5
[1180/4114] cd /home/byrn/HDF_Projects/hdf5/build/ci-StdShar-GNUC/test && /usr/bin/cmake -E copy_if_different /home/byrn/HDF_Projects/hdf5/dev/test/testfiles/tmtimen.h5 /home/byrn/HDF_Projects/hdf5/build/ci-StdShar-GNUC/test/H5TEST/testfiles/tmtimen.h5
[1181/4114] cd /home/byrn/HDF_Projects/hdf5/build/ci-StdShar-GNUC/test && /usr/bin/cmake -E copy_if_different /home/byrn/HDF_Projects/hdf5/dev/test/testfiles/tmisc38b.h5 /home/byrn/HDF_Projects/hdf5/build/ci-StdShar-GNUC/test/H5TEST/testfiles/tmisc38b.h5
[1182/4114] cd /home/byrn/HDF_Projects/hdf5/build/ci-StdShar-GNUC/test && /usr/bin/cmake -E copy_if_different /home/byrn/HDF_Projects/hdf5/dev/test/testfiles/tmtimeo.h5 /home/byrn/HDF_Projects/hdf5/build/ci-StdShar-GNUC/test/H5TEST/testfiles/tmtimeo.h5
[1183/4114] cd /home/byrn/HDF_Projects/hdf5/build/ci-StdShar-GNUC/test && /usr/bin/cmake -E copy_if_different /home/byrn/HDF_Projects/hdf5/dev/test/testfiles/tmisc38a.h5 /home/byrn/HDF_Projects/hdf5/build/ci-StdShar-GNUC/test/H5TEST/testfiles/tmisc38a.h5
[1184/4114] cd /home/byrn/HDF_Projects/hdf5/build/ci-StdShar-GNUC/test && /usr/bin/cmake -E copy_if_different /home/byrn/HDF_Projects/hdf5/dev/test/testfiles/tnullspace.h5 /home/byrn/HDF_Projects/hdf5/build/ci-StdShar-GNUC/test/H5TEST/testfiles/tnullspace.h5
[1185/4114] cd /home/byrn/HDF_Projects/hdf5/build/ci-StdShar-GNUC/test && /usr/bin/cmake -E copy_if_different /home/byrn/HDF_Projects/hdf5/dev/test/testfiles/tsizeslheap.h5 /home/byrn/HDF_Projects/hdf5/build/ci-StdShar-GNUC/test/H5TEST/testfiles/tsizeslheap.h5
[1186/4114] : && /usr/bin/cc -std=c99  -fstdarg-opt -fdiagnostics-urls=never -fno-diagnostics-color -fmessage-length=0 -O2 -g -DNDEBUG  test/CMakeFiles/gen_plist.dir/gen_plist.c.o -o bin/gen_plist  -Wl,-rpath,"\$ORIGIN/../lib:\$ORIGIN/"  bin/libhdf5_test.a  bin/libhdf5.a  bin/libzlib.a  bin/libszaec.a  bin/libaec.a  -lm  -ldl && :
[1187/4114] /usr/bin/cc -DH5_BUILT_AS_DYNAMIC_LIB -D_FILE_OFFSET_BITS=64 -D_GNU_SOURCE -D_LARGEFILE_SOURCE -D_POSIX_C_SOURCE=200809L -I/home/byrn/HDF_Projects/hdf5/dev/utils -I/home/byrn/HDF_Projects/hdf5/dev/src -I/home/byrn/HDF_Projects/hdf5/dev/src/H5FDsubfiling -I/home/byrn/HDF_Projects/hdf5/build/ci-StdShar-GNUC/src -std=c99  -fstdarg-opt -fdiagnostics-urls=never -fno-diagnostics-color -fmessage-length=0 -O2 -g -DNDEBUG -std=gnu99 -fPIE -MD -MT utils/mirror_vfd/CMakeFiles/mirror_server_stop.dir/mirror_server_stop.c.o -MF utils/mirror_vfd/CMakeFiles/mirror_server_stop.dir/mirror_server_stop.c.o.d -o utils/mirror_vfd/CMakeFiles/mirror_server_stop.dir/mirror_server_stop.c.o -c /home/byrn/HDF_Projects/hdf5/dev/utils/mirror_vfd/mirror_server_stop.c
[1188/4114] /usr/bin/cc -DH5_BUILT_AS_DYNAMIC_LIB -D_FILE_OFFSET_BITS=64 -D_GNU_SOURCE -D_LARGEFILE_SOURCE -D_POSIX_C_SOURCE=200809L -I/home/byrn/HDF_Projects/hdf5/dev/utils -I/home/byrn/HDF_Projects/hdf5/dev/src -I/home/byrn/HDF_Projects/hdf5/dev/src/H5FDsubfiling -I/home/byrn/HDF_Projects/hdf5/build/ci-StdShar-GNUC/src -std=c99  -fstdarg-opt -fdiagnostics-urls=never -fno-diagnostics-color -fmessage-length=0 -O2 -g -DNDEBUG -std=gnu99 -fPIE -MD -MT utils/mirror_vfd/CMakeFiles/mirror_server.dir/mirror_writer.c.o -MF utils/mirror_vfd/CMakeFiles/mirror_server.dir/mirror_writer.c.o.d -o utils/mirror_vfd/CMakeFiles/mirror_server.dir/mirror_writer.c.o -c /home/byrn/HDF_Projects/hdf5/dev/utils/mirror_vfd/mirror_writer.c
[1189/4114] /usr/bin/cc -DH5_BUILT_AS_DYNAMIC_LIB -D_FILE_OFFSET_BITS=64 -D_GNU_SOURCE -D_LARGEFILE_SOURCE -D_POSIX_C_SOURCE=200809L -I/home/byrn/HDF_Projects/hdf5/dev/utils -I/home/byrn/HDF_Projects/hdf5/dev/src -I/home/byrn/HDF_Projects/hdf5/dev/src/H5FDsubfiling -I/home/byrn/HDF_Projects/hdf5/build/ci-StdShar-GNUC/src -std=c99  -fstdarg-opt -fdiagnostics-urls=never -fno-diagnostics-color -fmessage-length=0 -O2 -g -DNDEBUG -std=gnu99 -fPIE -MD -MT utils/mirror_vfd/CMakeFiles/mirror_server.dir/mirror_remote.c.o -MF utils/mirror_vfd/CMakeFiles/mirror_server.dir/mirror_remote.c.o.d -o utils/mirror_vfd/CMakeFiles/mirror_server.dir/mirror_remote.c.o -c /home/byrn/HDF_Projects/hdf5/dev/utils/mirror_vfd/mirror_remote.c
[1190/4114] : && /usr/bin/cc -std=c99  -fstdarg-opt -fdiagnostics-urls=never -fno-diagnostics-color -fmessage-length=0 -O2 -g -DNDEBUG  utils/mirror_vfd/CMakeFiles/mirror_server_stop.dir/mirror_server_stop.c.o -o bin/mirror_server_stop  -Wl,-rpath,"\$ORIGIN/../lib:\$ORIGIN/"  bin/libhdf5.so.1000.0.0  -ldl && :
[1191/4114] /usr/bin/cc -DH5_BUILT_AS_DYNAMIC_LIB -D_FILE_OFFSET_BITS=64 -D_GNU_SOURCE -D_LARGEFILE_SOURCE -D_POSIX_C_SOURCE=200809L -I/home/byrn/HDF_Projects/hdf5/dev/src -I/home/byrn/HDF_Projects/hdf5/dev/src/H5FDsubfiling -I/home/byrn/HDF_Projects/hdf5/build/ci-StdShar-GNUC/src -I/home/byrn/HDF_Projects/hdf5/build/ci-StdShar-GNUC/utils/test -I/home/byrn/HDF_Projects/hdf5/build/ci-StdShar-GNUC/test -I/home/byrn/HDF_Projects/hdf5/dev/test -std=c99  -fstdarg-opt -fdiagnostics-urls=never -fno-diagnostics-color -fmessage-length=0 -O2 -g -DNDEBUG -std=gnu99 -fPIE -Wall -Wcast-qual -Wconversion -Wextra -Wfloat-equal -Wformat=2 -Winit-self -Winvalid-pch -Wmissing-include-dirs -Wshadow -Wundef -Wwrite-strings -pedantic -Wno-c++-compat -Wbad-function-cast -Wcast-align -Wformat -Wimplicit-function-declaration -Wint-to-pointer-cast -Wmissing-declarations -Wmissing-prototypes -Wnested-externs -Wold-style-definition -Wpacked -Wpointer-sign -Wpointer-to-int-cast -Wredundant-decls -Wstrict-prototypes -Wswitch -Wunused-but-set-variable -Wunused-variable -Wunused-function -Wunused-parameter -finline-functions -Wno-aggregate-return -Wno-inline -Wno-missing-format-attribute -Wno-missing-noreturn -Wno-overlength-strings -Wlarger-than=2560 -Wlogical-op -Wframe-larger-than=16384 -Wpacked-bitfield-compat -Wsync-nand -Wno-unsuffixed-float-constants -Wdouble-promotion -Wtrampolines -Wstack-usage=8192 -Wmaybe-uninitialized -Wno-jump-misses-init -Wstrict-overflow=2 -Wno-suggest-attribute=const -Wno-suggest-attribute=noreturn -Wno-suggest-attribute=pure -Wno-suggest-attribute=format -Wdate-time -Warray-bounds=2 -Wc99-c11-compat -Wincompatible-pointer-types -Wint-conversion -Wduplicated-cond -Whsa -Wnormalized -Wnull-dereference -Wunused-const-variable -Walloca -Walloc-zero -Wduplicated-branches -Wformat-overflow=2 -Wformat-truncation=1 -Wrestrict -Wattribute-alias -Wshift-overflow=2 -Wcast-function-type -Wcast-align=strict -Wno-suggest-attribute=cold -Wno-suggest-attribute=malloc -Wattribute-alias=2 -Wmissing-profile -Wc11-c2x-compat -MD -MT utils/test/CMakeFiles/swmr_check_compat_vfd.dir/swmr_check_compat_vfd.c.o -MF utils/test/CMakeFiles/swmr_check_compat_vfd.dir/swmr_check_compat_vfd.c.o.d -o utils/test/CMakeFiles/swmr_check_compat_vfd.dir/swmr_check_compat_vfd.c.o -c /home/byrn/HDF_Projects/hdf5/dev/utils/test/swmr_check_compat_vfd.c
[1192/4114] /usr/bin/cc -DH5_BUILT_AS_DYNAMIC_LIB -D_FILE_OFFSET_BITS=64 -D_GNU_SOURCE -D_LARGEFILE_SOURCE -D_POSIX_C_SOURCE=200809L -I/home/byrn/HDF_Projects/hdf5/dev/utils -I/home/byrn/HDF_Projects/hdf5/dev/src -I/home/byrn/HDF_Projects/hdf5/dev/src/H5FDsubfiling -I/home/byrn/HDF_Projects/hdf5/build/ci-StdShar-GNUC/src -std=c99  -fstdarg-opt -fdiagnostics-urls=never -fno-diagnostics-color -fmessage-length=0 -O2 -g -DNDEBUG -std=gnu99 -fPIE -MD -MT utils/mirror_vfd/CMakeFiles/mirror_server.dir/mirror_server.c.o -MF utils/mirror_vfd/CMakeFiles/mirror_server.dir/mirror_server.c.o.d -o utils/mirror_vfd/CMakeFiles/mirror_server.dir/mirror_server.c.o -c /home/byrn/HDF_Projects/hdf5/dev/utils/mirror_vfd/mirror_server.c
[1193/4114] : && /usr/bin/cc -std=c99  -fstdarg-opt -fdiagnostics-urls=never -fno-diagnostics-color -fmessage-length=0 -O2 -g -DNDEBUG  utils/test/CMakeFiles/swmr_check_compat_vfd.dir/swmr_check_compat_vfd.c.o -o bin/swmr_check_compat_vfd  -Wl,-rpath,"\$ORIGIN/../lib:\$ORIGIN/"  bin/libhdf5_test.so.1000.0.0  -lm  bin/libhdf5.so.1000.0.0  -ldl && :
[1194/4114] : && /usr/bin/cc -std=c99  -fstdarg-opt -fdiagnostics-urls=never -fno-diagnostics-color -fmessage-length=0 -O2 -g -DNDEBUG  utils/mirror_vfd/CMakeFiles/mirror_server.dir/mirror_remote.c.o utils/mirror_vfd/CMakeFiles/mirror_server.dir/mirror_server.c.o utils/mirror_vfd/CMakeFiles/mirror_server.dir/mirror_writer.c.o -o bin/mirror_server  -Wl,-rpath,"\$ORIGIN/../lib:\$ORIGIN/"  bin/libhdf5.so.1000.0.0  -ldl && :
[1195/4114] /usr/bin/cc -D_FILE_OFFSET_BITS=64 -D_GNU_SOURCE -D_LARGEFILE_SOURCE -D_POSIX_C_SOURCE=200809L -I/home/byrn/HDF_Projects/hdf5/dev/tools/lib -I/home/byrn/HDF_Projects/hdf5/dev/src -I/home/byrn/HDF_Projects/hdf5/dev/src/H5FDsubfiling -I/home/byrn/HDF_Projects/hdf5/build/ci-StdShar-GNUC/src -std=c99  -fstdarg-opt -fdiagnostics-urls=never -fno-diagnostics-color -fmessage-length=0 -O2 -g -DNDEBUG -std=gnu99 -fPIC -Wall -Wcast-qual -Wconversion -Wextra -Wfloat-equal -Wformat=2 -Winit-self -Winvalid-pch -Wmissing-include-dirs -Wshadow -Wundef -Wwrite-strings -pedantic -Wno-c++-compat -Wbad-function-cast -Wcast-align -Wformat -Wimplicit-function-declaration -Wint-to-pointer-cast -Wmissing-declarations -Wmissing-prototypes -Wnested-externs -Wold-style-definition -Wpacked -Wpointer-sign -Wpointer-to-int-cast -Wredundant-decls -Wstrict-prototypes -Wswitch -Wunused-but-set-variable -Wunused-variable -Wunused-function -Wunused-parameter -finline-functions -Wno-aggregate-return -Wno-inline -Wno-missing-format-attribute -Wno-missing-noreturn -Wno-overlength-strings -Wlarger-than=2560 -Wlogical-op -Wframe-larger-than=16384 -Wpacked-bitfield-compat -Wsync-nand -Wno-unsuffixed-float-constants -Wdouble-promotion -Wtrampolines -Wstack-usage=8192 -Wmaybe-uninitialized -Wno-jump-misses-init -Wstrict-overflow=2 -Wno-suggest-attribute=const -Wno-suggest-attribute=noreturn -Wno-suggest-attribute=pure -Wno-suggest-attribute=format -Wdate-time -Warray-bounds=2 -Wc99-c11-compat -Wincompatible-pointer-types -Wint-conversion -Wduplicated-cond -Whsa -Wnormalized -Wnull-dereference -Wunused-const-variable -Walloca -Walloc-zero -Wduplicated-branches -Wformat-overflow=2 -Wformat-truncation=1 -Wrestrict -Wattribute-alias -Wshift-overflow=2 -Wcast-function-type -Wcast-align=strict -Wno-suggest-attribute=cold -Wno-suggest-attribute=malloc -Wattribute-alias=2 -Wmissing-profile -Wc11-c2x-compat -MD -MT tools/lib/CMakeFiles/hdf5_tools-static.dir/h5diff_util.c.o -MF tools/lib/CMakeFiles/hdf5_tools-static.dir/h5diff_util.c.o.d -o tools/lib/CMakeFiles/hdf5_tools-static.dir/h5diff_util.c.o -c /home/byrn/HDF_Projects/hdf5/dev/tools/lib/h5diff_util.c
[1196/4114] /usr/bin/cc -D_FILE_OFFSET_BITS=64 -D_GNU_SOURCE -D_LARGEFILE_SOURCE -D_POSIX_C_SOURCE=200809L -I/home/byrn/HDF_Projects/hdf5/dev/tools/lib -I/home/byrn/HDF_Projects/hdf5/dev/src -I/home/byrn/HDF_Projects/hdf5/dev/src/H5FDsubfiling -I/home/byrn/HDF_Projects/hdf5/build/ci-StdShar-GNUC/src -std=c99  -fstdarg-opt -fdiagnostics-urls=never -fno-diagnostics-color -fmessage-length=0 -O2 -g -DNDEBUG -std=gnu99 -fPIC -Wall -Wcast-qual -Wconversion -Wextra -Wfloat-equal -Wformat=2 -Winit-self -Winvalid-pch -Wmissing-include-dirs -Wshadow -Wundef -Wwrite-strings -pedantic -Wno-c++-compat -Wbad-function-cast -Wcast-align -Wformat -Wimplicit-function-declaration -Wint-to-pointer-cast -Wmissing-declarations -Wmissing-prototypes -Wnested-externs -Wold-style-definition -Wpacked -Wpointer-sign -Wpointer-to-int-cast -Wredundant-decls -Wstrict-prototypes -Wswitch -Wunused-but-set-variable -Wunused-variable -Wunused-function -Wunused-parameter -finline-functions -Wno-aggregate-return -Wno-inline -Wno-missing-format-attribute -Wno-missing-noreturn -Wno-overlength-strings -Wlarger-than=2560 -Wlogical-op -Wframe-larger-than=16384 -Wpacked-bitfield-compat -Wsync-nand -Wno-unsuffixed-float-constants -Wdouble-promotion -Wtrampolines -Wstack-usage=8192 -Wmaybe-uninitialized -Wno-jump-misses-init -Wstrict-overflow=2 -Wno-suggest-attribute=const -Wno-suggest-attribute=noreturn -Wno-suggest-attribute=pure -Wno-suggest-attribute=format -Wdate-time -Warray-bounds=2 -Wc99-c11-compat -Wincompatible-pointer-types -Wint-conversion -Wduplicated-cond -Whsa -Wnormalized -Wnull-dereference -Wunused-const-variable -Walloca -Walloc-zero -Wduplicated-branches -Wformat-overflow=2 -Wformat-truncation=1 -Wrestrict -Wattribute-alias -Wshift-overflow=2 -Wcast-function-type -Wcast-align=strict -Wno-suggest-attribute=cold -Wno-suggest-attribute=malloc -Wattribute-alias=2 -Wmissing-profile -Wc11-c2x-compat -MD -MT tools/lib/CMakeFiles/hdf5_tools-static.dir/h5diff_attr.c.o -MF tools/lib/CMakeFiles/hdf5_tools-static.dir/h5diff_attr.c.o.d -o tools/lib/CMakeFiles/hdf5_tools-static.dir/h5diff_attr.c.o -c /home/byrn/HDF_Projects/hdf5/dev/tools/lib/h5diff_attr.c
[1197/4114] /usr/bin/cc -D_FILE_OFFSET_BITS=64 -D_GNU_SOURCE -D_LARGEFILE_SOURCE -D_POSIX_C_SOURCE=200809L -I/home/byrn/HDF_Projects/hdf5/dev/tools/lib -I/home/byrn/HDF_Projects/hdf5/dev/src -I/home/byrn/HDF_Projects/hdf5/dev/src/H5FDsubfiling -I/home/byrn/HDF_Projects/hdf5/build/ci-StdShar-GNUC/src -std=c99  -fstdarg-opt -fdiagnostics-urls=never -fno-diagnostics-color -fmessage-length=0 -O2 -g -DNDEBUG -std=gnu99 -fPIC -Wall -Wcast-qual -Wconversion -Wextra -Wfloat-equal -Wformat=2 -Winit-self -Winvalid-pch -Wmissing-include-dirs -Wshadow -Wundef -Wwrite-strings -pedantic -Wno-c++-compat -Wbad-function-cast -Wcast-align -Wformat -Wimplicit-function-declaration -Wint-to-pointer-cast -Wmissing-declarations -Wmissing-prototypes -Wnested-externs -Wold-style-definition -Wpacked -Wpointer-sign -Wpointer-to-int-cast -Wredundant-decls -Wstrict-prototypes -Wswitch -Wunused-but-set-variable -Wunused-variable -Wunused-function -Wunused-parameter -finline-functions -Wno-aggregate-return -Wno-inline -Wno-missing-format-attribute -Wno-missing-noreturn -Wno-overlength-strings -Wlarger-than=2560 -Wlogical-op -Wframe-larger-than=16384 -Wpacked-bitfield-compat -Wsync-nand -Wno-unsuffixed-float-constants -Wdouble-promotion -Wtrampolines -Wstack-usage=8192 -Wmaybe-uninitialized -Wno-jump-misses-init -Wstrict-overflow=2 -Wno-suggest-attribute=const -Wno-suggest-attribute=noreturn -Wno-suggest-attribute=pure -Wno-suggest-attribute=format -Wdate-time -Warray-bounds=2 -Wc99-c11-compat -Wincompatible-pointer-types -Wint-conversion -Wduplicated-cond -Whsa -Wnormalized -Wnull-dereference -Wunused-const-variable -Walloca -Walloc-zero -Wduplicated-branches -Wformat-overflow=2 -Wformat-truncation=1 -Wrestrict -Wattribute-alias -Wshift-overflow=2 -Wcast-function-type -Wcast-align=strict -Wno-suggest-attribute=cold -Wno-suggest-attribute=malloc -Wattribute-alias=2 -Wmissing-profile -Wc11-c2x-compat -MD -MT tools/lib/CMakeFiles/hdf5_tools-static.dir/h5tools_filters.c.o -MF tools/lib/CMakeFiles/hdf5_tools-static.dir/h5tools_filters.c.o.d -o tools/lib/CMakeFiles/hdf5_tools-static.dir/h5tools_filters.c.o -c /home/byrn/HDF_Projects/hdf5/dev/tools/lib/h5tools_filters.c
[1198/4114] /usr/bin/cc -D_FILE_OFFSET_BITS=64 -D_GNU_SOURCE -D_LARGEFILE_SOURCE -D_POSIX_C_SOURCE=200809L -I/home/byrn/HDF_Projects/hdf5/dev/tools/lib -I/home/byrn/HDF_Projects/hdf5/dev/src -I/home/byrn/HDF_Projects/hdf5/dev/src/H5FDsubfiling -I/home/byrn/HDF_Projects/hdf5/build/ci-StdShar-GNUC/src -std=c99  -fstdarg-opt -fdiagnostics-urls=never -fno-diagnostics-color -fmessage-length=0 -O2 -g -DNDEBUG -std=gnu99 -fPIC -Wall -Wcast-qual -Wconversion -Wextra -Wfloat-equal -Wformat=2 -Winit-self -Winvalid-pch -Wmissing-include-dirs -Wshadow -Wundef -Wwrite-strings -pedantic -Wno-c++-compat -Wbad-function-cast -Wcast-align -Wformat -Wimplicit-function-declaration -Wint-to-pointer-cast -Wmissing-declarations -Wmissing-prototypes -Wnested-externs -Wold-style-definition -Wpacked -Wpointer-sign -Wpointer-to-int-cast -Wredundant-decls -Wstrict-prototypes -Wswitch -Wunused-but-set-variable -Wunused-variable -Wunused-function -Wunused-parameter -finline-functions -Wno-aggregate-return -Wno-inline -Wno-missing-format-attribute -Wno-missing-noreturn -Wno-overlength-strings -Wlarger-than=2560 -Wlogical-op -Wframe-larger-than=16384 -Wpacked-bitfield-compat -Wsync-nand -Wno-unsuffixed-float-constants -Wdouble-promotion -Wtrampolines -Wstack-usage=8192 -Wmaybe-uninitialized -Wno-jump-misses-init -Wstrict-overflow=2 -Wno-suggest-attribute=const -Wno-suggest-attribute=noreturn -Wno-suggest-attribute=pure -Wno-suggest-attribute=format -Wdate-time -Warray-bounds=2 -Wc99-c11-compat -Wincompatible-pointer-types -Wint-conversion -Wduplicated-cond -Whsa -Wnormalized -Wnull-dereference -Wunused-const-variable -Walloca -Walloc-zero -Wduplicated-branches -Wformat-overflow=2 -Wformat-truncation=1 -Wrestrict -Wattribute-alias -Wshift-overflow=2 -Wcast-function-type -Wcast-align=strict -Wno-suggest-attribute=cold -Wno-suggest-attribute=malloc -Wattribute-alias=2 -Wmissing-profile -Wc11-c2x-compat -MD -MT tools/lib/CMakeFiles/hdf5_tools-static.dir/h5tools_ref.c.o -MF tools/lib/CMakeFiles/hdf5_tools-static.dir/h5tools_ref.c.o.d -o tools/lib/CMakeFiles/hdf5_tools-static.dir/h5tools_ref.c.o -c /home/byrn/HDF_Projects/hdf5/dev/tools/lib/h5tools_ref.c
[1199/4114] /usr/bin/cc -D_FILE_OFFSET_BITS=64 -D_GNU_SOURCE -D_LARGEFILE_SOURCE -D_POSIX_C_SOURCE=200809L -I/home/byrn/HDF_Projects/hdf5/dev/tools/lib -I/home/byrn/HDF_Projects/hdf5/dev/src -I/home/byrn/HDF_Projects/hdf5/dev/src/H5FDsubfiling -I/home/byrn/HDF_Projects/hdf5/build/ci-StdShar-GNUC/src -std=c99  -fstdarg-opt -fdiagnostics-urls=never -fno-diagnostics-color -fmessage-length=0 -O2 -g -DNDEBUG -std=gnu99 -fPIC -Wall -Wcast-qual -Wconversion -Wextra -Wfloat-equal -Wformat=2 -Winit-self -Winvalid-pch -Wmissing-include-dirs -Wshadow -Wundef -Wwrite-strings -pedantic -Wno-c++-compat -Wbad-function-cast -Wcast-align -Wformat -Wimplicit-function-declaration -Wint-to-pointer-cast -Wmissing-declarations -Wmissing-prototypes -Wnested-externs -Wold-style-definition -Wpacked -Wpointer-sign -Wpointer-to-int-cast -Wredundant-decls -Wstrict-prototypes -Wswitch -Wunused-but-set-variable -Wunused-variable -Wunused-function -Wunused-parameter -finline-functions -Wno-aggregate-return -Wno-inline -Wno-missing-format-attribute -Wno-missing-noreturn -Wno-overlength-strings -Wlarger-than=2560 -Wlogical-op -Wframe-larger-than=16384 -Wpacked-bitfield-compat -Wsync-nand -Wno-unsuffixed-float-constants -Wdouble-promotion -Wtrampolines -Wstack-usage=8192 -Wmaybe-uninitialized -Wno-jump-misses-init -Wstrict-overflow=2 -Wno-suggest-attribute=const -Wno-suggest-attribute=noreturn -Wno-suggest-attribute=pure -Wno-suggest-attribute=format -Wdate-time -Warray-bounds=2 -Wc99-c11-compat -Wincompatible-pointer-types -Wint-conversion -Wduplicated-cond -Whsa -Wnormalized -Wnull-dereference -Wunused-const-variable -Walloca -Walloc-zero -Wduplicated-branches -Wformat-overflow=2 -Wformat-truncation=1 -Wrestrict -Wattribute-alias -Wshift-overflow=2 -Wcast-function-type -Wcast-align=strict -Wno-suggest-attribute=cold -Wno-suggest-attribute=malloc -Wattribute-alias=2 -Wmissing-profile -Wc11-c2x-compat -MD -MT tools/lib/CMakeFiles/hdf5_tools-static.dir/h5diff_dset.c.o -MF tools/lib/CMakeFiles/hdf5_tools-static.dir/h5diff_dset.c.o.d -o tools/lib/CMakeFiles/hdf5_tools-static.dir/h5diff_dset.c.o -c /home/byrn/HDF_Projects/hdf5/dev/tools/lib/h5diff_dset.c
[1200/4114] /usr/bin/cc -D_FILE_OFFSET_BITS=64 -D_GNU_SOURCE -D_LARGEFILE_SOURCE -D_POSIX_C_SOURCE=200809L -I/home/byrn/HDF_Projects/hdf5/dev/tools/lib -I/home/byrn/HDF_Projects/hdf5/dev/src -I/home/byrn/HDF_Projects/hdf5/dev/src/H5FDsubfiling -I/home/byrn/HDF_Projects/hdf5/build/ci-StdShar-GNUC/src -std=c99  -fstdarg-opt -fdiagnostics-urls=never -fno-diagnostics-color -fmessage-length=0 -O2 -g -DNDEBUG -std=gnu99 -fPIC -Wall -Wcast-qual -Wconversion -Wextra -Wfloat-equal -Wformat=2 -Winit-self -Winvalid-pch -Wmissing-include-dirs -Wshadow -Wundef -Wwrite-strings -pedantic -Wno-c++-compat -Wbad-function-cast -Wcast-align -Wformat -Wimplicit-function-declaration -Wint-to-pointer-cast -Wmissing-declarations -Wmissing-prototypes -Wnested-externs -Wold-style-definition -Wpacked -Wpointer-sign -Wpointer-to-int-cast -Wredundant-decls -Wstrict-prototypes -Wswitch -Wunused-but-set-variable -Wunused-variable -Wunused-function -Wunused-parameter -finline-functions -Wno-aggregate-return -Wno-inline -Wno-missing-format-attribute -Wno-missing-noreturn -Wno-overlength-strings -Wlarger-than=2560 -Wlogical-op -Wframe-larger-than=16384 -Wpacked-bitfield-compat -Wsync-nand -Wno-unsuffixed-float-constants -Wdouble-promotion -Wtrampolines -Wstack-usage=8192 -Wmaybe-uninitialized -Wno-jump-misses-init -Wstrict-overflow=2 -Wno-suggest-attribute=const -Wno-suggest-attribute=noreturn -Wno-suggest-attribute=pure -Wno-suggest-attribute=format -Wdate-time -Warray-bounds=2 -Wc99-c11-compat -Wincompatible-pointer-types -Wint-conversion -Wduplicated-cond -Whsa -Wnormalized -Wnull-dereference -Wunused-const-variable -Walloca -Walloc-zero -Wduplicated-branches -Wformat-overflow=2 -Wformat-truncation=1 -Wrestrict -Wattribute-alias -Wshift-overflow=2 -Wcast-function-type -Wcast-align=strict -Wno-suggest-attribute=cold -Wno-suggest-attribute=malloc -Wattribute-alias=2 -Wmissing-profile -Wc11-c2x-compat -MD -MT tools/lib/CMakeFiles/hdf5_tools-static.dir/h5tools_type.c.o -MF tools/lib/CMakeFiles/hdf5_tools-static.dir/h5tools_type.c.o.d -o tools/lib/CMakeFiles/hdf5_tools-static.dir/h5tools_type.c.o -c /home/byrn/HDF_Projects/hdf5/dev/tools/lib/h5tools_type.c
[1201/4114] /usr/bin/cc -D_FILE_OFFSET_BITS=64 -D_GNU_SOURCE -D_LARGEFILE_SOURCE -D_POSIX_C_SOURCE=200809L -I/home/byrn/HDF_Projects/hdf5/dev/tools/lib -I/home/byrn/HDF_Projects/hdf5/dev/src -I/home/byrn/HDF_Projects/hdf5/dev/src/H5FDsubfiling -I/home/byrn/HDF_Projects/hdf5/build/ci-StdShar-GNUC/src -std=c99  -fstdarg-opt -fdiagnostics-urls=never -fno-diagnostics-color -fmessage-length=0 -O2 -g -DNDEBUG -std=gnu99 -fPIC -Wall -Wcast-qual -Wconversion -Wextra -Wfloat-equal -Wformat=2 -Winit-self -Winvalid-pch -Wmissing-include-dirs -Wshadow -Wundef -Wwrite-strings -pedantic -Wno-c++-compat -Wbad-function-cast -Wcast-align -Wformat -Wimplicit-function-declaration -Wint-to-pointer-cast -Wmissing-declarations -Wmissing-prototypes -Wnested-externs -Wold-style-definition -Wpacked -Wpointer-sign -Wpointer-to-int-cast -Wredundant-decls -Wstrict-prototypes -Wswitch -Wunused-but-set-variable -Wunused-variable -Wunused-function -Wunused-parameter -finline-functions -Wno-aggregate-return -Wno-inline -Wno-missing-format-attribute -Wno-missing-noreturn -Wno-overlength-strings -Wlarger-than=2560 -Wlogical-op -Wframe-larger-than=16384 -Wpacked-bitfield-compat -Wsync-nand -Wno-unsuffixed-float-constants -Wdouble-promotion -Wtrampolines -Wstack-usage=8192 -Wmaybe-uninitialized -Wno-jump-misses-init -Wstrict-overflow=2 -Wno-suggest-attribute=const -Wno-suggest-attribute=noreturn -Wno-suggest-attribute=pure -Wno-suggest-attribute=format -Wdate-time -Warray-bounds=2 -Wc99-c11-compat -Wincompatible-pointer-types -Wint-conversion -Wduplicated-cond -Whsa -Wnormalized -Wnull-dereference -Wunused-const-variable -Walloca -Walloc-zero -Wduplicated-branches -Wformat-overflow=2 -Wformat-truncation=1 -Wrestrict -Wattribute-alias -Wshift-overflow=2 -Wcast-function-type -Wcast-align=strict -Wno-suggest-attribute=cold -Wno-suggest-attribute=malloc -Wattribute-alias=2 -Wmissing-profile -Wc11-c2x-compat -MD -MT tools/lib/CMakeFiles/hdf5_tools-static.dir/h5diff.c.o -MF tools/lib/CMakeFiles/hdf5_tools-static.dir/h5diff.c.o.d -o tools/lib/CMakeFiles/hdf5_tools-static.dir/h5diff.c.o -c /home/byrn/HDF_Projects/hdf5/dev/tools/lib/h5diff.c
[1202/4114] /usr/bin/cc -D_FILE_OFFSET_BITS=64 -D_GNU_SOURCE -D_LARGEFILE_SOURCE -D_POSIX_C_SOURCE=200809L -I/home/byrn/HDF_Projects/hdf5/dev/tools/lib -I/home/byrn/HDF_Projects/hdf5/dev/src -I/home/byrn/HDF_Projects/hdf5/dev/src/H5FDsubfiling -I/home/byrn/HDF_Projects/hdf5/build/ci-StdShar-GNUC/src -std=c99  -fstdarg-opt -fdiagnostics-urls=never -fno-diagnostics-color -fmessage-length=0 -O2 -g -DNDEBUG -std=gnu99 -fPIC -Wall -Wcast-qual -Wconversion -Wextra -Wfloat-equal -Wformat=2 -Winit-self -Winvalid-pch -Wmissing-include-dirs -Wshadow -Wundef -Wwrite-strings -pedantic -Wno-c++-compat -Wbad-function-cast -Wcast-align -Wformat -Wimplicit-function-declaration -Wint-to-pointer-cast -Wmissing-declarations -Wmissing-prototypes -Wnested-externs -Wold-style-definition -Wpacked -Wpointer-sign -Wpointer-to-int-cast -Wredundant-decls -Wstrict-prototypes -Wswitch -Wunused-but-set-variable -Wunused-variable -Wunused-function -Wunused-parameter -finline-functions -Wno-aggregate-return -Wno-inline -Wno-missing-format-attribute -Wno-missing-noreturn -Wno-overlength-strings -Wlarger-than=2560 -Wlogical-op -Wframe-larger-than=16384 -Wpacked-bitfield-compat -Wsync-nand -Wno-unsuffixed-float-constants -Wdouble-promotion -Wtrampolines -Wstack-usage=8192 -Wmaybe-uninitialized -Wno-jump-misses-init -Wstrict-overflow=2 -Wno-suggest-attribute=const -Wno-suggest-attribute=noreturn -Wno-suggest-attribute=pure -Wno-suggest-attribute=format -Wdate-time -Warray-bounds=2 -Wc99-c11-compat -Wincompatible-pointer-types -Wint-conversion -Wduplicated-cond -Whsa -Wnormalized -Wnull-dereference -Wunused-const-variable -Walloca -Walloc-zero -Wduplicated-branches -Wformat-overflow=2 -Wformat-truncation=1 -Wrestrict -Wattribute-alias -Wshift-overflow=2 -Wcast-function-type -Wcast-align=strict -Wno-suggest-attribute=cold -Wno-suggest-attribute=malloc -Wattribute-alias=2 -Wmissing-profile -Wc11-c2x-compat -MD -MT tools/lib/CMakeFiles/hdf5_tools-static.dir/io_timer.c.o -MF tools/lib/CMakeFiles/hdf5_tools-static.dir/io_timer.c.o.d -o tools/lib/CMakeFiles/hdf5_tools-static.dir/io_timer.c.o -c /home/byrn/HDF_Projects/hdf5/dev/tools/lib/io_timer.c
[1203/4114] /usr/bin/cc -D_FILE_OFFSET_BITS=64 -D_GNU_SOURCE -D_LARGEFILE_SOURCE -D_POSIX_C_SOURCE=200809L -I/home/byrn/HDF_Projects/hdf5/dev/tools/lib -I/home/byrn/HDF_Projects/hdf5/dev/src -I/home/byrn/HDF_Projects/hdf5/dev/src/H5FDsubfiling -I/home/byrn/HDF_Projects/hdf5/build/ci-StdShar-GNUC/src -std=c99  -fstdarg-opt -fdiagnostics-urls=never -fno-diagnostics-color -fmessage-length=0 -O2 -g -DNDEBUG -std=gnu99 -fPIC -Wall -Wcast-qual -Wconversion -Wextra -Wfloat-equal -Wformat=2 -Winit-self -Winvalid-pch -Wmissing-include-dirs -Wshadow -Wundef -Wwrite-strings -pedantic -Wno-c++-compat -Wbad-function-cast -Wcast-align -Wformat -Wimplicit-function-declaration -Wint-to-pointer-cast -Wmissing-declarations -Wmissing-prototypes -Wnested-externs -Wold-style-definition -Wpacked -Wpointer-sign -Wpointer-to-int-cast -Wredundant-decls -Wstrict-prototypes -Wswitch -Wunused-but-set-variable -Wunused-variable -Wunused-function -Wunused-parameter -finline-functions -Wno-aggregate-return -Wno-inline -Wno-missing-format-attribute -Wno-missing-noreturn -Wno-overlength-strings -Wlarger-than=2560 -Wlogical-op -Wframe-larger-than=16384 -Wpacked-bitfield-compat -Wsync-nand -Wno-unsuffixed-float-constants -Wdouble-promotion -Wtrampolines -Wstack-usage=8192 -Wmaybe-uninitialized -Wno-jump-misses-init -Wstrict-overflow=2 -Wno-suggest-attribute=const -Wno-suggest-attribute=noreturn -Wno-suggest-attribute=pure -Wno-suggest-attribute=format -Wdate-time -Warray-bounds=2 -Wc99-c11-compat -Wincompatible-pointer-types -Wint-conversion -Wduplicated-cond -Whsa -Wnormalized -Wnull-dereference -Wunused-const-variable -Walloca -Walloc-zero -Wduplicated-branches -Wformat-overflow=2 -Wformat-truncation=1 -Wrestrict -Wattribute-alias -Wshift-overflow=2 -Wcast-function-type -Wcast-align=strict -Wno-suggest-attribute=cold -Wno-suggest-attribute=malloc -Wattribute-alias=2 -Wmissing-profile -Wc11-c2x-compat -MD -MT tools/lib/CMakeFiles/hdf5_tools-static.dir/h5tools_utils.c.o -MF tools/lib/CMakeFiles/hdf5_tools-static.dir/h5tools_utils.c.o.d -o tools/lib/CMakeFiles/hdf5_tools-static.dir/h5tools_utils.c.o -c /home/byrn/HDF_Projects/hdf5/dev/tools/lib/h5tools_utils.c
[1204/4114] /usr/bin/cc -D_FILE_OFFSET_BITS=64 -D_GNU_SOURCE -D_LARGEFILE_SOURCE -D_POSIX_C_SOURCE=200809L -I/home/byrn/HDF_Projects/hdf5/dev/tools/lib -I/home/byrn/HDF_Projects/hdf5/dev/src -I/home/byrn/HDF_Projects/hdf5/dev/src/H5FDsubfiling -I/home/byrn/HDF_Projects/hdf5/build/ci-StdShar-GNUC/src -std=c99  -fstdarg-opt -fdiagnostics-urls=never -fno-diagnostics-color -fmessage-length=0 -O2 -g -DNDEBUG -std=gnu99 -fPIC -Wall -Wcast-qual -Wconversion -Wextra -Wfloat-equal -Wformat=2 -Winit-self -Winvalid-pch -Wmissing-include-dirs -Wshadow -Wundef -Wwrite-strings -pedantic -Wno-c++-compat -Wbad-function-cast -Wcast-align -Wformat -Wimplicit-function-declaration -Wint-to-pointer-cast -Wmissing-declarations -Wmissing-prototypes -Wnested-externs -Wold-style-definition -Wpacked -Wpointer-sign -Wpointer-to-int-cast -Wredundant-decls -Wstrict-prototypes -Wswitch -Wunused-but-set-variable -Wunused-variable -Wunused-function -Wunused-parameter -finline-functions -Wno-aggregate-return -Wno-inline -Wno-missing-format-attribute -Wno-missing-noreturn -Wno-overlength-strings -Wlarger-than=2560 -Wlogical-op -Wframe-larger-than=16384 -Wpacked-bitfield-compat -Wsync-nand -Wno-unsuffixed-float-constants -Wdouble-promotion -Wtrampolines -Wstack-usage=8192 -Wmaybe-uninitialized -Wno-jump-misses-init -Wstrict-overflow=2 -Wno-suggest-attribute=const -Wno-suggest-attribute=noreturn -Wno-suggest-attribute=pure -Wno-suggest-attribute=format -Wdate-time -Warray-bounds=2 -Wc99-c11-compat -Wincompatible-pointer-types -Wint-conversion -Wduplicated-cond -Whsa -Wnormalized -Wnull-dereference -Wunused-const-variable -Walloca -Walloc-zero -Wduplicated-branches -Wformat-overflow=2 -Wformat-truncation=1 -Wrestrict -Wattribute-alias -Wshift-overflow=2 -Wcast-function-type -Wcast-align=strict -Wno-suggest-attribute=cold -Wno-suggest-attribute=malloc -Wattribute-alias=2 -Wmissing-profile -Wc11-c2x-compat -MD -MT tools/lib/CMakeFiles/hdf5_tools-static.dir/h5tools.c.o -MF tools/lib/CMakeFiles/hdf5_tools-static.dir/h5tools.c.o.d -o tools/lib/CMakeFiles/hdf5_tools-static.dir/h5tools.c.o -c /home/byrn/HDF_Projects/hdf5/dev/tools/lib/h5tools.c
[1205/4114] /usr/bin/cc -D_FILE_OFFSET_BITS=64 -D_GNU_SOURCE -D_LARGEFILE_SOURCE -D_POSIX_C_SOURCE=200809L -I/home/byrn/HDF_Projects/hdf5/dev/tools/lib -I/home/byrn/HDF_Projects/hdf5/dev/src -I/home/byrn/HDF_Projects/hdf5/dev/src/H5FDsubfiling -I/home/byrn/HDF_Projects/hdf5/build/ci-StdShar-GNUC/src -std=c99  -fstdarg-opt -fdiagnostics-urls=never -fno-diagnostics-color -fmessage-length=0 -O2 -g -DNDEBUG -std=gnu99 -fPIC -Wall -Wcast-qual -Wconversion -Wextra -Wfloat-equal -Wformat=2 -Winit-self -Winvalid-pch -Wmissing-include-dirs -Wshadow -Wundef -Wwrite-strings -pedantic -Wno-c++-compat -Wbad-function-cast -Wcast-align -Wformat -Wimplicit-function-declaration -Wint-to-pointer-cast -Wmissing-declarations -Wmissing-prototypes -Wnested-externs -Wold-style-definition -Wpacked -Wpointer-sign -Wpointer-to-int-cast -Wredundant-decls -Wstrict-prototypes -Wswitch -Wunused-but-set-variable -Wunused-variable -Wunused-function -Wunused-parameter -finline-functions -Wno-aggregate-return -Wno-inline -Wno-missing-format-attribute -Wno-missing-noreturn -Wno-overlength-strings -Wlarger-than=2560 -Wlogical-op -Wframe-larger-than=16384 -Wpacked-bitfield-compat -Wsync-nand -Wno-unsuffixed-float-constants -Wdouble-promotion -Wtrampolines -Wstack-usage=8192 -Wmaybe-uninitialized -Wno-jump-misses-init -Wstrict-overflow=2 -Wno-suggest-attribute=const -Wno-suggest-attribute=noreturn -Wno-suggest-attribute=pure -Wno-suggest-attribute=format -Wdate-time -Warray-bounds=2 -Wc99-c11-compat -Wincompatible-pointer-types -Wint-conversion -Wduplicated-cond -Whsa -Wnormalized -Wnull-dereference -Wunused-const-variable -Walloca -Walloc-zero -Wduplicated-branches -Wformat-overflow=2 -Wformat-truncation=1 -Wrestrict -Wattribute-alias -Wshift-overflow=2 -Wcast-function-type -Wcast-align=strict -Wno-suggest-attribute=cold -Wno-suggest-attribute=malloc -Wattribute-alias=2 -Wmissing-profile -Wc11-c2x-compat -MD -MT tools/lib/CMakeFiles/hdf5_tools-static.dir/h5trav.c.o -MF tools/lib/CMakeFiles/hdf5_tools-static.dir/h5trav.c.o.d -o tools/lib/CMakeFiles/hdf5_tools-static.dir/h5trav.c.o -c /home/byrn/HDF_Projects/hdf5/dev/tools/lib/h5trav.c
[1206/4114] /usr/bin/cc -D_FILE_OFFSET_BITS=64 -D_GNU_SOURCE -D_LARGEFILE_SOURCE -D_POSIX_C_SOURCE=200809L -I/home/byrn/HDF_Projects/hdf5/dev/tools/lib -I/home/byrn/HDF_Projects/hdf5/dev/src -I/home/byrn/HDF_Projects/hdf5/dev/src/H5FDsubfiling -I/home/byrn/HDF_Projects/hdf5/build/ci-StdShar-GNUC/src -std=c99  -fstdarg-opt -fdiagnostics-urls=never -fno-diagnostics-color -fmessage-length=0 -O2 -g -DNDEBUG -std=gnu99 -fPIC -Wall -Wcast-qual -Wconversion -Wextra -Wfloat-equal -Wformat=2 -Winit-self -Winvalid-pch -Wmissing-include-dirs -Wshadow -Wundef -Wwrite-strings -pedantic -Wno-c++-compat -Wbad-function-cast -Wcast-align -Wformat -Wimplicit-function-declaration -Wint-to-pointer-cast -Wmissing-declarations -Wmissing-prototypes -Wnested-externs -Wold-style-definition -Wpacked -Wpointer-sign -Wpointer-to-int-cast -Wredundant-decls -Wstrict-prototypes -Wswitch -Wunused-but-set-variable -Wunused-variable -Wunused-function -Wunused-parameter -finline-functions -Wno-aggregate-return -Wno-inline -Wno-missing-format-attribute -Wno-missing-noreturn -Wno-overlength-strings -Wlarger-than=2560 -Wlogical-op -Wframe-larger-than=16384 -Wpacked-bitfield-compat -Wsync-nand -Wno-unsuffixed-float-constants -Wdouble-promotion -Wtrampolines -Wstack-usage=8192 -Wmaybe-uninitialized -Wno-jump-misses-init -Wstrict-overflow=2 -Wno-suggest-attribute=const -Wno-suggest-attribute=noreturn -Wno-suggest-attribute=pure -Wno-suggest-attribute=format -Wdate-time -Warray-bounds=2 -Wc99-c11-compat -Wincompatible-pointer-types -Wint-conversion -Wduplicated-cond -Whsa -Wnormalized -Wnull-dereference -Wunused-const-variable -Walloca -Walloc-zero -Wduplicated-branches -Wformat-overflow=2 -Wformat-truncation=1 -Wrestrict -Wattribute-alias -Wshift-overflow=2 -Wcast-function-type -Wcast-align=strict -Wno-suggest-attribute=cold -Wno-suggest-attribute=malloc -Wattribute-alias=2 -Wmissing-profile -Wc11-c2x-compat -MD -MT tools/lib/CMakeFiles/hdf5_tools-static.dir/h5tools_str.c.o -MF tools/lib/CMakeFiles/hdf5_tools-static.dir/h5tools_str.c.o.d -o tools/lib/CMakeFiles/hdf5_tools-static.dir/h5tools_str.c.o -c /home/byrn/HDF_Projects/hdf5/dev/tools/lib/h5tools_str.c
[1207/4114] /usr/bin/cc -DH5_BUILT_AS_DYNAMIC_LIB -D_FILE_OFFSET_BITS=64 -D_GNU_SOURCE -D_LARGEFILE_SOURCE -D_POSIX_C_SOURCE=200809L -Dhdf5_tools_shared_EXPORTS -I/home/byrn/HDF_Projects/hdf5/dev/tools/lib -I/home/byrn/HDF_Projects/hdf5/dev/src -I/home/byrn/HDF_Projects/hdf5/dev/src/H5FDsubfiling -I/home/byrn/HDF_Projects/hdf5/build/ci-StdShar-GNUC/src -std=c99  -fstdarg-opt -fdiagnostics-urls=never -fno-diagnostics-color -fmessage-length=0 -O2 -g -DNDEBUG -std=gnu99 -fPIC -Wall -Wcast-qual -Wconversion -Wextra -Wfloat-equal -Wformat=2 -Winit-self -Winvalid-pch -Wmissing-include-dirs -Wshadow -Wundef -Wwrite-strings -pedantic -Wno-c++-compat -Wbad-function-cast -Wcast-align -Wformat -Wimplicit-function-declaration -Wint-to-pointer-cast -Wmissing-declarations -Wmissing-prototypes -Wnested-externs -Wold-style-definition -Wpacked -Wpointer-sign -Wpointer-to-int-cast -Wredundant-decls -Wstrict-prototypes -Wswitch -Wunused-but-set-variable -Wunused-variable -Wunused-function -Wunused-parameter -finline-functions -Wno-aggregate-return -Wno-inline -Wno-missing-format-attribute -Wno-missing-noreturn -Wno-overlength-strings -Wlarger-than=2560 -Wlogical-op -Wframe-larger-than=16384 -Wpacked-bitfield-compat -Wsync-nand -Wno-unsuffixed-float-constants -Wdouble-promotion -Wtrampolines -Wstack-usage=8192 -Wmaybe-uninitialized -Wno-jump-misses-init -Wstrict-overflow=2 -Wno-suggest-attribute=const -Wno-suggest-attribute=noreturn -Wno-suggest-attribute=pure -Wno-suggest-attribute=format -Wdate-time -Warray-bounds=2 -Wc99-c11-compat -Wincompatible-pointer-types -Wint-conversion -Wduplicated-cond -Whsa -Wnormalized -Wnull-dereference -Wunused-const-variable -Walloca -Walloc-zero -Wduplicated-branches -Wformat-overflow=2 -Wformat-truncation=1 -Wrestrict -Wattribute-alias -Wshift-overflow=2 -Wcast-function-type -Wcast-align=strict -Wno-suggest-attribute=cold -Wno-suggest-attribute=malloc -Wattribute-alias=2 -Wmissing-profile -Wc11-c2x-compat -MD -MT tools/lib/CMakeFiles/hdf5_tools-shared.dir/h5diff_util.c.o -MF tools/lib/CMakeFiles/hdf5_tools-shared.dir/h5diff_util.c.o.d -o tools/lib/CMakeFiles/hdf5_tools-shared.dir/h5diff_util.c.o -c /home/byrn/HDF_Projects/hdf5/dev/tools/lib/h5diff_util.c
[1208/4114] /usr/bin/cc -DH5_BUILT_AS_DYNAMIC_LIB -D_FILE_OFFSET_BITS=64 -D_GNU_SOURCE -D_LARGEFILE_SOURCE -D_POSIX_C_SOURCE=200809L -Dhdf5_tools_shared_EXPORTS -I/home/byrn/HDF_Projects/hdf5/dev/tools/lib -I/home/byrn/HDF_Projects/hdf5/dev/src -I/home/byrn/HDF_Projects/hdf5/dev/src/H5FDsubfiling -I/home/byrn/HDF_Projects/hdf5/build/ci-StdShar-GNUC/src -std=c99  -fstdarg-opt -fdiagnostics-urls=never -fno-diagnostics-color -fmessage-length=0 -O2 -g -DNDEBUG -std=gnu99 -fPIC -Wall -Wcast-qual -Wconversion -Wextra -Wfloat-equal -Wformat=2 -Winit-self -Winvalid-pch -Wmissing-include-dirs -Wshadow -Wundef -Wwrite-strings -pedantic -Wno-c++-compat -Wbad-function-cast -Wcast-align -Wformat -Wimplicit-function-declaration -Wint-to-pointer-cast -Wmissing-declarations -Wmissing-prototypes -Wnested-externs -Wold-style-definition -Wpacked -Wpointer-sign -Wpointer-to-int-cast -Wredundant-decls -Wstrict-prototypes -Wswitch -Wunused-but-set-variable -Wunused-variable -Wunused-function -Wunused-parameter -finline-functions -Wno-aggregate-return -Wno-inline -Wno-missing-format-attribute -Wno-missing-noreturn -Wno-overlength-strings -Wlarger-than=2560 -Wlogical-op -Wframe-larger-than=16384 -Wpacked-bitfield-compat -Wsync-nand -Wno-unsuffixed-float-constants -Wdouble-promotion -Wtrampolines -Wstack-usage=8192 -Wmaybe-uninitialized -Wno-jump-misses-init -Wstrict-overflow=2 -Wno-suggest-attribute=const -Wno-suggest-attribute=noreturn -Wno-suggest-attribute=pure -Wno-suggest-attribute=format -Wdate-time -Warray-bounds=2 -Wc99-c11-compat -Wincompatible-pointer-types -Wint-conversion -Wduplicated-cond -Whsa -Wnormalized -Wnull-dereference -Wunused-const-variable -Walloca -Walloc-zero -Wduplicated-branches -Wformat-overflow=2 -Wformat-truncation=1 -Wrestrict -Wattribute-alias -Wshift-overflow=2 -Wcast-function-type -Wcast-align=strict -Wno-suggest-attribute=cold -Wno-suggest-attribute=malloc -Wattribute-alias=2 -Wmissing-profile -Wc11-c2x-compat -MD -MT tools/lib/CMakeFiles/hdf5_tools-shared.dir/h5diff_attr.c.o -MF tools/lib/CMakeFiles/hdf5_tools-shared.dir/h5diff_attr.c.o.d -o tools/lib/CMakeFiles/hdf5_tools-shared.dir/h5diff_attr.c.o -c /home/byrn/HDF_Projects/hdf5/dev/tools/lib/h5diff_attr.c
[1209/4114] /usr/bin/cc -D_FILE_OFFSET_BITS=64 -D_GNU_SOURCE -D_LARGEFILE_SOURCE -D_POSIX_C_SOURCE=200809L -I/home/byrn/HDF_Projects/hdf5/dev/tools/lib -I/home/byrn/HDF_Projects/hdf5/dev/src -I/home/byrn/HDF_Projects/hdf5/dev/src/H5FDsubfiling -I/home/byrn/HDF_Projects/hdf5/build/ci-StdShar-GNUC/src -std=c99  -fstdarg-opt -fdiagnostics-urls=never -fno-diagnostics-color -fmessage-length=0 -O2 -g -DNDEBUG -std=gnu99 -fPIC -Wall -Wcast-qual -Wconversion -Wextra -Wfloat-equal -Wformat=2 -Winit-self -Winvalid-pch -Wmissing-include-dirs -Wshadow -Wundef -Wwrite-strings -pedantic -Wno-c++-compat -Wbad-function-cast -Wcast-align -Wformat -Wimplicit-function-declaration -Wint-to-pointer-cast -Wmissing-declarations -Wmissing-prototypes -Wnested-externs -Wold-style-definition -Wpacked -Wpointer-sign -Wpointer-to-int-cast -Wredundant-decls -Wstrict-prototypes -Wswitch -Wunused-but-set-variable -Wunused-variable -Wunused-function -Wunused-parameter -finline-functions -Wno-aggregate-return -Wno-inline -Wno-missing-format-attribute -Wno-missing-noreturn -Wno-overlength-strings -Wlarger-than=2560 -Wlogical-op -Wframe-larger-than=16384 -Wpacked-bitfield-compat -Wsync-nand -Wno-unsuffixed-float-constants -Wdouble-promotion -Wtrampolines -Wstack-usage=8192 -Wmaybe-uninitialized -Wno-jump-misses-init -Wstrict-overflow=2 -Wno-suggest-attribute=const -Wno-suggest-attribute=noreturn -Wno-suggest-attribute=pure -Wno-suggest-attribute=format -Wdate-time -Warray-bounds=2 -Wc99-c11-compat -Wincompatible-pointer-types -Wint-conversion -Wduplicated-cond -Whsa -Wnormalized -Wnull-dereference -Wunused-const-variable -Walloca -Walloc-zero -Wduplicated-branches -Wformat-overflow=2 -Wformat-truncation=1 -Wrestrict -Wattribute-alias -Wshift-overflow=2 -Wcast-function-type -Wcast-align=strict -Wno-suggest-attribute=cold -Wno-suggest-attribute=malloc -Wattribute-alias=2 -Wmissing-profile -Wc11-c2x-compat -MD -MT tools/lib/CMakeFiles/hdf5_tools-static.dir/h5diff_array.c.o -MF tools/lib/CMakeFiles/hdf5_tools-static.dir/h5diff_array.c.o.d -o tools/lib/CMakeFiles/hdf5_tools-static.dir/h5diff_array.c.o -c /home/byrn/HDF_Projects/hdf5/dev/tools/lib/h5diff_array.c
[1210/4114] /usr/bin/cc -DH5_BUILT_AS_DYNAMIC_LIB -D_FILE_OFFSET_BITS=64 -D_GNU_SOURCE -D_LARGEFILE_SOURCE -D_POSIX_C_SOURCE=200809L -Dhdf5_tools_shared_EXPORTS -I/home/byrn/HDF_Projects/hdf5/dev/tools/lib -I/home/byrn/HDF_Projects/hdf5/dev/src -I/home/byrn/HDF_Projects/hdf5/dev/src/H5FDsubfiling -I/home/byrn/HDF_Projects/hdf5/build/ci-StdShar-GNUC/src -std=c99  -fstdarg-opt -fdiagnostics-urls=never -fno-diagnostics-color -fmessage-length=0 -O2 -g -DNDEBUG -std=gnu99 -fPIC -Wall -Wcast-qual -Wconversion -Wextra -Wfloat-equal -Wformat=2 -Winit-self -Winvalid-pch -Wmissing-include-dirs -Wshadow -Wundef -Wwrite-strings -pedantic -Wno-c++-compat -Wbad-function-cast -Wcast-align -Wformat -Wimplicit-function-declaration -Wint-to-pointer-cast -Wmissing-declarations -Wmissing-prototypes -Wnested-externs -Wold-style-definition -Wpacked -Wpointer-sign -Wpointer-to-int-cast -Wredundant-decls -Wstrict-prototypes -Wswitch -Wunused-but-set-variable -Wunused-variable -Wunused-function -Wunused-parameter -finline-functions -Wno-aggregate-return -Wno-inline -Wno-missing-format-attribute -Wno-missing-noreturn -Wno-overlength-strings -Wlarger-than=2560 -Wlogical-op -Wframe-larger-than=16384 -Wpacked-bitfield-compat -Wsync-nand -Wno-unsuffixed-float-constants -Wdouble-promotion -Wtrampolines -Wstack-usage=8192 -Wmaybe-uninitialized -Wno-jump-misses-init -Wstrict-overflow=2 -Wno-suggest-attribute=const -Wno-suggest-attribute=noreturn -Wno-suggest-attribute=pure -Wno-suggest-attribute=format -Wdate-time -Warray-bounds=2 -Wc99-c11-compat -Wincompatible-pointer-types -Wint-conversion -Wduplicated-cond -Whsa -Wnormalized -Wnull-dereference -Wunused-const-variable -Walloca -Walloc-zero -Wduplicated-branches -Wformat-overflow=2 -Wformat-truncation=1 -Wrestrict -Wattribute-alias -Wshift-overflow=2 -Wcast-function-type -Wcast-align=strict -Wno-suggest-attribute=cold -Wno-suggest-attribute=malloc -Wattribute-alias=2 -Wmissing-profile -Wc11-c2x-compat -MD -MT tools/lib/CMakeFiles/hdf5_tools-shared.dir/h5diff.c.o -MF tools/lib/CMakeFiles/hdf5_tools-shared.dir/h5diff.c.o.d -o tools/lib/CMakeFiles/hdf5_tools-shared.dir/h5diff.c.o -c /home/byrn/HDF_Projects/hdf5/dev/tools/lib/h5diff.c
[1211/4114] /usr/bin/cc -DH5_BUILT_AS_DYNAMIC_LIB -D_FILE_OFFSET_BITS=64 -D_GNU_SOURCE -D_LARGEFILE_SOURCE -D_POSIX_C_SOURCE=200809L -Dhdf5_tools_shared_EXPORTS -I/home/byrn/HDF_Projects/hdf5/dev/tools/lib -I/home/byrn/HDF_Projects/hdf5/dev/src -I/home/byrn/HDF_Projects/hdf5/dev/src/H5FDsubfiling -I/home/byrn/HDF_Projects/hdf5/build/ci-StdShar-GNUC/src -std=c99  -fstdarg-opt -fdiagnostics-urls=never -fno-diagnostics-color -fmessage-length=0 -O2 -g -DNDEBUG -std=gnu99 -fPIC -Wall -Wcast-qual -Wconversion -Wextra -Wfloat-equal -Wformat=2 -Winit-self -Winvalid-pch -Wmissing-include-dirs -Wshadow -Wundef -Wwrite-strings -pedantic -Wno-c++-compat -Wbad-function-cast -Wcast-align -Wformat -Wimplicit-function-declaration -Wint-to-pointer-cast -Wmissing-declarations -Wmissing-prototypes -Wnested-externs -Wold-style-definition -Wpacked -Wpointer-sign -Wpointer-to-int-cast -Wredundant-decls -Wstrict-prototypes -Wswitch -Wunused-but-set-variable -Wunused-variable -Wunused-function -Wunused-parameter -finline-functions -Wno-aggregate-return -Wno-inline -Wno-missing-format-attribute -Wno-missing-noreturn -Wno-overlength-strings -Wlarger-than=2560 -Wlogical-op -Wframe-larger-than=16384 -Wpacked-bitfield-compat -Wsync-nand -Wno-unsuffixed-float-constants -Wdouble-promotion -Wtrampolines -Wstack-usage=8192 -Wmaybe-uninitialized -Wno-jump-misses-init -Wstrict-overflow=2 -Wno-suggest-attribute=const -Wno-suggest-attribute=noreturn -Wno-suggest-attribute=pure -Wno-suggest-attribute=format -Wdate-time -Warray-bounds=2 -Wc99-c11-compat -Wincompatible-pointer-types -Wint-conversion -Wduplicated-cond -Whsa -Wnormalized -Wnull-dereference -Wunused-const-variable -Walloca -Walloc-zero -Wduplicated-branches -Wformat-overflow=2 -Wformat-truncation=1 -Wrestrict -Wattribute-alias -Wshift-overflow=2 -Wcast-function-type -Wcast-align=strict -Wno-suggest-attribute=cold -Wno-suggest-attribute=malloc -Wattribute-alias=2 -Wmissing-profile -Wc11-c2x-compat -MD -MT tools/lib/CMakeFiles/hdf5_tools-shared.dir/h5tools_filters.c.o -MF tools/lib/CMakeFiles/hdf5_tools-shared.dir/h5tools_filters.c.o.d -o tools/lib/CMakeFiles/hdf5_tools-shared.dir/h5tools_filters.c.o -c /home/byrn/HDF_Projects/hdf5/dev/tools/lib/h5tools_filters.c
[1212/4114] /usr/bin/cc -DH5_BUILT_AS_DYNAMIC_LIB -D_FILE_OFFSET_BITS=64 -D_GNU_SOURCE -D_LARGEFILE_SOURCE -D_POSIX_C_SOURCE=200809L -Dhdf5_tools_shared_EXPORTS -I/home/byrn/HDF_Projects/hdf5/dev/tools/lib -I/home/byrn/HDF_Projects/hdf5/dev/src -I/home/byrn/HDF_Projects/hdf5/dev/src/H5FDsubfiling -I/home/byrn/HDF_Projects/hdf5/build/ci-StdShar-GNUC/src -std=c99  -fstdarg-opt -fdiagnostics-urls=never -fno-diagnostics-color -fmessage-length=0 -O2 -g -DNDEBUG -std=gnu99 -fPIC -Wall -Wcast-qual -Wconversion -Wextra -Wfloat-equal -Wformat=2 -Winit-self -Winvalid-pch -Wmissing-include-dirs -Wshadow -Wundef -Wwrite-strings -pedantic -Wno-c++-compat -Wbad-function-cast -Wcast-align -Wformat -Wimplicit-function-declaration -Wint-to-pointer-cast -Wmissing-declarations -Wmissing-prototypes -Wnested-externs -Wold-style-definition -Wpacked -Wpointer-sign -Wpointer-to-int-cast -Wredundant-decls -Wstrict-prototypes -Wswitch -Wunused-but-set-variable -Wunused-variable -Wunused-function -Wunused-parameter -finline-functions -Wno-aggregate-return -Wno-inline -Wno-missing-format-attribute -Wno-missing-noreturn -Wno-overlength-strings -Wlarger-than=2560 -Wlogical-op -Wframe-larger-than=16384 -Wpacked-bitfield-compat -Wsync-nand -Wno-unsuffixed-float-constants -Wdouble-promotion -Wtrampolines -Wstack-usage=8192 -Wmaybe-uninitialized -Wno-jump-misses-init -Wstrict-overflow=2 -Wno-suggest-attribute=const -Wno-suggest-attribute=noreturn -Wno-suggest-attribute=pure -Wno-suggest-attribute=format -Wdate-time -Warray-bounds=2 -Wc99-c11-compat -Wincompatible-pointer-types -Wint-conversion -Wduplicated-cond -Whsa -Wnormalized -Wnull-dereference -Wunused-const-variable -Walloca -Walloc-zero -Wduplicated-branches -Wformat-overflow=2 -Wformat-truncation=1 -Wrestrict -Wattribute-alias -Wshift-overflow=2 -Wcast-function-type -Wcast-align=strict -Wno-suggest-attribute=cold -Wno-suggest-attribute=malloc -Wattribute-alias=2 -Wmissing-profile -Wc11-c2x-compat -MD -MT tools/lib/CMakeFiles/hdf5_tools-shared.dir/h5diff_dset.c.o -MF tools/lib/CMakeFiles/hdf5_tools-shared.dir/h5diff_dset.c.o.d -o tools/lib/CMakeFiles/hdf5_tools-shared.dir/h5diff_dset.c.o -c /home/byrn/HDF_Projects/hdf5/dev/tools/lib/h5diff_dset.c
[1213/4114] /usr/bin/cc -DH5_BUILT_AS_DYNAMIC_LIB -D_FILE_OFFSET_BITS=64 -D_GNU_SOURCE -D_LARGEFILE_SOURCE -D_POSIX_C_SOURCE=200809L -Dhdf5_tools_shared_EXPORTS -I/home/byrn/HDF_Projects/hdf5/dev/tools/lib -I/home/byrn/HDF_Projects/hdf5/dev/src -I/home/byrn/HDF_Projects/hdf5/dev/src/H5FDsubfiling -I/home/byrn/HDF_Projects/hdf5/build/ci-StdShar-GNUC/src -std=c99  -fstdarg-opt -fdiagnostics-urls=never -fno-diagnostics-color -fmessage-length=0 -O2 -g -DNDEBUG -std=gnu99 -fPIC -Wall -Wcast-qual -Wconversion -Wextra -Wfloat-equal -Wformat=2 -Winit-self -Winvalid-pch -Wmissing-include-dirs -Wshadow -Wundef -Wwrite-strings -pedantic -Wno-c++-compat -Wbad-function-cast -Wcast-align -Wformat -Wimplicit-function-declaration -Wint-to-pointer-cast -Wmissing-declarations -Wmissing-prototypes -Wnested-externs -Wold-style-definition -Wpacked -Wpointer-sign -Wpointer-to-int-cast -Wredundant-decls -Wstrict-prototypes -Wswitch -Wunused-but-set-variable -Wunused-variable -Wunused-function -Wunused-parameter -finline-functions -Wno-aggregate-return -Wno-inline -Wno-missing-format-attribute -Wno-missing-noreturn -Wno-overlength-strings -Wlarger-than=2560 -Wlogical-op -Wframe-larger-than=16384 -Wpacked-bitfield-compat -Wsync-nand -Wno-unsuffixed-float-constants -Wdouble-promotion -Wtrampolines -Wstack-usage=8192 -Wmaybe-uninitialized -Wno-jump-misses-init -Wstrict-overflow=2 -Wno-suggest-attribute=const -Wno-suggest-attribute=noreturn -Wno-suggest-attribute=pure -Wno-suggest-attribute=format -Wdate-time -Warray-bounds=2 -Wc99-c11-compat -Wincompatible-pointer-types -Wint-conversion -Wduplicated-cond -Whsa -Wnormalized -Wnull-dereference -Wunused-const-variable -Walloca -Walloc-zero -Wduplicated-branches -Wformat-overflow=2 -Wformat-truncation=1 -Wrestrict -Wattribute-alias -Wshift-overflow=2 -Wcast-function-type -Wcast-align=strict -Wno-suggest-attribute=cold -Wno-suggest-attribute=malloc -Wattribute-alias=2 -Wmissing-profile -Wc11-c2x-compat -MD -MT tools/lib/CMakeFiles/hdf5_tools-shared.dir/h5tools_ref.c.o -MF tools/lib/CMakeFiles/hdf5_tools-shared.dir/h5tools_ref.c.o.d -o tools/lib/CMakeFiles/hdf5_tools-shared.dir/h5tools_ref.c.o -c /home/byrn/HDF_Projects/hdf5/dev/tools/lib/h5tools_ref.c
[1214/4114] /usr/bin/cc -DH5_BUILT_AS_DYNAMIC_LIB -D_FILE_OFFSET_BITS=64 -D_GNU_SOURCE -D_LARGEFILE_SOURCE -D_POSIX_C_SOURCE=200809L -Dhdf5_tools_shared_EXPORTS -I/home/byrn/HDF_Projects/hdf5/dev/tools/lib -I/home/byrn/HDF_Projects/hdf5/dev/src -I/home/byrn/HDF_Projects/hdf5/dev/src/H5FDsubfiling -I/home/byrn/HDF_Projects/hdf5/build/ci-StdShar-GNUC/src -std=c99  -fstdarg-opt -fdiagnostics-urls=never -fno-diagnostics-color -fmessage-length=0 -O2 -g -DNDEBUG -std=gnu99 -fPIC -Wall -Wcast-qual -Wconversion -Wextra -Wfloat-equal -Wformat=2 -Winit-self -Winvalid-pch -Wmissing-include-dirs -Wshadow -Wundef -Wwrite-strings -pedantic -Wno-c++-compat -Wbad-function-cast -Wcast-align -Wformat -Wimplicit-function-declaration -Wint-to-pointer-cast -Wmissing-declarations -Wmissing-prototypes -Wnested-externs -Wold-style-definition -Wpacked -Wpointer-sign -Wpointer-to-int-cast -Wredundant-decls -Wstrict-prototypes -Wswitch -Wunused-but-set-variable -Wunused-variable -Wunused-function -Wunused-parameter -finline-functions -Wno-aggregate-return -Wno-inline -Wno-missing-format-attribute -Wno-missing-noreturn -Wno-overlength-strings -Wlarger-than=2560 -Wlogical-op -Wframe-larger-than=16384 -Wpacked-bitfield-compat -Wsync-nand -Wno-unsuffixed-float-constants -Wdouble-promotion -Wtrampolines -Wstack-usage=8192 -Wmaybe-uninitialized -Wno-jump-misses-init -Wstrict-overflow=2 -Wno-suggest-attribute=const -Wno-suggest-attribute=noreturn -Wno-suggest-attribute=pure -Wno-suggest-attribute=format -Wdate-time -Warray-bounds=2 -Wc99-c11-compat -Wincompatible-pointer-types -Wint-conversion -Wduplicated-cond -Whsa -Wnormalized -Wnull-dereference -Wunused-const-variable -Walloca -Walloc-zero -Wduplicated-branches -Wformat-overflow=2 -Wformat-truncation=1 -Wrestrict -Wattribute-alias -Wshift-overflow=2 -Wcast-function-type -Wcast-align=strict -Wno-suggest-attribute=cold -Wno-suggest-attribute=malloc -Wattribute-alias=2 -Wmissing-profile -Wc11-c2x-compat -MD -MT tools/lib/CMakeFiles/hdf5_tools-shared.dir/h5tools_type.c.o -MF tools/lib/CMakeFiles/hdf5_tools-shared.dir/h5tools_type.c.o.d -o tools/lib/CMakeFiles/hdf5_tools-shared.dir/h5tools_type.c.o -c /home/byrn/HDF_Projects/hdf5/dev/tools/lib/h5tools_type.c
[1215/4114] /usr/bin/cc -DH5_BUILT_AS_DYNAMIC_LIB -D_FILE_OFFSET_BITS=64 -D_GNU_SOURCE -D_LARGEFILE_SOURCE -D_POSIX_C_SOURCE=200809L -Dhdf5_tools_shared_EXPORTS -I/home/byrn/HDF_Projects/hdf5/dev/tools/lib -I/home/byrn/HDF_Projects/hdf5/dev/src -I/home/byrn/HDF_Projects/hdf5/dev/src/H5FDsubfiling -I/home/byrn/HDF_Projects/hdf5/build/ci-StdShar-GNUC/src -std=c99  -fstdarg-opt -fdiagnostics-urls=never -fno-diagnostics-color -fmessage-length=0 -O2 -g -DNDEBUG -std=gnu99 -fPIC -Wall -Wcast-qual -Wconversion -Wextra -Wfloat-equal -Wformat=2 -Winit-self -Winvalid-pch -Wmissing-include-dirs -Wshadow -Wundef -Wwrite-strings -pedantic -Wno-c++-compat -Wbad-function-cast -Wcast-align -Wformat -Wimplicit-function-declaration -Wint-to-pointer-cast -Wmissing-declarations -Wmissing-prototypes -Wnested-externs -Wold-style-definition -Wpacked -Wpointer-sign -Wpointer-to-int-cast -Wredundant-decls -Wstrict-prototypes -Wswitch -Wunused-but-set-variable -Wunused-variable -Wunused-function -Wunused-parameter -finline-functions -Wno-aggregate-return -Wno-inline -Wno-missing-format-attribute -Wno-missing-noreturn -Wno-overlength-strings -Wlarger-than=2560 -Wlogical-op -Wframe-larger-than=16384 -Wpacked-bitfield-compat -Wsync-nand -Wno-unsuffixed-float-constants -Wdouble-promotion -Wtrampolines -Wstack-usage=8192 -Wmaybe-uninitialized -Wno-jump-misses-init -Wstrict-overflow=2 -Wno-suggest-attribute=const -Wno-suggest-attribute=noreturn -Wno-suggest-attribute=pure -Wno-suggest-attribute=format -Wdate-time -Warray-bounds=2 -Wc99-c11-compat -Wincompatible-pointer-types -Wint-conversion -Wduplicated-cond -Whsa -Wnormalized -Wnull-dereference -Wunused-const-variable -Walloca -Walloc-zero -Wduplicated-branches -Wformat-overflow=2 -Wformat-truncation=1 -Wrestrict -Wattribute-alias -Wshift-overflow=2 -Wcast-function-type -Wcast-align=strict -Wno-suggest-attribute=cold -Wno-suggest-attribute=malloc -Wattribute-alias=2 -Wmissing-profile -Wc11-c2x-compat -MD -MT tools/lib/CMakeFiles/hdf5_tools-shared.dir/h5tools_utils.c.o -MF tools/lib/CMakeFiles/hdf5_tools-shared.dir/h5tools_utils.c.o.d -o tools/lib/CMakeFiles/hdf5_tools-shared.dir/h5tools_utils.c.o -c /home/byrn/HDF_Projects/hdf5/dev/tools/lib/h5tools_utils.c
[1216/4114] /usr/bin/cc -DH5_BUILT_AS_DYNAMIC_LIB -D_FILE_OFFSET_BITS=64 -D_GNU_SOURCE -D_LARGEFILE_SOURCE -D_POSIX_C_SOURCE=200809L -Dhdf5_tools_shared_EXPORTS -I/home/byrn/HDF_Projects/hdf5/dev/tools/lib -I/home/byrn/HDF_Projects/hdf5/dev/src -I/home/byrn/HDF_Projects/hdf5/dev/src/H5FDsubfiling -I/home/byrn/HDF_Projects/hdf5/build/ci-StdShar-GNUC/src -std=c99  -fstdarg-opt -fdiagnostics-urls=never -fno-diagnostics-color -fmessage-length=0 -O2 -g -DNDEBUG -std=gnu99 -fPIC -Wall -Wcast-qual -Wconversion -Wextra -Wfloat-equal -Wformat=2 -Winit-self -Winvalid-pch -Wmissing-include-dirs -Wshadow -Wundef -Wwrite-strings -pedantic -Wno-c++-compat -Wbad-function-cast -Wcast-align -Wformat -Wimplicit-function-declaration -Wint-to-pointer-cast -Wmissing-declarations -Wmissing-prototypes -Wnested-externs -Wold-style-definition -Wpacked -Wpointer-sign -Wpointer-to-int-cast -Wredundant-decls -Wstrict-prototypes -Wswitch -Wunused-but-set-variable -Wunused-variable -Wunused-function -Wunused-parameter -finline-functions -Wno-aggregate-return -Wno-inline -Wno-missing-format-attribute -Wno-missing-noreturn -Wno-overlength-strings -Wlarger-than=2560 -Wlogical-op -Wframe-larger-than=16384 -Wpacked-bitfield-compat -Wsync-nand -Wno-unsuffixed-float-constants -Wdouble-promotion -Wtrampolines -Wstack-usage=8192 -Wmaybe-uninitialized -Wno-jump-misses-init -Wstrict-overflow=2 -Wno-suggest-attribute=const -Wno-suggest-attribute=noreturn -Wno-suggest-attribute=pure -Wno-suggest-attribute=format -Wdate-time -Warray-bounds=2 -Wc99-c11-compat -Wincompatible-pointer-types -Wint-conversion -Wduplicated-cond -Whsa -Wnormalized -Wnull-dereference -Wunused-const-variable -Walloca -Walloc-zero -Wduplicated-branches -Wformat-overflow=2 -Wformat-truncation=1 -Wrestrict -Wattribute-alias -Wshift-overflow=2 -Wcast-function-type -Wcast-align=strict -Wno-suggest-attribute=cold -Wno-suggest-attribute=malloc -Wattribute-alias=2 -Wmissing-profile -Wc11-c2x-compat -MD -MT tools/lib/CMakeFiles/hdf5_tools-shared.dir/io_timer.c.o -MF tools/lib/CMakeFiles/hdf5_tools-shared.dir/io_timer.c.o.d -o tools/lib/CMakeFiles/hdf5_tools-shared.dir/io_timer.c.o -c /home/byrn/HDF_Projects/hdf5/dev/tools/lib/io_timer.c
[1217/4114] /usr/bin/cc -DH5_BUILT_AS_DYNAMIC_LIB -D_FILE_OFFSET_BITS=64 -D_GNU_SOURCE -D_LARGEFILE_SOURCE -D_POSIX_C_SOURCE=200809L -Dhdf5_tools_shared_EXPORTS -I/home/byrn/HDF_Projects/hdf5/dev/tools/lib -I/home/byrn/HDF_Projects/hdf5/dev/src -I/home/byrn/HDF_Projects/hdf5/dev/src/H5FDsubfiling -I/home/byrn/HDF_Projects/hdf5/build/ci-StdShar-GNUC/src -std=c99  -fstdarg-opt -fdiagnostics-urls=never -fno-diagnostics-color -fmessage-length=0 -O2 -g -DNDEBUG -std=gnu99 -fPIC -Wall -Wcast-qual -Wconversion -Wextra -Wfloat-equal -Wformat=2 -Winit-self -Winvalid-pch -Wmissing-include-dirs -Wshadow -Wundef -Wwrite-strings -pedantic -Wno-c++-compat -Wbad-function-cast -Wcast-align -Wformat -Wimplicit-function-declaration -Wint-to-pointer-cast -Wmissing-declarations -Wmissing-prototypes -Wnested-externs -Wold-style-definition -Wpacked -Wpointer-sign -Wpointer-to-int-cast -Wredundant-decls -Wstrict-prototypes -Wswitch -Wunused-but-set-variable -Wunused-variable -Wunused-function -Wunused-parameter -finline-functions -Wno-aggregate-return -Wno-inline -Wno-missing-format-attribute -Wno-missing-noreturn -Wno-overlength-strings -Wlarger-than=2560 -Wlogical-op -Wframe-larger-than=16384 -Wpacked-bitfield-compat -Wsync-nand -Wno-unsuffixed-float-constants -Wdouble-promotion -Wtrampolines -Wstack-usage=8192 -Wmaybe-uninitialized -Wno-jump-misses-init -Wstrict-overflow=2 -Wno-suggest-attribute=const -Wno-suggest-attribute=noreturn -Wno-suggest-attribute=pure -Wno-suggest-attribute=format -Wdate-time -Warray-bounds=2 -Wc99-c11-compat -Wincompatible-pointer-types -Wint-conversion -Wduplicated-cond -Whsa -Wnormalized -Wnull-dereference -Wunused-const-variable -Walloca -Walloc-zero -Wduplicated-branches -Wformat-overflow=2 -Wformat-truncation=1 -Wrestrict -Wattribute-alias -Wshift-overflow=2 -Wcast-function-type -Wcast-align=strict -Wno-suggest-attribute=cold -Wno-suggest-attribute=malloc -Wattribute-alias=2 -Wmissing-profile -Wc11-c2x-compat -MD -MT tools/lib/CMakeFiles/hdf5_tools-shared.dir/h5tools_str.c.o -MF tools/lib/CMakeFiles/hdf5_tools-shared.dir/h5tools_str.c.o.d -o tools/lib/CMakeFiles/hdf5_tools-shared.dir/h5tools_str.c.o -c /home/byrn/HDF_Projects/hdf5/dev/tools/lib/h5tools_str.c
[1218/4114] /usr/bin/cc -DH5_BUILT_AS_DYNAMIC_LIB -D_FILE_OFFSET_BITS=64 -D_GNU_SOURCE -D_LARGEFILE_SOURCE -D_POSIX_C_SOURCE=200809L -Dhdf5_tools_shared_EXPORTS -I/home/byrn/HDF_Projects/hdf5/dev/tools/lib -I/home/byrn/HDF_Projects/hdf5/dev/src -I/home/byrn/HDF_Projects/hdf5/dev/src/H5FDsubfiling -I/home/byrn/HDF_Projects/hdf5/build/ci-StdShar-GNUC/src -std=c99  -fstdarg-opt -fdiagnostics-urls=never -fno-diagnostics-color -fmessage-length=0 -O2 -g -DNDEBUG -std=gnu99 -fPIC -Wall -Wcast-qual -Wconversion -Wextra -Wfloat-equal -Wformat=2 -Winit-self -Winvalid-pch -Wmissing-include-dirs -Wshadow -Wundef -Wwrite-strings -pedantic -Wno-c++-compat -Wbad-function-cast -Wcast-align -Wformat -Wimplicit-function-declaration -Wint-to-pointer-cast -Wmissing-declarations -Wmissing-prototypes -Wnested-externs -Wold-style-definition -Wpacked -Wpointer-sign -Wpointer-to-int-cast -Wredundant-decls -Wstrict-prototypes -Wswitch -Wunused-but-set-variable -Wunused-variable -Wunused-function -Wunused-parameter -finline-functions -Wno-aggregate-return -Wno-inline -Wno-missing-format-attribute -Wno-missing-noreturn -Wno-overlength-strings -Wlarger-than=2560 -Wlogical-op -Wframe-larger-than=16384 -Wpacked-bitfield-compat -Wsync-nand -Wno-unsuffixed-float-constants -Wdouble-promotion -Wtrampolines -Wstack-usage=8192 -Wmaybe-uninitialized -Wno-jump-misses-init -Wstrict-overflow=2 -Wno-suggest-attribute=const -Wno-suggest-attribute=noreturn -Wno-suggest-attribute=pure -Wno-suggest-attribute=format -Wdate-time -Warray-bounds=2 -Wc99-c11-compat -Wincompatible-pointer-types -Wint-conversion -Wduplicated-cond -Whsa -Wnormalized -Wnull-dereference -Wunused-const-variable -Walloca -Walloc-zero -Wduplicated-branches -Wformat-overflow=2 -Wformat-truncation=1 -Wrestrict -Wattribute-alias -Wshift-overflow=2 -Wcast-function-type -Wcast-align=strict -Wno-suggest-attribute=cold -Wno-suggest-attribute=malloc -Wattribute-alias=2 -Wmissing-profile -Wc11-c2x-compat -MD -MT tools/lib/CMakeFiles/hdf5_tools-shared.dir/h5trav.c.o -MF tools/lib/CMakeFiles/hdf5_tools-shared.dir/h5trav.c.o.d -o tools/lib/CMakeFiles/hdf5_tools-shared.dir/h5trav.c.o -c /home/byrn/HDF_Projects/hdf5/dev/tools/lib/h5trav.c
[1219/4114] /usr/bin/cc -D_FILE_OFFSET_BITS=64 -D_GNU_SOURCE -D_LARGEFILE_SOURCE -D_POSIX_C_SOURCE=200809L -I/home/byrn/HDF_Projects/hdf5/dev/tools/lib -I/home/byrn/HDF_Projects/hdf5/dev/src -I/home/byrn/HDF_Projects/hdf5/dev/src/H5FDsubfiling -I/home/byrn/HDF_Projects/hdf5/build/ci-StdShar-GNUC/src -std=c99  -fstdarg-opt -fdiagnostics-urls=never -fno-diagnostics-color -fmessage-length=0 -O2 -g -DNDEBUG -std=gnu99 -fPIC -Wall -Wcast-qual -Wconversion -Wextra -Wfloat-equal -Wformat=2 -Winit-self -Winvalid-pch -Wmissing-include-dirs -Wshadow -Wundef -Wwrite-strings -pedantic -Wno-c++-compat -Wbad-function-cast -Wcast-align -Wformat -Wimplicit-function-declaration -Wint-to-pointer-cast -Wmissing-declarations -Wmissing-prototypes -Wnested-externs -Wold-style-definition -Wpacked -Wpointer-sign -Wpointer-to-int-cast -Wredundant-decls -Wstrict-prototypes -Wswitch -Wunused-but-set-variable -Wunused-variable -Wunused-function -Wunused-parameter -finline-functions -Wno-aggregate-return -Wno-inline -Wno-missing-format-attribute -Wno-missing-noreturn -Wno-overlength-strings -Wlarger-than=2560 -Wlogical-op -Wframe-larger-than=16384 -Wpacked-bitfield-compat -Wsync-nand -Wno-unsuffixed-float-constants -Wdouble-promotion -Wtrampolines -Wstack-usage=8192 -Wmaybe-uninitialized -Wno-jump-misses-init -Wstrict-overflow=2 -Wno-suggest-attribute=const -Wno-suggest-attribute=noreturn -Wno-suggest-attribute=pure -Wno-suggest-attribute=format -Wdate-time -Warray-bounds=2 -Wc99-c11-compat -Wincompatible-pointer-types -Wint-conversion -Wduplicated-cond -Whsa -Wnormalized -Wnull-dereference -Wunused-const-variable -Walloca -Walloc-zero -Wduplicated-branches -Wformat-overflow=2 -Wformat-truncation=1 -Wrestrict -Wattribute-alias -Wshift-overflow=2 -Wcast-function-type -Wcast-align=strict -Wno-suggest-attribute=cold -Wno-suggest-attribute=malloc -Wattribute-alias=2 -Wmissing-profile -Wc11-c2x-compat -MD -MT tools/lib/CMakeFiles/hdf5_tools-static.dir/h5tools_dump.c.o -MF tools/lib/CMakeFiles/hdf5_tools-static.dir/h5tools_dump.c.o.d -o tools/lib/CMakeFiles/hdf5_tools-static.dir/h5tools_dump.c.o -c /home/byrn/HDF_Projects/hdf5/dev/tools/lib/h5tools_dump.c
[1220/4114] /usr/bin/cc -DH5_BUILT_AS_DYNAMIC_LIB -D_FILE_OFFSET_BITS=64 -D_GNU_SOURCE -D_LARGEFILE_SOURCE -D_POSIX_C_SOURCE=200809L -Dhdf5_tools_shared_EXPORTS -I/home/byrn/HDF_Projects/hdf5/dev/tools/lib -I/home/byrn/HDF_Projects/hdf5/dev/src -I/home/byrn/HDF_Projects/hdf5/dev/src/H5FDsubfiling -I/home/byrn/HDF_Projects/hdf5/build/ci-StdShar-GNUC/src -std=c99  -fstdarg-opt -fdiagnostics-urls=never -fno-diagnostics-color -fmessage-length=0 -O2 -g -DNDEBUG -std=gnu99 -fPIC -Wall -Wcast-qual -Wconversion -Wextra -Wfloat-equal -Wformat=2 -Winit-self -Winvalid-pch -Wmissing-include-dirs -Wshadow -Wundef -Wwrite-strings -pedantic -Wno-c++-compat -Wbad-function-cast -Wcast-align -Wformat -Wimplicit-function-declaration -Wint-to-pointer-cast -Wmissing-declarations -Wmissing-prototypes -Wnested-externs -Wold-style-definition -Wpacked -Wpointer-sign -Wpointer-to-int-cast -Wredundant-decls -Wstrict-prototypes -Wswitch -Wunused-but-set-variable -Wunused-variable -Wunused-function -Wunused-parameter -finline-functions -Wno-aggregate-return -Wno-inline -Wno-missing-format-attribute -Wno-missing-noreturn -Wno-overlength-strings -Wlarger-than=2560 -Wlogical-op -Wframe-larger-than=16384 -Wpacked-bitfield-compat -Wsync-nand -Wno-unsuffixed-float-constants -Wdouble-promotion -Wtrampolines -Wstack-usage=8192 -Wmaybe-uninitialized -Wno-jump-misses-init -Wstrict-overflow=2 -Wno-suggest-attribute=const -Wno-suggest-attribute=noreturn -Wno-suggest-attribute=pure -Wno-suggest-attribute=format -Wdate-time -Warray-bounds=2 -Wc99-c11-compat -Wincompatible-pointer-types -Wint-conversion -Wduplicated-cond -Whsa -Wnormalized -Wnull-dereference -Wunused-const-variable -Walloca -Walloc-zero -Wduplicated-branches -Wformat-overflow=2 -Wformat-truncation=1 -Wrestrict -Wattribute-alias -Wshift-overflow=2 -Wcast-function-type -Wcast-align=strict -Wno-suggest-attribute=cold -Wno-suggest-attribute=malloc -Wattribute-alias=2 -Wmissing-profile -Wc11-c2x-compat -MD -MT tools/lib/CMakeFiles/hdf5_tools-shared.dir/h5tools.c.o -MF tools/lib/CMakeFiles/hdf5_tools-shared.dir/h5tools.c.o.d -o tools/lib/CMakeFiles/hdf5_tools-shared.dir/h5tools.c.o -c /home/byrn/HDF_Projects/hdf5/dev/tools/lib/h5tools.c
[1221/4114] /usr/bin/cc -DH5_BUILT_AS_DYNAMIC_LIB -D_FILE_OFFSET_BITS=64 -D_GNU_SOURCE -D_LARGEFILE_SOURCE -D_POSIX_C_SOURCE=200809L -I/home/byrn/HDF_Projects/hdf5/dev/tools/lib -I/home/byrn/HDF_Projects/hdf5/dev/src -I/home/byrn/HDF_Projects/hdf5/dev/src/H5FDsubfiling -I/home/byrn/HDF_Projects/hdf5/build/ci-StdShar-GNUC/src -I/home/byrn/HDF_Projects/hdf5/build/ci-StdShar-GNUC/tools/lib -std=c99  -fstdarg-opt -fdiagnostics-urls=never -fno-diagnostics-color -fmessage-length=0 -O2 -g -DNDEBUG -std=gnu99 -fPIE -Wall -Wcast-qual -Wconversion -Wextra -Wfloat-equal -Wformat=2 -Winit-self -Winvalid-pch -Wmissing-include-dirs -Wshadow -Wundef -Wwrite-strings -pedantic -Wno-c++-compat -Wbad-function-cast -Wcast-align -Wformat -Wimplicit-function-declaration -Wint-to-pointer-cast -Wmissing-declarations -Wmissing-prototypes -Wnested-externs -Wold-style-definition -Wpacked -Wpointer-sign -Wpointer-to-int-cast -Wredundant-decls -Wstrict-prototypes -Wswitch -Wunused-but-set-variable -Wunused-variable -Wunused-function -Wunused-parameter -finline-functions -Wno-aggregate-return -Wno-inline -Wno-missing-format-attribute -Wno-missing-noreturn -Wno-overlength-strings -Wlarger-than=2560 -Wlogical-op -Wframe-larger-than=16384 -Wpacked-bitfield-compat -Wsync-nand -Wno-unsuffixed-float-constants -Wdouble-promotion -Wtrampolines -Wstack-usage=8192 -Wmaybe-uninitialized -Wno-jump-misses-init -Wstrict-overflow=2 -Wno-suggest-attribute=const -Wno-suggest-attribute=noreturn -Wno-suggest-attribute=pure -Wno-suggest-attribute=format -Wdate-time -Warray-bounds=2 -Wc99-c11-compat -Wincompatible-pointer-types -Wint-conversion -Wduplicated-cond -Whsa -Wnormalized -Wnull-dereference -Wunused-const-variable -Walloca -Walloc-zero -Wduplicated-branches -Wformat-overflow=2 -Wformat-truncation=1 -Wrestrict -Wattribute-alias -Wshift-overflow=2 -Wcast-function-type -Wcast-align=strict -Wno-suggest-attribute=cold -Wno-suggest-attribute=malloc -Wattribute-alias=2 -Wmissing-profile -Wc11-c2x-compat -MD -MT tools/src/h5diff/CMakeFiles/h5diff.dir/h5diff_main.c.o -MF tools/src/h5diff/CMakeFiles/h5diff.dir/h5diff_main.c.o.d -o tools/src/h5diff/CMakeFiles/h5diff.dir/h5diff_main.c.o -c /home/byrn/HDF_Projects/hdf5/dev/tools/src/h5diff/h5diff_main.c
[1222/4114] : && /usr/bin/cmake -E rm -f bin/libhdf5_tools.a && /usr/bin/ar qc bin/libhdf5_tools.a  tools/lib/CMakeFiles/hdf5_tools-static.dir/h5diff.c.o tools/lib/CMakeFiles/hdf5_tools-static.dir/h5diff_array.c.o tools/lib/CMakeFiles/hdf5_tools-static.dir/h5diff_attr.c.o tools/lib/CMakeFiles/hdf5_tools-static.dir/h5diff_dset.c.o tools/lib/CMakeFiles/hdf5_tools-static.dir/h5diff_util.c.o tools/lib/CMakeFiles/hdf5_tools-static.dir/h5tools.c.o tools/lib/CMakeFiles/hdf5_tools-static.dir/h5tools_dump.c.o tools/lib/CMakeFiles/hdf5_tools-static.dir/h5tools_filters.c.o tools/lib/CMakeFiles/hdf5_tools-static.dir/h5tools_ref.c.o tools/lib/CMakeFiles/hdf5_tools-static.dir/h5tools_str.c.o tools/lib/CMakeFiles/hdf5_tools-static.dir/h5tools_type.c.o tools/lib/CMakeFiles/hdf5_tools-static.dir/h5tools_utils.c.o tools/lib/CMakeFiles/hdf5_tools-static.dir/h5trav.c.o tools/lib/CMakeFiles/hdf5_tools-static.dir/io_timer.c.o && /usr/bin/ranlib bin/libhdf5_tools.a && :
[1223/4114] /usr/bin/cc -DH5_BUILT_AS_DYNAMIC_LIB -D_FILE_OFFSET_BITS=64 -D_GNU_SOURCE -D_LARGEFILE_SOURCE -D_POSIX_C_SOURCE=200809L -I/home/byrn/HDF_Projects/hdf5/dev/tools/lib -I/home/byrn/HDF_Projects/hdf5/dev/src -I/home/byrn/HDF_Projects/hdf5/dev/src/H5FDsubfiling -I/home/byrn/HDF_Projects/hdf5/build/ci-StdShar-GNUC/src -I/home/byrn/HDF_Projects/hdf5/build/ci-StdShar-GNUC/tools/lib -std=c99  -fstdarg-opt -fdiagnostics-urls=never -fno-diagnostics-color -fmessage-length=0 -O2 -g -DNDEBUG -std=gnu99 -fPIE -Wall -Wcast-qual -Wconversion -Wextra -Wfloat-equal -Wformat=2 -Winit-self -Winvalid-pch -Wmissing-include-dirs -Wshadow -Wundef -Wwrite-strings -pedantic -Wno-c++-compat -Wbad-function-cast -Wcast-align -Wformat -Wimplicit-function-declaration -Wint-to-pointer-cast -Wmissing-declarations -Wmissing-prototypes -Wnested-externs -Wold-style-definition -Wpacked -Wpointer-sign -Wpointer-to-int-cast -Wredundant-decls -Wstrict-prototypes -Wswitch -Wunused-but-set-variable -Wunused-variable -Wunused-function -Wunused-parameter -finline-functions -Wno-aggregate-return -Wno-inline -Wno-missing-format-attribute -Wno-missing-noreturn -Wno-overlength-strings -Wlarger-than=2560 -Wlogical-op -Wframe-larger-than=16384 -Wpacked-bitfield-compat -Wsync-nand -Wno-unsuffixed-float-constants -Wdouble-promotion -Wtrampolines -Wstack-usage=8192 -Wmaybe-uninitialized -Wno-jump-misses-init -Wstrict-overflow=2 -Wno-suggest-attribute=const -Wno-suggest-attribute=noreturn -Wno-suggest-attribute=pure -Wno-suggest-attribute=format -Wdate-time -Warray-bounds=2 -Wc99-c11-compat -Wincompatible-pointer-types -Wint-conversion -Wduplicated-cond -Whsa -Wnormalized -Wnull-dereference -Wunused-const-variable -Walloca -Walloc-zero -Wduplicated-branches -Wformat-overflow=2 -Wformat-truncation=1 -Wrestrict -Wattribute-alias -Wshift-overflow=2 -Wcast-function-type -Wcast-align=strict -Wno-suggest-attribute=cold -Wno-suggest-attribute=malloc -Wattribute-alias=2 -Wmissing-profile -Wc11-c2x-compat -MD -MT tools/src/h5diff/CMakeFiles/h5diff.dir/h5diff_common.c.o -MF tools/src/h5diff/CMakeFiles/h5diff.dir/h5diff_common.c.o.d -o tools/src/h5diff/CMakeFiles/h5diff.dir/h5diff_common.c.o -c /home/byrn/HDF_Projects/hdf5/dev/tools/src/h5diff/h5diff_common.c
[1224/4114] /usr/bin/cc -DH5_BUILT_AS_DYNAMIC_LIB -D_FILE_OFFSET_BITS=64 -D_GNU_SOURCE -D_LARGEFILE_SOURCE -D_POSIX_C_SOURCE=200809L -I/home/byrn/HDF_Projects/hdf5/dev/tools/lib -I/home/byrn/HDF_Projects/hdf5/dev/src -I/home/byrn/HDF_Projects/hdf5/dev/src/H5FDsubfiling -I/home/byrn/HDF_Projects/hdf5/build/ci-StdShar-GNUC/src -I/home/byrn/HDF_Projects/hdf5/build/ci-StdShar-GNUC/tools/lib -std=c99  -fstdarg-opt -fdiagnostics-urls=never -fno-diagnostics-color -fmessage-length=0 -O2 -g -DNDEBUG -std=gnu99 -fPIE -Wall -Wcast-qual -Wconversion -Wextra -Wfloat-equal -Wformat=2 -Winit-self -Winvalid-pch -Wmissing-include-dirs -Wshadow -Wundef -Wwrite-strings -pedantic -Wno-c++-compat -Wbad-function-cast -Wcast-align -Wformat -Wimplicit-function-declaration -Wint-to-pointer-cast -Wmissing-declarations -Wmissing-prototypes -Wnested-externs -Wold-style-definition -Wpacked -Wpointer-sign -Wpointer-to-int-cast -Wredundant-decls -Wstrict-prototypes -Wswitch -Wunused-but-set-variable -Wunused-variable -Wunused-function -Wunused-parameter -finline-functions -Wno-aggregate-return -Wno-inline -Wno-missing-format-attribute -Wno-missing-noreturn -Wno-overlength-strings -Wlarger-than=2560 -Wlogical-op -Wframe-larger-than=16384 -Wpacked-bitfield-compat -Wsync-nand -Wno-unsuffixed-float-constants -Wdouble-promotion -Wtrampolines -Wstack-usage=8192 -Wmaybe-uninitialized -Wno-jump-misses-init -Wstrict-overflow=2 -Wno-suggest-attribute=const -Wno-suggest-attribute=noreturn -Wno-suggest-attribute=pure -Wno-suggest-attribute=format -Wdate-time -Warray-bounds=2 -Wc99-c11-compat -Wincompatible-pointer-types -Wint-conversion -Wduplicated-cond -Whsa -Wnormalized -Wnull-dereference -Wunused-const-variable -Walloca -Walloc-zero -Wduplicated-branches -Wformat-overflow=2 -Wformat-truncation=1 -Wrestrict -Wattribute-alias -Wshift-overflow=2 -Wcast-function-type -Wcast-align=strict -Wno-suggest-attribute=cold -Wno-suggest-attribute=malloc -Wattribute-alias=2 -Wmissing-profile -Wc11-c2x-compat -MD -MT tools/src/misc/CMakeFiles/h5mkgrp.dir/h5mkgrp.c.o -MF tools/src/misc/CMakeFiles/h5mkgrp.dir/h5mkgrp.c.o.d -o tools/src/misc/CMakeFiles/h5mkgrp.dir/h5mkgrp.c.o -c /home/byrn/HDF_Projects/hdf5/dev/tools/src/misc/h5mkgrp.c
[1225/4114] /usr/bin/cc -DH5_BUILT_AS_DYNAMIC_LIB -D_FILE_OFFSET_BITS=64 -D_GNU_SOURCE -D_LARGEFILE_SOURCE -D_POSIX_C_SOURCE=200809L -I/home/byrn/HDF_Projects/hdf5/dev/tools/lib -I/home/byrn/HDF_Projects/hdf5/dev/src -I/home/byrn/HDF_Projects/hdf5/dev/src/H5FDsubfiling -I/home/byrn/HDF_Projects/hdf5/build/ci-StdShar-GNUC/src -I/home/byrn/HDF_Projects/hdf5/build/ci-StdShar-GNUC/tools/lib -std=c99  -fstdarg-opt -fdiagnostics-urls=never -fno-diagnostics-color -fmessage-length=0 -O2 -g -DNDEBUG -std=gnu99 -fPIE -Wall -Wcast-qual -Wconversion -Wextra -Wfloat-equal -Wformat=2 -Winit-self -Winvalid-pch -Wmissing-include-dirs -Wshadow -Wundef -Wwrite-strings -pedantic -Wno-c++-compat -Wbad-function-cast -Wcast-align -Wformat -Wimplicit-function-declaration -Wint-to-pointer-cast -Wmissing-declarations -Wmissing-prototypes -Wnested-externs -Wold-style-definition -Wpacked -Wpointer-sign -Wpointer-to-int-cast -Wredundant-decls -Wstrict-prototypes -Wswitch -Wunused-but-set-variable -Wunused-variable -Wunused-function -Wunused-parameter -finline-functions -Wno-aggregate-return -Wno-inline -Wno-missing-format-attribute -Wno-missing-noreturn -Wno-overlength-strings -Wlarger-than=2560 -Wlogical-op -Wframe-larger-than=16384 -Wpacked-bitfield-compat -Wsync-nand -Wno-unsuffixed-float-constants -Wdouble-promotion -Wtrampolines -Wstack-usage=8192 -Wmaybe-uninitialized -Wno-jump-misses-init -Wstrict-overflow=2 -Wno-suggest-attribute=const -Wno-suggest-attribute=noreturn -Wno-suggest-attribute=pure -Wno-suggest-attribute=format -Wdate-time -Warray-bounds=2 -Wc99-c11-compat -Wincompatible-pointer-types -Wint-conversion -Wduplicated-cond -Whsa -Wnormalized -Wnull-dereference -Wunused-const-variable -Walloca -Walloc-zero -Wduplicated-branches -Wformat-overflow=2 -Wformat-truncation=1 -Wrestrict -Wattribute-alias -Wshift-overflow=2 -Wcast-function-type -Wcast-align=strict -Wno-suggest-attribute=cold -Wno-suggest-attribute=malloc -Wattribute-alias=2 -Wmissing-profile -Wc11-c2x-compat -MD -MT tools/src/misc/CMakeFiles/h5debug.dir/h5debug.c.o -MF tools/src/misc/CMakeFiles/h5debug.dir/h5debug.c.o.d -o tools/src/misc/CMakeFiles/h5debug.dir/h5debug.c.o -c /home/byrn/HDF_Projects/hdf5/dev/tools/src/misc/h5debug.c
[1226/4114] /usr/bin/cc -DH5_BUILT_AS_DYNAMIC_LIB -D_FILE_OFFSET_BITS=64 -D_GNU_SOURCE -D_LARGEFILE_SOURCE -D_POSIX_C_SOURCE=200809L -Dhdf5_tools_shared_EXPORTS -I/home/byrn/HDF_Projects/hdf5/dev/tools/lib -I/home/byrn/HDF_Projects/hdf5/dev/src -I/home/byrn/HDF_Projects/hdf5/dev/src/H5FDsubfiling -I/home/byrn/HDF_Projects/hdf5/build/ci-StdShar-GNUC/src -std=c99  -fstdarg-opt -fdiagnostics-urls=never -fno-diagnostics-color -fmessage-length=0 -O2 -g -DNDEBUG -std=gnu99 -fPIC -Wall -Wcast-qual -Wconversion -Wextra -Wfloat-equal -Wformat=2 -Winit-self -Winvalid-pch -Wmissing-include-dirs -Wshadow -Wundef -Wwrite-strings -pedantic -Wno-c++-compat -Wbad-function-cast -Wcast-align -Wformat -Wimplicit-function-declaration -Wint-to-pointer-cast -Wmissing-declarations -Wmissing-prototypes -Wnested-externs -Wold-style-definition -Wpacked -Wpointer-sign -Wpointer-to-int-cast -Wredundant-decls -Wstrict-prototypes -Wswitch -Wunused-but-set-variable -Wunused-variable -Wunused-function -Wunused-parameter -finline-functions -Wno-aggregate-return -Wno-inline -Wno-missing-format-attribute -Wno-missing-noreturn -Wno-overlength-strings -Wlarger-than=2560 -Wlogical-op -Wframe-larger-than=16384 -Wpacked-bitfield-compat -Wsync-nand -Wno-unsuffixed-float-constants -Wdouble-promotion -Wtrampolines -Wstack-usage=8192 -Wmaybe-uninitialized -Wno-jump-misses-init -Wstrict-overflow=2 -Wno-suggest-attribute=const -Wno-suggest-attribute=noreturn -Wno-suggest-attribute=pure -Wno-suggest-attribute=format -Wdate-time -Warray-bounds=2 -Wc99-c11-compat -Wincompatible-pointer-types -Wint-conversion -Wduplicated-cond -Whsa -Wnormalized -Wnull-dereference -Wunused-const-variable -Walloca -Walloc-zero -Wduplicated-branches -Wformat-overflow=2 -Wformat-truncation=1 -Wrestrict -Wattribute-alias -Wshift-overflow=2 -Wcast-function-type -Wcast-align=strict -Wno-suggest-attribute=cold -Wno-suggest-attribute=malloc -Wattribute-alias=2 -Wmissing-profile -Wc11-c2x-compat -MD -MT tools/lib/CMakeFiles/hdf5_tools-shared.dir/h5diff_array.c.o -MF tools/lib/CMakeFiles/hdf5_tools-shared.dir/h5diff_array.c.o.d -o tools/lib/CMakeFiles/hdf5_tools-shared.dir/h5diff_array.c.o -c /home/byrn/HDF_Projects/hdf5/dev/tools/lib/h5diff_array.c
[1227/4114] /usr/bin/cc -DH5_BUILT_AS_DYNAMIC_LIB -D_FILE_OFFSET_BITS=64 -D_GNU_SOURCE -D_LARGEFILE_SOURCE -D_POSIX_C_SOURCE=200809L -I/home/byrn/HDF_Projects/hdf5/dev/tools/lib -I/home/byrn/HDF_Projects/hdf5/dev/src -I/home/byrn/HDF_Projects/hdf5/dev/src/H5FDsubfiling -I/home/byrn/HDF_Projects/hdf5/build/ci-StdShar-GNUC/src -I/home/byrn/HDF_Projects/hdf5/build/ci-StdShar-GNUC/tools/lib -std=c99  -fstdarg-opt -fdiagnostics-urls=never -fno-diagnostics-color -fmessage-length=0 -O2 -g -DNDEBUG -std=gnu99 -fPIE -Wall -Wcast-qual -Wconversion -Wextra -Wfloat-equal -Wformat=2 -Winit-self -Winvalid-pch -Wmissing-include-dirs -Wshadow -Wundef -Wwrite-strings -pedantic -Wno-c++-compat -Wbad-function-cast -Wcast-align -Wformat -Wimplicit-function-declaration -Wint-to-pointer-cast -Wmissing-declarations -Wmissing-prototypes -Wnested-externs -Wold-style-definition -Wpacked -Wpointer-sign -Wpointer-to-int-cast -Wredundant-decls -Wstrict-prototypes -Wswitch -Wunused-but-set-variable -Wunused-variable -Wunused-function -Wunused-parameter -finline-functions -Wno-aggregate-return -Wno-inline -Wno-missing-format-attribute -Wno-missing-noreturn -Wno-overlength-strings -Wlarger-than=2560 -Wlogical-op -Wframe-larger-than=16384 -Wpacked-bitfield-compat -Wsync-nand -Wno-unsuffixed-float-constants -Wdouble-promotion -Wtrampolines -Wstack-usage=8192 -Wmaybe-uninitialized -Wno-jump-misses-init -Wstrict-overflow=2 -Wno-suggest-attribute=const -Wno-suggest-attribute=noreturn -Wno-suggest-attribute=pure -Wno-suggest-attribute=format -Wdate-time -Warray-bounds=2 -Wc99-c11-compat -Wincompatible-pointer-types -Wint-conversion -Wduplicated-cond -Whsa -Wnormalized -Wnull-dereference -Wunused-const-variable -Walloca -Walloc-zero -Wduplicated-branches -Wformat-overflow=2 -Wformat-truncation=1 -Wrestrict -Wattribute-alias -Wshift-overflow=2 -Wcast-function-type -Wcast-align=strict -Wno-suggest-attribute=cold -Wno-suggest-attribute=malloc -Wattribute-alias=2 -Wmissing-profile -Wc11-c2x-compat -MD -MT tools/src/misc/CMakeFiles/h5clear.dir/h5clear.c.o -MF tools/src/misc/CMakeFiles/h5clear.dir/h5clear.c.o.d -o tools/src/misc/CMakeFiles/h5clear.dir/h5clear.c.o -c /home/byrn/HDF_Projects/hdf5/dev/tools/src/misc/h5clear.c
[1228/4114] /usr/bin/cc -DH5_BUILT_AS_DYNAMIC_LIB -D_FILE_OFFSET_BITS=64 -D_GNU_SOURCE -D_LARGEFILE_SOURCE -D_POSIX_C_SOURCE=200809L -I/home/byrn/HDF_Projects/hdf5/dev/tools/lib -I/home/byrn/HDF_Projects/hdf5/dev/src -I/home/byrn/HDF_Projects/hdf5/dev/src/H5FDsubfiling -I/home/byrn/HDF_Projects/hdf5/build/ci-StdShar-GNUC/src -I/home/byrn/HDF_Projects/hdf5/build/ci-StdShar-GNUC/tools/lib -std=c99  -fstdarg-opt -fdiagnostics-urls=never -fno-diagnostics-color -fmessage-length=0 -O2 -g -DNDEBUG -std=gnu99 -fPIE -Wall -Wcast-qual -Wconversion -Wextra -Wfloat-equal -Wformat=2 -Winit-self -Winvalid-pch -Wmissing-include-dirs -Wshadow -Wundef -Wwrite-strings -pedantic -Wno-c++-compat -Wbad-function-cast -Wcast-align -Wformat -Wimplicit-function-declaration -Wint-to-pointer-cast -Wmissing-declarations -Wmissing-prototypes -Wnested-externs -Wold-style-definition -Wpacked -Wpointer-sign -Wpointer-to-int-cast -Wredundant-decls -Wstrict-prototypes -Wswitch -Wunused-but-set-variable -Wunused-variable -Wunused-function -Wunused-parameter -finline-functions -Wno-aggregate-return -Wno-inline -Wno-missing-format-attribute -Wno-missing-noreturn -Wno-overlength-strings -Wlarger-than=2560 -Wlogical-op -Wframe-larger-than=16384 -Wpacked-bitfield-compat -Wsync-nand -Wno-unsuffixed-float-constants -Wdouble-promotion -Wtrampolines -Wstack-usage=8192 -Wmaybe-uninitialized -Wno-jump-misses-init -Wstrict-overflow=2 -Wno-suggest-attribute=const -Wno-suggest-attribute=noreturn -Wno-suggest-attribute=pure -Wno-suggest-attribute=format -Wdate-time -Warray-bounds=2 -Wc99-c11-compat -Wincompatible-pointer-types -Wint-conversion -Wduplicated-cond -Whsa -Wnormalized -Wnull-dereference -Wunused-const-variable -Walloca -Walloc-zero -Wduplicated-branches -Wformat-overflow=2 -Wformat-truncation=1 -Wrestrict -Wattribute-alias -Wshift-overflow=2 -Wcast-function-type -Wcast-align=strict -Wno-suggest-attribute=cold -Wno-suggest-attribute=malloc -Wattribute-alias=2 -Wmissing-profile -Wc11-c2x-compat -MD -MT tools/src/misc/CMakeFiles/h5delete.dir/h5delete.c.o -MF tools/src/misc/CMakeFiles/h5delete.dir/h5delete.c.o.d -o tools/src/misc/CMakeFiles/h5delete.dir/h5delete.c.o -c /home/byrn/HDF_Projects/hdf5/dev/tools/src/misc/h5delete.c
[1229/4114] /usr/bin/cc -DH5_BUILT_AS_DYNAMIC_LIB -D_FILE_OFFSET_BITS=64 -D_GNU_SOURCE -D_LARGEFILE_SOURCE -D_POSIX_C_SOURCE=200809L -I/home/byrn/HDF_Projects/hdf5/dev/tools/lib -I/home/byrn/HDF_Projects/hdf5/dev/src -I/home/byrn/HDF_Projects/hdf5/dev/src/H5FDsubfiling -I/home/byrn/HDF_Projects/hdf5/build/ci-StdShar-GNUC/src -I/home/byrn/HDF_Projects/hdf5/build/ci-StdShar-GNUC/tools/lib -std=c99  -fstdarg-opt -fdiagnostics-urls=never -fno-diagnostics-color -fmessage-length=0 -O2 -g -DNDEBUG -std=gnu99 -fPIE -Wall -Wcast-qual -Wconversion -Wextra -Wfloat-equal -Wformat=2 -Winit-self -Winvalid-pch -Wmissing-include-dirs -Wshadow -Wundef -Wwrite-strings -pedantic -Wno-c++-compat -Wbad-function-cast -Wcast-align -Wformat -Wimplicit-function-declaration -Wint-to-pointer-cast -Wmissing-declarations -Wmissing-prototypes -Wnested-externs -Wold-style-definition -Wpacked -Wpointer-sign -Wpointer-to-int-cast -Wredundant-decls -Wstrict-prototypes -Wswitch -Wunused-but-set-variable -Wunused-variable -Wunused-function -Wunused-parameter -finline-functions -Wno-aggregate-return -Wno-inline -Wno-missing-format-attribute -Wno-missing-noreturn -Wno-overlength-strings -Wlarger-than=2560 -Wlogical-op -Wframe-larger-than=16384 -Wpacked-bitfield-compat -Wsync-nand -Wno-unsuffixed-float-constants -Wdouble-promotion -Wtrampolines -Wstack-usage=8192 -Wmaybe-uninitialized -Wno-jump-misses-init -Wstrict-overflow=2 -Wno-suggest-attribute=const -Wno-suggest-attribute=noreturn -Wno-suggest-attribute=pure -Wno-suggest-attribute=format -Wdate-time -Warray-bounds=2 -Wc99-c11-compat -Wincompatible-pointer-types -Wint-conversion -Wduplicated-cond -Whsa -Wnormalized -Wnull-dereference -Wunused-const-variable -Walloca -Walloc-zero -Wduplicated-branches -Wformat-overflow=2 -Wformat-truncation=1 -Wrestrict -Wattribute-alias -Wshift-overflow=2 -Wcast-function-type -Wcast-align=strict -Wno-suggest-attribute=cold -Wno-suggest-attribute=malloc -Wattribute-alias=2 -Wmissing-profile -Wc11-c2x-compat -MD -MT tools/src/misc/CMakeFiles/h5repart.dir/h5repart.c.o -MF tools/src/misc/CMakeFiles/h5repart.dir/h5repart.c.o.d -o tools/src/misc/CMakeFiles/h5repart.dir/h5repart.c.o -c /home/byrn/HDF_Projects/hdf5/dev/tools/src/misc/h5repart.c
[1230/4114] /usr/bin/cc -DH5_BUILT_AS_DYNAMIC_LIB -D_FILE_OFFSET_BITS=64 -D_GNU_SOURCE -D_LARGEFILE_SOURCE -D_POSIX_C_SOURCE=200809L -I/home/byrn/HDF_Projects/hdf5/dev/tools/lib -I/home/byrn/HDF_Projects/hdf5/dev/src -I/home/byrn/HDF_Projects/hdf5/dev/src/H5FDsubfiling -I/home/byrn/HDF_Projects/hdf5/build/ci-StdShar-GNUC/src -I/home/byrn/HDF_Projects/hdf5/build/ci-StdShar-GNUC/tools/lib -std=c99  -fstdarg-opt -fdiagnostics-urls=never -fno-diagnostics-color -fmessage-length=0 -O2 -g -DNDEBUG -std=gnu99 -fPIE -Wall -Wcast-qual -Wconversion -Wextra -Wfloat-equal -Wformat=2 -Winit-self -Winvalid-pch -Wmissing-include-dirs -Wshadow -Wundef -Wwrite-strings -pedantic -Wno-c++-compat -Wbad-function-cast -Wcast-align -Wformat -Wimplicit-function-declaration -Wint-to-pointer-cast -Wmissing-declarations -Wmissing-prototypes -Wnested-externs -Wold-style-definition -Wpacked -Wpointer-sign -Wpointer-to-int-cast -Wredundant-decls -Wstrict-prototypes -Wswitch -Wunused-but-set-variable -Wunused-variable -Wunused-function -Wunused-parameter -finline-functions -Wno-aggregate-return -Wno-inline -Wno-missing-format-attribute -Wno-missing-noreturn -Wno-overlength-strings -Wlarger-than=2560 -Wlogical-op -Wframe-larger-than=16384 -Wpacked-bitfield-compat -Wsync-nand -Wno-unsuffixed-float-constants -Wdouble-promotion -Wtrampolines -Wstack-usage=8192 -Wmaybe-uninitialized -Wno-jump-misses-init -Wstrict-overflow=2 -Wno-suggest-attribute=const -Wno-suggest-attribute=noreturn -Wno-suggest-attribute=pure -Wno-suggest-attribute=format -Wdate-time -Warray-bounds=2 -Wc99-c11-compat -Wincompatible-pointer-types -Wint-conversion -Wduplicated-cond -Whsa -Wnormalized -Wnull-dereference -Wunused-const-variable -Walloca -Walloc-zero -Wduplicated-branches -Wformat-overflow=2 -Wformat-truncation=1 -Wrestrict -Wattribute-alias -Wshift-overflow=2 -Wcast-function-type -Wcast-align=strict -Wno-suggest-attribute=cold -Wno-suggest-attribute=malloc -Wattribute-alias=2 -Wmissing-profile -Wc11-c2x-compat -MD -MT tools/src/h5repack/CMakeFiles/h5repack.dir/h5repack_filters.c.o -MF tools/src/h5repack/CMakeFiles/h5repack.dir/h5repack_filters.c.o.d -o tools/src/h5repack/CMakeFiles/h5repack.dir/h5repack_filters.c.o -c /home/byrn/HDF_Projects/hdf5/dev/tools/src/h5repack/h5repack_filters.c
[1231/4114] /usr/bin/cc -DH5_BUILT_AS_DYNAMIC_LIB -D_FILE_OFFSET_BITS=64 -D_GNU_SOURCE -D_LARGEFILE_SOURCE -D_POSIX_C_SOURCE=200809L -I/home/byrn/HDF_Projects/hdf5/dev/tools/lib -I/home/byrn/HDF_Projects/hdf5/dev/src -I/home/byrn/HDF_Projects/hdf5/dev/src/H5FDsubfiling -I/home/byrn/HDF_Projects/hdf5/build/ci-StdShar-GNUC/src -I/home/byrn/HDF_Projects/hdf5/build/ci-StdShar-GNUC/tools/lib -std=c99  -fstdarg-opt -fdiagnostics-urls=never -fno-diagnostics-color -fmessage-length=0 -O2 -g -DNDEBUG -std=gnu99 -fPIE -Wall -Wcast-qual -Wconversion -Wextra -Wfloat-equal -Wformat=2 -Winit-self -Winvalid-pch -Wmissing-include-dirs -Wshadow -Wundef -Wwrite-strings -pedantic -Wno-c++-compat -Wbad-function-cast -Wcast-align -Wformat -Wimplicit-function-declaration -Wint-to-pointer-cast -Wmissing-declarations -Wmissing-prototypes -Wnested-externs -Wold-style-definition -Wpacked -Wpointer-sign -Wpointer-to-int-cast -Wredundant-decls -Wstrict-prototypes -Wswitch -Wunused-but-set-variable -Wunused-variable -Wunused-function -Wunused-parameter -finline-functions -Wno-aggregate-return -Wno-inline -Wno-missing-format-attribute -Wno-missing-noreturn -Wno-overlength-strings -Wlarger-than=2560 -Wlogical-op -Wframe-larger-than=16384 -Wpacked-bitfield-compat -Wsync-nand -Wno-unsuffixed-float-constants -Wdouble-promotion -Wtrampolines -Wstack-usage=8192 -Wmaybe-uninitialized -Wno-jump-misses-init -Wstrict-overflow=2 -Wno-suggest-attribute=const -Wno-suggest-attribute=noreturn -Wno-suggest-attribute=pure -Wno-suggest-attribute=format -Wdate-time -Warray-bounds=2 -Wc99-c11-compat -Wincompatible-pointer-types -Wint-conversion -Wduplicated-cond -Whsa -Wnormalized -Wnull-dereference -Wunused-const-variable -Walloca -Walloc-zero -Wduplicated-branches -Wformat-overflow=2 -Wformat-truncation=1 -Wrestrict -Wattribute-alias -Wshift-overflow=2 -Wcast-function-type -Wcast-align=strict -Wno-suggest-attribute=cold -Wno-suggest-attribute=malloc -Wattribute-alias=2 -Wmissing-profile -Wc11-c2x-compat -MD -MT tools/src/h5repack/CMakeFiles/h5repack.dir/h5repack_opttable.c.o -MF tools/src/h5repack/CMakeFiles/h5repack.dir/h5repack_opttable.c.o.d -o tools/src/h5repack/CMakeFiles/h5repack.dir/h5repack_opttable.c.o -c /home/byrn/HDF_Projects/hdf5/dev/tools/src/h5repack/h5repack_opttable.c
[1232/4114] /usr/bin/cc -DH5_BUILT_AS_DYNAMIC_LIB -D_FILE_OFFSET_BITS=64 -D_GNU_SOURCE -D_LARGEFILE_SOURCE -D_POSIX_C_SOURCE=200809L -I/home/byrn/HDF_Projects/hdf5/dev/tools/lib -I/home/byrn/HDF_Projects/hdf5/dev/src -I/home/byrn/HDF_Projects/hdf5/dev/src/H5FDsubfiling -I/home/byrn/HDF_Projects/hdf5/build/ci-StdShar-GNUC/src -I/home/byrn/HDF_Projects/hdf5/build/ci-StdShar-GNUC/tools/lib -std=c99  -fstdarg-opt -fdiagnostics-urls=never -fno-diagnostics-color -fmessage-length=0 -O2 -g -DNDEBUG -std=gnu99 -fPIE -Wall -Wcast-qual -Wconversion -Wextra -Wfloat-equal -Wformat=2 -Winit-self -Winvalid-pch -Wmissing-include-dirs -Wshadow -Wundef -Wwrite-strings -pedantic -Wno-c++-compat -Wbad-function-cast -Wcast-align -Wformat -Wimplicit-function-declaration -Wint-to-pointer-cast -Wmissing-declarations -Wmissing-prototypes -Wnested-externs -Wold-style-definition -Wpacked -Wpointer-sign -Wpointer-to-int-cast -Wredundant-decls -Wstrict-prototypes -Wswitch -Wunused-but-set-variable -Wunused-variable -Wunused-function -Wunused-parameter -finline-functions -Wno-aggregate-return -Wno-inline -Wno-missing-format-attribute -Wno-missing-noreturn -Wno-overlength-strings -Wlarger-than=2560 -Wlogical-op -Wframe-larger-than=16384 -Wpacked-bitfield-compat -Wsync-nand -Wno-unsuffixed-float-constants -Wdouble-promotion -Wtrampolines -Wstack-usage=8192 -Wmaybe-uninitialized -Wno-jump-misses-init -Wstrict-overflow=2 -Wno-suggest-attribute=const -Wno-suggest-attribute=noreturn -Wno-suggest-attribute=pure -Wno-suggest-attribute=format -Wdate-time -Warray-bounds=2 -Wc99-c11-compat -Wincompatible-pointer-types -Wint-conversion -Wduplicated-cond -Whsa -Wnormalized -Wnull-dereference -Wunused-const-variable -Walloca -Walloc-zero -Wduplicated-branches -Wformat-overflow=2 -Wformat-truncation=1 -Wrestrict -Wattribute-alias -Wshift-overflow=2 -Wcast-function-type -Wcast-align=strict -Wno-suggest-attribute=cold -Wno-suggest-attribute=malloc -Wattribute-alias=2 -Wmissing-profile -Wc11-c2x-compat -MD -MT tools/src/h5repack/CMakeFiles/h5repack.dir/h5repack_parse.c.o -MF tools/src/h5repack/CMakeFiles/h5repack.dir/h5repack_parse.c.o.d -o tools/src/h5repack/CMakeFiles/h5repack.dir/h5repack_parse.c.o -c /home/byrn/HDF_Projects/hdf5/dev/tools/src/h5repack/h5repack_parse.c
[1233/4114] /usr/bin/cc -DH5_BUILT_AS_DYNAMIC_LIB -D_FILE_OFFSET_BITS=64 -D_GNU_SOURCE -D_LARGEFILE_SOURCE -D_POSIX_C_SOURCE=200809L -I/home/byrn/HDF_Projects/hdf5/dev/tools/lib -I/home/byrn/HDF_Projects/hdf5/dev/src -I/home/byrn/HDF_Projects/hdf5/dev/src/H5FDsubfiling -I/home/byrn/HDF_Projects/hdf5/build/ci-StdShar-GNUC/src -I/home/byrn/HDF_Projects/hdf5/build/ci-StdShar-GNUC/tools/lib -std=c99  -fstdarg-opt -fdiagnostics-urls=never -fno-diagnostics-color -fmessage-length=0 -O2 -g -DNDEBUG -std=gnu99 -fPIE -Wall -Wcast-qual -Wconversion -Wextra -Wfloat-equal -Wformat=2 -Winit-self -Winvalid-pch -Wmissing-include-dirs -Wshadow -Wundef -Wwrite-strings -pedantic -Wno-c++-compat -Wbad-function-cast -Wcast-align -Wformat -Wimplicit-function-declaration -Wint-to-pointer-cast -Wmissing-declarations -Wmissing-prototypes -Wnested-externs -Wold-style-definition -Wpacked -Wpointer-sign -Wpointer-to-int-cast -Wredundant-decls -Wstrict-prototypes -Wswitch -Wunused-but-set-variable -Wunused-variable -Wunused-function -Wunused-parameter -finline-functions -Wno-aggregate-return -Wno-inline -Wno-missing-format-attribute -Wno-missing-noreturn -Wno-overlength-strings -Wlarger-than=2560 -Wlogical-op -Wframe-larger-than=16384 -Wpacked-bitfield-compat -Wsync-nand -Wno-unsuffixed-float-constants -Wdouble-promotion -Wtrampolines -Wstack-usage=8192 -Wmaybe-uninitialized -Wno-jump-misses-init -Wstrict-overflow=2 -Wno-suggest-attribute=const -Wno-suggest-attribute=noreturn -Wno-suggest-attribute=pure -Wno-suggest-attribute=format -Wdate-time -Warray-bounds=2 -Wc99-c11-compat -Wincompatible-pointer-types -Wint-conversion -Wduplicated-cond -Whsa -Wnormalized -Wnull-dereference -Wunused-const-variable -Walloca -Walloc-zero -Wduplicated-branches -Wformat-overflow=2 -Wformat-truncation=1 -Wrestrict -Wattribute-alias -Wshift-overflow=2 -Wcast-function-type -Wcast-align=strict -Wno-suggest-attribute=cold -Wno-suggest-attribute=malloc -Wattribute-alias=2 -Wmissing-profile -Wc11-c2x-compat -MD -MT tools/src/h5ls/CMakeFiles/h5ls.dir/h5ls.c.o -MF tools/src/h5ls/CMakeFiles/h5ls.dir/h5ls.c.o.d -o tools/src/h5ls/CMakeFiles/h5ls.dir/h5ls.c.o -c /home/byrn/HDF_Projects/hdf5/dev/tools/src/h5ls/h5ls.c
[1234/4114] /usr/bin/cc -DH5_BUILT_AS_DYNAMIC_LIB -D_FILE_OFFSET_BITS=64 -D_GNU_SOURCE -D_LARGEFILE_SOURCE -D_POSIX_C_SOURCE=200809L -Dhdf5_tools_shared_EXPORTS -I/home/byrn/HDF_Projects/hdf5/dev/tools/lib -I/home/byrn/HDF_Projects/hdf5/dev/src -I/home/byrn/HDF_Projects/hdf5/dev/src/H5FDsubfiling -I/home/byrn/HDF_Projects/hdf5/build/ci-StdShar-GNUC/src -std=c99  -fstdarg-opt -fdiagnostics-urls=never -fno-diagnostics-color -fmessage-length=0 -O2 -g -DNDEBUG -std=gnu99 -fPIC -Wall -Wcast-qual -Wconversion -Wextra -Wfloat-equal -Wformat=2 -Winit-self -Winvalid-pch -Wmissing-include-dirs -Wshadow -Wundef -Wwrite-strings -pedantic -Wno-c++-compat -Wbad-function-cast -Wcast-align -Wformat -Wimplicit-function-declaration -Wint-to-pointer-cast -Wmissing-declarations -Wmissing-prototypes -Wnested-externs -Wold-style-definition -Wpacked -Wpointer-sign -Wpointer-to-int-cast -Wredundant-decls -Wstrict-prototypes -Wswitch -Wunused-but-set-variable -Wunused-variable -Wunused-function -Wunused-parameter -finline-functions -Wno-aggregate-return -Wno-inline -Wno-missing-format-attribute -Wno-missing-noreturn -Wno-overlength-strings -Wlarger-than=2560 -Wlogical-op -Wframe-larger-than=16384 -Wpacked-bitfield-compat -Wsync-nand -Wno-unsuffixed-float-constants -Wdouble-promotion -Wtrampolines -Wstack-usage=8192 -Wmaybe-uninitialized -Wno-jump-misses-init -Wstrict-overflow=2 -Wno-suggest-attribute=const -Wno-suggest-attribute=noreturn -Wno-suggest-attribute=pure -Wno-suggest-attribute=format -Wdate-time -Warray-bounds=2 -Wc99-c11-compat -Wincompatible-pointer-types -Wint-conversion -Wduplicated-cond -Whsa -Wnormalized -Wnull-dereference -Wunused-const-variable -Walloca -Walloc-zero -Wduplicated-branches -Wformat-overflow=2 -Wformat-truncation=1 -Wrestrict -Wattribute-alias -Wshift-overflow=2 -Wcast-function-type -Wcast-align=strict -Wno-suggest-attribute=cold -Wno-suggest-attribute=malloc -Wattribute-alias=2 -Wmissing-profile -Wc11-c2x-compat -MD -MT tools/lib/CMakeFiles/hdf5_tools-shared.dir/h5tools_dump.c.o -MF tools/lib/CMakeFiles/hdf5_tools-shared.dir/h5tools_dump.c.o.d -o tools/lib/CMakeFiles/hdf5_tools-shared.dir/h5tools_dump.c.o -c /home/byrn/HDF_Projects/hdf5/dev/tools/lib/h5tools_dump.c
[1235/4114] : && /usr/bin/cc -fPIC -std=c99  -fstdarg-opt -fdiagnostics-urls=never -fno-diagnostics-color -fmessage-length=0 -O2 -g -DNDEBUG   -shared -Wl,-soname,libhdf5_tools.so.1000 -o bin/libhdf5_tools.so.1000.0.0 tools/lib/CMakeFiles/hdf5_tools-shared.dir/h5diff.c.o tools/lib/CMakeFiles/hdf5_tools-shared.dir/h5diff_array.c.o tools/lib/CMakeFiles/hdf5_tools-shared.dir/h5diff_attr.c.o tools/lib/CMakeFiles/hdf5_tools-shared.dir/h5diff_dset.c.o tools/lib/CMakeFiles/hdf5_tools-shared.dir/h5diff_util.c.o tools/lib/CMakeFiles/hdf5_tools-shared.dir/h5tools.c.o tools/lib/CMakeFiles/hdf5_tools-shared.dir/h5tools_dump.c.o tools/lib/CMakeFiles/hdf5_tools-shared.dir/h5tools_filters.c.o tools/lib/CMakeFiles/hdf5_tools-shared.dir/h5tools_ref.c.o tools/lib/CMakeFiles/hdf5_tools-shared.dir/h5tools_str.c.o tools/lib/CMakeFiles/hdf5_tools-shared.dir/h5tools_type.c.o tools/lib/CMakeFiles/hdf5_tools-shared.dir/h5tools_utils.c.o tools/lib/CMakeFiles/hdf5_tools-shared.dir/h5trav.c.o tools/lib/CMakeFiles/hdf5_tools-shared.dir/io_timer.c.o  -Wl,-rpath,"\$ORIGIN/../lib:\$ORIGIN/"  bin/libhdf5.so.1000.0.0  -ldl && :
[1236/4114] /usr/bin/cmake -E cmake_symlink_library bin/libhdf5_tools.so.1000.0.0  bin/libhdf5_tools.so.1000 bin/libhdf5_tools.so && :
[1237/4114] : && /usr/bin/cc -std=c99  -fstdarg-opt -fdiagnostics-urls=never -fno-diagnostics-color -fmessage-length=0 -O2 -g -DNDEBUG  tools/src/h5diff/CMakeFiles/h5diff.dir/h5diff_common.c.o tools/src/h5diff/CMakeFiles/h5diff.dir/h5diff_main.c.o -o bin/h5diff  -Wl,-rpath,"\$ORIGIN/../lib:\$ORIGIN/"  bin/libhdf5_tools.so.1000.0.0  bin/libhdf5.so.1000.0.0  -ldl && :
[1238/4114] /usr/bin/cc -DH5_BUILT_AS_DYNAMIC_LIB -DH5_HAVE_TEST_API -D_FILE_OFFSET_BITS=64 -D_GNU_SOURCE -D_LARGEFILE_SOURCE -D_POSIX_C_SOURCE=200809L -I/home/byrn/HDF_Projects/hdf5/dev/src -I/home/byrn/HDF_Projects/hdf5/dev/src/H5FDsubfiling -I/home/byrn/HDF_Projects/hdf5/build/ci-StdShar-GNUC/src -I/home/byrn/HDF_Projects/hdf5/build/ci-StdShar-GNUC/test -I/home/byrn/HDF_Projects/hdf5/dev/test -std=c99  -fstdarg-opt -fdiagnostics-urls=never -fno-diagnostics-color -fmessage-length=0 -O2 -g -DNDEBUG -std=gnu99 -fPIE -Wall -Wcast-qual -Wconversion -Wextra -Wfloat-equal -Wformat=2 -Winit-self -Winvalid-pch -Wmissing-include-dirs -Wshadow -Wundef -Wwrite-strings -pedantic -Wno-c++-compat -Wbad-function-cast -Wcast-align -Wformat -Wimplicit-function-declaration -Wint-to-pointer-cast -Wmissing-declarations -Wmissing-prototypes -Wnested-externs -Wold-style-definition -Wpacked -Wpointer-sign -Wpointer-to-int-cast -Wredundant-decls -Wstrict-prototypes -Wswitch -Wunused-but-set-variable -Wunused-variable -Wunused-function -Wunused-parameter -finline-functions -Wno-aggregate-return -Wno-inline -Wno-missing-format-attribute -Wno-missing-noreturn -Wno-overlength-strings -Wlarger-than=2560 -Wlogical-op -Wframe-larger-than=16384 -Wpacked-bitfield-compat -Wsync-nand -Wno-unsuffixed-float-constants -Wdouble-promotion -Wtrampolines -Wstack-usage=8192 -Wmaybe-uninitialized -Wno-jump-misses-init -Wstrict-overflow=2 -Wno-suggest-attribute=const -Wno-suggest-attribute=noreturn -Wno-suggest-attribute=pure -Wno-suggest-attribute=format -Wdate-time -Warray-bounds=2 -Wc99-c11-compat -Wincompatible-pointer-types -Wint-conversion -Wduplicated-cond -Whsa -Wnormalized -Wnull-dereference -Wunused-const-variable -Walloca -Walloc-zero -Wduplicated-branches -Wformat-overflow=2 -Wformat-truncation=1 -Wrestrict -Wattribute-alias -Wshift-overflow=2 -Wcast-function-type -Wcast-align=strict -Wno-suggest-attribute=cold -Wno-suggest-attribute=malloc -Wattribute-alias=2 -Wmissing-profile -Wc11-c2x-compat -MD -MT test/CMakeFiles/testhdf5.dir/tselect.c.o -MF test/CMakeFiles/testhdf5.dir/tselect.c.o.d -o test/CMakeFiles/testhdf5.dir/tselect.c.o -c /home/byrn/HDF_Projects/hdf5/dev/test/tselect.c
/home/byrn/HDF_Projects/hdf5/dev/test/tselect.c: In function ‘test_select_hyper’:
/home/byrn/HDF_Projects/hdf5/dev/test/tselect.c:252:37: warning: ‘calloc’ sizes specified with ‘sizeof’ in the earlier argument and not in the later argument [-Wcalloc-transposed-args]
  252 |     rbuf = (uint8_t *)calloc(sizeof(uint8_t), (size_t)(SPACE3_DIM1 * SPACE3_DIM2));
      |                                     ^~~~~~~
/home/byrn/HDF_Projects/hdf5/dev/test/tselect.c:252:37: note: earlier argument should specify number of elements, later size of each element
/home/byrn/HDF_Projects/hdf5/dev/test/tselect.c: In function ‘test_select_point’:
/home/byrn/HDF_Projects/hdf5/dev/test/tselect.c:506:37: warning: ‘calloc’ sizes specified with ‘sizeof’ in the earlier argument and not in the later argument [-Wcalloc-transposed-args]
  506 |     rbuf = (uint8_t *)calloc(sizeof(uint8_t), (size_t)(SPACE3_DIM1 * SPACE3_DIM2));
      |                                     ^~~~~~~
/home/byrn/HDF_Projects/hdf5/dev/test/tselect.c:506:37: note: earlier argument should specify number of elements, later size of each element
/home/byrn/HDF_Projects/hdf5/dev/test/tselect.c: In function ‘test_select_all’:
/home/byrn/HDF_Projects/hdf5/dev/test/tselect.c:868:37: warning: ‘calloc’ sizes specified with ‘sizeof’ in the earlier argument and not in the later argument [-Wcalloc-transposed-args]
  868 |     rbuf = (uint8_t *)calloc(sizeof(uint8_t), (size_t)(SPACE4_DIM1 * SPACE4_DIM2 * SPACE4_DIM3));
      |                                     ^~~~~~~
/home/byrn/HDF_Projects/hdf5/dev/test/tselect.c:868:37: note: earlier argument should specify number of elements, later size of each element
/home/byrn/HDF_Projects/hdf5/dev/test/tselect.c: In function ‘test_select_all_hyper’:
/home/byrn/HDF_Projects/hdf5/dev/test/tselect.c:955:37: warning: ‘calloc’ sizes specified with ‘sizeof’ in the earlier argument and not in the later argument [-Wcalloc-transposed-args]
  955 |     rbuf = (uint8_t *)calloc(sizeof(uint8_t), (size_t)(SPACE3_DIM1 * SPACE3_DIM2));
      |                                     ^~~~~~~
/home/byrn/HDF_Projects/hdf5/dev/test/tselect.c:955:37: note: earlier argument should specify number of elements, later size of each element
/home/byrn/HDF_Projects/hdf5/dev/test/tselect.c: In function ‘test_select_combo’:
/home/byrn/HDF_Projects/hdf5/dev/test/tselect.c:1109:37: warning: ‘calloc’ sizes specified with ‘sizeof’ in the earlier argument and not in the later argument [-Wcalloc-transposed-args]
 1109 |     rbuf = (uint8_t *)calloc(sizeof(uint8_t), (size_t)(SPACE3_DIM1 * SPACE3_DIM2));
      |                                     ^~~~~~~
/home/byrn/HDF_Projects/hdf5/dev/test/tselect.c:1109:37: note: earlier argument should specify number of elements, later size of each element
/home/byrn/HDF_Projects/hdf5/dev/test/tselect.c: In function ‘test_select_hyper_stride’:
/home/byrn/HDF_Projects/hdf5/dev/test/tselect.c:1304:38: warning: ‘calloc’ sizes specified with ‘sizeof’ in the earlier argument and not in the later argument [-Wcalloc-transposed-args]
 1304 |     rbuf = (uint16_t *)calloc(sizeof(uint16_t), (size_t)(SPACE3_DIM1 * SPACE3_DIM2));
      |                                      ^~~~~~~~
/home/byrn/HDF_Projects/hdf5/dev/test/tselect.c:1304:38: note: earlier argument should specify number of elements, later size of each element
/home/byrn/HDF_Projects/hdf5/dev/test/tselect.c: In function ‘test_select_hyper_contig’:
/home/byrn/HDF_Projects/hdf5/dev/test/tselect.c:1450:38: warning: ‘calloc’ sizes specified with ‘sizeof’ in the earlier argument and not in the later argument [-Wcalloc-transposed-args]
 1450 |     rbuf = (uint16_t *)calloc(sizeof(uint16_t), (size_t)(SPACE2_DIM1 * SPACE2_DIM2));
      |                                      ^~~~~~~~
/home/byrn/HDF_Projects/hdf5/dev/test/tselect.c:1450:38: note: earlier argument should specify number of elements, later size of each element
/home/byrn/HDF_Projects/hdf5/dev/test/tselect.c: In function ‘test_select_hyper_contig2’:
/home/byrn/HDF_Projects/hdf5/dev/test/tselect.c:1591:35: warning: ‘calloc’ sizes specified with ‘sizeof’ in the earlier argument and not in the later argument [-Wcalloc-transposed-args]
 1591 |         (uint16_t *)calloc(sizeof(uint16_t), (size_t)(SPACE8_DIM1 * SPACE8_DIM2 * SPACE8_DIM3 * SPACE8_DIM4));
      |                                   ^~~~~~~~
/home/byrn/HDF_Projects/hdf5/dev/test/tselect.c:1591:35: note: earlier argument should specify number of elements, later size of each element
/home/byrn/HDF_Projects/hdf5/dev/test/tselect.c: In function ‘test_select_hyper_contig3’:
/home/byrn/HDF_Projects/hdf5/dev/test/tselect.c:1737:35: warning: ‘calloc’ sizes specified with ‘sizeof’ in the earlier argument and not in the later argument [-Wcalloc-transposed-args]
 1737 |         (uint16_t *)calloc(sizeof(uint16_t), (size_t)(SPACE8_DIM1 * SPACE8_DIM2 * SPACE8_DIM3 * SPACE8_DIM4));
      |                                   ^~~~~~~~
/home/byrn/HDF_Projects/hdf5/dev/test/tselect.c:1737:35: note: earlier argument should specify number of elements, later size of each element
/home/byrn/HDF_Projects/hdf5/dev/test/tselect.c: In function ‘test_select_hyper_contig_dr__run_test’:
/home/byrn/HDF_Projects/hdf5/dev/test/tselect.c:2006:50: warning: ‘calloc’ sizes specified with ‘sizeof’ in the earlier argument and not in the later argument [-Wcalloc-transposed-args]
 2006 |     small_cube_buf_1 = (uint16_t *)calloc(sizeof(uint16_t), small_cube_size);
      |                                                  ^~~~~~~~
/home/byrn/HDF_Projects/hdf5/dev/test/tselect.c:2006:50: note: earlier argument should specify number of elements, later size of each element
/home/byrn/HDF_Projects/hdf5/dev/test/tselect.c:2008:50: warning: ‘calloc’ sizes specified with ‘sizeof’ in the earlier argument and not in the later argument [-Wcalloc-transposed-args]
 2008 |     large_cube_buf_1 = (uint16_t *)calloc(sizeof(uint16_t), large_cube_size);
      |                                                  ^~~~~~~~
/home/byrn/HDF_Projects/hdf5/dev/test/tselect.c:2008:50: note: earlier argument should specify number of elements, later size of each element
/home/byrn/HDF_Projects/hdf5/dev/test/tselect.c: In function ‘test_select_hyper_contig_dr’:
/home/byrn/HDF_Projects/hdf5/dev/test/tselect.c:2542:42: warning: ‘calloc’ sizes specified with ‘sizeof’ in the earlier argument and not in the later argument [-Wcalloc-transposed-args]
 2542 |     zero_buf = (uint16_t *)calloc(sizeof(uint16_t), max_cube_size);
      |                                          ^~~~~~~~
/home/byrn/HDF_Projects/hdf5/dev/test/tselect.c:2542:42: note: earlier argument should specify number of elements, later size of each element
/home/byrn/HDF_Projects/hdf5/dev/test/tselect.c: In function ‘test_select_hyper_checker_board_dr__run_test’:
/home/byrn/HDF_Projects/hdf5/dev/test/tselect.c:2991:50: warning: ‘calloc’ sizes specified with ‘sizeof’ in the earlier argument and not in the later argument [-Wcalloc-transposed-args]
 2991 |     small_cube_buf_1 = (uint16_t *)calloc(sizeof(uint16_t), small_cube_size);
      |                                                  ^~~~~~~~
/home/byrn/HDF_Projects/hdf5/dev/test/tselect.c:2991:50: note: earlier argument should specify number of elements, later size of each element
/home/byrn/HDF_Projects/hdf5/dev/test/tselect.c:2993:50: warning: ‘calloc’ sizes specified with ‘sizeof’ in the earlier argument and not in the later argument [-Wcalloc-transposed-args]
 2993 |     large_cube_buf_1 = (uint16_t *)calloc(sizeof(uint16_t), large_cube_size);
      |                                                  ^~~~~~~~
/home/byrn/HDF_Projects/hdf5/dev/test/tselect.c:2993:50: note: earlier argument should specify number of elements, later size of each element
/home/byrn/HDF_Projects/hdf5/dev/test/tselect.c: In function ‘test_select_hyper_checker_board_dr’:
/home/byrn/HDF_Projects/hdf5/dev/test/tselect.c:3618:42: warning: ‘calloc’ sizes specified with ‘sizeof’ in the earlier argument and not in the later argument [-Wcalloc-transposed-args]
 3618 |     zero_buf = (uint16_t *)calloc(sizeof(uint16_t), max_cube_size);
      |                                          ^~~~~~~~
/home/byrn/HDF_Projects/hdf5/dev/test/tselect.c:3618:42: note: earlier argument should specify number of elements, later size of each element
/home/byrn/HDF_Projects/hdf5/dev/test/tselect.c: In function ‘test_select_hyper_copy’:
/home/byrn/HDF_Projects/hdf5/dev/test/tselect.c:3684:38: warning: ‘calloc’ sizes specified with ‘sizeof’ in the earlier argument and not in the later argument [-Wcalloc-transposed-args]
 3684 |     rbuf = (uint16_t *)calloc(sizeof(uint16_t), (size_t)(SPACE3_DIM1 * SPACE3_DIM2));
      |                                      ^~~~~~~~
/home/byrn/HDF_Projects/hdf5/dev/test/tselect.c:3684:38: note: earlier argument should specify number of elements, later size of each element
/home/byrn/HDF_Projects/hdf5/dev/test/tselect.c:3686:39: warning: ‘calloc’ sizes specified with ‘sizeof’ in the earlier argument and not in the later argument [-Wcalloc-transposed-args]
 3686 |     rbuf2 = (uint16_t *)calloc(sizeof(uint16_t), (size_t)(SPACE3_DIM1 * SPACE3_DIM2));
      |                                       ^~~~~~~~
/home/byrn/HDF_Projects/hdf5/dev/test/tselect.c:3686:39: note: earlier argument should specify number of elements, later size of each element
/home/byrn/HDF_Projects/hdf5/dev/test/tselect.c: In function ‘test_select_point_copy’:
/home/byrn/HDF_Projects/hdf5/dev/test/tselect.c:3855:38: warning: ‘calloc’ sizes specified with ‘sizeof’ in the earlier argument and not in the later argument [-Wcalloc-transposed-args]
 3855 |     rbuf = (uint16_t *)calloc(sizeof(uint16_t), (size_t)(SPACE3_DIM1 * SPACE3_DIM2));
      |                                      ^~~~~~~~
/home/byrn/HDF_Projects/hdf5/dev/test/tselect.c:3855:38: note: earlier argument should specify number of elements, later size of each element
/home/byrn/HDF_Projects/hdf5/dev/test/tselect.c:3857:39: warning: ‘calloc’ sizes specified with ‘sizeof’ in the earlier argument and not in the later argument [-Wcalloc-transposed-args]
 3857 |     rbuf2 = (uint16_t *)calloc(sizeof(uint16_t), (size_t)(SPACE3_DIM1 * SPACE3_DIM2));
      |                                       ^~~~~~~~
/home/byrn/HDF_Projects/hdf5/dev/test/tselect.c:3857:39: note: earlier argument should specify number of elements, later size of each element
/home/byrn/HDF_Projects/hdf5/dev/test/tselect.c: In function ‘test_select_hyper_offset’:
/home/byrn/HDF_Projects/hdf5/dev/test/tselect.c:4073:37: warning: ‘calloc’ sizes specified with ‘sizeof’ in the earlier argument and not in the later argument [-Wcalloc-transposed-args]
 4073 |     rbuf = (uint8_t *)calloc(sizeof(uint8_t), (size_t)(SPACE3_DIM1 * SPACE3_DIM2));
      |                                     ^~~~~~~
/home/byrn/HDF_Projects/hdf5/dev/test/tselect.c:4073:37: note: earlier argument should specify number of elements, later size of each element
/home/byrn/HDF_Projects/hdf5/dev/test/tselect.c: In function ‘test_select_hyper_offset2’:
/home/byrn/HDF_Projects/hdf5/dev/test/tselect.c:4281:37: warning: ‘calloc’ sizes specified with ‘sizeof’ in the earlier argument and not in the later argument [-Wcalloc-transposed-args]
 4281 |     rbuf = (uint8_t *)calloc(sizeof(uint8_t), (size_t)(SPACE7_DIM1 * SPACE7_DIM2));
      |                                     ^~~~~~~
/home/byrn/HDF_Projects/hdf5/dev/test/tselect.c:4281:37: note: earlier argument should specify number of elements, later size of each element
/home/byrn/HDF_Projects/hdf5/dev/test/tselect.c: In function ‘test_select_point_offset’:
/home/byrn/HDF_Projects/hdf5/dev/test/tselect.c:4411:37: warning: ‘calloc’ sizes specified with ‘sizeof’ in the earlier argument and not in the later argument [-Wcalloc-transposed-args]
 4411 |     rbuf = (uint8_t *)calloc(sizeof(uint8_t), (size_t)(SPACE3_DIM1 * SPACE3_DIM2));
      |                                     ^~~~~~~
/home/byrn/HDF_Projects/hdf5/dev/test/tselect.c:4411:37: note: earlier argument should specify number of elements, later size of each element
/home/byrn/HDF_Projects/hdf5/dev/test/tselect.c: In function ‘test_select_hyper_union’:
/home/byrn/HDF_Projects/hdf5/dev/test/tselect.c:4638:37: warning: ‘calloc’ sizes specified with ‘sizeof’ in the earlier argument and not in the later argument [-Wcalloc-transposed-args]
 4638 |     rbuf = (uint8_t *)calloc(sizeof(uint8_t), (size_t)(SPACE3_DIM1 * SPACE3_DIM2));
      |                                     ^~~~~~~
/home/byrn/HDF_Projects/hdf5/dev/test/tselect.c:4638:37: note: earlier argument should specify number of elements, later size of each element
/home/byrn/HDF_Projects/hdf5/dev/test/tselect.c: In function ‘test_select_hyper_union_3d’:
/home/byrn/HDF_Projects/hdf5/dev/test/tselect.c:5416:37: warning: ‘calloc’ sizes specified with ‘sizeof’ in the earlier argument and not in the later argument [-Wcalloc-transposed-args]
 5416 |     rbuf = (uint8_t *)calloc(sizeof(uint8_t), SPACE3_DIM1 * SPACE3_DIM2);
      |                                     ^~~~~~~
/home/byrn/HDF_Projects/hdf5/dev/test/tselect.c:5416:37: note: earlier argument should specify number of elements, later size of each element
/home/byrn/HDF_Projects/hdf5/dev/test/tselect.c: In function ‘test_select_hyper_and_2d’:
/home/byrn/HDF_Projects/hdf5/dev/test/tselect.c:5740:37: warning: ‘calloc’ sizes specified with ‘sizeof’ in the earlier argument and not in the later argument [-Wcalloc-transposed-args]
 5740 |     rbuf = (uint8_t *)calloc(sizeof(uint8_t), (size_t)(SPACE2_DIM1 * SPACE2_DIM2));
      |                                     ^~~~~~~
/home/byrn/HDF_Projects/hdf5/dev/test/tselect.c:5740:37: note: earlier argument should specify number of elements, later size of each element
/home/byrn/HDF_Projects/hdf5/dev/test/tselect.c: In function ‘test_select_hyper_xor_2d’:
/home/byrn/HDF_Projects/hdf5/dev/test/tselect.c:5879:37: warning: ‘calloc’ sizes specified with ‘sizeof’ in the earlier argument and not in the later argument [-Wcalloc-transposed-args]
 5879 |     rbuf = (uint8_t *)calloc(sizeof(uint8_t), (size_t)(SPACE2_DIM1 * SPACE2_DIM2));
      |                                     ^~~~~~~
/home/byrn/HDF_Projects/hdf5/dev/test/tselect.c:5879:37: note: earlier argument should specify number of elements, later size of each element
/home/byrn/HDF_Projects/hdf5/dev/test/tselect.c: In function ‘test_select_hyper_notb_2d’:
/home/byrn/HDF_Projects/hdf5/dev/test/tselect.c:6020:37: warning: ‘calloc’ sizes specified with ‘sizeof’ in the earlier argument and not in the later argument [-Wcalloc-transposed-args]
 6020 |     rbuf = (uint8_t *)calloc(sizeof(uint8_t), (size_t)(SPACE2_DIM1 * SPACE2_DIM2));
      |                                     ^~~~~~~
/home/byrn/HDF_Projects/hdf5/dev/test/tselect.c:6020:37: note: earlier argument should specify number of elements, later size of each element
/home/byrn/HDF_Projects/hdf5/dev/test/tselect.c: In function ‘test_select_hyper_nota_2d’:
/home/byrn/HDF_Projects/hdf5/dev/test/tselect.c:6159:37: warning: ‘calloc’ sizes specified with ‘sizeof’ in the earlier argument and not in the later argument [-Wcalloc-transposed-args]
 6159 |     rbuf = (uint8_t *)calloc(sizeof(uint8_t), (size_t)(SPACE2_DIM1 * SPACE2_DIM2));
      |                                     ^~~~~~~
/home/byrn/HDF_Projects/hdf5/dev/test/tselect.c:6159:37: note: earlier argument should specify number of elements, later size of each element
/home/byrn/HDF_Projects/hdf5/dev/test/tselect.c: In function ‘test_select_hyper_union_random_5d’:
/home/byrn/HDF_Projects/hdf5/dev/test/tselect.c:6329:33: warning: ‘calloc’ sizes specified with ‘sizeof’ in the earlier argument and not in the later argument [-Wcalloc-transposed-args]
 6329 |     rbuf = (int *)calloc(sizeof(int),
      |                                 ^~~
/home/byrn/HDF_Projects/hdf5/dev/test/tselect.c:6329:33: note: earlier argument should specify number of elements, later size of each element
/home/byrn/HDF_Projects/hdf5/dev/test/tselect.c: In function ‘test_select_none’:
/home/byrn/HDF_Projects/hdf5/dev/test/tselect.c:8000:37: warning: ‘calloc’ sizes specified with ‘sizeof’ in the earlier argument and not in the later argument [-Wcalloc-transposed-args]
 8000 |     rbuf = (uint8_t *)calloc(sizeof(uint8_t), SPACE7_DIM1 * SPACE7_DIM2);
      |                                     ^~~~~~~
/home/byrn/HDF_Projects/hdf5/dev/test/tselect.c:8000:37: note: earlier argument should specify number of elements, later size of each element
/home/byrn/HDF_Projects/hdf5/dev/test/tselect.c: In function ‘test_select_hyper_chunk_offset’:
/home/byrn/HDF_Projects/hdf5/dev/test/tselect.c:13584:33: warning: ‘calloc’ sizes specified with ‘sizeof’ in the earlier argument and not in the later argument [-Wcalloc-transposed-args]
13584 |     rbuf = (int *)calloc(sizeof(int), SPACE10_DIM1);
      |                                 ^~~
/home/byrn/HDF_Projects/hdf5/dev/test/tselect.c:13584:33: note: earlier argument should specify number of elements, later size of each element
[1239/4114] : && /usr/bin/cc -std=c99  -fstdarg-opt -fdiagnostics-urls=never -fno-diagnostics-color -fmessage-length=0 -O2 -g -DNDEBUG  tools/src/h5ls/CMakeFiles/h5ls.dir/h5ls.c.o -o bin/h5ls  -Wl,-rpath,"\$ORIGIN/../lib:\$ORIGIN/"  bin/libhdf5_tools.so.1000.0.0  bin/libhdf5.so.1000.0.0  -ldl && :
[1240/4114] : && /usr/bin/cc -std=c99  -fstdarg-opt -fdiagnostics-urls=never -fno-diagnostics-color -fmessage-length=0 -O2 -g -DNDEBUG  tools/src/misc/CMakeFiles/h5debug.dir/h5debug.c.o -o bin/h5debug  -Wl,-rpath,"\$ORIGIN/../lib:\$ORIGIN/"  bin/libhdf5_tools.so.1000.0.0  bin/libhdf5.so.1000.0.0  -ldl && :
[1241/4114] : && /usr/bin/cc -std=c99  -fstdarg-opt -fdiagnostics-urls=never -fno-diagnostics-color -fmessage-length=0 -O2 -g -DNDEBUG  tools/src/misc/CMakeFiles/h5repart.dir/h5repart.c.o -o bin/h5repart  -Wl,-rpath,"\$ORIGIN/../lib:\$ORIGIN/"  bin/libhdf5_tools.so.1000.0.0  bin/libhdf5.so.1000.0.0  -ldl && :
[1242/4114] : && /usr/bin/cc -std=c99  -fstdarg-opt -fdiagnostics-urls=never -fno-diagnostics-color -fmessage-length=0 -O2 -g -DNDEBUG  test/CMakeFiles/testhdf5.dir/testhdf5.c.o test/CMakeFiles/testhdf5.dir/tarray.c.o test/CMakeFiles/testhdf5.dir/tattr.c.o test/CMakeFiles/testhdf5.dir/tchecksum.c.o test/CMakeFiles/testhdf5.dir/tconfig.c.o test/CMakeFiles/testhdf5.dir/th5_system.c.o test/CMakeFiles/testhdf5.dir/tcoords.c.o test/CMakeFiles/testhdf5.dir/tfile.c.o test/CMakeFiles/testhdf5.dir/tgenprop.c.o test/CMakeFiles/testhdf5.dir/th5o.c.o test/CMakeFiles/testhdf5.dir/th5s.c.o test/CMakeFiles/testhdf5.dir/tid.c.o test/CMakeFiles/testhdf5.dir/titerate.c.o test/CMakeFiles/testhdf5.dir/tmeta.c.o test/CMakeFiles/testhdf5.dir/tmisc.c.o test/CMakeFiles/testhdf5.dir/trefer.c.o test/CMakeFiles/testhdf5.dir/trefer_deprec.c.o test/CMakeFiles/testhdf5.dir/trefstr.c.o test/CMakeFiles/testhdf5.dir/tselect.c.o test/CMakeFiles/testhdf5.dir/tskiplist.c.o test/CMakeFiles/testhdf5.dir/tsohm.c.o test/CMakeFiles/testhdf5.dir/ttime.c.o test/CMakeFiles/testhdf5.dir/tunicode.c.o test/CMakeFiles/testhdf5.dir/tvltypes.c.o test/CMakeFiles/testhdf5.dir/tvlstr.c.o -o bin/testhdf5  -Wl,-rpath,"\$ORIGIN/../lib:\$ORIGIN/"  bin/libhdf5_test.so.1000.0.0  -lm  bin/libhdf5.so.1000.0.0  -ldl && :
[1243/4114] /usr/bin/cc -DH5_BUILT_AS_DYNAMIC_LIB -D_FILE_OFFSET_BITS=64 -D_GNU_SOURCE -D_LARGEFILE_SOURCE -D_POSIX_C_SOURCE=200809L -I/home/byrn/HDF_Projects/hdf5/dev/tools/lib -I/home/byrn/HDF_Projects/hdf5/dev/src -I/home/byrn/HDF_Projects/hdf5/dev/src/H5FDsubfiling -I/home/byrn/HDF_Projects/hdf5/build/ci-StdShar-GNUC/src -I/home/byrn/HDF_Projects/hdf5/build/ci-StdShar-GNUC/tools/lib -std=c99  -fstdarg-opt -fdiagnostics-urls=never -fno-diagnostics-color -fmessage-length=0 -O2 -g -DNDEBUG -std=gnu99 -fPIE -Wall -Wcast-qual -Wconversion -Wextra -Wfloat-equal -Wformat=2 -Winit-self -Winvalid-pch -Wmissing-include-dirs -Wshadow -Wundef -Wwrite-strings -pedantic -Wno-c++-compat -Wbad-function-cast -Wcast-align -Wformat -Wimplicit-function-declaration -Wint-to-pointer-cast -Wmissing-declarations -Wmissing-prototypes -Wnested-externs -Wold-style-definition -Wpacked -Wpointer-sign -Wpointer-to-int-cast -Wredundant-decls -Wstrict-prototypes -Wswitch -Wunused-but-set-variable -Wunused-variable -Wunused-function -Wunused-parameter -finline-functions -Wno-aggregate-return -Wno-inline -Wno-missing-format-attribute -Wno-missing-noreturn -Wno-overlength-strings -Wlarger-than=2560 -Wlogical-op -Wframe-larger-than=16384 -Wpacked-bitfield-compat -Wsync-nand -Wno-unsuffixed-float-constants -Wdouble-promotion -Wtrampolines -Wstack-usage=8192 -Wmaybe-uninitialized -Wno-jump-misses-init -Wstrict-overflow=2 -Wno-suggest-attribute=const -Wno-suggest-attribute=noreturn -Wno-suggest-attribute=pure -Wno-suggest-attribute=format -Wdate-time -Warray-bounds=2 -Wc99-c11-compat -Wincompatible-pointer-types -Wint-conversion -Wduplicated-cond -Whsa -Wnormalized -Wnull-dereference -Wunused-const-variable -Walloca -Walloc-zero -Wduplicated-branches -Wformat-overflow=2 -Wformat-truncation=1 -Wrestrict -Wattribute-alias -Wshift-overflow=2 -Wcast-function-type -Wcast-align=strict -Wno-suggest-attribute=cold -Wno-suggest-attribute=malloc -Wattribute-alias=2 -Wmissing-profile -Wc11-c2x-compat -MD -MT tools/src/h5repack/CMakeFiles/h5repack.dir/h5repack_verify.c.o -MF tools/src/h5repack/CMakeFiles/h5repack.dir/h5repack_verify.c.o.d -o tools/src/h5repack/CMakeFiles/h5repack.dir/h5repack_verify.c.o -c /home/byrn/HDF_Projects/hdf5/dev/tools/src/h5repack/h5repack_verify.c
[1244/4114] : && /usr/bin/cc -std=c99  -fstdarg-opt -fdiagnostics-urls=never -fno-diagnostics-color -fmessage-length=0 -O2 -g -DNDEBUG  tools/src/misc/CMakeFiles/h5mkgrp.dir/h5mkgrp.c.o -o bin/h5mkgrp  -Wl,-rpath,"\$ORIGIN/../lib:\$ORIGIN/"  bin/libhdf5_tools.so.1000.0.0  bin/libhdf5.so.1000.0.0  -ldl && :
[1245/4114] : && /usr/bin/cc -std=c99  -fstdarg-opt -fdiagnostics-urls=never -fno-diagnostics-color -fmessage-length=0 -O2 -g -DNDEBUG  tools/src/misc/CMakeFiles/h5clear.dir/h5clear.c.o -o bin/h5clear  -Wl,-rpath,"\$ORIGIN/../lib:\$ORIGIN/"  bin/libhdf5_tools.so.1000.0.0  bin/libhdf5.so.1000.0.0  -ldl && :
[1246/4114] /usr/bin/cc -DH5_BUILT_AS_DYNAMIC_LIB -D_FILE_OFFSET_BITS=64 -D_GNU_SOURCE -D_LARGEFILE_SOURCE -D_POSIX_C_SOURCE=200809L -I/home/byrn/HDF_Projects/hdf5/dev/tools/lib -I/home/byrn/HDF_Projects/hdf5/dev/src -I/home/byrn/HDF_Projects/hdf5/dev/src/H5FDsubfiling -I/home/byrn/HDF_Projects/hdf5/build/ci-StdShar-GNUC/src -I/home/byrn/HDF_Projects/hdf5/build/ci-StdShar-GNUC/tools/lib -std=c99  -fstdarg-opt -fdiagnostics-urls=never -fno-diagnostics-color -fmessage-length=0 -O2 -g -DNDEBUG -std=gnu99 -fPIE -Wall -Wcast-qual -Wconversion -Wextra -Wfloat-equal -Wformat=2 -Winit-self -Winvalid-pch -Wmissing-include-dirs -Wshadow -Wundef -Wwrite-strings -pedantic -Wno-c++-compat -Wbad-function-cast -Wcast-align -Wformat -Wimplicit-function-declaration -Wint-to-pointer-cast -Wmissing-declarations -Wmissing-prototypes -Wnested-externs -Wold-style-definition -Wpacked -Wpointer-sign -Wpointer-to-int-cast -Wredundant-decls -Wstrict-prototypes -Wswitch -Wunused-but-set-variable -Wunused-variable -Wunused-function -Wunused-parameter -finline-functions -Wno-aggregate-return -Wno-inline -Wno-missing-format-attribute -Wno-missing-noreturn -Wno-overlength-strings -Wlarger-than=2560 -Wlogical-op -Wframe-larger-than=16384 -Wpacked-bitfield-compat -Wsync-nand -Wno-unsuffixed-float-constants -Wdouble-promotion -Wtrampolines -Wstack-usage=8192 -Wmaybe-uninitialized -Wno-jump-misses-init -Wstrict-overflow=2 -Wno-suggest-attribute=const -Wno-suggest-attribute=noreturn -Wno-suggest-attribute=pure -Wno-suggest-attribute=format -Wdate-time -Warray-bounds=2 -Wc99-c11-compat -Wincompatible-pointer-types -Wint-conversion -Wduplicated-cond -Whsa -Wnormalized -Wnull-dereference -Wunused-const-variable -Walloca -Walloc-zero -Wduplicated-branches -Wformat-overflow=2 -Wformat-truncation=1 -Wrestrict -Wattribute-alias -Wshift-overflow=2 -Wcast-function-type -Wcast-align=strict -Wno-suggest-attribute=cold -Wno-suggest-attribute=malloc -Wattribute-alias=2 -Wmissing-profile -Wc11-c2x-compat -MD -MT tools/src/h5repack/CMakeFiles/h5repack.dir/h5repack_main.c.o -MF tools/src/h5repack/CMakeFiles/h5repack.dir/h5repack_main.c.o.d -o tools/src/h5repack/CMakeFiles/h5repack.dir/h5repack_main.c.o -c /home/byrn/HDF_Projects/hdf5/dev/tools/src/h5repack/h5repack_main.c
[1247/4114] : && /usr/bin/cc -std=c99  -fstdarg-opt -fdiagnostics-urls=never -fno-diagnostics-color -fmessage-length=0 -O2 -g -DNDEBUG  tools/src/misc/CMakeFiles/h5delete.dir/h5delete.c.o -o bin/h5delete  -Wl,-rpath,"\$ORIGIN/../lib:\$ORIGIN/"  bin/libhdf5_tools.so.1000.0.0  bin/libhdf5.so.1000.0.0  -ldl && :
[1248/4114] /usr/bin/cc -DH5_BUILT_AS_DYNAMIC_LIB -D_FILE_OFFSET_BITS=64 -D_GNU_SOURCE -D_LARGEFILE_SOURCE -D_POSIX_C_SOURCE=200809L -I/home/byrn/HDF_Projects/hdf5/dev/tools/lib -I/home/byrn/HDF_Projects/hdf5/dev/src -I/home/byrn/HDF_Projects/hdf5/dev/src/H5FDsubfiling -I/home/byrn/HDF_Projects/hdf5/build/ci-StdShar-GNUC/src -I/home/byrn/HDF_Projects/hdf5/build/ci-StdShar-GNUC/tools/lib -std=c99  -fstdarg-opt -fdiagnostics-urls=never -fno-diagnostics-color -fmessage-length=0 -O2 -g -DNDEBUG -std=gnu99 -fPIE -Wall -Wcast-qual -Wconversion -Wextra -Wfloat-equal -Wformat=2 -Winit-self -Winvalid-pch -Wmissing-include-dirs -Wshadow -Wundef -Wwrite-strings -pedantic -Wno-c++-compat -Wbad-function-cast -Wcast-align -Wformat -Wimplicit-function-declaration -Wint-to-pointer-cast -Wmissing-declarations -Wmissing-prototypes -Wnested-externs -Wold-style-definition -Wpacked -Wpointer-sign -Wpointer-to-int-cast -Wredundant-decls -Wstrict-prototypes -Wswitch -Wunused-but-set-variable -Wunused-variable -Wunused-function -Wunused-parameter -finline-functions -Wno-aggregate-return -Wno-inline -Wno-missing-format-attribute -Wno-missing-noreturn -Wno-overlength-strings -Wlarger-than=2560 -Wlogical-op -Wframe-larger-than=16384 -Wpacked-bitfield-compat -Wsync-nand -Wno-unsuffixed-float-constants -Wdouble-promotion -Wtrampolines -Wstack-usage=8192 -Wmaybe-uninitialized -Wno-jump-misses-init -Wstrict-overflow=2 -Wno-suggest-attribute=const -Wno-suggest-attribute=noreturn -Wno-suggest-attribute=pure -Wno-suggest-attribute=format -Wdate-time -Warray-bounds=2 -Wc99-c11-compat -Wincompatible-pointer-types -Wint-conversion -Wduplicated-cond -Whsa -Wnormalized -Wnull-dereference -Wunused-const-variable -Walloca -Walloc-zero -Wduplicated-branches -Wformat-overflow=2 -Wformat-truncation=1 -Wrestrict -Wattribute-alias -Wshift-overflow=2 -Wcast-function-type -Wcast-align=strict -Wno-suggest-attribute=cold -Wno-suggest-attribute=malloc -Wattribute-alias=2 -Wmissing-profile -Wc11-c2x-compat -MD -MT tools/src/h5repack/CMakeFiles/h5repack.dir/h5repack.c.o -MF tools/src/h5repack/CMakeFiles/h5repack.dir/h5repack.c.o.d -o tools/src/h5repack/CMakeFiles/h5repack.dir/h5repack.c.o -c /home/byrn/HDF_Projects/hdf5/dev/tools/src/h5repack/h5repack.c
[1249/4114] /usr/bin/cc -DH5_BUILT_AS_DYNAMIC_LIB -D_FILE_OFFSET_BITS=64 -D_GNU_SOURCE -D_LARGEFILE_SOURCE -D_POSIX_C_SOURCE=200809L -I/home/byrn/HDF_Projects/hdf5/dev/tools/lib -I/home/byrn/HDF_Projects/hdf5/dev/src -I/home/byrn/HDF_Projects/hdf5/dev/src/H5FDsubfiling -I/home/byrn/HDF_Projects/hdf5/build/ci-StdShar-GNUC/src -I/home/byrn/HDF_Projects/hdf5/build/ci-StdShar-GNUC/tools/lib -std=c99  -fstdarg-opt -fdiagnostics-urls=never -fno-diagnostics-color -fmessage-length=0 -O2 -g -DNDEBUG -std=gnu99 -fPIE -MD -MT tools/src/h5jam/CMakeFiles/h5unjam.dir/h5unjam.c.o -MF tools/src/h5jam/CMakeFiles/h5unjam.dir/h5unjam.c.o.d -o tools/src/h5jam/CMakeFiles/h5unjam.dir/h5unjam.c.o -c /home/byrn/HDF_Projects/hdf5/dev/tools/src/h5jam/h5unjam.c
[1250/4114] /usr/bin/cc -DH5_BUILT_AS_DYNAMIC_LIB -D_FILE_OFFSET_BITS=64 -D_GNU_SOURCE -D_LARGEFILE_SOURCE -D_POSIX_C_SOURCE=200809L -I/home/byrn/HDF_Projects/hdf5/dev/tools/lib -I/home/byrn/HDF_Projects/hdf5/dev/src -I/home/byrn/HDF_Projects/hdf5/dev/src/H5FDsubfiling -I/home/byrn/HDF_Projects/hdf5/build/ci-StdShar-GNUC/src -I/home/byrn/HDF_Projects/hdf5/build/ci-StdShar-GNUC/tools/lib -std=c99  -fstdarg-opt -fdiagnostics-urls=never -fno-diagnostics-color -fmessage-length=0 -O2 -g -DNDEBUG -std=gnu99 -fPIE -MD -MT tools/src/h5jam/CMakeFiles/h5jam.dir/h5jam.c.o -MF tools/src/h5jam/CMakeFiles/h5jam.dir/h5jam.c.o.d -o tools/src/h5jam/CMakeFiles/h5jam.dir/h5jam.c.o -c /home/byrn/HDF_Projects/hdf5/dev/tools/src/h5jam/h5jam.c
[1251/4114] /usr/bin/cc -DH5_BUILT_AS_DYNAMIC_LIB -D_FILE_OFFSET_BITS=64 -D_GNU_SOURCE -D_LARGEFILE_SOURCE -D_POSIX_C_SOURCE=200809L -I/home/byrn/HDF_Projects/hdf5/dev/tools/lib -I/home/byrn/HDF_Projects/hdf5/dev/src -I/home/byrn/HDF_Projects/hdf5/dev/src/H5FDsubfiling -I/home/byrn/HDF_Projects/hdf5/build/ci-StdShar-GNUC/src -I/home/byrn/HDF_Projects/hdf5/build/ci-StdShar-GNUC/tools/lib -std=c99  -fstdarg-opt -fdiagnostics-urls=never -fno-diagnostics-color -fmessage-length=0 -O2 -g -DNDEBUG -std=gnu99 -fPIE -Wall -Wcast-qual -Wconversion -Wextra -Wfloat-equal -Wformat=2 -Winit-self -Winvalid-pch -Wmissing-include-dirs -Wshadow -Wundef -Wwrite-strings -pedantic -Wno-c++-compat -Wbad-function-cast -Wcast-align -Wformat -Wimplicit-function-declaration -Wint-to-pointer-cast -Wmissing-declarations -Wmissing-prototypes -Wnested-externs -Wold-style-definition -Wpacked -Wpointer-sign -Wpointer-to-int-cast -Wredundant-decls -Wstrict-prototypes -Wswitch -Wunused-but-set-variable -Wunused-variable -Wunused-function -Wunused-parameter -finline-functions -Wno-aggregate-return -Wno-inline -Wno-missing-format-attribute -Wno-missing-noreturn -Wno-overlength-strings -Wlarger-than=2560 -Wlogical-op -Wframe-larger-than=16384 -Wpacked-bitfield-compat -Wsync-nand -Wno-unsuffixed-float-constants -Wdouble-promotion -Wtrampolines -Wstack-usage=8192 -Wmaybe-uninitialized -Wno-jump-misses-init -Wstrict-overflow=2 -Wno-suggest-attribute=const -Wno-suggest-attribute=noreturn -Wno-suggest-attribute=pure -Wno-suggest-attribute=format -Wdate-time -Warray-bounds=2 -Wc99-c11-compat -Wincompatible-pointer-types -Wint-conversion -Wduplicated-cond -Whsa -Wnormalized -Wnull-dereference -Wunused-const-variable -Walloca -Walloc-zero -Wduplicated-branches -Wformat-overflow=2 -Wformat-truncation=1 -Wrestrict -Wattribute-alias -Wshift-overflow=2 -Wcast-function-type -Wcast-align=strict -Wno-suggest-attribute=cold -Wno-suggest-attribute=malloc -Wattribute-alias=2 -Wmissing-profile -Wc11-c2x-compat -MD -MT tools/src/h5repack/CMakeFiles/h5repack.dir/h5repack_refs.c.o -MF tools/src/h5repack/CMakeFiles/h5repack.dir/h5repack_refs.c.o.d -o tools/src/h5repack/CMakeFiles/h5repack.dir/h5repack_refs.c.o -c /home/byrn/HDF_Projects/hdf5/dev/tools/src/h5repack/h5repack_refs.c
/home/byrn/HDF_Projects/hdf5/dev/tools/src/h5repack/h5repack_refs.c: In function ‘do_copy_refobjs’:
/home/byrn/HDF_Projects/hdf5/dev/tools/src/h5repack/h5repack_refs.c:249:71: warning: ‘calloc’ sizes specified with ‘sizeof’ in the earlier argument and not in the later argument [-Wcalloc-transposed-args]
  249 |                             refbuf = (hdset_reg_ref_t *)calloc(sizeof(hdset_reg_ref_t),
      |                                                                       ^~~~~~~~~~~~~~~
/home/byrn/HDF_Projects/hdf5/dev/tools/src/h5repack/h5repack_refs.c:249:71: note: earlier argument should specify number of elements, later size of each element
/home/byrn/HDF_Projects/hdf5/dev/tools/src/h5repack/h5repack_refs.c: In function ‘copy_refs_attr’:
/home/byrn/HDF_Projects/hdf5/dev/tools/src/h5repack/h5repack_refs.c:635:59: warning: ‘calloc’ sizes specified with ‘sizeof’ in the earlier argument and not in the later argument [-Wcalloc-transposed-args]
  635 |                 refbuf = (hdset_reg_ref_t *)calloc(sizeof(hdset_reg_ref_t), (size_t)nelmts); /*init to zero */
      |                                                           ^~~~~~~~~~~~~~~
/home/byrn/HDF_Projects/hdf5/dev/tools/src/h5repack/h5repack_refs.c:635:59: note: earlier argument should specify number of elements, later size of each element
[1252/4114] : && /usr/bin/cc -std=c99  -fstdarg-opt -fdiagnostics-urls=never -fno-diagnostics-color -fmessage-length=0 -O2 -g -DNDEBUG  tools/src/h5jam/CMakeFiles/h5unjam.dir/h5unjam.c.o -o bin/h5unjam  -Wl,-rpath,"\$ORIGIN/../lib:\$ORIGIN/"  bin/libhdf5_tools.so.1000.0.0  bin/libhdf5.so.1000.0.0  -ldl && :
[1253/4114] : && /usr/bin/cc -std=c99  -fstdarg-opt -fdiagnostics-urls=never -fno-diagnostics-color -fmessage-length=0 -O2 -g -DNDEBUG  tools/src/h5jam/CMakeFiles/h5jam.dir/h5jam.c.o -o bin/h5jam  -Wl,-rpath,"\$ORIGIN/../lib:\$ORIGIN/"  bin/libhdf5_tools.so.1000.0.0  bin/libhdf5.so.1000.0.0  -ldl && :
[1254/4114] /usr/bin/cc -DH5_BUILT_AS_DYNAMIC_LIB -D_FILE_OFFSET_BITS=64 -D_GNU_SOURCE -D_LARGEFILE_SOURCE -D_POSIX_C_SOURCE=200809L -I/home/byrn/HDF_Projects/hdf5/dev/tools/lib -I/home/byrn/HDF_Projects/hdf5/dev/src -I/home/byrn/HDF_Projects/hdf5/dev/src/H5FDsubfiling -I/home/byrn/HDF_Projects/hdf5/build/ci-StdShar-GNUC/src -I/home/byrn/HDF_Projects/hdf5/build/ci-StdShar-GNUC/tools/lib -std=c99  -fstdarg-opt -fdiagnostics-urls=never -fno-diagnostics-color -fmessage-length=0 -O2 -g -DNDEBUG -std=gnu99 -fPIE -Wall -Wcast-qual -Wconversion -Wextra -Wfloat-equal -Wformat=2 -Winit-self -Winvalid-pch -Wmissing-include-dirs -Wshadow -Wundef -Wwrite-strings -pedantic -Wno-c++-compat -Wbad-function-cast -Wcast-align -Wformat -Wimplicit-function-declaration -Wint-to-pointer-cast -Wmissing-declarations -Wmissing-prototypes -Wnested-externs -Wold-style-definition -Wpacked -Wpointer-sign -Wpointer-to-int-cast -Wredundant-decls -Wstrict-prototypes -Wswitch -Wunused-but-set-variable -Wunused-variable -Wunused-function -Wunused-parameter -finline-functions -Wno-aggregate-return -Wno-inline -Wno-missing-format-attribute -Wno-missing-noreturn -Wno-overlength-strings -Wlarger-than=2560 -Wlogical-op -Wframe-larger-than=16384 -Wpacked-bitfield-compat -Wsync-nand -Wno-unsuffixed-float-constants -Wdouble-promotion -Wtrampolines -Wstack-usage=8192 -Wmaybe-uninitialized -Wno-jump-misses-init -Wstrict-overflow=2 -Wno-suggest-attribute=const -Wno-suggest-attribute=noreturn -Wno-suggest-attribute=pure -Wno-suggest-attribute=format -Wdate-time -Warray-bounds=2 -Wc99-c11-compat -Wincompatible-pointer-types -Wint-conversion -Wduplicated-cond -Whsa -Wnormalized -Wnull-dereference -Wunused-const-variable -Walloca -Walloc-zero -Wduplicated-branches -Wformat-overflow=2 -Wformat-truncation=1 -Wrestrict -Wattribute-alias -Wshift-overflow=2 -Wcast-function-type -Wcast-align=strict -Wno-suggest-attribute=cold -Wno-suggest-attribute=malloc -Wattribute-alias=2 -Wmissing-profile -Wc11-c2x-compat -MD -MT tools/src/h5copy/CMakeFiles/h5copy.dir/h5copy.c.o -MF tools/src/h5copy/CMakeFiles/h5copy.dir/h5copy.c.o.d -o tools/src/h5copy/CMakeFiles/h5copy.dir/h5copy.c.o -c /home/byrn/HDF_Projects/hdf5/dev/tools/src/h5copy/h5copy.c
[1255/4114] : && /usr/bin/cc -std=c99  -fstdarg-opt -fdiagnostics-urls=never -fno-diagnostics-color -fmessage-length=0 -O2 -g -DNDEBUG  tools/src/h5copy/CMakeFiles/h5copy.dir/h5copy.c.o -o bin/h5copy  -Wl,-rpath,"\$ORIGIN/../lib:\$ORIGIN/"  bin/libhdf5_tools.so.1000.0.0  bin/libhdf5.so.1000.0.0  -ldl && :
[1256/4114] /usr/bin/cc -DH5_BUILT_AS_DYNAMIC_LIB -D_FILE_OFFSET_BITS=64 -D_GNU_SOURCE -D_LARGEFILE_SOURCE -D_POSIX_C_SOURCE=200809L -I/home/byrn/HDF_Projects/hdf5/dev/tools/lib -I/home/byrn/HDF_Projects/hdf5/dev/src -I/home/byrn/HDF_Projects/hdf5/dev/src/H5FDsubfiling -I/home/byrn/HDF_Projects/hdf5/build/ci-StdShar-GNUC/src -I/home/byrn/HDF_Projects/hdf5/build/ci-StdShar-GNUC/tools/lib -std=c99  -fstdarg-opt -fdiagnostics-urls=never -fno-diagnostics-color -fmessage-length=0 -O2 -g -DNDEBUG -std=gnu99 -fPIE -Wall -Wcast-qual -Wconversion -Wextra -Wfloat-equal -Wformat=2 -Winit-self -Winvalid-pch -Wmissing-include-dirs -Wshadow -Wundef -Wwrite-strings -pedantic -Wno-c++-compat -Wbad-function-cast -Wcast-align -Wformat -Wimplicit-function-declaration -Wint-to-pointer-cast -Wmissing-declarations -Wmissing-prototypes -Wnested-externs -Wold-style-definition -Wpacked -Wpointer-sign -Wpointer-to-int-cast -Wredundant-decls -Wstrict-prototypes -Wswitch -Wunused-but-set-variable -Wunused-variable -Wunused-function -Wunused-parameter -finline-functions -Wno-aggregate-return -Wno-inline -Wno-missing-format-attribute -Wno-missing-noreturn -Wno-overlength-strings -Wlarger-than=2560 -Wlogical-op -Wframe-larger-than=16384 -Wpacked-bitfield-compat -Wsync-nand -Wno-unsuffixed-float-constants -Wdouble-promotion -Wtrampolines -Wstack-usage=8192 -Wmaybe-uninitialized -Wno-jump-misses-init -Wstrict-overflow=2 -Wno-suggest-attribute=const -Wno-suggest-attribute=noreturn -Wno-suggest-attribute=pure -Wno-suggest-attribute=format -Wdate-time -Warray-bounds=2 -Wc99-c11-compat -Wincompatible-pointer-types -Wint-conversion -Wduplicated-cond -Whsa -Wnormalized -Wnull-dereference -Wunused-const-variable -Walloca -Walloc-zero -Wduplicated-branches -Wformat-overflow=2 -Wformat-truncation=1 -Wrestrict -Wattribute-alias -Wshift-overflow=2 -Wcast-function-type -Wcast-align=strict -Wno-suggest-attribute=cold -Wno-suggest-attribute=malloc -Wattribute-alias=2 -Wmissing-profile -Wc11-c2x-compat -MD -MT tools/src/h5repack/CMakeFiles/h5repack.dir/h5repack_copy.c.o -MF tools/src/h5repack/CMakeFiles/h5repack.dir/h5repack_copy.c.o.d -o tools/src/h5repack/CMakeFiles/h5repack.dir/h5repack_copy.c.o -c /home/byrn/HDF_Projects/hdf5/dev/tools/src/h5repack/h5repack_copy.c
[1257/4114] : && /usr/bin/cc -std=c99  -fstdarg-opt -fdiagnostics-urls=never -fno-diagnostics-color -fmessage-length=0 -O2 -g -DNDEBUG  tools/src/h5repack/CMakeFiles/h5repack.dir/h5repack_copy.c.o tools/src/h5repack/CMakeFiles/h5repack.dir/h5repack_filters.c.o tools/src/h5repack/CMakeFiles/h5repack.dir/h5repack_opttable.c.o tools/src/h5repack/CMakeFiles/h5repack.dir/h5repack_parse.c.o tools/src/h5repack/CMakeFiles/h5repack.dir/h5repack_refs.c.o tools/src/h5repack/CMakeFiles/h5repack.dir/h5repack_verify.c.o tools/src/h5repack/CMakeFiles/h5repack.dir/h5repack.c.o tools/src/h5repack/CMakeFiles/h5repack.dir/h5repack_main.c.o -o bin/h5repack  -Wl,-rpath,"\$ORIGIN/../lib:\$ORIGIN/"  bin/libhdf5_tools.so.1000.0.0  bin/libhdf5.so.1000.0.0  -ldl && :
[1258/4114] /usr/bin/cc -DH5_BUILT_AS_DYNAMIC_LIB -D_FILE_OFFSET_BITS=64 -D_GNU_SOURCE -D_LARGEFILE_SOURCE -D_POSIX_C_SOURCE=200809L -I/home/byrn/HDF_Projects/hdf5/dev/tools/lib -I/home/byrn/HDF_Projects/hdf5/dev/src -I/home/byrn/HDF_Projects/hdf5/dev/src/H5FDsubfiling -I/home/byrn/HDF_Projects/hdf5/build/ci-StdShar-GNUC/src -I/home/byrn/HDF_Projects/hdf5/build/ci-StdShar-GNUC/tools/lib -std=c99  -fstdarg-opt -fdiagnostics-urls=never -fno-diagnostics-color -fmessage-length=0 -O2 -g -DNDEBUG -std=gnu99 -fPIE -Wall -Wcast-qual -Wconversion -Wextra -Wfloat-equal -Wformat=2 -Winit-self -Winvalid-pch -Wmissing-include-dirs -Wshadow -Wundef -Wwrite-strings -pedantic -Wno-c++-compat -Wbad-function-cast -Wcast-align -Wformat -Wimplicit-function-declaration -Wint-to-pointer-cast -Wmissing-declarations -Wmissing-prototypes -Wnested-externs -Wold-style-definition -Wpacked -Wpointer-sign -Wpointer-to-int-cast -Wredundant-decls -Wstrict-prototypes -Wswitch -Wunused-but-set-variable -Wunused-variable -Wunused-function -Wunused-parameter -finline-functions -Wno-aggregate-return -Wno-inline -Wno-missing-format-attribute -Wno-missing-noreturn -Wno-overlength-strings -Wlarger-than=2560 -Wlogical-op -Wframe-larger-than=16384 -Wpacked-bitfield-compat -Wsync-nand -Wno-unsuffixed-float-constants -Wdouble-promotion -Wtrampolines -Wstack-usage=8192 -Wmaybe-uninitialized -Wno-jump-misses-init -Wstrict-overflow=2 -Wno-suggest-attribute=const -Wno-suggest-attribute=noreturn -Wno-suggest-attribute=pure -Wno-suggest-attribute=format -Wdate-time -Warray-bounds=2 -Wc99-c11-compat -Wincompatible-pointer-types -Wint-conversion -Wduplicated-cond -Whsa -Wnormalized -Wnull-dereference -Wunused-const-variable -Walloca -Walloc-zero -Wduplicated-branches -Wformat-overflow=2 -Wformat-truncation=1 -Wrestrict -Wattribute-alias -Wshift-overflow=2 -Wcast-function-type -Wcast-align=strict -Wno-suggest-attribute=cold -Wno-suggest-attribute=malloc -Wattribute-alias=2 -Wmissing-profile -Wc11-c2x-compat -MD -MT tools/src/h5format_convert/CMakeFiles/h5format_convert.dir/h5format_convert.c.o -MF tools/src/h5format_convert/CMakeFiles/h5format_convert.dir/h5format_convert.c.o.d -o tools/src/h5format_convert/CMakeFiles/h5format_convert.dir/h5format_convert.c.o -c /home/byrn/HDF_Projects/hdf5/dev/tools/src/h5format_convert/h5format_convert.c
[1259/4114] : && /usr/bin/cc -std=c99  -fstdarg-opt -fdiagnostics-urls=never -fno-diagnostics-color -fmessage-length=0 -O2 -g -DNDEBUG  tools/src/h5format_convert/CMakeFiles/h5format_convert.dir/h5format_convert.c.o -o bin/h5format_convert  -Wl,-rpath,"\$ORIGIN/../lib:\$ORIGIN/"  bin/libhdf5_tools.so.1000.0.0  bin/libhdf5.so.1000.0.0  -ldl && :
[1260/4114] /usr/bin/cc -DH5_BUILT_AS_DYNAMIC_LIB -D_FILE_OFFSET_BITS=64 -D_GNU_SOURCE -D_LARGEFILE_SOURCE -D_POSIX_C_SOURCE=200809L -I/home/byrn/HDF_Projects/hdf5/dev/tools/lib -I/home/byrn/HDF_Projects/hdf5/dev/src -I/home/byrn/HDF_Projects/hdf5/dev/src/H5FDsubfiling -I/home/byrn/HDF_Projects/hdf5/build/ci-StdShar-GNUC/src -I/home/byrn/HDF_Projects/hdf5/build/ci-StdShar-GNUC/tools/lib -std=c99  -fstdarg-opt -fdiagnostics-urls=never -fno-diagnostics-color -fmessage-length=0 -O2 -g -DNDEBUG -std=gnu99 -fPIE -Wall -Wcast-qual -Wconversion -Wextra -Wfloat-equal -Wformat=2 -Winit-self -Winvalid-pch -Wmissing-include-dirs -Wshadow -Wundef -Wwrite-strings -pedantic -Wno-c++-compat -Wbad-function-cast -Wcast-align -Wformat -Wimplicit-function-declaration -Wint-to-pointer-cast -Wmissing-declarations -Wmissing-prototypes -Wnested-externs -Wold-style-definition -Wpacked -Wpointer-sign -Wpointer-to-int-cast -Wredundant-decls -Wstrict-prototypes -Wswitch -Wunused-but-set-variable -Wunused-variable -Wunused-function -Wunused-parameter -finline-functions -Wno-aggregate-return -Wno-inline -Wno-missing-format-attribute -Wno-missing-noreturn -Wno-overlength-strings -Wlarger-than=2560 -Wlogical-op -Wframe-larger-than=16384 -Wpacked-bitfield-compat -Wsync-nand -Wno-unsuffixed-float-constants -Wdouble-promotion -Wtrampolines -Wstack-usage=8192 -Wmaybe-uninitialized -Wno-jump-misses-init -Wstrict-overflow=2 -Wno-suggest-attribute=const -Wno-suggest-attribute=noreturn -Wno-suggest-attribute=pure -Wno-suggest-attribute=format -Wdate-time -Warray-bounds=2 -Wc99-c11-compat -Wincompatible-pointer-types -Wint-conversion -Wduplicated-cond -Whsa -Wnormalized -Wnull-dereference -Wunused-const-variable -Walloca -Walloc-zero -Wduplicated-branches -Wformat-overflow=2 -Wformat-truncation=1 -Wrestrict -Wattribute-alias -Wshift-overflow=2 -Wcast-function-type -Wcast-align=strict -Wno-suggest-attribute=cold -Wno-suggest-attribute=malloc -Wattribute-alias=2 -Wmissing-profile -Wc11-c2x-compat -MD -MT tools/src/h5stat/CMakeFiles/h5stat.dir/h5stat.c.o -MF tools/src/h5stat/CMakeFiles/h5stat.dir/h5stat.c.o.d -o tools/src/h5stat/CMakeFiles/h5stat.dir/h5stat.c.o -c /home/byrn/HDF_Projects/hdf5/dev/tools/src/h5stat/h5stat.c
[1261/4114] : && /usr/bin/cc -std=c99  -fstdarg-opt -fdiagnostics-urls=never -fno-diagnostics-color -fmessage-length=0 -O2 -g -DNDEBUG  tools/src/h5stat/CMakeFiles/h5stat.dir/h5stat.c.o -o bin/h5stat  -Wl,-rpath,"\$ORIGIN/../lib:\$ORIGIN/"  bin/libhdf5_tools.so.1000.0.0  bin/libhdf5.so.1000.0.0  -ldl && :
[1262/4114] /usr/bin/cc -DH5_BUILT_AS_DYNAMIC_LIB -D_FILE_OFFSET_BITS=64 -D_GNU_SOURCE -D_LARGEFILE_SOURCE -D_POSIX_C_SOURCE=200809L -I/home/byrn/HDF_Projects/hdf5/dev/tools/lib -I/home/byrn/HDF_Projects/hdf5/dev/src -I/home/byrn/HDF_Projects/hdf5/dev/src/H5FDsubfiling -I/home/byrn/HDF_Projects/hdf5/build/ci-StdShar-GNUC/src -I/home/byrn/HDF_Projects/hdf5/build/ci-StdShar-GNUC/tools/lib -std=c99  -fstdarg-opt -fdiagnostics-urls=never -fno-diagnostics-color -fmessage-length=0 -O2 -g -DNDEBUG -std=gnu99 -fPIE -Wall -Wcast-qual -Wconversion -Wextra -Wfloat-equal -Wformat=2 -Winit-self -Winvalid-pch -Wmissing-include-dirs -Wshadow -Wundef -Wwrite-strings -pedantic -Wno-c++-compat -Wbad-function-cast -Wcast-align -Wformat -Wimplicit-function-declaration -Wint-to-pointer-cast -Wmissing-declarations -Wmissing-prototypes -Wnested-externs -Wold-style-definition -Wpacked -Wpointer-sign -Wpointer-to-int-cast -Wredundant-decls -Wstrict-prototypes -Wswitch -Wunused-but-set-variable -Wunused-variable -Wunused-function -Wunused-parameter -finline-functions -Wno-aggregate-return -Wno-inline -Wno-missing-format-attribute -Wno-missing-noreturn -Wno-overlength-strings -Wlarger-than=2560 -Wlogical-op -Wframe-larger-than=16384 -Wpacked-bitfield-compat -Wsync-nand -Wno-unsuffixed-float-constants -Wdouble-promotion -Wtrampolines -Wstack-usage=8192 -Wmaybe-uninitialized -Wno-jump-misses-init -Wstrict-overflow=2 -Wno-suggest-attribute=const -Wno-suggest-attribute=noreturn -Wno-suggest-attribute=pure -Wno-suggest-attribute=format -Wdate-time -Warray-bounds=2 -Wc99-c11-compat -Wincompatible-pointer-types -Wint-conversion -Wduplicated-cond -Whsa -Wnormalized -Wnull-dereference -Wunused-const-variable -Walloca -Walloc-zero -Wduplicated-branches -Wformat-overflow=2 -Wformat-truncation=1 -Wrestrict -Wattribute-alias -Wshift-overflow=2 -Wcast-function-type -Wcast-align=strict -Wno-suggest-attribute=cold -Wno-suggest-attribute=malloc -Wattribute-alias=2 -Wmissing-profile -Wc11-c2x-compat -MD -MT tools/src/h5dump/CMakeFiles/h5dump.dir/h5dump.c.o -MF tools/src/h5dump/CMakeFiles/h5dump.dir/h5dump.c.o.d -o tools/src/h5dump/CMakeFiles/h5dump.dir/h5dump.c.o -c /home/byrn/HDF_Projects/hdf5/dev/tools/src/h5dump/h5dump.c
[1263/4114] cd /home/byrn/HDF_Projects/hdf5/build/ci-StdShar-GNUC/tools/test/h5diff && /usr/bin/cmake -E copy_if_different /home/byrn/HDF_Projects/hdf5/dev/tools/test/h5dump/testfiles/vds/1_a.h5 /home/byrn/HDF_Projects/hdf5/build/ci-StdShar-GNUC/tools/test/h5diff/testfiles/1_a.h5
[1264/4114] cd /home/byrn/HDF_Projects/hdf5/build/ci-StdShar-GNUC/tools/test/h5diff && /usr/bin/cmake -E copy_if_different /home/byrn/HDF_Projects/hdf5/dev/tools/test/h5dump/testfiles/vds/1_b.h5 /home/byrn/HDF_Projects/hdf5/build/ci-StdShar-GNUC/tools/test/h5diff/testfiles/1_b.h5
[1265/4114] cd /home/byrn/HDF_Projects/hdf5/build/ci-StdShar-GNUC/tools/test/h5diff && /usr/bin/cmake -E copy_if_different /home/byrn/HDF_Projects/hdf5/dev/tools/test/h5dump/testfiles/vds/1_c.h5 /home/byrn/HDF_Projects/hdf5/build/ci-StdShar-GNUC/tools/test/h5diff/testfiles/1_c.h5
[1266/4114] cd /home/byrn/HDF_Projects/hdf5/build/ci-StdShar-GNUC/tools/test/h5diff && /usr/bin/cmake -E copy_if_different /home/byrn/HDF_Projects/hdf5/dev/tools/test/h5dump/testfiles/vds/1_d.h5 /home/byrn/HDF_Projects/hdf5/build/ci-StdShar-GNUC/tools/test/h5diff/testfiles/1_d.h5
[1267/4114] /usr/bin/cc -DH5_BUILT_AS_DYNAMIC_LIB -D_FILE_OFFSET_BITS=64 -D_GNU_SOURCE -D_LARGEFILE_SOURCE -D_POSIX_C_SOURCE=200809L -Ddynlibdiff_EXPORTS -I/home/byrn/HDF_Projects/hdf5/dev/src -I/home/byrn/HDF_Projects/hdf5/dev/src/H5FDsubfiling -I/home/byrn/HDF_Projects/hdf5/build/ci-StdShar-GNUC/src -std=c99  -fstdarg-opt -fdiagnostics-urls=never -fno-diagnostics-color -fmessage-length=0 -O2 -g -DNDEBUG -std=gnu99 -fPIC -MD -MT tools/test/h5diff/CMakeFiles/dynlibdiff.dir/dynlib_diff.c.o -MF tools/test/h5diff/CMakeFiles/dynlibdiff.dir/dynlib_diff.c.o.d -o tools/test/h5diff/CMakeFiles/dynlibdiff.dir/dynlib_diff.c.o -c /home/byrn/HDF_Projects/hdf5/dev/tools/test/h5diff/dynlib_diff.c
[1268/4114] cd /home/byrn/HDF_Projects/hdf5/build/ci-StdShar-GNUC/tools/test/h5diff && /usr/bin/cmake -E copy_if_different /home/byrn/HDF_Projects/hdf5/dev/tools/test/h5dump/testfiles/vds/1_e.h5 /home/byrn/HDF_Projects/hdf5/build/ci-StdShar-GNUC/tools/test/h5diff/testfiles/1_e.h5
[1269/4114] cd /home/byrn/HDF_Projects/hdf5/build/ci-StdShar-GNUC/tools/test/h5diff && /usr/bin/cmake -E copy_if_different /home/byrn/HDF_Projects/hdf5/dev/tools/test/h5dump/testfiles/vds/1_f.h5 /home/byrn/HDF_Projects/hdf5/build/ci-StdShar-GNUC/tools/test/h5diff/testfiles/1_f.h5
[1270/4114] : && /usr/bin/cc -fPIC -std=c99  -fstdarg-opt -fdiagnostics-urls=never -fno-diagnostics-color -fmessage-length=0 -O2 -g -DNDEBUG   -shared -Wl,-soname,libdynlibdiff.so.1000 -o bin/libdynlibdiff.so.1000.0.0 tools/test/h5diff/CMakeFiles/dynlibdiff.dir/dynlib_diff.c.o  -Wl,-rpath,"\$ORIGIN/../lib:\$ORIGIN/"  bin/libhdf5.so.1000.0.0  -ldl && :
[1271/4114] cd /home/byrn/HDF_Projects/hdf5/build/ci-StdShar-GNUC/tools/test/h5diff && /usr/bin/cmake -E copy_if_different /home/byrn/HDF_Projects/hdf5/dev/tools/test/h5dump/testfiles/vds/1_vds.h5 /home/byrn/HDF_Projects/hdf5/build/ci-StdShar-GNUC/tools/test/h5diff/testfiles/1_vds.h5
[1272/4114] cd /home/byrn/HDF_Projects/hdf5/build/ci-StdShar-GNUC/tools/test/h5diff && /usr/bin/cmake -E copy_if_different /home/byrn/HDF_Projects/hdf5/dev/tools/test/h5dump/testfiles/vds/2_a.h5 /home/byrn/HDF_Projects/hdf5/build/ci-StdShar-GNUC/tools/test/h5diff/testfiles/2_a.h5
[1273/4114] /usr/bin/cc -DH5_BUILT_AS_DYNAMIC_LIB -D_FILE_OFFSET_BITS=64 -D_GNU_SOURCE -D_LARGEFILE_SOURCE -D_POSIX_C_SOURCE=200809L -I/home/byrn/HDF_Projects/hdf5/dev/test -I/home/byrn/HDF_Projects/hdf5/dev/src -I/home/byrn/HDF_Projects/hdf5/dev/src/H5FDsubfiling -I/home/byrn/HDF_Projects/hdf5/build/ci-StdShar-GNUC/src -I/home/byrn/HDF_Projects/hdf5/build/ci-StdShar-GNUC/tools/lib -I/home/byrn/HDF_Projects/hdf5/dev/tools/lib -std=c99  -fstdarg-opt -fdiagnostics-urls=never -fno-diagnostics-color -fmessage-length=0 -O2 -g -DNDEBUG -std=gnu99 -fPIE -MD -MT tools/src/h5perf/CMakeFiles/h5perf_serial.dir/sio_perf.c.o -MF tools/src/h5perf/CMakeFiles/h5perf_serial.dir/sio_perf.c.o.d -o tools/src/h5perf/CMakeFiles/h5perf_serial.dir/sio_perf.c.o -c /home/byrn/HDF_Projects/hdf5/dev/tools/src/h5perf/sio_perf.c
[1274/4114] /usr/bin/cmake -E cmake_symlink_library bin/libdynlibdiff.so.1000.0.0  bin/libdynlibdiff.so.1000 bin/libdynlibdiff.so && cd /home/byrn/HDF_Projects/hdf5/build/ci-StdShar-GNUC/tools/test/h5diff && /usr/bin/cmake -E copy_if_different /home/byrn/HDF_Projects/hdf5/build/ci-StdShar-GNUC/bin/libdynlibdiff.so.1000.0.0 /home/byrn/HDF_Projects/hdf5/build/ci-StdShar-GNUC/plugins/libdynlibdiff.so.1000.0.0
[1275/4114] cd /home/byrn/HDF_Projects/hdf5/build/ci-StdShar-GNUC/tools/test/h5diff && /usr/bin/cmake -E copy_if_different /home/byrn/HDF_Projects/hdf5/dev/tools/test/h5dump/testfiles/vds/2_b.h5 /home/byrn/HDF_Projects/hdf5/build/ci-StdShar-GNUC/tools/test/h5diff/testfiles/2_b.h5
[1276/4114] cd /home/byrn/HDF_Projects/hdf5/build/ci-StdShar-GNUC/tools/test/h5diff && /usr/bin/cmake -E copy_if_different /home/byrn/HDF_Projects/hdf5/dev/tools/test/h5dump/testfiles/vds/2_c.h5 /home/byrn/HDF_Projects/hdf5/build/ci-StdShar-GNUC/tools/test/h5diff/testfiles/2_c.h5
[1277/4114] cd /home/byrn/HDF_Projects/hdf5/build/ci-StdShar-GNUC/tools/test/h5diff && /usr/bin/cmake -E copy_if_different /home/byrn/HDF_Projects/hdf5/dev/tools/test/h5dump/testfiles/vds/2_d.h5 /home/byrn/HDF_Projects/hdf5/build/ci-StdShar-GNUC/tools/test/h5diff/testfiles/2_d.h5
[1278/4114] cd /home/byrn/HDF_Projects/hdf5/build/ci-StdShar-GNUC/tools/test/h5diff && /usr/bin/cmake -E copy_if_different /home/byrn/HDF_Projects/hdf5/dev/tools/test/h5dump/testfiles/vds/2_e.h5 /home/byrn/HDF_Projects/hdf5/build/ci-StdShar-GNUC/tools/test/h5diff/testfiles/2_e.h5
[1279/4114] cd /home/byrn/HDF_Projects/hdf5/build/ci-StdShar-GNUC/tools/test/h5diff && /usr/bin/cmake -E copy_if_different /home/byrn/HDF_Projects/hdf5/dev/tools/test/h5dump/testfiles/vds/2_vds.h5 /home/byrn/HDF_Projects/hdf5/build/ci-StdShar-GNUC/tools/test/h5diff/testfiles/2_vds.h5
[1280/4114] cd /home/byrn/HDF_Projects/hdf5/build/ci-StdShar-GNUC/tools/test/h5diff && /usr/bin/cmake -E copy_if_different /home/byrn/HDF_Projects/hdf5/dev/tools/test/h5dump/testfiles/vds/3_1_vds.h5 /home/byrn/HDF_Projects/hdf5/build/ci-StdShar-GNUC/tools/test/h5diff/testfiles/3_1_vds.h5
[1281/4114] cd /home/byrn/HDF_Projects/hdf5/build/ci-StdShar-GNUC/tools/test/h5diff && /usr/bin/cmake -E copy_if_different /home/byrn/HDF_Projects/hdf5/dev/tools/test/h5dump/testfiles/vds/3_2_vds.h5 /home/byrn/HDF_Projects/hdf5/build/ci-StdShar-GNUC/tools/test/h5diff/testfiles/3_2_vds.h5
[1282/4114] cd /home/byrn/HDF_Projects/hdf5/build/ci-StdShar-GNUC/tools/test/h5diff && /usr/bin/cmake -E copy_if_different /home/byrn/HDF_Projects/hdf5/dev/tools/test/h5dump/testfiles/vds/4_0.h5 /home/byrn/HDF_Projects/hdf5/build/ci-StdShar-GNUC/tools/test/h5diff/testfiles/4_0.h5
[1283/4114] cd /home/byrn/HDF_Projects/hdf5/build/ci-StdShar-GNUC/tools/test/h5diff && /usr/bin/cmake -E copy_if_different /home/byrn/HDF_Projects/hdf5/dev/tools/test/h5dump/testfiles/vds/4_1.h5 /home/byrn/HDF_Projects/hdf5/build/ci-StdShar-GNUC/tools/test/h5diff/testfiles/4_1.h5
[1284/4114] cd /home/byrn/HDF_Projects/hdf5/build/ci-StdShar-GNUC/tools/test/h5diff && /usr/bin/cmake -E copy_if_different /home/byrn/HDF_Projects/hdf5/dev/tools/test/h5dump/testfiles/vds/4_2.h5 /home/byrn/HDF_Projects/hdf5/build/ci-StdShar-GNUC/tools/test/h5diff/testfiles/4_2.h5
[1285/4114] cd /home/byrn/HDF_Projects/hdf5/build/ci-StdShar-GNUC/tools/test/h5diff && /usr/bin/cmake -E copy_if_different /home/byrn/HDF_Projects/hdf5/dev/tools/test/h5dump/testfiles/vds/4_vds.h5 /home/byrn/HDF_Projects/hdf5/build/ci-StdShar-GNUC/tools/test/h5diff/testfiles/4_vds.h5
[1286/4114] cd /home/byrn/HDF_Projects/hdf5/build/ci-StdShar-GNUC/tools/test/h5diff && /usr/bin/cmake -E copy_if_different /home/byrn/HDF_Projects/hdf5/dev/tools/test/h5dump/testfiles/vds/5_b.h5 /home/byrn/HDF_Projects/hdf5/build/ci-StdShar-GNUC/tools/test/h5diff/testfiles/5_b.h5
[1287/4114] cd /home/byrn/HDF_Projects/hdf5/build/ci-StdShar-GNUC/tools/test/h5diff && /usr/bin/cmake -E copy_if_different /home/byrn/HDF_Projects/hdf5/dev/tools/test/h5dump/testfiles/vds/5_a.h5 /home/byrn/HDF_Projects/hdf5/build/ci-StdShar-GNUC/tools/test/h5diff/testfiles/5_a.h5
[1288/4114] cd /home/byrn/HDF_Projects/hdf5/build/ci-StdShar-GNUC/tools/test/h5diff && /usr/bin/cmake -E copy_if_different /home/byrn/HDF_Projects/hdf5/dev/tools/test/h5dump/testfiles/vds/5_c.h5 /home/byrn/HDF_Projects/hdf5/build/ci-StdShar-GNUC/tools/test/h5diff/testfiles/5_c.h5
[1289/4114] cd /home/byrn/HDF_Projects/hdf5/build/ci-StdShar-GNUC/tools/test/h5diff && /usr/bin/cmake -E copy_if_different /home/byrn/HDF_Projects/hdf5/dev/tools/test/h5dump/testfiles/vds/5_vds.h5 /home/byrn/HDF_Projects/hdf5/build/ci-StdShar-GNUC/tools/test/h5diff/testfiles/5_vds.h5
[1290/4114] cd /home/byrn/HDF_Projects/hdf5/build/ci-StdShar-GNUC/tools/test/h5diff && /usr/bin/cmake -E copy_if_different /home/byrn/HDF_Projects/hdf5/dev/tools/test/h5diff/testfiles/compounds_array_vlen1.h5 /home/byrn/HDF_Projects/hdf5/build/ci-StdShar-GNUC/tools/test/h5diff/testfiles/compounds_array_vlen1.h5
[1291/4114] cd /home/byrn/HDF_Projects/hdf5/build/ci-StdShar-GNUC/tools/test/h5diff && /usr/bin/cmake -E copy_if_different /home/byrn/HDF_Projects/hdf5/dev/tools/test/h5diff/testfiles/compounds_array_vlen2.h5 /home/byrn/HDF_Projects/hdf5/build/ci-StdShar-GNUC/tools/test/h5diff/testfiles/compounds_array_vlen2.h5
[1292/4114] cd /home/byrn/HDF_Projects/hdf5/build/ci-StdShar-GNUC/tools/test/h5diff && /usr/bin/cmake -E copy_if_different /home/byrn/HDF_Projects/hdf5/dev/tools/test/h5diff/expected/h5diff_10.txt /home/byrn/HDF_Projects/hdf5/build/ci-StdShar-GNUC/tools/test/h5diff/testfiles/h5diff_10.txt
[1293/4114] cd /home/byrn/HDF_Projects/hdf5/build/ci-StdShar-GNUC/tools/test/h5diff && /usr/bin/cmake -E copy_if_different /home/byrn/HDF_Projects/hdf5/dev/tools/test/h5diff/expected/h5diff_100.txt /home/byrn/HDF_Projects/hdf5/build/ci-StdShar-GNUC/tools/test/h5diff/testfiles/h5diff_100.txt
[1294/4114] cd /home/byrn/HDF_Projects/hdf5/build/ci-StdShar-GNUC/tools/test/h5diff && /usr/bin/cmake -E copy_if_different /home/byrn/HDF_Projects/hdf5/dev/tools/test/h5diff/expected/h5diff_101.txt /home/byrn/HDF_Projects/hdf5/build/ci-StdShar-GNUC/tools/test/h5diff/testfiles/h5diff_101.txt
[1295/4114] cd /home/byrn/HDF_Projects/hdf5/build/ci-StdShar-GNUC/tools/test/h5diff && /usr/bin/cmake -E copy_if_different /home/byrn/HDF_Projects/hdf5/dev/tools/test/h5diff/expected/h5diff_102.txt /home/byrn/HDF_Projects/hdf5/build/ci-StdShar-GNUC/tools/test/h5diff/testfiles/h5diff_102.txt
[1296/4114] cd /home/byrn/HDF_Projects/hdf5/build/ci-StdShar-GNUC/tools/test/h5diff && /usr/bin/cmake -E copy_if_different /home/byrn/HDF_Projects/hdf5/dev/tools/test/h5diff/expected/h5diff_103.txt /home/byrn/HDF_Projects/hdf5/build/ci-StdShar-GNUC/tools/test/h5diff/testfiles/h5diff_103.txt
[1297/4114] cd /home/byrn/HDF_Projects/hdf5/build/ci-StdShar-GNUC/tools/test/h5diff && /usr/bin/cmake -E copy_if_different /home/byrn/HDF_Projects/hdf5/dev/tools/test/h5diff/expected/h5diff_12.txt /home/byrn/HDF_Projects/hdf5/build/ci-StdShar-GNUC/tools/test/h5diff/testfiles/h5diff_12.txt
[1298/4114] cd /home/byrn/HDF_Projects/hdf5/build/ci-StdShar-GNUC/tools/test/h5diff && /usr/bin/cmake -E copy_if_different /home/byrn/HDF_Projects/hdf5/dev/tools/test/h5diff/expected/h5diff_104.txt /home/byrn/HDF_Projects/hdf5/build/ci-StdShar-GNUC/tools/test/h5diff/testfiles/h5diff_104.txt
[1299/4114] cd /home/byrn/HDF_Projects/hdf5/build/ci-StdShar-GNUC/tools/test/h5diff && /usr/bin/cmake -E copy_if_different /home/byrn/HDF_Projects/hdf5/dev/tools/test/h5diff/expected/h5diff_11.txt /home/byrn/HDF_Projects/hdf5/build/ci-StdShar-GNUC/tools/test/h5diff/testfiles/h5diff_11.txt
[1300/4114] cd /home/byrn/HDF_Projects/hdf5/build/ci-StdShar-GNUC/tools/test/h5diff && /usr/bin/cmake -E copy_if_different /home/byrn/HDF_Projects/hdf5/dev/tools/test/h5diff/expected/h5diff_14.txt /home/byrn/HDF_Projects/hdf5/build/ci-StdShar-GNUC/tools/test/h5diff/testfiles/h5diff_14.txt
[1301/4114] cd /home/byrn/HDF_Projects/hdf5/build/ci-StdShar-GNUC/tools/test/h5diff && /usr/bin/cmake -E copy_if_different /home/byrn/HDF_Projects/hdf5/dev/tools/test/h5diff/expected/h5diff_15.txt /home/byrn/HDF_Projects/hdf5/build/ci-StdShar-GNUC/tools/test/h5diff/testfiles/h5diff_15.txt
[1302/4114] cd /home/byrn/HDF_Projects/hdf5/build/ci-StdShar-GNUC/tools/test/h5diff && /usr/bin/cmake -E copy_if_different /home/byrn/HDF_Projects/hdf5/dev/tools/test/h5diff/expected/h5diff_13.txt /home/byrn/HDF_Projects/hdf5/build/ci-StdShar-GNUC/tools/test/h5diff/testfiles/h5diff_13.txt
[1303/4114] cd /home/byrn/HDF_Projects/hdf5/build/ci-StdShar-GNUC/tools/test/h5diff && /usr/bin/cmake -E copy_if_different /home/byrn/HDF_Projects/hdf5/dev/tools/test/h5diff/expected/h5diff_16_2.txt /home/byrn/HDF_Projects/hdf5/build/ci-StdShar-GNUC/tools/test/h5diff/testfiles/h5diff_16_2.txt
[1304/4114] cd /home/byrn/HDF_Projects/hdf5/build/ci-StdShar-GNUC/tools/test/h5diff && /usr/bin/cmake -E copy_if_different /home/byrn/HDF_Projects/hdf5/dev/tools/test/h5diff/expected/h5diff_16_1.txt /home/byrn/HDF_Projects/hdf5/build/ci-StdShar-GNUC/tools/test/h5diff/testfiles/h5diff_16_1.txt
[1305/4114] cd /home/byrn/HDF_Projects/hdf5/build/ci-StdShar-GNUC/tools/test/h5diff && /usr/bin/cmake -E copy_if_different /home/byrn/HDF_Projects/hdf5/dev/tools/test/h5diff/expected/h5diff_16_3.txt /home/byrn/HDF_Projects/hdf5/build/ci-StdShar-GNUC/tools/test/h5diff/testfiles/h5diff_16_3.txt
[1306/4114] cd /home/byrn/HDF_Projects/hdf5/build/ci-StdShar-GNUC/tools/test/h5diff && /usr/bin/cmake -E copy_if_different /home/byrn/HDF_Projects/hdf5/dev/tools/test/h5diff/expected/h5diff_17.txt /home/byrn/HDF_Projects/hdf5/build/ci-StdShar-GNUC/tools/test/h5diff/testfiles/h5diff_17.txt
[1307/4114] cd /home/byrn/HDF_Projects/hdf5/build/ci-StdShar-GNUC/tools/test/h5diff && /usr/bin/cmake -E copy_if_different /home/byrn/HDF_Projects/hdf5/dev/tools/test/h5diff/expected/h5diff_172.txt /home/byrn/HDF_Projects/hdf5/build/ci-StdShar-GNUC/tools/test/h5diff/testfiles/h5diff_172.txt
[1308/4114] cd /home/byrn/HDF_Projects/hdf5/build/ci-StdShar-GNUC/tools/test/h5diff && /usr/bin/cmake -E copy_if_different /home/byrn/HDF_Projects/hdf5/dev/tools/test/h5diff/expected/h5diff_171.txt /home/byrn/HDF_Projects/hdf5/build/ci-StdShar-GNUC/tools/test/h5diff/testfiles/h5diff_171.txt
[1309/4114] /usr/bin/cc -DH5_BUILT_AS_DYNAMIC_LIB -D_FILE_OFFSET_BITS=64 -D_GNU_SOURCE -D_LARGEFILE_SOURCE -D_POSIX_C_SOURCE=200809L -I/home/byrn/HDF_Projects/hdf5/dev/tools/lib -I/home/byrn/HDF_Projects/hdf5/dev/src -I/home/byrn/HDF_Projects/hdf5/dev/src/H5FDsubfiling -I/home/byrn/HDF_Projects/hdf5/build/ci-StdShar-GNUC/src -I/home/byrn/HDF_Projects/hdf5/build/ci-StdShar-GNUC/tools/lib -std=c99  -fstdarg-opt -fdiagnostics-urls=never -fno-diagnostics-color -fmessage-length=0 -O2 -g -DNDEBUG -std=gnu99 -fPIE -Wall -Wcast-qual -Wconversion -Wextra -Wfloat-equal -Wformat=2 -Winit-self -Winvalid-pch -Wmissing-include-dirs -Wshadow -Wundef -Wwrite-strings -pedantic -Wno-c++-compat -Wbad-function-cast -Wcast-align -Wformat -Wimplicit-function-declaration -Wint-to-pointer-cast -Wmissing-declarations -Wmissing-prototypes -Wnested-externs -Wold-style-definition -Wpacked -Wpointer-sign -Wpointer-to-int-cast -Wredundant-decls -Wstrict-prototypes -Wswitch -Wunused-but-set-variable -Wunused-variable -Wunused-function -Wunused-parameter -finline-functions -Wno-aggregate-return -Wno-inline -Wno-missing-format-attribute -Wno-missing-noreturn -Wno-overlength-strings -Wlarger-than=2560 -Wlogical-op -Wframe-larger-than=16384 -Wpacked-bitfield-compat -Wsync-nand -Wno-unsuffixed-float-constants -Wdouble-promotion -Wtrampolines -Wstack-usage=8192 -Wmaybe-uninitialized -Wno-jump-misses-init -Wstrict-overflow=2 -Wno-suggest-attribute=const -Wno-suggest-attribute=noreturn -Wno-suggest-attribute=pure -Wno-suggest-attribute=format -Wdate-time -Warray-bounds=2 -Wc99-c11-compat -Wincompatible-pointer-types -Wint-conversion -Wduplicated-cond -Whsa -Wnormalized -Wnull-dereference -Wunused-const-variable -Walloca -Walloc-zero -Wduplicated-branches -Wformat-overflow=2 -Wformat-truncation=1 -Wrestrict -Wattribute-alias -Wshift-overflow=2 -Wcast-function-type -Wcast-align=strict -Wno-suggest-attribute=cold -Wno-suggest-attribute=malloc -Wattribute-alias=2 -Wmissing-profile -Wc11-c2x-compat -MD -MT tools/src/h5dump/CMakeFiles/h5dump.dir/h5dump_ddl.c.o -MF tools/src/h5dump/CMakeFiles/h5dump.dir/h5dump_ddl.c.o.d -o tools/src/h5dump/CMakeFiles/h5dump.dir/h5dump_ddl.c.o -c /home/byrn/HDF_Projects/hdf5/dev/tools/src/h5dump/h5dump_ddl.c
[1310/4114] cd /home/byrn/HDF_Projects/hdf5/build/ci-StdShar-GNUC/tools/test/h5diff && /usr/bin/cmake -E copy_if_different /home/byrn/HDF_Projects/hdf5/dev/tools/test/h5diff/expected/h5diff_18_1.txt /home/byrn/HDF_Projects/hdf5/build/ci-StdShar-GNUC/tools/test/h5diff/testfiles/h5diff_18_1.txt
[1311/4114] cd /home/byrn/HDF_Projects/hdf5/build/ci-StdShar-GNUC/tools/test/h5diff && /usr/bin/cmake -E copy_if_different /home/byrn/HDF_Projects/hdf5/dev/tools/test/h5diff/expected/h5diff_18.txt /home/byrn/HDF_Projects/hdf5/build/ci-StdShar-GNUC/tools/test/h5diff/testfiles/h5diff_18.txt
[1312/4114] cd /home/byrn/HDF_Projects/hdf5/build/ci-StdShar-GNUC/tools/test/h5diff && /usr/bin/cmake -E copy_if_different /home/byrn/HDF_Projects/hdf5/dev/tools/test/h5diff/expected/h5diff_20.txt /home/byrn/HDF_Projects/hdf5/build/ci-StdShar-GNUC/tools/test/h5diff/testfiles/h5diff_20.txt
[1313/4114] cd /home/byrn/HDF_Projects/hdf5/build/ci-StdShar-GNUC/tools/test/h5diff && /usr/bin/cmake -E copy_if_different /home/byrn/HDF_Projects/hdf5/dev/tools/test/h5diff/expected/h5diff_200.txt /home/byrn/HDF_Projects/hdf5/build/ci-StdShar-GNUC/tools/test/h5diff/testfiles/h5diff_200.txt
[1314/4114] cd /home/byrn/HDF_Projects/hdf5/build/ci-StdShar-GNUC/tools/test/h5diff && /usr/bin/cmake -E copy_if_different /home/byrn/HDF_Projects/hdf5/dev/tools/test/h5diff/expected/h5diff_201.txt /home/byrn/HDF_Projects/hdf5/build/ci-StdShar-GNUC/tools/test/h5diff/testfiles/h5diff_201.txt
[1315/4114] cd /home/byrn/HDF_Projects/hdf5/build/ci-StdShar-GNUC/tools/test/h5diff && /usr/bin/cmake -E copy_if_different /home/byrn/HDF_Projects/hdf5/dev/tools/test/h5diff/expected/h5diff_202.txt /home/byrn/HDF_Projects/hdf5/build/ci-StdShar-GNUC/tools/test/h5diff/testfiles/h5diff_202.txt
[1316/4114] cd /home/byrn/HDF_Projects/hdf5/build/ci-StdShar-GNUC/tools/test/h5diff && /usr/bin/cmake -E copy_if_different /home/byrn/HDF_Projects/hdf5/dev/tools/test/h5diff/expected/h5diff_203.txt /home/byrn/HDF_Projects/hdf5/build/ci-StdShar-GNUC/tools/test/h5diff/testfiles/h5diff_203.txt
[1317/4114] cd /home/byrn/HDF_Projects/hdf5/build/ci-StdShar-GNUC/tools/test/h5diff && /usr/bin/cmake -E copy_if_different /home/byrn/HDF_Projects/hdf5/dev/tools/test/h5diff/expected/h5diff_204.txt /home/byrn/HDF_Projects/hdf5/build/ci-StdShar-GNUC/tools/test/h5diff/testfiles/h5diff_204.txt
[1318/4114] cd /home/byrn/HDF_Projects/hdf5/build/ci-StdShar-GNUC/tools/test/h5diff && /usr/bin/cmake -E copy_if_different /home/byrn/HDF_Projects/hdf5/dev/tools/test/h5diff/expected/h5diff_205.txt /home/byrn/HDF_Projects/hdf5/build/ci-StdShar-GNUC/tools/test/h5diff/testfiles/h5diff_205.txt
[1319/4114] cd /home/byrn/HDF_Projects/hdf5/build/ci-StdShar-GNUC/tools/test/h5diff && /usr/bin/cmake -E copy_if_different /home/byrn/HDF_Projects/hdf5/dev/tools/test/h5diff/expected/h5diff_206.txt /home/byrn/HDF_Projects/hdf5/build/ci-StdShar-GNUC/tools/test/h5diff/testfiles/h5diff_206.txt
[1320/4114] cd /home/byrn/HDF_Projects/hdf5/build/ci-StdShar-GNUC/tools/test/h5diff && /usr/bin/cmake -E copy_if_different /home/byrn/HDF_Projects/hdf5/dev/tools/test/h5diff/expected/h5diff_207.txt /home/byrn/HDF_Projects/hdf5/build/ci-StdShar-GNUC/tools/test/h5diff/testfiles/h5diff_207.txt
[1321/4114] cd /home/byrn/HDF_Projects/hdf5/build/ci-StdShar-GNUC/tools/test/h5diff && /usr/bin/cmake -E copy_if_different /home/byrn/HDF_Projects/hdf5/dev/tools/test/h5diff/expected/h5diff_208.txt /home/byrn/HDF_Projects/hdf5/build/ci-StdShar-GNUC/tools/test/h5diff/testfiles/h5diff_208.txt
[1322/4114] cd /home/byrn/HDF_Projects/hdf5/build/ci-StdShar-GNUC/tools/test/h5diff && /usr/bin/cmake -E copy_if_different /home/byrn/HDF_Projects/hdf5/dev/tools/test/h5diff/expected/h5diff_21.txt /home/byrn/HDF_Projects/hdf5/build/ci-StdShar-GNUC/tools/test/h5diff/testfiles/h5diff_21.txt
[1323/4114] cd /home/byrn/HDF_Projects/hdf5/build/ci-StdShar-GNUC/tools/test/h5diff && /usr/bin/cmake -E copy_if_different /home/byrn/HDF_Projects/hdf5/dev/tools/test/h5diff/expected/h5diff_220.txt /home/byrn/HDF_Projects/hdf5/build/ci-StdShar-GNUC/tools/test/h5diff/testfiles/h5diff_220.txt
[1324/4114] cd /home/byrn/HDF_Projects/hdf5/build/ci-StdShar-GNUC/tools/test/h5diff && /usr/bin/cmake -E copy_if_different /home/byrn/HDF_Projects/hdf5/dev/tools/test/h5diff/expected/h5diff_22.txt /home/byrn/HDF_Projects/hdf5/build/ci-StdShar-GNUC/tools/test/h5diff/testfiles/h5diff_22.txt
[1325/4114] cd /home/byrn/HDF_Projects/hdf5/build/ci-StdShar-GNUC/tools/test/h5diff && /usr/bin/cmake -E copy_if_different /home/byrn/HDF_Projects/hdf5/dev/tools/test/h5diff/expected/h5diff_221.txt /home/byrn/HDF_Projects/hdf5/build/ci-StdShar-GNUC/tools/test/h5diff/testfiles/h5diff_221.txt
[1326/4114] cd /home/byrn/HDF_Projects/hdf5/build/ci-StdShar-GNUC/tools/test/h5diff && /usr/bin/cmake -E copy_if_different /home/byrn/HDF_Projects/hdf5/dev/tools/test/h5diff/expected/h5diff_222.txt /home/byrn/HDF_Projects/hdf5/build/ci-StdShar-GNUC/tools/test/h5diff/testfiles/h5diff_222.txt
[1327/4114] cd /home/byrn/HDF_Projects/hdf5/build/ci-StdShar-GNUC/tools/test/h5diff && /usr/bin/cmake -E copy_if_different /home/byrn/HDF_Projects/hdf5/dev/tools/test/h5diff/expected/h5diff_223.txt /home/byrn/HDF_Projects/hdf5/build/ci-StdShar-GNUC/tools/test/h5diff/testfiles/h5diff_223.txt
[1328/4114] cd /home/byrn/HDF_Projects/hdf5/build/ci-StdShar-GNUC/tools/test/h5diff && /usr/bin/cmake -E copy_if_different /home/byrn/HDF_Projects/hdf5/dev/tools/test/h5diff/expected/h5diff_224.txt /home/byrn/HDF_Projects/hdf5/build/ci-StdShar-GNUC/tools/test/h5diff/testfiles/h5diff_224.txt
[1329/4114] cd /home/byrn/HDF_Projects/hdf5/build/ci-StdShar-GNUC/tools/test/h5diff && /usr/bin/cmake -E copy_if_different /home/byrn/HDF_Projects/hdf5/dev/tools/test/h5diff/expected/h5diff_24.txt /home/byrn/HDF_Projects/hdf5/build/ci-StdShar-GNUC/tools/test/h5diff/testfiles/h5diff_24.txt
[1330/4114] /usr/bin/cc -DH5_BUILT_AS_DYNAMIC_LIB -D_FILE_OFFSET_BITS=64 -D_GNU_SOURCE -D_LARGEFILE_SOURCE -D_POSIX_C_SOURCE=200809L -I/home/byrn/HDF_Projects/hdf5/dev/test -I/home/byrn/HDF_Projects/hdf5/dev/src -I/home/byrn/HDF_Projects/hdf5/dev/src/H5FDsubfiling -I/home/byrn/HDF_Projects/hdf5/build/ci-StdShar-GNUC/src -I/home/byrn/HDF_Projects/hdf5/build/ci-StdShar-GNUC/tools/lib -I/home/byrn/HDF_Projects/hdf5/dev/tools/lib -std=c99  -fstdarg-opt -fdiagnostics-urls=never -fno-diagnostics-color -fmessage-length=0 -O2 -g -DNDEBUG -std=gnu99 -fPIE -MD -MT tools/src/h5perf/CMakeFiles/h5perf_serial.dir/sio_engine.c.o -MF tools/src/h5perf/CMakeFiles/h5perf_serial.dir/sio_engine.c.o.d -o tools/src/h5perf/CMakeFiles/h5perf_serial.dir/sio_engine.c.o -c /home/byrn/HDF_Projects/hdf5/dev/tools/src/h5perf/sio_engine.c
[1331/4114] cd /home/byrn/HDF_Projects/hdf5/build/ci-StdShar-GNUC/tools/test/h5diff && /usr/bin/cmake -E copy_if_different /home/byrn/HDF_Projects/hdf5/dev/tools/test/h5diff/expected/h5diff_23.txt /home/byrn/HDF_Projects/hdf5/build/ci-StdShar-GNUC/tools/test/h5diff/testfiles/h5diff_23.txt
[1332/4114] cd /home/byrn/HDF_Projects/hdf5/build/ci-StdShar-GNUC/tools/test/h5diff && /usr/bin/cmake -E copy_if_different /home/byrn/HDF_Projects/hdf5/dev/tools/test/h5diff/expected/h5diff_25.txt /home/byrn/HDF_Projects/hdf5/build/ci-StdShar-GNUC/tools/test/h5diff/testfiles/h5diff_25.txt
[1333/4114] cd /home/byrn/HDF_Projects/hdf5/build/ci-StdShar-GNUC/tools/test/h5diff && /usr/bin/cmake -E copy_if_different /home/byrn/HDF_Projects/hdf5/dev/tools/test/h5diff/expected/h5diff_26.txt /home/byrn/HDF_Projects/hdf5/build/ci-StdShar-GNUC/tools/test/h5diff/testfiles/h5diff_26.txt
[1334/4114] cd /home/byrn/HDF_Projects/hdf5/build/ci-StdShar-GNUC/tools/test/h5diff && /usr/bin/cmake -E copy_if_different /home/byrn/HDF_Projects/hdf5/dev/tools/test/h5diff/expected/h5diff_28.txt /home/byrn/HDF_Projects/hdf5/build/ci-StdShar-GNUC/tools/test/h5diff/testfiles/h5diff_28.txt
[1335/4114] cd /home/byrn/HDF_Projects/hdf5/build/ci-StdShar-GNUC/tools/test/h5diff && /usr/bin/cmake -E copy_if_different /home/byrn/HDF_Projects/hdf5/dev/tools/test/h5diff/expected/h5diff_27.txt /home/byrn/HDF_Projects/hdf5/build/ci-StdShar-GNUC/tools/test/h5diff/testfiles/h5diff_27.txt
[1336/4114] cd /home/byrn/HDF_Projects/hdf5/build/ci-StdShar-GNUC/tools/test/h5diff && /usr/bin/cmake -E copy_if_different /home/byrn/HDF_Projects/hdf5/dev/tools/test/h5diff/expected/h5diff_30.txt /home/byrn/HDF_Projects/hdf5/build/ci-StdShar-GNUC/tools/test/h5diff/testfiles/h5diff_30.txt
[1337/4114] /usr/bin/cc -DH5_BUILT_AS_DYNAMIC_LIB -D_FILE_OFFSET_BITS=64 -D_GNU_SOURCE -D_LARGEFILE_SOURCE -D_POSIX_C_SOURCE=200809L -I/home/byrn/HDF_Projects/hdf5/dev/tools/lib -I/home/byrn/HDF_Projects/hdf5/dev/src -I/home/byrn/HDF_Projects/hdf5/dev/src/H5FDsubfiling -I/home/byrn/HDF_Projects/hdf5/build/ci-StdShar-GNUC/src -I/home/byrn/HDF_Projects/hdf5/build/ci-StdShar-GNUC/tools/lib -std=c99  -fstdarg-opt -fdiagnostics-urls=never -fno-diagnostics-color -fmessage-length=0 -O2 -g -DNDEBUG -std=gnu99 -fPIE -MD -MT tools/src/h5import/CMakeFiles/h5import.dir/h5import.c.o -MF tools/src/h5import/CMakeFiles/h5import.dir/h5import.c.o.d -o tools/src/h5import/CMakeFiles/h5import.dir/h5import.c.o -c /home/byrn/HDF_Projects/hdf5/dev/tools/src/h5import/h5import.c
[1338/4114] cd /home/byrn/HDF_Projects/hdf5/build/ci-StdShar-GNUC/tools/test/h5diff && /usr/bin/cmake -E copy_if_different /home/byrn/HDF_Projects/hdf5/dev/tools/test/h5diff/expected/h5diff_300.txt /home/byrn/HDF_Projects/hdf5/build/ci-StdShar-GNUC/tools/test/h5diff/testfiles/h5diff_300.txt
[1339/4114] cd /home/byrn/HDF_Projects/hdf5/build/ci-StdShar-GNUC/tools/test/h5diff && /usr/bin/cmake -E copy_if_different /home/byrn/HDF_Projects/hdf5/dev/tools/test/h5diff/expected/h5diff_400.txt /home/byrn/HDF_Projects/hdf5/build/ci-StdShar-GNUC/tools/test/h5diff/testfiles/h5diff_400.txt
[1340/4114] cd /home/byrn/HDF_Projects/hdf5/build/ci-StdShar-GNUC/tools/test/h5diff && /usr/bin/cmake -E copy_if_different /home/byrn/HDF_Projects/hdf5/dev/tools/test/h5diff/expected/h5diff_402.txt /home/byrn/HDF_Projects/hdf5/build/ci-StdShar-GNUC/tools/test/h5diff/testfiles/h5diff_402.txt
[1341/4114] cd /home/byrn/HDF_Projects/hdf5/build/ci-StdShar-GNUC/tools/test/h5diff && /usr/bin/cmake -E copy_if_different /home/byrn/HDF_Projects/hdf5/dev/tools/test/h5diff/expected/h5diff_401.txt /home/byrn/HDF_Projects/hdf5/build/ci-StdShar-GNUC/tools/test/h5diff/testfiles/h5diff_401.txt
[1342/4114] cd /home/byrn/HDF_Projects/hdf5/build/ci-StdShar-GNUC/tools/test/h5diff && /usr/bin/cmake -E copy_if_different /home/byrn/HDF_Projects/hdf5/dev/tools/test/h5diff/expected/h5diff_404.txt /home/byrn/HDF_Projects/hdf5/build/ci-StdShar-GNUC/tools/test/h5diff/testfiles/h5diff_404.txt
[1343/4114] cd /home/byrn/HDF_Projects/hdf5/build/ci-StdShar-GNUC/tools/test/h5diff && /usr/bin/cmake -E copy_if_different /home/byrn/HDF_Projects/hdf5/dev/tools/test/h5diff/expected/h5diff_403.txt /home/byrn/HDF_Projects/hdf5/build/ci-StdShar-GNUC/tools/test/h5diff/testfiles/h5diff_403.txt
[1344/4114] : && /usr/bin/cc -std=c99  -fstdarg-opt -fdiagnostics-urls=never -fno-diagnostics-color -fmessage-length=0 -O2 -g -DNDEBUG  tools/src/h5perf/CMakeFiles/h5perf_serial.dir/sio_perf.c.o tools/src/h5perf/CMakeFiles/h5perf_serial.dir/sio_engine.c.o -o bin/h5perf_serial  -Wl,-rpath,"\$ORIGIN/../lib:\$ORIGIN/"  bin/libhdf5_tools.so.1000.0.0  bin/libhdf5.so.1000.0.0  -ldl && :
[1345/4114] cd /home/byrn/HDF_Projects/hdf5/build/ci-StdShar-GNUC/tools/test/h5diff && /usr/bin/cmake -E copy_if_different /home/byrn/HDF_Projects/hdf5/dev/tools/test/h5diff/expected/h5diff_405.txt /home/byrn/HDF_Projects/hdf5/build/ci-StdShar-GNUC/tools/test/h5diff/testfiles/h5diff_405.txt
[1346/4114] cd /home/byrn/HDF_Projects/hdf5/build/ci-StdShar-GNUC/tools/test/h5diff && /usr/bin/cmake -E copy_if_different /home/byrn/HDF_Projects/hdf5/dev/tools/test/h5diff/expected/h5diff_406.txt /home/byrn/HDF_Projects/hdf5/build/ci-StdShar-GNUC/tools/test/h5diff/testfiles/h5diff_406.txt
[1347/4114] cd /home/byrn/HDF_Projects/hdf5/build/ci-StdShar-GNUC/tools/test/h5diff && /usr/bin/cmake -E copy_if_different /home/byrn/HDF_Projects/hdf5/dev/tools/test/h5diff/expected/h5diff_407.txt /home/byrn/HDF_Projects/hdf5/build/ci-StdShar-GNUC/tools/test/h5diff/testfiles/h5diff_407.txt
[1348/4114] cd /home/byrn/HDF_Projects/hdf5/build/ci-StdShar-GNUC/tools/test/h5diff && /usr/bin/cmake -E copy_if_different /home/byrn/HDF_Projects/hdf5/dev/tools/test/h5diff/expected/h5diff_410.txt /home/byrn/HDF_Projects/hdf5/build/ci-StdShar-GNUC/tools/test/h5diff/testfiles/h5diff_410.txt
[1349/4114] cd /home/byrn/HDF_Projects/hdf5/build/ci-StdShar-GNUC/tools/test/h5diff && /usr/bin/cmake -E copy_if_different /home/byrn/HDF_Projects/hdf5/dev/tools/test/h5diff/expected/h5diff_408.txt /home/byrn/HDF_Projects/hdf5/build/ci-StdShar-GNUC/tools/test/h5diff/testfiles/h5diff_408.txt
[1350/4114] cd /home/byrn/HDF_Projects/hdf5/build/ci-StdShar-GNUC/tools/test/h5diff && /usr/bin/cmake -E copy_if_different /home/byrn/HDF_Projects/hdf5/dev/tools/test/h5diff/expected/h5diff_409.txt /home/byrn/HDF_Projects/hdf5/build/ci-StdShar-GNUC/tools/test/h5diff/testfiles/h5diff_409.txt
[1351/4114] cd /home/byrn/HDF_Projects/hdf5/build/ci-StdShar-GNUC/tools/test/h5diff && /usr/bin/cmake -E copy_if_different /home/byrn/HDF_Projects/hdf5/dev/tools/test/h5diff/expected/h5diff_411.txt /home/byrn/HDF_Projects/hdf5/build/ci-StdShar-GNUC/tools/test/h5diff/testfiles/h5diff_411.txt
[1352/4114] : && /usr/bin/cc -std=c99  -fstdarg-opt -fdiagnostics-urls=never -fno-diagnostics-color -fmessage-length=0 -O2 -g -DNDEBUG  tools/src/h5import/CMakeFiles/h5import.dir/h5import.c.o -o bin/h5import  -Wl,-rpath,"\$ORIGIN/../lib:\$ORIGIN/"  bin/libhdf5_tools.so.1000.0.0  bin/libhdf5.so.1000.0.0  -ldl && :
[1353/4114] cd /home/byrn/HDF_Projects/hdf5/build/ci-StdShar-GNUC/tools/test/h5diff && /usr/bin/cmake -E copy_if_different /home/byrn/HDF_Projects/hdf5/dev/tools/test/h5diff/expected/h5diff_413.txt /home/byrn/HDF_Projects/hdf5/build/ci-StdShar-GNUC/tools/test/h5diff/testfiles/h5diff_413.txt
[1354/4114] cd /home/byrn/HDF_Projects/hdf5/build/ci-StdShar-GNUC/tools/test/h5diff && /usr/bin/cmake -E copy_if_different /home/byrn/HDF_Projects/hdf5/dev/tools/test/h5diff/expected/h5diff_414.txt /home/byrn/HDF_Projects/hdf5/build/ci-StdShar-GNUC/tools/test/h5diff/testfiles/h5diff_414.txt
[1355/4114] cd /home/byrn/HDF_Projects/hdf5/build/ci-StdShar-GNUC/tools/test/h5diff && /usr/bin/cmake -E copy_if_different /home/byrn/HDF_Projects/hdf5/dev/tools/test/h5diff/expected/h5diff_416.txt /home/byrn/HDF_Projects/hdf5/build/ci-StdShar-GNUC/tools/test/h5diff/testfiles/h5diff_416.txt
[1356/4114] cd /home/byrn/HDF_Projects/hdf5/build/ci-StdShar-GNUC/tools/test/h5diff && /usr/bin/cmake -E copy_if_different /home/byrn/HDF_Projects/hdf5/dev/tools/test/h5diff/expected/h5diff_412.txt /home/byrn/HDF_Projects/hdf5/build/ci-StdShar-GNUC/tools/test/h5diff/testfiles/h5diff_412.txt
[1357/4114] cd /home/byrn/HDF_Projects/hdf5/build/ci-StdShar-GNUC/tools/test/h5diff && /usr/bin/cmake -E copy_if_different /home/byrn/HDF_Projects/hdf5/dev/tools/test/h5diff/expected/h5diff_415.txt /home/byrn/HDF_Projects/hdf5/build/ci-StdShar-GNUC/tools/test/h5diff/testfiles/h5diff_415.txt
[1358/4114] cd /home/byrn/HDF_Projects/hdf5/build/ci-StdShar-GNUC/tools/test/h5diff && /usr/bin/cmake -E copy_if_different /home/byrn/HDF_Projects/hdf5/dev/tools/test/h5diff/expected/h5diff_417.txt /home/byrn/HDF_Projects/hdf5/build/ci-StdShar-GNUC/tools/test/h5diff/testfiles/h5diff_417.txt
[1359/4114] cd /home/byrn/HDF_Projects/hdf5/build/ci-StdShar-GNUC/tools/test/h5diff && /usr/bin/cmake -E copy_if_different /home/byrn/HDF_Projects/hdf5/dev/tools/test/h5diff/expected/h5diff_419.txt /home/byrn/HDF_Projects/hdf5/build/ci-StdShar-GNUC/tools/test/h5diff/testfiles/h5diff_419.txt
[1360/4114] cd /home/byrn/HDF_Projects/hdf5/build/ci-StdShar-GNUC/tools/test/h5diff && /usr/bin/cmake -E copy_if_different /home/byrn/HDF_Projects/hdf5/dev/tools/test/h5diff/expected/h5diff_418.txt /home/byrn/HDF_Projects/hdf5/build/ci-StdShar-GNUC/tools/test/h5diff/testfiles/h5diff_418.txt
[1361/4114] cd /home/byrn/HDF_Projects/hdf5/build/ci-StdShar-GNUC/tools/test/h5diff && /usr/bin/cmake -E copy_if_different /home/byrn/HDF_Projects/hdf5/dev/tools/test/h5diff/expected/h5diff_421.txt /home/byrn/HDF_Projects/hdf5/build/ci-StdShar-GNUC/tools/test/h5diff/testfiles/h5diff_421.txt
[1362/4114] cd /home/byrn/HDF_Projects/hdf5/build/ci-StdShar-GNUC/tools/test/h5diff && /usr/bin/cmake -E copy_if_different /home/byrn/HDF_Projects/hdf5/dev/tools/test/h5diff/expected/h5diff_420.txt /home/byrn/HDF_Projects/hdf5/build/ci-StdShar-GNUC/tools/test/h5diff/testfiles/h5diff_420.txt
[1363/4114] cd /home/byrn/HDF_Projects/hdf5/build/ci-StdShar-GNUC/tools/test/h5diff && /usr/bin/cmake -E copy_if_different /home/byrn/HDF_Projects/hdf5/dev/tools/test/h5diff/expected/h5diff_422.txt /home/byrn/HDF_Projects/hdf5/build/ci-StdShar-GNUC/tools/test/h5diff/testfiles/h5diff_422.txt
[1364/4114] cd /home/byrn/HDF_Projects/hdf5/build/ci-StdShar-GNUC/tools/test/h5diff && /usr/bin/cmake -E copy_if_different /home/byrn/HDF_Projects/hdf5/dev/tools/test/h5diff/expected/h5diff_423.txt /home/byrn/HDF_Projects/hdf5/build/ci-StdShar-GNUC/tools/test/h5diff/testfiles/h5diff_423.txt
[1365/4114] cd /home/byrn/HDF_Projects/hdf5/build/ci-StdShar-GNUC/tools/test/h5diff && /usr/bin/cmake -E copy_if_different /home/byrn/HDF_Projects/hdf5/dev/tools/test/h5diff/expected/h5diff_424.txt /home/byrn/HDF_Projects/hdf5/build/ci-StdShar-GNUC/tools/test/h5diff/testfiles/h5diff_424.txt
[1366/4114] cd /home/byrn/HDF_Projects/hdf5/build/ci-StdShar-GNUC/tools/test/h5diff && /usr/bin/cmake -E copy_if_different /home/byrn/HDF_Projects/hdf5/dev/tools/test/h5diff/expected/h5diff_425.txt /home/byrn/HDF_Projects/hdf5/build/ci-StdShar-GNUC/tools/test/h5diff/testfiles/h5diff_425.txt
[1367/4114] cd /home/byrn/HDF_Projects/hdf5/build/ci-StdShar-GNUC/tools/test/h5diff && /usr/bin/cmake -E copy_if_different /home/byrn/HDF_Projects/hdf5/dev/tools/test/h5diff/expected/h5diff_450.txt /home/byrn/HDF_Projects/hdf5/build/ci-StdShar-GNUC/tools/test/h5diff/testfiles/h5diff_450.txt
[1368/4114] cd /home/byrn/HDF_Projects/hdf5/build/ci-StdShar-GNUC/tools/test/h5diff && /usr/bin/cmake -E copy_if_different /home/byrn/HDF_Projects/hdf5/dev/tools/test/h5diff/expected/h5diff_451.txt /home/byrn/HDF_Projects/hdf5/build/ci-StdShar-GNUC/tools/test/h5diff/testfiles/h5diff_451.txt
[1369/4114] cd /home/byrn/HDF_Projects/hdf5/build/ci-StdShar-GNUC/tools/test/h5diff && /usr/bin/cmake -E copy_if_different /home/byrn/HDF_Projects/hdf5/dev/tools/test/h5diff/expected/h5diff_452.txt /home/byrn/HDF_Projects/hdf5/build/ci-StdShar-GNUC/tools/test/h5diff/testfiles/h5diff_452.txt
[1370/4114] cd /home/byrn/HDF_Projects/hdf5/build/ci-StdShar-GNUC/tools/test/h5diff && /usr/bin/cmake -E copy_if_different /home/byrn/HDF_Projects/hdf5/dev/tools/test/h5diff/expected/h5diff_453.txt /home/byrn/HDF_Projects/hdf5/build/ci-StdShar-GNUC/tools/test/h5diff/testfiles/h5diff_453.txt
[1371/4114] cd /home/byrn/HDF_Projects/hdf5/build/ci-StdShar-GNUC/tools/test/h5diff && /usr/bin/cmake -E copy_if_different /home/byrn/HDF_Projects/hdf5/dev/tools/test/h5diff/expected/h5diff_454.txt /home/byrn/HDF_Projects/hdf5/build/ci-StdShar-GNUC/tools/test/h5diff/testfiles/h5diff_454.txt
[1372/4114] cd /home/byrn/HDF_Projects/hdf5/build/ci-StdShar-GNUC/tools/test/h5diff && /usr/bin/cmake -E copy_if_different /home/byrn/HDF_Projects/hdf5/dev/tools/test/h5diff/expected/h5diff_455.txt /home/byrn/HDF_Projects/hdf5/build/ci-StdShar-GNUC/tools/test/h5diff/testfiles/h5diff_455.txt
[1373/4114] cd /home/byrn/HDF_Projects/hdf5/build/ci-StdShar-GNUC/tools/test/h5diff && /usr/bin/cmake -E copy_if_different /home/byrn/HDF_Projects/hdf5/dev/tools/test/h5diff/expected/h5diff_456.txt /home/byrn/HDF_Projects/hdf5/build/ci-StdShar-GNUC/tools/test/h5diff/testfiles/h5diff_456.txt
[1374/4114] cd /home/byrn/HDF_Projects/hdf5/build/ci-StdShar-GNUC/tools/test/h5diff && /usr/bin/cmake -E copy_if_different /home/byrn/HDF_Projects/hdf5/dev/tools/test/h5diff/expected/h5diff_457.txt /home/byrn/HDF_Projects/hdf5/build/ci-StdShar-GNUC/tools/test/h5diff/testfiles/h5diff_457.txt
[1375/4114] cd /home/byrn/HDF_Projects/hdf5/build/ci-StdShar-GNUC/tools/test/h5diff && /usr/bin/cmake -E copy_if_different /home/byrn/HDF_Projects/hdf5/dev/tools/test/h5diff/expected/h5diff_458.txt /home/byrn/HDF_Projects/hdf5/build/ci-StdShar-GNUC/tools/test/h5diff/testfiles/h5diff_458.txt
[1376/4114] cd /home/byrn/HDF_Projects/hdf5/build/ci-StdShar-GNUC/tools/test/h5diff && /usr/bin/cmake -E copy_if_different /home/byrn/HDF_Projects/hdf5/dev/tools/test/h5diff/expected/h5diff_459.txt /home/byrn/HDF_Projects/hdf5/build/ci-StdShar-GNUC/tools/test/h5diff/testfiles/h5diff_459.txt
[1377/4114] cd /home/byrn/HDF_Projects/hdf5/build/ci-StdShar-GNUC/tools/test/h5diff && /usr/bin/cmake -E copy_if_different /home/byrn/HDF_Projects/hdf5/dev/tools/test/h5diff/expected/h5diff_466.txt /home/byrn/HDF_Projects/hdf5/build/ci-StdShar-GNUC/tools/test/h5diff/testfiles/h5diff_466.txt
[1378/4114] cd /home/byrn/HDF_Projects/hdf5/build/ci-StdShar-GNUC/tools/test/h5diff && /usr/bin/cmake -E copy_if_different /home/byrn/HDF_Projects/hdf5/dev/tools/test/h5diff/expected/h5diff_467.txt /home/byrn/HDF_Projects/hdf5/build/ci-StdShar-GNUC/tools/test/h5diff/testfiles/h5diff_467.txt
[1379/4114] cd /home/byrn/HDF_Projects/hdf5/build/ci-StdShar-GNUC/tools/test/h5diff && /usr/bin/cmake -E copy_if_different /home/byrn/HDF_Projects/hdf5/dev/tools/test/h5diff/expected/h5diff_465.txt /home/byrn/HDF_Projects/hdf5/build/ci-StdShar-GNUC/tools/test/h5diff/testfiles/h5diff_465.txt
[1380/4114] cd /home/byrn/HDF_Projects/hdf5/build/ci-StdShar-GNUC/tools/test/h5diff && /usr/bin/cmake -E copy_if_different /home/byrn/HDF_Projects/hdf5/dev/tools/test/h5diff/expected/h5diff_468.txt /home/byrn/HDF_Projects/hdf5/build/ci-StdShar-GNUC/tools/test/h5diff/testfiles/h5diff_468.txt
[1381/4114] cd /home/byrn/HDF_Projects/hdf5/build/ci-StdShar-GNUC/tools/test/h5diff && /usr/bin/cmake -E copy_if_different /home/byrn/HDF_Projects/hdf5/dev/tools/test/h5diff/expected/h5diff_469.txt /home/byrn/HDF_Projects/hdf5/build/ci-StdShar-GNUC/tools/test/h5diff/testfiles/h5diff_469.txt
[1382/4114] cd /home/byrn/HDF_Projects/hdf5/build/ci-StdShar-GNUC/tools/test/h5diff && /usr/bin/cmake -E copy_if_different /home/byrn/HDF_Projects/hdf5/dev/tools/test/h5diff/expected/h5diff_471.txt /home/byrn/HDF_Projects/hdf5/build/ci-StdShar-GNUC/tools/test/h5diff/testfiles/h5diff_471.txt
[1383/4114] cd /home/byrn/HDF_Projects/hdf5/build/ci-StdShar-GNUC/tools/test/h5diff && /usr/bin/cmake -E copy_if_different /home/byrn/HDF_Projects/hdf5/dev/tools/test/h5diff/expected/h5diff_473.txt /home/byrn/HDF_Projects/hdf5/build/ci-StdShar-GNUC/tools/test/h5diff/testfiles/h5diff_473.txt
[1384/4114] cd /home/byrn/HDF_Projects/hdf5/build/ci-StdShar-GNUC/tools/test/h5diff && /usr/bin/cmake -E copy_if_different /home/byrn/HDF_Projects/hdf5/dev/tools/test/h5diff/expected/h5diff_475.txt /home/byrn/HDF_Projects/hdf5/build/ci-StdShar-GNUC/tools/test/h5diff/testfiles/h5diff_475.txt
[1385/4114] cd /home/byrn/HDF_Projects/hdf5/build/ci-StdShar-GNUC/tools/test/h5diff && /usr/bin/cmake -E copy_if_different /home/byrn/HDF_Projects/hdf5/dev/tools/test/h5diff/expected/h5diff_472.txt /home/byrn/HDF_Projects/hdf5/build/ci-StdShar-GNUC/tools/test/h5diff/testfiles/h5diff_472.txt
[1386/4114] cd /home/byrn/HDF_Projects/hdf5/build/ci-StdShar-GNUC/tools/test/h5diff && /usr/bin/cmake -E copy_if_different /home/byrn/HDF_Projects/hdf5/dev/tools/test/h5diff/expected/h5diff_474.txt /home/byrn/HDF_Projects/hdf5/build/ci-StdShar-GNUC/tools/test/h5diff/testfiles/h5diff_474.txt
[1387/4114] cd /home/byrn/HDF_Projects/hdf5/build/ci-StdShar-GNUC/tools/test/h5diff && /usr/bin/cmake -E copy_if_different /home/byrn/HDF_Projects/hdf5/dev/tools/test/h5diff/expected/h5diff_480.txt /home/byrn/HDF_Projects/hdf5/build/ci-StdShar-GNUC/tools/test/h5diff/testfiles/h5diff_480.txt
[1388/4114] cd /home/byrn/HDF_Projects/hdf5/build/ci-StdShar-GNUC/tools/test/h5diff && /usr/bin/cmake -E copy_if_different /home/byrn/HDF_Projects/hdf5/dev/tools/test/h5diff/expected/h5diff_481.txt /home/byrn/HDF_Projects/hdf5/build/ci-StdShar-GNUC/tools/test/h5diff/testfiles/h5diff_481.txt
[1389/4114] cd /home/byrn/HDF_Projects/hdf5/build/ci-StdShar-GNUC/tools/test/h5diff && /usr/bin/cmake -E copy_if_different /home/byrn/HDF_Projects/hdf5/dev/tools/test/h5diff/expected/h5diff_482.txt /home/byrn/HDF_Projects/hdf5/build/ci-StdShar-GNUC/tools/test/h5diff/testfiles/h5diff_482.txt
[1390/4114] cd /home/byrn/HDF_Projects/hdf5/build/ci-StdShar-GNUC/tools/test/h5diff && /usr/bin/cmake -E copy_if_different /home/byrn/HDF_Projects/hdf5/dev/tools/test/h5diff/expected/h5diff_485.txt /home/byrn/HDF_Projects/hdf5/build/ci-StdShar-GNUC/tools/test/h5diff/testfiles/h5diff_485.txt
[1391/4114] cd /home/byrn/HDF_Projects/hdf5/build/ci-StdShar-GNUC/tools/test/h5diff && /usr/bin/cmake -E copy_if_different /home/byrn/HDF_Projects/hdf5/dev/tools/test/h5diff/expected/h5diff_483.txt /home/byrn/HDF_Projects/hdf5/build/ci-StdShar-GNUC/tools/test/h5diff/testfiles/h5diff_483.txt
[1392/4114] cd /home/byrn/HDF_Projects/hdf5/build/ci-StdShar-GNUC/tools/test/h5diff && /usr/bin/cmake -E copy_if_different /home/byrn/HDF_Projects/hdf5/dev/tools/test/h5diff/expected/h5diff_484.txt /home/byrn/HDF_Projects/hdf5/build/ci-StdShar-GNUC/tools/test/h5diff/testfiles/h5diff_484.txt
[1393/4114] cd /home/byrn/HDF_Projects/hdf5/build/ci-StdShar-GNUC/tools/test/h5diff && /usr/bin/cmake -E copy_if_different /home/byrn/HDF_Projects/hdf5/dev/tools/test/h5diff/expected/h5diff_486.txt /home/byrn/HDF_Projects/hdf5/build/ci-StdShar-GNUC/tools/test/h5diff/testfiles/h5diff_486.txt
[1394/4114] cd /home/byrn/HDF_Projects/hdf5/build/ci-StdShar-GNUC/tools/test/h5diff && /usr/bin/cmake -E copy_if_different /home/byrn/HDF_Projects/hdf5/dev/tools/test/h5diff/expected/h5diff_487.txt /home/byrn/HDF_Projects/hdf5/build/ci-StdShar-GNUC/tools/test/h5diff/testfiles/h5diff_487.txt
[1395/4114] cd /home/byrn/HDF_Projects/hdf5/build/ci-StdShar-GNUC/tools/test/h5diff && /usr/bin/cmake -E copy_if_different /home/byrn/HDF_Projects/hdf5/dev/tools/test/h5diff/expected/h5diff_50.txt /home/byrn/HDF_Projects/hdf5/build/ci-StdShar-GNUC/tools/test/h5diff/testfiles/h5diff_50.txt
[1396/4114] cd /home/byrn/HDF_Projects/hdf5/build/ci-StdShar-GNUC/tools/test/h5diff && /usr/bin/cmake -E copy_if_different /home/byrn/HDF_Projects/hdf5/dev/tools/test/h5diff/expected/h5diff_500.txt /home/byrn/HDF_Projects/hdf5/build/ci-StdShar-GNUC/tools/test/h5diff/testfiles/h5diff_500.txt
[1397/4114] cd /home/byrn/HDF_Projects/hdf5/build/ci-StdShar-GNUC/tools/test/h5diff && /usr/bin/cmake -E copy_if_different /home/byrn/HDF_Projects/hdf5/dev/tools/test/h5diff/expected/h5diff_502.txt /home/byrn/HDF_Projects/hdf5/build/ci-StdShar-GNUC/tools/test/h5diff/testfiles/h5diff_502.txt
[1398/4114] cd /home/byrn/HDF_Projects/hdf5/build/ci-StdShar-GNUC/tools/test/h5diff && /usr/bin/cmake -E copy_if_different /home/byrn/HDF_Projects/hdf5/dev/tools/test/h5diff/expected/h5diff_503.txt /home/byrn/HDF_Projects/hdf5/build/ci-StdShar-GNUC/tools/test/h5diff/testfiles/h5diff_503.txt
[1399/4114] cd /home/byrn/HDF_Projects/hdf5/build/ci-StdShar-GNUC/tools/test/h5diff && /usr/bin/cmake -E copy_if_different /home/byrn/HDF_Projects/hdf5/dev/tools/test/h5diff/expected/h5diff_501.txt /home/byrn/HDF_Projects/hdf5/build/ci-StdShar-GNUC/tools/test/h5diff/testfiles/h5diff_501.txt
[1400/4114] cd /home/byrn/HDF_Projects/hdf5/build/ci-StdShar-GNUC/tools/test/h5diff && /usr/bin/cmake -E copy_if_different /home/byrn/HDF_Projects/hdf5/dev/tools/test/h5diff/expected/h5diff_504.txt /home/byrn/HDF_Projects/hdf5/build/ci-StdShar-GNUC/tools/test/h5diff/testfiles/h5diff_504.txt
[1401/4114] cd /home/byrn/HDF_Projects/hdf5/build/ci-StdShar-GNUC/tools/test/h5diff && /usr/bin/cmake -E copy_if_different /home/byrn/HDF_Projects/hdf5/dev/tools/test/h5diff/expected/h5diff_505.txt /home/byrn/HDF_Projects/hdf5/build/ci-StdShar-GNUC/tools/test/h5diff/testfiles/h5diff_505.txt
[1402/4114] cd /home/byrn/HDF_Projects/hdf5/build/ci-StdShar-GNUC/tools/test/h5diff && /usr/bin/cmake -E copy_if_different /home/byrn/HDF_Projects/hdf5/dev/tools/test/h5diff/expected/h5diff_506.txt /home/byrn/HDF_Projects/hdf5/build/ci-StdShar-GNUC/tools/test/h5diff/testfiles/h5diff_506.txt
[1403/4114] cd /home/byrn/HDF_Projects/hdf5/build/ci-StdShar-GNUC/tools/test/h5diff && /usr/bin/cmake -E copy_if_different /home/byrn/HDF_Projects/hdf5/dev/tools/test/h5diff/expected/h5diff_507.txt /home/byrn/HDF_Projects/hdf5/build/ci-StdShar-GNUC/tools/test/h5diff/testfiles/h5diff_507.txt
[1404/4114] cd /home/byrn/HDF_Projects/hdf5/build/ci-StdShar-GNUC/tools/test/h5diff && /usr/bin/cmake -E copy_if_different /home/byrn/HDF_Projects/hdf5/dev/tools/test/h5diff/expected/h5diff_508.txt /home/byrn/HDF_Projects/hdf5/build/ci-StdShar-GNUC/tools/test/h5diff/testfiles/h5diff_508.txt
[1405/4114] cd /home/byrn/HDF_Projects/hdf5/build/ci-StdShar-GNUC/tools/test/h5diff && /usr/bin/cmake -E copy_if_different /home/byrn/HDF_Projects/hdf5/dev/tools/test/h5diff/expected/h5diff_509.txt /home/byrn/HDF_Projects/hdf5/build/ci-StdShar-GNUC/tools/test/h5diff/testfiles/h5diff_509.txt
[1406/4114] cd /home/byrn/HDF_Projects/hdf5/build/ci-StdShar-GNUC/tools/test/h5diff && /usr/bin/cmake -E copy_if_different /home/byrn/HDF_Projects/hdf5/dev/tools/test/h5diff/expected/h5diff_51.txt /home/byrn/HDF_Projects/hdf5/build/ci-StdShar-GNUC/tools/test/h5diff/testfiles/h5diff_51.txt
[1407/4114] cd /home/byrn/HDF_Projects/hdf5/build/ci-StdShar-GNUC/tools/test/h5diff && /usr/bin/cmake -E copy_if_different /home/byrn/HDF_Projects/hdf5/dev/tools/test/h5diff/expected/h5diff_511.txt /home/byrn/HDF_Projects/hdf5/build/ci-StdShar-GNUC/tools/test/h5diff/testfiles/h5diff_511.txt
[1408/4114] cd /home/byrn/HDF_Projects/hdf5/build/ci-StdShar-GNUC/tools/test/h5diff && /usr/bin/cmake -E copy_if_different /home/byrn/HDF_Projects/hdf5/dev/tools/test/h5diff/expected/h5diff_510.txt /home/byrn/HDF_Projects/hdf5/build/ci-StdShar-GNUC/tools/test/h5diff/testfiles/h5diff_510.txt
[1409/4114] cd /home/byrn/HDF_Projects/hdf5/build/ci-StdShar-GNUC/tools/test/h5diff && /usr/bin/cmake -E copy_if_different /home/byrn/HDF_Projects/hdf5/dev/tools/test/h5diff/expected/h5diff_512.txt /home/byrn/HDF_Projects/hdf5/build/ci-StdShar-GNUC/tools/test/h5diff/testfiles/h5diff_512.txt
[1410/4114] cd /home/byrn/HDF_Projects/hdf5/build/ci-StdShar-GNUC/tools/test/h5diff && /usr/bin/cmake -E copy_if_different /home/byrn/HDF_Projects/hdf5/dev/tools/test/h5diff/expected/h5diff_513.txt /home/byrn/HDF_Projects/hdf5/build/ci-StdShar-GNUC/tools/test/h5diff/testfiles/h5diff_513.txt
[1411/4114] cd /home/byrn/HDF_Projects/hdf5/build/ci-StdShar-GNUC/tools/test/h5diff && /usr/bin/cmake -E copy_if_different /home/byrn/HDF_Projects/hdf5/dev/tools/test/h5diff/expected/h5diff_514.txt /home/byrn/HDF_Projects/hdf5/build/ci-StdShar-GNUC/tools/test/h5diff/testfiles/h5diff_514.txt
[1412/4114] cd /home/byrn/HDF_Projects/hdf5/build/ci-StdShar-GNUC/tools/test/h5diff && /usr/bin/cmake -E copy_if_different /home/byrn/HDF_Projects/hdf5/dev/tools/test/h5diff/expected/h5diff_515.txt /home/byrn/HDF_Projects/hdf5/build/ci-StdShar-GNUC/tools/test/h5diff/testfiles/h5diff_515.txt
[1413/4114] cd /home/byrn/HDF_Projects/hdf5/build/ci-StdShar-GNUC/tools/test/h5diff && /usr/bin/cmake -E copy_if_different /home/byrn/HDF_Projects/hdf5/dev/tools/test/h5diff/expected/h5diff_516.txt /home/byrn/HDF_Projects/hdf5/build/ci-StdShar-GNUC/tools/test/h5diff/testfiles/h5diff_516.txt
[1414/4114] cd /home/byrn/HDF_Projects/hdf5/build/ci-StdShar-GNUC/tools/test/h5diff && /usr/bin/cmake -E copy_if_different /home/byrn/HDF_Projects/hdf5/dev/tools/test/h5diff/expected/h5diff_517.txt /home/byrn/HDF_Projects/hdf5/build/ci-StdShar-GNUC/tools/test/h5diff/testfiles/h5diff_517.txt
[1415/4114] cd /home/byrn/HDF_Projects/hdf5/build/ci-StdShar-GNUC/tools/test/h5diff && /usr/bin/cmake -E copy_if_different /home/byrn/HDF_Projects/hdf5/dev/tools/test/h5diff/expected/h5diff_518.txt /home/byrn/HDF_Projects/hdf5/build/ci-StdShar-GNUC/tools/test/h5diff/testfiles/h5diff_518.txt
[1416/4114] cd /home/byrn/HDF_Projects/hdf5/build/ci-StdShar-GNUC/tools/test/h5diff && /usr/bin/cmake -E copy_if_different /home/byrn/HDF_Projects/hdf5/dev/tools/test/h5diff/expected/h5diff_530.txt /home/byrn/HDF_Projects/hdf5/build/ci-StdShar-GNUC/tools/test/h5diff/testfiles/h5diff_530.txt
[1417/4114] cd /home/byrn/HDF_Projects/hdf5/build/ci-StdShar-GNUC/tools/test/h5diff && /usr/bin/cmake -E copy_if_different /home/byrn/HDF_Projects/hdf5/dev/tools/test/h5diff/expected/h5diff_53.txt /home/byrn/HDF_Projects/hdf5/build/ci-StdShar-GNUC/tools/test/h5diff/testfiles/h5diff_53.txt
[1418/4114] cd /home/byrn/HDF_Projects/hdf5/build/ci-StdShar-GNUC/tools/test/h5diff && /usr/bin/cmake -E copy_if_different /home/byrn/HDF_Projects/hdf5/dev/tools/test/h5diff/expected/h5diff_52.txt /home/byrn/HDF_Projects/hdf5/build/ci-StdShar-GNUC/tools/test/h5diff/testfiles/h5diff_52.txt
[1419/4114] cd /home/byrn/HDF_Projects/hdf5/build/ci-StdShar-GNUC/tools/test/h5diff && /usr/bin/cmake -E copy_if_different /home/byrn/HDF_Projects/hdf5/dev/tools/test/h5diff/expected/h5diff_54.txt /home/byrn/HDF_Projects/hdf5/build/ci-StdShar-GNUC/tools/test/h5diff/testfiles/h5diff_54.txt
[1420/4114] cd /home/byrn/HDF_Projects/hdf5/build/ci-StdShar-GNUC/tools/test/h5diff && /usr/bin/cmake -E copy_if_different /home/byrn/HDF_Projects/hdf5/dev/tools/test/h5diff/expected/h5diff_55.txt /home/byrn/HDF_Projects/hdf5/build/ci-StdShar-GNUC/tools/test/h5diff/testfiles/h5diff_55.txt
[1421/4114] cd /home/byrn/HDF_Projects/hdf5/build/ci-StdShar-GNUC/tools/test/h5diff && /usr/bin/cmake -E copy_if_different /home/byrn/HDF_Projects/hdf5/dev/tools/test/h5diff/expected/h5diff_540.txt /home/byrn/HDF_Projects/hdf5/build/ci-StdShar-GNUC/tools/test/h5diff/testfiles/h5diff_540.txt
[1422/4114] cd /home/byrn/HDF_Projects/hdf5/build/ci-StdShar-GNUC/tools/test/h5diff && /usr/bin/cmake -E copy_if_different /home/byrn/HDF_Projects/hdf5/dev/tools/test/h5diff/expected/h5diff_56.txt /home/byrn/HDF_Projects/hdf5/build/ci-StdShar-GNUC/tools/test/h5diff/testfiles/h5diff_56.txt
[1423/4114] cd /home/byrn/HDF_Projects/hdf5/build/ci-StdShar-GNUC/tools/test/h5diff && /usr/bin/cmake -E copy_if_different /home/byrn/HDF_Projects/hdf5/dev/tools/test/h5diff/expected/h5diff_58_ref.txt /home/byrn/HDF_Projects/hdf5/build/ci-StdShar-GNUC/tools/test/h5diff/testfiles/h5diff_58_ref.txt
[1424/4114] cd /home/byrn/HDF_Projects/hdf5/build/ci-StdShar-GNUC/tools/test/h5diff && /usr/bin/cmake -E copy_if_different /home/byrn/HDF_Projects/hdf5/dev/tools/test/h5diff/expected/h5diff_59.txt /home/byrn/HDF_Projects/hdf5/build/ci-StdShar-GNUC/tools/test/h5diff/testfiles/h5diff_59.txt
[1425/4114] cd /home/byrn/HDF_Projects/hdf5/build/ci-StdShar-GNUC/tools/test/h5diff && /usr/bin/cmake -E copy_if_different /home/byrn/HDF_Projects/hdf5/dev/tools/test/h5diff/expected/h5diff_57.txt /home/byrn/HDF_Projects/hdf5/build/ci-StdShar-GNUC/tools/test/h5diff/testfiles/h5diff_57.txt
[1426/4114] cd /home/byrn/HDF_Projects/hdf5/build/ci-StdShar-GNUC/tools/test/h5diff && /usr/bin/cmake -E copy_if_different /home/byrn/HDF_Projects/hdf5/dev/tools/test/h5diff/expected/h5diff_58.txt /home/byrn/HDF_Projects/hdf5/build/ci-StdShar-GNUC/tools/test/h5diff/testfiles/h5diff_58.txt
[1427/4114] cd /home/byrn/HDF_Projects/hdf5/build/ci-StdShar-GNUC/tools/test/h5diff && /usr/bin/cmake -E copy_if_different /home/byrn/HDF_Projects/hdf5/dev/tools/test/h5diff/expected/h5diff_60.txt /home/byrn/HDF_Projects/hdf5/build/ci-StdShar-GNUC/tools/test/h5diff/testfiles/h5diff_60.txt
[1428/4114] cd /home/byrn/HDF_Projects/hdf5/build/ci-StdShar-GNUC/tools/test/h5diff && /usr/bin/cmake -E copy_if_different /home/byrn/HDF_Projects/hdf5/dev/tools/test/h5diff/expected/h5diff_601.txt /home/byrn/HDF_Projects/hdf5/build/ci-StdShar-GNUC/tools/test/h5diff/testfiles/h5diff_601.txt
[1429/4114] cd /home/byrn/HDF_Projects/hdf5/build/ci-StdShar-GNUC/tools/test/h5diff && /usr/bin/cmake -E copy_if_different /home/byrn/HDF_Projects/hdf5/dev/tools/test/h5diff/expected/h5diff_600.txt /home/byrn/HDF_Projects/hdf5/build/ci-StdShar-GNUC/tools/test/h5diff/testfiles/h5diff_600.txt
[1430/4114] cd /home/byrn/HDF_Projects/hdf5/build/ci-StdShar-GNUC/tools/test/h5diff && /usr/bin/cmake -E copy_if_different /home/byrn/HDF_Projects/hdf5/dev/tools/test/h5diff/expected/h5diff_605.txt /home/byrn/HDF_Projects/hdf5/build/ci-StdShar-GNUC/tools/test/h5diff/testfiles/h5diff_605.txt
[1431/4114] cd /home/byrn/HDF_Projects/hdf5/build/ci-StdShar-GNUC/tools/test/h5diff && /usr/bin/cmake -E copy_if_different /home/byrn/HDF_Projects/hdf5/dev/tools/test/h5diff/expected/h5diff_606.txt /home/byrn/HDF_Projects/hdf5/build/ci-StdShar-GNUC/tools/test/h5diff/testfiles/h5diff_606.txt
[1432/4114] cd /home/byrn/HDF_Projects/hdf5/build/ci-StdShar-GNUC/tools/test/h5diff && /usr/bin/cmake -E copy_if_different /home/byrn/HDF_Projects/hdf5/dev/tools/test/h5diff/expected/h5diff_603.txt /home/byrn/HDF_Projects/hdf5/build/ci-StdShar-GNUC/tools/test/h5diff/testfiles/h5diff_603.txt
[1433/4114] cd /home/byrn/HDF_Projects/hdf5/build/ci-StdShar-GNUC/tools/test/h5diff && /usr/bin/cmake -E copy_if_different /home/byrn/HDF_Projects/hdf5/dev/tools/test/h5diff/expected/h5diff_604.txt /home/byrn/HDF_Projects/hdf5/build/ci-StdShar-GNUC/tools/test/h5diff/testfiles/h5diff_604.txt
[1434/4114] cd /home/byrn/HDF_Projects/hdf5/build/ci-StdShar-GNUC/tools/test/h5diff && /usr/bin/cmake -E copy_if_different /home/byrn/HDF_Projects/hdf5/dev/tools/test/h5diff/expected/h5diff_609.txt /home/byrn/HDF_Projects/hdf5/build/ci-StdShar-GNUC/tools/test/h5diff/testfiles/h5diff_609.txt
[1435/4114] cd /home/byrn/HDF_Projects/hdf5/build/ci-StdShar-GNUC/tools/test/h5diff && /usr/bin/cmake -E copy_if_different /home/byrn/HDF_Projects/hdf5/dev/tools/test/h5diff/expected/h5diff_608.txt /home/byrn/HDF_Projects/hdf5/build/ci-StdShar-GNUC/tools/test/h5diff/testfiles/h5diff_608.txt
[1436/4114] cd /home/byrn/HDF_Projects/hdf5/build/ci-StdShar-GNUC/tools/test/h5diff && /usr/bin/cmake -E copy_if_different /home/byrn/HDF_Projects/hdf5/dev/tools/test/h5diff/expected/h5diff_61.txt /home/byrn/HDF_Projects/hdf5/build/ci-StdShar-GNUC/tools/test/h5diff/testfiles/h5diff_61.txt
[1437/4114] cd /home/byrn/HDF_Projects/hdf5/build/ci-StdShar-GNUC/tools/test/h5diff && /usr/bin/cmake -E copy_if_different /home/byrn/HDF_Projects/hdf5/dev/tools/test/h5diff/expected/h5diff_607.txt /home/byrn/HDF_Projects/hdf5/build/ci-StdShar-GNUC/tools/test/h5diff/testfiles/h5diff_607.txt
[1438/4114] cd /home/byrn/HDF_Projects/hdf5/build/ci-StdShar-GNUC/tools/test/h5diff && /usr/bin/cmake -E copy_if_different /home/byrn/HDF_Projects/hdf5/dev/tools/test/h5diff/expected/h5diff_610.txt /home/byrn/HDF_Projects/hdf5/build/ci-StdShar-GNUC/tools/test/h5diff/testfiles/h5diff_610.txt
[1439/4114] cd /home/byrn/HDF_Projects/hdf5/build/ci-StdShar-GNUC/tools/test/h5diff && /usr/bin/cmake -E copy_if_different /home/byrn/HDF_Projects/hdf5/dev/tools/test/h5diff/expected/h5diff_612.txt /home/byrn/HDF_Projects/hdf5/build/ci-StdShar-GNUC/tools/test/h5diff/testfiles/h5diff_612.txt
[1440/4114] cd /home/byrn/HDF_Projects/hdf5/build/ci-StdShar-GNUC/tools/test/h5diff && /usr/bin/cmake -E copy_if_different /home/byrn/HDF_Projects/hdf5/dev/tools/test/h5diff/expected/h5diff_613.txt /home/byrn/HDF_Projects/hdf5/build/ci-StdShar-GNUC/tools/test/h5diff/testfiles/h5diff_613.txt
[1441/4114] cd /home/byrn/HDF_Projects/hdf5/build/ci-StdShar-GNUC/tools/test/h5diff && /usr/bin/cmake -E copy_if_different /home/byrn/HDF_Projects/hdf5/dev/tools/test/h5diff/expected/h5diff_614.txt /home/byrn/HDF_Projects/hdf5/build/ci-StdShar-GNUC/tools/test/h5diff/testfiles/h5diff_614.txt
[1442/4114] cd /home/byrn/HDF_Projects/hdf5/build/ci-StdShar-GNUC/tools/test/h5diff && /usr/bin/cmake -E copy_if_different /home/byrn/HDF_Projects/hdf5/dev/tools/test/h5diff/expected/h5diff_617.txt /home/byrn/HDF_Projects/hdf5/build/ci-StdShar-GNUC/tools/test/h5diff/testfiles/h5diff_617.txt
[1443/4114] cd /home/byrn/HDF_Projects/hdf5/build/ci-StdShar-GNUC/tools/test/h5diff && /usr/bin/cmake -E copy_if_different /home/byrn/HDF_Projects/hdf5/dev/tools/test/h5diff/expected/h5diff_615.txt /home/byrn/HDF_Projects/hdf5/build/ci-StdShar-GNUC/tools/test/h5diff/testfiles/h5diff_615.txt
[1444/4114] cd /home/byrn/HDF_Projects/hdf5/build/ci-StdShar-GNUC/tools/test/h5diff && /usr/bin/cmake -E copy_if_different /home/byrn/HDF_Projects/hdf5/dev/tools/test/h5diff/expected/h5diff_616.txt /home/byrn/HDF_Projects/hdf5/build/ci-StdShar-GNUC/tools/test/h5diff/testfiles/h5diff_616.txt
[1445/4114] cd /home/byrn/HDF_Projects/hdf5/build/ci-StdShar-GNUC/tools/test/h5diff && /usr/bin/cmake -E copy_if_different /home/byrn/HDF_Projects/hdf5/dev/tools/test/h5diff/expected/h5diff_618.txt /home/byrn/HDF_Projects/hdf5/build/ci-StdShar-GNUC/tools/test/h5diff/testfiles/h5diff_618.txt
[1446/4114] cd /home/byrn/HDF_Projects/hdf5/build/ci-StdShar-GNUC/tools/test/h5diff && /usr/bin/cmake -E copy_if_different /home/byrn/HDF_Projects/hdf5/dev/tools/test/h5diff/expected/h5diff_62.txt /home/byrn/HDF_Projects/hdf5/build/ci-StdShar-GNUC/tools/test/h5diff/testfiles/h5diff_62.txt
[1447/4114] cd /home/byrn/HDF_Projects/hdf5/build/ci-StdShar-GNUC/tools/test/h5diff && /usr/bin/cmake -E copy_if_different /home/byrn/HDF_Projects/hdf5/dev/tools/test/h5diff/expected/h5diff_621.txt /home/byrn/HDF_Projects/hdf5/build/ci-StdShar-GNUC/tools/test/h5diff/testfiles/h5diff_621.txt
[1448/4114] cd /home/byrn/HDF_Projects/hdf5/build/ci-StdShar-GNUC/tools/test/h5diff && /usr/bin/cmake -E copy_if_different /home/byrn/HDF_Projects/hdf5/dev/tools/test/h5diff/expected/h5diff_619.txt /home/byrn/HDF_Projects/hdf5/build/ci-StdShar-GNUC/tools/test/h5diff/testfiles/h5diff_619.txt
[1449/4114] cd /home/byrn/HDF_Projects/hdf5/build/ci-StdShar-GNUC/tools/test/h5diff && /usr/bin/cmake -E copy_if_different /home/byrn/HDF_Projects/hdf5/dev/tools/test/h5diff/expected/h5diff_623.txt /home/byrn/HDF_Projects/hdf5/build/ci-StdShar-GNUC/tools/test/h5diff/testfiles/h5diff_623.txt
[1450/4114] cd /home/byrn/HDF_Projects/hdf5/build/ci-StdShar-GNUC/tools/test/h5diff && /usr/bin/cmake -E copy_if_different /home/byrn/HDF_Projects/hdf5/dev/tools/test/h5diff/expected/h5diff_624.txt /home/byrn/HDF_Projects/hdf5/build/ci-StdShar-GNUC/tools/test/h5diff/testfiles/h5diff_624.txt
[1451/4114] cd /home/byrn/HDF_Projects/hdf5/build/ci-StdShar-GNUC/tools/test/h5diff && /usr/bin/cmake -E copy_if_different /home/byrn/HDF_Projects/hdf5/dev/tools/test/h5diff/expected/h5diff_622.txt /home/byrn/HDF_Projects/hdf5/build/ci-StdShar-GNUC/tools/test/h5diff/testfiles/h5diff_622.txt
[1452/4114] cd /home/byrn/HDF_Projects/hdf5/build/ci-StdShar-GNUC/tools/test/h5diff && /usr/bin/cmake -E copy_if_different /home/byrn/HDF_Projects/hdf5/dev/tools/test/h5diff/expected/h5diff_626.txt /home/byrn/HDF_Projects/hdf5/build/ci-StdShar-GNUC/tools/test/h5diff/testfiles/h5diff_626.txt
[1453/4114] cd /home/byrn/HDF_Projects/hdf5/build/ci-StdShar-GNUC/tools/test/h5diff && /usr/bin/cmake -E copy_if_different /home/byrn/HDF_Projects/hdf5/dev/tools/test/h5diff/expected/h5diff_628.txt /home/byrn/HDF_Projects/hdf5/build/ci-StdShar-GNUC/tools/test/h5diff/testfiles/h5diff_628.txt
[1454/4114] cd /home/byrn/HDF_Projects/hdf5/build/ci-StdShar-GNUC/tools/test/h5diff && /usr/bin/cmake -E copy_if_different /home/byrn/HDF_Projects/hdf5/dev/tools/test/h5diff/expected/h5diff_629.txt /home/byrn/HDF_Projects/hdf5/build/ci-StdShar-GNUC/tools/test/h5diff/testfiles/h5diff_629.txt
[1455/4114] cd /home/byrn/HDF_Projects/hdf5/build/ci-StdShar-GNUC/tools/test/h5diff && /usr/bin/cmake -E copy_if_different /home/byrn/HDF_Projects/hdf5/dev/tools/test/h5diff/expected/h5diff_625.txt /home/byrn/HDF_Projects/hdf5/build/ci-StdShar-GNUC/tools/test/h5diff/testfiles/h5diff_625.txt
[1456/4114] cd /home/byrn/HDF_Projects/hdf5/build/ci-StdShar-GNUC/tools/test/h5diff && /usr/bin/cmake -E copy_if_different /home/byrn/HDF_Projects/hdf5/dev/tools/test/h5diff/expected/h5diff_63.txt /home/byrn/HDF_Projects/hdf5/build/ci-StdShar-GNUC/tools/test/h5diff/testfiles/h5diff_63.txt
[1457/4114] cd /home/byrn/HDF_Projects/hdf5/build/ci-StdShar-GNUC/tools/test/h5diff && /usr/bin/cmake -E copy_if_different /home/byrn/HDF_Projects/hdf5/dev/tools/test/h5diff/expected/h5diff_627.txt /home/byrn/HDF_Projects/hdf5/build/ci-StdShar-GNUC/tools/test/h5diff/testfiles/h5diff_627.txt
[1458/4114] cd /home/byrn/HDF_Projects/hdf5/build/ci-StdShar-GNUC/tools/test/h5diff && /usr/bin/cmake -E copy_if_different /home/byrn/HDF_Projects/hdf5/dev/tools/test/h5diff/expected/h5diff_630.txt /home/byrn/HDF_Projects/hdf5/build/ci-StdShar-GNUC/tools/test/h5diff/testfiles/h5diff_630.txt
[1459/4114] cd /home/byrn/HDF_Projects/hdf5/build/ci-StdShar-GNUC/tools/test/h5diff && /usr/bin/cmake -E copy_if_different /home/byrn/HDF_Projects/hdf5/dev/tools/test/h5diff/expected/h5diff_640.txt /home/byrn/HDF_Projects/hdf5/build/ci-StdShar-GNUC/tools/test/h5diff/testfiles/h5diff_640.txt
[1460/4114] cd /home/byrn/HDF_Projects/hdf5/build/ci-StdShar-GNUC/tools/test/h5diff && /usr/bin/cmake -E copy_if_different /home/byrn/HDF_Projects/hdf5/dev/tools/test/h5diff/expected/h5diff_642.txt /home/byrn/HDF_Projects/hdf5/build/ci-StdShar-GNUC/tools/test/h5diff/testfiles/h5diff_642.txt
[1461/4114] cd /home/byrn/HDF_Projects/hdf5/build/ci-StdShar-GNUC/tools/test/h5diff && /usr/bin/cmake -E copy_if_different /home/byrn/HDF_Projects/hdf5/dev/tools/test/h5diff/expected/h5diff_643.txt /home/byrn/HDF_Projects/hdf5/build/ci-StdShar-GNUC/tools/test/h5diff/testfiles/h5diff_643.txt
[1462/4114] cd /home/byrn/HDF_Projects/hdf5/build/ci-StdShar-GNUC/tools/test/h5diff && /usr/bin/cmake -E copy_if_different /home/byrn/HDF_Projects/hdf5/dev/tools/test/h5diff/expected/h5diff_631.txt /home/byrn/HDF_Projects/hdf5/build/ci-StdShar-GNUC/tools/test/h5diff/testfiles/h5diff_631.txt
[1463/4114] cd /home/byrn/HDF_Projects/hdf5/build/ci-StdShar-GNUC/tools/test/h5diff && /usr/bin/cmake -E copy_if_different /home/byrn/HDF_Projects/hdf5/dev/tools/test/h5diff/expected/h5diff_641.txt /home/byrn/HDF_Projects/hdf5/build/ci-StdShar-GNUC/tools/test/h5diff/testfiles/h5diff_641.txt
[1464/4114] cd /home/byrn/HDF_Projects/hdf5/build/ci-StdShar-GNUC/tools/test/h5diff && /usr/bin/cmake -E copy_if_different /home/byrn/HDF_Projects/hdf5/dev/tools/test/h5diff/expected/h5diff_644.txt /home/byrn/HDF_Projects/hdf5/build/ci-StdShar-GNUC/tools/test/h5diff/testfiles/h5diff_644.txt
[1465/4114] cd /home/byrn/HDF_Projects/hdf5/build/ci-StdShar-GNUC/tools/test/h5diff && /usr/bin/cmake -E copy_if_different /home/byrn/HDF_Projects/hdf5/dev/tools/test/h5diff/expected/h5diff_645.txt /home/byrn/HDF_Projects/hdf5/build/ci-StdShar-GNUC/tools/test/h5diff/testfiles/h5diff_645.txt
[1466/4114] cd /home/byrn/HDF_Projects/hdf5/build/ci-StdShar-GNUC/tools/test/h5diff && /usr/bin/cmake -E copy_if_different /home/byrn/HDF_Projects/hdf5/dev/tools/test/h5diff/expected/h5diff_70.txt /home/byrn/HDF_Projects/hdf5/build/ci-StdShar-GNUC/tools/test/h5diff/testfiles/h5diff_70.txt
[1467/4114] cd /home/byrn/HDF_Projects/hdf5/build/ci-StdShar-GNUC/tools/test/h5diff && /usr/bin/cmake -E copy_if_different /home/byrn/HDF_Projects/hdf5/dev/tools/test/h5diff/expected/h5diff_646.txt /home/byrn/HDF_Projects/hdf5/build/ci-StdShar-GNUC/tools/test/h5diff/testfiles/h5diff_646.txt
[1468/4114] cd /home/byrn/HDF_Projects/hdf5/build/ci-StdShar-GNUC/tools/test/h5diff && /usr/bin/cmake -E copy_if_different /home/byrn/HDF_Projects/hdf5/dev/tools/test/h5diff/expected/h5diff_701.txt /home/byrn/HDF_Projects/hdf5/build/ci-StdShar-GNUC/tools/test/h5diff/testfiles/h5diff_701.txt
[1469/4114] cd /home/byrn/HDF_Projects/hdf5/build/ci-StdShar-GNUC/tools/test/h5diff && /usr/bin/cmake -E copy_if_different /home/byrn/HDF_Projects/hdf5/dev/tools/test/h5diff/expected/h5diff_700.txt /home/byrn/HDF_Projects/hdf5/build/ci-StdShar-GNUC/tools/test/h5diff/testfiles/h5diff_700.txt
[1470/4114] cd /home/byrn/HDF_Projects/hdf5/build/ci-StdShar-GNUC/tools/test/h5diff && /usr/bin/cmake -E copy_if_different /home/byrn/HDF_Projects/hdf5/dev/tools/test/h5diff/expected/h5diff_704.txt /home/byrn/HDF_Projects/hdf5/build/ci-StdShar-GNUC/tools/test/h5diff/testfiles/h5diff_704.txt
[1471/4114] cd /home/byrn/HDF_Projects/hdf5/build/ci-StdShar-GNUC/tools/test/h5diff && /usr/bin/cmake -E copy_if_different /home/byrn/HDF_Projects/hdf5/dev/tools/test/h5diff/expected/h5diff_703.txt /home/byrn/HDF_Projects/hdf5/build/ci-StdShar-GNUC/tools/test/h5diff/testfiles/h5diff_703.txt
[1472/4114] cd /home/byrn/HDF_Projects/hdf5/build/ci-StdShar-GNUC/tools/test/h5diff && /usr/bin/cmake -E copy_if_different /home/byrn/HDF_Projects/hdf5/dev/tools/test/h5diff/expected/h5diff_702.txt /home/byrn/HDF_Projects/hdf5/build/ci-StdShar-GNUC/tools/test/h5diff/testfiles/h5diff_702.txt
[1473/4114] cd /home/byrn/HDF_Projects/hdf5/build/ci-StdShar-GNUC/tools/test/h5diff && /usr/bin/cmake -E copy_if_different /home/byrn/HDF_Projects/hdf5/dev/tools/test/h5diff/expected/h5diff_705.txt /home/byrn/HDF_Projects/hdf5/build/ci-StdShar-GNUC/tools/test/h5diff/testfiles/h5diff_705.txt
[1474/4114] cd /home/byrn/HDF_Projects/hdf5/build/ci-StdShar-GNUC/tools/test/h5diff && /usr/bin/cmake -E copy_if_different /home/byrn/HDF_Projects/hdf5/dev/tools/test/h5diff/expected/h5diff_706.txt /home/byrn/HDF_Projects/hdf5/build/ci-StdShar-GNUC/tools/test/h5diff/testfiles/h5diff_706.txt
[1475/4114] cd /home/byrn/HDF_Projects/hdf5/build/ci-StdShar-GNUC/tools/test/h5diff && /usr/bin/cmake -E copy_if_different /home/byrn/HDF_Projects/hdf5/dev/tools/test/h5diff/expected/h5diff_707.txt /home/byrn/HDF_Projects/hdf5/build/ci-StdShar-GNUC/tools/test/h5diff/testfiles/h5diff_707.txt
[1476/4114] cd /home/byrn/HDF_Projects/hdf5/build/ci-StdShar-GNUC/tools/test/h5diff && /usr/bin/cmake -E copy_if_different /home/byrn/HDF_Projects/hdf5/dev/tools/test/h5diff/expected/h5diff_708.txt /home/byrn/HDF_Projects/hdf5/build/ci-StdShar-GNUC/tools/test/h5diff/testfiles/h5diff_708.txt
[1477/4114] cd /home/byrn/HDF_Projects/hdf5/build/ci-StdShar-GNUC/tools/test/h5diff && /usr/bin/cmake -E copy_if_different /home/byrn/HDF_Projects/hdf5/dev/tools/test/h5diff/expected/h5diff_709.txt /home/byrn/HDF_Projects/hdf5/build/ci-StdShar-GNUC/tools/test/h5diff/testfiles/h5diff_709.txt
[1478/4114] cd /home/byrn/HDF_Projects/hdf5/build/ci-StdShar-GNUC/tools/test/h5diff && /usr/bin/cmake -E copy_if_different /home/byrn/HDF_Projects/hdf5/dev/tools/test/h5diff/expected/h5diff_710.txt /home/byrn/HDF_Projects/hdf5/build/ci-StdShar-GNUC/tools/test/h5diff/testfiles/h5diff_710.txt
[1479/4114] cd /home/byrn/HDF_Projects/hdf5/build/ci-StdShar-GNUC/tools/test/h5diff && /usr/bin/cmake -E copy_if_different /home/byrn/HDF_Projects/hdf5/dev/tools/test/h5diff/expected/h5diff_801.txt /home/byrn/HDF_Projects/hdf5/build/ci-StdShar-GNUC/tools/test/h5diff/testfiles/h5diff_801.txt
[1480/4114] cd /home/byrn/HDF_Projects/hdf5/build/ci-StdShar-GNUC/tools/test/h5diff && /usr/bin/cmake -E copy_if_different /home/byrn/HDF_Projects/hdf5/dev/tools/test/h5diff/expected/h5diff_80.txt /home/byrn/HDF_Projects/hdf5/build/ci-StdShar-GNUC/tools/test/h5diff/testfiles/h5diff_80.txt
[1481/4114] cd /home/byrn/HDF_Projects/hdf5/build/ci-StdShar-GNUC/tools/test/h5diff && /usr/bin/cmake -E copy_if_different /home/byrn/HDF_Projects/hdf5/dev/tools/test/h5diff/expected/h5diff_800.txt /home/byrn/HDF_Projects/hdf5/build/ci-StdShar-GNUC/tools/test/h5diff/testfiles/h5diff_800.txt
[1482/4114] cd /home/byrn/HDF_Projects/hdf5/build/ci-StdShar-GNUC/tools/test/h5diff && /usr/bin/cmake -E copy_if_different /home/byrn/HDF_Projects/hdf5/dev/tools/test/h5diff/expected/h5diff_8625.txt /home/byrn/HDF_Projects/hdf5/build/ci-StdShar-GNUC/tools/test/h5diff/testfiles/h5diff_8625.txt
[1483/4114] cd /home/byrn/HDF_Projects/hdf5/build/ci-StdShar-GNUC/tools/test/h5diff && /usr/bin/cmake -E copy_if_different /home/byrn/HDF_Projects/hdf5/dev/tools/test/h5diff/expected/h5diff_8639.txt /home/byrn/HDF_Projects/hdf5/build/ci-StdShar-GNUC/tools/test/h5diff/testfiles/h5diff_8639.txt
[1484/4114] /usr/bin/cc -DH5_BUILT_AS_DYNAMIC_LIB -D_FILE_OFFSET_BITS=64 -D_GNU_SOURCE -D_LARGEFILE_SOURCE -D_POSIX_C_SOURCE=200809L -I/home/byrn/HDF_Projects/hdf5/dev/tools/lib -I/home/byrn/HDF_Projects/hdf5/dev/src -I/home/byrn/HDF_Projects/hdf5/dev/src/H5FDsubfiling -I/home/byrn/HDF_Projects/hdf5/build/ci-StdShar-GNUC/src -I/home/byrn/HDF_Projects/hdf5/build/ci-StdShar-GNUC/tools/lib -std=c99  -fstdarg-opt -fdiagnostics-urls=never -fno-diagnostics-color -fmessage-length=0 -O2 -g -DNDEBUG -std=gnu99 -fPIE -Wall -Wcast-qual -Wconversion -Wextra -Wfloat-equal -Wformat=2 -Winit-self -Winvalid-pch -Wmissing-include-dirs -Wshadow -Wundef -Wwrite-strings -pedantic -Wno-c++-compat -Wbad-function-cast -Wcast-align -Wformat -Wimplicit-function-declaration -Wint-to-pointer-cast -Wmissing-declarations -Wmissing-prototypes -Wnested-externs -Wold-style-definition -Wpacked -Wpointer-sign -Wpointer-to-int-cast -Wredundant-decls -Wstrict-prototypes -Wswitch -Wunused-but-set-variable -Wunused-variable -Wunused-function -Wunused-parameter -finline-functions -Wno-aggregate-return -Wno-inline -Wno-missing-format-attribute -Wno-missing-noreturn -Wno-overlength-strings -Wlarger-than=2560 -Wlogical-op -Wframe-larger-than=16384 -Wpacked-bitfield-compat -Wsync-nand -Wno-unsuffixed-float-constants -Wdouble-promotion -Wtrampolines -Wstack-usage=8192 -Wmaybe-uninitialized -Wno-jump-misses-init -Wstrict-overflow=2 -Wno-suggest-attribute=const -Wno-suggest-attribute=noreturn -Wno-suggest-attribute=pure -Wno-suggest-attribute=format -Wdate-time -Warray-bounds=2 -Wc99-c11-compat -Wincompatible-pointer-types -Wint-conversion -Wduplicated-cond -Whsa -Wnormalized -Wnull-dereference -Wunused-const-variable -Walloca -Walloc-zero -Wduplicated-branches -Wformat-overflow=2 -Wformat-truncation=1 -Wrestrict -Wattribute-alias -Wshift-overflow=2 -Wcast-function-type -Wcast-align=strict -Wno-suggest-attribute=cold -Wno-suggest-attribute=malloc -Wattribute-alias=2 -Wmissing-profile -Wc11-c2x-compat -MD -MT tools/src/h5dump/CMakeFiles/h5dump.dir/h5dump_xml.c.o -MF tools/src/h5dump/CMakeFiles/h5dump.dir/h5dump_xml.c.o.d -o tools/src/h5dump/CMakeFiles/h5dump.dir/h5dump_xml.c.o -c /home/byrn/HDF_Projects/hdf5/dev/tools/src/h5dump/h5dump_xml.c
[1485/4114] cd /home/byrn/HDF_Projects/hdf5/build/ci-StdShar-GNUC/tools/test/h5diff && /usr/bin/cmake -E copy_if_different /home/byrn/HDF_Projects/hdf5/dev/tools/test/h5diff/expected/h5diff_830.txt /home/byrn/HDF_Projects/hdf5/build/ci-StdShar-GNUC/tools/test/h5diff/testfiles/h5diff_830.txt
[1486/4114] cd /home/byrn/HDF_Projects/hdf5/build/ci-StdShar-GNUC/tools/test/h5diff && /usr/bin/cmake -E copy_if_different /home/byrn/HDF_Projects/hdf5/dev/tools/test/h5diff/expected/h5diff_90.txt /home/byrn/HDF_Projects/hdf5/build/ci-StdShar-GNUC/tools/test/h5diff/testfiles/h5diff_90.txt
[1487/4114] cd /home/byrn/HDF_Projects/hdf5/build/ci-StdShar-GNUC/tools/test/h5diff && /usr/bin/cmake -E copy_if_different /home/byrn/HDF_Projects/hdf5/dev/tools/test/h5diff/expected/h5diff_900.txt /home/byrn/HDF_Projects/hdf5/build/ci-StdShar-GNUC/tools/test/h5diff/testfiles/h5diff_900.txt
[1488/4114] cd /home/byrn/HDF_Projects/hdf5/build/ci-StdShar-GNUC/tools/test/h5diff && /usr/bin/cmake -E copy_if_different /home/byrn/HDF_Projects/hdf5/dev/tools/test/h5diff/expected/h5diff_901.txt /home/byrn/HDF_Projects/hdf5/build/ci-StdShar-GNUC/tools/test/h5diff/testfiles/h5diff_901.txt
[1489/4114] cd /home/byrn/HDF_Projects/hdf5/build/ci-StdShar-GNUC/tools/test/h5diff && /usr/bin/cmake -E copy_if_different /home/byrn/HDF_Projects/hdf5/dev/tools/test/h5diff/expected/h5diff_902.txt /home/byrn/HDF_Projects/hdf5/build/ci-StdShar-GNUC/tools/test/h5diff/testfiles/h5diff_902.txt
[1490/4114] cd /home/byrn/HDF_Projects/hdf5/build/ci-StdShar-GNUC/tools/test/h5diff && /usr/bin/cmake -E copy_if_different /home/byrn/HDF_Projects/hdf5/dev/tools/test/h5diff/testfiles/h5diff_attr1.h5 /home/byrn/HDF_Projects/hdf5/build/ci-StdShar-GNUC/tools/test/h5diff/testfiles/h5diff_attr1.h5
[1491/4114] cd /home/byrn/HDF_Projects/hdf5/build/ci-StdShar-GNUC/tools/test/h5diff && /usr/bin/cmake -E copy_if_different /home/byrn/HDF_Projects/hdf5/dev/tools/test/h5diff/testfiles/h5diff_attr2.h5 /home/byrn/HDF_Projects/hdf5/build/ci-StdShar-GNUC/tools/test/h5diff/testfiles/h5diff_attr2.h5
[1492/4114] cd /home/byrn/HDF_Projects/hdf5/build/ci-StdShar-GNUC/tools/test/h5diff && /usr/bin/cmake -E copy_if_different /home/byrn/HDF_Projects/hdf5/dev/tools/test/h5diff/testfiles/h5diff_attr_v_level2.h5 /home/byrn/HDF_Projects/hdf5/build/ci-StdShar-GNUC/tools/test/h5diff/testfiles/h5diff_attr_v_level2.h5
[1493/4114] cd /home/byrn/HDF_Projects/hdf5/build/ci-StdShar-GNUC/tools/test/h5diff && /usr/bin/cmake -E copy_if_different /home/byrn/HDF_Projects/hdf5/dev/tools/test/h5diff/testfiles/h5diff_attr_v_level1.h5 /home/byrn/HDF_Projects/hdf5/build/ci-StdShar-GNUC/tools/test/h5diff/testfiles/h5diff_attr_v_level1.h5
[1494/4114] cd /home/byrn/HDF_Projects/hdf5/build/ci-StdShar-GNUC/tools/test/h5diff && /usr/bin/cmake -E copy_if_different /home/byrn/HDF_Projects/hdf5/dev/tools/test/h5diff/testfiles/h5diff_attr3.h5 /home/byrn/HDF_Projects/hdf5/build/ci-StdShar-GNUC/tools/test/h5diff/testfiles/h5diff_attr3.h5
[1495/4114] cd /home/byrn/HDF_Projects/hdf5/build/ci-StdShar-GNUC/tools/test/h5diff && /usr/bin/cmake -E copy_if_different /home/byrn/HDF_Projects/hdf5/dev/tools/test/h5diff/testfiles/h5diff_basic1.h5 /home/byrn/HDF_Projects/hdf5/build/ci-StdShar-GNUC/tools/test/h5diff/testfiles/h5diff_basic1.h5
[1496/4114] cd /home/byrn/HDF_Projects/hdf5/build/ci-StdShar-GNUC/tools/test/h5diff && /usr/bin/cmake -E copy_if_different /home/byrn/HDF_Projects/hdf5/dev/tools/test/h5diff/testfiles/h5diff_basic2.h5 /home/byrn/HDF_Projects/hdf5/build/ci-StdShar-GNUC/tools/test/h5diff/testfiles/h5diff_basic2.h5
[1497/4114] cd /home/byrn/HDF_Projects/hdf5/build/ci-StdShar-GNUC/tools/test/h5diff && /usr/bin/cmake -E copy_if_different /home/byrn/HDF_Projects/hdf5/dev/tools/test/h5diff/testfiles/h5diff_danglelinks1.h5 /home/byrn/HDF_Projects/hdf5/build/ci-StdShar-GNUC/tools/test/h5diff/testfiles/h5diff_danglelinks1.h5
[1498/4114] cd /home/byrn/HDF_Projects/hdf5/build/ci-StdShar-GNUC/tools/test/h5diff && /usr/bin/cmake -E copy_if_different /home/byrn/HDF_Projects/hdf5/dev/tools/test/h5diff/testfiles/h5diff_comp_vl_strs.h5 /home/byrn/HDF_Projects/hdf5/build/ci-StdShar-GNUC/tools/test/h5diff/testfiles/h5diff_comp_vl_strs.h5
[1499/4114] cd /home/byrn/HDF_Projects/hdf5/build/ci-StdShar-GNUC/tools/test/h5diff && /usr/bin/cmake -E copy_if_different /home/byrn/HDF_Projects/hdf5/dev/tools/test/h5diff/testfiles/h5diff_danglelinks2.h5 /home/byrn/HDF_Projects/hdf5/build/ci-StdShar-GNUC/tools/test/h5diff/testfiles/h5diff_danglelinks2.h5
[1500/4114] cd /home/byrn/HDF_Projects/hdf5/build/ci-StdShar-GNUC/tools/test/h5diff && /usr/bin/cmake -E copy_if_different /home/byrn/HDF_Projects/hdf5/dev/tools/test/h5diff/testfiles/h5diff_dset1.h5 /home/byrn/HDF_Projects/hdf5/build/ci-StdShar-GNUC/tools/test/h5diff/testfiles/h5diff_dset1.h5
[1501/4114] cd /home/byrn/HDF_Projects/hdf5/build/ci-StdShar-GNUC/tools/test/h5diff && /usr/bin/cmake -E copy_if_different /home/byrn/HDF_Projects/hdf5/dev/tools/test/h5diff/testfiles/h5diff_dset2.h5 /home/byrn/HDF_Projects/hdf5/build/ci-StdShar-GNUC/tools/test/h5diff/testfiles/h5diff_dset2.h5
[1502/4114] cd /home/byrn/HDF_Projects/hdf5/build/ci-StdShar-GNUC/tools/test/h5diff && /usr/bin/cmake -E copy_if_different /home/byrn/HDF_Projects/hdf5/dev/tools/test/h5diff/testfiles/h5diff_dset_zero_dim_size1.h5 /home/byrn/HDF_Projects/hdf5/build/ci-StdShar-GNUC/tools/test/h5diff/testfiles/h5diff_dset_zero_dim_size1.h5
[1503/4114] cd /home/byrn/HDF_Projects/hdf5/build/ci-StdShar-GNUC/tools/test/h5diff && /usr/bin/cmake -E copy_if_different /home/byrn/HDF_Projects/hdf5/dev/tools/test/h5diff/testfiles/h5diff_dtypes.h5 /home/byrn/HDF_Projects/hdf5/build/ci-StdShar-GNUC/tools/test/h5diff/testfiles/h5diff_dtypes.h5
[1504/4114] cd /home/byrn/HDF_Projects/hdf5/build/ci-StdShar-GNUC/tools/test/h5diff && /usr/bin/cmake -E copy_if_different /home/byrn/HDF_Projects/hdf5/dev/tools/test/h5diff/testfiles/h5diff_dset3.h5 /home/byrn/HDF_Projects/hdf5/build/ci-StdShar-GNUC/tools/test/h5diff/testfiles/h5diff_dset3.h5
[1505/4114] cd /home/byrn/HDF_Projects/hdf5/build/ci-StdShar-GNUC/tools/test/h5diff && /usr/bin/cmake -E copy_if_different /home/byrn/HDF_Projects/hdf5/dev/tools/test/h5diff/testfiles/h5diff_dset_zero_dim_size2.h5 /home/byrn/HDF_Projects/hdf5/build/ci-StdShar-GNUC/tools/test/h5diff/testfiles/h5diff_dset_zero_dim_size2.h5
[1506/4114] cd /home/byrn/HDF_Projects/hdf5/build/ci-StdShar-GNUC/tools/test/h5diff && /usr/bin/cmake -E copy_if_different /home/byrn/HDF_Projects/hdf5/dev/tools/test/h5diff/testfiles/h5diff_empty.h5 /home/byrn/HDF_Projects/hdf5/build/ci-StdShar-GNUC/tools/test/h5diff/testfiles/h5diff_empty.h5
[1507/4114] : && /usr/bin/cc -std=c99  -fstdarg-opt -fdiagnostics-urls=never -fno-diagnostics-color -fmessage-length=0 -O2 -g -DNDEBUG  tools/src/h5dump/CMakeFiles/h5dump.dir/h5dump.c.o tools/src/h5dump/CMakeFiles/h5dump.dir/h5dump_ddl.c.o tools/src/h5dump/CMakeFiles/h5dump.dir/h5dump_xml.c.o -o bin/h5dump  -Wl,-rpath,"\$ORIGIN/../lib:\$ORIGIN/"  bin/libhdf5_tools.so.1000.0.0  bin/libhdf5.so.1000.0.0  -ldl && :
[1508/4114] cd /home/byrn/HDF_Projects/hdf5/build/ci-StdShar-GNUC/tools/test/h5diff && /usr/bin/cmake -E copy_if_different /home/byrn/HDF_Projects/hdf5/dev/tools/test/h5diff/expected/h5diff_eps.txt /home/byrn/HDF_Projects/hdf5/build/ci-StdShar-GNUC/tools/test/h5diff/testfiles/h5diff_eps.txt
[1509/4114] cd /home/byrn/HDF_Projects/hdf5/build/ci-StdShar-GNUC/tools/test/h5diff && /usr/bin/cmake -E copy_if_different /home/byrn/HDF_Projects/hdf5/dev/tools/test/h5diff/testfiles/h5diff_eps1.h5 /home/byrn/HDF_Projects/hdf5/build/ci-StdShar-GNUC/tools/test/h5diff/testfiles/h5diff_eps1.h5
[1510/4114] cd /home/byrn/HDF_Projects/hdf5/build/ci-StdShar-GNUC/tools/test/h5diff && /usr/bin/cmake -E copy_if_different /home/byrn/HDF_Projects/hdf5/dev/tools/test/h5diff/testfiles/h5diff_eps2.h5 /home/byrn/HDF_Projects/hdf5/build/ci-StdShar-GNUC/tools/test/h5diff/testfiles/h5diff_eps2.h5
[1511/4114] cd /home/byrn/HDF_Projects/hdf5/build/ci-StdShar-GNUC/tools/test/h5diff && /usr/bin/cmake -E copy_if_different /home/byrn/HDF_Projects/hdf5/dev/tools/test/h5diff/testfiles/h5diff_enum_invalid_values.h5 /home/byrn/HDF_Projects/hdf5/build/ci-StdShar-GNUC/tools/test/h5diff/testfiles/h5diff_enum_invalid_values.h5
[1512/4114] cd /home/byrn/HDF_Projects/hdf5/build/ci-StdShar-GNUC/tools/test/h5diff && /usr/bin/cmake -E copy_if_different /home/byrn/HDF_Projects/hdf5/dev/tools/test/h5diff/testfiles/h5diff_exclude1-1.h5 /home/byrn/HDF_Projects/hdf5/build/ci-StdShar-GNUC/tools/test/h5diff/testfiles/h5diff_exclude1-1.h5
[1513/4114] cd /home/byrn/HDF_Projects/hdf5/build/ci-StdShar-GNUC/tools/test/h5diff && /usr/bin/cmake -E copy_if_different /home/byrn/HDF_Projects/hdf5/dev/tools/test/h5diff/testfiles/h5diff_exclude1-2.h5 /home/byrn/HDF_Projects/hdf5/build/ci-StdShar-GNUC/tools/test/h5diff/testfiles/h5diff_exclude1-2.h5
[1514/4114] cd /home/byrn/HDF_Projects/hdf5/build/ci-StdShar-GNUC/tools/test/h5diff && /usr/bin/cmake -E copy_if_different /home/byrn/HDF_Projects/hdf5/dev/tools/test/h5diff/testfiles/h5diff_exclude2-1.h5 /home/byrn/HDF_Projects/hdf5/build/ci-StdShar-GNUC/tools/test/h5diff/testfiles/h5diff_exclude2-1.h5
[1515/4114] cd /home/byrn/HDF_Projects/hdf5/build/ci-StdShar-GNUC/tools/test/h5diff && /usr/bin/cmake -E copy_if_different /home/byrn/HDF_Projects/hdf5/dev/tools/test/h5diff/testfiles/h5diff_ext2softlink_src.h5 /home/byrn/HDF_Projects/hdf5/build/ci-StdShar-GNUC/tools/test/h5diff/testfiles/h5diff_ext2softlink_src.h5
[1516/4114] cd /home/byrn/HDF_Projects/hdf5/build/ci-StdShar-GNUC/tools/test/h5diff && /usr/bin/cmake -E copy_if_different /home/byrn/HDF_Projects/hdf5/dev/tools/test/h5diff/testfiles/h5diff_exclude2-2.h5 /home/byrn/HDF_Projects/hdf5/build/ci-StdShar-GNUC/tools/test/h5diff/testfiles/h5diff_exclude2-2.h5
[1517/4114] cd /home/byrn/HDF_Projects/hdf5/build/ci-StdShar-GNUC/tools/test/h5diff && /usr/bin/cmake -E copy_if_different /home/byrn/HDF_Projects/hdf5/dev/tools/test/h5diff/testfiles/h5diff_exclude3-2.h5 /home/byrn/HDF_Projects/hdf5/build/ci-StdShar-GNUC/tools/test/h5diff/testfiles/h5diff_exclude3-2.h5
[1518/4114] cd /home/byrn/HDF_Projects/hdf5/build/ci-StdShar-GNUC/tools/test/h5diff && /usr/bin/cmake -E copy_if_different /home/byrn/HDF_Projects/hdf5/dev/tools/test/h5diff/testfiles/h5diff_exclude3-1.h5 /home/byrn/HDF_Projects/hdf5/build/ci-StdShar-GNUC/tools/test/h5diff/testfiles/h5diff_exclude3-1.h5
[1519/4114] cd /home/byrn/HDF_Projects/hdf5/build/ci-StdShar-GNUC/tools/test/h5diff && /usr/bin/cmake -E copy_if_different /home/byrn/HDF_Projects/hdf5/dev/tools/test/h5diff/testfiles/h5diff_ext2softlink_trg.h5 /home/byrn/HDF_Projects/hdf5/build/ci-StdShar-GNUC/tools/test/h5diff/testfiles/h5diff_ext2softlink_trg.h5
[1520/4114] cd /home/byrn/HDF_Projects/hdf5/build/ci-StdShar-GNUC/tools/test/h5diff && /usr/bin/cmake -E copy_if_different /home/byrn/HDF_Projects/hdf5/dev/tools/test/h5diff/testfiles/h5diff_extlink_src.h5 /home/byrn/HDF_Projects/hdf5/build/ci-StdShar-GNUC/tools/test/h5diff/testfiles/h5diff_extlink_src.h5
[1521/4114] cd /home/byrn/HDF_Projects/hdf5/build/ci-StdShar-GNUC/tools/test/h5diff && /usr/bin/cmake -E copy_if_different /home/byrn/HDF_Projects/hdf5/dev/tools/test/h5diff/testfiles/h5diff_extlink_trg.h5 /home/byrn/HDF_Projects/hdf5/build/ci-StdShar-GNUC/tools/test/h5diff/testfiles/h5diff_extlink_trg.h5
[1522/4114] cd /home/byrn/HDF_Projects/hdf5/build/ci-StdShar-GNUC/tools/test/h5diff && /usr/bin/cmake -E copy_if_different /home/byrn/HDF_Projects/hdf5/dev/tools/test/h5diff/testfiles/h5diff_grp_recurse_ext1.h5 /home/byrn/HDF_Projects/hdf5/build/ci-StdShar-GNUC/tools/test/h5diff/testfiles/h5diff_grp_recurse_ext1.h5
[1523/4114] cd /home/byrn/HDF_Projects/hdf5/build/ci-StdShar-GNUC/tools/test/h5diff && /usr/bin/cmake -E copy_if_different /home/byrn/HDF_Projects/hdf5/dev/tools/test/h5diff/testfiles/h5diff_grp_recurse2.h5 /home/byrn/HDF_Projects/hdf5/build/ci-StdShar-GNUC/tools/test/h5diff/testfiles/h5diff_grp_recurse2.h5
[1524/4114] cd /home/byrn/HDF_Projects/hdf5/build/ci-StdShar-GNUC/tools/test/h5diff && /usr/bin/cmake -E copy_if_different /home/byrn/HDF_Projects/hdf5/dev/tools/test/h5diff/testfiles/h5diff_grp_recurse_ext2-1.h5 /home/byrn/HDF_Projects/hdf5/build/ci-StdShar-GNUC/tools/test/h5diff/testfiles/h5diff_grp_recurse_ext2-1.h5
[1525/4114] cd /home/byrn/HDF_Projects/hdf5/build/ci-StdShar-GNUC/tools/test/h5diff && /usr/bin/cmake -E copy_if_different /home/byrn/HDF_Projects/hdf5/dev/tools/test/h5diff/testfiles/h5diff_grp_recurse1.h5 /home/byrn/HDF_Projects/hdf5/build/ci-StdShar-GNUC/tools/test/h5diff/testfiles/h5diff_grp_recurse1.h5
[1526/4114] cd /home/byrn/HDF_Projects/hdf5/build/ci-StdShar-GNUC/tools/test/h5diff && /usr/bin/cmake -E copy_if_different /home/byrn/HDF_Projects/hdf5/dev/tools/test/h5diff/testfiles/h5diff_grp_recurse_ext2-3.h5 /home/byrn/HDF_Projects/hdf5/build/ci-StdShar-GNUC/tools/test/h5diff/testfiles/h5diff_grp_recurse_ext2-3.h5
[1527/4114] cd /home/byrn/HDF_Projects/hdf5/build/ci-StdShar-GNUC/tools/test/h5diff && /usr/bin/cmake -E copy_if_different /home/byrn/HDF_Projects/hdf5/dev/tools/test/h5diff/testfiles/h5diff_grp_recurse_ext2-2.h5 /home/byrn/HDF_Projects/hdf5/build/ci-StdShar-GNUC/tools/test/h5diff/testfiles/h5diff_grp_recurse_ext2-2.h5
[1528/4114] cd /home/byrn/HDF_Projects/hdf5/build/ci-StdShar-GNUC/tools/test/h5diff && /usr/bin/cmake -E copy_if_different /home/byrn/HDF_Projects/hdf5/dev/tools/test/h5diff/testfiles/h5diff_linked_softlink.h5 /home/byrn/HDF_Projects/hdf5/build/ci-StdShar-GNUC/tools/test/h5diff/testfiles/h5diff_linked_softlink.h5
[1529/4114] cd /home/byrn/HDF_Projects/hdf5/build/ci-StdShar-GNUC/tools/test/h5diff && /usr/bin/cmake -E copy_if_different /home/byrn/HDF_Projects/hdf5/dev/tools/test/h5diff/testfiles/h5diff_links.h5 /home/byrn/HDF_Projects/hdf5/build/ci-StdShar-GNUC/tools/test/h5diff/testfiles/h5diff_links.h5
[1530/4114] cd /home/byrn/HDF_Projects/hdf5/build/ci-StdShar-GNUC/tools/test/h5diff && /usr/bin/cmake -E copy_if_different /home/byrn/HDF_Projects/hdf5/dev/tools/test/h5diff/testfiles/h5diff_hyper2.h5 /home/byrn/HDF_Projects/hdf5/build/ci-StdShar-GNUC/tools/test/h5diff/testfiles/h5diff_hyper2.h5
[1531/4114] cd /home/byrn/HDF_Projects/hdf5/build/ci-StdShar-GNUC/tools/test/h5diff && /usr/bin/cmake -E copy_if_different /home/byrn/HDF_Projects/hdf5/dev/tools/test/h5diff/testfiles/h5diff_hyper1.h5 /home/byrn/HDF_Projects/hdf5/build/ci-StdShar-GNUC/tools/test/h5diff/testfiles/h5diff_hyper1.h5
[1532/4114] cd /home/byrn/HDF_Projects/hdf5/build/ci-StdShar-GNUC/tools/test/h5diff && /usr/bin/cmake -E copy_if_different /home/byrn/HDF_Projects/hdf5/dev/tools/test/h5diff/testfiles/h5diff_onion_dset_1d.h5 /home/byrn/HDF_Projects/hdf5/build/ci-StdShar-GNUC/tools/test/h5diff/testfiles/h5diff_onion_dset_1d.h5
[1533/4114] cd /home/byrn/HDF_Projects/hdf5/build/ci-StdShar-GNUC/tools/test/h5diff && /usr/bin/cmake -E copy_if_different /home/byrn/HDF_Projects/hdf5/dev/tools/test/h5diff/testfiles/h5diff_onion_dset_1d.h5.onion /home/byrn/HDF_Projects/hdf5/build/ci-StdShar-GNUC/tools/test/h5diff/testfiles/h5diff_onion_dset_1d.h5.onion
[1534/4114] cd /home/byrn/HDF_Projects/hdf5/build/ci-StdShar-GNUC/tools/test/h5diff && /usr/bin/cmake -E copy_if_different /home/byrn/HDF_Projects/hdf5/dev/tools/test/h5diff/testfiles/h5diff_onion_dset_ext.h5 /home/byrn/HDF_Projects/hdf5/build/ci-StdShar-GNUC/tools/test/h5diff/testfiles/h5diff_onion_dset_ext.h5
[1535/4114] cd /home/byrn/HDF_Projects/hdf5/build/ci-StdShar-GNUC/tools/test/h5diff && /usr/bin/cmake -E copy_if_different /home/byrn/HDF_Projects/hdf5/dev/tools/test/h5diff/testfiles/h5diff_onion_objs.h5 /home/byrn/HDF_Projects/hdf5/build/ci-StdShar-GNUC/tools/test/h5diff/testfiles/h5diff_onion_objs.h5
[1536/4114] cd /home/byrn/HDF_Projects/hdf5/build/ci-StdShar-GNUC/tools/test/h5diff && /usr/bin/cmake -E copy_if_different /home/byrn/HDF_Projects/hdf5/dev/tools/test/h5diff/testfiles/h5diff_onion_dset_ext.h5.onion /home/byrn/HDF_Projects/hdf5/build/ci-StdShar-GNUC/tools/test/h5diff/testfiles/h5diff_onion_dset_ext.h5.onion
[1537/4114] cd /home/byrn/HDF_Projects/hdf5/build/ci-StdShar-GNUC/tools/test/h5diff && /usr/bin/cmake -E copy_if_different /home/byrn/HDF_Projects/hdf5/dev/tools/test/h5diff/testfiles/h5diff_onion_objs.h5.onion /home/byrn/HDF_Projects/hdf5/build/ci-StdShar-GNUC/tools/test/h5diff/testfiles/h5diff_onion_objs.h5.onion
[1538/4114] cd /home/byrn/HDF_Projects/hdf5/build/ci-StdShar-GNUC/tools/test/h5diff && /usr/bin/cmake -E copy_if_different /home/byrn/HDF_Projects/hdf5/dev/tools/test/h5diff/expected/h5diff_reg.txt /home/byrn/HDF_Projects/hdf5/build/ci-StdShar-GNUC/tools/test/h5diff/testfiles/h5diff_reg.txt
[1539/4114] cd /home/byrn/HDF_Projects/hdf5/build/ci-StdShar-GNUC/tools/test/h5diff && /usr/bin/cmake -E copy_if_different /home/byrn/HDF_Projects/hdf5/dev/tools/test/h5diff/testfiles/h5diff_softlinks.h5 /home/byrn/HDF_Projects/hdf5/build/ci-StdShar-GNUC/tools/test/h5diff/testfiles/h5diff_softlinks.h5
[1540/4114] cd /home/byrn/HDF_Projects/hdf5/build/ci-StdShar-GNUC/tools/test/h5diff && /usr/bin/cmake -E copy_if_different /home/byrn/HDF_Projects/hdf5/dev/tools/test/h5diff/testfiles/h5diff_strings2.h5 /home/byrn/HDF_Projects/hdf5/build/ci-StdShar-GNUC/tools/test/h5diff/testfiles/h5diff_strings2.h5
[1541/4114] cd /home/byrn/HDF_Projects/hdf5/build/ci-StdShar-GNUC/tools/test/h5diff && /usr/bin/cmake -E copy_if_different /home/byrn/HDF_Projects/hdf5/dev/tools/test/h5diff/testfiles/h5diff_strings1.h5 /home/byrn/HDF_Projects/hdf5/build/ci-StdShar-GNUC/tools/test/h5diff/testfiles/h5diff_strings1.h5
[1542/4114] cd /home/byrn/HDF_Projects/hdf5/build/ci-StdShar-GNUC/tools/test/h5diff && /usr/bin/cmake -E copy_if_different /home/byrn/HDF_Projects/hdf5/dev/tools/test/h5diff/expected/h5diff_ud.txt /home/byrn/HDF_Projects/hdf5/build/ci-StdShar-GNUC/tools/test/h5diff/testfiles/h5diff_ud.txt
[1543/4114] cd /home/byrn/HDF_Projects/hdf5/build/ci-StdShar-GNUC/tools/test/h5diff && /usr/bin/cmake -E copy_if_different /home/byrn/HDF_Projects/hdf5/dev/tools/test/h5diff/expected/h5diff_udfail.txt /home/byrn/HDF_Projects/hdf5/build/ci-StdShar-GNUC/tools/test/h5diff/testfiles/h5diff_udfail.txt
[1544/4114] cd /home/byrn/HDF_Projects/hdf5/build/ci-StdShar-GNUC/tools/test/h5diff && /usr/bin/cmake -E copy_if_different /home/byrn/HDF_Projects/hdf5/dev/tools/test/h5diff/testfiles/h5diff_types.h5 /home/byrn/HDF_Projects/hdf5/build/ci-StdShar-GNUC/tools/test/h5diff/testfiles/h5diff_types.h5
[1545/4114] cd /home/byrn/HDF_Projects/hdf5/build/ci-StdShar-GNUC/tools/test/h5diff && /usr/bin/cmake -E copy_if_different /home/byrn/HDF_Projects/hdf5/dev/tools/test/h5diff/expected/h5diff_v1.txt /home/byrn/HDF_Projects/hdf5/build/ci-StdShar-GNUC/tools/test/h5diff/testfiles/h5diff_v1.txt
[1546/4114] cd /home/byrn/HDF_Projects/hdf5/build/ci-StdShar-GNUC/tools/test/h5diff && /usr/bin/cmake -E copy_if_different /home/byrn/HDF_Projects/hdf5/dev/tools/test/h5diff/expected/h5diff_v2.txt /home/byrn/HDF_Projects/hdf5/build/ci-StdShar-GNUC/tools/test/h5diff/testfiles/h5diff_v2.txt
[1547/4114] cd /home/byrn/HDF_Projects/hdf5/build/ci-StdShar-GNUC/tools/test/h5diff && /usr/bin/cmake -E copy_if_different /home/byrn/HDF_Projects/hdf5/dev/tools/test/h5diff/expected/h5diff_vlstr.txt /home/byrn/HDF_Projects/hdf5/build/ci-StdShar-GNUC/tools/test/h5diff/testfiles/h5diff_vlstr.txt
[1548/4114] cd /home/byrn/HDF_Projects/hdf5/build/ci-StdShar-GNUC/tools/test/h5diff && /usr/bin/cmake -E copy_if_different /home/byrn/HDF_Projects/hdf5/dev/tools/test/h5diff/expected/h5diff_v3.txt /home/byrn/HDF_Projects/hdf5/build/ci-StdShar-GNUC/tools/test/h5diff/testfiles/h5diff_v3.txt
[1549/4114] cd /home/byrn/HDF_Projects/hdf5/build/ci-StdShar-GNUC/tools/test/h5diff && /usr/bin/cmake -E copy_if_different /home/byrn/HDF_Projects/hdf5/dev/tools/test/h5diff/testfiles/non_comparables2.h5 /home/byrn/HDF_Projects/hdf5/build/ci-StdShar-GNUC/tools/test/h5diff/testfiles/non_comparables2.h5
[1550/4114] cd /home/byrn/HDF_Projects/hdf5/build/ci-StdShar-GNUC/tools/test/h5diff && /usr/bin/cmake -E copy_if_different /home/byrn/HDF_Projects/hdf5/dev/tools/test/h5diff/testfiles/non_comparables1.h5 /home/byrn/HDF_Projects/hdf5/build/ci-StdShar-GNUC/tools/test/h5diff/testfiles/non_comparables1.h5
[1551/4114] cd /home/byrn/HDF_Projects/hdf5/build/ci-StdShar-GNUC/tools/test/h5diff && /usr/bin/cmake -E copy_if_different /home/byrn/HDF_Projects/hdf5/dev/tools/test/h5dump/testfiles/trefer_compat.h5 /home/byrn/HDF_Projects/hdf5/build/ci-StdShar-GNUC/tools/test/h5diff/testfiles/trefer_compat.h5
[1552/4114] cd /home/byrn/HDF_Projects/hdf5/build/ci-StdShar-GNUC/tools/test/h5diff && /usr/bin/cmake -E copy_if_different /home/byrn/HDF_Projects/hdf5/dev/tools/test/h5dump/testfiles/trefer_ext1.h5 /home/byrn/HDF_Projects/hdf5/build/ci-StdShar-GNUC/tools/test/h5diff/testfiles/trefer_ext1.h5
[1553/4114] cd /home/byrn/HDF_Projects/hdf5/build/ci-StdShar-GNUC/tools/test/h5diff && /usr/bin/cmake -E copy_if_different /home/byrn/HDF_Projects/hdf5/dev/tools/test/h5dump/testfiles/trefer_attr.h5 /home/byrn/HDF_Projects/hdf5/build/ci-StdShar-GNUC/tools/test/h5diff/testfiles/trefer_attr.h5
[1554/4114] cd /home/byrn/HDF_Projects/hdf5/build/ci-StdShar-GNUC/tools/test/h5diff && /usr/bin/cmake -E copy_if_different /home/byrn/HDF_Projects/hdf5/dev/tools/test/h5dump/testfiles/trefer_grp.h5 /home/byrn/HDF_Projects/hdf5/build/ci-StdShar-GNUC/tools/test/h5diff/testfiles/trefer_grp.h5
[1555/4114] cd /home/byrn/HDF_Projects/hdf5/build/ci-StdShar-GNUC/tools/test/h5diff && /usr/bin/cmake -E copy_if_different /home/byrn/HDF_Projects/hdf5/dev/tools/test/h5dump/testfiles/trefer_ext2.h5 /home/byrn/HDF_Projects/hdf5/build/ci-StdShar-GNUC/tools/test/h5diff/testfiles/trefer_ext2.h5
[1556/4114] cd /home/byrn/HDF_Projects/hdf5/build/ci-StdShar-GNUC/tools/test/h5diff && /usr/bin/cmake -E copy_if_different /home/byrn/HDF_Projects/hdf5/dev/tools/test/h5dump/testfiles/trefer_obj_del.h5 /home/byrn/HDF_Projects/hdf5/build/ci-StdShar-GNUC/tools/test/h5diff/testfiles/trefer_obj_del.h5
[1557/4114] cd /home/byrn/HDF_Projects/hdf5/build/ci-StdShar-GNUC/tools/test/h5diff && /usr/bin/cmake -E copy_if_different /home/byrn/HDF_Projects/hdf5/dev/tools/test/h5dump/testfiles/trefer_obj.h5 /home/byrn/HDF_Projects/hdf5/build/ci-StdShar-GNUC/tools/test/h5diff/testfiles/trefer_obj.h5
[1558/4114] cd /home/byrn/HDF_Projects/hdf5/build/ci-StdShar-GNUC/tools/test/h5diff && /usr/bin/cmake -E copy_if_different /home/byrn/HDF_Projects/hdf5/dev/tools/test/h5dump/testfiles/trefer_reg.h5 /home/byrn/HDF_Projects/hdf5/build/ci-StdShar-GNUC/tools/test/h5diff/testfiles/trefer_reg.h5
[1559/4114] cd /home/byrn/HDF_Projects/hdf5/build/ci-StdShar-GNUC/tools/test/h5diff && /usr/bin/cmake -E copy_if_different /home/byrn/HDF_Projects/hdf5/dev/tools/test/h5dump/testfiles/trefer_param.h5 /home/byrn/HDF_Projects/hdf5/build/ci-StdShar-GNUC/tools/test/h5diff/testfiles/trefer_param.h5
[1560/4114] cd /home/byrn/HDF_Projects/hdf5/build/ci-StdShar-GNUC/tools/test/h5diff && /usr/bin/cmake -E copy_if_different /home/byrn/HDF_Projects/hdf5/dev/tools/test/h5dump/testfiles/trefer_reg_1d.h5 /home/byrn/HDF_Projects/hdf5/build/ci-StdShar-GNUC/tools/test/h5diff/testfiles/trefer_reg_1d.h5
[1561/4114] cd /home/byrn/HDF_Projects/hdf5/build/ci-StdShar-GNUC/tools/test/h5diff && /usr/bin/cmake -E copy_if_different /home/byrn/HDF_Projects/hdf5/dev/tools/test/h5diff/testfiles/tudfilter2.h5 /home/byrn/HDF_Projects/hdf5/build/ci-StdShar-GNUC/tools/test/h5diff/testfiles/tudfilter2.h5
[1562/4114] cd /home/byrn/HDF_Projects/hdf5/build/ci-StdShar-GNUC/tools/test/h5diff && /usr/bin/cmake -E copy_if_different /home/byrn/HDF_Projects/hdf5/dev/tools/test/h5dump/testfiles/tvlstr.h5 /home/byrn/HDF_Projects/hdf5/build/ci-StdShar-GNUC/tools/test/h5diff/testfiles/tvlstr.h5
[1563/4114] cd /home/byrn/HDF_Projects/hdf5/build/ci-StdShar-GNUC/tools/test/h5diff && /usr/bin/cmake -E copy_if_different /home/byrn/HDF_Projects/hdf5/dev/tools/test/h5dump/testfiles/tvlstr.h5 /home/byrn/HDF_Projects/hdf5/build/ci-StdShar-GNUC/tools/test/h5diff/testfiles/tvlstr2.h5
[1564/4114] cd /home/byrn/HDF_Projects/hdf5/build/ci-StdShar-GNUC/tools/test/h5diff && /usr/bin/cmake -E copy_if_different /home/byrn/HDF_Projects/hdf5/dev/tools/test/h5diff/testfiles/tudfilter.h5 /home/byrn/HDF_Projects/hdf5/build/ci-StdShar-GNUC/tools/test/h5diff/testfiles/tudfilter.h5
[1565/4114] cd /home/byrn/HDF_Projects/hdf5/build/ci-StdShar-GNUC/tools/test/h5ls && /usr/bin/cmake -E copy_if_different /home/byrn/HDF_Projects/hdf5/dev/tools/test/h5ls/expected/help-1.ls /home/byrn/HDF_Projects/hdf5/build/ci-StdShar-GNUC/tools/test/h5ls/testfiles/help-1.ls
[1566/4114] cd /home/byrn/HDF_Projects/hdf5/build/ci-StdShar-GNUC/tools/test/h5ls && /usr/bin/cmake -E copy_if_different /home/byrn/HDF_Projects/hdf5/dev/tools/test/h5ls/expected/help-2.ls /home/byrn/HDF_Projects/hdf5/build/ci-StdShar-GNUC/tools/test/h5ls/testfiles/help-2.ls
[1567/4114] cd /home/byrn/HDF_Projects/hdf5/build/ci-StdShar-GNUC/tools/test/h5ls && /usr/bin/cmake -E copy_if_different /home/byrn/HDF_Projects/hdf5/dev/tools/test/h5ls/expected/nosuchfile.ls /home/byrn/HDF_Projects/hdf5/build/ci-StdShar-GNUC/tools/test/h5ls/testfiles/nosuchfile.ls
[1568/4114] cd /home/byrn/HDF_Projects/hdf5/build/ci-StdShar-GNUC/tools/test/h5ls && /usr/bin/cmake -E copy_if_different /home/byrn/HDF_Projects/hdf5/dev/tools/test/h5ls/expected/tall-1.ls /home/byrn/HDF_Projects/hdf5/build/ci-StdShar-GNUC/tools/test/h5ls/testfiles/tall-1.ls
[1569/4114] cd /home/byrn/HDF_Projects/hdf5/build/ci-StdShar-GNUC/tools/test/h5ls && /usr/bin/cmake -E copy_if_different /home/byrn/HDF_Projects/hdf5/dev/tools/test/h5ls/expected/help-3.ls /home/byrn/HDF_Projects/hdf5/build/ci-StdShar-GNUC/tools/test/h5ls/testfiles/help-3.ls
[1570/4114] cd /home/byrn/HDF_Projects/hdf5/build/ci-StdShar-GNUC/tools/test/h5ls && /usr/bin/cmake -E copy_if_different /home/byrn/HDF_Projects/hdf5/dev/tools/test/h5ls/expected/tall-2.ls /home/byrn/HDF_Projects/hdf5/build/ci-StdShar-GNUC/tools/test/h5ls/testfiles/tall-2.ls
[1571/4114] cd /home/byrn/HDF_Projects/hdf5/build/ci-StdShar-GNUC/tools/test/h5ls && /usr/bin/cmake -E copy_if_different /home/byrn/HDF_Projects/hdf5/dev/tools/test/h5ls/expected/tarray1.ls /home/byrn/HDF_Projects/hdf5/build/ci-StdShar-GNUC/tools/test/h5ls/testfiles/tarray1.ls
[1572/4114] cd /home/byrn/HDF_Projects/hdf5/build/ci-StdShar-GNUC/tools/test/h5ls && /usr/bin/cmake -E copy_if_different /home/byrn/HDF_Projects/hdf5/dev/tools/test/h5dump/testfiles/tattr2.h5 /home/byrn/HDF_Projects/hdf5/build/ci-StdShar-GNUC/tools/test/h5ls/testfiles/tattr2.h5
[1573/4114] cd /home/byrn/HDF_Projects/hdf5/build/ci-StdShar-GNUC/tools/test/h5ls && /usr/bin/cmake -E copy_if_different /home/byrn/HDF_Projects/hdf5/dev/tools/test/h5dump/testfiles/tall.h5 /home/byrn/HDF_Projects/hdf5/build/ci-StdShar-GNUC/tools/test/h5ls/testfiles/tall.h5
[1574/4114] cd /home/byrn/HDF_Projects/hdf5/build/ci-StdShar-GNUC/tools/test/h5ls && /usr/bin/cmake -E copy_if_different /home/byrn/HDF_Projects/hdf5/dev/tools/test/h5dump/testfiles/tarray1.h5 /home/byrn/HDF_Projects/hdf5/build/ci-StdShar-GNUC/tools/test/h5ls/testfiles/tarray1.h5
[1575/4114] cd /home/byrn/HDF_Projects/hdf5/build/ci-StdShar-GNUC/tools/test/h5ls && /usr/bin/cmake -E copy_if_different /home/byrn/HDF_Projects/hdf5/dev/tools/test/h5ls/expected/tattr2.ls /home/byrn/HDF_Projects/hdf5/build/ci-StdShar-GNUC/tools/test/h5ls/testfiles/tattr2.ls
[1576/4114] cd /home/byrn/HDF_Projects/hdf5/build/ci-StdShar-GNUC/tools/test/h5ls && /usr/bin/cmake -E copy_if_different /home/byrn/HDF_Projects/hdf5/dev/tools/test/h5dump/testfiles/tattrreg.h5 /home/byrn/HDF_Projects/hdf5/build/ci-StdShar-GNUC/tools/test/h5ls/testfiles/tattrreg.h5
[1577/4114] cd /home/byrn/HDF_Projects/hdf5/build/ci-StdShar-GNUC/tools/test/h5ls && /usr/bin/cmake -E copy_if_different /home/byrn/HDF_Projects/hdf5/dev/tools/test/h5ls/expected/tattrreg_be.ls /home/byrn/HDF_Projects/hdf5/build/ci-StdShar-GNUC/tools/test/h5ls/testfiles/tattrreg_be.ls
[1578/4114] cd /home/byrn/HDF_Projects/hdf5/build/ci-StdShar-GNUC/tools/test/h5ls && /usr/bin/cmake -E copy_if_different /home/byrn/HDF_Projects/hdf5/dev/tools/test/h5ls/expected/tcomp-1.ls /home/byrn/HDF_Projects/hdf5/build/ci-StdShar-GNUC/tools/test/h5ls/testfiles/tcomp-1.ls
[1579/4114] cd /home/byrn/HDF_Projects/hdf5/build/ci-StdShar-GNUC/tools/test/h5ls && /usr/bin/cmake -E copy_if_different /home/byrn/HDF_Projects/hdf5/dev/tools/test/h5dump/testfiles/tcompound.h5 /home/byrn/HDF_Projects/hdf5/build/ci-StdShar-GNUC/tools/test/h5ls/testfiles/tcompound.h5
[1580/4114] cd /home/byrn/HDF_Projects/hdf5/build/ci-StdShar-GNUC/tools/test/h5ls && /usr/bin/cmake -E copy_if_different /home/byrn/HDF_Projects/hdf5/dev/tools/test/h5dump/testfiles/tdatareg.h5 /home/byrn/HDF_Projects/hdf5/build/ci-StdShar-GNUC/tools/test/h5ls/testfiles/tdatareg.h5
[1581/4114] cd /home/byrn/HDF_Projects/hdf5/build/ci-StdShar-GNUC/tools/test/h5ls && /usr/bin/cmake -E copy_if_different /home/byrn/HDF_Projects/hdf5/dev/tools/test/h5ls/expected/tattrreg_le.ls /home/byrn/HDF_Projects/hdf5/build/ci-StdShar-GNUC/tools/test/h5ls/testfiles/tattrreg_le.ls
[1582/4114] cd /home/byrn/HDF_Projects/hdf5/build/ci-StdShar-GNUC/tools/test/h5ls && /usr/bin/cmake -E copy_if_different /home/byrn/HDF_Projects/hdf5/dev/tools/test/h5ls/expected/tdataregbe.ls /home/byrn/HDF_Projects/hdf5/build/ci-StdShar-GNUC/tools/test/h5ls/testfiles/tdataregbe.ls
[1583/4114] cd /home/byrn/HDF_Projects/hdf5/build/ci-StdShar-GNUC/tools/test/h5ls && /usr/bin/cmake -E copy_if_different /home/byrn/HDF_Projects/hdf5/dev/tools/test/h5ls/expected/tdataregle.ls /home/byrn/HDF_Projects/hdf5/build/ci-StdShar-GNUC/tools/test/h5ls/testfiles/tdataregle.ls
[1584/4114] cd /home/byrn/HDF_Projects/hdf5/build/ci-StdShar-GNUC/tools/test/h5ls && /usr/bin/cmake -E copy_if_different /home/byrn/HDF_Projects/hdf5/dev/tools/test/h5ls/testfiles/tdset_idx.h5 /home/byrn/HDF_Projects/hdf5/build/ci-StdShar-GNUC/tools/test/h5ls/testfiles/tdset_idx.h5
[1585/4114] cd /home/byrn/HDF_Projects/hdf5/build/ci-StdShar-GNUC/tools/test/h5ls && /usr/bin/cmake -E copy_if_different /home/byrn/HDF_Projects/hdf5/dev/tools/test/h5dump/testfiles/tdset.h5 /home/byrn/HDF_Projects/hdf5/build/ci-StdShar-GNUC/tools/test/h5ls/testfiles/tdset.h5
[1586/4114] cd /home/byrn/HDF_Projects/hdf5/build/ci-StdShar-GNUC/tools/test/h5ls && /usr/bin/cmake -E copy_if_different /home/byrn/HDF_Projects/hdf5/dev/tools/test/h5ls/expected/tdset-1.ls /home/byrn/HDF_Projects/hdf5/build/ci-StdShar-GNUC/tools/test/h5ls/testfiles/tdset-1.ls
[1587/4114] cd /home/byrn/HDF_Projects/hdf5/build/ci-StdShar-GNUC/tools/test/h5ls && /usr/bin/cmake -E copy_if_different /home/byrn/HDF_Projects/hdf5/dev/tools/test/h5ls/expected/tdset_idx.ls /home/byrn/HDF_Projects/hdf5/build/ci-StdShar-GNUC/tools/test/h5ls/testfiles/tdset_idx.ls
[1588/4114] cd /home/byrn/HDF_Projects/hdf5/build/ci-StdShar-GNUC/tools/test/h5ls && /usr/bin/cmake -E copy_if_different /home/byrn/HDF_Projects/hdf5/dev/tools/test/h5dump/testfiles/tempty.h5 /home/byrn/HDF_Projects/hdf5/build/ci-StdShar-GNUC/tools/test/h5ls/testfiles/tempty.h5
[1589/4114] cd /home/byrn/HDF_Projects/hdf5/build/ci-StdShar-GNUC/tools/test/h5ls && /usr/bin/cmake -E copy_if_different /home/byrn/HDF_Projects/hdf5/dev/tools/test/h5ls/expected/textlink-1.ls /home/byrn/HDF_Projects/hdf5/build/ci-StdShar-GNUC/tools/test/h5ls/testfiles/textlink-1.ls
[1590/4114] cd /home/byrn/HDF_Projects/hdf5/build/ci-StdShar-GNUC/tools/test/h5ls && /usr/bin/cmake -E copy_if_different /home/byrn/HDF_Projects/hdf5/dev/tools/test/h5ls/expected/textlinksrc-1-old.ls /home/byrn/HDF_Projects/hdf5/build/ci-StdShar-GNUC/tools/test/h5ls/testfiles/textlinksrc-1-old.ls
[1591/4114] cd /home/byrn/HDF_Projects/hdf5/build/ci-StdShar-GNUC/tools/test/h5ls && /usr/bin/cmake -E copy_if_different /home/byrn/HDF_Projects/hdf5/dev/tools/test/h5ls/expected/textlinksrc-1.ls /home/byrn/HDF_Projects/hdf5/build/ci-StdShar-GNUC/tools/test/h5ls/testfiles/textlinksrc-1.ls
[1592/4114] cd /home/byrn/HDF_Projects/hdf5/build/ci-StdShar-GNUC/tools/test/h5ls && /usr/bin/cmake -E copy_if_different /home/byrn/HDF_Projects/hdf5/dev/tools/test/h5ls/expected/tempty.ls /home/byrn/HDF_Projects/hdf5/build/ci-StdShar-GNUC/tools/test/h5ls/testfiles/tempty.ls
[1593/4114] cd /home/byrn/HDF_Projects/hdf5/build/ci-StdShar-GNUC/tools/test/h5ls && /usr/bin/cmake -E copy_if_different /home/byrn/HDF_Projects/hdf5/dev/tools/test/h5dump/testfiles/textlink.h5 /home/byrn/HDF_Projects/hdf5/build/ci-StdShar-GNUC/tools/test/h5ls/testfiles/textlink.h5
[1594/4114] cd /home/byrn/HDF_Projects/hdf5/build/ci-StdShar-GNUC/tools/test/h5ls && /usr/bin/cmake -E copy_if_different /home/byrn/HDF_Projects/hdf5/dev/tools/test/h5ls/expected/textlinksrc-2-old.ls /home/byrn/HDF_Projects/hdf5/build/ci-StdShar-GNUC/tools/test/h5ls/testfiles/textlinksrc-2-old.ls
[1595/4114] /usr/bin/cc -DH5_BUILT_AS_DYNAMIC_LIB -D_FILE_OFFSET_BITS=64 -D_GNU_SOURCE -D_LARGEFILE_SOURCE -D_POSIX_C_SOURCE=200809L -Ddynlibls_EXPORTS -I/home/byrn/HDF_Projects/hdf5/dev/src -I/home/byrn/HDF_Projects/hdf5/dev/src/H5FDsubfiling -I/home/byrn/HDF_Projects/hdf5/build/ci-StdShar-GNUC/src -std=c99  -fstdarg-opt -fdiagnostics-urls=never -fno-diagnostics-color -fmessage-length=0 -O2 -g -DNDEBUG -std=gnu99 -fPIC -MD -MT tools/test/h5ls/CMakeFiles/dynlibls.dir/dynlib_ls.c.o -MF tools/test/h5ls/CMakeFiles/dynlibls.dir/dynlib_ls.c.o.d -o tools/test/h5ls/CMakeFiles/dynlibls.dir/dynlib_ls.c.o -c /home/byrn/HDF_Projects/hdf5/dev/tools/test/h5ls/dynlib_ls.c
[1596/4114] cd /home/byrn/HDF_Projects/hdf5/build/ci-StdShar-GNUC/tools/test/h5ls && /usr/bin/cmake -E copy_if_different /home/byrn/HDF_Projects/hdf5/dev/tools/test/h5ls/expected/textlinksrc-3-old.ls /home/byrn/HDF_Projects/hdf5/build/ci-StdShar-GNUC/tools/test/h5ls/testfiles/textlinksrc-3-old.ls
[1597/4114] cd /home/byrn/HDF_Projects/hdf5/build/ci-StdShar-GNUC/tools/test/h5ls && /usr/bin/cmake -E copy_if_different /home/byrn/HDF_Projects/hdf5/dev/tools/test/h5ls/expected/textlinksrc-2.ls /home/byrn/HDF_Projects/hdf5/build/ci-StdShar-GNUC/tools/test/h5ls/testfiles/textlinksrc-2.ls
[1598/4114] cd /home/byrn/HDF_Projects/hdf5/build/ci-StdShar-GNUC/tools/test/h5ls && /usr/bin/cmake -E copy_if_different /home/byrn/HDF_Projects/hdf5/dev/tools/test/h5ls/expected/textlinksrc-4.ls /home/byrn/HDF_Projects/hdf5/build/ci-StdShar-GNUC/tools/test/h5ls/testfiles/textlinksrc-4.ls
[1599/4114] cd /home/byrn/HDF_Projects/hdf5/build/ci-StdShar-GNUC/tools/test/h5ls && /usr/bin/cmake -E copy_if_different /home/byrn/HDF_Projects/hdf5/dev/tools/test/h5ls/expected/textlinksrc-3.ls /home/byrn/HDF_Projects/hdf5/build/ci-StdShar-GNUC/tools/test/h5ls/testfiles/textlinksrc-3.ls
[1600/4114] cd /home/byrn/HDF_Projects/hdf5/build/ci-StdShar-GNUC/tools/test/h5ls && /usr/bin/cmake -E copy_if_different /home/byrn/HDF_Projects/hdf5/dev/tools/test/h5ls/expected/textlinksrc-5.ls /home/byrn/HDF_Projects/hdf5/build/ci-StdShar-GNUC/tools/test/h5ls/testfiles/textlinksrc-5.ls
[1601/4114] cd /home/byrn/HDF_Projects/hdf5/build/ci-StdShar-GNUC/tools/test/h5ls && /usr/bin/cmake -E copy_if_different /home/byrn/HDF_Projects/hdf5/dev/tools/test/h5ls/expected/textlinksrc-6-old.ls /home/byrn/HDF_Projects/hdf5/build/ci-StdShar-GNUC/tools/test/h5ls/testfiles/textlinksrc-6-old.ls
[1602/4114] cd /home/byrn/HDF_Projects/hdf5/build/ci-StdShar-GNUC/tools/test/h5ls && /usr/bin/cmake -E copy_if_different /home/byrn/HDF_Projects/hdf5/dev/tools/test/h5ls/expected/textlinksrc-7-old.ls /home/byrn/HDF_Projects/hdf5/build/ci-StdShar-GNUC/tools/test/h5ls/testfiles/textlinksrc-7-old.ls
[1603/4114] cd /home/byrn/HDF_Projects/hdf5/build/ci-StdShar-GNUC/tools/test/h5ls && /usr/bin/cmake -E copy_if_different /home/byrn/HDF_Projects/hdf5/dev/tools/test/h5ls/expected/textlinksrc-7.ls /home/byrn/HDF_Projects/hdf5/build/ci-StdShar-GNUC/tools/test/h5ls/testfiles/textlinksrc-7.ls
[1604/4114] cd /home/byrn/HDF_Projects/hdf5/build/ci-StdShar-GNUC/tools/test/h5ls && /usr/bin/cmake -E copy_if_different /home/byrn/HDF_Projects/hdf5/dev/tools/test/h5ls/expected/textlinksrc-6.ls /home/byrn/HDF_Projects/hdf5/build/ci-StdShar-GNUC/tools/test/h5ls/testfiles/textlinksrc-6.ls
[1605/4114] cd /home/byrn/HDF_Projects/hdf5/build/ci-StdShar-GNUC/tools/test/h5ls && /usr/bin/cmake -E copy_if_different /home/byrn/HDF_Projects/hdf5/dev/tools/test/h5ls/expected/textlinksrc-nodangle-2.ls /home/byrn/HDF_Projects/hdf5/build/ci-StdShar-GNUC/tools/test/h5ls/testfiles/textlinksrc-nodangle-2.ls
[1606/4114] cd /home/byrn/HDF_Projects/hdf5/build/ci-StdShar-GNUC/tools/test/h5ls && /usr/bin/cmake -E copy_if_different /home/byrn/HDF_Projects/hdf5/dev/tools/test/h5ls/expected/textlinksrc-nodangle-1.ls /home/byrn/HDF_Projects/hdf5/build/ci-StdShar-GNUC/tools/test/h5ls/testfiles/textlinksrc-nodangle-1.ls
[1607/4114] cd /home/byrn/HDF_Projects/hdf5/build/ci-StdShar-GNUC/tools/test/h5ls && /usr/bin/cmake -E copy_if_different /home/byrn/HDF_Projects/hdf5/dev/tools/test/h5dump/testfiles/textlinksrc.h5 /home/byrn/HDF_Projects/hdf5/build/ci-StdShar-GNUC/tools/test/h5ls/testfiles/textlinksrc.h5
[1608/4114] cd /home/byrn/HDF_Projects/hdf5/build/ci-StdShar-GNUC/tools/test/h5ls && /usr/bin/cmake -E copy_if_different /home/byrn/HDF_Projects/hdf5/dev/tools/test/h5dump/testfiles/textlinktar.h5 /home/byrn/HDF_Projects/hdf5/build/ci-StdShar-GNUC/tools/test/h5ls/testfiles/textlinktar.h5
[1609/4114] cd /home/byrn/HDF_Projects/hdf5/build/ci-StdShar-GNUC/tools/test/h5ls && /usr/bin/cmake -E copy_if_different /home/byrn/HDF_Projects/hdf5/dev/tools/test/h5dump/testfiles/tfloat16.h5 /home/byrn/HDF_Projects/hdf5/build/ci-StdShar-GNUC/tools/test/h5ls/testfiles/tfloat16.h5
[1610/4114] cd /home/byrn/HDF_Projects/hdf5/build/ci-StdShar-GNUC/tools/test/h5ls && /usr/bin/cmake -E copy_if_different /home/byrn/HDF_Projects/hdf5/dev/tools/test/h5ls/expected/tfloat16.ls /home/byrn/HDF_Projects/hdf5/build/ci-StdShar-GNUC/tools/test/h5ls/testfiles/tfloat16.ls
[1611/4114] cd /home/byrn/HDF_Projects/hdf5/build/ci-StdShar-GNUC/tools/test/h5ls && /usr/bin/cmake -E copy_if_different /home/byrn/HDF_Projects/hdf5/dev/tools/test/h5dump/testfiles/tfloat16_be.h5 /home/byrn/HDF_Projects/hdf5/build/ci-StdShar-GNUC/tools/test/h5ls/testfiles/tfloat16_be.h5
[1612/4114] cd /home/byrn/HDF_Projects/hdf5/build/ci-StdShar-GNUC/tools/test/h5ls && /usr/bin/cmake -E copy_if_different /home/byrn/HDF_Projects/hdf5/dev/tools/test/h5ls/expected/tfloat16_be.ls /home/byrn/HDF_Projects/hdf5/build/ci-StdShar-GNUC/tools/test/h5ls/testfiles/tfloat16_be.ls
[1613/4114] cd /home/byrn/HDF_Projects/hdf5/build/ci-StdShar-GNUC/tools/test/h5ls && /usr/bin/cmake -E copy_if_different /home/byrn/HDF_Projects/hdf5/dev/tools/test/h5ls/expected/tfloat16_be_nosupport.ls /home/byrn/HDF_Projects/hdf5/build/ci-StdShar-GNUC/tools/test/h5ls/testfiles/tfloat16_be_nosupport.ls
[1614/4114] cd /home/byrn/HDF_Projects/hdf5/build/ci-StdShar-GNUC/tools/test/h5ls && /usr/bin/cmake -E copy_if_different /home/byrn/HDF_Projects/hdf5/dev/tools/test/h5ls/expected/tfloat16_nosupport.ls /home/byrn/HDF_Projects/hdf5/build/ci-StdShar-GNUC/tools/test/h5ls/testfiles/tfloat16_nosupport.ls
[1615/4114] : && /usr/bin/cc -fPIC -std=c99  -fstdarg-opt -fdiagnostics-urls=never -fno-diagnostics-color -fmessage-length=0 -O2 -g -DNDEBUG   -shared -Wl,-soname,libdynlibls.so.1000 -o bin/libdynlibls.so.1000.0.0 tools/test/h5ls/CMakeFiles/dynlibls.dir/dynlib_ls.c.o  -Wl,-rpath,"\$ORIGIN/../lib:\$ORIGIN/"  bin/libhdf5.so.1000.0.0  -ldl && :
[1616/4114] cd /home/byrn/HDF_Projects/hdf5/build/ci-StdShar-GNUC/tools/test/h5ls && /usr/bin/cmake -E copy_if_different /home/byrn/HDF_Projects/hdf5/dev/tools/test/h5ls/expected/tgroup-3.ls /home/byrn/HDF_Projects/hdf5/build/ci-StdShar-GNUC/tools/test/h5ls/testfiles/tgroup-3.ls
[1617/4114] cd /home/byrn/HDF_Projects/hdf5/build/ci-StdShar-GNUC/tools/test/h5ls && /usr/bin/cmake -E copy_if_different /home/byrn/HDF_Projects/hdf5/dev/tools/test/h5ls/expected/tgroup-2.ls /home/byrn/HDF_Projects/hdf5/build/ci-StdShar-GNUC/tools/test/h5ls/testfiles/tgroup-2.ls
[1618/4114] cd /home/byrn/HDF_Projects/hdf5/build/ci-StdShar-GNUC/tools/test/h5ls && /usr/bin/cmake -E copy_if_different /home/byrn/HDF_Projects/hdf5/dev/tools/test/h5ls/expected/tgroup-1.ls /home/byrn/HDF_Projects/hdf5/build/ci-StdShar-GNUC/tools/test/h5ls/testfiles/tgroup-1.ls
[1619/4114] cd /home/byrn/HDF_Projects/hdf5/build/ci-StdShar-GNUC/tools/test/h5ls && /usr/bin/cmake -E copy_if_different /home/byrn/HDF_Projects/hdf5/dev/tools/test/h5dump/testfiles/tgroup.h5 /home/byrn/HDF_Projects/hdf5/build/ci-StdShar-GNUC/tools/test/h5ls/testfiles/tgroup.h5
[1620/4114] cd /home/byrn/HDF_Projects/hdf5/build/ci-StdShar-GNUC/tools/test/h5ls && /usr/bin/cmake -E copy_if_different /home/byrn/HDF_Projects/hdf5/dev/tools/test/h5ls/expected/tgroup.ls /home/byrn/HDF_Projects/hdf5/build/ci-StdShar-GNUC/tools/test/h5ls/testfiles/tgroup.ls
[1621/4114] cd /home/byrn/HDF_Projects/hdf5/build/ci-StdShar-GNUC/tools/test/h5ls && /usr/bin/cmake -E copy_if_different /home/byrn/HDF_Projects/hdf5/dev/tools/test/h5dump/testfiles/tgrp_comments.h5 /home/byrn/HDF_Projects/hdf5/build/ci-StdShar-GNUC/tools/test/h5ls/testfiles/tgrp_comments.h5
[1622/4114] cd /home/byrn/HDF_Projects/hdf5/build/ci-StdShar-GNUC/tools/test/h5ls && /usr/bin/cmake -E copy_if_different /home/byrn/HDF_Projects/hdf5/dev/tools/test/h5ls/expected/tgrp_comments.ls /home/byrn/HDF_Projects/hdf5/build/ci-StdShar-GNUC/tools/test/h5ls/testfiles/tgrp_comments.ls
[1623/4114] cd /home/byrn/HDF_Projects/hdf5/build/ci-StdShar-GNUC/tools/test/h5ls && /usr/bin/cmake -E copy_if_different /home/byrn/HDF_Projects/hdf5/dev/tools/test/h5dump/testfiles/tgrpnullspace.h5 /home/byrn/HDF_Projects/hdf5/build/ci-StdShar-GNUC/tools/test/h5ls/testfiles/tgrpnullspace.h5
[1624/4114] cd /home/byrn/HDF_Projects/hdf5/build/ci-StdShar-GNUC/tools/test/h5ls && /usr/bin/cmake -E copy_if_different /home/byrn/HDF_Projects/hdf5/dev/tools/test/h5ls/expected/thlink-1.ls /home/byrn/HDF_Projects/hdf5/build/ci-StdShar-GNUC/tools/test/h5ls/testfiles/thlink-1.ls
[1625/4114] cd /home/byrn/HDF_Projects/hdf5/build/ci-StdShar-GNUC/tools/test/h5ls && /usr/bin/cmake -E copy_if_different /home/byrn/HDF_Projects/hdf5/dev/tools/test/h5ls/expected/tgrpnullspace.ls /home/byrn/HDF_Projects/hdf5/build/ci-StdShar-GNUC/tools/test/h5ls/testfiles/tgrpnullspace.ls
[1626/4114] cd /home/byrn/HDF_Projects/hdf5/build/ci-StdShar-GNUC/tools/test/h5ls && /usr/bin/cmake -E copy_if_different /home/byrn/HDF_Projects/hdf5/dev/tools/test/h5ls/expected/thlinks-nodangle-1.ls /home/byrn/HDF_Projects/hdf5/build/ci-StdShar-GNUC/tools/test/h5ls/testfiles/thlinks-nodangle-1.ls
[1627/4114] cd /home/byrn/HDF_Projects/hdf5/build/ci-StdShar-GNUC/tools/test/h5ls && /usr/bin/cmake -E copy_if_different /home/byrn/HDF_Projects/hdf5/dev/tools/test/h5dump/testfiles/thlink.h5 /home/byrn/HDF_Projects/hdf5/build/ci-StdShar-GNUC/tools/test/h5ls/testfiles/thlink.h5
[1628/4114] cd /home/byrn/HDF_Projects/hdf5/build/ci-StdShar-GNUC/tools/test/h5ls && /usr/bin/cmake -E copy_if_different /home/byrn/HDF_Projects/hdf5/dev/tools/test/h5ls/expected/tloop-1.ls /home/byrn/HDF_Projects/hdf5/build/ci-StdShar-GNUC/tools/test/h5ls/testfiles/tloop-1.ls
[1629/4114] /usr/bin/cmake -E cmake_symlink_library bin/libdynlibls.so.1000.0.0  bin/libdynlibls.so.1000 bin/libdynlibls.so && cd /home/byrn/HDF_Projects/hdf5/build/ci-StdShar-GNUC/tools/test/h5ls && /usr/bin/cmake -E copy_if_different /home/byrn/HDF_Projects/hdf5/build/ci-StdShar-GNUC/bin/libdynlibls.so.1000.0.0 /home/byrn/HDF_Projects/hdf5/build/ci-StdShar-GNUC/plugins/libdynlibls.so.1000.0.0
[1630/4114] cd /home/byrn/HDF_Projects/hdf5/build/ci-StdShar-GNUC/tools/test/h5ls && /usr/bin/cmake -E copy_if_different /home/byrn/HDF_Projects/hdf5/dev/tools/test/h5dump/testfiles/tloop.h5 /home/byrn/HDF_Projects/hdf5/build/ci-StdShar-GNUC/tools/test/h5ls/testfiles/tloop.h5
[1631/4114] cd /home/byrn/HDF_Projects/hdf5/build/ci-StdShar-GNUC/tools/test/h5ls && /usr/bin/cmake -E copy_if_different /home/byrn/HDF_Projects/hdf5/dev/tools/test/h5ls/expected/tmultifile.ls /home/byrn/HDF_Projects/hdf5/build/ci-StdShar-GNUC/tools/test/h5ls/testfiles/tmultifile.ls
[1632/4114] cd /home/byrn/HDF_Projects/hdf5/build/ci-StdShar-GNUC/tools/test/h5ls && /usr/bin/cmake -E copy_if_different /home/byrn/HDF_Projects/hdf5/dev/tools/test/h5ls/expected/tnestcomp-1.ls /home/byrn/HDF_Projects/hdf5/build/ci-StdShar-GNUC/tools/test/h5ls/testfiles/tnestcomp-1.ls
[1633/4114] cd /home/byrn/HDF_Projects/hdf5/build/ci-StdShar-GNUC/tools/test/h5ls && /usr/bin/cmake -E copy_if_different /home/byrn/HDF_Projects/hdf5/dev/tools/test/h5ls/expected/tnestcomp-3.ls /home/byrn/HDF_Projects/hdf5/build/ci-StdShar-GNUC/tools/test/h5ls/testfiles/tnestcomp-3.ls
[1634/4114] cd /home/byrn/HDF_Projects/hdf5/build/ci-StdShar-GNUC/tools/test/h5ls && /usr/bin/cmake -E copy_if_different /home/byrn/HDF_Projects/hdf5/dev/tools/test/h5ls/expected/tnestcomp-2.ls /home/byrn/HDF_Projects/hdf5/build/ci-StdShar-GNUC/tools/test/h5ls/testfiles/tnestcomp-2.ls
[1635/4114] cd /home/byrn/HDF_Projects/hdf5/build/ci-StdShar-GNUC/tools/test/h5ls && /usr/bin/cmake -E copy_if_different /home/byrn/HDF_Projects/hdf5/dev/tools/test/h5ls/expected/tnestcomp-4.ls /home/byrn/HDF_Projects/hdf5/build/ci-StdShar-GNUC/tools/test/h5ls/testfiles/tnestcomp-4.ls
[1636/4114] cd /home/byrn/HDF_Projects/hdf5/build/ci-StdShar-GNUC/tools/test/h5ls && /usr/bin/cmake -E copy_if_different /home/byrn/HDF_Projects/hdf5/dev/tools/test/h5dump/testfiles/tnestedcomp.h5 /home/byrn/HDF_Projects/hdf5/build/ci-StdShar-GNUC/tools/test/h5ls/testfiles/tnestedcomp.h5
[1637/4114] cd /home/byrn/HDF_Projects/hdf5/build/ci-StdShar-GNUC/tools/test/h5ls && /usr/bin/cmake -E copy_if_different /home/byrn/HDF_Projects/hdf5/dev/tools/test/h5ls/expected/tsaf.ls /home/byrn/HDF_Projects/hdf5/build/ci-StdShar-GNUC/tools/test/h5ls/testfiles/tsaf.ls
[1638/4114] cd /home/byrn/HDF_Projects/hdf5/build/ci-StdShar-GNUC/tools/test/h5ls && /usr/bin/cmake -E copy_if_different /home/byrn/HDF_Projects/hdf5/dev/tools/test/h5ls/expected/tslink-1.ls /home/byrn/HDF_Projects/hdf5/build/ci-StdShar-GNUC/tools/test/h5ls/testfiles/tslink-1.ls
[1639/4114] cd /home/byrn/HDF_Projects/hdf5/build/ci-StdShar-GNUC/tools/test/h5ls && /usr/bin/cmake -E copy_if_different /home/byrn/HDF_Projects/hdf5/dev/tools/test/h5dump/testfiles/tslink.h5 /home/byrn/HDF_Projects/hdf5/build/ci-StdShar-GNUC/tools/test/h5ls/testfiles/tslink.h5
[1640/4114] cd /home/byrn/HDF_Projects/hdf5/build/ci-StdShar-GNUC/tools/test/h5ls && /usr/bin/cmake -E copy_if_different /home/byrn/HDF_Projects/hdf5/dev/tools/test/h5ls/expected/tsoftlinks-1.ls /home/byrn/HDF_Projects/hdf5/build/ci-StdShar-GNUC/tools/test/h5ls/testfiles/tsoftlinks-1.ls
[1641/4114] cd /home/byrn/HDF_Projects/hdf5/build/ci-StdShar-GNUC/tools/test/h5ls && /usr/bin/cmake -E copy_if_different /home/byrn/HDF_Projects/hdf5/dev/tools/test/h5dump/testfiles/tsaf.h5 /home/byrn/HDF_Projects/hdf5/build/ci-StdShar-GNUC/tools/test/h5ls/testfiles/tsaf.h5
[1642/4114] cd /home/byrn/HDF_Projects/hdf5/build/ci-StdShar-GNUC/tools/test/h5ls && /usr/bin/cmake -E copy_if_different /home/byrn/HDF_Projects/hdf5/dev/tools/test/h5ls/expected/tsoftlinks-2.ls /home/byrn/HDF_Projects/hdf5/build/ci-StdShar-GNUC/tools/test/h5ls/testfiles/tsoftlinks-2.ls
[1643/4114] cd /home/byrn/HDF_Projects/hdf5/build/ci-StdShar-GNUC/tools/test/h5ls && /usr/bin/cmake -E copy_if_different /home/byrn/HDF_Projects/hdf5/dev/tools/test/h5ls/expected/tsoftlinks-3.ls /home/byrn/HDF_Projects/hdf5/build/ci-StdShar-GNUC/tools/test/h5ls/testfiles/tsoftlinks-3.ls
[1644/4114] cd /home/byrn/HDF_Projects/hdf5/build/ci-StdShar-GNUC/tools/test/h5ls && /usr/bin/cmake -E copy_if_different /home/byrn/HDF_Projects/hdf5/dev/tools/test/h5ls/expected/tsoftlinks-4.ls /home/byrn/HDF_Projects/hdf5/build/ci-StdShar-GNUC/tools/test/h5ls/testfiles/tsoftlinks-4.ls
[1645/4114] cd /home/byrn/HDF_Projects/hdf5/build/ci-StdShar-GNUC/tools/test/h5ls && /usr/bin/cmake -E copy_if_different /home/byrn/HDF_Projects/hdf5/dev/tools/test/h5ls/expected/tsoftlinks-5.ls /home/byrn/HDF_Projects/hdf5/build/ci-StdShar-GNUC/tools/test/h5ls/testfiles/tsoftlinks-5.ls
[1646/4114] cd /home/byrn/HDF_Projects/hdf5/build/ci-StdShar-GNUC/tools/test/h5ls && /usr/bin/cmake -E copy_if_different /home/byrn/HDF_Projects/hdf5/dev/tools/test/h5ls/expected/tsoftlinks-nodangle-1.ls /home/byrn/HDF_Projects/hdf5/build/ci-StdShar-GNUC/tools/test/h5ls/testfiles/tsoftlinks-nodangle-1.ls
[1647/4114] cd /home/byrn/HDF_Projects/hdf5/build/ci-StdShar-GNUC/tools/test/h5ls && /usr/bin/cmake -E copy_if_different /home/byrn/HDF_Projects/hdf5/dev/tools/test/h5dump/testfiles/tsoftlinks.h5 /home/byrn/HDF_Projects/hdf5/build/ci-StdShar-GNUC/tools/test/h5ls/testfiles/tsoftlinks.h5
[1648/4114] cd /home/byrn/HDF_Projects/hdf5/build/ci-StdShar-GNUC/tools/test/h5ls && /usr/bin/cmake -E copy_if_different /home/byrn/HDF_Projects/hdf5/dev/tools/test/h5ls/expected/tstr-1.ls /home/byrn/HDF_Projects/hdf5/build/ci-StdShar-GNUC/tools/test/h5ls/testfiles/tstr-1.ls
[1649/4114] cd /home/byrn/HDF_Projects/hdf5/build/ci-StdShar-GNUC/tools/test/h5ls && /usr/bin/cmake -E copy_if_different /home/byrn/HDF_Projects/hdf5/dev/tools/test/h5dump/testfiles/tstr.h5 /home/byrn/HDF_Projects/hdf5/build/ci-StdShar-GNUC/tools/test/h5ls/testfiles/tstr.h5
[1650/4114] cd /home/byrn/HDF_Projects/hdf5/build/ci-StdShar-GNUC/tools/test/h5ls && /usr/bin/cmake -E copy_if_different /home/byrn/HDF_Projects/hdf5/dev/tools/test/h5ls/expected/tudfilter.ls /home/byrn/HDF_Projects/hdf5/build/ci-StdShar-GNUC/tools/test/h5ls/testfiles/tudfilter.ls
[1651/4114] cd /home/byrn/HDF_Projects/hdf5/build/ci-StdShar-GNUC/tools/test/h5ls && /usr/bin/cmake -E copy_if_different /home/byrn/HDF_Projects/hdf5/dev/tools/test/h5dump/testfiles/tudfilter.h5 /home/byrn/HDF_Projects/hdf5/build/ci-StdShar-GNUC/tools/test/h5ls/testfiles/tudfilter.h5
[1652/4114] cd /home/byrn/HDF_Projects/hdf5/build/ci-StdShar-GNUC/tools/test/h5ls && /usr/bin/cmake -E copy_if_different /home/byrn/HDF_Projects/hdf5/dev/tools/test/h5ls/expected/tudlink-1.ls /home/byrn/HDF_Projects/hdf5/build/ci-StdShar-GNUC/tools/test/h5ls/testfiles/tudlink-1.ls
[1653/4114] cd /home/byrn/HDF_Projects/hdf5/build/ci-StdShar-GNUC/tools/test/h5ls && /usr/bin/cmake -E copy_if_different /home/byrn/HDF_Projects/hdf5/dev/tools/test/h5dump/testfiles/tudlink.h5 /home/byrn/HDF_Projects/hdf5/build/ci-StdShar-GNUC/tools/test/h5ls/testfiles/tudlink.h5
[1654/4114] cd /home/byrn/HDF_Projects/hdf5/build/ci-StdShar-GNUC/tools/test/h5ls && /usr/bin/cmake -E copy_if_different /home/byrn/HDF_Projects/hdf5/dev/tools/test/h5dump/testfiles/tvldtypes1.h5 /home/byrn/HDF_Projects/hdf5/build/ci-StdShar-GNUC/tools/test/h5ls/testfiles/tvldtypes1.h5
[1655/4114] cd /home/byrn/HDF_Projects/hdf5/build/ci-StdShar-GNUC/tools/test/h5ls && /usr/bin/cmake -E copy_if_different /home/byrn/HDF_Projects/hdf5/dev/tools/test/h5ls/expected/tvldtypes1.ls /home/byrn/HDF_Projects/hdf5/build/ci-StdShar-GNUC/tools/test/h5ls/testfiles/tvldtypes1.ls
[1656/4114] cd /home/byrn/HDF_Projects/hdf5/build/ci-StdShar-GNUC/tools/test/h5ls && /usr/bin/cmake -E copy_if_different /home/byrn/HDF_Projects/hdf5/dev/tools/test/h5ls/expected/tvldtypes2be.ls /home/byrn/HDF_Projects/hdf5/build/ci-StdShar-GNUC/tools/test/h5ls/testfiles/tvldtypes2be.ls
[1657/4114] cd /home/byrn/HDF_Projects/hdf5/build/ci-StdShar-GNUC/tools/test/h5ls && /usr/bin/cmake -E copy_if_different /home/byrn/HDF_Projects/hdf5/dev/tools/test/h5ls/expected/tvldtypes2le.ls /home/byrn/HDF_Projects/hdf5/build/ci-StdShar-GNUC/tools/test/h5ls/testfiles/tvldtypes2le.ls
[1658/4114] cd /home/byrn/HDF_Projects/hdf5/build/ci-StdShar-GNUC/tools/test/h5ls && /usr/bin/cmake -E copy_if_different /home/byrn/HDF_Projects/hdf5/dev/tools/test/h5dump/testfiles/vds/1_a.h5 /home/byrn/HDF_Projects/hdf5/build/ci-StdShar-GNUC/tools/test/h5ls/testfiles/vds/1_a.h5
[1659/4114] cd /home/byrn/HDF_Projects/hdf5/build/ci-StdShar-GNUC/tools/test/h5ls && /usr/bin/cmake -E copy_if_different /home/byrn/HDF_Projects/hdf5/dev/tools/test/h5dump/testfiles/vds/1_c.h5 /home/byrn/HDF_Projects/hdf5/build/ci-StdShar-GNUC/tools/test/h5ls/testfiles/vds/1_c.h5
[1660/4114] cd /home/byrn/HDF_Projects/hdf5/build/ci-StdShar-GNUC/tools/test/h5ls && /usr/bin/cmake -E copy_if_different /home/byrn/HDF_Projects/hdf5/dev/tools/test/h5dump/testfiles/vds/1_b.h5 /home/byrn/HDF_Projects/hdf5/build/ci-StdShar-GNUC/tools/test/h5ls/testfiles/vds/1_b.h5
[1661/4114] cd /home/byrn/HDF_Projects/hdf5/build/ci-StdShar-GNUC/tools/test/h5ls && /usr/bin/cmake -E copy_if_different /home/byrn/HDF_Projects/hdf5/dev/tools/test/h5dump/testfiles/vds/1_d.h5 /home/byrn/HDF_Projects/hdf5/build/ci-StdShar-GNUC/tools/test/h5ls/testfiles/vds/1_d.h5
[1662/4114] cd /home/byrn/HDF_Projects/hdf5/build/ci-StdShar-GNUC/tools/test/h5ls && /usr/bin/cmake -E copy_if_different /home/byrn/HDF_Projects/hdf5/dev/tools/test/h5dump/testfiles/vds/1_e.h5 /home/byrn/HDF_Projects/hdf5/build/ci-StdShar-GNUC/tools/test/h5ls/testfiles/vds/1_e.h5
[1663/4114] cd /home/byrn/HDF_Projects/hdf5/build/ci-StdShar-GNUC/tools/test/h5ls && /usr/bin/cmake -E copy_if_different /home/byrn/HDF_Projects/hdf5/dev/tools/test/h5dump/testfiles/vds/1_f.h5 /home/byrn/HDF_Projects/hdf5/build/ci-StdShar-GNUC/tools/test/h5ls/testfiles/vds/1_f.h5
[1664/4114] cd /home/byrn/HDF_Projects/hdf5/build/ci-StdShar-GNUC/tools/test/h5ls && /usr/bin/cmake -E copy_if_different /home/byrn/HDF_Projects/hdf5/dev/tools/test/h5dump/testfiles/vds/1_vds.h5 /home/byrn/HDF_Projects/hdf5/build/ci-StdShar-GNUC/tools/test/h5ls/testfiles/vds/1_vds.h5
[1665/4114] cd /home/byrn/HDF_Projects/hdf5/build/ci-StdShar-GNUC/tools/test/h5ls && /usr/bin/cmake -E copy_if_different /home/byrn/HDF_Projects/hdf5/dev/tools/test/h5dump/testfiles/vds/2_a.h5 /home/byrn/HDF_Projects/hdf5/build/ci-StdShar-GNUC/tools/test/h5ls/testfiles/vds/2_a.h5
[1666/4114] cd /home/byrn/HDF_Projects/hdf5/build/ci-StdShar-GNUC/tools/test/h5ls && /usr/bin/cmake -E copy_if_different /home/byrn/HDF_Projects/hdf5/dev/tools/test/h5dump/testfiles/vds/2_b.h5 /home/byrn/HDF_Projects/hdf5/build/ci-StdShar-GNUC/tools/test/h5ls/testfiles/vds/2_b.h5
[1667/4114] cd /home/byrn/HDF_Projects/hdf5/build/ci-StdShar-GNUC/tools/test/h5ls && /usr/bin/cmake -E copy_if_different /home/byrn/HDF_Projects/hdf5/dev/tools/test/h5dump/testfiles/vds/2_e.h5 /home/byrn/HDF_Projects/hdf5/build/ci-StdShar-GNUC/tools/test/h5ls/testfiles/vds/2_e.h5
[1668/4114] cd /home/byrn/HDF_Projects/hdf5/build/ci-StdShar-GNUC/tools/test/h5ls && /usr/bin/cmake -E copy_if_different /home/byrn/HDF_Projects/hdf5/dev/tools/test/h5dump/testfiles/vds/2_c.h5 /home/byrn/HDF_Projects/hdf5/build/ci-StdShar-GNUC/tools/test/h5ls/testfiles/vds/2_c.h5
[1669/4114] cd /home/byrn/HDF_Projects/hdf5/build/ci-StdShar-GNUC/tools/test/h5ls && /usr/bin/cmake -E copy_if_different /home/byrn/HDF_Projects/hdf5/dev/tools/test/h5dump/testfiles/vds/2_d.h5 /home/byrn/HDF_Projects/hdf5/build/ci-StdShar-GNUC/tools/test/h5ls/testfiles/vds/2_d.h5
[1670/4114] cd /home/byrn/HDF_Projects/hdf5/build/ci-StdShar-GNUC/tools/test/h5ls && /usr/bin/cmake -E copy_if_different /home/byrn/HDF_Projects/hdf5/dev/tools/test/h5dump/testfiles/vds/2_vds.h5 /home/byrn/HDF_Projects/hdf5/build/ci-StdShar-GNUC/tools/test/h5ls/testfiles/vds/2_vds.h5
[1671/4114] cd /home/byrn/HDF_Projects/hdf5/build/ci-StdShar-GNUC/tools/test/h5ls && /usr/bin/cmake -E copy_if_different /home/byrn/HDF_Projects/hdf5/dev/tools/test/h5dump/testfiles/vds/3_1_vds.h5 /home/byrn/HDF_Projects/hdf5/build/ci-StdShar-GNUC/tools/test/h5ls/testfiles/vds/3_1_vds.h5
[1672/4114] cd /home/byrn/HDF_Projects/hdf5/build/ci-StdShar-GNUC/tools/test/h5ls && /usr/bin/cmake -E copy_if_different /home/byrn/HDF_Projects/hdf5/dev/tools/test/h5dump/testfiles/vds/3_2_vds.h5 /home/byrn/HDF_Projects/hdf5/build/ci-StdShar-GNUC/tools/test/h5ls/testfiles/vds/3_2_vds.h5
[1673/4114] cd /home/byrn/HDF_Projects/hdf5/build/ci-StdShar-GNUC/tools/test/h5ls && /usr/bin/cmake -E copy_if_different /home/byrn/HDF_Projects/hdf5/dev/tools/test/h5dump/testfiles/vds/4_0.h5 /home/byrn/HDF_Projects/hdf5/build/ci-StdShar-GNUC/tools/test/h5ls/testfiles/vds/4_0.h5
[1674/4114] cd /home/byrn/HDF_Projects/hdf5/build/ci-StdShar-GNUC/tools/test/h5ls && /usr/bin/cmake -E copy_if_different /home/byrn/HDF_Projects/hdf5/dev/tools/test/h5dump/testfiles/vds/4_vds.h5 /home/byrn/HDF_Projects/hdf5/build/ci-StdShar-GNUC/tools/test/h5ls/testfiles/vds/4_vds.h5
[1675/4114] cd /home/byrn/HDF_Projects/hdf5/build/ci-StdShar-GNUC/tools/test/h5ls && /usr/bin/cmake -E copy_if_different /home/byrn/HDF_Projects/hdf5/dev/tools/test/h5dump/testfiles/vds/5_b.h5 /home/byrn/HDF_Projects/hdf5/build/ci-StdShar-GNUC/tools/test/h5ls/testfiles/vds/5_b.h5
[1676/4114] cd /home/byrn/HDF_Projects/hdf5/build/ci-StdShar-GNUC/tools/test/h5ls && /usr/bin/cmake -E copy_if_different /home/byrn/HDF_Projects/hdf5/dev/tools/test/h5dump/testfiles/vds/4_2.h5 /home/byrn/HDF_Projects/hdf5/build/ci-StdShar-GNUC/tools/test/h5ls/testfiles/vds/4_2.h5
[1677/4114] cd /home/byrn/HDF_Projects/hdf5/build/ci-StdShar-GNUC/tools/test/h5ls && /usr/bin/cmake -E copy_if_different /home/byrn/HDF_Projects/hdf5/dev/tools/test/h5dump/testfiles/vds/5_vds.h5 /home/byrn/HDF_Projects/hdf5/build/ci-StdShar-GNUC/tools/test/h5ls/testfiles/vds/5_vds.h5
[1678/4114] cd /home/byrn/HDF_Projects/hdf5/build/ci-StdShar-GNUC/tools/test/h5ls && /usr/bin/cmake -E copy_if_different /home/byrn/HDF_Projects/hdf5/dev/tools/test/h5dump/testfiles/vds/4_1.h5 /home/byrn/HDF_Projects/hdf5/build/ci-StdShar-GNUC/tools/test/h5ls/testfiles/vds/4_1.h5
[1679/4114] cd /home/byrn/HDF_Projects/hdf5/build/ci-StdShar-GNUC/tools/test/h5ls && /usr/bin/cmake -E copy_if_different /home/byrn/HDF_Projects/hdf5/dev/tools/test/h5dump/testfiles/vds/5_a.h5 /home/byrn/HDF_Projects/hdf5/build/ci-StdShar-GNUC/tools/test/h5ls/testfiles/vds/5_a.h5
[1680/4114] cd /home/byrn/HDF_Projects/hdf5/build/ci-StdShar-GNUC/tools/test/h5ls && /usr/bin/cmake -E copy_if_different /home/byrn/HDF_Projects/hdf5/dev/tools/test/h5dump/testfiles/vds/5_c.h5 /home/byrn/HDF_Projects/hdf5/build/ci-StdShar-GNUC/tools/test/h5ls/testfiles/vds/5_c.h5
[1681/4114] cd /home/byrn/HDF_Projects/hdf5/build/ci-StdShar-GNUC/tools/test/h5ls && /usr/bin/cmake -E copy_if_different /home/byrn/HDF_Projects/hdf5/dev/tools/test/h5dump/testfiles/vds/1_a.h5 /home/byrn/HDF_Projects/hdf5/build/ci-StdShar-GNUC/tools/test/h5ls/testfiles/vds/prefix/1_a.h5
[1682/4114] cd /home/byrn/HDF_Projects/hdf5/build/ci-StdShar-GNUC/tools/test/h5ls && /usr/bin/cmake -E copy_if_different /home/byrn/HDF_Projects/hdf5/dev/tools/test/h5dump/testfiles/vds/1_d.h5 /home/byrn/HDF_Projects/hdf5/build/ci-StdShar-GNUC/tools/test/h5ls/testfiles/vds/prefix/1_d.h5
[1683/4114] cd /home/byrn/HDF_Projects/hdf5/build/ci-StdShar-GNUC/tools/test/h5ls && /usr/bin/cmake -E copy_if_different /home/byrn/HDF_Projects/hdf5/dev/tools/test/h5dump/testfiles/vds/1_e.h5 /home/byrn/HDF_Projects/hdf5/build/ci-StdShar-GNUC/tools/test/h5ls/testfiles/vds/prefix/1_e.h5
[1684/4114] cd /home/byrn/HDF_Projects/hdf5/build/ci-StdShar-GNUC/tools/test/h5ls && /usr/bin/cmake -E copy_if_different /home/byrn/HDF_Projects/hdf5/dev/tools/test/h5dump/testfiles/vds/1_c.h5 /home/byrn/HDF_Projects/hdf5/build/ci-StdShar-GNUC/tools/test/h5ls/testfiles/vds/prefix/1_c.h5
[1685/4114] cd /home/byrn/HDF_Projects/hdf5/build/ci-StdShar-GNUC/tools/test/h5ls && /usr/bin/cmake -E copy_if_different /home/byrn/HDF_Projects/hdf5/dev/tools/test/h5dump/testfiles/vds/1_b.h5 /home/byrn/HDF_Projects/hdf5/build/ci-StdShar-GNUC/tools/test/h5ls/testfiles/vds/prefix/1_b.h5
[1686/4114] cd /home/byrn/HDF_Projects/hdf5/build/ci-StdShar-GNUC/tools/test/h5ls && /usr/bin/cmake -E copy_if_different /home/byrn/HDF_Projects/hdf5/dev/tools/test/h5dump/testfiles/vds/1_f.h5 /home/byrn/HDF_Projects/hdf5/build/ci-StdShar-GNUC/tools/test/h5ls/testfiles/vds/prefix/1_f.h5
[1687/4114] cd /home/byrn/HDF_Projects/hdf5/build/ci-StdShar-GNUC/tools/test/h5ls && /usr/bin/cmake -E copy_if_different /home/byrn/HDF_Projects/hdf5/dev/tools/test/h5dump/testfiles/vds/1_vds.h5 /home/byrn/HDF_Projects/hdf5/build/ci-StdShar-GNUC/tools/test/h5ls/testfiles/vds/prefix/1_vds.h5
[1688/4114] cd /home/byrn/HDF_Projects/hdf5/build/ci-StdShar-GNUC/tools/test/h5ls && /usr/bin/cmake -E copy_if_different /home/byrn/HDF_Projects/hdf5/dev/tools/test/h5dump/testfiles/vds/2_b.h5 /home/byrn/HDF_Projects/hdf5/build/ci-StdShar-GNUC/tools/test/h5ls/testfiles/vds/prefix/2_b.h5
[1689/4114] cd /home/byrn/HDF_Projects/hdf5/build/ci-StdShar-GNUC/tools/test/h5ls && /usr/bin/cmake -E copy_if_different /home/byrn/HDF_Projects/hdf5/dev/tools/test/h5dump/testfiles/vds/2_a.h5 /home/byrn/HDF_Projects/hdf5/build/ci-StdShar-GNUC/tools/test/h5ls/testfiles/vds/prefix/2_a.h5
[1690/4114] cd /home/byrn/HDF_Projects/hdf5/build/ci-StdShar-GNUC/tools/test/h5ls && /usr/bin/cmake -E copy_if_different /home/byrn/HDF_Projects/hdf5/dev/tools/test/h5dump/testfiles/vds/2_c.h5 /home/byrn/HDF_Projects/hdf5/build/ci-StdShar-GNUC/tools/test/h5ls/testfiles/vds/prefix/2_c.h5
[1691/4114] cd /home/byrn/HDF_Projects/hdf5/build/ci-StdShar-GNUC/tools/test/h5ls && /usr/bin/cmake -E copy_if_different /home/byrn/HDF_Projects/hdf5/dev/tools/test/h5dump/testfiles/vds/2_e.h5 /home/byrn/HDF_Projects/hdf5/build/ci-StdShar-GNUC/tools/test/h5ls/testfiles/vds/prefix/2_e.h5
[1692/4114] cd /home/byrn/HDF_Projects/hdf5/build/ci-StdShar-GNUC/tools/test/h5ls && /usr/bin/cmake -E copy_if_different /home/byrn/HDF_Projects/hdf5/dev/tools/test/h5dump/testfiles/vds/2_d.h5 /home/byrn/HDF_Projects/hdf5/build/ci-StdShar-GNUC/tools/test/h5ls/testfiles/vds/prefix/2_d.h5
[1693/4114] cd /home/byrn/HDF_Projects/hdf5/build/ci-StdShar-GNUC/tools/test/h5ls && /usr/bin/cmake -E copy_if_different /home/byrn/HDF_Projects/hdf5/dev/tools/test/h5dump/testfiles/vds/2_vds.h5 /home/byrn/HDF_Projects/hdf5/build/ci-StdShar-GNUC/tools/test/h5ls/testfiles/vds/prefix/2_vds.h5
[1694/4114] cd /home/byrn/HDF_Projects/hdf5/build/ci-StdShar-GNUC/tools/test/h5ls && /usr/bin/cmake -E copy_if_different /home/byrn/HDF_Projects/hdf5/dev/tools/test/h5dump/testfiles/vds/3_1_vds.h5 /home/byrn/HDF_Projects/hdf5/build/ci-StdShar-GNUC/tools/test/h5ls/testfiles/vds/prefix/3_1_vds.h5
[1695/4114] cd /home/byrn/HDF_Projects/hdf5/build/ci-StdShar-GNUC/tools/test/h5ls && /usr/bin/cmake -E copy_if_different /home/byrn/HDF_Projects/hdf5/dev/tools/test/h5dump/testfiles/vds/4_1.h5 /home/byrn/HDF_Projects/hdf5/build/ci-StdShar-GNUC/tools/test/h5ls/testfiles/vds/prefix/4_1.h5
[1696/4114] cd /home/byrn/HDF_Projects/hdf5/build/ci-StdShar-GNUC/tools/test/h5ls && /usr/bin/cmake -E copy_if_different /home/byrn/HDF_Projects/hdf5/dev/tools/test/h5dump/testfiles/vds/4_0.h5 /home/byrn/HDF_Projects/hdf5/build/ci-StdShar-GNUC/tools/test/h5ls/testfiles/vds/prefix/4_0.h5
[1697/4114] cd /home/byrn/HDF_Projects/hdf5/build/ci-StdShar-GNUC/tools/test/h5ls && /usr/bin/cmake -E copy_if_different /home/byrn/HDF_Projects/hdf5/dev/tools/test/h5dump/testfiles/vds/4_2.h5 /home/byrn/HDF_Projects/hdf5/build/ci-StdShar-GNUC/tools/test/h5ls/testfiles/vds/prefix/4_2.h5
[1698/4114] cd /home/byrn/HDF_Projects/hdf5/build/ci-StdShar-GNUC/tools/test/h5ls && /usr/bin/cmake -E copy_if_different /home/byrn/HDF_Projects/hdf5/dev/tools/test/h5dump/testfiles/vds/3_2_vds.h5 /home/byrn/HDF_Projects/hdf5/build/ci-StdShar-GNUC/tools/test/h5ls/testfiles/vds/prefix/3_2_vds.h5
[1699/4114] cd /home/byrn/HDF_Projects/hdf5/build/ci-StdShar-GNUC/tools/test/h5ls && /usr/bin/cmake -E copy_if_different /home/byrn/HDF_Projects/hdf5/dev/tools/test/h5dump/testfiles/vds/4_vds.h5 /home/byrn/HDF_Projects/hdf5/build/ci-StdShar-GNUC/tools/test/h5ls/testfiles/vds/prefix/4_vds.h5
[1700/4114] cd /home/byrn/HDF_Projects/hdf5/build/ci-StdShar-GNUC/tools/test/h5ls && /usr/bin/cmake -E copy_if_different /home/byrn/HDF_Projects/hdf5/dev/tools/test/h5dump/testfiles/vds/5_a.h5 /home/byrn/HDF_Projects/hdf5/build/ci-StdShar-GNUC/tools/test/h5ls/testfiles/vds/prefix/5_a.h5
[1701/4114] cd /home/byrn/HDF_Projects/hdf5/build/ci-StdShar-GNUC/tools/test/h5ls && /usr/bin/cmake -E copy_if_different /home/byrn/HDF_Projects/hdf5/dev/tools/test/h5dump/testfiles/vds/5_b.h5 /home/byrn/HDF_Projects/hdf5/build/ci-StdShar-GNUC/tools/test/h5ls/testfiles/vds/prefix/5_b.h5
[1702/4114] cd /home/byrn/HDF_Projects/hdf5/build/ci-StdShar-GNUC/tools/test/h5ls && /usr/bin/cmake -E copy_if_different /home/byrn/HDF_Projects/hdf5/dev/tools/test/h5ls/vds_prefix/tvds-1.ls /home/byrn/HDF_Projects/hdf5/build/ci-StdShar-GNUC/tools/test/h5ls/testfiles/vds/prefix/tvds-1.ls
[1703/4114] cd /home/byrn/HDF_Projects/hdf5/build/ci-StdShar-GNUC/tools/test/h5ls && /usr/bin/cmake -E copy_if_different /home/byrn/HDF_Projects/hdf5/dev/tools/test/h5dump/testfiles/vds/5_vds.h5 /home/byrn/HDF_Projects/hdf5/build/ci-StdShar-GNUC/tools/test/h5ls/testfiles/vds/prefix/5_vds.h5
[1704/4114] cd /home/byrn/HDF_Projects/hdf5/build/ci-StdShar-GNUC/tools/test/h5ls && /usr/bin/cmake -E copy_if_different /home/byrn/HDF_Projects/hdf5/dev/tools/test/h5dump/testfiles/vds/5_c.h5 /home/byrn/HDF_Projects/hdf5/build/ci-StdShar-GNUC/tools/test/h5ls/testfiles/vds/prefix/5_c.h5
[1705/4114] cd /home/byrn/HDF_Projects/hdf5/build/ci-StdShar-GNUC/tools/test/h5ls && /usr/bin/cmake -E copy_if_different /home/byrn/HDF_Projects/hdf5/dev/tools/test/h5ls/vds_prefix/tvds-2.ls /home/byrn/HDF_Projects/hdf5/build/ci-StdShar-GNUC/tools/test/h5ls/testfiles/vds/prefix/tvds-2.ls
[1706/4114] cd /home/byrn/HDF_Projects/hdf5/build/ci-StdShar-GNUC/tools/test/h5ls && /usr/bin/cmake -E copy_if_different /home/byrn/HDF_Projects/hdf5/dev/tools/test/h5ls/vds_prefix/tvds-3_1.ls /home/byrn/HDF_Projects/hdf5/build/ci-StdShar-GNUC/tools/test/h5ls/testfiles/vds/prefix/tvds-3_1.ls
[1707/4114] cd /home/byrn/HDF_Projects/hdf5/build/ci-StdShar-GNUC/tools/test/h5ls && /usr/bin/cmake -E copy_if_different /home/byrn/HDF_Projects/hdf5/dev/tools/test/h5ls/vds_prefix/tvds-3_2.ls /home/byrn/HDF_Projects/hdf5/build/ci-StdShar-GNUC/tools/test/h5ls/testfiles/vds/prefix/tvds-3_2.ls
[1708/4114] cd /home/byrn/HDF_Projects/hdf5/build/ci-StdShar-GNUC/tools/test/h5ls && /usr/bin/cmake -E copy_if_different /home/byrn/HDF_Projects/hdf5/dev/tools/test/h5ls/vds_prefix/tvds-4.ls /home/byrn/HDF_Projects/hdf5/build/ci-StdShar-GNUC/tools/test/h5ls/testfiles/vds/prefix/tvds-4.ls
[1709/4114] cd /home/byrn/HDF_Projects/hdf5/build/ci-StdShar-GNUC/tools/test/h5ls && /usr/bin/cmake -E copy_if_different /home/byrn/HDF_Projects/hdf5/dev/tools/test/h5ls/expected/vds/tvds-1.ls /home/byrn/HDF_Projects/hdf5/build/ci-StdShar-GNUC/tools/test/h5ls/testfiles/vds/tvds-1.ls
[1710/4114] cd /home/byrn/HDF_Projects/hdf5/build/ci-StdShar-GNUC/tools/test/h5ls && /usr/bin/cmake -E copy_if_different /home/byrn/HDF_Projects/hdf5/dev/tools/test/h5ls/vds_prefix/tvds-5.ls /home/byrn/HDF_Projects/hdf5/build/ci-StdShar-GNUC/tools/test/h5ls/testfiles/vds/prefix/tvds-5.ls
[1711/4114] cd /home/byrn/HDF_Projects/hdf5/build/ci-StdShar-GNUC/tools/test/h5ls && /usr/bin/cmake -E copy_if_different /home/byrn/HDF_Projects/hdf5/dev/tools/test/h5ls/expected/vds/tvds-3_2.ls /home/byrn/HDF_Projects/hdf5/build/ci-StdShar-GNUC/tools/test/h5ls/testfiles/vds/tvds-3_2.ls
[1712/4114] cd /home/byrn/HDF_Projects/hdf5/build/ci-StdShar-GNUC/tools/test/h5ls && /usr/bin/cmake -E copy_if_different /home/byrn/HDF_Projects/hdf5/dev/tools/test/h5ls/expected/vds/tvds-3_1.ls /home/byrn/HDF_Projects/hdf5/build/ci-StdShar-GNUC/tools/test/h5ls/testfiles/vds/tvds-3_1.ls
[1713/4114] cd /home/byrn/HDF_Projects/hdf5/build/ci-StdShar-GNUC/tools/test/h5ls && /usr/bin/cmake -E copy_if_different /home/byrn/HDF_Projects/hdf5/dev/tools/test/h5ls/expected/vds/tvds-4.ls /home/byrn/HDF_Projects/hdf5/build/ci-StdShar-GNUC/tools/test/h5ls/testfiles/vds/tvds-4.ls
[1714/4114] cd /home/byrn/HDF_Projects/hdf5/build/ci-StdShar-GNUC/tools/test/h5ls && /usr/bin/cmake -E copy_if_different /home/byrn/HDF_Projects/hdf5/dev/tools/test/h5ls/expected/vds/tvds-2.ls /home/byrn/HDF_Projects/hdf5/build/ci-StdShar-GNUC/tools/test/h5ls/testfiles/vds/tvds-2.ls
[1715/4114] cd /home/byrn/HDF_Projects/hdf5/build/ci-StdShar-GNUC/tools/test/h5ls && /usr/bin/cmake -E copy_if_different /home/byrn/HDF_Projects/hdf5/dev/tools/test/h5ls/expected/vds/tvds-5.ls /home/byrn/HDF_Projects/hdf5/build/ci-StdShar-GNUC/tools/test/h5ls/testfiles/vds/tvds-5.ls
[1716/4114] cd /home/byrn/HDF_Projects/hdf5/build/ci-StdShar-GNUC/tools/test/misc && /usr/bin/cmake -E copy_if_different /home/byrn/HDF_Projects/hdf5/dev/tools/test/misc/testfiles/family_file00000.h5 /home/byrn/HDF_Projects/hdf5/build/ci-StdShar-GNUC/tools/test/misc/family_file00000.h5
[1717/4114] cd /home/byrn/HDF_Projects/hdf5/build/ci-StdShar-GNUC/tools/test/misc && /usr/bin/cmake -E copy_if_different /home/byrn/HDF_Projects/hdf5/dev/tools/test/misc/testfiles/family_file00002.h5 /home/byrn/HDF_Projects/hdf5/build/ci-StdShar-GNUC/tools/test/misc/family_file00002.h5
[1718/4114] cd /home/byrn/HDF_Projects/hdf5/build/ci-StdShar-GNUC/tools/test/misc && /usr/bin/cmake -E copy_if_different /home/byrn/HDF_Projects/hdf5/dev/tools/test/misc/testfiles/family_file00001.h5 /home/byrn/HDF_Projects/hdf5/build/ci-StdShar-GNUC/tools/test/misc/family_file00001.h5
[1719/4114] cd /home/byrn/HDF_Projects/hdf5/build/ci-StdShar-GNUC/tools/test/misc && /usr/bin/cmake -E copy_if_different /home/byrn/HDF_Projects/hdf5/dev/tools/test/misc/testfiles/family_file00003.h5 /home/byrn/HDF_Projects/hdf5/build/ci-StdShar-GNUC/tools/test/misc/family_file00003.h5
[1720/4114] cd /home/byrn/HDF_Projects/hdf5/build/ci-StdShar-GNUC/tools/test/misc && /usr/bin/cmake -E copy_if_different /home/byrn/HDF_Projects/hdf5/dev/tools/test/misc/testfiles/family_file00004.h5 /home/byrn/HDF_Projects/hdf5/build/ci-StdShar-GNUC/tools/test/misc/family_file00004.h5
[1721/4114] cd /home/byrn/HDF_Projects/hdf5/build/ci-StdShar-GNUC/tools/test/misc && /usr/bin/cmake -E copy_if_different /home/byrn/HDF_Projects/hdf5/dev/tools/test/misc/testfiles/family_file00005.h5 /home/byrn/HDF_Projects/hdf5/build/ci-StdShar-GNUC/tools/test/misc/family_file00005.h5
[1722/4114] cd /home/byrn/HDF_Projects/hdf5/build/ci-StdShar-GNUC/tools/test/misc && /usr/bin/cmake -E copy_if_different /home/byrn/HDF_Projects/hdf5/dev/tools/test/misc/testfiles/family_file00007.h5 /home/byrn/HDF_Projects/hdf5/build/ci-StdShar-GNUC/tools/test/misc/family_file00007.h5
[1723/4114] cd /home/byrn/HDF_Projects/hdf5/build/ci-StdShar-GNUC/tools/test/misc && /usr/bin/cmake -E copy_if_different /home/byrn/HDF_Projects/hdf5/dev/tools/test/misc/testfiles/family_file00006.h5 /home/byrn/HDF_Projects/hdf5/build/ci-StdShar-GNUC/tools/test/misc/family_file00006.h5
[1724/4114] cd /home/byrn/HDF_Projects/hdf5/build/ci-StdShar-GNUC/tools/test/misc && /usr/bin/cmake -E copy_if_different /home/byrn/HDF_Projects/hdf5/dev/tools/test/misc/testfiles/family_file00008.h5 /home/byrn/HDF_Projects/hdf5/build/ci-StdShar-GNUC/tools/test/misc/family_file00008.h5
[1725/4114] cd /home/byrn/HDF_Projects/hdf5/build/ci-StdShar-GNUC/tools/test/misc && /usr/bin/cmake -E copy_if_different /home/byrn/HDF_Projects/hdf5/dev/tools/test/misc/testfiles/family_file00011.h5 /home/byrn/HDF_Projects/hdf5/build/ci-StdShar-GNUC/tools/test/misc/family_file00011.h5
[1726/4114] cd /home/byrn/HDF_Projects/hdf5/build/ci-StdShar-GNUC/tools/test/misc && /usr/bin/cmake -E copy_if_different /home/byrn/HDF_Projects/hdf5/dev/tools/test/misc/testfiles/family_file00010.h5 /home/byrn/HDF_Projects/hdf5/build/ci-StdShar-GNUC/tools/test/misc/family_file00010.h5
[1727/4114] cd /home/byrn/HDF_Projects/hdf5/build/ci-StdShar-GNUC/tools/test/misc && /usr/bin/cmake -E copy_if_different /home/byrn/HDF_Projects/hdf5/dev/tools/test/misc/testfiles/family_file00009.h5 /home/byrn/HDF_Projects/hdf5/build/ci-StdShar-GNUC/tools/test/misc/family_file00009.h5
[1728/4114] cd /home/byrn/HDF_Projects/hdf5/build/ci-StdShar-GNUC/tools/test/misc && /usr/bin/cmake -E copy_if_different /home/byrn/HDF_Projects/hdf5/dev/tools/test/misc/testfiles/family_file00013.h5 /home/byrn/HDF_Projects/hdf5/build/ci-StdShar-GNUC/tools/test/misc/family_file00013.h5
[1729/4114] cd /home/byrn/HDF_Projects/hdf5/build/ci-StdShar-GNUC/tools/test/misc && /usr/bin/cmake -E copy_if_different /home/byrn/HDF_Projects/hdf5/dev/tools/test/misc/testfiles/family_file00014.h5 /home/byrn/HDF_Projects/hdf5/build/ci-StdShar-GNUC/tools/test/misc/family_file00014.h5
[1730/4114] cd /home/byrn/HDF_Projects/hdf5/build/ci-StdShar-GNUC/tools/test/misc && /usr/bin/cmake -E copy_if_different /home/byrn/HDF_Projects/hdf5/dev/tools/test/misc/testfiles/family_file00012.h5 /home/byrn/HDF_Projects/hdf5/build/ci-StdShar-GNUC/tools/test/misc/family_file00012.h5
[1731/4114] cd /home/byrn/HDF_Projects/hdf5/build/ci-StdShar-GNUC/tools/test/misc && /usr/bin/cmake -E copy_if_different /home/byrn/HDF_Projects/hdf5/dev/tools/test/misc/testfiles/family_file00016.h5 /home/byrn/HDF_Projects/hdf5/build/ci-StdShar-GNUC/tools/test/misc/family_file00016.h5
[1732/4114] cd /home/byrn/HDF_Projects/hdf5/build/ci-StdShar-GNUC/tools/test/misc && /usr/bin/cmake -E copy_if_different /home/byrn/HDF_Projects/hdf5/dev/tools/test/misc/testfiles/family_file00015.h5 /home/byrn/HDF_Projects/hdf5/build/ci-StdShar-GNUC/tools/test/misc/family_file00015.h5
[1733/4114] cd /home/byrn/HDF_Projects/hdf5/build/ci-StdShar-GNUC/tools/test/misc && /usr/bin/cmake -E copy_if_different /home/byrn/HDF_Projects/hdf5/dev/tools/test/misc/testfiles/family_file00017.h5 /home/byrn/HDF_Projects/hdf5/build/ci-StdShar-GNUC/tools/test/misc/family_file00017.h5
[1734/4114] cd /home/byrn/HDF_Projects/hdf5/build/ci-StdShar-GNUC/tools/test/misc && /usr/bin/cmake -E copy_if_different /home/byrn/HDF_Projects/hdf5/dev/tools/test/misc/testfiles/h5clear_fsm_persist_equal.h5 /home/byrn/HDF_Projects/hdf5/build/ci-StdShar-GNUC/tools/test/misc/testfiles/h5clear_fsm_persist_equal.h5
[1735/4114] cd /home/byrn/HDF_Projects/hdf5/build/ci-StdShar-GNUC/tools/test/misc && /usr/bin/cmake -E copy_if_different /home/byrn/HDF_Projects/hdf5/dev/tools/test/misc/expected/h5clear_equal_after_size.ddl /home/byrn/HDF_Projects/hdf5/build/ci-StdShar-GNUC/tools/test/misc/testfiles/h5clear_equal_after_size.ddl
[1736/4114] cd /home/byrn/HDF_Projects/hdf5/build/ci-StdShar-GNUC/tools/test/misc && /usr/bin/cmake -E copy_if_different /home/byrn/HDF_Projects/hdf5/dev/tools/test/misc/expected/h5clear_equal_before_size.ddl /home/byrn/HDF_Projects/hdf5/build/ci-StdShar-GNUC/tools/test/misc/testfiles/h5clear_equal_before_size.ddl
[1737/4114] cd /home/byrn/HDF_Projects/hdf5/build/ci-StdShar-GNUC/tools/test/misc && /usr/bin/cmake -E copy_if_different /home/byrn/HDF_Projects/hdf5/dev/tools/test/misc/testfiles/h5clear_fsm_persist_greater.h5 /home/byrn/HDF_Projects/hdf5/build/ci-StdShar-GNUC/tools/test/misc/testfiles/h5clear_fsm_persist_greater.h5
[1738/4114] cd /home/byrn/HDF_Projects/hdf5/build/ci-StdShar-GNUC/tools/test/misc && /usr/bin/cmake -E copy_if_different /home/byrn/HDF_Projects/hdf5/dev/tools/test/misc/testfiles/h5clear_fsm_persist_less.h5 /home/byrn/HDF_Projects/hdf5/build/ci-StdShar-GNUC/tools/test/misc/testfiles/h5clear_fsm_persist_less.h5
[1739/4114] cd /home/byrn/HDF_Projects/hdf5/build/ci-StdShar-GNUC/tools/test/misc && /usr/bin/cmake -E copy_if_different /home/byrn/HDF_Projects/hdf5/dev/tools/test/misc/testfiles/h5clear_fsm_persist_noclose.h5 /home/byrn/HDF_Projects/hdf5/build/ci-StdShar-GNUC/tools/test/misc/testfiles/h5clear_fsm_persist_noclose.h5
[1740/4114] cd /home/byrn/HDF_Projects/hdf5/build/ci-StdShar-GNUC/tools/test/misc && /usr/bin/cmake -E copy_if_different /home/byrn/HDF_Projects/hdf5/dev/tools/test/misc/testfiles/h5clear_fsm_persist_user_greater.h5 /home/byrn/HDF_Projects/hdf5/build/ci-StdShar-GNUC/tools/test/misc/testfiles/h5clear_fsm_persist_user_greater.h5
[1741/4114] cd /home/byrn/HDF_Projects/hdf5/build/ci-StdShar-GNUC/tools/test/misc && /usr/bin/cmake -E copy_if_different /home/byrn/HDF_Projects/hdf5/dev/tools/test/misc/testfiles/h5clear_fsm_persist_user_equal.h5 /home/byrn/HDF_Projects/hdf5/build/ci-StdShar-GNUC/tools/test/misc/testfiles/h5clear_fsm_persist_user_equal.h5
[1742/4114] /usr/bin/cc -D_FILE_OFFSET_BITS=64 -D_GNU_SOURCE -D_LARGEFILE_SOURCE -D_POSIX_C_SOURCE=200809L -I/home/byrn/HDF_Projects/hdf5/dev/src -I/home/byrn/HDF_Projects/hdf5/dev/src/H5FDsubfiling -I/home/byrn/HDF_Projects/hdf5/build/ci-StdShar-GNUC/src -I/home/byrn/HDF_Projects/hdf5/build/ci-StdShar-GNUC/tools/lib -I/home/byrn/HDF_Projects/hdf5/dev/tools/lib -std=c99  -fstdarg-opt -fdiagnostics-urls=never -fno-diagnostics-color -fmessage-length=0 -O2 -g -DNDEBUG -std=gnu99 -fPIE -MD -MT tools/test/misc/CMakeFiles/clear_open_chk.dir/clear_open_chk.c.o -MF tools/test/misc/CMakeFiles/clear_open_chk.dir/clear_open_chk.c.o.d -o tools/test/misc/CMakeFiles/clear_open_chk.dir/clear_open_chk.c.o -c /home/byrn/HDF_Projects/hdf5/dev/tools/test/misc/clear_open_chk.c
[1743/4114] cd /home/byrn/HDF_Projects/hdf5/build/ci-StdShar-GNUC/tools/test/misc && /usr/bin/cmake -E copy_if_different /home/byrn/HDF_Projects/hdf5/dev/tools/test/misc/testfiles/h5clear_fsm_persist_user_less.h5 /home/byrn/HDF_Projects/hdf5/build/ci-StdShar-GNUC/tools/test/misc/testfiles/h5clear_fsm_persist_user_less.h5
[1744/4114] /usr/bin/cc -D_FILE_OFFSET_BITS=64 -D_GNU_SOURCE -D_LARGEFILE_SOURCE -D_POSIX_C_SOURCE=200809L -I/home/byrn/HDF_Projects/hdf5/dev/src -I/home/byrn/HDF_Projects/hdf5/dev/src/H5FDsubfiling -I/home/byrn/HDF_Projects/hdf5/build/ci-StdShar-GNUC/src -I/home/byrn/HDF_Projects/hdf5/build/ci-StdShar-GNUC/tools/lib -I/home/byrn/HDF_Projects/hdf5/dev/tools/lib -std=c99  -fstdarg-opt -fdiagnostics-urls=never -fno-diagnostics-color -fmessage-length=0 -O2 -g -DNDEBUG -std=gnu99 -fPIE -MD -MT tools/test/misc/CMakeFiles/h5repart_test.dir/repart_test.c.o -MF tools/test/misc/CMakeFiles/h5repart_test.dir/repart_test.c.o.d -o tools/test/misc/CMakeFiles/h5repart_test.dir/repart_test.c.o -c /home/byrn/HDF_Projects/hdf5/dev/tools/test/misc/repart_test.c
[1745/4114] /usr/bin/cc -D_FILE_OFFSET_BITS=64 -D_GNU_SOURCE -D_LARGEFILE_SOURCE -D_POSIX_C_SOURCE=200809L -I/home/byrn/HDF_Projects/hdf5/dev/src -I/home/byrn/HDF_Projects/hdf5/dev/src/H5FDsubfiling -I/home/byrn/HDF_Projects/hdf5/build/ci-StdShar-GNUC/src -I/home/byrn/HDF_Projects/hdf5/build/ci-StdShar-GNUC/tools/lib -I/home/byrn/HDF_Projects/hdf5/dev/tools/lib -I/home/byrn/HDF_Projects/hdf5/build/ci-StdShar-GNUC/test -I/home/byrn/HDF_Projects/hdf5/dev/test -std=c99  -fstdarg-opt -fdiagnostics-urls=never -fno-diagnostics-color -fmessage-length=0 -O2 -g -DNDEBUG -std=gnu99 -fPIE -MD -MT tools/test/misc/CMakeFiles/h5repart_gentest.dir/h5repart_gentest.c.o -MF tools/test/misc/CMakeFiles/h5repart_gentest.dir/h5repart_gentest.c.o.d -o tools/test/misc/CMakeFiles/h5repart_gentest.dir/h5repart_gentest.c.o -c /home/byrn/HDF_Projects/hdf5/dev/tools/test/misc/h5repart_gentest.c
[1746/4114] cd /home/byrn/HDF_Projects/hdf5/build/ci-StdShar-GNUC/tools/test/misc && /usr/bin/cmake -E copy_if_different /home/byrn/HDF_Projects/hdf5/dev/tools/test/misc/expected/h5clear_less_after_size.ddl /home/byrn/HDF_Projects/hdf5/build/ci-StdShar-GNUC/tools/test/misc/testfiles/h5clear_less_after_size.ddl
[1747/4114] cd /home/byrn/HDF_Projects/hdf5/build/ci-StdShar-GNUC/tools/test/misc && /usr/bin/cmake -E copy_if_different /home/byrn/HDF_Projects/hdf5/dev/tools/test/misc/expected/h5clear_greater_after_size.ddl /home/byrn/HDF_Projects/hdf5/build/ci-StdShar-GNUC/tools/test/misc/testfiles/h5clear_greater_after_size.ddl
[1748/4114] cd /home/byrn/HDF_Projects/hdf5/build/ci-StdShar-GNUC/tools/test/misc && /usr/bin/cmake -E copy_if_different /home/byrn/HDF_Projects/hdf5/dev/tools/test/misc/expected/h5clear_greater_before_size.ddl /home/byrn/HDF_Projects/hdf5/build/ci-StdShar-GNUC/tools/test/misc/testfiles/h5clear_greater_before_size.ddl
[1749/4114] cd /home/byrn/HDF_Projects/hdf5/build/ci-StdShar-GNUC/tools/test/misc && /usr/bin/cmake -E copy_if_different /home/byrn/HDF_Projects/hdf5/dev/tools/test/misc/expected/h5clear_less_before_size.ddl /home/byrn/HDF_Projects/hdf5/build/ci-StdShar-GNUC/tools/test/misc/testfiles/h5clear_less_before_size.ddl
[1750/4114] cd /home/byrn/HDF_Projects/hdf5/build/ci-StdShar-GNUC/tools/test/misc && /usr/bin/cmake -E copy_if_different /home/byrn/HDF_Projects/hdf5/dev/tools/test/misc/testfiles/h5clear_log_v3.h5 /home/byrn/HDF_Projects/hdf5/build/ci-StdShar-GNUC/tools/test/misc/testfiles/h5clear_log_v3.h5
[1751/4114] cd /home/byrn/HDF_Projects/hdf5/build/ci-StdShar-GNUC/tools/test/misc && /usr/bin/cmake -E copy_if_different /home/byrn/HDF_Projects/hdf5/dev/tools/test/misc/testfiles/h5clear_mdc_image.h5 /home/byrn/HDF_Projects/hdf5/build/ci-StdShar-GNUC/tools/test/misc/testfiles/h5clear_mdc_image.h5
[1752/4114] cd /home/byrn/HDF_Projects/hdf5/build/ci-StdShar-GNUC/tools/test/misc && /usr/bin/cmake -E copy_if_different /home/byrn/HDF_Projects/hdf5/dev/tools/test/misc/expected/h5clear_missing_file.ddl /home/byrn/HDF_Projects/hdf5/build/ci-StdShar-GNUC/tools/test/misc/testfiles/h5clear_missing_file.ddl
[1753/4114] cd /home/byrn/HDF_Projects/hdf5/build/ci-StdShar-GNUC/tools/test/misc && /usr/bin/cmake -E copy_if_different /home/byrn/HDF_Projects/hdf5/dev/tools/test/misc/expected/h5clear_noclose_after_size.ddl /home/byrn/HDF_Projects/hdf5/build/ci-StdShar-GNUC/tools/test/misc/testfiles/h5clear_noclose_after_size.ddl
[1754/4114] cd /home/byrn/HDF_Projects/hdf5/build/ci-StdShar-GNUC/tools/test/misc && /usr/bin/cmake -E copy_if_different /home/byrn/HDF_Projects/hdf5/dev/tools/test/misc/expected/h5clear_noclose_before_size.ddl /home/byrn/HDF_Projects/hdf5/build/ci-StdShar-GNUC/tools/test/misc/testfiles/h5clear_noclose_before_size.ddl
[1755/4114] cd /home/byrn/HDF_Projects/hdf5/build/ci-StdShar-GNUC/tools/test/misc && /usr/bin/cmake -E copy_if_different /home/byrn/HDF_Projects/hdf5/dev/tools/test/misc/testfiles/h5clear_sec2_v0.h5 /home/byrn/HDF_Projects/hdf5/build/ci-StdShar-GNUC/tools/test/misc/testfiles/h5clear_sec2_v0.h5
[1756/4114] cd /home/byrn/HDF_Projects/hdf5/build/ci-StdShar-GNUC/tools/test/misc && /usr/bin/cmake -E copy_if_different /home/byrn/HDF_Projects/hdf5/dev/tools/test/misc/testfiles/h5clear_sec2_v2.h5 /home/byrn/HDF_Projects/hdf5/build/ci-StdShar-GNUC/tools/test/misc/testfiles/h5clear_sec2_v2.h5
[1757/4114] cd /home/byrn/HDF_Projects/hdf5/build/ci-StdShar-GNUC/tools/test/misc && /usr/bin/cmake -E copy_if_different /home/byrn/HDF_Projects/hdf5/dev/tools/test/misc/testfiles/h5clear_sec2_v3.h5 /home/byrn/HDF_Projects/hdf5/build/ci-StdShar-GNUC/tools/test/misc/testfiles/h5clear_sec2_v3.h5
[1758/4114] cd /home/byrn/HDF_Projects/hdf5/build/ci-StdShar-GNUC/tools/test/misc && /usr/bin/cmake -E copy_if_different /home/byrn/HDF_Projects/hdf5/dev/tools/test/misc/expected/h5clear_usage.ddl /home/byrn/HDF_Projects/hdf5/build/ci-StdShar-GNUC/tools/test/misc/testfiles/h5clear_usage.ddl
[1759/4114] cd /home/byrn/HDF_Projects/hdf5/build/ci-StdShar-GNUC/tools/test/misc && /usr/bin/cmake -E copy_if_different /home/byrn/HDF_Projects/hdf5/dev/tools/test/misc/testfiles/h5clear_status_noclose.h5 /home/byrn/HDF_Projects/hdf5/build/ci-StdShar-GNUC/tools/test/misc/testfiles/h5clear_status_noclose.h5
[1760/4114] cd /home/byrn/HDF_Projects/hdf5/build/ci-StdShar-GNUC/tools/test/misc && /usr/bin/cmake -E copy_if_different /home/byrn/HDF_Projects/hdf5/dev/tools/test/misc/expected/h5clear_status_noclose_after_size.ddl /home/byrn/HDF_Projects/hdf5/build/ci-StdShar-GNUC/tools/test/misc/testfiles/h5clear_status_noclose_after_size.ddl
[1761/4114] cd /home/byrn/HDF_Projects/hdf5/build/ci-StdShar-GNUC/tools/test/misc && /usr/bin/cmake -E copy_if_different /home/byrn/HDF_Projects/hdf5/dev/tools/test/misc/expected/h5clear_user_equal_after_size.ddl /home/byrn/HDF_Projects/hdf5/build/ci-StdShar-GNUC/tools/test/misc/testfiles/h5clear_user_equal_after_size.ddl
[1762/4114] cd /home/byrn/HDF_Projects/hdf5/build/ci-StdShar-GNUC/tools/test/misc && /usr/bin/cmake -E copy_if_different /home/byrn/HDF_Projects/hdf5/dev/tools/test/misc/expected/h5clear_user_equal_before_size.ddl /home/byrn/HDF_Projects/hdf5/build/ci-StdShar-GNUC/tools/test/misc/testfiles/h5clear_user_equal_before_size.ddl
[1763/4114] cd /home/byrn/HDF_Projects/hdf5/build/ci-StdShar-GNUC/tools/test/misc && /usr/bin/cmake -E copy_if_different /home/byrn/HDF_Projects/hdf5/dev/tools/test/misc/expected/h5clear_user_greater_after_size.ddl /home/byrn/HDF_Projects/hdf5/build/ci-StdShar-GNUC/tools/test/misc/testfiles/h5clear_user_greater_after_size.ddl
[1764/4114] cd /home/byrn/HDF_Projects/hdf5/build/ci-StdShar-GNUC/tools/test/misc && /usr/bin/cmake -E copy_if_different /home/byrn/HDF_Projects/hdf5/dev/tools/test/misc/expected/h5clear_user_greater_before_size.ddl /home/byrn/HDF_Projects/hdf5/build/ci-StdShar-GNUC/tools/test/misc/testfiles/h5clear_user_greater_before_size.ddl
[1765/4114] cd /home/byrn/HDF_Projects/hdf5/build/ci-StdShar-GNUC/tools/test/misc && /usr/bin/cmake -E copy_if_different /home/byrn/HDF_Projects/hdf5/dev/tools/test/misc/expected/h5clear_user_less_after_size.ddl /home/byrn/HDF_Projects/hdf5/build/ci-StdShar-GNUC/tools/test/misc/testfiles/h5clear_user_less_after_size.ddl
[1766/4114] cd /home/byrn/HDF_Projects/hdf5/build/ci-StdShar-GNUC/tools/test/misc && /usr/bin/cmake -E copy_if_different /home/byrn/HDF_Projects/hdf5/dev/tools/test/misc/expected/h5clear_user_less_before_size.ddl /home/byrn/HDF_Projects/hdf5/build/ci-StdShar-GNUC/tools/test/misc/testfiles/h5clear_user_less_before_size.ddl
[1767/4114] cd /home/byrn/HDF_Projects/hdf5/build/ci-StdShar-GNUC/tools/test/misc && /usr/bin/cmake -E copy_if_different /home/byrn/HDF_Projects/hdf5/dev/tools/test/misc/testfiles/latest_h5clear_sec2_v3.h5 /home/byrn/HDF_Projects/hdf5/build/ci-StdShar-GNUC/tools/test/misc/testfiles/latest_h5clear_sec2_v3.h5
[1768/4114] cd /home/byrn/HDF_Projects/hdf5/build/ci-StdShar-GNUC/tools/test/misc && /usr/bin/cmake -E copy_if_different /home/byrn/HDF_Projects/hdf5/dev/tools/test/misc/testfiles/latest_h5clear_log_v3.h5 /home/byrn/HDF_Projects/hdf5/build/ci-StdShar-GNUC/tools/test/misc/testfiles/latest_h5clear_log_v3.h5
[1769/4114] cd /home/byrn/HDF_Projects/hdf5/build/ci-StdShar-GNUC/tools/test/misc && /usr/bin/cmake -E copy_if_different /home/byrn/HDF_Projects/hdf5/dev/tools/test/misc/testfiles/mod_h5clear_mdc_image.h5 /home/byrn/HDF_Projects/hdf5/build/ci-StdShar-GNUC/tools/test/misc/testfiles/mod_h5clear_mdc_image.h5
[1770/4114] cd /home/byrn/HDF_Projects/hdf5/build/ci-StdShar-GNUC/tools/test/misc && /usr/bin/cmake -E copy_if_different /home/byrn/HDF_Projects/hdf5/dev/tools/test/misc/testfiles/h5clear_sec2_v0.h5 /home/byrn/HDF_Projects/hdf5/build/ci-StdShar-GNUC/tools/test/misc/testfiles/orig_h5clear_sec2_v0.h5
[1771/4114] cd /home/byrn/HDF_Projects/hdf5/build/ci-StdShar-GNUC/tools/test/misc && /usr/bin/cmake -E copy_if_different /home/byrn/HDF_Projects/hdf5/dev/tools/test/misc/testfiles/mod_h5clear_mdc_image.h5 /home/byrn/HDF_Projects/hdf5/build/ci-StdShar-GNUC/tools/test/misc/testfiles/mod_h5clear_mdc_image2.h5
[1772/4114] /usr/bin/cc -D_FILE_OFFSET_BITS=64 -D_GNU_SOURCE -D_LARGEFILE_SOURCE -D_POSIX_C_SOURCE=200809L -I/home/byrn/HDF_Projects/hdf5/dev/src -I/home/byrn/HDF_Projects/hdf5/dev/src/H5FDsubfiling -I/home/byrn/HDF_Projects/hdf5/dev/test -I/home/byrn/HDF_Projects/hdf5/build/ci-StdShar-GNUC/src -I/home/byrn/HDF_Projects/hdf5/build/ci-StdShar-GNUC/tools/lib -I/home/byrn/HDF_Projects/hdf5/dev/tools/lib -I/home/byrn/HDF_Projects/hdf5/build/ci-StdShar-GNUC/test -std=c99  -fstdarg-opt -fdiagnostics-urls=never -fno-diagnostics-color -fmessage-length=0 -O2 -g -DNDEBUG -std=gnu99 -fPIE -MD -MT tools/test/misc/CMakeFiles/h5clear_gentest.dir/h5clear_gentest.c.o -MF tools/test/misc/CMakeFiles/h5clear_gentest.dir/h5clear_gentest.c.o.d -o tools/test/misc/CMakeFiles/h5clear_gentest.dir/h5clear_gentest.c.o -c /home/byrn/HDF_Projects/hdf5/dev/tools/test/misc/h5clear_gentest.c
[1773/4114] cd /home/byrn/HDF_Projects/hdf5/build/ci-StdShar-GNUC/tools/test/misc && /usr/bin/cmake -E copy_if_different /home/byrn/HDF_Projects/hdf5/dev/tools/test/misc/testfiles/h5clear_sec2_v2.h5 /home/byrn/HDF_Projects/hdf5/build/ci-StdShar-GNUC/tools/test/misc/testfiles/orig_h5clear_sec2_v2.h5
[1774/4114] cd /home/byrn/HDF_Projects/hdf5/build/ci-StdShar-GNUC/tools/test/misc && /usr/bin/cmake -E copy_if_different /home/byrn/HDF_Projects/hdf5/dev/tools/test/misc/expected/h5mkgrp_help.txt /home/byrn/HDF_Projects/hdf5/build/ci-StdShar-GNUC/tools/test/misc/testfiles/h5mkgrp_help.txt
[1775/4114] cd /home/byrn/HDF_Projects/hdf5/build/ci-StdShar-GNUC/tools/test/misc && /usr/bin/cmake -E copy_if_different /home/byrn/HDF_Projects/hdf5/dev/tools/test/misc/testfiles/h5clear_sec2_v3.h5 /home/byrn/HDF_Projects/hdf5/build/ci-StdShar-GNUC/tools/test/misc/testfiles/orig_h5clear_sec2_v3.h5
[1776/4114] cd /home/byrn/HDF_Projects/hdf5/build/ci-StdShar-GNUC/tools/test/misc && /usr/bin/cmake -E copy_if_different /home/byrn/HDF_Projects/hdf5/dev/tools/test/misc/expected/h5mkgrp_nested_mult_lp.ls /home/byrn/HDF_Projects/hdf5/build/ci-StdShar-GNUC/tools/test/misc/testfiles/h5mkgrp_nested_mult_lp.ls
[1777/4114] cd /home/byrn/HDF_Projects/hdf5/build/ci-StdShar-GNUC/tools/test/misc && /usr/bin/cmake -E copy_if_different /home/byrn/HDF_Projects/hdf5/dev/tools/test/misc/expected/h5mkgrp_nested_mult_p.ls /home/byrn/HDF_Projects/hdf5/build/ci-StdShar-GNUC/tools/test/misc/testfiles/h5mkgrp_nested_mult_p.ls
[1778/4114] cd /home/byrn/HDF_Projects/hdf5/build/ci-StdShar-GNUC/tools/test/misc && /usr/bin/cmake -E copy_if_different /home/byrn/HDF_Projects/hdf5/dev/tools/test/misc/expected/h5mkgrp_nested_lp.ls /home/byrn/HDF_Projects/hdf5/build/ci-StdShar-GNUC/tools/test/misc/testfiles/h5mkgrp_nested_lp.ls
[1779/4114] cd /home/byrn/HDF_Projects/hdf5/build/ci-StdShar-GNUC/tools/test/misc && /usr/bin/cmake -E copy_if_different /home/byrn/HDF_Projects/hdf5/dev/tools/test/misc/expected/h5mkgrp_several.ls /home/byrn/HDF_Projects/hdf5/build/ci-StdShar-GNUC/tools/test/misc/testfiles/h5mkgrp_several.ls
[1780/4114] cd /home/byrn/HDF_Projects/hdf5/build/ci-StdShar-GNUC/tools/test/misc && /usr/bin/cmake -E copy_if_different /home/byrn/HDF_Projects/hdf5/dev/tools/test/misc/expected/h5mkgrp_several_l.ls /home/byrn/HDF_Projects/hdf5/build/ci-StdShar-GNUC/tools/test/misc/testfiles/h5mkgrp_several_l.ls
[1781/4114] cd /home/byrn/HDF_Projects/hdf5/build/ci-StdShar-GNUC/tools/test/misc && /usr/bin/cmake -E copy_if_different /home/byrn/HDF_Projects/hdf5/dev/tools/test/misc/expected/h5mkgrp_nested_p.ls /home/byrn/HDF_Projects/hdf5/build/ci-StdShar-GNUC/tools/test/misc/testfiles/h5mkgrp_nested_p.ls
[1782/4114] cd /home/byrn/HDF_Projects/hdf5/build/ci-StdShar-GNUC/tools/test/misc && /usr/bin/cmake -E copy_if_different /home/byrn/HDF_Projects/hdf5/dev/tools/test/misc/expected/h5mkgrp_several_p.ls /home/byrn/HDF_Projects/hdf5/build/ci-StdShar-GNUC/tools/test/misc/testfiles/h5mkgrp_several_p.ls
[1783/4114] cd /home/byrn/HDF_Projects/hdf5/build/ci-StdShar-GNUC/tools/test/misc && /usr/bin/cmake -E copy_if_different /home/byrn/HDF_Projects/hdf5/dev/tools/test/misc/expected/h5mkgrp_several_v.ls /home/byrn/HDF_Projects/hdf5/build/ci-StdShar-GNUC/tools/test/misc/testfiles/h5mkgrp_several_v.ls
[1784/4114] cd /home/byrn/HDF_Projects/hdf5/build/ci-StdShar-GNUC/tools/test/misc && /usr/bin/cmake -E copy_if_different /home/byrn/HDF_Projects/hdf5/dev/tools/test/misc/expected/h5mkgrp_single.ls /home/byrn/HDF_Projects/hdf5/build/ci-StdShar-GNUC/tools/test/misc/testfiles/h5mkgrp_single.ls
[1785/4114] cd /home/byrn/HDF_Projects/hdf5/build/ci-StdShar-GNUC/tools/test/misc && /usr/bin/cmake -E copy_if_different /home/byrn/HDF_Projects/hdf5/dev/tools/test/misc/expected/h5mkgrp_single_p.ls /home/byrn/HDF_Projects/hdf5/build/ci-StdShar-GNUC/tools/test/misc/testfiles/h5mkgrp_single_p.ls
[1786/4114] cd /home/byrn/HDF_Projects/hdf5/build/ci-StdShar-GNUC/tools/test/misc && /usr/bin/cmake -E copy_if_different /home/byrn/HDF_Projects/hdf5/dev/tools/test/misc/expected/h5mkgrp_single_l.ls /home/byrn/HDF_Projects/hdf5/build/ci-StdShar-GNUC/tools/test/misc/testfiles/h5mkgrp_single_l.ls
[1787/4114] cd /home/byrn/HDF_Projects/hdf5/build/ci-StdShar-GNUC/tools/test/misc && /usr/bin/cmake -E copy_if_different /home/byrn/HDF_Projects/hdf5/dev/tools/test/misc/expected/h5mkgrp_single_v.ls /home/byrn/HDF_Projects/hdf5/build/ci-StdShar-GNUC/tools/test/misc/testfiles/h5mkgrp_single_v.ls
[1788/4114] : && /usr/bin/cc -std=c99  -fstdarg-opt -fdiagnostics-urls=never -fno-diagnostics-color -fmessage-length=0 -O2 -g -DNDEBUG  tools/test/misc/CMakeFiles/h5repart_gentest.dir/h5repart_gentest.c.o -o bin/h5repart_gentest  -Wl,-rpath,"\$ORIGIN/../lib:\$ORIGIN/"  bin/libhdf5_tools.a  bin/libhdf5_test.a  bin/libhdf5.a  bin/libzlib.a  bin/libszaec.a  bin/libaec.a  -lm  -ldl && :
[1789/4114] : && /usr/bin/cc -std=c99  -fstdarg-opt -fdiagnostics-urls=never -fno-diagnostics-color -fmessage-length=0 -O2 -g -DNDEBUG  tools/test/misc/CMakeFiles/clear_open_chk.dir/clear_open_chk.c.o -o bin/clear_open_chk  -Wl,-rpath,"\$ORIGIN/../lib:\$ORIGIN/"  bin/libhdf5_tools.a  bin/libhdf5.a  bin/libzlib.a  bin/libszaec.a  bin/libaec.a  -lm  -ldl && :
[1790/4114] /usr/bin/cc -D_FILE_OFFSET_BITS=64 -D_GNU_SOURCE -D_LARGEFILE_SOURCE -D_POSIX_C_SOURCE=200809L -I/home/byrn/HDF_Projects/hdf5/dev/src -I/home/byrn/HDF_Projects/hdf5/dev/src/H5FDsubfiling -I/home/byrn/HDF_Projects/hdf5/build/ci-StdShar-GNUC/src -I/home/byrn/HDF_Projects/hdf5/build/ci-StdShar-GNUC/tools/lib -I/home/byrn/HDF_Projects/hdf5/dev/tools/lib -std=c99  -fstdarg-opt -fdiagnostics-urls=never -fno-diagnostics-color -fmessage-length=0 -O2 -g -DNDEBUG -std=gnu99 -fPIE -MD -MT tools/test/misc/vds/CMakeFiles/UC_2_two_dims_gen.dir/UC_2_two_dims_gen.c.o -MF tools/test/misc/vds/CMakeFiles/UC_2_two_dims_gen.dir/UC_2_two_dims_gen.c.o.d -o tools/test/misc/vds/CMakeFiles/UC_2_two_dims_gen.dir/UC_2_two_dims_gen.c.o -c /home/byrn/HDF_Projects/hdf5/dev/tools/test/misc/vds/UC_2_two_dims_gen.c
[1791/4114] /usr/bin/cc -D_FILE_OFFSET_BITS=64 -D_GNU_SOURCE -D_LARGEFILE_SOURCE -D_POSIX_C_SOURCE=200809L -I/home/byrn/HDF_Projects/hdf5/dev/src -I/home/byrn/HDF_Projects/hdf5/dev/src/H5FDsubfiling -I/home/byrn/HDF_Projects/hdf5/build/ci-StdShar-GNUC/src -I/home/byrn/HDF_Projects/hdf5/build/ci-StdShar-GNUC/tools/lib -I/home/byrn/HDF_Projects/hdf5/dev/tools/lib -std=c99  -fstdarg-opt -fdiagnostics-urls=never -fno-diagnostics-color -fmessage-length=0 -O2 -g -DNDEBUG -std=gnu99 -fPIE -MD -MT tools/test/misc/vds/CMakeFiles/UC_1_one_dim_gen.dir/UC_1_one_dim_gen.c.o -MF tools/test/misc/vds/CMakeFiles/UC_1_one_dim_gen.dir/UC_1_one_dim_gen.c.o.d -o tools/test/misc/vds/CMakeFiles/UC_1_one_dim_gen.dir/UC_1_one_dim_gen.c.o -c /home/byrn/HDF_Projects/hdf5/dev/tools/test/misc/vds/UC_1_one_dim_gen.c
[1792/4114] /usr/bin/cc -D_FILE_OFFSET_BITS=64 -D_GNU_SOURCE -D_LARGEFILE_SOURCE -D_POSIX_C_SOURCE=200809L -I/home/byrn/HDF_Projects/hdf5/dev/src -I/home/byrn/HDF_Projects/hdf5/dev/src/H5FDsubfiling -I/home/byrn/HDF_Projects/hdf5/build/ci-StdShar-GNUC/src -I/home/byrn/HDF_Projects/hdf5/build/ci-StdShar-GNUC/tools/lib -I/home/byrn/HDF_Projects/hdf5/dev/tools/lib -std=c99  -fstdarg-opt -fdiagnostics-urls=never -fno-diagnostics-color -fmessage-length=0 -O2 -g -DNDEBUG -std=gnu99 -fPIE -MD -MT tools/test/misc/vds/CMakeFiles/UC_3_gaps_gen.dir/UC_3_gaps_gen.c.o -MF tools/test/misc/vds/CMakeFiles/UC_3_gaps_gen.dir/UC_3_gaps_gen.c.o.d -o tools/test/misc/vds/CMakeFiles/UC_3_gaps_gen.dir/UC_3_gaps_gen.c.o -c /home/byrn/HDF_Projects/hdf5/dev/tools/test/misc/vds/UC_3_gaps_gen.c
[1793/4114] : && /usr/bin/cc -std=c99  -fstdarg-opt -fdiagnostics-urls=never -fno-diagnostics-color -fmessage-length=0 -O2 -g -DNDEBUG  tools/test/misc/CMakeFiles/h5repart_test.dir/repart_test.c.o -o bin/h5repart_test  -Wl,-rpath,"\$ORIGIN/../lib:\$ORIGIN/"  bin/libhdf5_tools.a  bin/libhdf5.a  bin/libzlib.a  bin/libszaec.a  bin/libaec.a  -lm  -ldl && :
[1794/4114] : && /usr/bin/cc -std=c99  -fstdarg-opt -fdiagnostics-urls=never -fno-diagnostics-color -fmessage-length=0 -O2 -g -DNDEBUG  tools/test/misc/CMakeFiles/h5clear_gentest.dir/h5clear_gentest.c.o -o bin/h5clear_gentest  -Wl,-rpath,"\$ORIGIN/../lib:\$ORIGIN/"  bin/libhdf5_tools.a  bin/libhdf5_test.a  bin/libhdf5.a  bin/libzlib.a  bin/libszaec.a  bin/libaec.a  -lm  -ldl && :
[1795/4114] cd /home/byrn/HDF_Projects/hdf5/build/ci-StdShar-GNUC/tools/test/h5import && /usr/bin/cmake -E copy_if_different /home/byrn/HDF_Projects/hdf5/dev/tools/test/h5import/testfiles/binfp64.h5 /home/byrn/HDF_Projects/hdf5/build/ci-StdShar-GNUC/tools/test/h5import/testfiles/binfp64.h5
[1796/4114] cd /home/byrn/HDF_Projects/hdf5/build/ci-StdShar-GNUC/tools/test/h5import && /usr/bin/cmake -E copy_if_different /home/byrn/HDF_Projects/hdf5/dev/tools/test/h5import/testfiles/binin16.h5 /home/byrn/HDF_Projects/hdf5/build/ci-StdShar-GNUC/tools/test/h5import/testfiles/binin16.h5
[1797/4114] /usr/bin/cc -D_FILE_OFFSET_BITS=64 -D_GNU_SOURCE -D_LARGEFILE_SOURCE -D_POSIX_C_SOURCE=200809L -I/home/byrn/HDF_Projects/hdf5/dev/src -I/home/byrn/HDF_Projects/hdf5/dev/src/H5FDsubfiling -I/home/byrn/HDF_Projects/hdf5/build/ci-StdShar-GNUC/src -I/home/byrn/HDF_Projects/hdf5/build/ci-StdShar-GNUC/tools/lib -I/home/byrn/HDF_Projects/hdf5/dev/tools/lib -std=c99  -fstdarg-opt -fdiagnostics-urls=never -fno-diagnostics-color -fmessage-length=0 -O2 -g -DNDEBUG -std=gnu99 -fPIE -MD -MT tools/test/misc/vds/CMakeFiles/UC_4_printf_gen.dir/UC_4_printf_gen.c.o -MF tools/test/misc/vds/CMakeFiles/UC_4_printf_gen.dir/UC_4_printf_gen.c.o.d -o tools/test/misc/vds/CMakeFiles/UC_4_printf_gen.dir/UC_4_printf_gen.c.o -c /home/byrn/HDF_Projects/hdf5/dev/tools/test/misc/vds/UC_4_printf_gen.c
[1798/4114] /usr/bin/cc -D_FILE_OFFSET_BITS=64 -D_GNU_SOURCE -D_LARGEFILE_SOURCE -D_POSIX_C_SOURCE=200809L -I/home/byrn/HDF_Projects/hdf5/dev/src -I/home/byrn/HDF_Projects/hdf5/dev/src/H5FDsubfiling -I/home/byrn/HDF_Projects/hdf5/build/ci-StdShar-GNUC/src -I/home/byrn/HDF_Projects/hdf5/build/ci-StdShar-GNUC/tools/lib -I/home/byrn/HDF_Projects/hdf5/dev/tools/lib -std=c99  -fstdarg-opt -fdiagnostics-urls=never -fno-diagnostics-color -fmessage-length=0 -O2 -g -DNDEBUG -std=gnu99 -fPIE -MD -MT tools/test/misc/vds/CMakeFiles/UC_5_stride_gen.dir/UC_5_stride_gen.c.o -MF tools/test/misc/vds/CMakeFiles/UC_5_stride_gen.dir/UC_5_stride_gen.c.o.d -o tools/test/misc/vds/CMakeFiles/UC_5_stride_gen.dir/UC_5_stride_gen.c.o -c /home/byrn/HDF_Projects/hdf5/dev/tools/test/misc/vds/UC_5_stride_gen.c
[1799/4114] cd /home/byrn/HDF_Projects/hdf5/build/ci-StdShar-GNUC/tools/test/h5import && /usr/bin/cmake -E copy_if_different /home/byrn/HDF_Projects/hdf5/dev/tools/test/h5import/testfiles/binin32.h5 /home/byrn/HDF_Projects/hdf5/build/ci-StdShar-GNUC/tools/test/h5import/testfiles/binin32.h5
[1800/4114] cd /home/byrn/HDF_Projects/hdf5/build/ci-StdShar-GNUC/tools/test/h5import && /usr/bin/cmake -E copy_if_different /home/byrn/HDF_Projects/hdf5/dev/tools/test/h5import/testfiles/binin8.h5 /home/byrn/HDF_Projects/hdf5/build/ci-StdShar-GNUC/tools/test/h5import/testfiles/binin8.h5
[1801/4114] cd /home/byrn/HDF_Projects/hdf5/build/ci-StdShar-GNUC/tools/test/h5import && /usr/bin/cmake -E copy_if_different /home/byrn/HDF_Projects/hdf5/dev/tools/test/h5import/testfiles/binin8w.h5 /home/byrn/HDF_Projects/hdf5/build/ci-StdShar-GNUC/tools/test/h5import/testfiles/binin8w.h5
[1802/4114] cd /home/byrn/HDF_Projects/hdf5/build/ci-StdShar-GNUC/tools/test/h5import && /usr/bin/cmake -E copy_if_different /home/byrn/HDF_Projects/hdf5/dev/tools/test/h5import/testfiles/binuin16.h5 /home/byrn/HDF_Projects/hdf5/build/ci-StdShar-GNUC/tools/test/h5import/testfiles/binuin16.h5
[1803/4114] cd /home/byrn/HDF_Projects/hdf5/build/ci-StdShar-GNUC/tools/test/h5import && /usr/bin/cmake -E copy_if_different /home/byrn/HDF_Projects/hdf5/dev/tools/test/h5import/testfiles/binuin32.h5 /home/byrn/HDF_Projects/hdf5/build/ci-StdShar-GNUC/tools/test/h5import/testfiles/binuin32.h5
[1804/4114] cd /home/byrn/HDF_Projects/hdf5/build/ci-StdShar-GNUC/tools/test/h5import && /usr/bin/cmake -E copy_if_different /home/byrn/HDF_Projects/hdf5/dev/tools/test/h5import/testfiles/dbinfp64.h5.txt /home/byrn/HDF_Projects/hdf5/build/ci-StdShar-GNUC/tools/test/h5import/testfiles/dbinfp64.h5.txt
[1805/4114] cd /home/byrn/HDF_Projects/hdf5/build/ci-StdShar-GNUC/tools/test/h5import && /usr/bin/cmake -E copy_if_different /home/byrn/HDF_Projects/hdf5/dev/tools/test/h5import/testfiles/dbinin16.h5.txt /home/byrn/HDF_Projects/hdf5/build/ci-StdShar-GNUC/tools/test/h5import/testfiles/dbinin16.h5.txt
[1806/4114] cd /home/byrn/HDF_Projects/hdf5/build/ci-StdShar-GNUC/tools/test/h5import && /usr/bin/cmake -E copy_if_different /home/byrn/HDF_Projects/hdf5/dev/tools/test/h5import/testfiles/dbinin32.h5.txt /home/byrn/HDF_Projects/hdf5/build/ci-StdShar-GNUC/tools/test/h5import/testfiles/dbinin32.h5.txt
[1807/4114] cd /home/byrn/HDF_Projects/hdf5/build/ci-StdShar-GNUC/tools/test/h5import && /usr/bin/cmake -E copy_if_different /home/byrn/HDF_Projects/hdf5/dev/tools/test/h5import/testfiles/dbinin8.h5.txt /home/byrn/HDF_Projects/hdf5/build/ci-StdShar-GNUC/tools/test/h5import/testfiles/dbinin8.h5.txt
[1808/4114] cd /home/byrn/HDF_Projects/hdf5/build/ci-StdShar-GNUC/tools/test/h5import && /usr/bin/cmake -E copy_if_different /home/byrn/HDF_Projects/hdf5/dev/tools/test/h5import/testfiles/dbinin8w.h5.txt /home/byrn/HDF_Projects/hdf5/build/ci-StdShar-GNUC/tools/test/h5import/testfiles/dbinin8w.h5.txt
[1809/4114] cd /home/byrn/HDF_Projects/hdf5/build/ci-StdShar-GNUC/tools/test/h5import && /usr/bin/cmake -E copy_if_different /home/byrn/HDF_Projects/hdf5/dev/tools/test/h5import/testfiles/dbinuin16.h5.txt /home/byrn/HDF_Projects/hdf5/build/ci-StdShar-GNUC/tools/test/h5import/testfiles/dbinuin16.h5.txt
[1810/4114] cd /home/byrn/HDF_Projects/hdf5/build/ci-StdShar-GNUC/tools/test/h5import && /usr/bin/cmake -E copy_if_different /home/byrn/HDF_Projects/hdf5/dev/tools/test/h5import/testfiles/dbinuin32.h5.txt /home/byrn/HDF_Projects/hdf5/build/ci-StdShar-GNUC/tools/test/h5import/testfiles/dbinuin32.h5.txt
[1811/4114] : && /usr/bin/cc -std=c99  -fstdarg-opt -fdiagnostics-urls=never -fno-diagnostics-color -fmessage-length=0 -O2 -g -DNDEBUG  tools/test/misc/vds/CMakeFiles/UC_2_two_dims_gen.dir/UC_2_two_dims_gen.c.o -o bin/UC_2_two_dims_gen  -Wl,-rpath,"\$ORIGIN/../lib:\$ORIGIN/"  bin/libhdf5_tools.a  bin/libhdf5.a  bin/libzlib.a  bin/libszaec.a  bin/libaec.a  -lm  -ldl && :
[1812/4114] : && /usr/bin/cc -std=c99  -fstdarg-opt -fdiagnostics-urls=never -fno-diagnostics-color -fmessage-length=0 -O2 -g -DNDEBUG  tools/test/misc/vds/CMakeFiles/UC_1_one_dim_gen.dir/UC_1_one_dim_gen.c.o -o bin/UC_1_one_dim_gen  -Wl,-rpath,"\$ORIGIN/../lib:\$ORIGIN/"  bin/libhdf5_tools.a  bin/libhdf5.a  bin/libzlib.a  bin/libszaec.a  bin/libaec.a  -lm  -ldl && :
[1813/4114] cd /home/byrn/HDF_Projects/hdf5/build/ci-StdShar-GNUC/tools/test/h5import && /usr/bin/cmake -E copy_if_different /home/byrn/HDF_Projects/hdf5/dev/tools/test/h5import/testfiles/dtxtstr.h5.txt /home/byrn/HDF_Projects/hdf5/build/ci-StdShar-GNUC/tools/test/h5import/testfiles/dtxtstr.h5.txt
[1814/4114] cd /home/byrn/HDF_Projects/hdf5/build/ci-StdShar-GNUC/tools/test/h5import && /usr/bin/cmake -E copy_if_different /home/byrn/HDF_Projects/hdf5/dev/tools/test/h5dump/testfiles/tall.h5 /home/byrn/HDF_Projects/hdf5/build/ci-StdShar-GNUC/tools/test/h5import/testfiles/tall.h5
[1815/4114] cd /home/byrn/HDF_Projects/hdf5/build/ci-StdShar-GNUC/tools/test/h5import && /usr/bin/cmake -E copy_if_different /home/byrn/HDF_Projects/hdf5/dev/tools/test/h5import/testfiles/tall_fp32.ddl /home/byrn/HDF_Projects/hdf5/build/ci-StdShar-GNUC/tools/test/h5import/testfiles/tall_fp32.ddl
[1816/4114] cd /home/byrn/HDF_Projects/hdf5/build/ci-StdShar-GNUC/tools/test/h5import && /usr/bin/cmake -E copy_if_different /home/byrn/HDF_Projects/hdf5/dev/tools/test/h5import/testfiles/textpfe.conf /home/byrn/HDF_Projects/hdf5/build/ci-StdShar-GNUC/tools/test/h5import/testfiles/textpfe.conf
[1817/4114] cd /home/byrn/HDF_Projects/hdf5/build/ci-StdShar-GNUC/tools/test/h5import && /usr/bin/cmake -E copy_if_different /home/byrn/HDF_Projects/hdf5/dev/tools/test/h5import/testfiles/tall_i32.ddl /home/byrn/HDF_Projects/hdf5/build/ci-StdShar-GNUC/tools/test/h5import/testfiles/tall_i32.ddl
[1818/4114] cd /home/byrn/HDF_Projects/hdf5/build/ci-StdShar-GNUC/tools/test/h5import && /usr/bin/cmake -E copy_if_different /home/byrn/HDF_Projects/hdf5/dev/tools/test/h5import/testfiles/textpfe.h5 /home/byrn/HDF_Projects/hdf5/build/ci-StdShar-GNUC/tools/test/h5import/testfiles/textpfe.h5
[1819/4114] cd /home/byrn/HDF_Projects/hdf5/build/ci-StdShar-GNUC/tools/test/h5import && /usr/bin/cmake -E copy_if_different /home/byrn/HDF_Projects/hdf5/dev/tools/test/h5import/testfiles/textpfe64.txt /home/byrn/HDF_Projects/hdf5/build/ci-StdShar-GNUC/tools/test/h5import/testfiles/textpfe64.txt
[1820/4114] cd /home/byrn/HDF_Projects/hdf5/build/ci-StdShar-GNUC/tools/test/h5import && /usr/bin/cmake -E copy_if_different /home/byrn/HDF_Projects/hdf5/dev/tools/test/h5import/testfiles/tintsattrs_u32.ddl /home/byrn/HDF_Projects/hdf5/build/ci-StdShar-GNUC/tools/test/h5import/testfiles/tintsattrs_u32.ddl
[1821/4114] cd /home/byrn/HDF_Projects/hdf5/build/ci-StdShar-GNUC/tools/test/h5import && /usr/bin/cmake -E copy_if_different /home/byrn/HDF_Projects/hdf5/dev/tools/test/h5dump/testfiles/tintsattrs.h5 /home/byrn/HDF_Projects/hdf5/build/ci-StdShar-GNUC/tools/test/h5import/testfiles/tintsattrs.h5
[1822/4114] cd /home/byrn/HDF_Projects/hdf5/build/ci-StdShar-GNUC/tools/test/h5import && /usr/bin/cmake -E copy_if_different /home/byrn/HDF_Projects/hdf5/dev/tools/test/h5import/testfiles/txtfp32.txt /home/byrn/HDF_Projects/hdf5/build/ci-StdShar-GNUC/tools/test/h5import/testfiles/txtfp32.txt
[1823/4114] cd /home/byrn/HDF_Projects/hdf5/build/ci-StdShar-GNUC/tools/test/h5import && /usr/bin/cmake -E copy_if_different /home/byrn/HDF_Projects/hdf5/dev/tools/test/h5import/testfiles/txtfp32.conf /home/byrn/HDF_Projects/hdf5/build/ci-StdShar-GNUC/tools/test/h5import/testfiles/txtfp32.conf
[1824/4114] cd /home/byrn/HDF_Projects/hdf5/build/ci-StdShar-GNUC/tools/test/h5import && /usr/bin/cmake -E copy_if_different /home/byrn/HDF_Projects/hdf5/dev/tools/test/h5import/testfiles/txtfp32.h5 /home/byrn/HDF_Projects/hdf5/build/ci-StdShar-GNUC/tools/test/h5import/testfiles/txtfp32.h5
[1825/4114] cd /home/byrn/HDF_Projects/hdf5/build/ci-StdShar-GNUC/tools/test/h5import && /usr/bin/cmake -E copy_if_different /home/byrn/HDF_Projects/hdf5/dev/tools/test/h5import/testfiles/txtfp64.conf /home/byrn/HDF_Projects/hdf5/build/ci-StdShar-GNUC/tools/test/h5import/testfiles/txtfp64.conf
[1826/4114] cd /home/byrn/HDF_Projects/hdf5/build/ci-StdShar-GNUC/tools/test/h5import && /usr/bin/cmake -E copy_if_different /home/byrn/HDF_Projects/hdf5/dev/tools/test/h5import/testfiles/txtfp64.txt /home/byrn/HDF_Projects/hdf5/build/ci-StdShar-GNUC/tools/test/h5import/testfiles/txtfp64.txt
[1827/4114] cd /home/byrn/HDF_Projects/hdf5/build/ci-StdShar-GNUC/tools/test/h5import && /usr/bin/cmake -E copy_if_different /home/byrn/HDF_Projects/hdf5/dev/tools/test/h5import/testfiles/txtfp64.h5 /home/byrn/HDF_Projects/hdf5/build/ci-StdShar-GNUC/tools/test/h5import/testfiles/txtfp64.h5
[1828/4114] cd /home/byrn/HDF_Projects/hdf5/build/ci-StdShar-GNUC/tools/test/h5import && /usr/bin/cmake -E copy_if_different /home/byrn/HDF_Projects/hdf5/dev/tools/test/h5import/testfiles/txtin16.conf /home/byrn/HDF_Projects/hdf5/build/ci-StdShar-GNUC/tools/test/h5import/testfiles/txtin16.conf
[1829/4114] cd /home/byrn/HDF_Projects/hdf5/build/ci-StdShar-GNUC/tools/test/h5import && /usr/bin/cmake -E copy_if_different /home/byrn/HDF_Projects/hdf5/dev/tools/test/h5import/testfiles/txtin16.h5 /home/byrn/HDF_Projects/hdf5/build/ci-StdShar-GNUC/tools/test/h5import/testfiles/txtin16.h5
[1830/4114] cd /home/byrn/HDF_Projects/hdf5/build/ci-StdShar-GNUC/tools/test/h5import && /usr/bin/cmake -E copy_if_different /home/byrn/HDF_Projects/hdf5/dev/tools/test/h5import/testfiles/txtin16.txt /home/byrn/HDF_Projects/hdf5/build/ci-StdShar-GNUC/tools/test/h5import/testfiles/txtin16.txt
[1831/4114] cd /home/byrn/HDF_Projects/hdf5/build/ci-StdShar-GNUC/tools/test/h5import && /usr/bin/cmake -E copy_if_different /home/byrn/HDF_Projects/hdf5/dev/tools/test/h5import/testfiles/txtin32.conf /home/byrn/HDF_Projects/hdf5/build/ci-StdShar-GNUC/tools/test/h5import/testfiles/txtin32.conf
[1832/4114] cd /home/byrn/HDF_Projects/hdf5/build/ci-StdShar-GNUC/tools/test/h5import && /usr/bin/cmake -E copy_if_different /home/byrn/HDF_Projects/hdf5/dev/tools/test/h5import/testfiles/txtin32.h5 /home/byrn/HDF_Projects/hdf5/build/ci-StdShar-GNUC/tools/test/h5import/testfiles/txtin32.h5
[1833/4114] cd /home/byrn/HDF_Projects/hdf5/build/ci-StdShar-GNUC/tools/test/h5import && /usr/bin/cmake -E copy_if_different /home/byrn/HDF_Projects/hdf5/dev/tools/test/h5import/testfiles/txtin32.txt /home/byrn/HDF_Projects/hdf5/build/ci-StdShar-GNUC/tools/test/h5import/testfiles/txtin32.txt
[1834/4114] /usr/bin/cc -D_FILE_OFFSET_BITS=64 -D_GNU_SOURCE -D_LARGEFILE_SOURCE -D_POSIX_C_SOURCE=200809L -I/home/byrn/HDF_Projects/hdf5/dev/src -I/home/byrn/HDF_Projects/hdf5/dev/src/H5FDsubfiling -I/home/byrn/HDF_Projects/hdf5/build/ci-StdShar-GNUC/src -I/home/byrn/HDF_Projects/hdf5/build/ci-StdShar-GNUC/tools/lib -I/home/byrn/HDF_Projects/hdf5/dev/tools/lib -std=c99  -fstdarg-opt -fdiagnostics-urls=never -fno-diagnostics-color -fmessage-length=0 -O2 -g -DNDEBUG -std=gnu99 -fPIE -MD -MT tools/test/h5import/CMakeFiles/h5importtest.dir/h5importtest.c.o -MF tools/test/h5import/CMakeFiles/h5importtest.dir/h5importtest.c.o.d -o tools/test/h5import/CMakeFiles/h5importtest.dir/h5importtest.c.o -c /home/byrn/HDF_Projects/hdf5/dev/tools/test/h5import/h5importtest.c
[1835/4114] cd /home/byrn/HDF_Projects/hdf5/build/ci-StdShar-GNUC/tools/test/h5import && /usr/bin/cmake -E copy_if_different /home/byrn/HDF_Projects/hdf5/dev/tools/test/h5import/testfiles/txtin8.conf /home/byrn/HDF_Projects/hdf5/build/ci-StdShar-GNUC/tools/test/h5import/testfiles/txtin8.conf
[1836/4114] cd /home/byrn/HDF_Projects/hdf5/build/ci-StdShar-GNUC/tools/test/h5import && /usr/bin/cmake -E copy_if_different /home/byrn/HDF_Projects/hdf5/dev/tools/test/h5import/testfiles/txtin8.h5 /home/byrn/HDF_Projects/hdf5/build/ci-StdShar-GNUC/tools/test/h5import/testfiles/txtin8.h5
[1837/4114] cd /home/byrn/HDF_Projects/hdf5/build/ci-StdShar-GNUC/tools/test/h5import && /usr/bin/cmake -E copy_if_different /home/byrn/HDF_Projects/hdf5/dev/tools/test/h5import/testfiles/txtin8.txt /home/byrn/HDF_Projects/hdf5/build/ci-StdShar-GNUC/tools/test/h5import/testfiles/txtin8.txt
[1838/4114] cd /home/byrn/HDF_Projects/hdf5/build/ci-StdShar-GNUC/tools/test/h5import && /usr/bin/cmake -E copy_if_different /home/byrn/HDF_Projects/hdf5/dev/tools/test/h5import/testfiles/txtstr.conf /home/byrn/HDF_Projects/hdf5/build/ci-StdShar-GNUC/tools/test/h5import/testfiles/txtstr.conf
[1839/4114] cd /home/byrn/HDF_Projects/hdf5/build/ci-StdShar-GNUC/tools/test/h5import && /usr/bin/cmake -E copy_if_different /home/byrn/HDF_Projects/hdf5/dev/tools/test/h5import/testfiles/txtstr.h5 /home/byrn/HDF_Projects/hdf5/build/ci-StdShar-GNUC/tools/test/h5import/testfiles/txtstr.h5
[1840/4114] cd /home/byrn/HDF_Projects/hdf5/build/ci-StdShar-GNUC/tools/test/h5import && /usr/bin/cmake -E copy_if_different /home/byrn/HDF_Projects/hdf5/dev/tools/test/h5import/testfiles/txtstr.txt /home/byrn/HDF_Projects/hdf5/build/ci-StdShar-GNUC/tools/test/h5import/testfiles/txtstr.txt
[1841/4114] : && /usr/bin/cc -std=c99  -fstdarg-opt -fdiagnostics-urls=never -fno-diagnostics-color -fmessage-length=0 -O2 -g -DNDEBUG  tools/test/h5import/CMakeFiles/h5importtest.dir/h5importtest.c.o -o bin/h5importtest  -Wl,-rpath,"\$ORIGIN/../lib:\$ORIGIN/"  bin/libhdf5_tools.a  bin/libhdf5.a  bin/libzlib.a  bin/libszaec.a  bin/libaec.a  -lm  -ldl && :
[1842/4114] cd /home/byrn/HDF_Projects/hdf5/build/ci-StdShar-GNUC/tools/test/h5import && /usr/bin/cmake -E copy_if_different /home/byrn/HDF_Projects/hdf5/dev/tools/test/h5import/testfiles/txtuin16.conf /home/byrn/HDF_Projects/hdf5/build/ci-StdShar-GNUC/tools/test/h5import/testfiles/txtuin16.conf
[1843/4114] cd /home/byrn/HDF_Projects/hdf5/build/ci-StdShar-GNUC/tools/test/h5import && /usr/bin/cmake -E copy_if_different /home/byrn/HDF_Projects/hdf5/dev/tools/test/h5import/testfiles/txtuin16.txt /home/byrn/HDF_Projects/hdf5/build/ci-StdShar-GNUC/tools/test/h5import/testfiles/txtuin16.txt
[1844/4114] cd /home/byrn/HDF_Projects/hdf5/build/ci-StdShar-GNUC/tools/test/h5import && /usr/bin/cmake -E copy_if_different /home/byrn/HDF_Projects/hdf5/dev/tools/test/h5import/testfiles/txtuin16.h5 /home/byrn/HDF_Projects/hdf5/build/ci-StdShar-GNUC/tools/test/h5import/testfiles/txtuin16.h5
[1845/4114] : && /usr/bin/cc -std=c99  -fstdarg-opt -fdiagnostics-urls=never -fno-diagnostics-color -fmessage-length=0 -O2 -g -DNDEBUG  tools/test/misc/vds/CMakeFiles/UC_4_printf_gen.dir/UC_4_printf_gen.c.o -o bin/UC_4_printf_gen  -Wl,-rpath,"\$ORIGIN/../lib:\$ORIGIN/"  bin/libhdf5_tools.a  bin/libhdf5.a  bin/libzlib.a  bin/libszaec.a  bin/libaec.a  -lm  -ldl && :
[1846/4114] cd /home/byrn/HDF_Projects/hdf5/build/ci-StdShar-GNUC/tools/test/h5import && /usr/bin/cmake -E copy_if_different /home/byrn/HDF_Projects/hdf5/dev/tools/test/h5import/testfiles/txtuin32.h5 /home/byrn/HDF_Projects/hdf5/build/ci-StdShar-GNUC/tools/test/h5import/testfiles/txtuin32.h5
[1847/4114] cd /home/byrn/HDF_Projects/hdf5/build/ci-StdShar-GNUC/tools/test/h5import && /usr/bin/cmake -E copy_if_different /home/byrn/HDF_Projects/hdf5/dev/tools/test/h5import/testfiles/txtuin32.conf /home/byrn/HDF_Projects/hdf5/build/ci-StdShar-GNUC/tools/test/h5import/testfiles/txtuin32.conf
[1848/4114] cd /home/byrn/HDF_Projects/hdf5/build/ci-StdShar-GNUC/tools/test/h5import && /usr/bin/cmake -E copy_if_different /home/byrn/HDF_Projects/hdf5/dev/tools/test/h5import/testfiles/txtuin32.txt /home/byrn/HDF_Projects/hdf5/build/ci-StdShar-GNUC/tools/test/h5import/testfiles/txtuin32.txt
[1849/4114] : && /usr/bin/cc -std=c99  -fstdarg-opt -fdiagnostics-urls=never -fno-diagnostics-color -fmessage-length=0 -O2 -g -DNDEBUG  tools/test/misc/vds/CMakeFiles/UC_5_stride_gen.dir/UC_5_stride_gen.c.o -o bin/UC_5_stride_gen  -Wl,-rpath,"\$ORIGIN/../lib:\$ORIGIN/"  bin/libhdf5_tools.a  bin/libhdf5.a  bin/libzlib.a  bin/libszaec.a  bin/libaec.a  -lm  -ldl && :
[1850/4114] /usr/bin/cc -D_FILE_OFFSET_BITS=64 -D_GNU_SOURCE -D_LARGEFILE_SOURCE -D_POSIX_C_SOURCE=200809L -I/home/byrn/HDF_Projects/hdf5/dev/src -I/home/byrn/HDF_Projects/hdf5/dev/src/H5FDsubfiling -I/home/byrn/HDF_Projects/hdf5/build/ci-StdShar-GNUC/src -std=c99  -fstdarg-opt -fdiagnostics-urls=never -fno-diagnostics-color -fmessage-length=0 -O2 -g -DNDEBUG -std=gnu99 -fPIE -MD -MT tools/test/h5diff/CMakeFiles/h5diffgentest.dir/h5diffgentest.c.o -MF tools/test/h5diff/CMakeFiles/h5diffgentest.dir/h5diffgentest.c.o.d -o tools/test/h5diff/CMakeFiles/h5diffgentest.dir/h5diffgentest.c.o -c /home/byrn/HDF_Projects/hdf5/dev/tools/test/h5diff/h5diffgentest.c
[1851/4114] : && /usr/bin/cc -std=c99  -fstdarg-opt -fdiagnostics-urls=never -fno-diagnostics-color -fmessage-length=0 -O2 -g -DNDEBUG  tools/test/misc/vds/CMakeFiles/UC_3_gaps_gen.dir/UC_3_gaps_gen.c.o -o bin/UC_3_gaps_gen  -Wl,-rpath,"\$ORIGIN/../lib:\$ORIGIN/"  bin/libhdf5_tools.a  bin/libhdf5.a  bin/libzlib.a  bin/libszaec.a  bin/libaec.a  -lm  -ldl && :
[1852/4114] /usr/bin/cc -D_FILE_OFFSET_BITS=64 -D_GNU_SOURCE -D_LARGEFILE_SOURCE -D_POSIX_C_SOURCE=200809L -I/home/byrn/HDF_Projects/hdf5/dev/tools/src/h5repack -I/home/byrn/HDF_Projects/hdf5/dev/tools/lib -I/home/byrn/HDF_Projects/hdf5/dev/src -I/home/byrn/HDF_Projects/hdf5/dev/src/H5FDsubfiling -I/home/byrn/HDF_Projects/hdf5/build/ci-StdShar-GNUC/src -I/home/byrn/HDF_Projects/hdf5/build/ci-StdShar-GNUC/tools/lib -I/home/byrn/HDF_Projects/hdf5/build/ci-StdShar-GNUC/test -I/home/byrn/HDF_Projects/hdf5/dev/test -std=c99  -fstdarg-opt -fdiagnostics-urls=never -fno-diagnostics-color -fmessage-length=0 -O2 -g -DNDEBUG -std=gnu99 -fPIE -MD -MT tools/test/h5repack/CMakeFiles/testh5repack_detect_szip.dir/testh5repack_detect_szip.c.o -MF tools/test/h5repack/CMakeFiles/testh5repack_detect_szip.dir/testh5repack_detect_szip.c.o.d -o tools/test/h5repack/CMakeFiles/testh5repack_detect_szip.dir/testh5repack_detect_szip.c.o -c /home/byrn/HDF_Projects/hdf5/dev/tools/test/h5repack/testh5repack_detect_szip.c
[1853/4114] /usr/bin/cc -D_FILE_OFFSET_BITS=64 -D_GNU_SOURCE -D_LARGEFILE_SOURCE -D_POSIX_C_SOURCE=200809L -I/home/byrn/HDF_Projects/hdf5/dev/tools/src/h5repack -I/home/byrn/HDF_Projects/hdf5/dev/tools/lib -I/home/byrn/HDF_Projects/hdf5/dev/src -I/home/byrn/HDF_Projects/hdf5/dev/src/H5FDsubfiling -I/home/byrn/HDF_Projects/hdf5/dev/test -I/home/byrn/HDF_Projects/hdf5/build/ci-StdShar-GNUC/src -I/home/byrn/HDF_Projects/hdf5/build/ci-StdShar-GNUC/tools/lib -I/home/byrn/HDF_Projects/hdf5/build/ci-StdShar-GNUC/test -std=c99  -fstdarg-opt -fdiagnostics-urls=never -fno-diagnostics-color -fmessage-length=0 -O2 -g -DNDEBUG -std=gnu99 -fPIE -MD -MT tools/test/h5repack/CMakeFiles/h5repacktest.dir/__/__/src/h5repack/h5repack_opttable.c.o -MF tools/test/h5repack/CMakeFiles/h5repacktest.dir/__/__/src/h5repack/h5repack_opttable.c.o.d -o tools/test/h5repack/CMakeFiles/h5repacktest.dir/__/__/src/h5repack/h5repack_opttable.c.o -c /home/byrn/HDF_Projects/hdf5/dev/tools/src/h5repack/h5repack_opttable.c
[1854/4114] /usr/bin/cc -D_FILE_OFFSET_BITS=64 -D_GNU_SOURCE -D_LARGEFILE_SOURCE -D_POSIX_C_SOURCE=200809L -I/home/byrn/HDF_Projects/hdf5/dev/tools/src/h5repack -I/home/byrn/HDF_Projects/hdf5/dev/tools/lib -I/home/byrn/HDF_Projects/hdf5/dev/src -I/home/byrn/HDF_Projects/hdf5/dev/src/H5FDsubfiling -I/home/byrn/HDF_Projects/hdf5/dev/test -I/home/byrn/HDF_Projects/hdf5/build/ci-StdShar-GNUC/src -I/home/byrn/HDF_Projects/hdf5/build/ci-StdShar-GNUC/tools/lib -I/home/byrn/HDF_Projects/hdf5/build/ci-StdShar-GNUC/test -std=c99  -fstdarg-opt -fdiagnostics-urls=never -fno-diagnostics-color -fmessage-length=0 -O2 -g -DNDEBUG -std=gnu99 -fPIE -MD -MT tools/test/h5repack/CMakeFiles/h5repacktest.dir/__/__/src/h5repack/h5repack_parse.c.o -MF tools/test/h5repack/CMakeFiles/h5repacktest.dir/__/__/src/h5repack/h5repack_parse.c.o.d -o tools/test/h5repack/CMakeFiles/h5repacktest.dir/__/__/src/h5repack/h5repack_parse.c.o -c /home/byrn/HDF_Projects/hdf5/dev/tools/src/h5repack/h5repack_parse.c
[1855/4114] /usr/bin/cc -D_FILE_OFFSET_BITS=64 -D_GNU_SOURCE -D_LARGEFILE_SOURCE -D_POSIX_C_SOURCE=200809L -I/home/byrn/HDF_Projects/hdf5/dev/tools/src/h5repack -I/home/byrn/HDF_Projects/hdf5/dev/tools/lib -I/home/byrn/HDF_Projects/hdf5/dev/src -I/home/byrn/HDF_Projects/hdf5/dev/src/H5FDsubfiling -I/home/byrn/HDF_Projects/hdf5/dev/test -I/home/byrn/HDF_Projects/hdf5/build/ci-StdShar-GNUC/src -I/home/byrn/HDF_Projects/hdf5/build/ci-StdShar-GNUC/tools/lib -I/home/byrn/HDF_Projects/hdf5/build/ci-StdShar-GNUC/test -std=c99  -fstdarg-opt -fdiagnostics-urls=never -fno-diagnostics-color -fmessage-length=0 -O2 -g -DNDEBUG -std=gnu99 -fPIE -MD -MT tools/test/h5repack/CMakeFiles/h5repacktest.dir/__/__/src/h5repack/h5repack_filters.c.o -MF tools/test/h5repack/CMakeFiles/h5repacktest.dir/__/__/src/h5repack/h5repack_filters.c.o.d -o tools/test/h5repack/CMakeFiles/h5repacktest.dir/__/__/src/h5repack/h5repack_filters.c.o -c /home/byrn/HDF_Projects/hdf5/dev/tools/src/h5repack/h5repack_filters.c
[1856/4114] : && /usr/bin/cc -std=c99  -fstdarg-opt -fdiagnostics-urls=never -fno-diagnostics-color -fmessage-length=0 -O2 -g -DNDEBUG  tools/test/h5diff/CMakeFiles/h5diffgentest.dir/h5diffgentest.c.o -o bin/h5diffgentest  -Wl,-rpath,"\$ORIGIN/../lib:\$ORIGIN/"  bin/libhdf5.a  bin/libzlib.a  bin/libszaec.a  bin/libaec.a  -lm  -ldl && :
[1857/4114] /usr/bin/cc -DH5_BUILT_AS_DYNAMIC_LIB -D_FILE_OFFSET_BITS=64 -D_GNU_SOURCE -D_LARGEFILE_SOURCE -D_POSIX_C_SOURCE=200809L -Ddynlibadd_EXPORTS -I/home/byrn/HDF_Projects/hdf5/dev/src -I/home/byrn/HDF_Projects/hdf5/dev/src/H5FDsubfiling -I/home/byrn/HDF_Projects/hdf5/build/ci-StdShar-GNUC/src -std=c99  -fstdarg-opt -fdiagnostics-urls=never -fno-diagnostics-color -fmessage-length=0 -O2 -g -DNDEBUG -std=gnu99 -fPIC -MD -MT tools/test/h5repack/CMakeFiles/dynlibadd.dir/dynlib_rpk.c.o -MF tools/test/h5repack/CMakeFiles/dynlibadd.dir/dynlib_rpk.c.o.d -o tools/test/h5repack/CMakeFiles/dynlibadd.dir/dynlib_rpk.c.o -c /home/byrn/HDF_Projects/hdf5/dev/tools/test/h5repack/dynlib_rpk.c
[1858/4114] : && /usr/bin/cc -fPIC -std=c99  -fstdarg-opt -fdiagnostics-urls=never -fno-diagnostics-color -fmessage-length=0 -O2 -g -DNDEBUG   -shared -Wl,-soname,libdynlibadd.so.1000 -o bin/libdynlibadd.so.1000.0.0 tools/test/h5repack/CMakeFiles/dynlibadd.dir/dynlib_rpk.c.o  -Wl,-rpath,"\$ORIGIN/../lib:\$ORIGIN/"  bin/libhdf5.so.1000.0.0  -ldl && :
[1859/4114] /usr/bin/cc -DH5_BUILT_AS_DYNAMIC_LIB -D_FILE_OFFSET_BITS=64 -D_GNU_SOURCE -D_LARGEFILE_SOURCE -D_POSIX_C_SOURCE=200809L -Ddynlibvers_EXPORTS -I/home/byrn/HDF_Projects/hdf5/dev/src -I/home/byrn/HDF_Projects/hdf5/dev/src/H5FDsubfiling -I/home/byrn/HDF_Projects/hdf5/build/ci-StdShar-GNUC/src -std=c99  -fstdarg-opt -fdiagnostics-urls=never -fno-diagnostics-color -fmessage-length=0 -O2 -g -DNDEBUG -std=gnu99 -fPIC -MD -MT tools/test/h5repack/CMakeFiles/dynlibvers.dir/dynlib_vrpk.c.o -MF tools/test/h5repack/CMakeFiles/dynlibvers.dir/dynlib_vrpk.c.o.d -o tools/test/h5repack/CMakeFiles/dynlibvers.dir/dynlib_vrpk.c.o -c /home/byrn/HDF_Projects/hdf5/dev/tools/test/h5repack/dynlib_vrpk.c
[1860/4114] /usr/bin/cmake -E cmake_symlink_library bin/libdynlibadd.so.1000.0.0  bin/libdynlibadd.so.1000 bin/libdynlibadd.so && cd /home/byrn/HDF_Projects/hdf5/build/ci-StdShar-GNUC/tools/test/h5repack && /usr/bin/cmake -E copy_if_different /home/byrn/HDF_Projects/hdf5/build/ci-StdShar-GNUC/bin/libdynlibadd.so.1000.0.0 /home/byrn/HDF_Projects/hdf5/build/ci-StdShar-GNUC/plugins/libdynlibadd.so.1000.0.0
[1861/4114] : && /usr/bin/cc -fPIC -std=c99  -fstdarg-opt -fdiagnostics-urls=never -fno-diagnostics-color -fmessage-length=0 -O2 -g -DNDEBUG   -shared -Wl,-soname,libdynlibvers.so.1000 -o bin/libdynlibvers.so.1000.0.0 tools/test/h5repack/CMakeFiles/dynlibvers.dir/dynlib_vrpk.c.o  -Wl,-rpath,"\$ORIGIN/../lib:\$ORIGIN/"  bin/libhdf5.so.1000.0.0  -ldl && :
[1862/4114] /usr/bin/cmake -E cmake_symlink_library bin/libdynlibvers.so.1000.0.0  bin/libdynlibvers.so.1000 bin/libdynlibvers.so && cd /home/byrn/HDF_Projects/hdf5/build/ci-StdShar-GNUC/tools/test/h5repack && /usr/bin/cmake -E copy_if_different /home/byrn/HDF_Projects/hdf5/build/ci-StdShar-GNUC/bin/libdynlibvers.so.1000.0.0 /home/byrn/HDF_Projects/hdf5/build/ci-StdShar-GNUC/plugins/libdynlibvers.so.1000.0.0
[1863/4114] /usr/bin/cc -D_FILE_OFFSET_BITS=64 -D_GNU_SOURCE -D_LARGEFILE_SOURCE -D_POSIX_C_SOURCE=200809L -I/home/byrn/HDF_Projects/hdf5/dev/tools/src/h5repack -I/home/byrn/HDF_Projects/hdf5/dev/tools/lib -I/home/byrn/HDF_Projects/hdf5/dev/src -I/home/byrn/HDF_Projects/hdf5/dev/src/H5FDsubfiling -I/home/byrn/HDF_Projects/hdf5/dev/test -I/home/byrn/HDF_Projects/hdf5/build/ci-StdShar-GNUC/src -I/home/byrn/HDF_Projects/hdf5/build/ci-StdShar-GNUC/tools/lib -I/home/byrn/HDF_Projects/hdf5/build/ci-StdShar-GNUC/test -std=c99  -fstdarg-opt -fdiagnostics-urls=never -fno-diagnostics-color -fmessage-length=0 -O2 -g -DNDEBUG -std=gnu99 -fPIE -MD -MT tools/test/h5repack/CMakeFiles/h5repacktest.dir/__/__/src/h5repack/h5repack_verify.c.o -MF tools/test/h5repack/CMakeFiles/h5repacktest.dir/__/__/src/h5repack/h5repack_verify.c.o.d -o tools/test/h5repack/CMakeFiles/h5repacktest.dir/__/__/src/h5repack/h5repack_verify.c.o -c /home/byrn/HDF_Projects/hdf5/dev/tools/src/h5repack/h5repack_verify.c
[1864/4114] cd /home/byrn/HDF_Projects/hdf5/build/ci-StdShar-GNUC/tools/test/h5repack && /usr/bin/cmake -E copy_if_different /home/byrn/HDF_Projects/hdf5/dev/tools/test/h5dump/testfiles/vds/1_a.h5 /home/byrn/HDF_Projects/hdf5/build/ci-StdShar-GNUC/tools/test/h5repack/testfiles/1_a.h5
[1865/4114] cd /home/byrn/HDF_Projects/hdf5/build/ci-StdShar-GNUC/tools/test/h5repack && /usr/bin/cmake -E copy_if_different /home/byrn/HDF_Projects/hdf5/dev/tools/test/h5dump/testfiles/vds/1_b.h5 /home/byrn/HDF_Projects/hdf5/build/ci-StdShar-GNUC/tools/test/h5repack/testfiles/1_b.h5
[1866/4114] cd /home/byrn/HDF_Projects/hdf5/build/ci-StdShar-GNUC/tools/test/h5repack && /usr/bin/cmake -E copy_if_different /home/byrn/HDF_Projects/hdf5/dev/tools/test/h5dump/testfiles/vds/1_c.h5 /home/byrn/HDF_Projects/hdf5/build/ci-StdShar-GNUC/tools/test/h5repack/testfiles/1_c.h5
[1867/4114] cd /home/byrn/HDF_Projects/hdf5/build/ci-StdShar-GNUC/tools/test/h5repack && /usr/bin/cmake -E copy_if_different /home/byrn/HDF_Projects/hdf5/dev/tools/test/h5dump/testfiles/vds/1_d.h5 /home/byrn/HDF_Projects/hdf5/build/ci-StdShar-GNUC/tools/test/h5repack/testfiles/1_d.h5
[1868/4114] cd /home/byrn/HDF_Projects/hdf5/build/ci-StdShar-GNUC/tools/test/h5repack && /usr/bin/cmake -E copy_if_different /home/byrn/HDF_Projects/hdf5/dev/tools/test/h5dump/testfiles/vds/1_e.h5 /home/byrn/HDF_Projects/hdf5/build/ci-StdShar-GNUC/tools/test/h5repack/testfiles/1_e.h5
[1869/4114] cd /home/byrn/HDF_Projects/hdf5/build/ci-StdShar-GNUC/tools/test/h5repack && /usr/bin/cmake -E copy_if_different /home/byrn/HDF_Projects/hdf5/dev/tools/test/h5dump/testfiles/vds/1_f.h5 /home/byrn/HDF_Projects/hdf5/build/ci-StdShar-GNUC/tools/test/h5repack/testfiles/1_f.h5
[1870/4114] cd /home/byrn/HDF_Projects/hdf5/build/ci-StdShar-GNUC/tools/test/h5repack && /usr/bin/cmake -E copy_if_different /home/byrn/HDF_Projects/hdf5/dev/tools/test/h5dump/testfiles/vds/1_vds.h5 /home/byrn/HDF_Projects/hdf5/build/ci-StdShar-GNUC/tools/test/h5repack/testfiles/1_vds.h5
[1871/4114] cd /home/byrn/HDF_Projects/hdf5/build/ci-StdShar-GNUC/tools/test/h5repack && /usr/bin/cmake -E copy_if_different /home/byrn/HDF_Projects/hdf5/dev/tools/test/h5repack/expected/1_vds.h5-vds_dset_chunk20x10x5-v.ddl /home/byrn/HDF_Projects/hdf5/build/ci-StdShar-GNUC/tools/test/h5repack/testfiles/1_vds.h5-vds_dset_chunk20x10x5-v.ddl
[1872/4114] cd /home/byrn/HDF_Projects/hdf5/build/ci-StdShar-GNUC/tools/test/h5repack && /usr/bin/cmake -E copy_if_different /home/byrn/HDF_Projects/hdf5/dev/tools/test/h5dump/testfiles/vds/2_a.h5 /home/byrn/HDF_Projects/hdf5/build/ci-StdShar-GNUC/tools/test/h5repack/testfiles/2_a.h5
[1873/4114] cd /home/byrn/HDF_Projects/hdf5/build/ci-StdShar-GNUC/tools/test/h5repack && /usr/bin/cmake -E copy_if_different /home/byrn/HDF_Projects/hdf5/dev/tools/test/h5dump/testfiles/vds/2_b.h5 /home/byrn/HDF_Projects/hdf5/build/ci-StdShar-GNUC/tools/test/h5repack/testfiles/2_b.h5
[1874/4114] cd /home/byrn/HDF_Projects/hdf5/build/ci-StdShar-GNUC/tools/test/h5repack && /usr/bin/cmake -E copy_if_different /home/byrn/HDF_Projects/hdf5/dev/tools/test/h5dump/testfiles/vds/2_c.h5 /home/byrn/HDF_Projects/hdf5/build/ci-StdShar-GNUC/tools/test/h5repack/testfiles/2_c.h5
[1875/4114] cd /home/byrn/HDF_Projects/hdf5/build/ci-StdShar-GNUC/tools/test/h5repack && /usr/bin/cmake -E copy_if_different /home/byrn/HDF_Projects/hdf5/dev/tools/test/h5dump/testfiles/vds/2_d.h5 /home/byrn/HDF_Projects/hdf5/build/ci-StdShar-GNUC/tools/test/h5repack/testfiles/2_d.h5
[1876/4114] cd /home/byrn/HDF_Projects/hdf5/build/ci-StdShar-GNUC/tools/test/h5repack && /usr/bin/cmake -E copy_if_different /home/byrn/HDF_Projects/hdf5/dev/tools/test/h5dump/testfiles/vds/2_e.h5 /home/byrn/HDF_Projects/hdf5/build/ci-StdShar-GNUC/tools/test/h5repack/testfiles/2_e.h5
[1877/4114] cd /home/byrn/HDF_Projects/hdf5/build/ci-StdShar-GNUC/tools/test/h5repack && /usr/bin/cmake -E copy_if_different /home/byrn/HDF_Projects/hdf5/dev/tools/test/h5dump/testfiles/vds/2_vds.h5 /home/byrn/HDF_Projects/hdf5/build/ci-StdShar-GNUC/tools/test/h5repack/testfiles/2_vds.h5
[1878/4114] cd /home/byrn/HDF_Projects/hdf5/build/ci-StdShar-GNUC/tools/test/h5repack && /usr/bin/cmake -E copy_if_different /home/byrn/HDF_Projects/hdf5/dev/tools/test/h5repack/expected/2_vds.h5-vds_chunk3x6x9-v.ddl /home/byrn/HDF_Projects/hdf5/build/ci-StdShar-GNUC/tools/test/h5repack/testfiles/2_vds.h5-vds_chunk3x6x9-v.ddl
[1879/4114] cd /home/byrn/HDF_Projects/hdf5/build/ci-StdShar-GNUC/tools/test/h5repack && /usr/bin/cmake -E copy_if_different /home/byrn/HDF_Projects/hdf5/dev/tools/test/h5repack/expected/3_1_vds.h5-vds_chunk2x5x8-v.ddl /home/byrn/HDF_Projects/hdf5/build/ci-StdShar-GNUC/tools/test/h5repack/testfiles/3_1_vds.h5-vds_chunk2x5x8-v.ddl
[1880/4114] cd /home/byrn/HDF_Projects/hdf5/build/ci-StdShar-GNUC/tools/test/h5repack && /usr/bin/cmake -E copy_if_different /home/byrn/HDF_Projects/hdf5/dev/tools/test/h5dump/testfiles/vds/3_1_vds.h5 /home/byrn/HDF_Projects/hdf5/build/ci-StdShar-GNUC/tools/test/h5repack/testfiles/3_1_vds.h5
[1881/4114] cd /home/byrn/HDF_Projects/hdf5/build/ci-StdShar-GNUC/tools/test/h5repack && /usr/bin/cmake -E copy_if_different /home/byrn/HDF_Projects/hdf5/dev/tools/test/h5dump/testfiles/vds/3_2_vds.h5 /home/byrn/HDF_Projects/hdf5/build/ci-StdShar-GNUC/tools/test/h5repack/testfiles/3_2_vds.h5
[1882/4114] cd /home/byrn/HDF_Projects/hdf5/build/ci-StdShar-GNUC/tools/test/h5repack && /usr/bin/cmake -E copy_if_different /home/byrn/HDF_Projects/hdf5/dev/tools/test/h5dump/testfiles/vds/4_0.h5 /home/byrn/HDF_Projects/hdf5/build/ci-StdShar-GNUC/tools/test/h5repack/testfiles/4_0.h5
[1883/4114] cd /home/byrn/HDF_Projects/hdf5/build/ci-StdShar-GNUC/tools/test/h5repack && /usr/bin/cmake -E copy_if_different /home/byrn/HDF_Projects/hdf5/dev/tools/test/h5dump/testfiles/vds/4_1.h5 /home/byrn/HDF_Projects/hdf5/build/ci-StdShar-GNUC/tools/test/h5repack/testfiles/4_1.h5
[1884/4114] cd /home/byrn/HDF_Projects/hdf5/build/ci-StdShar-GNUC/tools/test/h5repack && /usr/bin/cmake -E copy_if_different /home/byrn/HDF_Projects/hdf5/dev/tools/test/h5dump/testfiles/vds/4_2.h5 /home/byrn/HDF_Projects/hdf5/build/ci-StdShar-GNUC/tools/test/h5repack/testfiles/4_2.h5
[1885/4114] : && /usr/bin/cc -std=c99  -fstdarg-opt -fdiagnostics-urls=never -fno-diagnostics-color -fmessage-length=0 -O2 -g -DNDEBUG  tools/test/h5repack/CMakeFiles/testh5repack_detect_szip.dir/testh5repack_detect_szip.c.o -o bin/testh5repack_detect_szip  -Wl,-rpath,"\$ORIGIN/../lib:\$ORIGIN/"  bin/libhdf5_tools.a  bin/libhdf5.a  bin/libhdf5_test.a  bin/libhdf5.a  bin/libzlib.a  bin/libszaec.a  bin/libaec.a  -lm  -ldl && :
[1886/4114] cd /home/byrn/HDF_Projects/hdf5/build/ci-StdShar-GNUC/tools/test/h5repack && /usr/bin/cmake -E copy_if_different /home/byrn/HDF_Projects/hdf5/dev/tools/test/h5dump/testfiles/vds/4_vds.h5 /home/byrn/HDF_Projects/hdf5/build/ci-StdShar-GNUC/tools/test/h5repack/testfiles/4_vds.h5
[1887/4114] cd /home/byrn/HDF_Projects/hdf5/build/ci-StdShar-GNUC/tools/test/h5repack && /usr/bin/cmake -E copy_if_different /home/byrn/HDF_Projects/hdf5/dev/tools/test/h5repack/expected/4_vds.h5-vds_compa-v.ddl /home/byrn/HDF_Projects/hdf5/build/ci-StdShar-GNUC/tools/test/h5repack/testfiles/4_vds.h5-vds_compa-v.ddl
[1888/4114] cd /home/byrn/HDF_Projects/hdf5/build/ci-StdShar-GNUC/tools/test/h5repack && /usr/bin/cmake -E copy_if_different /home/byrn/HDF_Projects/hdf5/dev/tools/test/h5repack/expected/4_vds.h5-vds_conti-v.ddl /home/byrn/HDF_Projects/hdf5/build/ci-StdShar-GNUC/tools/test/h5repack/testfiles/4_vds.h5-vds_conti-v.ddl
[1889/4114] cd /home/byrn/HDF_Projects/hdf5/build/ci-StdShar-GNUC/tools/test/h5repack && /usr/bin/cmake -E copy_if_different /home/byrn/HDF_Projects/hdf5/dev/tools/test/h5dump/testfiles/vds/5_b.h5 /home/byrn/HDF_Projects/hdf5/build/ci-StdShar-GNUC/tools/test/h5repack/testfiles/5_b.h5
[1890/4114] cd /home/byrn/HDF_Projects/hdf5/build/ci-StdShar-GNUC/tools/test/h5repack && /usr/bin/cmake -E copy_if_different /home/byrn/HDF_Projects/hdf5/dev/tools/test/h5dump/testfiles/vds/5_a.h5 /home/byrn/HDF_Projects/hdf5/build/ci-StdShar-GNUC/tools/test/h5repack/testfiles/5_a.h5
[1891/4114] cd /home/byrn/HDF_Projects/hdf5/build/ci-StdShar-GNUC/tools/test/h5repack && /usr/bin/cmake -E copy_if_different /home/byrn/HDF_Projects/hdf5/dev/tools/test/h5dump/testfiles/vds/5_c.h5 /home/byrn/HDF_Projects/hdf5/build/ci-StdShar-GNUC/tools/test/h5repack/testfiles/5_c.h5
[1892/4114] cd /home/byrn/HDF_Projects/hdf5/build/ci-StdShar-GNUC/tools/test/h5repack && /usr/bin/cmake -E copy_if_different /home/byrn/HDF_Projects/hdf5/dev/tools/test/h5repack/expected/GS.h5repack_paged_nopersist.h5.ddl /home/byrn/HDF_Projects/hdf5/build/ci-StdShar-GNUC/tools/test/h5repack/testfiles/GS.h5repack_paged_nopersist.h5.ddl
[1893/4114] cd /home/byrn/HDF_Projects/hdf5/build/ci-StdShar-GNUC/tools/test/h5repack && /usr/bin/cmake -E copy_if_different /home/byrn/HDF_Projects/hdf5/dev/tools/test/h5dump/testfiles/vds/5_vds.h5 /home/byrn/HDF_Projects/hdf5/build/ci-StdShar-GNUC/tools/test/h5repack/testfiles/5_vds.h5
[1894/4114] /usr/bin/cc -D_FILE_OFFSET_BITS=64 -D_GNU_SOURCE -D_LARGEFILE_SOURCE -D_POSIX_C_SOURCE=200809L -I/home/byrn/HDF_Projects/hdf5/dev/tools/src/h5repack -I/home/byrn/HDF_Projects/hdf5/dev/tools/lib -I/home/byrn/HDF_Projects/hdf5/dev/src -I/home/byrn/HDF_Projects/hdf5/dev/src/H5FDsubfiling -I/home/byrn/HDF_Projects/hdf5/dev/test -I/home/byrn/HDF_Projects/hdf5/build/ci-StdShar-GNUC/src -I/home/byrn/HDF_Projects/hdf5/build/ci-StdShar-GNUC/tools/lib -I/home/byrn/HDF_Projects/hdf5/build/ci-StdShar-GNUC/test -std=c99  -fstdarg-opt -fdiagnostics-urls=never -fno-diagnostics-color -fmessage-length=0 -O2 -g -DNDEBUG -std=gnu99 -fPIE -MD -MT tools/test/h5repack/CMakeFiles/h5repacktest.dir/__/__/src/h5repack/h5repack_refs.c.o -MF tools/test/h5repack/CMakeFiles/h5repacktest.dir/__/__/src/h5repack/h5repack_refs.c.o.d -o tools/test/h5repack/CMakeFiles/h5repacktest.dir/__/__/src/h5repack/h5repack_refs.c.o -c /home/byrn/HDF_Projects/hdf5/dev/tools/src/h5repack/h5repack_refs.c
[1895/4114] cd /home/byrn/HDF_Projects/hdf5/build/ci-StdShar-GNUC/tools/test/h5repack && /usr/bin/cmake -E copy_if_different /home/byrn/HDF_Projects/hdf5/dev/tools/test/h5repack/expected/S.h5repack_fsm_aggr_persist.h5.ddl /home/byrn/HDF_Projects/hdf5/build/ci-StdShar-GNUC/tools/test/h5repack/testfiles/S.h5repack_fsm_aggr_persist.h5.ddl
[1896/4114] cd /home/byrn/HDF_Projects/hdf5/build/ci-StdShar-GNUC/tools/test/h5repack && /usr/bin/cmake -E copy_if_different /home/byrn/HDF_Projects/hdf5/dev/tools/test/h5repack/expected/SP.h5repack_paged_persist.h5.ddl /home/byrn/HDF_Projects/hdf5/build/ci-StdShar-GNUC/tools/test/h5repack/testfiles/SP.h5repack_paged_persist.h5.ddl
[1897/4114] cd /home/byrn/HDF_Projects/hdf5/build/ci-StdShar-GNUC/tools/test/h5repack && /usr/bin/cmake -E copy_if_different /home/byrn/HDF_Projects/hdf5/dev/tools/test/h5repack/expected/SP.h5repack_fsm_aggr_nopersist.h5.ddl /home/byrn/HDF_Projects/hdf5/build/ci-StdShar-GNUC/tools/test/h5repack/testfiles/SP.h5repack_fsm_aggr_nopersist.h5.ddl
[1898/4114] /usr/bin/cc -D_FILE_OFFSET_BITS=64 -D_GNU_SOURCE -D_LARGEFILE_SOURCE -D_POSIX_C_SOURCE=200809L -I/home/byrn/HDF_Projects/hdf5/dev/src -I/home/byrn/HDF_Projects/hdf5/dev/src/H5FDsubfiling -I/home/byrn/HDF_Projects/hdf5/build/ci-StdShar-GNUC/src -I/home/byrn/HDF_Projects/hdf5/build/ci-StdShar-GNUC/tools/lib -I/home/byrn/HDF_Projects/hdf5/dev/tools/lib -std=c99  -fstdarg-opt -fdiagnostics-urls=never -fno-diagnostics-color -fmessage-length=0 -O2 -g -DNDEBUG -std=gnu99 -fPIE -MD -MT tools/test/h5repack/CMakeFiles/h5repackgentest.dir/h5repackgentest.c.o -MF tools/test/h5repack/CMakeFiles/h5repackgentest.dir/h5repackgentest.c.o.d -o tools/test/h5repack/CMakeFiles/h5repackgentest.dir/h5repackgentest.c.o -c /home/byrn/HDF_Projects/hdf5/dev/tools/test/h5repack/h5repackgentest.c
[1899/4114] cd /home/byrn/HDF_Projects/hdf5/build/ci-StdShar-GNUC/tools/test/h5repack && /usr/bin/cmake -E copy_if_different /home/byrn/HDF_Projects/hdf5/dev/tools/test/h5repack/expected/SPT.h5repack_aggr.h5.ddl /home/byrn/HDF_Projects/hdf5/build/ci-StdShar-GNUC/tools/test/h5repack/testfiles/SPT.h5repack_aggr.h5.ddl
[1900/4114] cd /home/byrn/HDF_Projects/hdf5/build/ci-StdShar-GNUC/tools/test/h5repack && /usr/bin/cmake -E copy_if_different /home/byrn/HDF_Projects/hdf5/dev/tools/test/h5repack/expected/STG.h5repack_none.h5.ddl /home/byrn/HDF_Projects/hdf5/build/ci-StdShar-GNUC/tools/test/h5repack/testfiles/STG.h5repack_none.h5.ddl
[1901/4114] cd /home/byrn/HDF_Projects/hdf5/build/ci-StdShar-GNUC/tools/test/h5repack && /usr/bin/cmake -E copy_if_different /home/byrn/HDF_Projects/hdf5/dev/tools/test/h5repack/expected/attrregion.tattrreg.h5.ddl /home/byrn/HDF_Projects/hdf5/build/ci-StdShar-GNUC/tools/test/h5repack/testfiles/attrregion.tattrreg.h5.ddl
[1902/4114] cd /home/byrn/HDF_Projects/hdf5/build/ci-StdShar-GNUC/tools/test/h5repack && /usr/bin/cmake -E copy_if_different /home/byrn/HDF_Projects/hdf5/dev/tools/test/h5repack/testfiles/bounds_latest_latest.h5 /home/byrn/HDF_Projects/hdf5/build/ci-StdShar-GNUC/tools/test/h5repack/testfiles/bounds_latest_latest.h5
[1903/4114] cd /home/byrn/HDF_Projects/hdf5/build/ci-StdShar-GNUC/tools/test/h5repack && /usr/bin/cmake -E copy_if_different /home/byrn/HDF_Projects/hdf5/dev/tools/test/h5repack/expected/crtorder.tordergr.h5.ddl /home/byrn/HDF_Projects/hdf5/build/ci-StdShar-GNUC/tools/test/h5repack/testfiles/crtorder.tordergr.h5.ddl
[1904/4114] cd /home/byrn/HDF_Projects/hdf5/build/ci-StdShar-GNUC/tools/test/h5repack && /usr/bin/cmake -E copy_if_different /home/byrn/HDF_Projects/hdf5/dev/tools/test/h5repack/expected/dataregion.tdatareg.h5.ddl /home/byrn/HDF_Projects/hdf5/build/ci-StdShar-GNUC/tools/test/h5repack/testfiles/dataregion.tdatareg.h5.ddl
[1905/4114] cd /home/byrn/HDF_Projects/hdf5/build/ci-StdShar-GNUC/tools/test/h5repack && /usr/bin/cmake -E copy_if_different /home/byrn/HDF_Projects/hdf5/dev/tools/test/h5repack/expected/deflate_limit.h5repack_layout.h5.ddl /home/byrn/HDF_Projects/hdf5/build/ci-StdShar-GNUC/tools/test/h5repack/testfiles/deflate_limit.h5repack_layout.h5.ddl
[1906/4114] cd /home/byrn/HDF_Projects/hdf5/build/ci-StdShar-GNUC/tools/test/h5repack && /usr/bin/cmake -E copy_if_different /home/byrn/HDF_Projects/hdf5/dev/tools/test/h5repack/expected/h5copy_extlinks_src-base.h5copy_extlinks_src.h5.ddl /home/byrn/HDF_Projects/hdf5/build/ci-StdShar-GNUC/tools/test/h5repack/testfiles/h5copy_extlinks_src-base.h5copy_extlinks_src.h5.ddl
[1907/4114] cd /home/byrn/HDF_Projects/hdf5/build/ci-StdShar-GNUC/tools/test/h5repack && /usr/bin/cmake -E copy_if_different /home/byrn/HDF_Projects/hdf5/dev/tools/test/h5repack/expected/h5copy_extlinks_src-prune.h5copy_extlinks_src.h5.ddl /home/byrn/HDF_Projects/hdf5/build/ci-StdShar-GNUC/tools/test/h5repack/testfiles/h5copy_extlinks_src-prune.h5copy_extlinks_src.h5.ddl
[1908/4114] cd /home/byrn/HDF_Projects/hdf5/build/ci-StdShar-GNUC/tools/test/h5repack && /usr/bin/cmake -E copy_if_different /home/byrn/HDF_Projects/hdf5/dev/tools/test/h5repack/expected/h5copy_extlinks_src-merge.h5copy_extlinks_src.h5.tst /home/byrn/HDF_Projects/hdf5/build/ci-StdShar-GNUC/tools/test/h5repack/testfiles/h5copy_extlinks_src-merge.h5copy_extlinks_src.h5.tst
[1909/4114] cd /home/byrn/HDF_Projects/hdf5/build/ci-StdShar-GNUC/tools/test/h5repack && /usr/bin/cmake -E copy_if_different /home/byrn/HDF_Projects/hdf5/dev/tools/test/h5repack/expected/h5copy_extlinks_src-mergeprune.h5copy_extlinks_src.h5.ddl /home/byrn/HDF_Projects/hdf5/build/ci-StdShar-GNUC/tools/test/h5repack/testfiles/h5copy_extlinks_src-mergeprune.h5copy_extlinks_src.h5.ddl
[1910/4114] cd /home/byrn/HDF_Projects/hdf5/build/ci-StdShar-GNUC/tools/test/h5repack && /usr/bin/cmake -E copy_if_different /home/byrn/HDF_Projects/hdf5/dev/tools/test/h5copy/testfiles/h5copy_extlinks_src.h5 /home/byrn/HDF_Projects/hdf5/build/ci-StdShar-GNUC/tools/test/h5repack/testfiles/h5copy_extlinks_src.h5
[1911/4114] cd /home/byrn/HDF_Projects/hdf5/build/ci-StdShar-GNUC/tools/test/h5repack && /usr/bin/cmake -E copy_if_different /home/byrn/HDF_Projects/hdf5/dev/tools/test/h5diff/testfiles/h5diff_attr1.h5 /home/byrn/HDF_Projects/hdf5/build/ci-StdShar-GNUC/tools/test/h5repack/testfiles/h5diff_attr1.h5
[1912/4114] cd /home/byrn/HDF_Projects/hdf5/build/ci-StdShar-GNUC/tools/test/h5repack && /usr/bin/cmake -E copy_if_different /home/byrn/HDF_Projects/hdf5/dev/tools/test/h5copy/testfiles/h5copy_extlinks_trg.h5 /home/byrn/HDF_Projects/hdf5/build/ci-StdShar-GNUC/tools/test/h5repack/testfiles/h5copy_extlinks_trg.h5
[1913/4114] cd /home/byrn/HDF_Projects/hdf5/build/ci-StdShar-GNUC/tools/test/h5repack && /usr/bin/cmake -E copy_if_different /home/byrn/HDF_Projects/hdf5/dev/tools/test/h5repack/testfiles/h5repack.info /home/byrn/HDF_Projects/hdf5/build/ci-StdShar-GNUC/tools/test/h5repack/testfiles/h5repack.info
[1914/4114] cd /home/byrn/HDF_Projects/hdf5/build/ci-StdShar-GNUC/tools/test/h5repack && /usr/bin/cmake -E copy_if_different /home/byrn/HDF_Projects/hdf5/dev/tools/test/h5repack/expected/h5repack-help.txt /home/byrn/HDF_Projects/hdf5/build/ci-StdShar-GNUC/tools/test/h5repack/testfiles/h5repack-help.txt
[1915/4114] cd /home/byrn/HDF_Projects/hdf5/build/ci-StdShar-GNUC/tools/test/h5repack && /usr/bin/cmake -E copy_if_different /home/byrn/HDF_Projects/hdf5/dev/tools/test/h5repack/testfiles/h5repack_aggr.h5 /home/byrn/HDF_Projects/hdf5/build/ci-StdShar-GNUC/tools/test/h5repack/testfiles/h5repack_aggr.h5
[1916/4114] cd /home/byrn/HDF_Projects/hdf5/build/ci-StdShar-GNUC/tools/test/h5repack && /usr/bin/cmake -E copy_if_different /home/byrn/HDF_Projects/hdf5/dev/tools/test/h5repack/testfiles/h5repack_CVE-2018-17432.h5 /home/byrn/HDF_Projects/hdf5/build/ci-StdShar-GNUC/tools/test/h5repack/testfiles/h5repack_CVE-2018-17432.h5
[1917/4114] cd /home/byrn/HDF_Projects/hdf5/build/ci-StdShar-GNUC/tools/test/h5repack && /usr/bin/cmake -E copy_if_different /home/byrn/HDF_Projects/hdf5/dev/tools/test/h5repack/testfiles/h5repack_CVE-2018-14460.h5 /home/byrn/HDF_Projects/hdf5/build/ci-StdShar-GNUC/tools/test/h5repack/testfiles/h5repack_CVE-2018-14460.h5
[1918/4114] cd /home/byrn/HDF_Projects/hdf5/build/ci-StdShar-GNUC/tools/test/h5repack && /usr/bin/cmake -E copy_if_different /home/byrn/HDF_Projects/hdf5/dev/tools/test/h5repack/testfiles/h5repack_attr.h5 /home/byrn/HDF_Projects/hdf5/build/ci-StdShar-GNUC/tools/test/h5repack/testfiles/h5repack_attr.h5
[1919/4114] /usr/bin/cc -D_FILE_OFFSET_BITS=64 -D_GNU_SOURCE -D_LARGEFILE_SOURCE -D_POSIX_C_SOURCE=200809L -I/home/byrn/HDF_Projects/hdf5/dev/tools/src/h5repack -I/home/byrn/HDF_Projects/hdf5/dev/tools/lib -I/home/byrn/HDF_Projects/hdf5/dev/src -I/home/byrn/HDF_Projects/hdf5/dev/src/H5FDsubfiling -I/home/byrn/HDF_Projects/hdf5/dev/test -I/home/byrn/HDF_Projects/hdf5/build/ci-StdShar-GNUC/src -I/home/byrn/HDF_Projects/hdf5/build/ci-StdShar-GNUC/tools/lib -I/home/byrn/HDF_Projects/hdf5/build/ci-StdShar-GNUC/test -std=c99  -fstdarg-opt -fdiagnostics-urls=never -fno-diagnostics-color -fmessage-length=0 -O2 -g -DNDEBUG -std=gnu99 -fPIE -MD -MT tools/test/h5repack/CMakeFiles/h5repacktest.dir/__/__/src/h5repack/h5repack.c.o -MF tools/test/h5repack/CMakeFiles/h5repacktest.dir/__/__/src/h5repack/h5repack.c.o.d -o tools/test/h5repack/CMakeFiles/h5repacktest.dir/__/__/src/h5repack/h5repack.c.o -c /home/byrn/HDF_Projects/hdf5/dev/tools/src/h5repack/h5repack.c
[1920/4114] cd /home/byrn/HDF_Projects/hdf5/build/ci-StdShar-GNUC/tools/test/h5repack && /usr/bin/cmake -E copy_if_different /home/byrn/HDF_Projects/hdf5/dev/tools/test/h5repack/testfiles/h5repack_attr_refs.h5 /home/byrn/HDF_Projects/hdf5/build/ci-StdShar-GNUC/tools/test/h5repack/testfiles/h5repack_attr_refs.h5
[1921/4114] cd /home/byrn/HDF_Projects/hdf5/build/ci-StdShar-GNUC/tools/test/h5repack && /usr/bin/cmake -E copy_if_different /home/byrn/HDF_Projects/hdf5/dev/tools/test/h5repack/testfiles/h5repack_deflate.h5 /home/byrn/HDF_Projects/hdf5/build/ci-StdShar-GNUC/tools/test/h5repack/testfiles/h5repack_deflate.h5
[1922/4114] cd /home/byrn/HDF_Projects/hdf5/build/ci-StdShar-GNUC/tools/test/h5repack && /usr/bin/cmake -E copy_if_different /home/byrn/HDF_Projects/hdf5/dev/tools/test/h5repack/testfiles/h5repack_ext.bin /home/byrn/HDF_Projects/hdf5/build/ci-StdShar-GNUC/tools/test/h5repack/testfiles/h5repack_ext.bin
[1923/4114] cd /home/byrn/HDF_Projects/hdf5/build/ci-StdShar-GNUC/tools/test/h5repack && /usr/bin/cmake -E copy_if_different /home/byrn/HDF_Projects/hdf5/dev/tools/test/h5repack/testfiles/h5repack_ext.h5 /home/byrn/HDF_Projects/hdf5/build/ci-StdShar-GNUC/tools/test/h5repack/testfiles/h5repack_ext.h5
[1924/4114] cd /home/byrn/HDF_Projects/hdf5/build/ci-StdShar-GNUC/tools/test/h5repack && /usr/bin/cmake -E copy_if_different /home/byrn/HDF_Projects/hdf5/dev/tools/test/h5repack/testfiles/h5repack_early.h5 /home/byrn/HDF_Projects/hdf5/build/ci-StdShar-GNUC/tools/test/h5repack/testfiles/h5repack_early.h5
[1925/4114] cd /home/byrn/HDF_Projects/hdf5/build/ci-StdShar-GNUC/tools/test/h5repack && /usr/bin/cmake -E copy_if_different /home/byrn/HDF_Projects/hdf5/dev/tools/test/h5repack/testfiles/h5repack_f32le.h5 /home/byrn/HDF_Projects/hdf5/build/ci-StdShar-GNUC/tools/test/h5repack/testfiles/h5repack_f32le.h5
[1926/4114] cd /home/byrn/HDF_Projects/hdf5/build/ci-StdShar-GNUC/tools/test/h5repack && /usr/bin/cmake -E copy_if_different /home/byrn/HDF_Projects/hdf5/dev/tools/test/h5repack/testfiles/h5repack_fill.h5 /home/byrn/HDF_Projects/hdf5/build/ci-StdShar-GNUC/tools/test/h5repack/testfiles/h5repack_fill.h5
[1927/4114] cd /home/byrn/HDF_Projects/hdf5/build/ci-StdShar-GNUC/tools/test/h5repack && /usr/bin/cmake -E copy_if_different /home/byrn/HDF_Projects/hdf5/dev/tools/test/h5repack/testfiles/h5repack_f32le_ex-0.dat /home/byrn/HDF_Projects/hdf5/build/ci-StdShar-GNUC/tools/test/h5repack/testfiles/h5repack_f32le_ex-0.dat
[1928/4114] cd /home/byrn/HDF_Projects/hdf5/build/ci-StdShar-GNUC/tools/test/h5repack && /usr/bin/cmake -E copy_if_different /home/byrn/HDF_Projects/hdf5/dev/tools/test/h5repack/testfiles/h5repack_f32le_ex.h5 /home/byrn/HDF_Projects/hdf5/build/ci-StdShar-GNUC/tools/test/h5repack/testfiles/h5repack_f32le_ex.h5
[1929/4114] cd /home/byrn/HDF_Projects/hdf5/build/ci-StdShar-GNUC/tools/test/h5repack && /usr/bin/cmake -E copy_if_different /home/byrn/HDF_Projects/hdf5/dev/tools/test/h5repack/testfiles/h5repack_filters.h5 /home/byrn/HDF_Projects/hdf5/build/ci-StdShar-GNUC/tools/test/h5repack/testfiles/h5repack_filters.h5
[1930/4114] cd /home/byrn/HDF_Projects/hdf5/build/ci-StdShar-GNUC/tools/test/h5repack && /usr/bin/cmake -E copy_if_different /home/byrn/HDF_Projects/hdf5/dev/tools/test/h5repack/expected/h5repack_filters.h5-gzip_verbose_filters.tst /home/byrn/HDF_Projects/hdf5/build/ci-StdShar-GNUC/tools/test/h5repack/testfiles/h5repack_filters.h5-gzip_verbose_filters.tst
[1931/4114] cd /home/byrn/HDF_Projects/hdf5/build/ci-StdShar-GNUC/tools/test/h5repack && /usr/bin/cmake -E copy_if_different /home/byrn/HDF_Projects/hdf5/dev/tools/test/h5repack/testfiles/h5repack_fsm_aggr_persist.h5 /home/byrn/HDF_Projects/hdf5/build/ci-StdShar-GNUC/tools/test/h5repack/testfiles/h5repack_fsm_aggr_persist.h5
[1932/4114] cd /home/byrn/HDF_Projects/hdf5/build/ci-StdShar-GNUC/tools/test/h5repack && /usr/bin/cmake -E copy_if_different /home/byrn/HDF_Projects/hdf5/dev/tools/test/h5repack/testfiles/h5repack_hlink.h5 /home/byrn/HDF_Projects/hdf5/build/ci-StdShar-GNUC/tools/test/h5repack/testfiles/h5repack_hlink.h5
[1933/4114] cd /home/byrn/HDF_Projects/hdf5/build/ci-StdShar-GNUC/tools/test/h5repack && /usr/bin/cmake -E copy_if_different /home/byrn/HDF_Projects/hdf5/dev/tools/test/h5repack/testfiles/h5repack_fsm_aggr_nopersist.h5 /home/byrn/HDF_Projects/hdf5/build/ci-StdShar-GNUC/tools/test/h5repack/testfiles/h5repack_fsm_aggr_nopersist.h5
[1934/4114] cd /home/byrn/HDF_Projects/hdf5/build/ci-StdShar-GNUC/tools/test/h5repack && /usr/bin/cmake -E copy_if_different /home/byrn/HDF_Projects/hdf5/dev/tools/test/h5repack/testfiles/h5repack_fletcher.h5 /home/byrn/HDF_Projects/hdf5/build/ci-StdShar-GNUC/tools/test/h5repack/testfiles/h5repack_fletcher.h5
[1935/4114] cd /home/byrn/HDF_Projects/hdf5/build/ci-StdShar-GNUC/tools/test/h5repack && /usr/bin/cmake -E copy_if_different /home/byrn/HDF_Projects/hdf5/dev/tools/test/h5repack/testfiles/h5repack_int32le_1d.h5 /home/byrn/HDF_Projects/hdf5/build/ci-StdShar-GNUC/tools/test/h5repack/testfiles/h5repack_int32le_1d.h5
[1936/4114] cd /home/byrn/HDF_Projects/hdf5/build/ci-StdShar-GNUC/tools/test/h5repack && /usr/bin/cmake -E copy_if_different /home/byrn/HDF_Projects/hdf5/dev/tools/test/h5repack/testfiles/h5repack_int32le_1d_ex-1.dat /home/byrn/HDF_Projects/hdf5/build/ci-StdShar-GNUC/tools/test/h5repack/testfiles/h5repack_int32le_1d_ex-1.dat
[1937/4114] cd /home/byrn/HDF_Projects/hdf5/build/ci-StdShar-GNUC/tools/test/h5repack && /usr/bin/cmake -E copy_if_different /home/byrn/HDF_Projects/hdf5/dev/tools/test/h5repack/testfiles/h5repack_int32le_1d_ex.h5 /home/byrn/HDF_Projects/hdf5/build/ci-StdShar-GNUC/tools/test/h5repack/testfiles/h5repack_int32le_1d_ex.h5
[1938/4114] cd /home/byrn/HDF_Projects/hdf5/build/ci-StdShar-GNUC/tools/test/h5repack && /usr/bin/cmake -E copy_if_different /home/byrn/HDF_Projects/hdf5/dev/tools/test/h5repack/testfiles/h5repack_int32le_1d_ex-0.dat /home/byrn/HDF_Projects/hdf5/build/ci-StdShar-GNUC/tools/test/h5repack/testfiles/h5repack_int32le_1d_ex-0.dat
[1939/4114] cd /home/byrn/HDF_Projects/hdf5/build/ci-StdShar-GNUC/tools/test/h5repack && /usr/bin/cmake -E copy_if_different /home/byrn/HDF_Projects/hdf5/dev/tools/test/h5repack/testfiles/h5repack_int32le_2d.h5 /home/byrn/HDF_Projects/hdf5/build/ci-StdShar-GNUC/tools/test/h5repack/testfiles/h5repack_int32le_2d.h5
[1940/4114] cd /home/byrn/HDF_Projects/hdf5/build/ci-StdShar-GNUC/tools/test/h5repack && /usr/bin/cmake -E copy_if_different /home/byrn/HDF_Projects/hdf5/dev/tools/test/h5repack/testfiles/h5repack_int32le_2d_ex-0.dat /home/byrn/HDF_Projects/hdf5/build/ci-StdShar-GNUC/tools/test/h5repack/testfiles/h5repack_int32le_2d_ex-0.dat
[1941/4114] cd /home/byrn/HDF_Projects/hdf5/build/ci-StdShar-GNUC/tools/test/h5repack && /usr/bin/cmake -E copy_if_different /home/byrn/HDF_Projects/hdf5/dev/tools/test/h5repack/testfiles/h5repack_int32le_3d.h5 /home/byrn/HDF_Projects/hdf5/build/ci-StdShar-GNUC/tools/test/h5repack/testfiles/h5repack_int32le_3d.h5
[1942/4114] cd /home/byrn/HDF_Projects/hdf5/build/ci-StdShar-GNUC/tools/test/h5repack && /usr/bin/cmake -E copy_if_different /home/byrn/HDF_Projects/hdf5/dev/tools/test/h5repack/testfiles/h5repack_int32le_3d_ex-0.dat /home/byrn/HDF_Projects/hdf5/build/ci-StdShar-GNUC/tools/test/h5repack/testfiles/h5repack_int32le_3d_ex-0.dat
[1943/4114] cd /home/byrn/HDF_Projects/hdf5/build/ci-StdShar-GNUC/tools/test/h5repack && /usr/bin/cmake -E copy_if_different /home/byrn/HDF_Projects/hdf5/dev/tools/test/h5repack/testfiles/h5repack_int32le_2d_ex.h5 /home/byrn/HDF_Projects/hdf5/build/ci-StdShar-GNUC/tools/test/h5repack/testfiles/h5repack_int32le_2d_ex.h5
[1944/4114] cd /home/byrn/HDF_Projects/hdf5/build/ci-StdShar-GNUC/tools/test/h5repack && /usr/bin/cmake -E copy_if_different /home/byrn/HDF_Projects/hdf5/dev/tools/test/h5repack/testfiles/h5repack_int32le_3d_ex.h5 /home/byrn/HDF_Projects/hdf5/build/ci-StdShar-GNUC/tools/test/h5repack/testfiles/h5repack_int32le_3d_ex.h5
[1945/4114] cd /home/byrn/HDF_Projects/hdf5/build/ci-StdShar-GNUC/tools/test/h5repack && /usr/bin/cmake -E copy_if_different /home/byrn/HDF_Projects/hdf5/dev/tools/test/h5repack/testfiles/h5repack_layout.UD.h5 /home/byrn/HDF_Projects/hdf5/build/ci-StdShar-GNUC/tools/test/h5repack/testfiles/h5repack_layout.UD.h5
[1946/4114] cd /home/byrn/HDF_Projects/hdf5/build/ci-StdShar-GNUC/tools/test/h5repack && /usr/bin/cmake -E copy_if_different /home/byrn/HDF_Projects/hdf5/dev/tools/test/h5repack/expected/h5repack_layout.h5-plugin_test.ddl /home/byrn/HDF_Projects/hdf5/build/ci-StdShar-GNUC/tools/test/h5repack/testfiles/h5repack_layout.h5-plugin_test.ddl
[1947/4114] cd /home/byrn/HDF_Projects/hdf5/build/ci-StdShar-GNUC/tools/test/h5repack && /usr/bin/cmake -E copy_if_different /home/byrn/HDF_Projects/hdf5/dev/tools/test/h5repack/testfiles/h5repack_layout.h5 /home/byrn/HDF_Projects/hdf5/build/ci-StdShar-GNUC/tools/test/h5repack/testfiles/h5repack_layout.h5
[1948/4114] cd /home/byrn/HDF_Projects/hdf5/build/ci-StdShar-GNUC/tools/test/h5repack && /usr/bin/cmake -E copy_if_different /home/byrn/HDF_Projects/hdf5/dev/tools/test/h5repack/expected/h5repack_layout.UD.h5-plugin_none.ddl /home/byrn/HDF_Projects/hdf5/build/ci-StdShar-GNUC/tools/test/h5repack/testfiles/h5repack_layout.UD.h5-plugin_none.ddl
[1949/4114] cd /home/byrn/HDF_Projects/hdf5/build/ci-StdShar-GNUC/tools/test/h5repack && /usr/bin/cmake -E copy_if_different /home/byrn/HDF_Projects/hdf5/dev/tools/test/h5repack/expected/h5repack_layout.h5-dset2_chunk_20x10-errstk.tst /home/byrn/HDF_Projects/hdf5/build/ci-StdShar-GNUC/tools/test/h5repack/testfiles/h5repack_layout.h5-dset2_chunk_20x10-errstk.tst
[1950/4114] cd /home/byrn/HDF_Projects/hdf5/build/ci-StdShar-GNUC/tools/test/h5repack && /usr/bin/cmake -E copy_if_different /home/byrn/HDF_Projects/hdf5/dev/tools/test/h5repack/expected/h5repack_layout.h5-plugin_version_test.ddl /home/byrn/HDF_Projects/hdf5/build/ci-StdShar-GNUC/tools/test/h5repack/testfiles/h5repack_layout.h5-plugin_version_test.ddl
[1951/4114] cd /home/byrn/HDF_Projects/hdf5/build/ci-StdShar-GNUC/tools/test/h5repack && /usr/bin/cmake -E copy_if_different /home/byrn/HDF_Projects/hdf5/dev/tools/test/h5repack/expected/h5repack_layout.h5.ddl /home/byrn/HDF_Projects/hdf5/build/ci-StdShar-GNUC/tools/test/h5repack/testfiles/h5repack_layout.h5.ddl
[1952/4114] cd /home/byrn/HDF_Projects/hdf5/build/ci-StdShar-GNUC/tools/test/h5repack && /usr/bin/cmake -E copy_if_different /home/byrn/HDF_Projects/hdf5/dev/tools/test/h5repack/expected/h5repack_layout.h5-plugin_zero.ddl /home/byrn/HDF_Projects/hdf5/build/ci-StdShar-GNUC/tools/test/h5repack/testfiles/h5repack_layout.h5-plugin_zero.ddl
[1953/4114] cd /home/byrn/HDF_Projects/hdf5/build/ci-StdShar-GNUC/tools/test/h5repack && /usr/bin/cmake -E copy_if_different /home/byrn/HDF_Projects/hdf5/dev/tools/test/h5repack/testfiles/h5repack_layout2.h5 /home/byrn/HDF_Projects/hdf5/build/ci-StdShar-GNUC/tools/test/h5repack/testfiles/h5repack_layout2.h5
[1954/4114] cd /home/byrn/HDF_Projects/hdf5/build/ci-StdShar-GNUC/tools/test/h5repack && /usr/bin/cmake -E copy_if_different /home/byrn/HDF_Projects/hdf5/dev/tools/test/h5repack/testfiles/h5repack_layout3.h5 /home/byrn/HDF_Projects/hdf5/build/ci-StdShar-GNUC/tools/test/h5repack/testfiles/h5repack_layout3.h5
[1955/4114] cd /home/byrn/HDF_Projects/hdf5/build/ci-StdShar-GNUC/tools/test/h5repack && /usr/bin/cmake -E copy_if_different /home/byrn/HDF_Projects/hdf5/dev/tools/test/h5repack/testfiles/h5repack_layouto.h5 /home/byrn/HDF_Projects/hdf5/build/ci-StdShar-GNUC/tools/test/h5repack/testfiles/h5repack_layouto.h5
[1956/4114] cd /home/byrn/HDF_Projects/hdf5/build/ci-StdShar-GNUC/tools/test/h5repack && /usr/bin/cmake -E copy_if_different /home/byrn/HDF_Projects/hdf5/dev/tools/test/h5repack/testfiles/h5repack_named_dtypes.h5 /home/byrn/HDF_Projects/hdf5/build/ci-StdShar-GNUC/tools/test/h5repack/testfiles/h5repack_named_dtypes.h5
[1957/4114] cd /home/byrn/HDF_Projects/hdf5/build/ci-StdShar-GNUC/tools/test/h5repack && /usr/bin/cmake -E copy_if_different /home/byrn/HDF_Projects/hdf5/dev/tools/test/h5repack/testfiles/h5repack_nbit.h5 /home/byrn/HDF_Projects/hdf5/build/ci-StdShar-GNUC/tools/test/h5repack/testfiles/h5repack_nbit.h5
[1958/4114] cd /home/byrn/HDF_Projects/hdf5/build/ci-StdShar-GNUC/tools/test/h5repack && /usr/bin/cmake -E copy_if_different /home/byrn/HDF_Projects/hdf5/dev/tools/test/h5repack/testfiles/h5repack_nested_8bit_enum.h5 /home/byrn/HDF_Projects/hdf5/build/ci-StdShar-GNUC/tools/test/h5repack/testfiles/h5repack_nested_8bit_enum.h5
[1959/4114] cd /home/byrn/HDF_Projects/hdf5/build/ci-StdShar-GNUC/tools/test/h5repack && /usr/bin/cmake -E copy_if_different /home/byrn/HDF_Projects/hdf5/dev/tools/test/h5repack/testfiles/h5repack_nested_8bit_enum_deflated.h5 /home/byrn/HDF_Projects/hdf5/build/ci-StdShar-GNUC/tools/test/h5repack/testfiles/h5repack_nested_8bit_enum_deflated.h5
[1960/4114] cd /home/byrn/HDF_Projects/hdf5/build/ci-StdShar-GNUC/tools/test/h5repack && /usr/bin/cmake -E copy_if_different /home/byrn/HDF_Projects/hdf5/dev/tools/test/h5repack/testfiles/h5repack_none.h5 /home/byrn/HDF_Projects/hdf5/build/ci-StdShar-GNUC/tools/test/h5repack/testfiles/h5repack_none.h5
[1961/4114] cd /home/byrn/HDF_Projects/hdf5/build/ci-StdShar-GNUC/tools/test/h5repack && /usr/bin/cmake -E copy_if_different /home/byrn/HDF_Projects/hdf5/dev/tools/test/h5repack/testfiles/h5repack_objs.h5 /home/byrn/HDF_Projects/hdf5/build/ci-StdShar-GNUC/tools/test/h5repack/testfiles/h5repack_objs.h5
[1962/4114] cd /home/byrn/HDF_Projects/hdf5/build/ci-StdShar-GNUC/tools/test/h5repack && /usr/bin/cmake -E copy_if_different /home/byrn/HDF_Projects/hdf5/dev/tools/test/h5repack/testfiles/h5repack_paged_nopersist.h5 /home/byrn/HDF_Projects/hdf5/build/ci-StdShar-GNUC/tools/test/h5repack/testfiles/h5repack_paged_nopersist.h5
[1963/4114] cd /home/byrn/HDF_Projects/hdf5/build/ci-StdShar-GNUC/tools/test/h5repack && /usr/bin/cmake -E copy_if_different /home/byrn/HDF_Projects/hdf5/dev/tools/test/h5repack/testfiles/h5repack_paged_persist.h5 /home/byrn/HDF_Projects/hdf5/build/ci-StdShar-GNUC/tools/test/h5repack/testfiles/h5repack_paged_persist.h5
[1964/4114] cd /home/byrn/HDF_Projects/hdf5/build/ci-StdShar-GNUC/tools/test/h5repack && /usr/bin/cmake -E copy_if_different /home/byrn/HDF_Projects/hdf5/dev/tools/test/h5repack/testfiles/h5repack_shuffle.h5 /home/byrn/HDF_Projects/hdf5/build/ci-StdShar-GNUC/tools/test/h5repack/testfiles/h5repack_shuffle.h5
[1965/4114] cd /home/byrn/HDF_Projects/hdf5/build/ci-StdShar-GNUC/tools/test/h5repack && /usr/bin/cmake -E copy_if_different /home/byrn/HDF_Projects/hdf5/dev/tools/test/h5repack/testfiles/h5repack_refs.h5 /home/byrn/HDF_Projects/hdf5/build/ci-StdShar-GNUC/tools/test/h5repack/testfiles/h5repack_refs.h5
[1966/4114] cd /home/byrn/HDF_Projects/hdf5/build/ci-StdShar-GNUC/tools/test/h5repack && /usr/bin/cmake -E copy_if_different /home/byrn/HDF_Projects/hdf5/dev/tools/test/h5repack/testfiles/h5repack_soffset.h5 /home/byrn/HDF_Projects/hdf5/build/ci-StdShar-GNUC/tools/test/h5repack/testfiles/h5repack_soffset.h5
[1967/4114] cd /home/byrn/HDF_Projects/hdf5/build/ci-StdShar-GNUC/tools/test/h5repack && /usr/bin/cmake -E copy_if_different /home/byrn/HDF_Projects/hdf5/dev/tools/test/h5repack/testfiles/h5repack_szip.h5 /home/byrn/HDF_Projects/hdf5/build/ci-StdShar-GNUC/tools/test/h5repack/testfiles/h5repack_szip.h5
[1968/4114] cd /home/byrn/HDF_Projects/hdf5/build/ci-StdShar-GNUC/tools/test/h5repack && /usr/bin/cmake -E copy_if_different /home/byrn/HDF_Projects/hdf5/dev/tools/test/h5repack/testfiles/h5repack_uint8be.h5 /home/byrn/HDF_Projects/hdf5/build/ci-StdShar-GNUC/tools/test/h5repack/testfiles/h5repack_uint8be.h5
[1969/4114] cd /home/byrn/HDF_Projects/hdf5/build/ci-StdShar-GNUC/tools/test/h5repack && /usr/bin/cmake -E copy_if_different /home/byrn/HDF_Projects/hdf5/dev/tools/test/h5repack/testfiles/h5repack_uint8be_ex-1.dat /home/byrn/HDF_Projects/hdf5/build/ci-StdShar-GNUC/tools/test/h5repack/testfiles/h5repack_uint8be_ex-1.dat
[1970/4114] cd /home/byrn/HDF_Projects/hdf5/build/ci-StdShar-GNUC/tools/test/h5repack && /usr/bin/cmake -E copy_if_different /home/byrn/HDF_Projects/hdf5/dev/tools/test/h5repack/testfiles/h5repack_uint8be_ex-0.dat /home/byrn/HDF_Projects/hdf5/build/ci-StdShar-GNUC/tools/test/h5repack/testfiles/h5repack_uint8be_ex-0.dat
[1971/4114] cd /home/byrn/HDF_Projects/hdf5/build/ci-StdShar-GNUC/tools/test/h5repack && /usr/bin/cmake -E copy_if_different /home/byrn/HDF_Projects/hdf5/dev/tools/test/h5repack/testfiles/h5repack_uint8be_ex-2.dat /home/byrn/HDF_Projects/hdf5/build/ci-StdShar-GNUC/tools/test/h5repack/testfiles/h5repack_uint8be_ex-2.dat
[1972/4114] cd /home/byrn/HDF_Projects/hdf5/build/ci-StdShar-GNUC/tools/test/h5repack && /usr/bin/cmake -E copy_if_different /home/byrn/HDF_Projects/hdf5/dev/tools/test/h5repack/testfiles/h5repack_uint8be_ex-3.dat /home/byrn/HDF_Projects/hdf5/build/ci-StdShar-GNUC/tools/test/h5repack/testfiles/h5repack_uint8be_ex-3.dat
[1973/4114] cd /home/byrn/HDF_Projects/hdf5/build/ci-StdShar-GNUC/tools/test/h5repack && /usr/bin/cmake -E copy_if_different /home/byrn/HDF_Projects/hdf5/dev/tools/test/h5repack/testfiles/h5repack_uint8be_ex.h5 /home/byrn/HDF_Projects/hdf5/build/ci-StdShar-GNUC/tools/test/h5repack/testfiles/h5repack_uint8be_ex.h5
[1974/4114] cd /home/byrn/HDF_Projects/hdf5/build/ci-StdShar-GNUC/tools/test/h5repack && /usr/bin/cmake -E copy_if_different /home/byrn/HDF_Projects/hdf5/dev/tools/test/h5repack/expected/plugin_none.h5repack_layout.UD.h5.tst /home/byrn/HDF_Projects/hdf5/build/ci-StdShar-GNUC/tools/test/h5repack/testfiles/plugin_none.h5repack_layout.UD.h5.tst
[1975/4114] cd /home/byrn/HDF_Projects/hdf5/build/ci-StdShar-GNUC/tools/test/h5repack && /usr/bin/cmake -E copy_if_different /home/byrn/HDF_Projects/hdf5/dev/tools/test/h5repack/expected/plugin_version_test.h5repack_layout.h5.tst /home/byrn/HDF_Projects/hdf5/build/ci-StdShar-GNUC/tools/test/h5repack/testfiles/plugin_version_test.h5repack_layout.h5.tst
[1976/4114] cd /home/byrn/HDF_Projects/hdf5/build/ci-StdShar-GNUC/tools/test/h5repack && /usr/bin/cmake -E copy_if_different /home/byrn/HDF_Projects/hdf5/dev/tools/test/h5repack/expected/plugin_test.h5repack_layout.h5.tst /home/byrn/HDF_Projects/hdf5/build/ci-StdShar-GNUC/tools/test/h5repack/testfiles/plugin_test.h5repack_layout.h5.tst
[1977/4114] cd /home/byrn/HDF_Projects/hdf5/build/ci-StdShar-GNUC/tools/test/h5repack && /usr/bin/cmake -E copy_if_different /home/byrn/HDF_Projects/hdf5/dev/tools/test/h5repack/expected/plugin_zero.h5repack_layout.h5.tst /home/byrn/HDF_Projects/hdf5/build/ci-StdShar-GNUC/tools/test/h5repack/testfiles/plugin_zero.h5repack_layout.h5.tst
[1978/4114] cd /home/byrn/HDF_Projects/hdf5/build/ci-StdShar-GNUC/tools/test/h5repack && /usr/bin/cmake -E copy_if_different /home/byrn/HDF_Projects/hdf5/dev/tools/test/h5dump/testfiles/tattrreg.h5 /home/byrn/HDF_Projects/hdf5/build/ci-StdShar-GNUC/tools/test/h5repack/testfiles/tattrreg.h5
[1979/4114] cd /home/byrn/HDF_Projects/hdf5/build/ci-StdShar-GNUC/tools/test/h5repack && /usr/bin/cmake -E copy_if_different /home/byrn/HDF_Projects/hdf5/dev/tools/test/h5repack/expected/textlink-base.textlink.h5.ddl /home/byrn/HDF_Projects/hdf5/build/ci-StdShar-GNUC/tools/test/h5repack/testfiles/textlink-base.textlink.h5.ddl
[1980/4114] cd /home/byrn/HDF_Projects/hdf5/build/ci-StdShar-GNUC/tools/test/h5repack && /usr/bin/cmake -E copy_if_different /home/byrn/HDF_Projects/hdf5/dev/tools/test/h5repack/expected/textlink-merge.textlink.h5.tst /home/byrn/HDF_Projects/hdf5/build/ci-StdShar-GNUC/tools/test/h5repack/testfiles/textlink-merge.textlink.h5.tst
[1981/4114] cd /home/byrn/HDF_Projects/hdf5/build/ci-StdShar-GNUC/tools/test/h5repack && /usr/bin/cmake -E copy_if_different /home/byrn/HDF_Projects/hdf5/dev/tools/test/h5dump/testfiles/tdatareg.h5 /home/byrn/HDF_Projects/hdf5/build/ci-StdShar-GNUC/tools/test/h5repack/testfiles/tdatareg.h5
[1982/4114] cd /home/byrn/HDF_Projects/hdf5/build/ci-StdShar-GNUC/tools/test/h5repack && /usr/bin/cmake -E copy_if_different /home/byrn/HDF_Projects/hdf5/dev/tools/test/h5dump/testfiles/textlink.h5 /home/byrn/HDF_Projects/hdf5/build/ci-StdShar-GNUC/tools/test/h5repack/testfiles/textlink.h5
[1983/4114] cd /home/byrn/HDF_Projects/hdf5/build/ci-StdShar-GNUC/tools/test/h5repack && /usr/bin/cmake -E copy_if_different /home/byrn/HDF_Projects/hdf5/dev/tools/test/h5repack/expected/textlink-mergeprune.textlink.h5.ddl /home/byrn/HDF_Projects/hdf5/build/ci-StdShar-GNUC/tools/test/h5repack/testfiles/textlink-mergeprune.textlink.h5.ddl
[1984/4114] cd /home/byrn/HDF_Projects/hdf5/build/ci-StdShar-GNUC/tools/test/h5repack && /usr/bin/cmake -E copy_if_different /home/byrn/HDF_Projects/hdf5/dev/tools/test/h5repack/expected/textlink-prune.textlink.h5.ddl /home/byrn/HDF_Projects/hdf5/build/ci-StdShar-GNUC/tools/test/h5repack/testfiles/textlink-prune.textlink.h5.ddl
[1985/4114] cd /home/byrn/HDF_Projects/hdf5/build/ci-StdShar-GNUC/tools/test/h5repack && /usr/bin/cmake -E copy_if_different /home/byrn/HDF_Projects/hdf5/dev/tools/test/h5repack/expected/textlinkfar-base.textlinkfar.h5.ddl /home/byrn/HDF_Projects/hdf5/build/ci-StdShar-GNUC/tools/test/h5repack/testfiles/textlinkfar-base.textlinkfar.h5.ddl
[1986/4114] cd /home/byrn/HDF_Projects/hdf5/build/ci-StdShar-GNUC/tools/test/h5repack && /usr/bin/cmake -E copy_if_different /home/byrn/HDF_Projects/hdf5/dev/tools/test/h5repack/expected/textlinkfar-merge.textlinkfar.h5.tst /home/byrn/HDF_Projects/hdf5/build/ci-StdShar-GNUC/tools/test/h5repack/testfiles/textlinkfar-merge.textlinkfar.h5.tst
[1987/4114] cd /home/byrn/HDF_Projects/hdf5/build/ci-StdShar-GNUC/tools/test/h5repack && /usr/bin/cmake -E copy_if_different /home/byrn/HDF_Projects/hdf5/dev/tools/test/h5repack/expected/textlinkfar-prune.textlinkfar.h5.ddl /home/byrn/HDF_Projects/hdf5/build/ci-StdShar-GNUC/tools/test/h5repack/testfiles/textlinkfar-prune.textlinkfar.h5.ddl
[1988/4114] cd /home/byrn/HDF_Projects/hdf5/build/ci-StdShar-GNUC/tools/test/h5repack && /usr/bin/cmake -E copy_if_different /home/byrn/HDF_Projects/hdf5/dev/tools/test/h5dump/testfiles/textlinkfar.h5 /home/byrn/HDF_Projects/hdf5/build/ci-StdShar-GNUC/tools/test/h5repack/testfiles/textlinkfar.h5
[1989/4114] cd /home/byrn/HDF_Projects/hdf5/build/ci-StdShar-GNUC/tools/test/h5repack && /usr/bin/cmake -E copy_if_different /home/byrn/HDF_Projects/hdf5/dev/tools/test/h5repack/expected/textlinkfar-mergeprune.textlinkfar.h5.ddl /home/byrn/HDF_Projects/hdf5/build/ci-StdShar-GNUC/tools/test/h5repack/testfiles/textlinkfar-mergeprune.textlinkfar.h5.ddl
[1990/4114] cd /home/byrn/HDF_Projects/hdf5/build/ci-StdShar-GNUC/tools/test/h5repack && /usr/bin/cmake -E copy_if_different /home/byrn/HDF_Projects/hdf5/dev/tools/test/h5repack/expected/textlinksrc-merge.textlinksrc.h5.tst /home/byrn/HDF_Projects/hdf5/build/ci-StdShar-GNUC/tools/test/h5repack/testfiles/textlinksrc-merge.textlinksrc.h5.tst
[1991/4114] cd /home/byrn/HDF_Projects/hdf5/build/ci-StdShar-GNUC/tools/test/h5repack && /usr/bin/cmake -E copy_if_different /home/byrn/HDF_Projects/hdf5/dev/tools/test/h5repack/expected/textlinksrc-base.textlinksrc.h5.ddl /home/byrn/HDF_Projects/hdf5/build/ci-StdShar-GNUC/tools/test/h5repack/testfiles/textlinksrc-base.textlinksrc.h5.ddl
[1992/4114] cd /home/byrn/HDF_Projects/hdf5/build/ci-StdShar-GNUC/tools/test/h5repack && /usr/bin/cmake -E copy_if_different /home/byrn/HDF_Projects/hdf5/dev/tools/test/h5repack/expected/textlinksrc-prune.textlinksrc.h5.ddl /home/byrn/HDF_Projects/hdf5/build/ci-StdShar-GNUC/tools/test/h5repack/testfiles/textlinksrc-prune.textlinksrc.h5.ddl
[1993/4114] cd /home/byrn/HDF_Projects/hdf5/build/ci-StdShar-GNUC/tools/test/h5repack && /usr/bin/cmake -E copy_if_different /home/byrn/HDF_Projects/hdf5/dev/tools/test/h5repack/expected/textlinksrc-mergeprune.textlinksrc.h5.ddl /home/byrn/HDF_Projects/hdf5/build/ci-StdShar-GNUC/tools/test/h5repack/testfiles/textlinksrc-mergeprune.textlinksrc.h5.ddl
[1994/4114] cd /home/byrn/HDF_Projects/hdf5/build/ci-StdShar-GNUC/tools/test/h5repack && /usr/bin/cmake -E copy_if_different /home/byrn/HDF_Projects/hdf5/dev/tools/test/h5dump/testfiles/textlinksrc.h5 /home/byrn/HDF_Projects/hdf5/build/ci-StdShar-GNUC/tools/test/h5repack/testfiles/textlinksrc.h5
[1995/4114] cd /home/byrn/HDF_Projects/hdf5/build/ci-StdShar-GNUC/tools/test/h5repack && /usr/bin/cmake -E copy_if_different /home/byrn/HDF_Projects/hdf5/dev/tools/test/h5repack/expected/textlinktar-base.textlinktar.h5.ddl /home/byrn/HDF_Projects/hdf5/build/ci-StdShar-GNUC/tools/test/h5repack/testfiles/textlinktar-base.textlinktar.h5.ddl
[1996/4114] cd /home/byrn/HDF_Projects/hdf5/build/ci-StdShar-GNUC/tools/test/h5repack && /usr/bin/cmake -E copy_if_different /home/byrn/HDF_Projects/hdf5/dev/tools/test/h5repack/expected/textlinktar-mergeprune.textlinktar.h5.ddl /home/byrn/HDF_Projects/hdf5/build/ci-StdShar-GNUC/tools/test/h5repack/testfiles/textlinktar-mergeprune.textlinktar.h5.ddl
[1997/4114] cd /home/byrn/HDF_Projects/hdf5/build/ci-StdShar-GNUC/tools/test/h5repack && /usr/bin/cmake -E copy_if_different /home/byrn/HDF_Projects/hdf5/dev/tools/test/h5repack/expected/textlinktar-merge.textlinktar.h5.tst /home/byrn/HDF_Projects/hdf5/build/ci-StdShar-GNUC/tools/test/h5repack/testfiles/textlinktar-merge.textlinktar.h5.tst
[1998/4114] cd /home/byrn/HDF_Projects/hdf5/build/ci-StdShar-GNUC/tools/test/h5repack && /usr/bin/cmake -E copy_if_different /home/byrn/HDF_Projects/hdf5/dev/tools/test/h5repack/expected/textlinktar-prune.textlinktar.h5.ddl /home/byrn/HDF_Projects/hdf5/build/ci-StdShar-GNUC/tools/test/h5repack/testfiles/textlinktar-prune.textlinktar.h5.ddl
[1999/4114] cd /home/byrn/HDF_Projects/hdf5/build/ci-StdShar-GNUC/tools/test/h5repack && /usr/bin/cmake -E copy_if_different /home/byrn/HDF_Projects/hdf5/dev/tools/test/h5dump/testfiles/textlinktar.h5 /home/byrn/HDF_Projects/hdf5/build/ci-StdShar-GNUC/tools/test/h5repack/testfiles/textlinktar.h5
[2000/4114] cd /home/byrn/HDF_Projects/hdf5/build/ci-StdShar-GNUC/tools/test/h5repack && /usr/bin/cmake -E copy_if_different /home/byrn/HDF_Projects/hdf5/dev/tools/test/h5dump/testfiles/tfamily00001.h5 /home/byrn/HDF_Projects/hdf5/build/ci-StdShar-GNUC/tools/test/h5repack/testfiles/tfamily00001.h5
[2001/4114] cd /home/byrn/HDF_Projects/hdf5/build/ci-StdShar-GNUC/tools/test/h5repack && /usr/bin/cmake -E copy_if_different /home/byrn/HDF_Projects/hdf5/dev/tools/test/h5dump/testfiles/tfamily00000.h5 /home/byrn/HDF_Projects/hdf5/build/ci-StdShar-GNUC/tools/test/h5repack/testfiles/tfamily00000.h5
[2002/4114] cd /home/byrn/HDF_Projects/hdf5/build/ci-StdShar-GNUC/tools/test/h5repack && /usr/bin/cmake -E copy_if_different /home/byrn/HDF_Projects/hdf5/dev/tools/test/h5dump/testfiles/tfamily00002.h5 /home/byrn/HDF_Projects/hdf5/build/ci-StdShar-GNUC/tools/test/h5repack/testfiles/tfamily00002.h5
[2003/4114] cd /home/byrn/HDF_Projects/hdf5/build/ci-StdShar-GNUC/tools/test/h5repack && /usr/bin/cmake -E copy_if_different /home/byrn/HDF_Projects/hdf5/dev/tools/test/h5dump/testfiles/tfamily00004.h5 /home/byrn/HDF_Projects/hdf5/build/ci-StdShar-GNUC/tools/test/h5repack/testfiles/tfamily00004.h5
[2004/4114] cd /home/byrn/HDF_Projects/hdf5/build/ci-StdShar-GNUC/tools/test/h5repack && /usr/bin/cmake -E copy_if_different /home/byrn/HDF_Projects/hdf5/dev/tools/test/h5dump/testfiles/tfamily00003.h5 /home/byrn/HDF_Projects/hdf5/build/ci-StdShar-GNUC/tools/test/h5repack/testfiles/tfamily00003.h5
[2005/4114] cd /home/byrn/HDF_Projects/hdf5/build/ci-StdShar-GNUC/tools/test/h5repack && /usr/bin/cmake -E copy_if_different /home/byrn/HDF_Projects/hdf5/dev/tools/test/h5dump/testfiles/tfamily00005.h5 /home/byrn/HDF_Projects/hdf5/build/ci-StdShar-GNUC/tools/test/h5repack/testfiles/tfamily00005.h5
[2006/4114] cd /home/byrn/HDF_Projects/hdf5/build/ci-StdShar-GNUC/tools/test/h5repack && /usr/bin/cmake -E copy_if_different /home/byrn/HDF_Projects/hdf5/dev/tools/test/h5dump/testfiles/tfamily00006.h5 /home/byrn/HDF_Projects/hdf5/build/ci-StdShar-GNUC/tools/test/h5repack/testfiles/tfamily00006.h5
[2007/4114] cd /home/byrn/HDF_Projects/hdf5/build/ci-StdShar-GNUC/tools/test/h5repack && /usr/bin/cmake -E copy_if_different /home/byrn/HDF_Projects/hdf5/dev/tools/test/h5dump/testfiles/tfamily00007.h5 /home/byrn/HDF_Projects/hdf5/build/ci-StdShar-GNUC/tools/test/h5repack/testfiles/tfamily00007.h5
[2008/4114] cd /home/byrn/HDF_Projects/hdf5/build/ci-StdShar-GNUC/tools/test/h5repack && /usr/bin/cmake -E copy_if_different /home/byrn/HDF_Projects/hdf5/dev/tools/test/h5dump/testfiles/tfamily00008.h5 /home/byrn/HDF_Projects/hdf5/build/ci-StdShar-GNUC/tools/test/h5repack/testfiles/tfamily00008.h5
[2009/4114] cd /home/byrn/HDF_Projects/hdf5/build/ci-StdShar-GNUC/tools/test/h5repack && /usr/bin/cmake -E copy_if_different /home/byrn/HDF_Projects/hdf5/dev/tools/test/h5dump/testfiles/tfamily00009.h5 /home/byrn/HDF_Projects/hdf5/build/ci-StdShar-GNUC/tools/test/h5repack/testfiles/tfamily00009.h5
[2010/4114] : && /usr/bin/cc -std=c99  -fstdarg-opt -fdiagnostics-urls=never -fno-diagnostics-color -fmessage-length=0 -O2 -g -DNDEBUG  tools/test/h5repack/CMakeFiles/h5repackgentest.dir/h5repackgentest.c.o -o bin/h5repackgentest  -Wl,-rpath,"\$ORIGIN/../lib:\$ORIGIN/"  bin/libhdf5_tools.a  bin/libhdf5.a  bin/libzlib.a  bin/libszaec.a  bin/libaec.a  -lm  -ldl && :
[2011/4114] cd /home/byrn/HDF_Projects/hdf5/build/ci-StdShar-GNUC/tools/test/h5repack && /usr/bin/cmake -E copy_if_different /home/byrn/HDF_Projects/hdf5/dev/tools/test/h5repack/expected/tsoftlinks-base.tsoftlinks.h5.ddl /home/byrn/HDF_Projects/hdf5/build/ci-StdShar-GNUC/tools/test/h5repack/testfiles/tsoftlinks-base.tsoftlinks.h5.ddl
[2012/4114] cd /home/byrn/HDF_Projects/hdf5/build/ci-StdShar-GNUC/tools/test/h5repack && /usr/bin/cmake -E copy_if_different /home/byrn/HDF_Projects/hdf5/dev/tools/test/h5dump/testfiles/tfamily00010.h5 /home/byrn/HDF_Projects/hdf5/build/ci-StdShar-GNUC/tools/test/h5repack/testfiles/tfamily00010.h5
[2013/4114] cd /home/byrn/HDF_Projects/hdf5/build/ci-StdShar-GNUC/tools/test/h5repack && /usr/bin/cmake -E copy_if_different /home/byrn/HDF_Projects/hdf5/dev/tools/test/h5dump/testfiles/tordergr.h5 /home/byrn/HDF_Projects/hdf5/build/ci-StdShar-GNUC/tools/test/h5repack/testfiles/tordergr.h5
[2014/4114] cd /home/byrn/HDF_Projects/hdf5/build/ci-StdShar-GNUC/tools/test/h5repack && /usr/bin/cmake -E copy_if_different /home/byrn/HDF_Projects/hdf5/dev/tools/test/h5repack/expected/tsoftlinks-merge.tsoftlinks.h5.tst /home/byrn/HDF_Projects/hdf5/build/ci-StdShar-GNUC/tools/test/h5repack/testfiles/tsoftlinks-merge.tsoftlinks.h5.tst
[2015/4114] cd /home/byrn/HDF_Projects/hdf5/build/ci-StdShar-GNUC/tools/test/h5repack && /usr/bin/cmake -E copy_if_different /home/byrn/HDF_Projects/hdf5/dev/tools/test/h5repack/expected/tsoftlinks-mergeprune.tsoftlinks.h5.ddl /home/byrn/HDF_Projects/hdf5/build/ci-StdShar-GNUC/tools/test/h5repack/testfiles/tsoftlinks-mergeprune.tsoftlinks.h5.ddl
[2016/4114] cd /home/byrn/HDF_Projects/hdf5/build/ci-StdShar-GNUC/tools/test/h5repack && /usr/bin/cmake -E copy_if_different /home/byrn/HDF_Projects/hdf5/dev/tools/test/h5repack/expected/tsoftlinks-prune.tsoftlinks.h5.ddl /home/byrn/HDF_Projects/hdf5/build/ci-StdShar-GNUC/tools/test/h5repack/testfiles/tsoftlinks-prune.tsoftlinks.h5.ddl
[2017/4114] cd /home/byrn/HDF_Projects/hdf5/build/ci-StdShar-GNUC/tools/test/h5repack && /usr/bin/cmake -E copy_if_different /home/byrn/HDF_Projects/hdf5/dev/tools/test/h5dump/testfiles/tst_onion_dset_1d.h5 /home/byrn/HDF_Projects/hdf5/build/ci-StdShar-GNUC/tools/test/h5repack/testfiles/tst_onion_dset_1d.h5
[2018/4114] cd /home/byrn/HDF_Projects/hdf5/build/ci-StdShar-GNUC/tools/test/h5repack && /usr/bin/cmake -E copy_if_different /home/byrn/HDF_Projects/hdf5/dev/tools/test/h5dump/testfiles/tsoftlinks.h5 /home/byrn/HDF_Projects/hdf5/build/ci-StdShar-GNUC/tools/test/h5repack/testfiles/tsoftlinks.h5
[2019/4114] cd /home/byrn/HDF_Projects/hdf5/build/ci-StdShar-GNUC/tools/test/h5repack && /usr/bin/cmake -E copy_if_different /home/byrn/HDF_Projects/hdf5/dev/tools/test/h5dump/testfiles/tst_onion_dset_1d.h5.onion /home/byrn/HDF_Projects/hdf5/build/ci-StdShar-GNUC/tools/test/h5repack/testfiles/tst_onion_dset_1d.h5.onion
[2020/4114] cd /home/byrn/HDF_Projects/hdf5/build/ci-StdShar-GNUC/tools/test/h5repack && /usr/bin/cmake -E copy_if_different /home/byrn/HDF_Projects/hdf5/dev/tools/test/h5dump/testfiles/tst_onion_dset_ext.h5.onion /home/byrn/HDF_Projects/hdf5/build/ci-StdShar-GNUC/tools/test/h5repack/testfiles/tst_onion_dset_ext.h5.onion
[2021/4114] cd /home/byrn/HDF_Projects/hdf5/build/ci-StdShar-GNUC/tools/test/h5repack && /usr/bin/cmake -E copy_if_different /home/byrn/HDF_Projects/hdf5/dev/tools/test/h5dump/testfiles/tst_onion_dset_ext.h5 /home/byrn/HDF_Projects/hdf5/build/ci-StdShar-GNUC/tools/test/h5repack/testfiles/tst_onion_dset_ext.h5
[2022/4114] cd /home/byrn/HDF_Projects/hdf5/build/ci-StdShar-GNUC/tools/test/h5repack && /usr/bin/cmake -E copy_if_different /home/byrn/HDF_Projects/hdf5/dev/tools/test/h5dump/testfiles/tst_onion_objs.h5 /home/byrn/HDF_Projects/hdf5/build/ci-StdShar-GNUC/tools/test/h5repack/testfiles/tst_onion_objs.h5
[2023/4114] cd /home/byrn/HDF_Projects/hdf5/build/ci-StdShar-GNUC/tools/test/h5repack && /usr/bin/cmake -E copy_if_different /home/byrn/HDF_Projects/hdf5/dev/tools/test/h5dump/testfiles/tst_onion_objs.h5.onion /home/byrn/HDF_Projects/hdf5/build/ci-StdShar-GNUC/tools/test/h5repack/testfiles/tst_onion_objs.h5.onion
[2024/4114] cd /home/byrn/HDF_Projects/hdf5/build/ci-StdShar-GNUC/tools/test/h5jam && /usr/bin/cmake -E copy_if_different /home/byrn/HDF_Projects/hdf5/dev/tools/test/h5jam/expected/h5jam-help.txt /home/byrn/HDF_Projects/hdf5/build/ci-StdShar-GNUC/tools/test/h5jam/testfiles/h5jam-help.txt
[2025/4114] cd /home/byrn/HDF_Projects/hdf5/build/ci-StdShar-GNUC/tools/test/h5repack && /usr/bin/cmake -E copy_if_different /home/byrn/HDF_Projects/hdf5/dev/tools/test/h5repack/testfiles/ublock.bin /home/byrn/HDF_Projects/hdf5/build/ci-StdShar-GNUC/tools/test/h5repack/testfiles/ublock.bin
[2026/4114] cd /home/byrn/HDF_Projects/hdf5/build/ci-StdShar-GNUC/tools/test/h5jam && /usr/bin/cmake -E copy_if_different /home/byrn/HDF_Projects/hdf5/dev/tools/test/h5jam/expected/h5unjam-help.txt /home/byrn/HDF_Projects/hdf5/build/ci-StdShar-GNUC/tools/test/h5jam/testfiles/h5unjam-help.txt
[2027/4114] cd /home/byrn/HDF_Projects/hdf5/build/ci-StdShar-GNUC/tools/test/h5jam && /usr/bin/cmake -E copy_if_different /home/byrn/HDF_Projects/hdf5/dev/tools/test/h5jam/expected/h5jam-ub-nohdf5.txt /home/byrn/HDF_Projects/hdf5/build/ci-StdShar-GNUC/tools/test/h5jam/testfiles/h5jam-ub-nohdf5.txt
[2028/4114] cd /home/byrn/HDF_Projects/hdf5/build/ci-StdShar-GNUC/tools/test/h5jam && /usr/bin/cmake -E copy_if_different /home/byrn/HDF_Projects/hdf5/dev/tools/test/h5jam/testfiles/tall.h5 /home/byrn/HDF_Projects/hdf5/build/ci-StdShar-GNUC/tools/test/h5jam/testfiles/tall.h5
[2029/4114] cd /home/byrn/HDF_Projects/hdf5/build/ci-StdShar-GNUC/tools/test/h5jam && /usr/bin/cmake -E copy_if_different /home/byrn/HDF_Projects/hdf5/dev/tools/test/h5jam/expected/u10.txt /home/byrn/HDF_Projects/hdf5/build/ci-StdShar-GNUC/tools/test/h5jam/testfiles/u10.txt
[2030/4114] cd /home/byrn/HDF_Projects/hdf5/build/ci-StdShar-GNUC/tools/test/h5jam && /usr/bin/cmake -E copy_if_different /home/byrn/HDF_Projects/hdf5/dev/tools/test/h5jam/testfiles/twithub513.h5 /home/byrn/HDF_Projects/hdf5/build/ci-StdShar-GNUC/tools/test/h5jam/testfiles/twithub513.h5
[2031/4114] cd /home/byrn/HDF_Projects/hdf5/build/ci-StdShar-GNUC/tools/test/h5jam && /usr/bin/cmake -E copy_if_different /home/byrn/HDF_Projects/hdf5/dev/tools/test/h5jam/testfiles/twithub.h5 /home/byrn/HDF_Projects/hdf5/build/ci-StdShar-GNUC/tools/test/h5jam/testfiles/twithub.h5
[2032/4114] cd /home/byrn/HDF_Projects/hdf5/build/ci-StdShar-GNUC/tools/test/h5jam && /usr/bin/cmake -E copy_if_different /home/byrn/HDF_Projects/hdf5/dev/tools/test/h5jam/expected/u512.txt /home/byrn/HDF_Projects/hdf5/build/ci-StdShar-GNUC/tools/test/h5jam/testfiles/u512.txt
[2033/4114] cd /home/byrn/HDF_Projects/hdf5/build/ci-StdShar-GNUC/tools/test/h5jam && /usr/bin/cmake -E copy_if_different /home/byrn/HDF_Projects/hdf5/dev/tools/test/h5jam/expected/u513.txt /home/byrn/HDF_Projects/hdf5/build/ci-StdShar-GNUC/tools/test/h5jam/testfiles/u513.txt
[2034/4114] cd /home/byrn/HDF_Projects/hdf5/build/ci-StdShar-GNUC/tools/test/h5jam && /usr/bin/cmake -E copy_if_different /home/byrn/HDF_Projects/hdf5/dev/tools/test/h5jam/expected/u511.txt /home/byrn/HDF_Projects/hdf5/build/ci-StdShar-GNUC/tools/test/h5jam/testfiles/u511.txt
[2035/4114] cd /home/byrn/HDF_Projects/hdf5/build/ci-StdShar-GNUC/tools/test/h5copy && /usr/bin/cmake -E copy_if_different /home/byrn/HDF_Projects/hdf5/dev/tools/test/h5copy/testfiles/h5copy_extlinks_src.h5 /home/byrn/HDF_Projects/hdf5/build/ci-StdShar-GNUC/tools/test/h5copy/testfiles/h5copy_extlinks_src.h5
[2036/4114] cd /home/byrn/HDF_Projects/hdf5/build/ci-StdShar-GNUC/tools/test/h5copy && /usr/bin/cmake -E copy_if_different /home/byrn/HDF_Projects/hdf5/dev/tools/test/h5copy/testfiles/h5copy_extlinks_trg.h5 /home/byrn/HDF_Projects/hdf5/build/ci-StdShar-GNUC/tools/test/h5copy/testfiles/h5copy_extlinks_trg.h5
[2037/4114] cd /home/byrn/HDF_Projects/hdf5/build/ci-StdShar-GNUC/tools/test/h5copy && /usr/bin/cmake -E copy_if_different /home/byrn/HDF_Projects/hdf5/dev/tools/test/h5copy/expected/h5copy_help1.ddl /home/byrn/HDF_Projects/hdf5/build/ci-StdShar-GNUC/tools/test/h5copy/testfiles/h5copy_help1.ddl
[2038/4114] cd /home/byrn/HDF_Projects/hdf5/build/ci-StdShar-GNUC/tools/test/h5copy && /usr/bin/cmake -E copy_if_different /home/byrn/HDF_Projects/hdf5/dev/tools/test/h5copy/expected/h5copy_help2.ddl /home/byrn/HDF_Projects/hdf5/build/ci-StdShar-GNUC/tools/test/h5copy/testfiles/h5copy_help2.ddl
[2039/4114] cd /home/byrn/HDF_Projects/hdf5/build/ci-StdShar-GNUC/tools/test/h5copy && /usr/bin/cmake -E copy_if_different /home/byrn/HDF_Projects/hdf5/dev/tools/test/h5copy/expected/h5copy_misc1.out /home/byrn/HDF_Projects/hdf5/build/ci-StdShar-GNUC/tools/test/h5copy/testfiles/h5copy_misc1.out
[2040/4114] cd /home/byrn/HDF_Projects/hdf5/build/ci-StdShar-GNUC/tools/test/h5copy && /usr/bin/cmake -E copy_if_different /home/byrn/HDF_Projects/hdf5/dev/tools/test/h5copy/expected/h5copy_plugin_fail_ERR.out.h5.txt /home/byrn/HDF_Projects/hdf5/build/ci-StdShar-GNUC/tools/test/h5copy/testfiles/h5copy_plugin_fail_ERR.out.h5.txt
[2041/4114] /usr/bin/cc -D_FILE_OFFSET_BITS=64 -D_GNU_SOURCE -D_LARGEFILE_SOURCE -D_POSIX_C_SOURCE=200809L -I/home/byrn/HDF_Projects/hdf5/dev/tools/lib -I/home/byrn/HDF_Projects/hdf5/dev/src -I/home/byrn/HDF_Projects/hdf5/dev/src/H5FDsubfiling -I/home/byrn/HDF_Projects/hdf5/build/ci-StdShar-GNUC/src -I/home/byrn/HDF_Projects/hdf5/build/ci-StdShar-GNUC/tools/lib -std=c99  -fstdarg-opt -fdiagnostics-urls=never -fno-diagnostics-color -fmessage-length=0 -O2 -g -DNDEBUG -std=gnu99 -fPIE -MD -MT tools/test/h5jam/CMakeFiles/tellub.dir/tellub.c.o -MF tools/test/h5jam/CMakeFiles/tellub.dir/tellub.c.o.d -o tools/test/h5jam/CMakeFiles/tellub.dir/tellub.c.o -c /home/byrn/HDF_Projects/hdf5/dev/tools/test/h5jam/tellub.c
[2042/4114] cd /home/byrn/HDF_Projects/hdf5/build/ci-StdShar-GNUC/tools/test/h5copy && /usr/bin/cmake -E copy_if_different /home/byrn/HDF_Projects/hdf5/dev/tools/test/h5copy/expected/h5copy_plugin_test.out.h5.txt /home/byrn/HDF_Projects/hdf5/build/ci-StdShar-GNUC/tools/test/h5copy/testfiles/h5copy_plugin_test.out.h5.txt
[2043/4114] cd /home/byrn/HDF_Projects/hdf5/build/ci-StdShar-GNUC/tools/test/h5copy && /usr/bin/cmake -E copy_if_different /home/byrn/HDF_Projects/hdf5/dev/tools/test/h5copy/testfiles/h5copy_ref.h5 /home/byrn/HDF_Projects/hdf5/build/ci-StdShar-GNUC/tools/test/h5copy/testfiles/h5copy_ref.h5
[2044/4114] /usr/bin/cc -DH5_BUILT_AS_DYNAMIC_LIB -D_FILE_OFFSET_BITS=64 -D_GNU_SOURCE -D_LARGEFILE_SOURCE -D_POSIX_C_SOURCE=200809L -Ddynlibcopy_EXPORTS -I/home/byrn/HDF_Projects/hdf5/dev/src -I/home/byrn/HDF_Projects/hdf5/dev/src/H5FDsubfiling -I/home/byrn/HDF_Projects/hdf5/build/ci-StdShar-GNUC/src -std=c99  -fstdarg-opt -fdiagnostics-urls=never -fno-diagnostics-color -fmessage-length=0 -O2 -g -DNDEBUG -std=gnu99 -fPIC -MD -MT tools/test/h5copy/CMakeFiles/dynlibcopy.dir/dynlib_copy.c.o -MF tools/test/h5copy/CMakeFiles/dynlibcopy.dir/dynlib_copy.c.o.d -o tools/test/h5copy/CMakeFiles/dynlibcopy.dir/dynlib_copy.c.o -c /home/byrn/HDF_Projects/hdf5/dev/tools/test/h5copy/dynlib_copy.c
[2045/4114] cd /home/byrn/HDF_Projects/hdf5/build/ci-StdShar-GNUC/tools/test/h5copy && /usr/bin/cmake -E copy_if_different /home/byrn/HDF_Projects/hdf5/dev/tools/test/h5copy/testfiles/h5copytst.h5 /home/byrn/HDF_Projects/hdf5/build/ci-StdShar-GNUC/tools/test/h5copy/testfiles/h5copytst.h5
[2046/4114] /usr/bin/cc -D_FILE_OFFSET_BITS=64 -D_GNU_SOURCE -D_LARGEFILE_SOURCE -D_POSIX_C_SOURCE=200809L -I/home/byrn/HDF_Projects/hdf5/dev/tools/lib -I/home/byrn/HDF_Projects/hdf5/dev/src -I/home/byrn/HDF_Projects/hdf5/dev/src/H5FDsubfiling -I/home/byrn/HDF_Projects/hdf5/build/ci-StdShar-GNUC/src -I/home/byrn/HDF_Projects/hdf5/build/ci-StdShar-GNUC/tools/lib -std=c99  -fstdarg-opt -fdiagnostics-urls=never -fno-diagnostics-color -fmessage-length=0 -O2 -g -DNDEBUG -std=gnu99 -fPIE -MD -MT tools/test/h5jam/CMakeFiles/getub.dir/getub.c.o -MF tools/test/h5jam/CMakeFiles/getub.dir/getub.c.o.d -o tools/test/h5jam/CMakeFiles/getub.dir/getub.c.o -c /home/byrn/HDF_Projects/hdf5/dev/tools/test/h5jam/getub.c
[2047/4114] cd /home/byrn/HDF_Projects/hdf5/build/ci-StdShar-GNUC/tools/test/h5copy && /usr/bin/cmake -E copy_if_different /home/byrn/HDF_Projects/hdf5/dev/tools/test/h5copy/testfiles/tudfilter.h5 /home/byrn/HDF_Projects/hdf5/build/ci-StdShar-GNUC/tools/test/h5copy/testfiles/tudfilter.h5
[2048/4114] cd /home/byrn/HDF_Projects/hdf5/build/ci-StdShar-GNUC/tools/test/h5copy && /usr/bin/cmake -E copy_if_different /home/byrn/HDF_Projects/hdf5/dev/tools/test/h5copy/expected/tudfilter.h5.txt /home/byrn/HDF_Projects/hdf5/build/ci-StdShar-GNUC/tools/test/h5copy/testfiles/tudfilter.h5.txt
[2049/4114] : && /usr/bin/cc -fPIC -std=c99  -fstdarg-opt -fdiagnostics-urls=never -fno-diagnostics-color -fmessage-length=0 -O2 -g -DNDEBUG   -shared -Wl,-soname,libdynlibcopy.so.1000 -o bin/libdynlibcopy.so.1000.0.0 tools/test/h5copy/CMakeFiles/dynlibcopy.dir/dynlib_copy.c.o  -Wl,-rpath,"\$ORIGIN/../lib:\$ORIGIN/"  bin/libhdf5.so.1000.0.0  -ldl && :
[2050/4114] /usr/bin/cc -D_FILE_OFFSET_BITS=64 -D_GNU_SOURCE -D_LARGEFILE_SOURCE -D_POSIX_C_SOURCE=200809L -I/home/byrn/HDF_Projects/hdf5/dev/tools/src/h5repack -I/home/byrn/HDF_Projects/hdf5/dev/tools/lib -I/home/byrn/HDF_Projects/hdf5/dev/src -I/home/byrn/HDF_Projects/hdf5/dev/src/H5FDsubfiling -I/home/byrn/HDF_Projects/hdf5/dev/test -I/home/byrn/HDF_Projects/hdf5/build/ci-StdShar-GNUC/src -I/home/byrn/HDF_Projects/hdf5/build/ci-StdShar-GNUC/tools/lib -I/home/byrn/HDF_Projects/hdf5/build/ci-StdShar-GNUC/test -std=c99  -fstdarg-opt -fdiagnostics-urls=never -fno-diagnostics-color -fmessage-length=0 -O2 -g -DNDEBUG -std=gnu99 -fPIE -MD -MT tools/test/h5repack/CMakeFiles/h5repacktest.dir/__/__/src/h5repack/h5repack_copy.c.o -MF tools/test/h5repack/CMakeFiles/h5repacktest.dir/__/__/src/h5repack/h5repack_copy.c.o.d -o tools/test/h5repack/CMakeFiles/h5repacktest.dir/__/__/src/h5repack/h5repack_copy.c.o -c /home/byrn/HDF_Projects/hdf5/dev/tools/src/h5repack/h5repack_copy.c
[2051/4114] cd /home/byrn/HDF_Projects/hdf5/build/ci-StdShar-GNUC/tools/test/h5copy && /usr/bin/cmake -E copy_if_different /home/byrn/HDF_Projects/hdf5/dev/tools/test/h5copy/expected/tudfilter.h5_ERR.txt /home/byrn/HDF_Projects/hdf5/build/ci-StdShar-GNUC/tools/test/h5copy/testfiles/tudfilter.h5_ERR.txt
[2052/4114] cd /home/byrn/HDF_Projects/hdf5/build/ci-StdShar-GNUC/tools/test/h5copy && /usr/bin/cmake -E copy_if_different /home/byrn/HDF_Projects/hdf5/dev/tools/test/h5copy/testfiles/tudfilter2.h5 /home/byrn/HDF_Projects/hdf5/build/ci-StdShar-GNUC/tools/test/h5copy/testfiles/tudfilter2.h5
[2053/4114] /usr/bin/cmake -E cmake_symlink_library bin/libdynlibcopy.so.1000.0.0  bin/libdynlibcopy.so.1000 bin/libdynlibcopy.so && cd /home/byrn/HDF_Projects/hdf5/build/ci-StdShar-GNUC/tools/test/h5copy && /usr/bin/cmake -E copy_if_different /home/byrn/HDF_Projects/hdf5/build/ci-StdShar-GNUC/bin/libdynlibcopy.so.1000.0.0 /home/byrn/HDF_Projects/hdf5/build/ci-StdShar-GNUC/plugins/libdynlibcopy.so.1000.0.0
[2054/4114] /usr/bin/cc -D_FILE_OFFSET_BITS=64 -D_GNU_SOURCE -D_LARGEFILE_SOURCE -D_POSIX_C_SOURCE=200809L -I/home/byrn/HDF_Projects/hdf5/dev/tools/lib -I/home/byrn/HDF_Projects/hdf5/dev/src -I/home/byrn/HDF_Projects/hdf5/dev/src/H5FDsubfiling -I/home/byrn/HDF_Projects/hdf5/build/ci-StdShar-GNUC/src -std=c99  -fstdarg-opt -fdiagnostics-urls=never -fno-diagnostics-color -fmessage-length=0 -O2 -g -DNDEBUG -std=gnu99 -fPIE -MD -MT tools/test/h5jam/CMakeFiles/h5jamgentest.dir/h5jamgentest.c.o -MF tools/test/h5jam/CMakeFiles/h5jamgentest.dir/h5jamgentest.c.o.d -o tools/test/h5jam/CMakeFiles/h5jamgentest.dir/h5jamgentest.c.o -c /home/byrn/HDF_Projects/hdf5/dev/tools/test/h5jam/h5jamgentest.c
[2055/4114] cd /home/byrn/HDF_Projects/hdf5/build/ci-StdShar-GNUC/tools/test/h5stat && /usr/bin/cmake -E copy_if_different /home/byrn/HDF_Projects/hdf5/dev/tools/test/h5stat/expected/h5stat_dims1.ddl /home/byrn/HDF_Projects/hdf5/build/ci-StdShar-GNUC/tools/test/h5stat/h5stat_dims1.ddl
[2056/4114] cd /home/byrn/HDF_Projects/hdf5/build/ci-StdShar-GNUC/tools/test/h5stat && /usr/bin/cmake -E copy_if_different /home/byrn/HDF_Projects/hdf5/dev/tools/test/h5stat/expected/h5stat_dims2.ddl /home/byrn/HDF_Projects/hdf5/build/ci-StdShar-GNUC/tools/test/h5stat/h5stat_dims2.ddl
[2057/4114] cd /home/byrn/HDF_Projects/hdf5/build/ci-StdShar-GNUC/tools/test/h5stat && /usr/bin/cmake -E copy_if_different /home/byrn/HDF_Projects/hdf5/dev/tools/test/h5stat/expected/h5stat_err_old_fill.ddl /home/byrn/HDF_Projects/hdf5/build/ci-StdShar-GNUC/tools/test/h5stat/h5stat_err_old_fill.ddl
[2058/4114] cd /home/byrn/HDF_Projects/hdf5/build/ci-StdShar-GNUC/tools/test/h5stat && /usr/bin/cmake -E copy_if_different /home/byrn/HDF_Projects/hdf5/dev/tools/test/h5stat/testfiles/h5stat_err_old_fill.h5 /home/byrn/HDF_Projects/hdf5/build/ci-StdShar-GNUC/tools/test/h5stat/h5stat_err_old_fill.h5
[2059/4114] cd /home/byrn/HDF_Projects/hdf5/build/ci-StdShar-GNUC/tools/test/h5stat && /usr/bin/cmake -E copy_if_different /home/byrn/HDF_Projects/hdf5/dev/tools/test/h5stat/expected/h5stat_err_old_layout.ddl /home/byrn/HDF_Projects/hdf5/build/ci-StdShar-GNUC/tools/test/h5stat/h5stat_err_old_layout.ddl
[2060/4114] cd /home/byrn/HDF_Projects/hdf5/build/ci-StdShar-GNUC/tools/test/h5stat && /usr/bin/cmake -E copy_if_different /home/byrn/HDF_Projects/hdf5/dev/tools/test/h5stat/testfiles/h5stat_err_old_layout.h5 /home/byrn/HDF_Projects/hdf5/build/ci-StdShar-GNUC/tools/test/h5stat/h5stat_err_old_layout.h5
[2061/4114] cd /home/byrn/HDF_Projects/hdf5/build/ci-StdShar-GNUC/tools/test/h5stat && /usr/bin/cmake -E copy_if_different /home/byrn/HDF_Projects/hdf5/dev/tools/test/h5stat/expected/h5stat_err_refcount.ddl /home/byrn/HDF_Projects/hdf5/build/ci-StdShar-GNUC/tools/test/h5stat/h5stat_err_refcount.ddl
[2062/4114] cd /home/byrn/HDF_Projects/hdf5/build/ci-StdShar-GNUC/tools/test/h5stat && /usr/bin/cmake -E copy_if_different /home/byrn/HDF_Projects/hdf5/dev/tools/test/h5stat/expected/h5stat_filters-F.ddl /home/byrn/HDF_Projects/hdf5/build/ci-StdShar-GNUC/tools/test/h5stat/h5stat_filters-F.ddl
[2063/4114] cd /home/byrn/HDF_Projects/hdf5/build/ci-StdShar-GNUC/tools/test/h5stat && /usr/bin/cmake -E copy_if_different /home/byrn/HDF_Projects/hdf5/dev/tools/test/h5stat/testfiles/h5stat_err_refcount.h5 /home/byrn/HDF_Projects/hdf5/build/ci-StdShar-GNUC/tools/test/h5stat/h5stat_err_refcount.h5
[2064/4114] cd /home/byrn/HDF_Projects/hdf5/build/ci-StdShar-GNUC/tools/test/h5stat && /usr/bin/cmake -E copy_if_different /home/byrn/HDF_Projects/hdf5/dev/tools/test/h5stat/expected/h5stat_filters-UD.ddl /home/byrn/HDF_Projects/hdf5/build/ci-StdShar-GNUC/tools/test/h5stat/h5stat_filters-UD.ddl
[2065/4114] cd /home/byrn/HDF_Projects/hdf5/build/ci-StdShar-GNUC/tools/test/h5stat && /usr/bin/cmake -E copy_if_different /home/byrn/HDF_Projects/hdf5/dev/tools/test/h5stat/expected/h5stat_filters-UT.ddl /home/byrn/HDF_Projects/hdf5/build/ci-StdShar-GNUC/tools/test/h5stat/h5stat_filters-UT.ddl
[2066/4114] cd /home/byrn/HDF_Projects/hdf5/build/ci-StdShar-GNUC/tools/test/h5stat && /usr/bin/cmake -E copy_if_different /home/byrn/HDF_Projects/hdf5/dev/tools/test/h5stat/expected/h5stat_filters-d.ddl /home/byrn/HDF_Projects/hdf5/build/ci-StdShar-GNUC/tools/test/h5stat/h5stat_filters-d.ddl
[2067/4114] /usr/bin/cc -D_FILE_OFFSET_BITS=64 -D_GNU_SOURCE -D_LARGEFILE_SOURCE -D_POSIX_C_SOURCE=200809L -I/home/byrn/HDF_Projects/hdf5/dev/src -I/home/byrn/HDF_Projects/hdf5/dev/src/H5FDsubfiling -I/home/byrn/HDF_Projects/hdf5/build/ci-StdShar-GNUC/src -std=c99  -fstdarg-opt -fdiagnostics-urls=never -fno-diagnostics-color -fmessage-length=0 -O2 -g -DNDEBUG -std=gnu99 -fPIE -MD -MT tools/test/h5copy/CMakeFiles/h5copygentest.dir/h5copygentest.c.o -MF tools/test/h5copy/CMakeFiles/h5copygentest.dir/h5copygentest.c.o.d -o tools/test/h5copy/CMakeFiles/h5copygentest.dir/h5copygentest.c.o -c /home/byrn/HDF_Projects/hdf5/dev/tools/test/h5copy/h5copygentest.c
[2068/4114] cd /home/byrn/HDF_Projects/hdf5/build/ci-StdShar-GNUC/tools/test/h5stat && /usr/bin/cmake -E copy_if_different /home/byrn/HDF_Projects/hdf5/dev/tools/test/h5stat/expected/h5stat_filters-dT.ddl /home/byrn/HDF_Projects/hdf5/build/ci-StdShar-GNUC/tools/test/h5stat/h5stat_filters-dT.ddl
[2069/4114] cd /home/byrn/HDF_Projects/hdf5/build/ci-StdShar-GNUC/tools/test/h5stat && /usr/bin/cmake -E copy_if_different /home/byrn/HDF_Projects/hdf5/dev/tools/test/h5stat/expected/h5stat_filters-file.ddl /home/byrn/HDF_Projects/hdf5/build/ci-StdShar-GNUC/tools/test/h5stat/h5stat_filters-file.ddl
[2070/4114] cd /home/byrn/HDF_Projects/hdf5/build/ci-StdShar-GNUC/tools/test/h5stat && /usr/bin/cmake -E copy_if_different /home/byrn/HDF_Projects/hdf5/dev/tools/test/h5stat/expected/h5stat_filters-g.ddl /home/byrn/HDF_Projects/hdf5/build/ci-StdShar-GNUC/tools/test/h5stat/h5stat_filters-g.ddl
[2071/4114] cd /home/byrn/HDF_Projects/hdf5/build/ci-StdShar-GNUC/tools/test/h5stat && /usr/bin/cmake -E copy_if_different /home/byrn/HDF_Projects/hdf5/dev/tools/test/h5stat/expected/h5stat_filters.ddl /home/byrn/HDF_Projects/hdf5/build/ci-StdShar-GNUC/tools/test/h5stat/h5stat_filters.ddl
[2072/4114] cd /home/byrn/HDF_Projects/hdf5/build/ci-StdShar-GNUC/tools/test/h5stat && /usr/bin/cmake -E copy_if_different /home/byrn/HDF_Projects/hdf5/dev/tools/test/h5stat/testfiles/h5stat_filters.h5 /home/byrn/HDF_Projects/hdf5/build/ci-StdShar-GNUC/tools/test/h5stat/h5stat_filters.h5
[2073/4114] cd /home/byrn/HDF_Projects/hdf5/build/ci-StdShar-GNUC/tools/test/h5stat && /usr/bin/cmake -E copy_if_different /home/byrn/HDF_Projects/hdf5/dev/tools/test/h5stat/expected/h5stat_help1.ddl /home/byrn/HDF_Projects/hdf5/build/ci-StdShar-GNUC/tools/test/h5stat/h5stat_help1.ddl
[2074/4114] cd /home/byrn/HDF_Projects/hdf5/build/ci-StdShar-GNUC/tools/test/h5stat && /usr/bin/cmake -E copy_if_different /home/byrn/HDF_Projects/hdf5/dev/tools/test/h5stat/expected/h5stat_help2.ddl /home/byrn/HDF_Projects/hdf5/build/ci-StdShar-GNUC/tools/test/h5stat/h5stat_help2.ddl
[2075/4114] cd /home/byrn/HDF_Projects/hdf5/build/ci-StdShar-GNUC/tools/test/h5stat && /usr/bin/cmake -E copy_if_different /home/byrn/HDF_Projects/hdf5/dev/tools/test/h5stat/expected/h5stat_idx.ddl /home/byrn/HDF_Projects/hdf5/build/ci-StdShar-GNUC/tools/test/h5stat/h5stat_idx.ddl
[2076/4114] cd /home/byrn/HDF_Projects/hdf5/build/ci-StdShar-GNUC/tools/test/h5stat && /usr/bin/cmake -E copy_if_different /home/byrn/HDF_Projects/hdf5/dev/tools/test/h5stat/testfiles/h5stat_idx.h5 /home/byrn/HDF_Projects/hdf5/build/ci-StdShar-GNUC/tools/test/h5stat/h5stat_idx.h5
[2077/4114] cd /home/byrn/HDF_Projects/hdf5/build/ci-StdShar-GNUC/tools/test/h5stat && /usr/bin/cmake -E copy_if_different /home/byrn/HDF_Projects/hdf5/dev/tools/test/h5stat/expected/h5stat_links1.ddl /home/byrn/HDF_Projects/hdf5/build/ci-StdShar-GNUC/tools/test/h5stat/h5stat_links1.ddl
[2078/4114] cd /home/byrn/HDF_Projects/hdf5/build/ci-StdShar-GNUC/tools/test/h5stat && /usr/bin/cmake -E copy_if_different /home/byrn/HDF_Projects/hdf5/dev/tools/test/h5stat/expected/h5stat_links2.ddl /home/byrn/HDF_Projects/hdf5/build/ci-StdShar-GNUC/tools/test/h5stat/h5stat_links2.ddl
[2079/4114] cd /home/byrn/HDF_Projects/hdf5/build/ci-StdShar-GNUC/tools/test/h5stat && /usr/bin/cmake -E copy_if_different /home/byrn/HDF_Projects/hdf5/dev/tools/test/h5stat/expected/h5stat_links3.ddl /home/byrn/HDF_Projects/hdf5/build/ci-StdShar-GNUC/tools/test/h5stat/h5stat_links3.ddl
[2080/4114] cd /home/byrn/HDF_Projects/hdf5/build/ci-StdShar-GNUC/tools/test/h5stat && /usr/bin/cmake -E copy_if_different /home/byrn/HDF_Projects/hdf5/dev/tools/test/h5stat/expected/h5stat_links4.ddl /home/byrn/HDF_Projects/hdf5/build/ci-StdShar-GNUC/tools/test/h5stat/h5stat_links4.ddl
[2081/4114] cd /home/byrn/HDF_Projects/hdf5/build/ci-StdShar-GNUC/tools/test/h5stat && /usr/bin/cmake -E copy_if_different /home/byrn/HDF_Projects/hdf5/dev/tools/test/h5stat/expected/h5stat_links5.ddl /home/byrn/HDF_Projects/hdf5/build/ci-StdShar-GNUC/tools/test/h5stat/h5stat_links5.ddl
[2082/4114] cd /home/byrn/HDF_Projects/hdf5/build/ci-StdShar-GNUC/tools/test/h5stat && /usr/bin/cmake -E copy_if_different /home/byrn/HDF_Projects/hdf5/dev/tools/test/h5stat/expected/h5stat_newgrat-UA.ddl /home/byrn/HDF_Projects/hdf5/build/ci-StdShar-GNUC/tools/test/h5stat/h5stat_newgrat-UA.ddl
[2083/4114] cd /home/byrn/HDF_Projects/hdf5/build/ci-StdShar-GNUC/tools/test/h5stat && /usr/bin/cmake -E copy_if_different /home/byrn/HDF_Projects/hdf5/dev/tools/test/h5stat/expected/h5stat_newgrat-UG.ddl /home/byrn/HDF_Projects/hdf5/build/ci-StdShar-GNUC/tools/test/h5stat/h5stat_newgrat-UG.ddl
[2084/4114] cd /home/byrn/HDF_Projects/hdf5/build/ci-StdShar-GNUC/tools/test/h5stat && /usr/bin/cmake -E copy_if_different /home/byrn/HDF_Projects/hdf5/dev/tools/test/h5stat/expected/h5stat_newgrat.ddl /home/byrn/HDF_Projects/hdf5/build/ci-StdShar-GNUC/tools/test/h5stat/h5stat_newgrat.ddl
[2085/4114] cd /home/byrn/HDF_Projects/hdf5/build/ci-StdShar-GNUC/tools/test/h5stat && /usr/bin/cmake -E copy_if_different /home/byrn/HDF_Projects/hdf5/dev/tools/test/h5stat/expected/h5stat_nofile.ddl /home/byrn/HDF_Projects/hdf5/build/ci-StdShar-GNUC/tools/test/h5stat/h5stat_nofile.ddl
[2086/4114] : && /usr/bin/cc -std=c99  -fstdarg-opt -fdiagnostics-urls=never -fno-diagnostics-color -fmessage-length=0 -O2 -g -DNDEBUG  tools/test/h5jam/CMakeFiles/tellub.dir/tellub.c.o -o bin/tellub  -Wl,-rpath,"\$ORIGIN/../lib:\$ORIGIN/"  bin/libhdf5_tools.a  bin/libhdf5.a  bin/libzlib.a  bin/libszaec.a  bin/libaec.a  -lm  -ldl && :
[2087/4114] cd /home/byrn/HDF_Projects/hdf5/build/ci-StdShar-GNUC/tools/test/h5stat && /usr/bin/cmake -E copy_if_different /home/byrn/HDF_Projects/hdf5/dev/tools/test/h5stat/expected/h5stat_notexist.ddl /home/byrn/HDF_Projects/hdf5/build/ci-StdShar-GNUC/tools/test/h5stat/h5stat_notexist.ddl
[2088/4114] cd /home/byrn/HDF_Projects/hdf5/build/ci-StdShar-GNUC/tools/test/h5stat && /usr/bin/cmake -E copy_if_different /home/byrn/HDF_Projects/hdf5/dev/tools/test/h5stat/testfiles/h5stat_newgrat.h5 /home/byrn/HDF_Projects/hdf5/build/ci-StdShar-GNUC/tools/test/h5stat/h5stat_newgrat.h5
[2089/4114] cd /home/byrn/HDF_Projects/hdf5/build/ci-StdShar-GNUC/tools/test/h5stat && /usr/bin/cmake -E copy_if_different /home/byrn/HDF_Projects/hdf5/dev/tools/test/h5stat/expected/h5stat_numattrs2.ddl /home/byrn/HDF_Projects/hdf5/build/ci-StdShar-GNUC/tools/test/h5stat/h5stat_numattrs2.ddl
[2090/4114] cd /home/byrn/HDF_Projects/hdf5/build/ci-StdShar-GNUC/tools/test/h5stat && /usr/bin/cmake -E copy_if_different /home/byrn/HDF_Projects/hdf5/dev/tools/test/h5stat/expected/h5stat_numattrs1.ddl /home/byrn/HDF_Projects/hdf5/build/ci-StdShar-GNUC/tools/test/h5stat/h5stat_numattrs1.ddl
[2091/4114] cd /home/byrn/HDF_Projects/hdf5/build/ci-StdShar-GNUC/tools/test/h5stat && /usr/bin/cmake -E copy_if_different /home/byrn/HDF_Projects/hdf5/dev/tools/test/h5stat/expected/h5stat_numattrs3.ddl /home/byrn/HDF_Projects/hdf5/build/ci-StdShar-GNUC/tools/test/h5stat/h5stat_numattrs3.ddl
[2092/4114] cd /home/byrn/HDF_Projects/hdf5/build/ci-StdShar-GNUC/tools/test/h5stat && /usr/bin/cmake -E copy_if_different /home/byrn/HDF_Projects/hdf5/dev/tools/test/h5stat/expected/h5stat_numattrs4.ddl /home/byrn/HDF_Projects/hdf5/build/ci-StdShar-GNUC/tools/test/h5stat/h5stat_numattrs4.ddl
[2093/4114] cd /home/byrn/HDF_Projects/hdf5/build/ci-StdShar-GNUC/tools/test/h5stat && /usr/bin/cmake -E copy_if_different /home/byrn/HDF_Projects/hdf5/dev/tools/test/h5stat/testfiles/h5stat_threshold.h5 /home/byrn/HDF_Projects/hdf5/build/ci-StdShar-GNUC/tools/test/h5stat/h5stat_threshold.h5
[2094/4114] /usr/bin/cc -D_FILE_OFFSET_BITS=64 -D_GNU_SOURCE -D_LARGEFILE_SOURCE -D_POSIX_C_SOURCE=200809L -I/home/byrn/HDF_Projects/hdf5/dev/src -I/home/byrn/HDF_Projects/hdf5/dev/src/H5FDsubfiling -I/home/byrn/HDF_Projects/hdf5/build/ci-StdShar-GNUC/src -std=c99  -fstdarg-opt -fdiagnostics-urls=never -fno-diagnostics-color -fmessage-length=0 -O2 -g -DNDEBUG -std=gnu99 -fPIE -MD -MT tools/test/h5stat/CMakeFiles/h5stat_gentest.dir/h5stat_gentest.c.o -MF tools/test/h5stat/CMakeFiles/h5stat_gentest.dir/h5stat_gentest.c.o.d -o tools/test/h5stat/CMakeFiles/h5stat_gentest.dir/h5stat_gentest.c.o -c /home/byrn/HDF_Projects/hdf5/dev/tools/test/h5stat/h5stat_gentest.c
[2095/4114] cd /home/byrn/HDF_Projects/hdf5/build/ci-StdShar-GNUC/tools/test/h5stat && /usr/bin/cmake -E copy_if_different /home/byrn/HDF_Projects/hdf5/dev/tools/test/h5stat/expected/h5stat_tsohm.ddl /home/byrn/HDF_Projects/hdf5/build/ci-StdShar-GNUC/tools/test/h5stat/h5stat_tsohm.ddl
[2096/4114] cd /home/byrn/HDF_Projects/hdf5/build/ci-StdShar-GNUC/tools/test/h5stat && /usr/bin/cmake -E copy_if_different /home/byrn/HDF_Projects/hdf5/dev/tools/test/h5stat/testfiles/h5stat_tsohm.h5 /home/byrn/HDF_Projects/hdf5/build/ci-StdShar-GNUC/tools/test/h5stat/h5stat_tsohm.h5
[2097/4114] cd /home/byrn/HDF_Projects/hdf5/build/ci-StdShar-GNUC/tools/test/h5dump && /usr/bin/cmake -E copy_if_different /home/byrn/HDF_Projects/hdf5/dev/tools/test/h5dump/testfiles/3790_infinite_loop.h5 /home/byrn/HDF_Projects/hdf5/build/ci-StdShar-GNUC/tools/test/h5dump/testfiles/std/3790_infinite_loop.h5
[2098/4114] cd /home/byrn/HDF_Projects/hdf5/build/ci-StdShar-GNUC/tools/test/h5dump && /usr/bin/cmake -E copy_if_different /home/byrn/HDF_Projects/hdf5/dev/tools/test/h5dump/expected/charsets.ddl /home/byrn/HDF_Projects/hdf5/build/ci-StdShar-GNUC/tools/test/h5dump/testfiles/std/charsets.ddl
[2099/4114] cd /home/byrn/HDF_Projects/hdf5/build/ci-StdShar-GNUC/tools/test/h5dump && /usr/bin/cmake -E copy_if_different /home/byrn/HDF_Projects/hdf5/dev/tools/test/h5dump/testfiles/charsets.h5 /home/byrn/HDF_Projects/hdf5/build/ci-StdShar-GNUC/tools/test/h5dump/testfiles/std/charsets.h5
[2100/4114] : && /usr/bin/cc -std=c99  -fstdarg-opt -fdiagnostics-urls=never -fno-diagnostics-color -fmessage-length=0 -O2 -g -DNDEBUG  tools/test/h5jam/CMakeFiles/h5jamgentest.dir/h5jamgentest.c.o -o bin/h5jamgentest  -Wl,-rpath,"\$ORIGIN/../lib:\$ORIGIN/"  bin/libhdf5.a  bin/libzlib.a  bin/libszaec.a  bin/libaec.a  -lm  -ldl && :
[2101/4114] cd /home/byrn/HDF_Projects/hdf5/build/ci-StdShar-GNUC/tools/test/h5dump && /usr/bin/cmake -E copy_if_different /home/byrn/HDF_Projects/hdf5/dev/tools/test/h5dump/expected/err_attr_dspace.ddl /home/byrn/HDF_Projects/hdf5/build/ci-StdShar-GNUC/tools/test/h5dump/testfiles/std/err_attr_dspace.ddl
[2102/4114] cd /home/byrn/HDF_Projects/hdf5/build/ci-StdShar-GNUC/tools/test/h5dump && /usr/bin/cmake -E copy_if_different /home/byrn/HDF_Projects/hdf5/dev/tools/test/h5dump/testfiles/err_attr_dspace.h5 /home/byrn/HDF_Projects/hdf5/build/ci-StdShar-GNUC/tools/test/h5dump/testfiles/std/err_attr_dspace.h5
[2103/4114] /usr/bin/cc -DH5_BUILT_AS_DYNAMIC_LIB -D_FILE_OFFSET_BITS=64 -D_GNU_SOURCE -D_LARGEFILE_SOURCE -D_POSIX_C_SOURCE=200809L -Ddynlibdump_EXPORTS -I/home/byrn/HDF_Projects/hdf5/dev/src -I/home/byrn/HDF_Projects/hdf5/dev/src/H5FDsubfiling -I/home/byrn/HDF_Projects/hdf5/build/ci-StdShar-GNUC/src -std=c99  -fstdarg-opt -fdiagnostics-urls=never -fno-diagnostics-color -fmessage-length=0 -O2 -g -DNDEBUG -std=gnu99 -fPIC -MD -MT tools/test/h5dump/CMakeFiles/dynlibdump.dir/dynlib_dump.c.o -MF tools/test/h5dump/CMakeFiles/dynlibdump.dir/dynlib_dump.c.o.d -o tools/test/h5dump/CMakeFiles/dynlibdump.dir/dynlib_dump.c.o -c /home/byrn/HDF_Projects/hdf5/dev/tools/test/h5dump/dynlib_dump.c
[2104/4114] cd /home/byrn/HDF_Projects/hdf5/build/ci-StdShar-GNUC/tools/test/h5dump && /usr/bin/cmake -E copy_if_different /home/byrn/HDF_Projects/hdf5/dev/tools/test/h5dump/expected/file_space.ddl /home/byrn/HDF_Projects/hdf5/build/ci-StdShar-GNUC/tools/test/h5dump/testfiles/std/file_space.ddl
[2105/4114] cd /home/byrn/HDF_Projects/hdf5/build/ci-StdShar-GNUC/tools/test/h5dump && /usr/bin/cmake -E copy_if_different /home/byrn/HDF_Projects/hdf5/dev/tools/test/h5dump/testfiles/file_space.h5 /home/byrn/HDF_Projects/hdf5/build/ci-StdShar-GNUC/tools/test/h5dump/testfiles/std/file_space.h5
[2106/4114] cd /home/byrn/HDF_Projects/hdf5/build/ci-StdShar-GNUC/tools/test/h5dump && /usr/bin/cmake -E copy_if_different /home/byrn/HDF_Projects/hdf5/dev/tools/test/h5dump/expected/filter_fail.ddl /home/byrn/HDF_Projects/hdf5/build/ci-StdShar-GNUC/tools/test/h5dump/testfiles/std/filter_fail.ddl
[2107/4114] cd /home/byrn/HDF_Projects/hdf5/build/ci-StdShar-GNUC/tools/test/h5dump && /usr/bin/cmake -E copy_if_different /home/byrn/HDF_Projects/hdf5/dev/tools/test/h5dump/testfiles/filter_fail.h5 /home/byrn/HDF_Projects/hdf5/build/ci-StdShar-GNUC/tools/test/h5dump/testfiles/std/filter_fail.h5
[2108/4114] : && /usr/bin/cc -std=c99  -fstdarg-opt -fdiagnostics-urls=never -fno-diagnostics-color -fmessage-length=0 -O2 -g -DNDEBUG  tools/test/h5jam/CMakeFiles/getub.dir/getub.c.o -o bin/getub  -Wl,-rpath,"\$ORIGIN/../lib:\$ORIGIN/"  bin/libhdf5_tools.a  bin/libhdf5.a  bin/libzlib.a  bin/libszaec.a  bin/libaec.a  -lm  -ldl && :
[2109/4114] cd /home/byrn/HDF_Projects/hdf5/build/ci-StdShar-GNUC/tools/test/h5dump && /usr/bin/cmake -E copy_if_different /home/byrn/HDF_Projects/hdf5/dev/tools/test/h5dump/expected/h5dump-help.txt /home/byrn/HDF_Projects/hdf5/build/ci-StdShar-GNUC/tools/test/h5dump/testfiles/std/h5dump-help.txt
[2110/4114] : && /usr/bin/cc -fPIC -std=c99  -fstdarg-opt -fdiagnostics-urls=never -fno-diagnostics-color -fmessage-length=0 -O2 -g -DNDEBUG   -shared -Wl,-soname,libdynlibdump.so.1000 -o bin/libdynlibdump.so.1000.0.0 tools/test/h5dump/CMakeFiles/dynlibdump.dir/dynlib_dump.c.o  -Wl,-rpath,"\$ORIGIN/../lib:\$ORIGIN/"  bin/libhdf5.so.1000.0.0  -ldl && :
[2111/4114] cd /home/byrn/HDF_Projects/hdf5/build/ci-StdShar-GNUC/tools/test/h5dump && /usr/bin/cmake -E copy_if_different /home/byrn/HDF_Projects/hdf5/dev/tools/test/h5dump/expected/infinite_loop.ddl /home/byrn/HDF_Projects/hdf5/build/ci-StdShar-GNUC/tools/test/h5dump/testfiles/std/infinite_loop.ddl
[2112/4114] cd /home/byrn/HDF_Projects/hdf5/build/ci-StdShar-GNUC/tools/test/h5dump && /usr/bin/cmake -E copy_if_different /home/byrn/HDF_Projects/hdf5/dev/tools/test/h5dump/expected/non_existing.ddl /home/byrn/HDF_Projects/hdf5/build/ci-StdShar-GNUC/tools/test/h5dump/testfiles/std/non_existing.ddl
[2113/4114] cd /home/byrn/HDF_Projects/hdf5/build/ci-StdShar-GNUC/tools/test/h5dump && /usr/bin/cmake -E copy_if_different /home/byrn/HDF_Projects/hdf5/dev/tools/test/h5dump/expected/out3.h5import /home/byrn/HDF_Projects/hdf5/build/ci-StdShar-GNUC/tools/test/h5dump/testfiles/std/out3.h5import
[2114/4114] cd /home/byrn/HDF_Projects/hdf5/build/ci-StdShar-GNUC/tools/test/h5dump && /usr/bin/cmake -E copy_if_different /home/byrn/HDF_Projects/hdf5/dev/tools/test/h5dump/testfiles/packedbits.h5 /home/byrn/HDF_Projects/hdf5/build/ci-StdShar-GNUC/tools/test/h5dump/testfiles/std/packedbits.h5
[2115/4114] cd /home/byrn/HDF_Projects/hdf5/build/ci-StdShar-GNUC/tools/test/h5dump && /usr/bin/cmake -E copy_if_different /home/byrn/HDF_Projects/hdf5/dev/tools/test/h5dump/expected/packedbits.ddl /home/byrn/HDF_Projects/hdf5/build/ci-StdShar-GNUC/tools/test/h5dump/testfiles/std/packedbits.ddl
[2116/4114] cd /home/byrn/HDF_Projects/hdf5/build/ci-StdShar-GNUC/tools/test/h5dump && /usr/bin/cmake -E copy_if_different /home/byrn/HDF_Projects/hdf5/dev/tools/test/h5dump/testfiles/t128bit_float.h5 /home/byrn/HDF_Projects/hdf5/build/ci-StdShar-GNUC/tools/test/h5dump/testfiles/std/t128bit_float.h5
[2117/4114] /usr/bin/cmake -E cmake_symlink_library bin/libdynlibdump.so.1000.0.0  bin/libdynlibdump.so.1000 bin/libdynlibdump.so && cd /home/byrn/HDF_Projects/hdf5/build/ci-StdShar-GNUC/tools/test/h5dump && /usr/bin/cmake -E copy_if_different /home/byrn/HDF_Projects/hdf5/build/ci-StdShar-GNUC/bin/libdynlibdump.so.1000.0.0 /home/byrn/HDF_Projects/hdf5/build/ci-StdShar-GNUC/plugins/libdynlibdump.so.1000.0.0
[2118/4114] cd /home/byrn/HDF_Projects/hdf5/build/ci-StdShar-GNUC/tools/test/h5dump && /usr/bin/cmake -E copy_if_different /home/byrn/HDF_Projects/hdf5/dev/tools/test/h5dump/testfiles/tCVE_2018_11206_fill_new.h5 /home/byrn/HDF_Projects/hdf5/build/ci-StdShar-GNUC/tools/test/h5dump/testfiles/std/tCVE_2018_11206_fill_new.h5
[2119/4114] cd /home/byrn/HDF_Projects/hdf5/build/ci-StdShar-GNUC/tools/test/h5dump && /usr/bin/cmake -E copy_if_different /home/byrn/HDF_Projects/hdf5/dev/tools/test/h5dump/testfiles/tCVE-2021-37501_attr_decode.h5 /home/byrn/HDF_Projects/hdf5/build/ci-StdShar-GNUC/tools/test/h5dump/testfiles/std/tCVE-2021-37501_attr_decode.h5
[2120/4114] : && /usr/bin/cc -std=c99  -fstdarg-opt -fdiagnostics-urls=never -fno-diagnostics-color -fmessage-length=0 -O2 -g -DNDEBUG  tools/test/h5copy/CMakeFiles/h5copygentest.dir/h5copygentest.c.o -o bin/h5copygentest  -Wl,-rpath,"\$ORIGIN/../lib:\$ORIGIN/"  bin/libhdf5.a  bin/libzlib.a  bin/libszaec.a  bin/libaec.a  -lm  -ldl && :
[2121/4114] cd /home/byrn/HDF_Projects/hdf5/build/ci-StdShar-GNUC/tools/test/h5dump && /usr/bin/cmake -E copy_if_different /home/byrn/HDF_Projects/hdf5/dev/tools/test/h5dump/testfiles/tCVE_2018_11206_fill_old.h5 /home/byrn/HDF_Projects/hdf5/build/ci-StdShar-GNUC/tools/test/h5dump/testfiles/std/tCVE_2018_11206_fill_old.h5
[2122/4114] cd /home/byrn/HDF_Projects/hdf5/build/ci-StdShar-GNUC/tools/test/h5dump && /usr/bin/cmake -E copy_if_different /home/byrn/HDF_Projects/hdf5/dev/tools/test/h5dump/testfiles/taindices.h5 /home/byrn/HDF_Projects/hdf5/build/ci-StdShar-GNUC/tools/test/h5dump/testfiles/std/taindices.h5
[2123/4114] cd /home/byrn/HDF_Projects/hdf5/build/ci-StdShar-GNUC/tools/test/h5dump && /usr/bin/cmake -E copy_if_different /home/byrn/HDF_Projects/hdf5/dev/tools/test/h5dump/expected/tall-1.ddl /home/byrn/HDF_Projects/hdf5/build/ci-StdShar-GNUC/tools/test/h5dump/testfiles/std/tall-1.ddl
[2124/4114] cd /home/byrn/HDF_Projects/hdf5/build/ci-StdShar-GNUC/tools/test/h5dump && /usr/bin/cmake -E copy_if_different /home/byrn/HDF_Projects/hdf5/dev/tools/test/h5dump/expected/tall-2.ddl /home/byrn/HDF_Projects/hdf5/build/ci-StdShar-GNUC/tools/test/h5dump/testfiles/std/tall-2.ddl
[2125/4114] cd /home/byrn/HDF_Projects/hdf5/build/ci-StdShar-GNUC/tools/test/h5dump && /usr/bin/cmake -E copy_if_different /home/byrn/HDF_Projects/hdf5/dev/tools/test/h5dump/expected/tall-2A.ddl /home/byrn/HDF_Projects/hdf5/build/ci-StdShar-GNUC/tools/test/h5dump/testfiles/std/tall-2A.ddl
[2126/4114] cd /home/byrn/HDF_Projects/hdf5/build/ci-StdShar-GNUC/tools/test/h5dump && /usr/bin/cmake -E copy_if_different /home/byrn/HDF_Projects/hdf5/dev/tools/test/h5dump/expected/tall-2A0.ddl /home/byrn/HDF_Projects/hdf5/build/ci-StdShar-GNUC/tools/test/h5dump/testfiles/std/tall-2A0.ddl
[2127/4114] cd /home/byrn/HDF_Projects/hdf5/build/ci-StdShar-GNUC/tools/test/h5dump && /usr/bin/cmake -E copy_if_different /home/byrn/HDF_Projects/hdf5/dev/tools/test/h5dump/expected/tall-2B.ddl /home/byrn/HDF_Projects/hdf5/build/ci-StdShar-GNUC/tools/test/h5dump/testfiles/std/tall-2B.ddl
[2128/4114] cd /home/byrn/HDF_Projects/hdf5/build/ci-StdShar-GNUC/tools/test/h5dump && /usr/bin/cmake -E copy_if_different /home/byrn/HDF_Projects/hdf5/dev/tools/test/h5dump/expected/tall-3.ddl /home/byrn/HDF_Projects/hdf5/build/ci-StdShar-GNUC/tools/test/h5dump/testfiles/std/tall-3.ddl
[2129/4114] cd /home/byrn/HDF_Projects/hdf5/build/ci-StdShar-GNUC/tools/test/h5dump && /usr/bin/cmake -E copy_if_different /home/byrn/HDF_Projects/hdf5/dev/tools/test/h5dump/expected/tall-3.ddl /home/byrn/HDF_Projects/hdf5/build/ci-StdShar-GNUC/tools/test/h5dump/testfiles/std/tall-3.ddl-N
[2130/4114] cd /home/byrn/HDF_Projects/hdf5/build/ci-StdShar-GNUC/tools/test/h5dump && /usr/bin/cmake -E copy_if_different /home/byrn/HDF_Projects/hdf5/dev/tools/test/h5dump/expected/tall-4s.ddl /home/byrn/HDF_Projects/hdf5/build/ci-StdShar-GNUC/tools/test/h5dump/testfiles/std/tall-4s.ddl
[2131/4114] cd /home/byrn/HDF_Projects/hdf5/build/ci-StdShar-GNUC/tools/test/h5dump && /usr/bin/cmake -E copy_if_different /home/byrn/HDF_Projects/hdf5/dev/tools/test/h5dump/expected/tall-5s.ddl /home/byrn/HDF_Projects/hdf5/build/ci-StdShar-GNUC/tools/test/h5dump/testfiles/std/tall-5s.ddl
[2132/4114] cd /home/byrn/HDF_Projects/hdf5/build/ci-StdShar-GNUC/tools/test/h5dump && /usr/bin/cmake -E copy_if_different /home/byrn/HDF_Projects/hdf5/dev/tools/test/h5dump/expected/tall-6.ddl /home/byrn/HDF_Projects/hdf5/build/ci-StdShar-GNUC/tools/test/h5dump/testfiles/std/tall-6.ddl
[2133/4114] cd /home/byrn/HDF_Projects/hdf5/build/ci-StdShar-GNUC/tools/test/h5dump && /usr/bin/cmake -E copy_if_different /home/byrn/HDF_Projects/hdf5/dev/tools/test/h5dump/exportfiles/tall-6.exp /home/byrn/HDF_Projects/hdf5/build/ci-StdShar-GNUC/tools/test/h5dump/testfiles/std/tall-6.exp
[2134/4114] cd /home/byrn/HDF_Projects/hdf5/build/ci-StdShar-GNUC/tools/test/h5dump && /usr/bin/cmake -E copy_if_different /home/byrn/HDF_Projects/hdf5/dev/tools/test/h5dump/expected/tall-7N.ddl /home/byrn/HDF_Projects/hdf5/build/ci-StdShar-GNUC/tools/test/h5dump/testfiles/std/tall-7N.ddl
[2135/4114] cd /home/byrn/HDF_Projects/hdf5/build/ci-StdShar-GNUC/tools/test/h5dump && /usr/bin/cmake -E copy_if_different /home/byrn/HDF_Projects/hdf5/dev/tools/test/h5dump/expected/tall-7.ddl /home/byrn/HDF_Projects/hdf5/build/ci-StdShar-GNUC/tools/test/h5dump/testfiles/std/tall-7.ddl
[2136/4114] cd /home/byrn/HDF_Projects/hdf5/build/ci-StdShar-GNUC/tools/test/h5dump && /usr/bin/cmake -E copy_if_different /home/byrn/HDF_Projects/hdf5/dev/tools/test/h5dump/expected/tallfilters.ddl /home/byrn/HDF_Projects/hdf5/build/ci-StdShar-GNUC/tools/test/h5dump/testfiles/std/tallfilters.ddl
[2137/4114] cd /home/byrn/HDF_Projects/hdf5/build/ci-StdShar-GNUC/tools/test/h5dump && /usr/bin/cmake -E copy_if_different /home/byrn/HDF_Projects/hdf5/dev/tools/test/h5dump/testfiles/tall.h5 /home/byrn/HDF_Projects/hdf5/build/ci-StdShar-GNUC/tools/test/h5dump/testfiles/std/tall.h5
[2138/4114] cd /home/byrn/HDF_Projects/hdf5/build/ci-StdShar-GNUC/tools/test/h5dump && /usr/bin/cmake -E copy_if_different /home/byrn/HDF_Projects/hdf5/dev/tools/test/h5dump/expected/tarray1.ddl /home/byrn/HDF_Projects/hdf5/build/ci-StdShar-GNUC/tools/test/h5dump/testfiles/std/tarray1.ddl
[2139/4114] cd /home/byrn/HDF_Projects/hdf5/build/ci-StdShar-GNUC/tools/test/h5dump && /usr/bin/cmake -E copy_if_different /home/byrn/HDF_Projects/hdf5/dev/tools/test/h5dump/testfiles/tarray1.h5 /home/byrn/HDF_Projects/hdf5/build/ci-StdShar-GNUC/tools/test/h5dump/testfiles/std/tarray1.h5
[2140/4114] cd /home/byrn/HDF_Projects/hdf5/build/ci-StdShar-GNUC/tools/test/h5dump && /usr/bin/cmake -E copy_if_different /home/byrn/HDF_Projects/hdf5/dev/tools/test/h5dump/testfiles/tarray2.h5 /home/byrn/HDF_Projects/hdf5/build/ci-StdShar-GNUC/tools/test/h5dump/testfiles/std/tarray2.h5
[2141/4114] cd /home/byrn/HDF_Projects/hdf5/build/ci-StdShar-GNUC/tools/test/h5dump && /usr/bin/cmake -E copy_if_different /home/byrn/HDF_Projects/hdf5/dev/tools/test/h5dump/expected/tarray2.ddl /home/byrn/HDF_Projects/hdf5/build/ci-StdShar-GNUC/tools/test/h5dump/testfiles/std/tarray2.ddl
[2142/4114] cd /home/byrn/HDF_Projects/hdf5/build/ci-StdShar-GNUC/tools/test/h5dump && /usr/bin/cmake -E copy_if_different /home/byrn/HDF_Projects/hdf5/dev/tools/test/h5dump/expected/tarray3.ddl /home/byrn/HDF_Projects/hdf5/build/ci-StdShar-GNUC/tools/test/h5dump/testfiles/std/tarray3.ddl
[2143/4114] cd /home/byrn/HDF_Projects/hdf5/build/ci-StdShar-GNUC/tools/test/h5dump && /usr/bin/cmake -E copy_if_different /home/byrn/HDF_Projects/hdf5/dev/tools/test/h5dump/expected/tarray4.ddl /home/byrn/HDF_Projects/hdf5/build/ci-StdShar-GNUC/tools/test/h5dump/testfiles/std/tarray4.ddl
[2144/4114] cd /home/byrn/HDF_Projects/hdf5/build/ci-StdShar-GNUC/tools/test/h5dump && /usr/bin/cmake -E copy_if_different /home/byrn/HDF_Projects/hdf5/dev/tools/test/h5dump/testfiles/tarray3.h5 /home/byrn/HDF_Projects/hdf5/build/ci-StdShar-GNUC/tools/test/h5dump/testfiles/std/tarray3.h5
[2145/4114] cd /home/byrn/HDF_Projects/hdf5/build/ci-StdShar-GNUC/tools/test/h5dump && /usr/bin/cmake -E copy_if_different /home/byrn/HDF_Projects/hdf5/dev/tools/test/h5dump/testfiles/tarray4.h5 /home/byrn/HDF_Projects/hdf5/build/ci-StdShar-GNUC/tools/test/h5dump/testfiles/std/tarray4.h5
[2146/4114] cd /home/byrn/HDF_Projects/hdf5/build/ci-StdShar-GNUC/tools/test/h5dump && /usr/bin/cmake -E copy_if_different /home/byrn/HDF_Projects/hdf5/dev/tools/test/h5dump/testfiles/tarray1_big.h5 /home/byrn/HDF_Projects/hdf5/build/ci-StdShar-GNUC/tools/test/h5dump/testfiles/std/tarray1_big.h5
[2147/4114] cd /home/byrn/HDF_Projects/hdf5/build/ci-StdShar-GNUC/tools/test/h5dump && /usr/bin/cmake -E copy_if_different /home/byrn/HDF_Projects/hdf5/dev/tools/test/h5dump/testfiles/tarray5.h5 /home/byrn/HDF_Projects/hdf5/build/ci-StdShar-GNUC/tools/test/h5dump/testfiles/std/tarray5.h5
[2148/4114] cd /home/byrn/HDF_Projects/hdf5/build/ci-StdShar-GNUC/tools/test/h5dump && /usr/bin/cmake -E copy_if_different /home/byrn/HDF_Projects/hdf5/dev/tools/test/h5dump/expected/tarray6.ddl /home/byrn/HDF_Projects/hdf5/build/ci-StdShar-GNUC/tools/test/h5dump/testfiles/std/tarray6.ddl
[2149/4114] cd /home/byrn/HDF_Projects/hdf5/build/ci-StdShar-GNUC/tools/test/h5dump && /usr/bin/cmake -E copy_if_different /home/byrn/HDF_Projects/hdf5/dev/tools/test/h5dump/expected/tarray5.ddl /home/byrn/HDF_Projects/hdf5/build/ci-StdShar-GNUC/tools/test/h5dump/testfiles/std/tarray5.ddl
[2150/4114] cd /home/byrn/HDF_Projects/hdf5/build/ci-StdShar-GNUC/tools/test/h5dump && /usr/bin/cmake -E copy_if_different /home/byrn/HDF_Projects/hdf5/dev/tools/test/h5dump/testfiles/tarray6.h5 /home/byrn/HDF_Projects/hdf5/build/ci-StdShar-GNUC/tools/test/h5dump/testfiles/std/tarray6.h5
[2151/4114] cd /home/byrn/HDF_Projects/hdf5/build/ci-StdShar-GNUC/tools/test/h5dump && /usr/bin/cmake -E copy_if_different /home/byrn/HDF_Projects/hdf5/dev/tools/test/h5dump/expected/tarray8.ddl /home/byrn/HDF_Projects/hdf5/build/ci-StdShar-GNUC/tools/test/h5dump/testfiles/std/tarray8.ddl
[2152/4114] cd /home/byrn/HDF_Projects/hdf5/build/ci-StdShar-GNUC/tools/test/h5dump && /usr/bin/cmake -E copy_if_different /home/byrn/HDF_Projects/hdf5/dev/tools/test/h5dump/expected/tarray7.ddl /home/byrn/HDF_Projects/hdf5/build/ci-StdShar-GNUC/tools/test/h5dump/testfiles/std/tarray7.ddl
[2153/4114] cd /home/byrn/HDF_Projects/hdf5/build/ci-StdShar-GNUC/tools/test/h5dump && /usr/bin/cmake -E copy_if_different /home/byrn/HDF_Projects/hdf5/dev/tools/test/h5dump/testfiles/tarray7.h5 /home/byrn/HDF_Projects/hdf5/build/ci-StdShar-GNUC/tools/test/h5dump/testfiles/std/tarray7.h5
[2154/4114] cd /home/byrn/HDF_Projects/hdf5/build/ci-StdShar-GNUC/tools/test/h5dump && /usr/bin/cmake -E copy_if_different /home/byrn/HDF_Projects/hdf5/dev/tools/test/h5dump/expected/tarray1_big.ddl /home/byrn/HDF_Projects/hdf5/build/ci-StdShar-GNUC/tools/test/h5dump/testfiles/std/tarray1_big.ddl
[2155/4114] cd /home/byrn/HDF_Projects/hdf5/build/ci-StdShar-GNUC/tools/test/h5dump && /usr/bin/cmake -E copy_if_different /home/byrn/HDF_Projects/hdf5/dev/tools/test/h5dump/testfiles/tarray8.h5 /home/byrn/HDF_Projects/hdf5/build/ci-StdShar-GNUC/tools/test/h5dump/testfiles/std/tarray8.h5
[2156/4114] cd /home/byrn/HDF_Projects/hdf5/build/ci-StdShar-GNUC/tools/test/h5dump && /usr/bin/cmake -E copy_if_different /home/byrn/HDF_Projects/hdf5/dev/tools/test/h5dump/expected/tattr-2.ddl /home/byrn/HDF_Projects/hdf5/build/ci-StdShar-GNUC/tools/test/h5dump/testfiles/std/tattr-2.ddl
[2157/4114] cd /home/byrn/HDF_Projects/hdf5/build/ci-StdShar-GNUC/tools/test/h5dump && /usr/bin/cmake -E copy_if_different /home/byrn/HDF_Projects/hdf5/dev/tools/test/h5dump/expected/tattr-1.ddl /home/byrn/HDF_Projects/hdf5/build/ci-StdShar-GNUC/tools/test/h5dump/testfiles/std/tattr-1.ddl
[2158/4114] cd /home/byrn/HDF_Projects/hdf5/build/ci-StdShar-GNUC/tools/test/h5dump && /usr/bin/cmake -E copy_if_different /home/byrn/HDF_Projects/hdf5/dev/tools/test/h5dump/expected/tattr-2.ddl /home/byrn/HDF_Projects/hdf5/build/ci-StdShar-GNUC/tools/test/h5dump/testfiles/std/tattr-2.ddl-N
[2159/4114] cd /home/byrn/HDF_Projects/hdf5/build/ci-StdShar-GNUC/tools/test/h5dump && /usr/bin/cmake -E copy_if_different /home/byrn/HDF_Projects/hdf5/dev/tools/test/h5dump/expected/tattr-4_be.ddl /home/byrn/HDF_Projects/hdf5/build/ci-StdShar-GNUC/tools/test/h5dump/testfiles/std/tattr-4_be.ddl
[2160/4114] cd /home/byrn/HDF_Projects/hdf5/build/ci-StdShar-GNUC/tools/test/h5dump && /usr/bin/cmake -E copy_if_different /home/byrn/HDF_Projects/hdf5/dev/tools/test/h5dump/expected/tattr-3.ddl /home/byrn/HDF_Projects/hdf5/build/ci-StdShar-GNUC/tools/test/h5dump/testfiles/std/tattr-3.ddl
[2161/4114] cd /home/byrn/HDF_Projects/hdf5/build/ci-StdShar-GNUC/tools/test/h5dump && /usr/bin/cmake -E copy_if_different /home/byrn/HDF_Projects/hdf5/dev/tools/test/h5dump/testfiles/tattr2.h5 /home/byrn/HDF_Projects/hdf5/build/ci-StdShar-GNUC/tools/test/h5dump/testfiles/std/tattr2.h5
[2162/4114] cd /home/byrn/HDF_Projects/hdf5/build/ci-StdShar-GNUC/tools/test/h5dump && /usr/bin/cmake -E copy_if_different /home/byrn/HDF_Projects/hdf5/dev/tools/test/h5dump/testfiles/tattr.h5 /home/byrn/HDF_Projects/hdf5/build/ci-StdShar-GNUC/tools/test/h5dump/testfiles/std/tattr.h5
[2163/4114] cd /home/byrn/HDF_Projects/hdf5/build/ci-StdShar-GNUC/tools/test/h5dump && /usr/bin/cmake -E copy_if_different /home/byrn/HDF_Projects/hdf5/dev/tools/test/h5dump/testfiles/tattr4_be.h5 /home/byrn/HDF_Projects/hdf5/build/ci-StdShar-GNUC/tools/test/h5dump/testfiles/std/tattr4_be.h5
[2164/4114] cd /home/byrn/HDF_Projects/hdf5/build/ci-StdShar-GNUC/tools/test/h5dump && /usr/bin/cmake -E copy_if_different /home/byrn/HDF_Projects/hdf5/dev/tools/test/h5dump/expected/tattrcontents2.ddl /home/byrn/HDF_Projects/hdf5/build/ci-StdShar-GNUC/tools/test/h5dump/testfiles/std/tattrcontents2.ddl
[2165/4114] cd /home/byrn/HDF_Projects/hdf5/build/ci-StdShar-GNUC/tools/test/h5dump && /usr/bin/cmake -E copy_if_different /home/byrn/HDF_Projects/hdf5/dev/tools/test/h5dump/expected/tattrintsize.ddl /home/byrn/HDF_Projects/hdf5/build/ci-StdShar-GNUC/tools/test/h5dump/testfiles/std/tattrintsize.ddl
[2166/4114] cd /home/byrn/HDF_Projects/hdf5/build/ci-StdShar-GNUC/tools/test/h5dump && /usr/bin/cmake -E copy_if_different /home/byrn/HDF_Projects/hdf5/dev/tools/test/h5dump/expected/tattrcontents1.ddl /home/byrn/HDF_Projects/hdf5/build/ci-StdShar-GNUC/tools/test/h5dump/testfiles/std/tattrcontents1.ddl
[2167/4114] cd /home/byrn/HDF_Projects/hdf5/build/ci-StdShar-GNUC/tools/test/h5dump && /usr/bin/cmake -E copy_if_different /home/byrn/HDF_Projects/hdf5/dev/tools/test/h5dump/expected/tattrreg.ddl /home/byrn/HDF_Projects/hdf5/build/ci-StdShar-GNUC/tools/test/h5dump/testfiles/std/tattrreg.ddl
[2168/4114] cd /home/byrn/HDF_Projects/hdf5/build/ci-StdShar-GNUC/tools/test/h5dump && /usr/bin/cmake -E copy_if_different /home/byrn/HDF_Projects/hdf5/dev/tools/test/h5dump/testfiles/tattrintsize.h5 /home/byrn/HDF_Projects/hdf5/build/ci-StdShar-GNUC/tools/test/h5dump/testfiles/std/tattrintsize.h5
[2169/4114] cd /home/byrn/HDF_Projects/hdf5/build/ci-StdShar-GNUC/tools/test/h5dump && /usr/bin/cmake -E copy_if_different /home/byrn/HDF_Projects/hdf5/dev/tools/test/h5dump/expected/tattrregR.ddl /home/byrn/HDF_Projects/hdf5/build/ci-StdShar-GNUC/tools/test/h5dump/testfiles/std/tattrregR.ddl
[2170/4114] cd /home/byrn/HDF_Projects/hdf5/build/ci-StdShar-GNUC/tools/test/h5dump && /usr/bin/cmake -E copy_if_different /home/byrn/HDF_Projects/hdf5/dev/tools/test/h5dump/testfiles/tbigdims.h5 /home/byrn/HDF_Projects/hdf5/build/ci-StdShar-GNUC/tools/test/h5dump/testfiles/std/tbigdims.h5
[2171/4114] cd /home/byrn/HDF_Projects/hdf5/build/ci-StdShar-GNUC/tools/test/h5dump && /usr/bin/cmake -E copy_if_different /home/byrn/HDF_Projects/hdf5/dev/tools/test/h5dump/testfiles/tattrreg.h5 /home/byrn/HDF_Projects/hdf5/build/ci-StdShar-GNUC/tools/test/h5dump/testfiles/std/tattrreg.h5
[2172/4114] cd /home/byrn/HDF_Projects/hdf5/build/ci-StdShar-GNUC/tools/test/h5dump && /usr/bin/cmake -E copy_if_different /home/byrn/HDF_Projects/hdf5/dev/tools/test/h5dump/expected/tbigdims.ddl /home/byrn/HDF_Projects/hdf5/build/ci-StdShar-GNUC/tools/test/h5dump/testfiles/std/tbigdims.ddl
[2173/4114] cd /home/byrn/HDF_Projects/hdf5/build/ci-StdShar-GNUC/tools/test/h5dump && /usr/bin/cmake -E copy_if_different /home/byrn/HDF_Projects/hdf5/dev/tools/test/h5dump/expected/tbin1.ddl /home/byrn/HDF_Projects/hdf5/build/ci-StdShar-GNUC/tools/test/h5dump/testfiles/std/tbin1.ddl
[2174/4114] : && /usr/bin/cc -std=c99  -fstdarg-opt -fdiagnostics-urls=never -fno-diagnostics-color -fmessage-length=0 -O2 -g -DNDEBUG  tools/test/h5stat/CMakeFiles/h5stat_gentest.dir/h5stat_gentest.c.o -o bin/h5stat_gentest  -Wl,-rpath,"\$ORIGIN/../lib:\$ORIGIN/"  bin/libhdf5.a  bin/libzlib.a  bin/libszaec.a  bin/libaec.a  -lm  -ldl && :
[2175/4114] cd /home/byrn/HDF_Projects/hdf5/build/ci-StdShar-GNUC/tools/test/h5dump && /usr/bin/cmake -E copy_if_different /home/byrn/HDF_Projects/hdf5/dev/tools/test/h5dump/expected/tbin1.ddl /home/byrn/HDF_Projects/hdf5/build/ci-StdShar-GNUC/tools/test/h5dump/testfiles/std/tbin1LE.ddl
[2176/4114] cd /home/byrn/HDF_Projects/hdf5/build/ci-StdShar-GNUC/tools/test/h5dump && /usr/bin/cmake -E copy_if_different /home/byrn/HDF_Projects/hdf5/dev/tools/test/h5dump/expected/tbin4.ddl /home/byrn/HDF_Projects/hdf5/build/ci-StdShar-GNUC/tools/test/h5dump/testfiles/std/tbin4.ddl
[2177/4114] cd /home/byrn/HDF_Projects/hdf5/build/ci-StdShar-GNUC/tools/test/h5dump && /usr/bin/cmake -E copy_if_different /home/byrn/HDF_Projects/hdf5/dev/tools/test/h5dump/testfiles/tbinary.h5 /home/byrn/HDF_Projects/hdf5/build/ci-StdShar-GNUC/tools/test/h5dump/testfiles/std/tbinary.h5
[2178/4114] cd /home/byrn/HDF_Projects/hdf5/build/ci-StdShar-GNUC/tools/test/h5dump && /usr/bin/cmake -E copy_if_different /home/byrn/HDF_Projects/hdf5/dev/tools/test/h5dump/expected/tbin2.ddl /home/byrn/HDF_Projects/hdf5/build/ci-StdShar-GNUC/tools/test/h5dump/testfiles/std/tbin2.ddl
[2179/4114] cd /home/byrn/HDF_Projects/hdf5/build/ci-StdShar-GNUC/tools/test/h5dump && /usr/bin/cmake -E copy_if_different /home/byrn/HDF_Projects/hdf5/dev/tools/test/h5dump/expected/tbin3.ddl /home/byrn/HDF_Projects/hdf5/build/ci-StdShar-GNUC/tools/test/h5dump/testfiles/std/tbin3.ddl
[2180/4114] cd /home/byrn/HDF_Projects/hdf5/build/ci-StdShar-GNUC/tools/test/h5dump && /usr/bin/cmake -E copy_if_different /home/byrn/HDF_Projects/hdf5/dev/tools/test/h5dump/expected/tbinregR.ddl /home/byrn/HDF_Projects/hdf5/build/ci-StdShar-GNUC/tools/test/h5dump/testfiles/std/tbinregR.ddl
[2181/4114] cd /home/byrn/HDF_Projects/hdf5/build/ci-StdShar-GNUC/tools/test/h5dump && /usr/bin/cmake -E copy_if_different /home/byrn/HDF_Projects/hdf5/dev/tools/test/h5dump/exportfiles/tbinregR.exp /home/byrn/HDF_Projects/hdf5/build/ci-StdShar-GNUC/tools/test/h5dump/testfiles/std/tbinregR.exp
[2182/4114] cd /home/byrn/HDF_Projects/hdf5/build/ci-StdShar-GNUC/tools/test/h5dump && /usr/bin/cmake -E copy_if_different /home/byrn/HDF_Projects/hdf5/dev/tools/test/h5dump/testfiles/tbitnopaque.h5 /home/byrn/HDF_Projects/hdf5/build/ci-StdShar-GNUC/tools/test/h5dump/testfiles/std/tbitnopaque.h5
[2183/4114] cd /home/byrn/HDF_Projects/hdf5/build/ci-StdShar-GNUC/tools/test/h5dump && /usr/bin/cmake -E copy_if_different /home/byrn/HDF_Projects/hdf5/dev/tools/test/h5dump/expected/tboot1.ddl /home/byrn/HDF_Projects/hdf5/build/ci-StdShar-GNUC/tools/test/h5dump/testfiles/std/tboot1.ddl
[2184/4114] cd /home/byrn/HDF_Projects/hdf5/build/ci-StdShar-GNUC/tools/test/h5dump && /usr/bin/cmake -E copy_if_different /home/byrn/HDF_Projects/hdf5/dev/tools/test/h5dump/expected/tbitnopaque_be.ddl /home/byrn/HDF_Projects/hdf5/build/ci-StdShar-GNUC/tools/test/h5dump/testfiles/std/tbitnopaque_be.ddl
[2185/4114] cd /home/byrn/HDF_Projects/hdf5/build/ci-StdShar-GNUC/tools/test/h5dump && /usr/bin/cmake -E copy_if_different /home/byrn/HDF_Projects/hdf5/dev/tools/test/h5dump/expected/tbitnopaque_le.ddl /home/byrn/HDF_Projects/hdf5/build/ci-StdShar-GNUC/tools/test/h5dump/testfiles/std/tbitnopaque_le.ddl
[2186/4114] cd /home/byrn/HDF_Projects/hdf5/build/ci-StdShar-GNUC/tools/test/h5dump && /usr/bin/cmake -E copy_if_different /home/byrn/HDF_Projects/hdf5/dev/tools/test/h5dump/expected/tboot2A.ddl /home/byrn/HDF_Projects/hdf5/build/ci-StdShar-GNUC/tools/test/h5dump/testfiles/std/tboot2A.ddl
[2187/4114] cd /home/byrn/HDF_Projects/hdf5/build/ci-StdShar-GNUC/tools/test/h5dump && /usr/bin/cmake -E copy_if_different /home/byrn/HDF_Projects/hdf5/dev/tools/test/h5dump/expected/tboot2B.ddl /home/byrn/HDF_Projects/hdf5/build/ci-StdShar-GNUC/tools/test/h5dump/testfiles/std/tboot2B.ddl
[2188/4114] cd /home/byrn/HDF_Projects/hdf5/build/ci-StdShar-GNUC/tools/test/h5dump && /usr/bin/cmake -E copy_if_different /home/byrn/HDF_Projects/hdf5/dev/tools/test/h5dump/expected/tboot2.ddl /home/byrn/HDF_Projects/hdf5/build/ci-StdShar-GNUC/tools/test/h5dump/testfiles/std/tboot2.ddl
[2189/4114] cd /home/byrn/HDF_Projects/hdf5/build/ci-StdShar-GNUC/tools/test/h5dump && /usr/bin/cmake -E copy_if_different /home/byrn/HDF_Projects/hdf5/dev/tools/test/h5dump/testfiles/tchar.h5 /home/byrn/HDF_Projects/hdf5/build/ci-StdShar-GNUC/tools/test/h5dump/testfiles/std/tchar.h5
[2190/4114] cd /home/byrn/HDF_Projects/hdf5/build/ci-StdShar-GNUC/tools/test/h5dump && /usr/bin/cmake -E copy_if_different /home/byrn/HDF_Projects/hdf5/dev/tools/test/h5dump/expected/tchar1.ddl /home/byrn/HDF_Projects/hdf5/build/ci-StdShar-GNUC/tools/test/h5dump/testfiles/std/tchar1.ddl
[2191/4114] cd /home/byrn/HDF_Projects/hdf5/build/ci-StdShar-GNUC/tools/test/h5dump && /usr/bin/cmake -E copy_if_different /home/byrn/HDF_Projects/hdf5/dev/tools/test/h5dump/expected/tchunked.ddl /home/byrn/HDF_Projects/hdf5/build/ci-StdShar-GNUC/tools/test/h5dump/testfiles/std/tchunked.ddl
[2192/4114] cd /home/byrn/HDF_Projects/hdf5/build/ci-StdShar-GNUC/tools/test/h5dump && /usr/bin/cmake -E copy_if_different /home/byrn/HDF_Projects/hdf5/dev/tools/test/h5dump/expected/tcmpdattrintsize.ddl /home/byrn/HDF_Projects/hdf5/build/ci-StdShar-GNUC/tools/test/h5dump/testfiles/std/tcmpdattrintsize.ddl
[2193/4114] cd /home/byrn/HDF_Projects/hdf5/build/ci-StdShar-GNUC/tools/test/h5dump && /usr/bin/cmake -E copy_if_different /home/byrn/HDF_Projects/hdf5/dev/tools/test/h5dump/testfiles/tcmpdattrintsize.h5 /home/byrn/HDF_Projects/hdf5/build/ci-StdShar-GNUC/tools/test/h5dump/testfiles/std/tcmpdattrintsize.h5
[2194/4114] cd /home/byrn/HDF_Projects/hdf5/build/ci-StdShar-GNUC/tools/test/h5dump && /usr/bin/cmake -E copy_if_different /home/byrn/HDF_Projects/hdf5/dev/tools/test/h5dump/expected/tcmpdintarray.ddl /home/byrn/HDF_Projects/hdf5/build/ci-StdShar-GNUC/tools/test/h5dump/testfiles/std/tcmpdintarray.ddl
[2195/4114] cd /home/byrn/HDF_Projects/hdf5/build/ci-StdShar-GNUC/tools/test/h5dump && /usr/bin/cmake -E copy_if_different /home/byrn/HDF_Projects/hdf5/dev/tools/test/h5dump/testfiles/tcmpdintarray.h5 /home/byrn/HDF_Projects/hdf5/build/ci-StdShar-GNUC/tools/test/h5dump/testfiles/std/tcmpdintarray.h5
[2196/4114] cd /home/byrn/HDF_Projects/hdf5/build/ci-StdShar-GNUC/tools/test/h5dump && /usr/bin/cmake -E copy_if_different /home/byrn/HDF_Projects/hdf5/dev/tools/test/h5dump/expected/tcmpdints.ddl /home/byrn/HDF_Projects/hdf5/build/ci-StdShar-GNUC/tools/test/h5dump/testfiles/std/tcmpdints.ddl
[2197/4114] cd /home/byrn/HDF_Projects/hdf5/build/ci-StdShar-GNUC/tools/test/h5dump && /usr/bin/cmake -E copy_if_different /home/byrn/HDF_Projects/hdf5/dev/tools/test/h5dump/testfiles/tcmpdints.h5 /home/byrn/HDF_Projects/hdf5/build/ci-StdShar-GNUC/tools/test/h5dump/testfiles/std/tcmpdints.h5
[2198/4114] cd /home/byrn/HDF_Projects/hdf5/build/ci-StdShar-GNUC/tools/test/h5dump && /usr/bin/cmake -E copy_if_different /home/byrn/HDF_Projects/hdf5/dev/tools/test/h5dump/testfiles/tcmpdintsize.h5 /home/byrn/HDF_Projects/hdf5/build/ci-StdShar-GNUC/tools/test/h5dump/testfiles/std/tcmpdintsize.h5
[2199/4114] cd /home/byrn/HDF_Projects/hdf5/build/ci-StdShar-GNUC/tools/test/h5dump && /usr/bin/cmake -E copy_if_different /home/byrn/HDF_Projects/hdf5/dev/tools/test/h5dump/expected/tcomp-1.ddl /home/byrn/HDF_Projects/hdf5/build/ci-StdShar-GNUC/tools/test/h5dump/testfiles/std/tcomp-1.ddl
[2200/4114] cd /home/byrn/HDF_Projects/hdf5/build/ci-StdShar-GNUC/tools/test/h5dump && /usr/bin/cmake -E copy_if_different /home/byrn/HDF_Projects/hdf5/dev/tools/test/h5dump/expected/tcomp-2.ddl /home/byrn/HDF_Projects/hdf5/build/ci-StdShar-GNUC/tools/test/h5dump/testfiles/std/tcomp-2.ddl-N
[2201/4114] cd /home/byrn/HDF_Projects/hdf5/build/ci-StdShar-GNUC/tools/test/h5dump && /usr/bin/cmake -E copy_if_different /home/byrn/HDF_Projects/hdf5/dev/tools/test/h5dump/expected/tcomp-3.ddl /home/byrn/HDF_Projects/hdf5/build/ci-StdShar-GNUC/tools/test/h5dump/testfiles/std/tcomp-3.ddl
[2202/4114] cd /home/byrn/HDF_Projects/hdf5/build/ci-StdShar-GNUC/tools/test/h5dump && /usr/bin/cmake -E copy_if_different /home/byrn/HDF_Projects/hdf5/dev/tools/test/h5dump/expected/tcmpdintsize.ddl /home/byrn/HDF_Projects/hdf5/build/ci-StdShar-GNUC/tools/test/h5dump/testfiles/std/tcmpdintsize.ddl
[2203/4114] cd /home/byrn/HDF_Projects/hdf5/build/ci-StdShar-GNUC/tools/test/h5dump && /usr/bin/cmake -E copy_if_different /home/byrn/HDF_Projects/hdf5/dev/tools/test/h5dump/expected/tcomp-2.ddl /home/byrn/HDF_Projects/hdf5/build/ci-StdShar-GNUC/tools/test/h5dump/testfiles/std/tcomp-2.ddl
[2204/4114] cd /home/byrn/HDF_Projects/hdf5/build/ci-StdShar-GNUC/tools/test/h5dump && /usr/bin/cmake -E copy_if_different /home/byrn/HDF_Projects/hdf5/dev/tools/test/h5dump/expected/tcomp-4.ddl /home/byrn/HDF_Projects/hdf5/build/ci-StdShar-GNUC/tools/test/h5dump/testfiles/std/tcomp-4.ddl
[2205/4114] cd /home/byrn/HDF_Projects/hdf5/build/ci-StdShar-GNUC/tools/test/h5dump && /usr/bin/cmake -E copy_if_different /home/byrn/HDF_Projects/hdf5/dev/tools/test/h5dump/testfiles/tcompound.h5 /home/byrn/HDF_Projects/hdf5/build/ci-StdShar-GNUC/tools/test/h5dump/testfiles/std/tcompound.h5
[2206/4114] cd /home/byrn/HDF_Projects/hdf5/build/ci-StdShar-GNUC/tools/test/h5dump && /usr/bin/cmake -E copy_if_different /home/byrn/HDF_Projects/hdf5/dev/tools/test/h5dump/testfiles/tcompound_complex.h5 /home/byrn/HDF_Projects/hdf5/build/ci-StdShar-GNUC/tools/test/h5dump/testfiles/std/tcompound_complex.h5
[2207/4114] cd /home/byrn/HDF_Projects/hdf5/build/ci-StdShar-GNUC/tools/test/h5dump && /usr/bin/cmake -E copy_if_different /home/byrn/HDF_Projects/hdf5/dev/tools/test/h5dump/expected/tcompound_complex2.ddl /home/byrn/HDF_Projects/hdf5/build/ci-StdShar-GNUC/tools/test/h5dump/testfiles/std/tcompound_complex2.ddl
[2208/4114] cd /home/byrn/HDF_Projects/hdf5/build/ci-StdShar-GNUC/tools/test/h5dump && /usr/bin/cmake -E copy_if_different /home/byrn/HDF_Projects/hdf5/dev/tools/test/h5dump/expected/tcompact.ddl /home/byrn/HDF_Projects/hdf5/build/ci-StdShar-GNUC/tools/test/h5dump/testfiles/std/tcompact.ddl
[2209/4114] cd /home/byrn/HDF_Projects/hdf5/build/ci-StdShar-GNUC/tools/test/h5dump && /usr/bin/cmake -E copy_if_different /home/byrn/HDF_Projects/hdf5/dev/tools/test/h5dump/testfiles/tcompound_complex2.h5 /home/byrn/HDF_Projects/hdf5/build/ci-StdShar-GNUC/tools/test/h5dump/testfiles/std/tcompound_complex2.h5
[2210/4114] cd /home/byrn/HDF_Projects/hdf5/build/ci-StdShar-GNUC/tools/test/h5dump && /usr/bin/cmake -E copy_if_different /home/byrn/HDF_Projects/hdf5/dev/tools/test/h5dump/expected/tcontents.ddl /home/byrn/HDF_Projects/hdf5/build/ci-StdShar-GNUC/tools/test/h5dump/testfiles/std/tcontents.ddl
[2211/4114] cd /home/byrn/HDF_Projects/hdf5/build/ci-StdShar-GNUC/tools/test/h5dump && /usr/bin/cmake -E copy_if_different /home/byrn/HDF_Projects/hdf5/dev/tools/test/h5dump/expected/tdatareg.ddl /home/byrn/HDF_Projects/hdf5/build/ci-StdShar-GNUC/tools/test/h5dump/testfiles/std/tdatareg.ddl
[2212/4114] cd /home/byrn/HDF_Projects/hdf5/build/ci-StdShar-GNUC/tools/test/h5dump && /usr/bin/cmake -E copy_if_different /home/byrn/HDF_Projects/hdf5/dev/tools/test/h5dump/testfiles/tdatareg.h5 /home/byrn/HDF_Projects/hdf5/build/ci-StdShar-GNUC/tools/test/h5dump/testfiles/std/tdatareg.h5
[2213/4114] cd /home/byrn/HDF_Projects/hdf5/build/ci-StdShar-GNUC/tools/test/h5dump && /usr/bin/cmake -E copy_if_different /home/byrn/HDF_Projects/hdf5/dev/tools/test/h5dump/expected/tcontiguos.ddl /home/byrn/HDF_Projects/hdf5/build/ci-StdShar-GNUC/tools/test/h5dump/testfiles/std/tcontiguos.ddl
[2214/4114] cd /home/byrn/HDF_Projects/hdf5/build/ci-StdShar-GNUC/tools/test/h5dump && /usr/bin/cmake -E copy_if_different /home/byrn/HDF_Projects/hdf5/dev/tools/test/h5dump/expected/tdataregR.ddl /home/byrn/HDF_Projects/hdf5/build/ci-StdShar-GNUC/tools/test/h5dump/testfiles/std/tdataregR.ddl
[2215/4114] cd /home/byrn/HDF_Projects/hdf5/build/ci-StdShar-GNUC/tools/test/h5dump && /usr/bin/cmake -E copy_if_different /home/byrn/HDF_Projects/hdf5/dev/tools/test/h5dump/expected/tdeflate.ddl /home/byrn/HDF_Projects/hdf5/build/ci-StdShar-GNUC/tools/test/h5dump/testfiles/std/tdeflate.ddl
[2216/4114] cd /home/byrn/HDF_Projects/hdf5/build/ci-StdShar-GNUC/tools/test/h5dump && /usr/bin/cmake -E copy_if_different /home/byrn/HDF_Projects/hdf5/dev/tools/test/h5dump/expected/tdset-2.ddl /home/byrn/HDF_Projects/hdf5/build/ci-StdShar-GNUC/tools/test/h5dump/testfiles/std/tdset-2.ddl
[2217/4114] cd /home/byrn/HDF_Projects/hdf5/build/ci-StdShar-GNUC/tools/test/h5dump && /usr/bin/cmake -E copy_if_different /home/byrn/HDF_Projects/hdf5/dev/tools/test/h5dump/expected/tdset-3s.ddl /home/byrn/HDF_Projects/hdf5/build/ci-StdShar-GNUC/tools/test/h5dump/testfiles/std/tdset-3s.ddl
[2218/4114] cd /home/byrn/HDF_Projects/hdf5/build/ci-StdShar-GNUC/tools/test/h5dump && /usr/bin/cmake -E copy_if_different /home/byrn/HDF_Projects/hdf5/dev/tools/test/h5dump/expected/tempty.ddl /home/byrn/HDF_Projects/hdf5/build/ci-StdShar-GNUC/tools/test/h5dump/testfiles/std/tempty.ddl
[2219/4114] cd /home/byrn/HDF_Projects/hdf5/build/ci-StdShar-GNUC/tools/test/h5dump && /usr/bin/cmake -E copy_if_different /home/byrn/HDF_Projects/hdf5/dev/tools/test/h5dump/expected/tdset-1.ddl /home/byrn/HDF_Projects/hdf5/build/ci-StdShar-GNUC/tools/test/h5dump/testfiles/std/tdset-1.ddl
[2220/4114] cd /home/byrn/HDF_Projects/hdf5/build/ci-StdShar-GNUC/tools/test/h5dump && /usr/bin/cmake -E copy_if_different /home/byrn/HDF_Projects/hdf5/dev/tools/test/h5dump/testfiles/tdset.h5 /home/byrn/HDF_Projects/hdf5/build/ci-StdShar-GNUC/tools/test/h5dump/testfiles/std/tdset.h5
[2221/4114] cd /home/byrn/HDF_Projects/hdf5/build/ci-StdShar-GNUC/tools/test/h5dump && /usr/bin/cmake -E copy_if_different /home/byrn/HDF_Projects/hdf5/dev/tools/test/h5dump/testfiles/tempty.h5 /home/byrn/HDF_Projects/hdf5/build/ci-StdShar-GNUC/tools/test/h5dump/testfiles/std/tempty.h5
[2222/4114] cd /home/byrn/HDF_Projects/hdf5/build/ci-StdShar-GNUC/tools/test/h5dump && /usr/bin/cmake -E copy_if_different /home/byrn/HDF_Projects/hdf5/dev/tools/test/h5dump/expected/texceedsubcount.ddl /home/byrn/HDF_Projects/hdf5/build/ci-StdShar-GNUC/tools/test/h5dump/testfiles/std/texceedsubcount.ddl
[2223/4114] cd /home/byrn/HDF_Projects/hdf5/build/ci-StdShar-GNUC/tools/test/h5dump && /usr/bin/cmake -E copy_if_different /home/byrn/HDF_Projects/hdf5/dev/tools/test/h5dump/expected/texceedsubblock.ddl /home/byrn/HDF_Projects/hdf5/build/ci-StdShar-GNUC/tools/test/h5dump/testfiles/std/texceedsubblock.ddl
[2224/4114] cd /home/byrn/HDF_Projects/hdf5/build/ci-StdShar-GNUC/tools/test/h5dump && /usr/bin/cmake -E copy_if_different /home/byrn/HDF_Projects/hdf5/dev/tools/test/h5dump/expected/texceedsubstart.ddl /home/byrn/HDF_Projects/hdf5/build/ci-StdShar-GNUC/tools/test/h5dump/testfiles/std/texceedsubstart.ddl
[2225/4114] cd /home/byrn/HDF_Projects/hdf5/build/ci-StdShar-GNUC/tools/test/h5dump && /usr/bin/cmake -E copy_if_different /home/byrn/HDF_Projects/hdf5/dev/tools/test/h5dump/expected/texceedsubstride.ddl /home/byrn/HDF_Projects/hdf5/build/ci-StdShar-GNUC/tools/test/h5dump/testfiles/std/texceedsubstride.ddl
[2226/4114] cd /home/byrn/HDF_Projects/hdf5/build/ci-StdShar-GNUC/tools/test/h5dump && /usr/bin/cmake -E copy_if_different /home/byrn/HDF_Projects/hdf5/dev/tools/test/h5dump/expected/texternal.ddl /home/byrn/HDF_Projects/hdf5/build/ci-StdShar-GNUC/tools/test/h5dump/testfiles/std/texternal.ddl
[2227/4114] cd /home/byrn/HDF_Projects/hdf5/build/ci-StdShar-GNUC/tools/test/h5dump && /usr/bin/cmake -E copy_if_different /home/byrn/HDF_Projects/hdf5/dev/tools/test/h5dump/expected/textlink.ddl /home/byrn/HDF_Projects/hdf5/build/ci-StdShar-GNUC/tools/test/h5dump/testfiles/std/textlink.ddl
[2228/4114] cd /home/byrn/HDF_Projects/hdf5/build/ci-StdShar-GNUC/tools/test/h5dump && /usr/bin/cmake -E copy_if_different /home/byrn/HDF_Projects/hdf5/dev/tools/test/h5dump/testfiles/textlink.h5 /home/byrn/HDF_Projects/hdf5/build/ci-StdShar-GNUC/tools/test/h5dump/testfiles/std/textlink.h5
[2229/4114] cd /home/byrn/HDF_Projects/hdf5/build/ci-StdShar-GNUC/tools/test/h5dump && /usr/bin/cmake -E copy_if_different /home/byrn/HDF_Projects/hdf5/dev/tools/test/h5dump/expected/textlinkfar.ddl /home/byrn/HDF_Projects/hdf5/build/ci-StdShar-GNUC/tools/test/h5dump/testfiles/std/textlinkfar.ddl
[2230/4114] cd /home/byrn/HDF_Projects/hdf5/build/ci-StdShar-GNUC/tools/test/h5dump && /usr/bin/cmake -E copy_if_different /home/byrn/HDF_Projects/hdf5/dev/tools/test/h5dump/testfiles/textlinkfar.h5 /home/byrn/HDF_Projects/hdf5/build/ci-StdShar-GNUC/tools/test/h5dump/testfiles/std/textlinkfar.h5
[2231/4114] cd /home/byrn/HDF_Projects/hdf5/build/ci-StdShar-GNUC/tools/test/h5dump && /usr/bin/cmake -E copy_if_different /home/byrn/HDF_Projects/hdf5/dev/tools/test/h5dump/testfiles/textlinksrc.h5 /home/byrn/HDF_Projects/hdf5/build/ci-StdShar-GNUC/tools/test/h5dump/testfiles/std/textlinksrc.h5
[2232/4114] cd /home/byrn/HDF_Projects/hdf5/build/ci-StdShar-GNUC/tools/test/h5dump && /usr/bin/cmake -E copy_if_different /home/byrn/HDF_Projects/hdf5/dev/tools/test/h5dump/expected/textlinksrc.ddl /home/byrn/HDF_Projects/hdf5/build/ci-StdShar-GNUC/tools/test/h5dump/testfiles/std/textlinksrc.ddl
[2233/4114] cd /home/byrn/HDF_Projects/hdf5/build/ci-StdShar-GNUC/tools/test/h5dump && /usr/bin/cmake -E copy_if_different /home/byrn/HDF_Projects/hdf5/dev/tools/test/h5dump/expected/tfamily.ddl /home/byrn/HDF_Projects/hdf5/build/ci-StdShar-GNUC/tools/test/h5dump/testfiles/std/tfamily.ddl
[2234/4114] cd /home/byrn/HDF_Projects/hdf5/build/ci-StdShar-GNUC/tools/test/h5dump && /usr/bin/cmake -E copy_if_different /home/byrn/HDF_Projects/hdf5/dev/tools/test/h5dump/testfiles/tfamily00000.h5 /home/byrn/HDF_Projects/hdf5/build/ci-StdShar-GNUC/tools/test/h5dump/testfiles/std/tfamily00000.h5
[2235/4114] cd /home/byrn/HDF_Projects/hdf5/build/ci-StdShar-GNUC/tools/test/h5dump && /usr/bin/cmake -E copy_if_different /home/byrn/HDF_Projects/hdf5/dev/tools/test/h5dump/testfiles/textlinktar.h5 /home/byrn/HDF_Projects/hdf5/build/ci-StdShar-GNUC/tools/test/h5dump/testfiles/std/textlinktar.h5
[2236/4114] cd /home/byrn/HDF_Projects/hdf5/build/ci-StdShar-GNUC/tools/test/h5dump && /usr/bin/cmake -E copy_if_different /home/byrn/HDF_Projects/hdf5/dev/tools/test/h5dump/testfiles/tfamily00001.h5 /home/byrn/HDF_Projects/hdf5/build/ci-StdShar-GNUC/tools/test/h5dump/testfiles/std/tfamily00001.h5
[2237/4114] cd /home/byrn/HDF_Projects/hdf5/build/ci-StdShar-GNUC/tools/test/h5dump && /usr/bin/cmake -E copy_if_different /home/byrn/HDF_Projects/hdf5/dev/tools/test/h5dump/testfiles/tfamily00002.h5 /home/byrn/HDF_Projects/hdf5/build/ci-StdShar-GNUC/tools/test/h5dump/testfiles/std/tfamily00002.h5
[2238/4114] cd /home/byrn/HDF_Projects/hdf5/build/ci-StdShar-GNUC/tools/test/h5dump && /usr/bin/cmake -E copy_if_different /home/byrn/HDF_Projects/hdf5/dev/tools/test/h5dump/testfiles/tfamily00003.h5 /home/byrn/HDF_Projects/hdf5/build/ci-StdShar-GNUC/tools/test/h5dump/testfiles/std/tfamily00003.h5
[2239/4114] cd /home/byrn/HDF_Projects/hdf5/build/ci-StdShar-GNUC/tools/test/h5dump && /usr/bin/cmake -E copy_if_different /home/byrn/HDF_Projects/hdf5/dev/tools/test/h5dump/testfiles/tfamily00005.h5 /home/byrn/HDF_Projects/hdf5/build/ci-StdShar-GNUC/tools/test/h5dump/testfiles/std/tfamily00005.h5
[2240/4114] cd /home/byrn/HDF_Projects/hdf5/build/ci-StdShar-GNUC/tools/test/h5dump && /usr/bin/cmake -E copy_if_different /home/byrn/HDF_Projects/hdf5/dev/tools/test/h5dump/testfiles/tfamily00006.h5 /home/byrn/HDF_Projects/hdf5/build/ci-StdShar-GNUC/tools/test/h5dump/testfiles/std/tfamily00006.h5
[2241/4114] cd /home/byrn/HDF_Projects/hdf5/build/ci-StdShar-GNUC/tools/test/h5dump && /usr/bin/cmake -E copy_if_different /home/byrn/HDF_Projects/hdf5/dev/tools/test/h5dump/testfiles/tfamily00004.h5 /home/byrn/HDF_Projects/hdf5/build/ci-StdShar-GNUC/tools/test/h5dump/testfiles/std/tfamily00004.h5
[2242/4114] cd /home/byrn/HDF_Projects/hdf5/build/ci-StdShar-GNUC/tools/test/h5dump && /usr/bin/cmake -E copy_if_different /home/byrn/HDF_Projects/hdf5/dev/tools/test/h5dump/testfiles/tfamily00007.h5 /home/byrn/HDF_Projects/hdf5/build/ci-StdShar-GNUC/tools/test/h5dump/testfiles/std/tfamily00007.h5
[2243/4114] cd /home/byrn/HDF_Projects/hdf5/build/ci-StdShar-GNUC/tools/test/h5dump && /usr/bin/cmake -E copy_if_different /home/byrn/HDF_Projects/hdf5/dev/tools/test/h5dump/testfiles/tfamily00008.h5 /home/byrn/HDF_Projects/hdf5/build/ci-StdShar-GNUC/tools/test/h5dump/testfiles/std/tfamily00008.h5
[2244/4114] cd /home/byrn/HDF_Projects/hdf5/build/ci-StdShar-GNUC/tools/test/h5dump && /usr/bin/cmake -E copy_if_different /home/byrn/HDF_Projects/hdf5/dev/tools/test/h5dump/testfiles/tfamily00009.h5 /home/byrn/HDF_Projects/hdf5/build/ci-StdShar-GNUC/tools/test/h5dump/testfiles/std/tfamily00009.h5
[2245/4114] cd /home/byrn/HDF_Projects/hdf5/build/ci-StdShar-GNUC/tools/test/h5dump && /usr/bin/cmake -E copy_if_different /home/byrn/HDF_Projects/hdf5/dev/tools/test/h5dump/testfiles/tfamily00010.h5 /home/byrn/HDF_Projects/hdf5/build/ci-StdShar-GNUC/tools/test/h5dump/testfiles/std/tfamily00010.h5
[2246/4114] cd /home/byrn/HDF_Projects/hdf5/build/ci-StdShar-GNUC/tools/test/h5dump && /usr/bin/cmake -E copy_if_different /home/byrn/HDF_Projects/hdf5/dev/tools/test/h5dump/testfiles/tfcontents2.h5 /home/byrn/HDF_Projects/hdf5/build/ci-StdShar-GNUC/tools/test/h5dump/testfiles/std/tfcontents2.h5
[2247/4114] cd /home/byrn/HDF_Projects/hdf5/build/ci-StdShar-GNUC/tools/test/h5dump && /usr/bin/cmake -E copy_if_different /home/byrn/HDF_Projects/hdf5/dev/tools/test/h5dump/testfiles/tfcontents1.h5 /home/byrn/HDF_Projects/hdf5/build/ci-StdShar-GNUC/tools/test/h5dump/testfiles/std/tfcontents1.h5
[2248/4114] cd /home/byrn/HDF_Projects/hdf5/build/ci-StdShar-GNUC/tools/test/h5dump && /usr/bin/cmake -E copy_if_different /home/byrn/HDF_Projects/hdf5/dev/tools/test/h5dump/expected/tfill.ddl /home/byrn/HDF_Projects/hdf5/build/ci-StdShar-GNUC/tools/test/h5dump/testfiles/std/tfill.ddl
[2249/4114] cd /home/byrn/HDF_Projects/hdf5/build/ci-StdShar-GNUC/tools/test/h5dump && /usr/bin/cmake -E copy_if_different /home/byrn/HDF_Projects/hdf5/dev/tools/test/h5dump/expected/tfletcher32.ddl /home/byrn/HDF_Projects/hdf5/build/ci-StdShar-GNUC/tools/test/h5dump/testfiles/std/tfletcher32.ddl
[2250/4114] cd /home/byrn/HDF_Projects/hdf5/build/ci-StdShar-GNUC/tools/test/h5dump && /usr/bin/cmake -E copy_if_different /home/byrn/HDF_Projects/hdf5/dev/tools/test/h5dump/testfiles/tfilters.h5 /home/byrn/HDF_Projects/hdf5/build/ci-StdShar-GNUC/tools/test/h5dump/testfiles/std/tfilters.h5
[2251/4114] cd /home/byrn/HDF_Projects/hdf5/build/ci-StdShar-GNUC/tools/test/h5dump && /usr/bin/cmake -E copy_if_different /home/byrn/HDF_Projects/hdf5/dev/tools/test/h5dump/expected/tfloat16.ddl /home/byrn/HDF_Projects/hdf5/build/ci-StdShar-GNUC/tools/test/h5dump/testfiles/std/tfloat16.ddl
[2252/4114] cd /home/byrn/HDF_Projects/hdf5/build/ci-StdShar-GNUC/tools/test/h5dump && /usr/bin/cmake -E copy_if_different /home/byrn/HDF_Projects/hdf5/dev/tools/test/h5dump/testfiles/tfloat16.h5 /home/byrn/HDF_Projects/hdf5/build/ci-StdShar-GNUC/tools/test/h5dump/testfiles/std/tfloat16.h5
[2253/4114] cd /home/byrn/HDF_Projects/hdf5/build/ci-StdShar-GNUC/tools/test/h5dump && /usr/bin/cmake -E copy_if_different /home/byrn/HDF_Projects/hdf5/dev/tools/test/h5dump/expected/tfloat16_be.ddl /home/byrn/HDF_Projects/hdf5/build/ci-StdShar-GNUC/tools/test/h5dump/testfiles/std/tfloat16_be.ddl
[2254/4114] cd /home/byrn/HDF_Projects/hdf5/build/ci-StdShar-GNUC/tools/test/h5dump && /usr/bin/cmake -E copy_if_different /home/byrn/HDF_Projects/hdf5/dev/tools/test/h5dump/testfiles/tfloat16_be.h5 /home/byrn/HDF_Projects/hdf5/build/ci-StdShar-GNUC/tools/test/h5dump/testfiles/std/tfloat16_be.h5
[2255/4114] cd /home/byrn/HDF_Projects/hdf5/build/ci-StdShar-GNUC/tools/test/h5dump && /usr/bin/cmake -E copy_if_different /home/byrn/HDF_Projects/hdf5/dev/tools/test/h5dump/expected/tfloatsattrs.ddl /home/byrn/HDF_Projects/hdf5/build/ci-StdShar-GNUC/tools/test/h5dump/testfiles/std/tfloatsattrs.ddl
[2256/4114] cd /home/byrn/HDF_Projects/hdf5/build/ci-StdShar-GNUC/tools/test/h5dump && /usr/bin/cmake -E copy_if_different /home/byrn/HDF_Projects/hdf5/dev/tools/test/h5dump/testfiles/tfloatsattrs.h5 /home/byrn/HDF_Projects/hdf5/build/ci-StdShar-GNUC/tools/test/h5dump/testfiles/std/tfloatsattrs.h5
[2257/4114] cd /home/byrn/HDF_Projects/hdf5/build/ci-StdShar-GNUC/tools/test/h5dump && /usr/bin/cmake -E copy_if_different /home/byrn/HDF_Projects/hdf5/dev/tools/test/h5dump/expected/tfpformat.ddl /home/byrn/HDF_Projects/hdf5/build/ci-StdShar-GNUC/tools/test/h5dump/testfiles/std/tfpformat.ddl
[2258/4114] cd /home/byrn/HDF_Projects/hdf5/build/ci-StdShar-GNUC/tools/test/h5dump && /usr/bin/cmake -E copy_if_different /home/byrn/HDF_Projects/hdf5/dev/tools/test/h5dump/expected/tgroup-1.ddl /home/byrn/HDF_Projects/hdf5/build/ci-StdShar-GNUC/tools/test/h5dump/testfiles/std/tgroup-1.ddl
[2259/4114] cd /home/byrn/HDF_Projects/hdf5/build/ci-StdShar-GNUC/tools/test/h5dump && /usr/bin/cmake -E copy_if_different /home/byrn/HDF_Projects/hdf5/dev/tools/test/h5dump/expected/tgroup-2.ddl /home/byrn/HDF_Projects/hdf5/build/ci-StdShar-GNUC/tools/test/h5dump/testfiles/std/tgroup-2.ddl
[2260/4114] cd /home/byrn/HDF_Projects/hdf5/build/ci-StdShar-GNUC/tools/test/h5dump && /usr/bin/cmake -E copy_if_different /home/byrn/HDF_Projects/hdf5/dev/tools/test/h5dump/testfiles/tfvalues.h5 /home/byrn/HDF_Projects/hdf5/build/ci-StdShar-GNUC/tools/test/h5dump/testfiles/std/tfvalues.h5
[2261/4114] cd /home/byrn/HDF_Projects/hdf5/build/ci-StdShar-GNUC/tools/test/h5dump && /usr/bin/cmake -E copy_if_different /home/byrn/HDF_Projects/hdf5/dev/tools/test/h5dump/expected/tgrp_comments.ddl /home/byrn/HDF_Projects/hdf5/build/ci-StdShar-GNUC/tools/test/h5dump/testfiles/std/tgrp_comments.ddl
[2262/4114] cd /home/byrn/HDF_Projects/hdf5/build/ci-StdShar-GNUC/tools/test/h5dump && /usr/bin/cmake -E copy_if_different /home/byrn/HDF_Projects/hdf5/dev/tools/test/h5dump/testfiles/tfpformat.h5 /home/byrn/HDF_Projects/hdf5/build/ci-StdShar-GNUC/tools/test/h5dump/testfiles/std/tfpformat.h5
[2263/4114] cd /home/byrn/HDF_Projects/hdf5/build/ci-StdShar-GNUC/tools/test/h5dump && /usr/bin/cmake -E copy_if_different /home/byrn/HDF_Projects/hdf5/dev/tools/test/h5dump/testfiles/tgroup.h5 /home/byrn/HDF_Projects/hdf5/build/ci-StdShar-GNUC/tools/test/h5dump/testfiles/std/tgroup.h5
[2264/4114] cd /home/byrn/HDF_Projects/hdf5/build/ci-StdShar-GNUC/tools/test/h5dump && /usr/bin/cmake -E copy_if_different /home/byrn/HDF_Projects/hdf5/dev/tools/test/h5dump/testfiles/tgrpnullspace.h5 /home/byrn/HDF_Projects/hdf5/build/ci-StdShar-GNUC/tools/test/h5dump/testfiles/std/tgrpnullspace.h5
[2265/4114] cd /home/byrn/HDF_Projects/hdf5/build/ci-StdShar-GNUC/tools/test/h5dump && /usr/bin/cmake -E copy_if_different /home/byrn/HDF_Projects/hdf5/dev/tools/test/h5dump/testfiles/tgrp_comments.h5 /home/byrn/HDF_Projects/hdf5/build/ci-StdShar-GNUC/tools/test/h5dump/testfiles/std/tgrp_comments.h5
[2266/4114] cd /home/byrn/HDF_Projects/hdf5/build/ci-StdShar-GNUC/tools/test/h5dump && /usr/bin/cmake -E copy_if_different /home/byrn/HDF_Projects/hdf5/dev/tools/test/h5dump/expected/thlink-1.ddl /home/byrn/HDF_Projects/hdf5/build/ci-StdShar-GNUC/tools/test/h5dump/testfiles/std/thlink-1.ddl
[2267/4114] cd /home/byrn/HDF_Projects/hdf5/build/ci-StdShar-GNUC/tools/test/h5dump && /usr/bin/cmake -E copy_if_different /home/byrn/HDF_Projects/hdf5/dev/tools/test/h5dump/expected/thlink-2.ddl /home/byrn/HDF_Projects/hdf5/build/ci-StdShar-GNUC/tools/test/h5dump/testfiles/std/thlink-2.ddl
[2268/4114] cd /home/byrn/HDF_Projects/hdf5/build/ci-StdShar-GNUC/tools/test/h5dump && /usr/bin/cmake -E copy_if_different /home/byrn/HDF_Projects/hdf5/dev/tools/test/h5dump/expected/tgrpnullspace.ddl /home/byrn/HDF_Projects/hdf5/build/ci-StdShar-GNUC/tools/test/h5dump/testfiles/std/tgrpnullspace.ddl
[2269/4114] cd /home/byrn/HDF_Projects/hdf5/build/ci-StdShar-GNUC/tools/test/h5dump && /usr/bin/cmake -E copy_if_different /home/byrn/HDF_Projects/hdf5/dev/tools/test/h5dump/expected/thlink-3.ddl /home/byrn/HDF_Projects/hdf5/build/ci-StdShar-GNUC/tools/test/h5dump/testfiles/std/thlink-3.ddl
[2270/4114] cd /home/byrn/HDF_Projects/hdf5/build/ci-StdShar-GNUC/tools/test/h5dump && /usr/bin/cmake -E copy_if_different /home/byrn/HDF_Projects/hdf5/dev/tools/test/h5dump/expected/thlink-4.ddl /home/byrn/HDF_Projects/hdf5/build/ci-StdShar-GNUC/tools/test/h5dump/testfiles/std/thlink-4.ddl
[2271/4114] cd /home/byrn/HDF_Projects/hdf5/build/ci-StdShar-GNUC/tools/test/h5dump && /usr/bin/cmake -E copy_if_different /home/byrn/HDF_Projects/hdf5/dev/tools/test/h5dump/expected/thlink-4.ddl /home/byrn/HDF_Projects/hdf5/build/ci-StdShar-GNUC/tools/test/h5dump/testfiles/std/thlink-4.ddl-N
[2272/4114] cd /home/byrn/HDF_Projects/hdf5/build/ci-StdShar-GNUC/tools/test/h5dump && /usr/bin/cmake -E copy_if_different /home/byrn/HDF_Projects/hdf5/dev/tools/test/h5dump/expected/thlink-5.ddl /home/byrn/HDF_Projects/hdf5/build/ci-StdShar-GNUC/tools/test/h5dump/testfiles/std/thlink-5.ddl
[2273/4114] cd /home/byrn/HDF_Projects/hdf5/build/ci-StdShar-GNUC/tools/test/h5dump && /usr/bin/cmake -E copy_if_different /home/byrn/HDF_Projects/hdf5/dev/tools/test/h5dump/expected/thlink-5.ddl /home/byrn/HDF_Projects/hdf5/build/ci-StdShar-GNUC/tools/test/h5dump/testfiles/std/thlink-5.ddl-N
[2274/4114] cd /home/byrn/HDF_Projects/hdf5/build/ci-StdShar-GNUC/tools/test/h5dump && /usr/bin/cmake -E copy_if_different /home/byrn/HDF_Projects/hdf5/dev/tools/test/h5dump/testfiles/thlink.h5 /home/byrn/HDF_Projects/hdf5/build/ci-StdShar-GNUC/tools/test/h5dump/testfiles/std/thlink.h5
[2275/4114] cd /home/byrn/HDF_Projects/hdf5/build/ci-StdShar-GNUC/tools/test/h5dump && /usr/bin/cmake -E copy_if_different /home/byrn/HDF_Projects/hdf5/dev/tools/test/h5dump/expected/thyperslab.ddl /home/byrn/HDF_Projects/hdf5/build/ci-StdShar-GNUC/tools/test/h5dump/testfiles/std/thyperslab.ddl
[2276/4114] cd /home/byrn/HDF_Projects/hdf5/build/ci-StdShar-GNUC/tools/test/h5dump && /usr/bin/cmake -E copy_if_different /home/byrn/HDF_Projects/hdf5/dev/tools/test/h5dump/expected/tindicessub1.ddl /home/byrn/HDF_Projects/hdf5/build/ci-StdShar-GNUC/tools/test/h5dump/testfiles/std/tindicessub1.ddl
[2277/4114] cd /home/byrn/HDF_Projects/hdf5/build/ci-StdShar-GNUC/tools/test/h5dump && /usr/bin/cmake -E copy_if_different /home/byrn/HDF_Projects/hdf5/dev/tools/test/h5dump/expected/tindicesno.ddl /home/byrn/HDF_Projects/hdf5/build/ci-StdShar-GNUC/tools/test/h5dump/testfiles/std/tindicesno.ddl
[2278/4114] cd /home/byrn/HDF_Projects/hdf5/build/ci-StdShar-GNUC/tools/test/h5dump && /usr/bin/cmake -E copy_if_different /home/byrn/HDF_Projects/hdf5/dev/tools/test/h5dump/testfiles/thyperslab.h5 /home/byrn/HDF_Projects/hdf5/build/ci-StdShar-GNUC/tools/test/h5dump/testfiles/std/thyperslab.h5
[2279/4114] cd /home/byrn/HDF_Projects/hdf5/build/ci-StdShar-GNUC/tools/test/h5dump && /usr/bin/cmake -E copy_if_different /home/byrn/HDF_Projects/hdf5/dev/tools/test/h5dump/expected/tindicessub2.ddl /home/byrn/HDF_Projects/hdf5/build/ci-StdShar-GNUC/tools/test/h5dump/testfiles/std/tindicessub2.ddl
[2280/4114] cd /home/byrn/HDF_Projects/hdf5/build/ci-StdShar-GNUC/tools/test/h5dump && /usr/bin/cmake -E copy_if_different /home/byrn/HDF_Projects/hdf5/dev/tools/test/h5dump/expected/tindicessub3.ddl /home/byrn/HDF_Projects/hdf5/build/ci-StdShar-GNUC/tools/test/h5dump/testfiles/std/tindicessub3.ddl
[2281/4114] cd /home/byrn/HDF_Projects/hdf5/build/ci-StdShar-GNUC/tools/test/h5dump && /usr/bin/cmake -E copy_if_different /home/byrn/HDF_Projects/hdf5/dev/tools/test/h5dump/expected/tindicessub4.ddl /home/byrn/HDF_Projects/hdf5/build/ci-StdShar-GNUC/tools/test/h5dump/testfiles/std/tindicessub4.ddl
[2282/4114] cd /home/byrn/HDF_Projects/hdf5/build/ci-StdShar-GNUC/tools/test/h5dump && /usr/bin/cmake -E copy_if_different /home/byrn/HDF_Projects/hdf5/dev/tools/test/h5dump/expected/tindicesyes.ddl /home/byrn/HDF_Projects/hdf5/build/ci-StdShar-GNUC/tools/test/h5dump/testfiles/std/tindicesyes.ddl
[2283/4114] cd /home/byrn/HDF_Projects/hdf5/build/ci-StdShar-GNUC/tools/test/h5dump && /usr/bin/cmake -E copy_if_different /home/byrn/HDF_Projects/hdf5/dev/tools/test/h5dump/testfiles/tints4dims.h5 /home/byrn/HDF_Projects/hdf5/build/ci-StdShar-GNUC/tools/test/h5dump/testfiles/std/tints4dims.h5
[2284/4114] cd /home/byrn/HDF_Projects/hdf5/build/ci-StdShar-GNUC/tools/test/h5dump && /usr/bin/cmake -E copy_if_different /home/byrn/HDF_Projects/hdf5/dev/tools/test/h5dump/expected/tints4dims.ddl /home/byrn/HDF_Projects/hdf5/build/ci-StdShar-GNUC/tools/test/h5dump/testfiles/std/tints4dims.ddl
[2285/4114] cd /home/byrn/HDF_Projects/hdf5/build/ci-StdShar-GNUC/tools/test/h5dump && /usr/bin/cmake -E copy_if_different /home/byrn/HDF_Projects/hdf5/dev/tools/test/h5dump/expected/tints4dimsBlockEq.ddl /home/byrn/HDF_Projects/hdf5/build/ci-StdShar-GNUC/tools/test/h5dump/testfiles/std/tints4dimsBlockEq.ddl
[2286/4114] cd /home/byrn/HDF_Projects/hdf5/build/ci-StdShar-GNUC/tools/test/h5dump && /usr/bin/cmake -E copy_if_different /home/byrn/HDF_Projects/hdf5/dev/tools/test/h5dump/expected/tints4dimsBlock2.ddl /home/byrn/HDF_Projects/hdf5/build/ci-StdShar-GNUC/tools/test/h5dump/testfiles/std/tints4dimsBlock2.ddl
[2287/4114] cd /home/byrn/HDF_Projects/hdf5/build/ci-StdShar-GNUC/tools/test/h5dump && /usr/bin/cmake -E copy_if_different /home/byrn/HDF_Projects/hdf5/dev/tools/test/h5dump/expected/tints4dimsCountEq.ddl /home/byrn/HDF_Projects/hdf5/build/ci-StdShar-GNUC/tools/test/h5dump/testfiles/std/tints4dimsCountEq.ddl
[2288/4114] cd /home/byrn/HDF_Projects/hdf5/build/ci-StdShar-GNUC/tools/test/h5dump && /usr/bin/cmake -E copy_if_different /home/byrn/HDF_Projects/hdf5/dev/tools/test/h5dump/expected/tints4dimsStride2.ddl /home/byrn/HDF_Projects/hdf5/build/ci-StdShar-GNUC/tools/test/h5dump/testfiles/std/tints4dimsStride2.ddl
[2289/4114] cd /home/byrn/HDF_Projects/hdf5/build/ci-StdShar-GNUC/tools/test/h5dump && /usr/bin/cmake -E copy_if_different /home/byrn/HDF_Projects/hdf5/dev/tools/test/h5dump/expected/tints4dimsCount2.ddl /home/byrn/HDF_Projects/hdf5/build/ci-StdShar-GNUC/tools/test/h5dump/testfiles/std/tints4dimsCount2.ddl
[2290/4114] cd /home/byrn/HDF_Projects/hdf5/build/ci-StdShar-GNUC/tools/test/h5dump && /usr/bin/cmake -E copy_if_different /home/byrn/HDF_Projects/hdf5/dev/tools/test/h5dump/expected/tintsattrs.ddl /home/byrn/HDF_Projects/hdf5/build/ci-StdShar-GNUC/tools/test/h5dump/testfiles/std/tintsattrs.ddl
[2291/4114] cd /home/byrn/HDF_Projects/hdf5/build/ci-StdShar-GNUC/tools/test/h5dump && /usr/bin/cmake -E copy_if_different /home/byrn/HDF_Projects/hdf5/dev/tools/test/h5dump/testfiles/tintsattrs.h5 /home/byrn/HDF_Projects/hdf5/build/ci-StdShar-GNUC/tools/test/h5dump/testfiles/std/tintsattrs.h5
[2292/4114] cd /home/byrn/HDF_Projects/hdf5/build/ci-StdShar-GNUC/tools/test/h5dump && /usr/bin/cmake -E copy_if_different /home/byrn/HDF_Projects/hdf5/dev/tools/test/h5dump/expected/tintsnodata.ddl /home/byrn/HDF_Projects/hdf5/build/ci-StdShar-GNUC/tools/test/h5dump/testfiles/std/tintsnodata.ddl
[2293/4114] cd /home/byrn/HDF_Projects/hdf5/build/ci-StdShar-GNUC/tools/test/h5dump && /usr/bin/cmake -E copy_if_different /home/byrn/HDF_Projects/hdf5/dev/tools/test/h5dump/testfiles/tintsnodata.h5 /home/byrn/HDF_Projects/hdf5/build/ci-StdShar-GNUC/tools/test/h5dump/testfiles/std/tintsnodata.h5
[2294/4114] cd /home/byrn/HDF_Projects/hdf5/build/ci-StdShar-GNUC/tools/test/h5dump && /usr/bin/cmake -E copy_if_different /home/byrn/HDF_Projects/hdf5/dev/tools/test/h5dump/expected/tldouble.ddl /home/byrn/HDF_Projects/hdf5/build/ci-StdShar-GNUC/tools/test/h5dump/testfiles/std/tldouble.ddl
[2295/4114] cd /home/byrn/HDF_Projects/hdf5/build/ci-StdShar-GNUC/tools/test/h5dump && /usr/bin/cmake -E copy_if_different /home/byrn/HDF_Projects/hdf5/dev/tools/test/h5dump/testfiles/tlarge_objname.h5 /home/byrn/HDF_Projects/hdf5/build/ci-StdShar-GNUC/tools/test/h5dump/testfiles/std/tlarge_objname.h5
[2296/4114] cd /home/byrn/HDF_Projects/hdf5/build/ci-StdShar-GNUC/tools/test/h5dump && /usr/bin/cmake -E copy_if_different /home/byrn/HDF_Projects/hdf5/dev/tools/test/h5dump/expected/tlarge_objname.ddl /home/byrn/HDF_Projects/hdf5/build/ci-StdShar-GNUC/tools/test/h5dump/testfiles/std/tlarge_objname.ddl
[2297/4114] cd /home/byrn/HDF_Projects/hdf5/build/ci-StdShar-GNUC/tools/test/h5dump && /usr/bin/cmake -E copy_if_different /home/byrn/HDF_Projects/hdf5/dev/tools/test/h5dump/testfiles/tldouble.h5 /home/byrn/HDF_Projects/hdf5/build/ci-StdShar-GNUC/tools/test/h5dump/testfiles/std/tldouble.h5
[2298/4114] cd /home/byrn/HDF_Projects/hdf5/build/ci-StdShar-GNUC/tools/test/h5dump && /usr/bin/cmake -E copy_if_different /home/byrn/HDF_Projects/hdf5/dev/tools/test/h5dump/expected/tldouble_scalar.ddl /home/byrn/HDF_Projects/hdf5/build/ci-StdShar-GNUC/tools/test/h5dump/testfiles/std/tldouble_scalar.ddl
[2299/4114] cd /home/byrn/HDF_Projects/hdf5/build/ci-StdShar-GNUC/tools/test/h5dump && /usr/bin/cmake -E copy_if_different /home/byrn/HDF_Projects/hdf5/dev/tools/test/h5dump/testfiles/tldouble_scalar.h5 /home/byrn/HDF_Projects/hdf5/build/ci-StdShar-GNUC/tools/test/h5dump/testfiles/std/tldouble_scalar.h5
[2300/4114] cd /home/byrn/HDF_Projects/hdf5/build/ci-StdShar-GNUC/tools/test/h5dump && /usr/bin/cmake -E copy_if_different /home/byrn/HDF_Projects/hdf5/dev/tools/test/h5dump/testfiles/tlonglinks.h5 /home/byrn/HDF_Projects/hdf5/build/ci-StdShar-GNUC/tools/test/h5dump/testfiles/std/tlonglinks.h5
[2301/4114] cd /home/byrn/HDF_Projects/hdf5/build/ci-StdShar-GNUC/tools/test/h5dump && /usr/bin/cmake -E copy_if_different /home/byrn/HDF_Projects/hdf5/dev/tools/test/h5dump/expected/tlonglinks.ddl /home/byrn/HDF_Projects/hdf5/build/ci-StdShar-GNUC/tools/test/h5dump/testfiles/std/tlonglinks.ddl
[2302/4114] cd /home/byrn/HDF_Projects/hdf5/build/ci-StdShar-GNUC/tools/test/h5dump && /usr/bin/cmake -E copy_if_different /home/byrn/HDF_Projects/hdf5/dev/tools/test/h5dump/testfiles/tmulti-b.h5 /home/byrn/HDF_Projects/hdf5/build/ci-StdShar-GNUC/tools/test/h5dump/testfiles/std/tmulti-b.h5
[2303/4114] cd /home/byrn/HDF_Projects/hdf5/build/ci-StdShar-GNUC/tools/test/h5dump && /usr/bin/cmake -E copy_if_different /home/byrn/HDF_Projects/hdf5/dev/tools/test/h5dump/expected/tloop-1.ddl /home/byrn/HDF_Projects/hdf5/build/ci-StdShar-GNUC/tools/test/h5dump/testfiles/std/tloop-1.ddl
[2304/4114] cd /home/byrn/HDF_Projects/hdf5/build/ci-StdShar-GNUC/tools/test/h5dump && /usr/bin/cmake -E copy_if_different /home/byrn/HDF_Projects/hdf5/dev/tools/test/h5dump/testfiles/tloop.h5 /home/byrn/HDF_Projects/hdf5/build/ci-StdShar-GNUC/tools/test/h5dump/testfiles/std/tloop.h5
[2305/4114] cd /home/byrn/HDF_Projects/hdf5/build/ci-StdShar-GNUC/tools/test/h5dump && /usr/bin/cmake -E copy_if_different /home/byrn/HDF_Projects/hdf5/dev/tools/test/h5dump/testfiles/tmulti-l.h5 /home/byrn/HDF_Projects/hdf5/build/ci-StdShar-GNUC/tools/test/h5dump/testfiles/std/tmulti-l.h5
[2306/4114] cd /home/byrn/HDF_Projects/hdf5/build/ci-StdShar-GNUC/tools/test/h5dump && /usr/bin/cmake -E copy_if_different /home/byrn/HDF_Projects/hdf5/dev/tools/test/h5dump/testfiles/tmulti-o.h5 /home/byrn/HDF_Projects/hdf5/build/ci-StdShar-GNUC/tools/test/h5dump/testfiles/std/tmulti-o.h5
[2307/4114] cd /home/byrn/HDF_Projects/hdf5/build/ci-StdShar-GNUC/tools/test/h5dump && /usr/bin/cmake -E copy_if_different /home/byrn/HDF_Projects/hdf5/dev/tools/test/h5dump/testfiles/tmulti-g.h5 /home/byrn/HDF_Projects/hdf5/build/ci-StdShar-GNUC/tools/test/h5dump/testfiles/std/tmulti-g.h5
[2308/4114] cd /home/byrn/HDF_Projects/hdf5/build/ci-StdShar-GNUC/tools/test/h5dump && /usr/bin/cmake -E copy_if_different /home/byrn/HDF_Projects/hdf5/dev/tools/test/h5dump/testfiles/tmulti-r.h5 /home/byrn/HDF_Projects/hdf5/build/ci-StdShar-GNUC/tools/test/h5dump/testfiles/std/tmulti-r.h5
[2309/4114] cd /home/byrn/HDF_Projects/hdf5/build/ci-StdShar-GNUC/tools/test/h5dump && /usr/bin/cmake -E copy_if_different /home/byrn/HDF_Projects/hdf5/dev/tools/test/h5dump/testfiles/tmulti-s.h5 /home/byrn/HDF_Projects/hdf5/build/ci-StdShar-GNUC/tools/test/h5dump/testfiles/std/tmulti-s.h5
[2310/4114] cd /home/byrn/HDF_Projects/hdf5/build/ci-StdShar-GNUC/tools/test/h5dump && /usr/bin/cmake -E copy_if_different /home/byrn/HDF_Projects/hdf5/dev/tools/test/h5dump/expected/tmulti.ddl /home/byrn/HDF_Projects/hdf5/build/ci-StdShar-GNUC/tools/test/h5dump/testfiles/std/tmulti.ddl
[2311/4114] cd /home/byrn/HDF_Projects/hdf5/build/ci-StdShar-GNUC/tools/test/h5dump && /usr/bin/cmake -E copy_if_different /home/byrn/HDF_Projects/hdf5/dev/tools/test/h5dump/expected/tmultifile.ddl /home/byrn/HDF_Projects/hdf5/build/ci-StdShar-GNUC/tools/test/h5dump/testfiles/std/tmultifile.ddl
[2312/4114] cd /home/byrn/HDF_Projects/hdf5/build/ci-StdShar-GNUC/tools/test/h5dump && /usr/bin/cmake -E copy_if_different /home/byrn/HDF_Projects/hdf5/dev/tools/test/h5dump/expected/tnamed_dtype_attr.ddl /home/byrn/HDF_Projects/hdf5/build/ci-StdShar-GNUC/tools/test/h5dump/testfiles/std/tnamed_dtype_attr.ddl
[2313/4114] cd /home/byrn/HDF_Projects/hdf5/build/ci-StdShar-GNUC/tools/test/h5dump && /usr/bin/cmake -E copy_if_different /home/byrn/HDF_Projects/hdf5/dev/tools/test/h5dump/testfiles/tnamed_dtype_attr.h5 /home/byrn/HDF_Projects/hdf5/build/ci-StdShar-GNUC/tools/test/h5dump/testfiles/std/tnamed_dtype_attr.h5
[2314/4114] cd /home/byrn/HDF_Projects/hdf5/build/ci-StdShar-GNUC/tools/test/h5dump && /usr/bin/cmake -E copy_if_different /home/byrn/HDF_Projects/hdf5/dev/tools/test/h5dump/expected/tnestcomp-1.ddl /home/byrn/HDF_Projects/hdf5/build/ci-StdShar-GNUC/tools/test/h5dump/testfiles/std/tnestcomp-1.ddl
[2315/4114] cd /home/byrn/HDF_Projects/hdf5/build/ci-StdShar-GNUC/tools/test/h5dump && /usr/bin/cmake -E copy_if_different /home/byrn/HDF_Projects/hdf5/dev/tools/test/h5dump/expected/tnbit.ddl /home/byrn/HDF_Projects/hdf5/build/ci-StdShar-GNUC/tools/test/h5dump/testfiles/std/tnbit.ddl
[2316/4114] cd /home/byrn/HDF_Projects/hdf5/build/ci-StdShar-GNUC/tools/test/h5dump && /usr/bin/cmake -E copy_if_different /home/byrn/HDF_Projects/hdf5/dev/tools/test/h5dump/expected/tnestedcmpddt.ddl /home/byrn/HDF_Projects/hdf5/build/ci-StdShar-GNUC/tools/test/h5dump/testfiles/std/tnestedcmpddt.ddl
[2317/4114] cd /home/byrn/HDF_Projects/hdf5/build/ci-StdShar-GNUC/tools/test/h5dump && /usr/bin/cmake -E copy_if_different /home/byrn/HDF_Projects/hdf5/dev/tools/test/h5dump/testfiles/tnestedcmpddt.h5 /home/byrn/HDF_Projects/hdf5/build/ci-StdShar-GNUC/tools/test/h5dump/testfiles/std/tnestedcmpddt.h5
[2318/4114] cd /home/byrn/HDF_Projects/hdf5/build/ci-StdShar-GNUC/tools/test/h5dump && /usr/bin/cmake -E copy_if_different /home/byrn/HDF_Projects/hdf5/dev/tools/test/h5dump/testfiles/tnestedcomp.h5 /home/byrn/HDF_Projects/hdf5/build/ci-StdShar-GNUC/tools/test/h5dump/testfiles/std/tnestedcomp.h5
[2319/4114] cd /home/byrn/HDF_Projects/hdf5/build/ci-StdShar-GNUC/tools/test/h5dump && /usr/bin/cmake -E copy_if_different /home/byrn/HDF_Projects/hdf5/dev/tools/test/h5dump/expected/tno-subset.ddl /home/byrn/HDF_Projects/hdf5/build/ci-StdShar-GNUC/tools/test/h5dump/testfiles/std/tno-subset.ddl
[2320/4114] cd /home/byrn/HDF_Projects/hdf5/build/ci-StdShar-GNUC/tools/test/h5dump && /usr/bin/cmake -E copy_if_different /home/byrn/HDF_Projects/hdf5/dev/tools/test/h5dump/expected/tnoattrddl.ddl /home/byrn/HDF_Projects/hdf5/build/ci-StdShar-GNUC/tools/test/h5dump/testfiles/std/tnoattrddl.ddl
[2321/4114] cd /home/byrn/HDF_Projects/hdf5/build/ci-StdShar-GNUC/tools/test/h5dump && /usr/bin/cmake -E copy_if_different /home/byrn/HDF_Projects/hdf5/dev/tools/test/h5dump/testfiles/tno-subset.h5 /home/byrn/HDF_Projects/hdf5/build/ci-StdShar-GNUC/tools/test/h5dump/testfiles/std/tno-subset.h5
[2322/4114] cd /home/byrn/HDF_Projects/hdf5/build/ci-StdShar-GNUC/tools/test/h5dump && /usr/bin/cmake -E copy_if_different /home/byrn/HDF_Projects/hdf5/dev/tools/test/h5dump/expected/tnoattrdata.ddl /home/byrn/HDF_Projects/hdf5/build/ci-StdShar-GNUC/tools/test/h5dump/testfiles/std/tnoattrdata.ddl
[2323/4114] cd /home/byrn/HDF_Projects/hdf5/build/ci-StdShar-GNUC/tools/test/h5dump && /usr/bin/cmake -E copy_if_different /home/byrn/HDF_Projects/hdf5/dev/tools/test/h5dump/expected/tnodata.ddl /home/byrn/HDF_Projects/hdf5/build/ci-StdShar-GNUC/tools/test/h5dump/testfiles/std/tnodata.ddl
[2324/4114] cd /home/byrn/HDF_Projects/hdf5/build/ci-StdShar-GNUC/tools/test/h5dump && /usr/bin/cmake -E copy_if_different /home/byrn/HDF_Projects/hdf5/dev/tools/test/h5dump/expected/tnoddlfile.ddl /home/byrn/HDF_Projects/hdf5/build/ci-StdShar-GNUC/tools/test/h5dump/testfiles/std/tnoddlfile.ddl
[2325/4114] cd /home/byrn/HDF_Projects/hdf5/build/ci-StdShar-GNUC/tools/test/h5dump && /usr/bin/cmake -E copy_if_different /home/byrn/HDF_Projects/hdf5/dev/tools/test/h5dump/expected/tnoddl.ddl /home/byrn/HDF_Projects/hdf5/build/ci-StdShar-GNUC/tools/test/h5dump/testfiles/std/tnoddl.ddl
[2326/4114] cd /home/byrn/HDF_Projects/hdf5/build/ci-StdShar-GNUC/tools/test/h5dump && /usr/bin/cmake -E copy_if_different /home/byrn/HDF_Projects/hdf5/dev/tools/test/h5dump/testfiles/tnullspace.h5 /home/byrn/HDF_Projects/hdf5/build/ci-StdShar-GNUC/tools/test/h5dump/testfiles/std/tnullspace.h5
[2327/4114] cd /home/byrn/HDF_Projects/hdf5/build/ci-StdShar-GNUC/tools/test/h5dump && /usr/bin/cmake -E copy_if_different /home/byrn/HDF_Projects/hdf5/dev/tools/test/h5dump/exportfiles/tnoddlfile.exp /home/byrn/HDF_Projects/hdf5/build/ci-StdShar-GNUC/tools/test/h5dump/testfiles/std/tnoddlfile.exp
[2328/4114] cd /home/byrn/HDF_Projects/hdf5/build/ci-StdShar-GNUC/tools/test/h5dump && /usr/bin/cmake -E copy_if_different /home/byrn/HDF_Projects/hdf5/dev/tools/test/h5dump/expected/tnullspace.ddl /home/byrn/HDF_Projects/hdf5/build/ci-StdShar-GNUC/tools/test/h5dump/testfiles/std/tnullspace.ddl
[2329/4114] cd /home/byrn/HDF_Projects/hdf5/build/ci-StdShar-GNUC/tools/test/h5dump && /usr/bin/cmake -E copy_if_different /home/byrn/HDF_Projects/hdf5/dev/tools/test/h5dump/testfiles/torderattr.h5 /home/byrn/HDF_Projects/hdf5/build/ci-StdShar-GNUC/tools/test/h5dump/testfiles/std/torderattr.h5
[2330/4114] cd /home/byrn/HDF_Projects/hdf5/build/ci-StdShar-GNUC/tools/test/h5dump && /usr/bin/cmake -E copy_if_different /home/byrn/HDF_Projects/hdf5/dev/tools/test/h5dump/expected/torderattr1.ddl /home/byrn/HDF_Projects/hdf5/build/ci-StdShar-GNUC/tools/test/h5dump/testfiles/std/torderattr1.ddl
[2331/4114] cd /home/byrn/HDF_Projects/hdf5/build/ci-StdShar-GNUC/tools/test/h5dump && /usr/bin/cmake -E copy_if_different /home/byrn/HDF_Projects/hdf5/dev/tools/test/h5dump/expected/torderattr2.ddl /home/byrn/HDF_Projects/hdf5/build/ci-StdShar-GNUC/tools/test/h5dump/testfiles/std/torderattr2.ddl
[2332/4114] cd /home/byrn/HDF_Projects/hdf5/build/ci-StdShar-GNUC/tools/test/h5dump && /usr/bin/cmake -E copy_if_different /home/byrn/HDF_Projects/hdf5/dev/tools/test/h5dump/expected/torderattr4.ddl /home/byrn/HDF_Projects/hdf5/build/ci-StdShar-GNUC/tools/test/h5dump/testfiles/std/torderattr4.ddl
[2333/4114] cd /home/byrn/HDF_Projects/hdf5/build/ci-StdShar-GNUC/tools/test/h5dump && /usr/bin/cmake -E copy_if_different /home/byrn/HDF_Projects/hdf5/dev/tools/test/h5dump/expected/torderattr3.ddl /home/byrn/HDF_Projects/hdf5/build/ci-StdShar-GNUC/tools/test/h5dump/testfiles/std/torderattr3.ddl
[2334/4114] cd /home/byrn/HDF_Projects/hdf5/build/ci-StdShar-GNUC/tools/test/h5dump && /usr/bin/cmake -E copy_if_different /home/byrn/HDF_Projects/hdf5/dev/tools/test/h5dump/expected/tordercontents1.ddl /home/byrn/HDF_Projects/hdf5/build/ci-StdShar-GNUC/tools/test/h5dump/testfiles/std/tordercontents1.ddl
[2335/4114] cd /home/byrn/HDF_Projects/hdf5/build/ci-StdShar-GNUC/tools/test/h5dump && /usr/bin/cmake -E copy_if_different /home/byrn/HDF_Projects/hdf5/dev/tools/test/h5dump/expected/tordercontents2.ddl /home/byrn/HDF_Projects/hdf5/build/ci-StdShar-GNUC/tools/test/h5dump/testfiles/std/tordercontents2.ddl
[2336/4114] cd /home/byrn/HDF_Projects/hdf5/build/ci-StdShar-GNUC/tools/test/h5dump && /usr/bin/cmake -E copy_if_different /home/byrn/HDF_Projects/hdf5/dev/tools/test/h5dump/testfiles/tordergr.h5 /home/byrn/HDF_Projects/hdf5/build/ci-StdShar-GNUC/tools/test/h5dump/testfiles/std/tordergr.h5
[2337/4114] cd /home/byrn/HDF_Projects/hdf5/build/ci-StdShar-GNUC/tools/test/h5dump && /usr/bin/cmake -E copy_if_different /home/byrn/HDF_Projects/hdf5/dev/tools/test/h5dump/expected/tordergr2.ddl /home/byrn/HDF_Projects/hdf5/build/ci-StdShar-GNUC/tools/test/h5dump/testfiles/std/tordergr2.ddl
[2338/4114] cd /home/byrn/HDF_Projects/hdf5/build/ci-StdShar-GNUC/tools/test/h5dump && /usr/bin/cmake -E copy_if_different /home/byrn/HDF_Projects/hdf5/dev/tools/test/h5dump/expected/tordergr1.ddl /home/byrn/HDF_Projects/hdf5/build/ci-StdShar-GNUC/tools/test/h5dump/testfiles/std/tordergr1.ddl
[2339/4114] cd /home/byrn/HDF_Projects/hdf5/build/ci-StdShar-GNUC/tools/test/h5dump && /usr/bin/cmake -E copy_if_different /home/byrn/HDF_Projects/hdf5/dev/tools/test/h5dump/expected/tordergr3.ddl /home/byrn/HDF_Projects/hdf5/build/ci-StdShar-GNUC/tools/test/h5dump/testfiles/std/tordergr3.ddl
[2340/4114] cd /home/byrn/HDF_Projects/hdf5/build/ci-StdShar-GNUC/tools/test/h5dump && /usr/bin/cmake -E copy_if_different /home/byrn/HDF_Projects/hdf5/dev/tools/test/h5dump/expected/tordergr4.ddl /home/byrn/HDF_Projects/hdf5/build/ci-StdShar-GNUC/tools/test/h5dump/testfiles/std/tordergr4.ddl
[2341/4114] cd /home/byrn/HDF_Projects/hdf5/build/ci-StdShar-GNUC/tools/test/h5dump && /usr/bin/cmake -E copy_if_different /home/byrn/HDF_Projects/hdf5/dev/tools/test/h5dump/expected/torderlinks1.ddl /home/byrn/HDF_Projects/hdf5/build/ci-StdShar-GNUC/tools/test/h5dump/testfiles/std/torderlinks1.ddl
[2342/4114] cd /home/byrn/HDF_Projects/hdf5/build/ci-StdShar-GNUC/tools/test/h5dump && /usr/bin/cmake -E copy_if_different /home/byrn/HDF_Projects/hdf5/dev/tools/test/h5dump/expected/tordergr5.ddl /home/byrn/HDF_Projects/hdf5/build/ci-StdShar-GNUC/tools/test/h5dump/testfiles/std/tordergr5.ddl
[2343/4114] cd /home/byrn/HDF_Projects/hdf5/build/ci-StdShar-GNUC/tools/test/h5dump && /usr/bin/cmake -E copy_if_different /home/byrn/HDF_Projects/hdf5/dev/tools/test/h5dump/expected/torderlinks2.ddl /home/byrn/HDF_Projects/hdf5/build/ci-StdShar-GNUC/tools/test/h5dump/testfiles/std/torderlinks2.ddl
[2344/4114] cd /home/byrn/HDF_Projects/hdf5/build/ci-StdShar-GNUC/tools/test/h5dump && /usr/bin/cmake -E copy_if_different /home/byrn/HDF_Projects/hdf5/dev/tools/test/h5dump/expected/tperror.ddl /home/byrn/HDF_Projects/hdf5/build/ci-StdShar-GNUC/tools/test/h5dump/testfiles/std/tperror.ddl
[2345/4114] cd /home/byrn/HDF_Projects/hdf5/build/ci-StdShar-GNUC/tools/test/h5dump && /usr/bin/cmake -E copy_if_different /home/byrn/HDF_Projects/hdf5/dev/tools/test/h5dump/expected/trawdatafile.ddl /home/byrn/HDF_Projects/hdf5/build/ci-StdShar-GNUC/tools/test/h5dump/testfiles/std/trawdatafile.ddl
[2346/4114] cd /home/byrn/HDF_Projects/hdf5/build/ci-StdShar-GNUC/tools/test/h5dump && /usr/bin/cmake -E copy_if_different /home/byrn/HDF_Projects/hdf5/dev/tools/test/h5dump/exportfiles/trawdatafile.exp /home/byrn/HDF_Projects/hdf5/build/ci-StdShar-GNUC/tools/test/h5dump/testfiles/std/trawdatafile.exp
[2347/4114] cd /home/byrn/HDF_Projects/hdf5/build/ci-StdShar-GNUC/tools/test/h5dump && /usr/bin/cmake -E copy_if_different /home/byrn/HDF_Projects/hdf5/dev/tools/test/h5dump/expected/trawssetfile.ddl /home/byrn/HDF_Projects/hdf5/build/ci-StdShar-GNUC/tools/test/h5dump/testfiles/std/trawssetfile.ddl
[2348/4114] cd /home/byrn/HDF_Projects/hdf5/build/ci-StdShar-GNUC/tools/test/h5dump && /usr/bin/cmake -E copy_if_different /home/byrn/HDF_Projects/hdf5/dev/tools/test/h5dump/exportfiles/trawssetfile.exp /home/byrn/HDF_Projects/hdf5/build/ci-StdShar-GNUC/tools/test/h5dump/testfiles/std/trawssetfile.exp
[2349/4114] cd /home/byrn/HDF_Projects/hdf5/build/ci-StdShar-GNUC/tools/test/h5dump && /usr/bin/cmake -E copy_if_different /home/byrn/HDF_Projects/hdf5/dev/tools/test/h5dump/expected/treadfilter.ddl /home/byrn/HDF_Projects/hdf5/build/ci-StdShar-GNUC/tools/test/h5dump/testfiles/std/treadfilter.ddl
[2350/4114] cd /home/byrn/HDF_Projects/hdf5/build/ci-StdShar-GNUC/tools/test/h5dump && /usr/bin/cmake -E copy_if_different /home/byrn/HDF_Projects/hdf5/dev/tools/test/h5dump/testfiles/trefer_attr.h5 /home/byrn/HDF_Projects/hdf5/build/ci-StdShar-GNUC/tools/test/h5dump/testfiles/std/trefer_attr.h5
[2351/4114] cd /home/byrn/HDF_Projects/hdf5/build/ci-StdShar-GNUC/tools/test/h5dump && /usr/bin/cmake -E copy_if_different /home/byrn/HDF_Projects/hdf5/dev/tools/test/h5dump/expected/treadintfilter.ddl /home/byrn/HDF_Projects/hdf5/build/ci-StdShar-GNUC/tools/test/h5dump/testfiles/std/treadintfilter.ddl
[2352/4114] cd /home/byrn/HDF_Projects/hdf5/build/ci-StdShar-GNUC/tools/test/h5dump && /usr/bin/cmake -E copy_if_different /home/byrn/HDF_Projects/hdf5/dev/tools/test/h5dump/expected/trefer_attrR.ddl /home/byrn/HDF_Projects/hdf5/build/ci-StdShar-GNUC/tools/test/h5dump/testfiles/std/trefer_attrR.ddl
[2353/4114] cd /home/byrn/HDF_Projects/hdf5/build/ci-StdShar-GNUC/tools/test/h5dump && /usr/bin/cmake -E copy_if_different /home/byrn/HDF_Projects/hdf5/dev/tools/test/h5dump/expected/trefer_compatR.ddl /home/byrn/HDF_Projects/hdf5/build/ci-StdShar-GNUC/tools/test/h5dump/testfiles/std/trefer_compatR.ddl
[2354/4114] cd /home/byrn/HDF_Projects/hdf5/build/ci-StdShar-GNUC/tools/test/h5dump && /usr/bin/cmake -E copy_if_different /home/byrn/HDF_Projects/hdf5/dev/tools/test/h5dump/testfiles/trefer_compat.h5 /home/byrn/HDF_Projects/hdf5/build/ci-StdShar-GNUC/tools/test/h5dump/testfiles/std/trefer_compat.h5
[2355/4114] cd /home/byrn/HDF_Projects/hdf5/build/ci-StdShar-GNUC/tools/test/h5dump && /usr/bin/cmake -E copy_if_different /home/byrn/HDF_Projects/hdf5/dev/tools/test/h5dump/testfiles/trefer_ext1.h5 /home/byrn/HDF_Projects/hdf5/build/ci-StdShar-GNUC/tools/test/h5dump/testfiles/std/trefer_ext1.h5
[2356/4114] cd /home/byrn/HDF_Projects/hdf5/build/ci-StdShar-GNUC/tools/test/h5dump && /usr/bin/cmake -E copy_if_different /home/byrn/HDF_Projects/hdf5/dev/tools/test/h5dump/testfiles/trefer_ext2.h5 /home/byrn/HDF_Projects/hdf5/build/ci-StdShar-GNUC/tools/test/h5dump/testfiles/std/trefer_ext2.h5
[2357/4114] cd /home/byrn/HDF_Projects/hdf5/build/ci-StdShar-GNUC/tools/test/h5dump && /usr/bin/cmake -E copy_if_different /home/byrn/HDF_Projects/hdf5/dev/tools/test/h5dump/expected/trefer_extR.ddl /home/byrn/HDF_Projects/hdf5/build/ci-StdShar-GNUC/tools/test/h5dump/testfiles/std/trefer_extR.ddl
[2358/4114] cd /home/byrn/HDF_Projects/hdf5/build/ci-StdShar-GNUC/tools/test/h5dump && /usr/bin/cmake -E copy_if_different /home/byrn/HDF_Projects/hdf5/dev/tools/test/h5dump/testfiles/trefer_grp.h5 /home/byrn/HDF_Projects/hdf5/build/ci-StdShar-GNUC/tools/test/h5dump/testfiles/std/trefer_grp.h5
[2359/4114] cd /home/byrn/HDF_Projects/hdf5/build/ci-StdShar-GNUC/tools/test/h5dump && /usr/bin/cmake -E copy_if_different /home/byrn/HDF_Projects/hdf5/dev/tools/test/h5dump/expected/trefer_grpR.ddl /home/byrn/HDF_Projects/hdf5/build/ci-StdShar-GNUC/tools/test/h5dump/testfiles/std/trefer_grpR.ddl
[2360/4114] cd /home/byrn/HDF_Projects/hdf5/build/ci-StdShar-GNUC/tools/test/h5dump && /usr/bin/cmake -E copy_if_different /home/byrn/HDF_Projects/hdf5/dev/tools/test/h5dump/testfiles/trefer_obj.h5 /home/byrn/HDF_Projects/hdf5/build/ci-StdShar-GNUC/tools/test/h5dump/testfiles/std/trefer_obj.h5
[2361/4114] cd /home/byrn/HDF_Projects/hdf5/build/ci-StdShar-GNUC/tools/test/h5dump && /usr/bin/cmake -E copy_if_different /home/byrn/HDF_Projects/hdf5/dev/tools/test/h5dump/expected/trefer_objR.ddl /home/byrn/HDF_Projects/hdf5/build/ci-StdShar-GNUC/tools/test/h5dump/testfiles/std/trefer_objR.ddl
[2362/4114] cd /home/byrn/HDF_Projects/hdf5/build/ci-StdShar-GNUC/tools/test/h5dump && /usr/bin/cmake -E copy_if_different /home/byrn/HDF_Projects/hdf5/dev/tools/test/h5dump/expected/trefer_obj_delR.ddl /home/byrn/HDF_Projects/hdf5/build/ci-StdShar-GNUC/tools/test/h5dump/testfiles/std/trefer_obj_delR.ddl
[2363/4114] cd /home/byrn/HDF_Projects/hdf5/build/ci-StdShar-GNUC/tools/test/h5dump && /usr/bin/cmake -E copy_if_different /home/byrn/HDF_Projects/hdf5/dev/tools/test/h5dump/testfiles/trefer_obj_del.h5 /home/byrn/HDF_Projects/hdf5/build/ci-StdShar-GNUC/tools/test/h5dump/testfiles/std/trefer_obj_del.h5
[2364/4114] cd /home/byrn/HDF_Projects/hdf5/build/ci-StdShar-GNUC/tools/test/h5dump && /usr/bin/cmake -E copy_if_different /home/byrn/HDF_Projects/hdf5/dev/tools/test/h5dump/expected/trefer_paramR.ddl /home/byrn/HDF_Projects/hdf5/build/ci-StdShar-GNUC/tools/test/h5dump/testfiles/std/trefer_paramR.ddl
[2365/4114] cd /home/byrn/HDF_Projects/hdf5/build/ci-StdShar-GNUC/tools/test/h5dump && /usr/bin/cmake -E copy_if_different /home/byrn/HDF_Projects/hdf5/dev/tools/test/h5dump/testfiles/trefer_reg.h5 /home/byrn/HDF_Projects/hdf5/build/ci-StdShar-GNUC/tools/test/h5dump/testfiles/std/trefer_reg.h5
[2366/4114] cd /home/byrn/HDF_Projects/hdf5/build/ci-StdShar-GNUC/tools/test/h5dump && /usr/bin/cmake -E copy_if_different /home/byrn/HDF_Projects/hdf5/dev/tools/test/h5dump/testfiles/trefer_param.h5 /home/byrn/HDF_Projects/hdf5/build/ci-StdShar-GNUC/tools/test/h5dump/testfiles/std/trefer_param.h5
[2367/4114] cd /home/byrn/HDF_Projects/hdf5/build/ci-StdShar-GNUC/tools/test/h5dump && /usr/bin/cmake -E copy_if_different /home/byrn/HDF_Projects/hdf5/dev/tools/test/h5dump/expected/trefer_regR.ddl /home/byrn/HDF_Projects/hdf5/build/ci-StdShar-GNUC/tools/test/h5dump/testfiles/std/trefer_regR.ddl
[2368/4114] cd /home/byrn/HDF_Projects/hdf5/build/ci-StdShar-GNUC/tools/test/h5dump && /usr/bin/cmake -E copy_if_different /home/byrn/HDF_Projects/hdf5/dev/tools/test/h5dump/expected/treference.ddl /home/byrn/HDF_Projects/hdf5/build/ci-StdShar-GNUC/tools/test/h5dump/testfiles/std/treference.ddl
[2369/4114] cd /home/byrn/HDF_Projects/hdf5/build/ci-StdShar-GNUC/tools/test/h5dump && /usr/bin/cmake -E copy_if_different /home/byrn/HDF_Projects/hdf5/dev/tools/test/h5dump/expected/trefer_reg_1dR.ddl /home/byrn/HDF_Projects/hdf5/build/ci-StdShar-GNUC/tools/test/h5dump/testfiles/std/trefer_reg_1dR.ddl
[2370/4114] cd /home/byrn/HDF_Projects/hdf5/build/ci-StdShar-GNUC/tools/test/h5dump && /usr/bin/cmake -E copy_if_different /home/byrn/HDF_Projects/hdf5/dev/tools/test/h5dump/expected/tsaf.ddl /home/byrn/HDF_Projects/hdf5/build/ci-StdShar-GNUC/tools/test/h5dump/testfiles/std/tsaf.ddl
[2371/4114] cd /home/byrn/HDF_Projects/hdf5/build/ci-StdShar-GNUC/tools/test/h5dump && /usr/bin/cmake -E copy_if_different /home/byrn/HDF_Projects/hdf5/dev/tools/test/h5dump/testfiles/trefer_reg_1d.h5 /home/byrn/HDF_Projects/hdf5/build/ci-StdShar-GNUC/tools/test/h5dump/testfiles/std/trefer_reg_1d.h5
[2372/4114] cd /home/byrn/HDF_Projects/hdf5/build/ci-StdShar-GNUC/tools/test/h5dump && /usr/bin/cmake -E copy_if_different /home/byrn/HDF_Projects/hdf5/dev/tools/test/h5dump/expected/tscalarattrintsize.ddl /home/byrn/HDF_Projects/hdf5/build/ci-StdShar-GNUC/tools/test/h5dump/testfiles/std/tscalarattrintsize.ddl
[2373/4114] cd /home/byrn/HDF_Projects/hdf5/build/ci-StdShar-GNUC/tools/test/h5dump && /usr/bin/cmake -E copy_if_different /home/byrn/HDF_Projects/hdf5/dev/tools/test/h5dump/testfiles/tsaf.h5 /home/byrn/HDF_Projects/hdf5/build/ci-StdShar-GNUC/tools/test/h5dump/testfiles/std/tsaf.h5
[2374/4114] cd /home/byrn/HDF_Projects/hdf5/build/ci-StdShar-GNUC/tools/test/h5dump && /usr/bin/cmake -E copy_if_different /home/byrn/HDF_Projects/hdf5/dev/tools/test/h5dump/testfiles/tscalarintsize.h5 /home/byrn/HDF_Projects/hdf5/build/ci-StdShar-GNUC/tools/test/h5dump/testfiles/std/tscalarintsize.h5
[2375/4114] cd /home/byrn/HDF_Projects/hdf5/build/ci-StdShar-GNUC/tools/test/h5dump && /usr/bin/cmake -E copy_if_different /home/byrn/HDF_Projects/hdf5/dev/tools/test/h5dump/testfiles/tscalarattrintsize.h5 /home/byrn/HDF_Projects/hdf5/build/ci-StdShar-GNUC/tools/test/h5dump/testfiles/std/tscalarattrintsize.h5
[2376/4114] cd /home/byrn/HDF_Projects/hdf5/build/ci-StdShar-GNUC/tools/test/h5dump && /usr/bin/cmake -E copy_if_different /home/byrn/HDF_Projects/hdf5/dev/tools/test/h5dump/expected/tscalarintattrsize.ddl /home/byrn/HDF_Projects/hdf5/build/ci-StdShar-GNUC/tools/test/h5dump/testfiles/std/tscalarintattrsize.ddl
[2377/4114] cd /home/byrn/HDF_Projects/hdf5/build/ci-StdShar-GNUC/tools/test/h5dump && /usr/bin/cmake -E copy_if_different /home/byrn/HDF_Projects/hdf5/dev/tools/test/h5dump/expected/tscalarintsize.ddl /home/byrn/HDF_Projects/hdf5/build/ci-StdShar-GNUC/tools/test/h5dump/testfiles/std/tscalarintsize.ddl
[2378/4114] cd /home/byrn/HDF_Projects/hdf5/build/ci-StdShar-GNUC/tools/test/h5dump && /usr/bin/cmake -E copy_if_different /home/byrn/HDF_Projects/hdf5/dev/tools/test/h5dump/testfiles/tscalarintattrsize.h5 /home/byrn/HDF_Projects/hdf5/build/ci-StdShar-GNUC/tools/test/h5dump/testfiles/std/tscalarintattrsize.h5
[2379/4114] cd /home/byrn/HDF_Projects/hdf5/build/ci-StdShar-GNUC/tools/test/h5dump && /usr/bin/cmake -E copy_if_different /home/byrn/HDF_Projects/hdf5/dev/tools/test/h5dump/expected/tscalarstring.ddl /home/byrn/HDF_Projects/hdf5/build/ci-StdShar-GNUC/tools/test/h5dump/testfiles/std/tscalarstring.ddl
[2380/4114] cd /home/byrn/HDF_Projects/hdf5/build/ci-StdShar-GNUC/tools/test/h5dump && /usr/bin/cmake -E copy_if_different /home/byrn/HDF_Projects/hdf5/dev/tools/test/h5dump/expected/tslink-1.ddl /home/byrn/HDF_Projects/hdf5/build/ci-StdShar-GNUC/tools/test/h5dump/testfiles/std/tslink-1.ddl
[2381/4114] cd /home/byrn/HDF_Projects/hdf5/build/ci-StdShar-GNUC/tools/test/h5dump && /usr/bin/cmake -E copy_if_different /home/byrn/HDF_Projects/hdf5/dev/tools/test/h5dump/testfiles/tscalarstring.h5 /home/byrn/HDF_Projects/hdf5/build/ci-StdShar-GNUC/tools/test/h5dump/testfiles/std/tscalarstring.h5
[2382/4114] cd /home/byrn/HDF_Projects/hdf5/build/ci-StdShar-GNUC/tools/test/h5dump && /usr/bin/cmake -E copy_if_different /home/byrn/HDF_Projects/hdf5/dev/tools/test/h5dump/expected/tshuffle.ddl /home/byrn/HDF_Projects/hdf5/build/ci-StdShar-GNUC/tools/test/h5dump/testfiles/std/tshuffle.ddl
[2383/4114] cd /home/byrn/HDF_Projects/hdf5/build/ci-StdShar-GNUC/tools/test/h5dump && /usr/bin/cmake -E copy_if_different /home/byrn/HDF_Projects/hdf5/dev/tools/test/h5dump/expected/tscaleoffset.ddl /home/byrn/HDF_Projects/hdf5/build/ci-StdShar-GNUC/tools/test/h5dump/testfiles/std/tscaleoffset.ddl
[2384/4114] cd /home/byrn/HDF_Projects/hdf5/build/ci-StdShar-GNUC/tools/test/h5dump && /usr/bin/cmake -E copy_if_different /home/byrn/HDF_Projects/hdf5/dev/tools/test/h5dump/expected/tslink-2.ddl /home/byrn/HDF_Projects/hdf5/build/ci-StdShar-GNUC/tools/test/h5dump/testfiles/std/tslink-2.ddl-N
[2385/4114] cd /home/byrn/HDF_Projects/hdf5/build/ci-StdShar-GNUC/tools/test/h5dump && /usr/bin/cmake -E copy_if_different /home/byrn/HDF_Projects/hdf5/dev/tools/test/h5dump/expected/tslink-2.ddl /home/byrn/HDF_Projects/hdf5/build/ci-StdShar-GNUC/tools/test/h5dump/testfiles/std/tslink-2.ddl
[2386/4114] cd /home/byrn/HDF_Projects/hdf5/build/ci-StdShar-GNUC/tools/test/h5dump && /usr/bin/cmake -E copy_if_different /home/byrn/HDF_Projects/hdf5/dev/tools/test/h5dump/testfiles/tslink.h5 /home/byrn/HDF_Projects/hdf5/build/ci-StdShar-GNUC/tools/test/h5dump/testfiles/std/tslink.h5
[2387/4114] cd /home/byrn/HDF_Projects/hdf5/build/ci-StdShar-GNUC/tools/test/h5dump && /usr/bin/cmake -E copy_if_different /home/byrn/HDF_Projects/hdf5/dev/tools/test/h5dump/testfiles/tsoftlinks.h5 /home/byrn/HDF_Projects/hdf5/build/ci-StdShar-GNUC/tools/test/h5dump/testfiles/std/tsoftlinks.h5
[2388/4114] cd /home/byrn/HDF_Projects/hdf5/build/ci-StdShar-GNUC/tools/test/h5dump && /usr/bin/cmake -E copy_if_different /home/byrn/HDF_Projects/hdf5/dev/tools/test/h5dump/testfiles/tsplit_file-m.h5 /home/byrn/HDF_Projects/hdf5/build/ci-StdShar-GNUC/tools/test/h5dump/testfiles/std/tsplit_file-m.h5
[2389/4114] cd /home/byrn/HDF_Projects/hdf5/build/ci-StdShar-GNUC/tools/test/h5dump && /usr/bin/cmake -E copy_if_different /home/byrn/HDF_Projects/hdf5/dev/tools/test/h5dump/expected/tslink-D.ddl /home/byrn/HDF_Projects/hdf5/build/ci-StdShar-GNUC/tools/test/h5dump/testfiles/std/tslink-D.ddl
[2390/4114] cd /home/byrn/HDF_Projects/hdf5/build/ci-StdShar-GNUC/tools/test/h5dump && /usr/bin/cmake -E copy_if_different /home/byrn/HDF_Projects/hdf5/dev/tools/test/h5dump/testfiles/tsplit_file-r.h5 /home/byrn/HDF_Projects/hdf5/build/ci-StdShar-GNUC/tools/test/h5dump/testfiles/std/tsplit_file-r.h5
[2391/4114] cd /home/byrn/HDF_Projects/hdf5/build/ci-StdShar-GNUC/tools/test/h5dump && /usr/bin/cmake -E copy_if_different /home/byrn/HDF_Projects/hdf5/dev/tools/test/h5dump/expected/tsplit_file.ddl /home/byrn/HDF_Projects/hdf5/build/ci-StdShar-GNUC/tools/test/h5dump/testfiles/std/tsplit_file.ddl
[2392/4114] cd /home/byrn/HDF_Projects/hdf5/build/ci-StdShar-GNUC/tools/test/h5dump && /usr/bin/cmake -E copy_if_different /home/byrn/HDF_Projects/hdf5/dev/tools/test/h5dump/testfiles/tst_onion_dset_1d.h5 /home/byrn/HDF_Projects/hdf5/build/ci-StdShar-GNUC/tools/test/h5dump/testfiles/std/tst_onion_dset_1d.h5
[2393/4114] cd /home/byrn/HDF_Projects/hdf5/build/ci-StdShar-GNUC/tools/test/h5dump && /usr/bin/cmake -E copy_if_different /home/byrn/HDF_Projects/hdf5/dev/tools/test/h5dump/expected/tst_onion_dset_ext.ddl /home/byrn/HDF_Projects/hdf5/build/ci-StdShar-GNUC/tools/test/h5dump/testfiles/std/tst_onion_dset_ext.ddl
[2394/4114] cd /home/byrn/HDF_Projects/hdf5/build/ci-StdShar-GNUC/tools/test/h5dump && /usr/bin/cmake -E copy_if_different /home/byrn/HDF_Projects/hdf5/dev/tools/test/h5dump/expected/tst_onion_dset_1d.ddl /home/byrn/HDF_Projects/hdf5/build/ci-StdShar-GNUC/tools/test/h5dump/testfiles/std/tst_onion_dset_1d.ddl
[2395/4114] cd /home/byrn/HDF_Projects/hdf5/build/ci-StdShar-GNUC/tools/test/h5dump && /usr/bin/cmake -E copy_if_different /home/byrn/HDF_Projects/hdf5/dev/tools/test/h5dump/testfiles/tst_onion_dset_1d.h5.onion /home/byrn/HDF_Projects/hdf5/build/ci-StdShar-GNUC/tools/test/h5dump/testfiles/std/tst_onion_dset_1d.h5.onion
[2396/4114] cd /home/byrn/HDF_Projects/hdf5/build/ci-StdShar-GNUC/tools/test/h5dump && /usr/bin/cmake -E copy_if_different /home/byrn/HDF_Projects/hdf5/dev/tools/test/h5dump/testfiles/tst_onion_dset_ext.h5 /home/byrn/HDF_Projects/hdf5/build/ci-StdShar-GNUC/tools/test/h5dump/testfiles/std/tst_onion_dset_ext.h5
[2397/4114] cd /home/byrn/HDF_Projects/hdf5/build/ci-StdShar-GNUC/tools/test/h5dump && /usr/bin/cmake -E copy_if_different /home/byrn/HDF_Projects/hdf5/dev/tools/test/h5dump/testfiles/tst_onion_dset_ext.h5.onion /home/byrn/HDF_Projects/hdf5/build/ci-StdShar-GNUC/tools/test/h5dump/testfiles/std/tst_onion_dset_ext.h5.onion
[2398/4114] cd /home/byrn/HDF_Projects/hdf5/build/ci-StdShar-GNUC/tools/test/h5dump && /usr/bin/cmake -E copy_if_different /home/byrn/HDF_Projects/hdf5/dev/tools/test/h5dump/expected/tst_onion_objs.ddl /home/byrn/HDF_Projects/hdf5/build/ci-StdShar-GNUC/tools/test/h5dump/testfiles/std/tst_onion_objs.ddl
[2399/4114] cd /home/byrn/HDF_Projects/hdf5/build/ci-StdShar-GNUC/tools/test/h5dump && /usr/bin/cmake -E copy_if_different /home/byrn/HDF_Projects/hdf5/dev/tools/test/h5dump/testfiles/tst_onion_objs.h5 /home/byrn/HDF_Projects/hdf5/build/ci-StdShar-GNUC/tools/test/h5dump/testfiles/std/tst_onion_objs.h5
[2400/4114] cd /home/byrn/HDF_Projects/hdf5/build/ci-StdShar-GNUC/tools/test/h5dump && /usr/bin/cmake -E copy_if_different /home/byrn/HDF_Projects/hdf5/dev/tools/test/h5dump/testfiles/tst_onion_objs.h5.onion /home/byrn/HDF_Projects/hdf5/build/ci-StdShar-GNUC/tools/test/h5dump/testfiles/std/tst_onion_objs.h5.onion
[2401/4114] cd /home/byrn/HDF_Projects/hdf5/build/ci-StdShar-GNUC/tools/test/h5dump && /usr/bin/cmake -E copy_if_different /home/byrn/HDF_Projects/hdf5/dev/tools/test/h5dump/expected/tst_onion_revision_count.ddl /home/byrn/HDF_Projects/hdf5/build/ci-StdShar-GNUC/tools/test/h5dump/testfiles/std/tst_onion_revision_count.ddl
[2402/4114] cd /home/byrn/HDF_Projects/hdf5/build/ci-StdShar-GNUC/tools/test/h5dump && /usr/bin/cmake -E copy_if_different /home/byrn/HDF_Projects/hdf5/dev/tools/test/h5dump/expected/tstr-1.ddl /home/byrn/HDF_Projects/hdf5/build/ci-StdShar-GNUC/tools/test/h5dump/testfiles/std/tstr-1.ddl
[2403/4114] cd /home/byrn/HDF_Projects/hdf5/build/ci-StdShar-GNUC/tools/test/h5dump && /usr/bin/cmake -E copy_if_different /home/byrn/HDF_Projects/hdf5/dev/tools/test/h5dump/expected/tstr-2.ddl /home/byrn/HDF_Projects/hdf5/build/ci-StdShar-GNUC/tools/test/h5dump/testfiles/std/tstr-2.ddl
[2404/4114] cd /home/byrn/HDF_Projects/hdf5/build/ci-StdShar-GNUC/tools/test/h5dump && /usr/bin/cmake -E copy_if_different /home/byrn/HDF_Projects/hdf5/dev/tools/test/h5dump/testfiles/tstr.h5 /home/byrn/HDF_Projects/hdf5/build/ci-StdShar-GNUC/tools/test/h5dump/testfiles/std/tstr.h5
[2405/4114] cd /home/byrn/HDF_Projects/hdf5/build/ci-StdShar-GNUC/tools/test/h5dump && /usr/bin/cmake -E copy_if_different /home/byrn/HDF_Projects/hdf5/dev/tools/test/h5dump/exportfiles/tstr2bin6.exp /home/byrn/HDF_Projects/hdf5/build/ci-StdShar-GNUC/tools/test/h5dump/testfiles/std/tstr2bin6.exp
[2406/4114] cd /home/byrn/HDF_Projects/hdf5/build/ci-StdShar-GNUC/tools/test/h5dump && /usr/bin/cmake -E copy_if_different /home/byrn/HDF_Projects/hdf5/dev/tools/test/h5dump/testfiles/tstr3.h5 /home/byrn/HDF_Projects/hdf5/build/ci-StdShar-GNUC/tools/test/h5dump/testfiles/std/tstr3.h5
[2407/4114] cd /home/byrn/HDF_Projects/hdf5/build/ci-StdShar-GNUC/tools/test/h5dump && /usr/bin/cmake -E copy_if_different /home/byrn/HDF_Projects/hdf5/dev/tools/test/h5dump/exportfiles/tstr2bin2.exp /home/byrn/HDF_Projects/hdf5/build/ci-StdShar-GNUC/tools/test/h5dump/testfiles/std/tstr2bin2.exp
[2408/4114] cd /home/byrn/HDF_Projects/hdf5/build/ci-StdShar-GNUC/tools/test/h5dump && /usr/bin/cmake -E copy_if_different /home/byrn/HDF_Projects/hdf5/dev/tools/test/h5dump/testfiles/tstr2.h5 /home/byrn/HDF_Projects/hdf5/build/ci-StdShar-GNUC/tools/test/h5dump/testfiles/std/tstr2.h5
[2409/4114] cd /home/byrn/HDF_Projects/hdf5/build/ci-StdShar-GNUC/tools/test/h5dump && /usr/bin/cmake -E copy_if_different /home/byrn/HDF_Projects/hdf5/dev/tools/test/h5dump/expected/tstring.ddl /home/byrn/HDF_Projects/hdf5/build/ci-StdShar-GNUC/tools/test/h5dump/testfiles/std/tstring.ddl
[2410/4114] cd /home/byrn/HDF_Projects/hdf5/build/ci-StdShar-GNUC/tools/test/h5dump && /usr/bin/cmake -E copy_if_different /home/byrn/HDF_Projects/hdf5/dev/tools/test/h5dump/expected/tstring2.ddl /home/byrn/HDF_Projects/hdf5/build/ci-StdShar-GNUC/tools/test/h5dump/testfiles/std/tstring2.ddl
[2411/4114] cd /home/byrn/HDF_Projects/hdf5/build/ci-StdShar-GNUC/tools/test/h5dump && /usr/bin/cmake -E copy_if_different /home/byrn/HDF_Projects/hdf5/dev/tools/test/h5dump/expected/tstringe.ddl /home/byrn/HDF_Projects/hdf5/build/ci-StdShar-GNUC/tools/test/h5dump/testfiles/std/tstringe.ddl
[2412/4114] cd /home/byrn/HDF_Projects/hdf5/build/ci-StdShar-GNUC/tools/test/h5dump && /usr/bin/cmake -E copy_if_different /home/byrn/HDF_Projects/hdf5/dev/tools/test/h5dump/expected/tszip.ddl /home/byrn/HDF_Projects/hdf5/build/ci-StdShar-GNUC/tools/test/h5dump/testfiles/std/tszip.ddl
[2413/4114] cd /home/byrn/HDF_Projects/hdf5/build/ci-StdShar-GNUC/tools/test/h5dump && /usr/bin/cmake -E copy_if_different /home/byrn/HDF_Projects/hdf5/dev/tools/test/h5dump/expected/tudfilter.ddl /home/byrn/HDF_Projects/hdf5/build/ci-StdShar-GNUC/tools/test/h5dump/testfiles/std/tudfilter.ddl
[2414/4114] cd /home/byrn/HDF_Projects/hdf5/build/ci-StdShar-GNUC/tools/test/h5dump && /usr/bin/cmake -E copy_if_different /home/byrn/HDF_Projects/hdf5/dev/tools/test/h5dump/testfiles/tudfilter.h5 /home/byrn/HDF_Projects/hdf5/build/ci-StdShar-GNUC/tools/test/h5dump/testfiles/std/tudfilter.h5
[2415/4114] cd /home/byrn/HDF_Projects/hdf5/build/ci-StdShar-GNUC/tools/test/h5dump && /usr/bin/cmake -E copy_if_different /home/byrn/HDF_Projects/hdf5/dev/tools/test/h5dump/expected/tudlink-1.ddl /home/byrn/HDF_Projects/hdf5/build/ci-StdShar-GNUC/tools/test/h5dump/testfiles/std/tudlink-1.ddl
[2416/4114] cd /home/byrn/HDF_Projects/hdf5/build/ci-StdShar-GNUC/tools/test/h5dump && /usr/bin/cmake -E copy_if_different /home/byrn/HDF_Projects/hdf5/dev/tools/test/h5dump/testfiles/tudlink.h5 /home/byrn/HDF_Projects/hdf5/build/ci-StdShar-GNUC/tools/test/h5dump/testfiles/std/tudlink.h5
[2417/4114] cd /home/byrn/HDF_Projects/hdf5/build/ci-StdShar-GNUC/tools/test/h5dump && /usr/bin/cmake -E copy_if_different /home/byrn/HDF_Projects/hdf5/dev/tools/test/h5dump/expected/tuserfilter.ddl /home/byrn/HDF_Projects/hdf5/build/ci-StdShar-GNUC/tools/test/h5dump/testfiles/std/tuserfilter.ddl
[2418/4114] cd /home/byrn/HDF_Projects/hdf5/build/ci-StdShar-GNUC/tools/test/h5dump && /usr/bin/cmake -E copy_if_different /home/byrn/HDF_Projects/hdf5/dev/tools/test/h5dump/expected/tvldtypes1.ddl /home/byrn/HDF_Projects/hdf5/build/ci-StdShar-GNUC/tools/test/h5dump/testfiles/std/tvldtypes1.ddl
[2419/4114] cd /home/byrn/HDF_Projects/hdf5/build/ci-StdShar-GNUC/tools/test/h5dump && /usr/bin/cmake -E copy_if_different /home/byrn/HDF_Projects/hdf5/dev/tools/test/h5dump/expected/tudlink-2.ddl /home/byrn/HDF_Projects/hdf5/build/ci-StdShar-GNUC/tools/test/h5dump/testfiles/std/tudlink-2.ddl
[2420/4114] cd /home/byrn/HDF_Projects/hdf5/build/ci-StdShar-GNUC/tools/test/h5dump && /usr/bin/cmake -E copy_if_different /home/byrn/HDF_Projects/hdf5/dev/tools/test/h5dump/testfiles/tvldtypes1.h5 /home/byrn/HDF_Projects/hdf5/build/ci-StdShar-GNUC/tools/test/h5dump/testfiles/std/tvldtypes1.h5
[2421/4114] cd /home/byrn/HDF_Projects/hdf5/build/ci-StdShar-GNUC/tools/test/h5dump && /usr/bin/cmake -E copy_if_different /home/byrn/HDF_Projects/hdf5/dev/tools/test/h5dump/expected/tvldtypes2.ddl /home/byrn/HDF_Projects/hdf5/build/ci-StdShar-GNUC/tools/test/h5dump/testfiles/std/tvldtypes2.ddl
[2422/4114] cd /home/byrn/HDF_Projects/hdf5/build/ci-StdShar-GNUC/tools/test/h5dump && /usr/bin/cmake -E copy_if_different /home/byrn/HDF_Projects/hdf5/dev/tools/test/h5dump/testfiles/tvldtypes2.h5 /home/byrn/HDF_Projects/hdf5/build/ci-StdShar-GNUC/tools/test/h5dump/testfiles/std/tvldtypes2.h5
[2423/4114] cd /home/byrn/HDF_Projects/hdf5/build/ci-StdShar-GNUC/tools/test/h5dump && /usr/bin/cmake -E copy_if_different /home/byrn/HDF_Projects/hdf5/dev/tools/test/h5dump/testfiles/tvldtypes3.h5 /home/byrn/HDF_Projects/hdf5/build/ci-StdShar-GNUC/tools/test/h5dump/testfiles/std/tvldtypes3.h5
[2424/4114] cd /home/byrn/HDF_Projects/hdf5/build/ci-StdShar-GNUC/tools/test/h5dump && /usr/bin/cmake -E copy_if_different /home/byrn/HDF_Projects/hdf5/dev/tools/test/h5dump/expected/tvldtypes3.ddl /home/byrn/HDF_Projects/hdf5/build/ci-StdShar-GNUC/tools/test/h5dump/testfiles/std/tvldtypes3.ddl
[2425/4114] cd /home/byrn/HDF_Projects/hdf5/build/ci-StdShar-GNUC/tools/test/h5dump && /usr/bin/cmake -E copy_if_different /home/byrn/HDF_Projects/hdf5/dev/tools/test/h5dump/expected/tvldtypes4.ddl /home/byrn/HDF_Projects/hdf5/build/ci-StdShar-GNUC/tools/test/h5dump/testfiles/std/tvldtypes4.ddl
[2426/4114] cd /home/byrn/HDF_Projects/hdf5/build/ci-StdShar-GNUC/tools/test/h5dump && /usr/bin/cmake -E copy_if_different /home/byrn/HDF_Projects/hdf5/dev/tools/test/h5dump/testfiles/tvldtypes4.h5 /home/byrn/HDF_Projects/hdf5/build/ci-StdShar-GNUC/tools/test/h5dump/testfiles/std/tvldtypes4.h5
[2427/4114] cd /home/byrn/HDF_Projects/hdf5/build/ci-StdShar-GNUC/tools/test/h5dump && /usr/bin/cmake -E copy_if_different /home/byrn/HDF_Projects/hdf5/dev/tools/test/h5dump/expected/tvldtypes5.ddl /home/byrn/HDF_Projects/hdf5/build/ci-StdShar-GNUC/tools/test/h5dump/testfiles/std/tvldtypes5.ddl
[2428/4114] cd /home/byrn/HDF_Projects/hdf5/build/ci-StdShar-GNUC/tools/test/h5dump && /usr/bin/cmake -E copy_if_different /home/byrn/HDF_Projects/hdf5/dev/tools/test/h5dump/expected/tvlenstr_array.ddl /home/byrn/HDF_Projects/hdf5/build/ci-StdShar-GNUC/tools/test/h5dump/testfiles/std/tvlenstr_array.ddl
[2429/4114] cd /home/byrn/HDF_Projects/hdf5/build/ci-StdShar-GNUC/tools/test/h5dump && /usr/bin/cmake -E copy_if_different /home/byrn/HDF_Projects/hdf5/dev/tools/test/h5dump/testfiles/tvlenstr_array.h5 /home/byrn/HDF_Projects/hdf5/build/ci-StdShar-GNUC/tools/test/h5dump/testfiles/std/tvlenstr_array.h5
[2430/4114] cd /home/byrn/HDF_Projects/hdf5/build/ci-StdShar-GNUC/tools/test/h5dump && /usr/bin/cmake -E copy_if_different /home/byrn/HDF_Projects/hdf5/dev/tools/test/h5dump/testfiles/tvldtypes5.h5 /home/byrn/HDF_Projects/hdf5/build/ci-StdShar-GNUC/tools/test/h5dump/testfiles/std/tvldtypes5.h5
[2431/4114] cd /home/byrn/HDF_Projects/hdf5/build/ci-StdShar-GNUC/tools/test/h5dump && /usr/bin/cmake -E copy_if_different /home/byrn/HDF_Projects/hdf5/dev/tools/test/h5dump/expected/tvlstr.ddl /home/byrn/HDF_Projects/hdf5/build/ci-StdShar-GNUC/tools/test/h5dump/testfiles/std/tvlstr.ddl
[2432/4114] cd /home/byrn/HDF_Projects/hdf5/build/ci-StdShar-GNUC/tools/test/h5dump && /usr/bin/cmake -E copy_if_different /home/byrn/HDF_Projects/hdf5/dev/tools/test/h5dump/testfiles/tvms.h5 /home/byrn/HDF_Projects/hdf5/build/ci-StdShar-GNUC/tools/test/h5dump/testfiles/std/tvms.h5
[2433/4114] cd /home/byrn/HDF_Projects/hdf5/build/ci-StdShar-GNUC/tools/test/h5dump && /usr/bin/cmake -E copy_if_different /home/byrn/HDF_Projects/hdf5/dev/tools/test/h5dump/testfiles/tvlstr.h5 /home/byrn/HDF_Projects/hdf5/build/ci-StdShar-GNUC/tools/test/h5dump/testfiles/std/tvlstr.h5
[2434/4114] cd /home/byrn/HDF_Projects/hdf5/build/ci-StdShar-GNUC/tools/test/h5dump && /usr/bin/cmake -E copy_if_different /home/byrn/HDF_Projects/hdf5/dev/tools/test/h5dump/expected/twidedisplay.ddl /home/byrn/HDF_Projects/hdf5/build/ci-StdShar-GNUC/tools/test/h5dump/testfiles/std/twidedisplay.ddl
[2435/4114] cd /home/byrn/HDF_Projects/hdf5/build/ci-StdShar-GNUC/tools/test/h5dump && /usr/bin/cmake -E copy_if_different /home/byrn/HDF_Projects/hdf5/dev/tools/test/h5dump/expected/twithddlfile.ddl /home/byrn/HDF_Projects/hdf5/build/ci-StdShar-GNUC/tools/test/h5dump/testfiles/std/twithddlfile.ddl
[2436/4114] cd /home/byrn/HDF_Projects/hdf5/build/ci-StdShar-GNUC/tools/test/h5dump && /usr/bin/cmake -E copy_if_different /home/byrn/HDF_Projects/hdf5/dev/tools/test/h5dump/expected/tvms.ddl /home/byrn/HDF_Projects/hdf5/build/ci-StdShar-GNUC/tools/test/h5dump/testfiles/std/tvms.ddl
[2437/4114] cd /home/byrn/HDF_Projects/hdf5/build/ci-StdShar-GNUC/tools/test/h5dump && /usr/bin/cmake -E copy_if_different /home/byrn/HDF_Projects/hdf5/dev/tools/test/h5dump/exportfiles/twithddl.exp /home/byrn/HDF_Projects/hdf5/build/ci-StdShar-GNUC/tools/test/h5dump/testfiles/std/twithddl.exp
[2438/4114] cd /home/byrn/HDF_Projects/hdf5/build/ci-StdShar-GNUC/tools/test/h5dump && /usr/bin/cmake -E copy_if_different /home/byrn/HDF_Projects/hdf5/dev/tools/test/h5dump/expected/zerodim.ddl /home/byrn/HDF_Projects/hdf5/build/ci-StdShar-GNUC/tools/test/h5dump/testfiles/std/zerodim.ddl
[2439/4114] cd /home/byrn/HDF_Projects/hdf5/build/ci-StdShar-GNUC/tools/test/h5dump && /usr/bin/cmake -E copy_if_different /home/byrn/HDF_Projects/hdf5/dev/tools/test/h5dump/exportfiles/twithddlfile.exp /home/byrn/HDF_Projects/hdf5/build/ci-StdShar-GNUC/tools/test/h5dump/testfiles/std/twithddlfile.exp
[2440/4114] cd /home/byrn/HDF_Projects/hdf5/build/ci-StdShar-GNUC/tools/test/h5dump && /usr/bin/cmake -E copy_if_different /home/byrn/HDF_Projects/hdf5/dev/tools/test/h5dump/testfiles/packedbits.h5 /home/byrn/HDF_Projects/hdf5/build/ci-StdShar-GNUC/tools/test/h5dump/testfiles/pbits/packedbits.h5
[2441/4114] cd /home/byrn/HDF_Projects/hdf5/build/ci-StdShar-GNUC/tools/test/h5dump && /usr/bin/cmake -E copy_if_different /home/byrn/HDF_Projects/hdf5/dev/tools/test/h5dump/testfiles/zerodim.h5 /home/byrn/HDF_Projects/hdf5/build/ci-StdShar-GNUC/tools/test/h5dump/testfiles/std/zerodim.h5
[2442/4114] cd /home/byrn/HDF_Projects/hdf5/build/ci-StdShar-GNUC/tools/test/h5dump && /usr/bin/cmake -E copy_if_different /home/byrn/HDF_Projects/hdf5/dev/tools/test/h5dump/testfiles/tcompound.h5 /home/byrn/HDF_Projects/hdf5/build/ci-StdShar-GNUC/tools/test/h5dump/testfiles/pbits/tcompound.h5
[2443/4114] cd /home/byrn/HDF_Projects/hdf5/build/ci-StdShar-GNUC/tools/test/h5dump && /usr/bin/cmake -E copy_if_different /home/byrn/HDF_Projects/hdf5/dev/tools/test/h5dump/testfiles/tarray1.h5 /home/byrn/HDF_Projects/hdf5/build/ci-StdShar-GNUC/tools/test/h5dump/testfiles/pbits/tarray1.h5
[2444/4114] cd /home/byrn/HDF_Projects/hdf5/build/ci-StdShar-GNUC/tools/test/h5dump && /usr/bin/cmake -E copy_if_different /home/byrn/HDF_Projects/hdf5/dev/tools/test/h5dump/expected/pbits/tpbitsCharLengthExceeded.ddl /home/byrn/HDF_Projects/hdf5/build/ci-StdShar-GNUC/tools/test/h5dump/testfiles/pbits/tpbitsCharLengthExceeded.ddl
[2445/4114] cd /home/byrn/HDF_Projects/hdf5/build/ci-StdShar-GNUC/tools/test/h5dump && /usr/bin/cmake -E copy_if_different /home/byrn/HDF_Projects/hdf5/dev/tools/test/h5dump/expected/pbits/tnofilename-with-packed-bits.ddl /home/byrn/HDF_Projects/hdf5/build/ci-StdShar-GNUC/tools/test/h5dump/testfiles/pbits/tnofilename-with-packed-bits.ddl
[2446/4114] cd /home/byrn/HDF_Projects/hdf5/build/ci-StdShar-GNUC/tools/test/h5dump && /usr/bin/cmake -E copy_if_different /home/byrn/HDF_Projects/hdf5/dev/tools/test/h5dump/expected/pbits/tpbitsCharOffsetExceeded.ddl /home/byrn/HDF_Projects/hdf5/build/ci-StdShar-GNUC/tools/test/h5dump/testfiles/pbits/tpbitsCharOffsetExceeded.ddl
[2447/4114] cd /home/byrn/HDF_Projects/hdf5/build/ci-StdShar-GNUC/tools/test/h5dump && /usr/bin/cmake -E copy_if_different /home/byrn/HDF_Projects/hdf5/dev/tools/test/h5dump/expected/pbits/tpbitsArray.ddl /home/byrn/HDF_Projects/hdf5/build/ci-StdShar-GNUC/tools/test/h5dump/testfiles/pbits/tpbitsArray.ddl
[2448/4114] cd /home/byrn/HDF_Projects/hdf5/build/ci-StdShar-GNUC/tools/test/h5dump && /usr/bin/cmake -E copy_if_different /home/byrn/HDF_Projects/hdf5/dev/tools/test/h5dump/expected/pbits/tpbitsIncomplete.ddl /home/byrn/HDF_Projects/hdf5/build/ci-StdShar-GNUC/tools/test/h5dump/testfiles/pbits/tpbitsIncomplete.ddl
[2449/4114] cd /home/byrn/HDF_Projects/hdf5/build/ci-StdShar-GNUC/tools/test/h5dump && /usr/bin/cmake -E copy_if_different /home/byrn/HDF_Projects/hdf5/dev/tools/test/h5dump/expected/pbits/tpbitsCompound.ddl /home/byrn/HDF_Projects/hdf5/build/ci-StdShar-GNUC/tools/test/h5dump/testfiles/pbits/tpbitsCompound.ddl
[2450/4114] cd /home/byrn/HDF_Projects/hdf5/build/ci-StdShar-GNUC/tools/test/h5dump && /usr/bin/cmake -E copy_if_different /home/byrn/HDF_Projects/hdf5/dev/tools/test/h5dump/expected/pbits/tpbitsIntLengthExceeded.ddl /home/byrn/HDF_Projects/hdf5/build/ci-StdShar-GNUC/tools/test/h5dump/testfiles/pbits/tpbitsIntLengthExceeded.ddl
[2451/4114] cd /home/byrn/HDF_Projects/hdf5/build/ci-StdShar-GNUC/tools/test/h5dump && /usr/bin/cmake -E copy_if_different /home/byrn/HDF_Projects/hdf5/dev/tools/test/h5dump/expected/pbits/tpbitsLengthExceeded.ddl /home/byrn/HDF_Projects/hdf5/build/ci-StdShar-GNUC/tools/test/h5dump/testfiles/pbits/tpbitsLengthExceeded.ddl
[2452/4114] cd /home/byrn/HDF_Projects/hdf5/build/ci-StdShar-GNUC/tools/test/h5dump && /usr/bin/cmake -E copy_if_different /home/byrn/HDF_Projects/hdf5/dev/tools/test/h5dump/expected/pbits/tpbitsLongLengthExceeded.ddl /home/byrn/HDF_Projects/hdf5/build/ci-StdShar-GNUC/tools/test/h5dump/testfiles/pbits/tpbitsLongLengthExceeded.ddl
[2453/4114] cd /home/byrn/HDF_Projects/hdf5/build/ci-StdShar-GNUC/tools/test/h5dump && /usr/bin/cmake -E copy_if_different /home/byrn/HDF_Projects/hdf5/dev/tools/test/h5dump/expected/pbits/tpbitsLongOffsetExceeded.ddl /home/byrn/HDF_Projects/hdf5/build/ci-StdShar-GNUC/tools/test/h5dump/testfiles/pbits/tpbitsLongOffsetExceeded.ddl
[2454/4114] cd /home/byrn/HDF_Projects/hdf5/build/ci-StdShar-GNUC/tools/test/h5dump && /usr/bin/cmake -E copy_if_different /home/byrn/HDF_Projects/hdf5/dev/tools/test/h5dump/expected/pbits/tpbitsIntOffsetExceeded.ddl /home/byrn/HDF_Projects/hdf5/build/ci-StdShar-GNUC/tools/test/h5dump/testfiles/pbits/tpbitsIntOffsetExceeded.ddl
[2455/4114] cd /home/byrn/HDF_Projects/hdf5/build/ci-StdShar-GNUC/tools/test/h5dump && /usr/bin/cmake -E copy_if_different /home/byrn/HDF_Projects/hdf5/dev/tools/test/h5dump/expected/pbits/tpbitsLengthPositive.ddl /home/byrn/HDF_Projects/hdf5/build/ci-StdShar-GNUC/tools/test/h5dump/testfiles/pbits/tpbitsLengthPositive.ddl
[2456/4114] cd /home/byrn/HDF_Projects/hdf5/build/ci-StdShar-GNUC/tools/test/h5dump && /usr/bin/cmake -E copy_if_different /home/byrn/HDF_Projects/hdf5/dev/tools/test/h5dump/expected/pbits/tpbitsMax.ddl /home/byrn/HDF_Projects/hdf5/build/ci-StdShar-GNUC/tools/test/h5dump/testfiles/pbits/tpbitsMax.ddl
[2457/4114] cd /home/byrn/HDF_Projects/hdf5/build/ci-StdShar-GNUC/tools/test/h5dump && /usr/bin/cmake -E copy_if_different /home/byrn/HDF_Projects/hdf5/dev/tools/test/h5dump/expected/pbits/tpbitsMaxExceeded.ddl /home/byrn/HDF_Projects/hdf5/build/ci-StdShar-GNUC/tools/test/h5dump/testfiles/pbits/tpbitsMaxExceeded.ddl
[2458/4114] cd /home/byrn/HDF_Projects/hdf5/build/ci-StdShar-GNUC/tools/test/h5dump && /usr/bin/cmake -E copy_if_different /home/byrn/HDF_Projects/hdf5/dev/tools/test/h5dump/expected/pbits/tpbitsOffsetNegative.ddl /home/byrn/HDF_Projects/hdf5/build/ci-StdShar-GNUC/tools/test/h5dump/testfiles/pbits/tpbitsOffsetNegative.ddl
[2459/4114] cd /home/byrn/HDF_Projects/hdf5/build/ci-StdShar-GNUC/tools/test/h5dump && /usr/bin/cmake -E copy_if_different /home/byrn/HDF_Projects/hdf5/dev/tools/test/h5dump/expected/pbits/tpbitsSigned.ddl /home/byrn/HDF_Projects/hdf5/build/ci-StdShar-GNUC/tools/test/h5dump/testfiles/pbits/tpbitsSigned.ddl
[2460/4114] cd /home/byrn/HDF_Projects/hdf5/build/ci-StdShar-GNUC/tools/test/h5dump && /usr/bin/cmake -E copy_if_different /home/byrn/HDF_Projects/hdf5/dev/tools/test/h5dump/expected/pbits/tpbitsOffsetExceeded.ddl /home/byrn/HDF_Projects/hdf5/build/ci-StdShar-GNUC/tools/test/h5dump/testfiles/pbits/tpbitsOffsetExceeded.ddl
[2461/4114] cd /home/byrn/HDF_Projects/hdf5/build/ci-StdShar-GNUC/tools/test/h5dump && /usr/bin/cmake -E copy_if_different /home/byrn/HDF_Projects/hdf5/dev/tools/test/h5dump/expected/pbits/tpbitsOverlapped.ddl /home/byrn/HDF_Projects/hdf5/build/ci-StdShar-GNUC/tools/test/h5dump/testfiles/pbits/tpbitsOverlapped.ddl
[2462/4114] cd /home/byrn/HDF_Projects/hdf5/build/ci-StdShar-GNUC/tools/test/h5dump && /usr/bin/cmake -E copy_if_different /home/byrn/HDF_Projects/hdf5/dev/tools/test/h5dump/expected/pbits/tpbitsSigned2.ddl /home/byrn/HDF_Projects/hdf5/build/ci-StdShar-GNUC/tools/test/h5dump/testfiles/pbits/tpbitsSigned2.ddl
[2463/4114] cd /home/byrn/HDF_Projects/hdf5/build/ci-StdShar-GNUC/tools/test/h5dump && /usr/bin/cmake -E copy_if_different /home/byrn/HDF_Projects/hdf5/dev/tools/test/h5dump/expected/pbits/tpbitsSignedInt.ddl /home/byrn/HDF_Projects/hdf5/build/ci-StdShar-GNUC/tools/test/h5dump/testfiles/pbits/tpbitsSignedInt.ddl
[2464/4114] cd /home/byrn/HDF_Projects/hdf5/build/ci-StdShar-GNUC/tools/test/h5dump && /usr/bin/cmake -E copy_if_different /home/byrn/HDF_Projects/hdf5/dev/tools/test/h5dump/expected/pbits/tpbitsSignedInt4.ddl /home/byrn/HDF_Projects/hdf5/build/ci-StdShar-GNUC/tools/test/h5dump/testfiles/pbits/tpbitsSignedInt4.ddl
[2465/4114] cd /home/byrn/HDF_Projects/hdf5/build/ci-StdShar-GNUC/tools/test/h5dump && /usr/bin/cmake -E copy_if_different /home/byrn/HDF_Projects/hdf5/dev/tools/test/h5dump/expected/pbits/tpbitsSigned4.ddl /home/byrn/HDF_Projects/hdf5/build/ci-StdShar-GNUC/tools/test/h5dump/testfiles/pbits/tpbitsSigned4.ddl
[2466/4114] cd /home/byrn/HDF_Projects/hdf5/build/ci-StdShar-GNUC/tools/test/h5dump && /usr/bin/cmake -E copy_if_different /home/byrn/HDF_Projects/hdf5/dev/tools/test/h5dump/expected/pbits/tpbitsSignedIntWhole.ddl /home/byrn/HDF_Projects/hdf5/build/ci-StdShar-GNUC/tools/test/h5dump/testfiles/pbits/tpbitsSignedIntWhole.ddl
[2467/4114] cd /home/byrn/HDF_Projects/hdf5/build/ci-StdShar-GNUC/tools/test/h5dump && /usr/bin/cmake -E copy_if_different /home/byrn/HDF_Projects/hdf5/dev/tools/test/h5dump/expected/pbits/tpbitsSignedInt8.ddl /home/byrn/HDF_Projects/hdf5/build/ci-StdShar-GNUC/tools/test/h5dump/testfiles/pbits/tpbitsSignedInt8.ddl
[2468/4114] cd /home/byrn/HDF_Projects/hdf5/build/ci-StdShar-GNUC/tools/test/h5dump && /usr/bin/cmake -E copy_if_different /home/byrn/HDF_Projects/hdf5/dev/tools/test/h5dump/expected/pbits/tpbitsSignedLong.ddl /home/byrn/HDF_Projects/hdf5/build/ci-StdShar-GNUC/tools/test/h5dump/testfiles/pbits/tpbitsSignedLong.ddl
[2469/4114] cd /home/byrn/HDF_Projects/hdf5/build/ci-StdShar-GNUC/tools/test/h5dump && /usr/bin/cmake -E copy_if_different /home/byrn/HDF_Projects/hdf5/dev/tools/test/h5dump/expected/pbits/tpbitsSignedLong8.ddl /home/byrn/HDF_Projects/hdf5/build/ci-StdShar-GNUC/tools/test/h5dump/testfiles/pbits/tpbitsSignedLong8.ddl
[2470/4114] cd /home/byrn/HDF_Projects/hdf5/build/ci-StdShar-GNUC/tools/test/h5dump && /usr/bin/cmake -E copy_if_different /home/byrn/HDF_Projects/hdf5/dev/tools/test/h5dump/expected/pbits/tpbitsSignedLongLong.ddl /home/byrn/HDF_Projects/hdf5/build/ci-StdShar-GNUC/tools/test/h5dump/testfiles/pbits/tpbitsSignedLongLong.ddl
[2471/4114] cd /home/byrn/HDF_Projects/hdf5/build/ci-StdShar-GNUC/tools/test/h5dump && /usr/bin/cmake -E copy_if_different /home/byrn/HDF_Projects/hdf5/dev/tools/test/h5dump/expected/pbits/tpbitsSignedLong16.ddl /home/byrn/HDF_Projects/hdf5/build/ci-StdShar-GNUC/tools/test/h5dump/testfiles/pbits/tpbitsSignedLong16.ddl
[2472/4114] cd /home/byrn/HDF_Projects/hdf5/build/ci-StdShar-GNUC/tools/test/h5dump && /usr/bin/cmake -E copy_if_different /home/byrn/HDF_Projects/hdf5/dev/tools/test/h5dump/expected/pbits/tpbitsSignedLongLong32.ddl /home/byrn/HDF_Projects/hdf5/build/ci-StdShar-GNUC/tools/test/h5dump/testfiles/pbits/tpbitsSignedLongLong32.ddl
[2473/4114] cd /home/byrn/HDF_Projects/hdf5/build/ci-StdShar-GNUC/tools/test/h5dump && /usr/bin/cmake -E copy_if_different /home/byrn/HDF_Projects/hdf5/dev/tools/test/h5dump/expected/pbits/tpbitsSignedLongLong16.ddl /home/byrn/HDF_Projects/hdf5/build/ci-StdShar-GNUC/tools/test/h5dump/testfiles/pbits/tpbitsSignedLongLong16.ddl
[2474/4114] cd /home/byrn/HDF_Projects/hdf5/build/ci-StdShar-GNUC/tools/test/h5dump && /usr/bin/cmake -E copy_if_different /home/byrn/HDF_Projects/hdf5/dev/tools/test/h5dump/expected/pbits/tpbitsSignedLongLongWhole63.ddl /home/byrn/HDF_Projects/hdf5/build/ci-StdShar-GNUC/tools/test/h5dump/testfiles/pbits/tpbitsSignedLongLongWhole63.ddl
[2475/4114] cd /home/byrn/HDF_Projects/hdf5/build/ci-StdShar-GNUC/tools/test/h5dump && /usr/bin/cmake -E copy_if_different /home/byrn/HDF_Projects/hdf5/dev/tools/test/h5dump/expected/pbits/tpbitsSignedLongWhole.ddl /home/byrn/HDF_Projects/hdf5/build/ci-StdShar-GNUC/tools/test/h5dump/testfiles/pbits/tpbitsSignedLongWhole.ddl
[2476/4114] cd /home/byrn/HDF_Projects/hdf5/build/ci-StdShar-GNUC/tools/test/h5dump && /usr/bin/cmake -E copy_if_different /home/byrn/HDF_Projects/hdf5/dev/tools/test/h5dump/expected/pbits/tpbitsSignedLongLongWhole.ddl /home/byrn/HDF_Projects/hdf5/build/ci-StdShar-GNUC/tools/test/h5dump/testfiles/pbits/tpbitsSignedLongLongWhole.ddl
[2477/4114] cd /home/byrn/HDF_Projects/hdf5/build/ci-StdShar-GNUC/tools/test/h5dump && /usr/bin/cmake -E copy_if_different /home/byrn/HDF_Projects/hdf5/dev/tools/test/h5dump/expected/pbits/tpbitsSignedLongLongWhole1.ddl /home/byrn/HDF_Projects/hdf5/build/ci-StdShar-GNUC/tools/test/h5dump/testfiles/pbits/tpbitsSignedLongLongWhole1.ddl
[2478/4114] cd /home/byrn/HDF_Projects/hdf5/build/ci-StdShar-GNUC/tools/test/h5dump && /usr/bin/cmake -E copy_if_different /home/byrn/HDF_Projects/hdf5/dev/tools/test/h5dump/expected/pbits/tpbitsSignedWhole.ddl /home/byrn/HDF_Projects/hdf5/build/ci-StdShar-GNUC/tools/test/h5dump/testfiles/pbits/tpbitsSignedWhole.ddl
[2479/4114] cd /home/byrn/HDF_Projects/hdf5/build/ci-StdShar-GNUC/tools/test/h5dump && /usr/bin/cmake -E copy_if_different /home/byrn/HDF_Projects/hdf5/dev/tools/test/h5dump/expected/pbits/tpbitsUnsigned.ddl /home/byrn/HDF_Projects/hdf5/build/ci-StdShar-GNUC/tools/test/h5dump/testfiles/pbits/tpbitsUnsigned.ddl
[2480/4114] cd /home/byrn/HDF_Projects/hdf5/build/ci-StdShar-GNUC/tools/test/h5dump && /usr/bin/cmake -E copy_if_different /home/byrn/HDF_Projects/hdf5/dev/tools/test/h5dump/expected/pbits/tpbitsUnsigned2.ddl /home/byrn/HDF_Projects/hdf5/build/ci-StdShar-GNUC/tools/test/h5dump/testfiles/pbits/tpbitsUnsigned2.ddl
[2481/4114] cd /home/byrn/HDF_Projects/hdf5/build/ci-StdShar-GNUC/tools/test/h5dump && /usr/bin/cmake -E copy_if_different /home/byrn/HDF_Projects/hdf5/dev/tools/test/h5dump/expected/pbits/tpbitsUnsignedInt.ddl /home/byrn/HDF_Projects/hdf5/build/ci-StdShar-GNUC/tools/test/h5dump/testfiles/pbits/tpbitsUnsignedInt.ddl
[2482/4114] cd /home/byrn/HDF_Projects/hdf5/build/ci-StdShar-GNUC/tools/test/h5dump && /usr/bin/cmake -E copy_if_different /home/byrn/HDF_Projects/hdf5/dev/tools/test/h5dump/expected/pbits/tpbitsUnsignedInt8.ddl /home/byrn/HDF_Projects/hdf5/build/ci-StdShar-GNUC/tools/test/h5dump/testfiles/pbits/tpbitsUnsignedInt8.ddl
[2483/4114] cd /home/byrn/HDF_Projects/hdf5/build/ci-StdShar-GNUC/tools/test/h5dump && /usr/bin/cmake -E copy_if_different /home/byrn/HDF_Projects/hdf5/dev/tools/test/h5dump/expected/pbits/tpbitsUnsigned4.ddl /home/byrn/HDF_Projects/hdf5/build/ci-StdShar-GNUC/tools/test/h5dump/testfiles/pbits/tpbitsUnsigned4.ddl
[2484/4114] cd /home/byrn/HDF_Projects/hdf5/build/ci-StdShar-GNUC/tools/test/h5dump && /usr/bin/cmake -E copy_if_different /home/byrn/HDF_Projects/hdf5/dev/tools/test/h5dump/expected/pbits/tpbitsUnsignedInt4.ddl /home/byrn/HDF_Projects/hdf5/build/ci-StdShar-GNUC/tools/test/h5dump/testfiles/pbits/tpbitsUnsignedInt4.ddl
[2485/4114] cd /home/byrn/HDF_Projects/hdf5/build/ci-StdShar-GNUC/tools/test/h5dump && /usr/bin/cmake -E copy_if_different /home/byrn/HDF_Projects/hdf5/dev/tools/test/h5dump/expected/pbits/tpbitsUnsignedIntWhole.ddl /home/byrn/HDF_Projects/hdf5/build/ci-StdShar-GNUC/tools/test/h5dump/testfiles/pbits/tpbitsUnsignedIntWhole.ddl
[2486/4114] cd /home/byrn/HDF_Projects/hdf5/build/ci-StdShar-GNUC/tools/test/h5dump && /usr/bin/cmake -E copy_if_different /home/byrn/HDF_Projects/hdf5/dev/tools/test/h5dump/expected/pbits/tpbitsUnsignedLong.ddl /home/byrn/HDF_Projects/hdf5/build/ci-StdShar-GNUC/tools/test/h5dump/testfiles/pbits/tpbitsUnsignedLong.ddl
[2487/4114] cd /home/byrn/HDF_Projects/hdf5/build/ci-StdShar-GNUC/tools/test/h5dump && /usr/bin/cmake -E copy_if_different /home/byrn/HDF_Projects/hdf5/dev/tools/test/h5dump/expected/pbits/tpbitsUnsignedLong16.ddl /home/byrn/HDF_Projects/hdf5/build/ci-StdShar-GNUC/tools/test/h5dump/testfiles/pbits/tpbitsUnsignedLong16.ddl
[2488/4114] cd /home/byrn/HDF_Projects/hdf5/build/ci-StdShar-GNUC/tools/test/h5dump && /usr/bin/cmake -E copy_if_different /home/byrn/HDF_Projects/hdf5/dev/tools/test/h5dump/expected/pbits/tpbitsUnsignedLongLong16.ddl /home/byrn/HDF_Projects/hdf5/build/ci-StdShar-GNUC/tools/test/h5dump/testfiles/pbits/tpbitsUnsignedLongLong16.ddl
[2489/4114] cd /home/byrn/HDF_Projects/hdf5/build/ci-StdShar-GNUC/tools/test/h5dump && /usr/bin/cmake -E copy_if_different /home/byrn/HDF_Projects/hdf5/dev/tools/test/h5dump/expected/pbits/tpbitsUnsignedLong8.ddl /home/byrn/HDF_Projects/hdf5/build/ci-StdShar-GNUC/tools/test/h5dump/testfiles/pbits/tpbitsUnsignedLong8.ddl
[2490/4114] cd /home/byrn/HDF_Projects/hdf5/build/ci-StdShar-GNUC/tools/test/h5dump && /usr/bin/cmake -E copy_if_different /home/byrn/HDF_Projects/hdf5/dev/tools/test/h5dump/expected/pbits/tpbitsUnsignedLongLong32.ddl /home/byrn/HDF_Projects/hdf5/build/ci-StdShar-GNUC/tools/test/h5dump/testfiles/pbits/tpbitsUnsignedLongLong32.ddl
[2491/4114] cd /home/byrn/HDF_Projects/hdf5/build/ci-StdShar-GNUC/tools/test/h5dump && /usr/bin/cmake -E copy_if_different /home/byrn/HDF_Projects/hdf5/dev/tools/test/h5dump/expected/pbits/tpbitsUnsignedLongLong.ddl /home/byrn/HDF_Projects/hdf5/build/ci-StdShar-GNUC/tools/test/h5dump/testfiles/pbits/tpbitsUnsignedLongLong.ddl
[2492/4114] cd /home/byrn/HDF_Projects/hdf5/build/ci-StdShar-GNUC/tools/test/h5dump && /usr/bin/cmake -E copy_if_different /home/byrn/HDF_Projects/hdf5/dev/tools/test/h5dump/expected/pbits/tpbitsUnsignedLongLongWhole.ddl /home/byrn/HDF_Projects/hdf5/build/ci-StdShar-GNUC/tools/test/h5dump/testfiles/pbits/tpbitsUnsignedLongLongWhole.ddl
[2493/4114] cd /home/byrn/HDF_Projects/hdf5/build/ci-StdShar-GNUC/tools/test/h5dump && /usr/bin/cmake -E copy_if_different /home/byrn/HDF_Projects/hdf5/dev/tools/test/h5dump/expected/pbits/tpbitsUnsignedLongLongWhole1.ddl /home/byrn/HDF_Projects/hdf5/build/ci-StdShar-GNUC/tools/test/h5dump/testfiles/pbits/tpbitsUnsignedLongLongWhole1.ddl
[2494/4114] cd /home/byrn/HDF_Projects/hdf5/build/ci-StdShar-GNUC/tools/test/h5dump && /usr/bin/cmake -E copy_if_different /home/byrn/HDF_Projects/hdf5/dev/tools/test/h5dump/expected/pbits/tpbitsUnsignedLongWhole.ddl /home/byrn/HDF_Projects/hdf5/build/ci-StdShar-GNUC/tools/test/h5dump/testfiles/pbits/tpbitsUnsignedLongWhole.ddl
[2495/4114] cd /home/byrn/HDF_Projects/hdf5/build/ci-StdShar-GNUC/tools/test/h5dump && /usr/bin/cmake -E copy_if_different /home/byrn/HDF_Projects/hdf5/dev/tools/test/h5dump/testfiles/vds/1_a.h5 /home/byrn/HDF_Projects/hdf5/build/ci-StdShar-GNUC/tools/test/h5dump/testfiles/vds/1_a.h5
[2496/4114] cd /home/byrn/HDF_Projects/hdf5/build/ci-StdShar-GNUC/tools/test/h5dump && /usr/bin/cmake -E copy_if_different /home/byrn/HDF_Projects/hdf5/dev/tools/test/h5dump/expected/pbits/tpbitsUnsignedLongLongWhole63.ddl /home/byrn/HDF_Projects/hdf5/build/ci-StdShar-GNUC/tools/test/h5dump/testfiles/pbits/tpbitsUnsignedLongLongWhole63.ddl
[2497/4114] cd /home/byrn/HDF_Projects/hdf5/build/ci-StdShar-GNUC/tools/test/h5dump && /usr/bin/cmake -E copy_if_different /home/byrn/HDF_Projects/hdf5/dev/tools/test/h5dump/expected/pbits/tpbitsUnsignedWhole.ddl /home/byrn/HDF_Projects/hdf5/build/ci-StdShar-GNUC/tools/test/h5dump/testfiles/pbits/tpbitsUnsignedWhole.ddl
[2498/4114] cd /home/byrn/HDF_Projects/hdf5/build/ci-StdShar-GNUC/tools/test/h5dump && /usr/bin/cmake -E copy_if_different /home/byrn/HDF_Projects/hdf5/dev/tools/test/h5dump/testfiles/vds/1_d.h5 /home/byrn/HDF_Projects/hdf5/build/ci-StdShar-GNUC/tools/test/h5dump/testfiles/vds/1_d.h5
[2499/4114] cd /home/byrn/HDF_Projects/hdf5/build/ci-StdShar-GNUC/tools/test/h5dump && /usr/bin/cmake -E copy_if_different /home/byrn/HDF_Projects/hdf5/dev/tools/test/h5dump/testfiles/vds/1_b.h5 /home/byrn/HDF_Projects/hdf5/build/ci-StdShar-GNUC/tools/test/h5dump/testfiles/vds/1_b.h5
[2500/4114] cd /home/byrn/HDF_Projects/hdf5/build/ci-StdShar-GNUC/tools/test/h5dump && /usr/bin/cmake -E copy_if_different /home/byrn/HDF_Projects/hdf5/dev/tools/test/h5dump/testfiles/vds/1_e.h5 /home/byrn/HDF_Projects/hdf5/build/ci-StdShar-GNUC/tools/test/h5dump/testfiles/vds/1_e.h5
[2501/4114] /usr/bin/cc -D_FILE_OFFSET_BITS=64 -D_GNU_SOURCE -D_LARGEFILE_SOURCE -D_POSIX_C_SOURCE=200809L -I/home/byrn/HDF_Projects/hdf5/dev/tools/src/h5repack -I/home/byrn/HDF_Projects/hdf5/dev/tools/lib -I/home/byrn/HDF_Projects/hdf5/dev/src -I/home/byrn/HDF_Projects/hdf5/dev/src/H5FDsubfiling -I/home/byrn/HDF_Projects/hdf5/dev/test -I/home/byrn/HDF_Projects/hdf5/build/ci-StdShar-GNUC/src -I/home/byrn/HDF_Projects/hdf5/build/ci-StdShar-GNUC/tools/lib -I/home/byrn/HDF_Projects/hdf5/build/ci-StdShar-GNUC/test -std=c99  -fstdarg-opt -fdiagnostics-urls=never -fno-diagnostics-color -fmessage-length=0 -O2 -g -DNDEBUG -std=gnu99 -fPIE -MD -MT tools/test/h5repack/CMakeFiles/h5repacktest.dir/h5repacktst.c.o -MF tools/test/h5repack/CMakeFiles/h5repacktest.dir/h5repacktst.c.o.d -o tools/test/h5repack/CMakeFiles/h5repacktest.dir/h5repacktst.c.o -c /home/byrn/HDF_Projects/hdf5/dev/tools/test/h5repack/h5repacktst.c
[2502/4114] cd /home/byrn/HDF_Projects/hdf5/build/ci-StdShar-GNUC/tools/test/h5dump && /usr/bin/cmake -E copy_if_different /home/byrn/HDF_Projects/hdf5/dev/tools/test/h5dump/testfiles/vds/1_c.h5 /home/byrn/HDF_Projects/hdf5/build/ci-StdShar-GNUC/tools/test/h5dump/testfiles/vds/1_c.h5
[2503/4114] cd /home/byrn/HDF_Projects/hdf5/build/ci-StdShar-GNUC/tools/test/h5dump && /usr/bin/cmake -E copy_if_different /home/byrn/HDF_Projects/hdf5/dev/tools/test/h5dump/testfiles/vds/1_f.h5 /home/byrn/HDF_Projects/hdf5/build/ci-StdShar-GNUC/tools/test/h5dump/testfiles/vds/1_f.h5
[2504/4114] cd /home/byrn/HDF_Projects/hdf5/build/ci-StdShar-GNUC/tools/test/h5dump && /usr/bin/cmake -E copy_if_different /home/byrn/HDF_Projects/hdf5/dev/tools/test/h5dump/testfiles/vds/1_vds.h5 /home/byrn/HDF_Projects/hdf5/build/ci-StdShar-GNUC/tools/test/h5dump/testfiles/vds/1_vds.h5
[2505/4114] cd /home/byrn/HDF_Projects/hdf5/build/ci-StdShar-GNUC/tools/test/h5dump && /usr/bin/cmake -E copy_if_different /home/byrn/HDF_Projects/hdf5/dev/tools/test/h5dump/testfiles/vds/2_c.h5 /home/byrn/HDF_Projects/hdf5/build/ci-StdShar-GNUC/tools/test/h5dump/testfiles/vds/2_c.h5
[2506/4114] cd /home/byrn/HDF_Projects/hdf5/build/ci-StdShar-GNUC/tools/test/h5dump && /usr/bin/cmake -E copy_if_different /home/byrn/HDF_Projects/hdf5/dev/tools/test/h5dump/testfiles/vds/2_a.h5 /home/byrn/HDF_Projects/hdf5/build/ci-StdShar-GNUC/tools/test/h5dump/testfiles/vds/2_a.h5
[2507/4114] cd /home/byrn/HDF_Projects/hdf5/build/ci-StdShar-GNUC/tools/test/h5dump && /usr/bin/cmake -E copy_if_different /home/byrn/HDF_Projects/hdf5/dev/tools/test/h5dump/testfiles/vds/2_e.h5 /home/byrn/HDF_Projects/hdf5/build/ci-StdShar-GNUC/tools/test/h5dump/testfiles/vds/2_e.h5
[2508/4114] cd /home/byrn/HDF_Projects/hdf5/build/ci-StdShar-GNUC/tools/test/h5dump && /usr/bin/cmake -E copy_if_different /home/byrn/HDF_Projects/hdf5/dev/tools/test/h5dump/testfiles/vds/2_b.h5 /home/byrn/HDF_Projects/hdf5/build/ci-StdShar-GNUC/tools/test/h5dump/testfiles/vds/2_b.h5
[2509/4114] cd /home/byrn/HDF_Projects/hdf5/build/ci-StdShar-GNUC/tools/test/h5dump && /usr/bin/cmake -E copy_if_different /home/byrn/HDF_Projects/hdf5/dev/tools/test/h5dump/testfiles/vds/2_d.h5 /home/byrn/HDF_Projects/hdf5/build/ci-StdShar-GNUC/tools/test/h5dump/testfiles/vds/2_d.h5
[2510/4114] cd /home/byrn/HDF_Projects/hdf5/build/ci-StdShar-GNUC/tools/test/h5dump && /usr/bin/cmake -E copy_if_different /home/byrn/HDF_Projects/hdf5/dev/tools/test/h5dump/testfiles/vds/2_vds.h5 /home/byrn/HDF_Projects/hdf5/build/ci-StdShar-GNUC/tools/test/h5dump/testfiles/vds/2_vds.h5
[2511/4114] cd /home/byrn/HDF_Projects/hdf5/build/ci-StdShar-GNUC/tools/test/h5dump && /usr/bin/cmake -E copy_if_different /home/byrn/HDF_Projects/hdf5/dev/tools/test/h5dump/testfiles/vds/4_0.h5 /home/byrn/HDF_Projects/hdf5/build/ci-StdShar-GNUC/tools/test/h5dump/testfiles/vds/4_0.h5
[2512/4114] cd /home/byrn/HDF_Projects/hdf5/build/ci-StdShar-GNUC/tools/test/h5dump && /usr/bin/cmake -E copy_if_different /home/byrn/HDF_Projects/hdf5/dev/tools/test/h5dump/testfiles/vds/3_1_vds.h5 /home/byrn/HDF_Projects/hdf5/build/ci-StdShar-GNUC/tools/test/h5dump/testfiles/vds/3_1_vds.h5
[2513/4114] cd /home/byrn/HDF_Projects/hdf5/build/ci-StdShar-GNUC/tools/test/h5dump && /usr/bin/cmake -E copy_if_different /home/byrn/HDF_Projects/hdf5/dev/tools/test/h5dump/testfiles/vds/4_1.h5 /home/byrn/HDF_Projects/hdf5/build/ci-StdShar-GNUC/tools/test/h5dump/testfiles/vds/4_1.h5
[2514/4114] cd /home/byrn/HDF_Projects/hdf5/build/ci-StdShar-GNUC/tools/test/h5dump && /usr/bin/cmake -E copy_if_different /home/byrn/HDF_Projects/hdf5/dev/tools/test/h5dump/testfiles/vds/3_2_vds.h5 /home/byrn/HDF_Projects/hdf5/build/ci-StdShar-GNUC/tools/test/h5dump/testfiles/vds/3_2_vds.h5
[2515/4114] cd /home/byrn/HDF_Projects/hdf5/build/ci-StdShar-GNUC/tools/test/h5dump && /usr/bin/cmake -E copy_if_different /home/byrn/HDF_Projects/hdf5/dev/tools/test/h5dump/testfiles/vds/4_vds.h5 /home/byrn/HDF_Projects/hdf5/build/ci-StdShar-GNUC/tools/test/h5dump/testfiles/vds/4_vds.h5
[2516/4114] cd /home/byrn/HDF_Projects/hdf5/build/ci-StdShar-GNUC/tools/test/h5dump && /usr/bin/cmake -E copy_if_different /home/byrn/HDF_Projects/hdf5/dev/tools/test/h5dump/testfiles/vds/4_2.h5 /home/byrn/HDF_Projects/hdf5/build/ci-StdShar-GNUC/tools/test/h5dump/testfiles/vds/4_2.h5
[2517/4114] cd /home/byrn/HDF_Projects/hdf5/build/ci-StdShar-GNUC/tools/test/h5dump && /usr/bin/cmake -E copy_if_different /home/byrn/HDF_Projects/hdf5/dev/tools/test/h5dump/testfiles/vds/5_b.h5 /home/byrn/HDF_Projects/hdf5/build/ci-StdShar-GNUC/tools/test/h5dump/testfiles/vds/5_b.h5
[2518/4114] cd /home/byrn/HDF_Projects/hdf5/build/ci-StdShar-GNUC/tools/test/h5dump && /usr/bin/cmake -E copy_if_different /home/byrn/HDF_Projects/hdf5/dev/tools/test/h5dump/testfiles/vds/5_a.h5 /home/byrn/HDF_Projects/hdf5/build/ci-StdShar-GNUC/tools/test/h5dump/testfiles/vds/5_a.h5
[2519/4114] cd /home/byrn/HDF_Projects/hdf5/build/ci-StdShar-GNUC/tools/test/h5dump && /usr/bin/cmake -E copy_if_different /home/byrn/HDF_Projects/hdf5/dev/tools/test/h5dump/testfiles/vds/a.h5 /home/byrn/HDF_Projects/hdf5/build/ci-StdShar-GNUC/tools/test/h5dump/testfiles/vds/a.h5
[2520/4114] cd /home/byrn/HDF_Projects/hdf5/build/ci-StdShar-GNUC/tools/test/h5dump && /usr/bin/cmake -E copy_if_different /home/byrn/HDF_Projects/hdf5/dev/tools/test/h5dump/testfiles/vds/5_c.h5 /home/byrn/HDF_Projects/hdf5/build/ci-StdShar-GNUC/tools/test/h5dump/testfiles/vds/5_c.h5
[2521/4114] cd /home/byrn/HDF_Projects/hdf5/build/ci-StdShar-GNUC/tools/test/h5dump && /usr/bin/cmake -E copy_if_different /home/byrn/HDF_Projects/hdf5/dev/tools/test/h5dump/testfiles/vds/5_vds.h5 /home/byrn/HDF_Projects/hdf5/build/ci-StdShar-GNUC/tools/test/h5dump/testfiles/vds/5_vds.h5
[2522/4114] cd /home/byrn/HDF_Projects/hdf5/build/ci-StdShar-GNUC/tools/test/h5dump && /usr/bin/cmake -E copy_if_different /home/byrn/HDF_Projects/hdf5/dev/tools/test/h5dump/testfiles/vds/b.h5 /home/byrn/HDF_Projects/hdf5/build/ci-StdShar-GNUC/tools/test/h5dump/testfiles/vds/b.h5
[2523/4114] cd /home/byrn/HDF_Projects/hdf5/build/ci-StdShar-GNUC/tools/test/h5dump && /usr/bin/cmake -E copy_if_different /home/byrn/HDF_Projects/hdf5/dev/tools/test/h5dump/testfiles/vds/c.h5 /home/byrn/HDF_Projects/hdf5/build/ci-StdShar-GNUC/tools/test/h5dump/testfiles/vds/c.h5
[2524/4114] cd /home/byrn/HDF_Projects/hdf5/build/ci-StdShar-GNUC/tools/test/h5dump && /usr/bin/cmake -E copy_if_different /home/byrn/HDF_Projects/hdf5/dev/tools/test/h5dump/testfiles/vds/d.h5 /home/byrn/HDF_Projects/hdf5/build/ci-StdShar-GNUC/tools/test/h5dump/testfiles/vds/d.h5
[2525/4114] cd /home/byrn/HDF_Projects/hdf5/build/ci-StdShar-GNUC/tools/test/h5dump && /usr/bin/cmake -E copy_if_different /home/byrn/HDF_Projects/hdf5/dev/tools/test/h5dump/testfiles/vds/1_vds.h5 /home/byrn/HDF_Projects/hdf5/build/ci-StdShar-GNUC/tools/test/h5dump/testfiles/vds/prefix/1_vds.h5
[2526/4114] cd /home/byrn/HDF_Projects/hdf5/build/ci-StdShar-GNUC/tools/test/h5dump && /usr/bin/cmake -E copy_if_different /home/byrn/HDF_Projects/hdf5/dev/tools/test/h5dump/testfiles/vds/2_vds.h5 /home/byrn/HDF_Projects/hdf5/build/ci-StdShar-GNUC/tools/test/h5dump/testfiles/vds/prefix/2_vds.h5
[2527/4114] cd /home/byrn/HDF_Projects/hdf5/build/ci-StdShar-GNUC/tools/test/h5dump && /usr/bin/cmake -E copy_if_different /home/byrn/HDF_Projects/hdf5/dev/tools/test/h5dump/testfiles/vds/f-0.h5 /home/byrn/HDF_Projects/hdf5/build/ci-StdShar-GNUC/tools/test/h5dump/testfiles/vds/f-0.h5
[2528/4114] cd /home/byrn/HDF_Projects/hdf5/build/ci-StdShar-GNUC/tools/test/h5dump && /usr/bin/cmake -E copy_if_different /home/byrn/HDF_Projects/hdf5/dev/tools/test/h5dump/testfiles/vds/f-3.h5 /home/byrn/HDF_Projects/hdf5/build/ci-StdShar-GNUC/tools/test/h5dump/testfiles/vds/f-3.h5
[2529/4114] cd /home/byrn/HDF_Projects/hdf5/build/ci-StdShar-GNUC/tools/test/h5dump && /usr/bin/cmake -E copy_if_different /home/byrn/HDF_Projects/hdf5/dev/tools/test/h5dump/expected/vds/tvds-1.ddl /home/byrn/HDF_Projects/hdf5/build/ci-StdShar-GNUC/tools/test/h5dump/testfiles/vds/prefix/tvds-1.ddl
[2530/4114] cd /home/byrn/HDF_Projects/hdf5/build/ci-StdShar-GNUC/tools/test/h5dump && /usr/bin/cmake -E copy_if_different /home/byrn/HDF_Projects/hdf5/dev/tools/test/h5dump/testfiles/vds/4_vds.h5 /home/byrn/HDF_Projects/hdf5/build/ci-StdShar-GNUC/tools/test/h5dump/testfiles/vds/prefix/4_vds.h5
[2531/4114] cd /home/byrn/HDF_Projects/hdf5/build/ci-StdShar-GNUC/tools/test/h5dump && /usr/bin/cmake -E copy_if_different /home/byrn/HDF_Projects/hdf5/dev/tools/test/h5dump/expected/vds/tvds-2.ddl /home/byrn/HDF_Projects/hdf5/build/ci-StdShar-GNUC/tools/test/h5dump/testfiles/vds/prefix/tvds-2.ddl
[2532/4114] cd /home/byrn/HDF_Projects/hdf5/build/ci-StdShar-GNUC/tools/test/h5dump && /usr/bin/cmake -E copy_if_different /home/byrn/HDF_Projects/hdf5/dev/tools/test/h5dump/expected/vds/tvds-3_1.ddl /home/byrn/HDF_Projects/hdf5/build/ci-StdShar-GNUC/tools/test/h5dump/testfiles/vds/prefix/tvds-3_1.ddl
[2533/4114] cd /home/byrn/HDF_Projects/hdf5/build/ci-StdShar-GNUC/tools/test/h5dump && /usr/bin/cmake -E copy_if_different /home/byrn/HDF_Projects/hdf5/dev/tools/test/h5dump/testfiles/vds/5_vds.h5 /home/byrn/HDF_Projects/hdf5/build/ci-StdShar-GNUC/tools/test/h5dump/testfiles/vds/prefix/5_vds.h5
[2534/4114] cd /home/byrn/HDF_Projects/hdf5/build/ci-StdShar-GNUC/tools/test/h5dump && /usr/bin/cmake -E copy_if_different /home/byrn/HDF_Projects/hdf5/dev/tools/test/h5dump/expected/vds/tvds-3_2.ddl /home/byrn/HDF_Projects/hdf5/build/ci-StdShar-GNUC/tools/test/h5dump/testfiles/vds/prefix/tvds-3_2.ddl
[2535/4114] cd /home/byrn/HDF_Projects/hdf5/build/ci-StdShar-GNUC/tools/test/h5dump && /usr/bin/cmake -E copy_if_different /home/byrn/HDF_Projects/hdf5/dev/tools/test/h5dump/expected/vds/tvds-5.ddl /home/byrn/HDF_Projects/hdf5/build/ci-StdShar-GNUC/tools/test/h5dump/testfiles/vds/prefix/tvds-5.ddl
[2536/4114] cd /home/byrn/HDF_Projects/hdf5/build/ci-StdShar-GNUC/tools/test/h5dump && /usr/bin/cmake -E copy_if_different /home/byrn/HDF_Projects/hdf5/dev/tools/test/h5dump/expected/vds/tvds_layout-1.ddl /home/byrn/HDF_Projects/hdf5/build/ci-StdShar-GNUC/tools/test/h5dump/testfiles/vds/prefix/tvds_layout-1.ddl
[2537/4114] cd /home/byrn/HDF_Projects/hdf5/build/ci-StdShar-GNUC/tools/test/h5dump && /usr/bin/cmake -E copy_if_different /home/byrn/HDF_Projects/hdf5/dev/tools/test/h5dump/expected/vds/tvds_layout-2.ddl /home/byrn/HDF_Projects/hdf5/build/ci-StdShar-GNUC/tools/test/h5dump/testfiles/vds/prefix/tvds_layout-2.ddl
[2538/4114] cd /home/byrn/HDF_Projects/hdf5/build/ci-StdShar-GNUC/tools/test/h5dump && /usr/bin/cmake -E copy_if_different /home/byrn/HDF_Projects/hdf5/dev/tools/test/h5dump/expected/vds/tvds-4.ddl /home/byrn/HDF_Projects/hdf5/build/ci-StdShar-GNUC/tools/test/h5dump/testfiles/vds/prefix/tvds-4.ddl
[2539/4114] cd /home/byrn/HDF_Projects/hdf5/build/ci-StdShar-GNUC/tools/test/h5dump && /usr/bin/cmake -E copy_if_different /home/byrn/HDF_Projects/hdf5/dev/tools/test/h5dump/expected/vds/tvds_layout-3_1.ddl /home/byrn/HDF_Projects/hdf5/build/ci-StdShar-GNUC/tools/test/h5dump/testfiles/vds/prefix/tvds_layout-3_1.ddl
[2540/4114] cd /home/byrn/HDF_Projects/hdf5/build/ci-StdShar-GNUC/tools/test/h5dump && /usr/bin/cmake -E copy_if_different /home/byrn/HDF_Projects/hdf5/dev/tools/test/h5dump/expected/vds/tvds_layout-3_2.ddl /home/byrn/HDF_Projects/hdf5/build/ci-StdShar-GNUC/tools/test/h5dump/testfiles/vds/prefix/tvds_layout-3_2.ddl
[2541/4114] cd /home/byrn/HDF_Projects/hdf5/build/ci-StdShar-GNUC/tools/test/h5dump && /usr/bin/cmake -E copy_if_different /home/byrn/HDF_Projects/hdf5/dev/tools/test/h5dump/expected/vds/tvds_layout-5.ddl /home/byrn/HDF_Projects/hdf5/build/ci-StdShar-GNUC/tools/test/h5dump/testfiles/vds/prefix/tvds_layout-5.ddl
[2542/4114] cd /home/byrn/HDF_Projects/hdf5/build/ci-StdShar-GNUC/tools/test/h5dump && /usr/bin/cmake -E copy_if_different /home/byrn/HDF_Projects/hdf5/dev/tools/test/h5dump/testfiles/vds/vds-eiger.h5 /home/byrn/HDF_Projects/hdf5/build/ci-StdShar-GNUC/tools/test/h5dump/testfiles/vds/prefix/vds-eiger.h5
[2543/4114] cd /home/byrn/HDF_Projects/hdf5/build/ci-StdShar-GNUC/tools/test/h5dump && /usr/bin/cmake -E copy_if_different /home/byrn/HDF_Projects/hdf5/dev/tools/test/h5dump/expected/vds/tvds_layout-4.ddl /home/byrn/HDF_Projects/hdf5/build/ci-StdShar-GNUC/tools/test/h5dump/testfiles/vds/prefix/tvds_layout-4.ddl
[2544/4114] cd /home/byrn/HDF_Projects/hdf5/build/ci-StdShar-GNUC/tools/test/h5dump && /usr/bin/cmake -E copy_if_different /home/byrn/HDF_Projects/hdf5/dev/tools/test/h5dump/expected/vds/vds-first.ddl /home/byrn/HDF_Projects/hdf5/build/ci-StdShar-GNUC/tools/test/h5dump/testfiles/vds/prefix/vds-first.ddl
[2545/4114] cd /home/byrn/HDF_Projects/hdf5/build/ci-StdShar-GNUC/tools/test/h5dump && /usr/bin/cmake -E copy_if_different /home/byrn/HDF_Projects/hdf5/dev/tools/test/h5dump/expected/vds/vds-gap1.ddl /home/byrn/HDF_Projects/hdf5/build/ci-StdShar-GNUC/tools/test/h5dump/testfiles/vds/prefix/vds-gap1.ddl
[2546/4114] cd /home/byrn/HDF_Projects/hdf5/build/ci-StdShar-GNUC/tools/test/h5dump && /usr/bin/cmake -E copy_if_different /home/byrn/HDF_Projects/hdf5/dev/tools/test/h5dump/expected/vds/vds-gap2.ddl /home/byrn/HDF_Projects/hdf5/build/ci-StdShar-GNUC/tools/test/h5dump/testfiles/vds/prefix/vds-gap2.ddl
[2547/4114] cd /home/byrn/HDF_Projects/hdf5/build/ci-StdShar-GNUC/tools/test/h5dump && /usr/bin/cmake -E copy_if_different /home/byrn/HDF_Projects/hdf5/dev/tools/test/h5dump/expected/vds/vds_layout-eiger.ddl /home/byrn/HDF_Projects/hdf5/build/ci-StdShar-GNUC/tools/test/h5dump/testfiles/vds/prefix/vds_layout-eiger.ddl
[2548/4114] cd /home/byrn/HDF_Projects/hdf5/build/ci-StdShar-GNUC/tools/test/h5dump && /usr/bin/cmake -E copy_if_different /home/byrn/HDF_Projects/hdf5/dev/tools/test/h5dump/expected/vds/vds_layout-maxmin.ddl /home/byrn/HDF_Projects/hdf5/build/ci-StdShar-GNUC/tools/test/h5dump/testfiles/vds/prefix/vds_layout-maxmin.ddl
[2549/4114] cd /home/byrn/HDF_Projects/hdf5/build/ci-StdShar-GNUC/tools/test/h5dump && /usr/bin/cmake -E copy_if_different /home/byrn/HDF_Projects/hdf5/dev/tools/test/h5dump/testfiles/vds/vds-percival-unlim-maxmin.h5 /home/byrn/HDF_Projects/hdf5/build/ci-StdShar-GNUC/tools/test/h5dump/testfiles/vds/prefix/vds-percival-unlim-maxmin.h5
[2550/4114] cd /home/byrn/HDF_Projects/hdf5/build/ci-StdShar-GNUC/tools/test/h5dump && /usr/bin/cmake -E copy_if_different /home/byrn/HDF_Projects/hdf5/dev/tools/test/h5dump/testfiles/vds/vds-eiger.h5 /home/byrn/HDF_Projects/hdf5/build/ci-StdShar-GNUC/tools/test/h5dump/testfiles/vds/vds-eiger.h5
[2551/4114] cd /home/byrn/HDF_Projects/hdf5/build/ci-StdShar-GNUC/tools/test/h5dump && /usr/bin/cmake -E copy_if_different /home/byrn/HDF_Projects/hdf5/dev/tools/test/h5dump/testfiles/vds/vds-percival-unlim-maxmin.h5 /home/byrn/HDF_Projects/hdf5/build/ci-StdShar-GNUC/tools/test/h5dump/testfiles/vds/vds-percival-unlim-maxmin.h5
[2552/4114] cd /home/byrn/HDF_Projects/hdf5/build/ci-StdShar-GNUC/tools/test/h5dump && /usr/bin/cmake -E copy_if_different /home/byrn/HDF_Projects/hdf5/dev/tools/test/h5dump/expected/xml/tall-2A.h5.xml /home/byrn/HDF_Projects/hdf5/build/ci-StdShar-GNUC/tools/test/h5dump/testfiles/xml/tall-2A.h5.xml
[2553/4114] cd /home/byrn/HDF_Projects/hdf5/build/ci-StdShar-GNUC/tools/test/h5dump && /usr/bin/cmake -E copy_if_different /home/byrn/HDF_Projects/hdf5/dev/tools/test/h5dump/testfiles/tall.h5 /home/byrn/HDF_Projects/hdf5/build/ci-StdShar-GNUC/tools/test/h5dump/testfiles/xml/tall.h5
[2554/4114] cd /home/byrn/HDF_Projects/hdf5/build/ci-StdShar-GNUC/tools/test/h5dump && /usr/bin/cmake -E copy_if_different /home/byrn/HDF_Projects/hdf5/dev/tools/test/h5dump/testfiles/tarray1.h5 /home/byrn/HDF_Projects/hdf5/build/ci-StdShar-GNUC/tools/test/h5dump/testfiles/xml/tarray1.h5
[2555/4114] cd /home/byrn/HDF_Projects/hdf5/build/ci-StdShar-GNUC/tools/test/h5dump && /usr/bin/cmake -E copy_if_different /home/byrn/HDF_Projects/hdf5/dev/tools/test/h5dump/expected/xml/tall.h5.xml /home/byrn/HDF_Projects/hdf5/build/ci-StdShar-GNUC/tools/test/h5dump/testfiles/xml/tall.h5.xml
[2556/4114] cd /home/byrn/HDF_Projects/hdf5/build/ci-StdShar-GNUC/tools/test/h5dump && /usr/bin/cmake -E copy_if_different /home/byrn/HDF_Projects/hdf5/dev/tools/test/h5dump/expected/xml/tarray1.h5.xml /home/byrn/HDF_Projects/hdf5/build/ci-StdShar-GNUC/tools/test/h5dump/testfiles/xml/tarray1.h5.xml
[2557/4114] cd /home/byrn/HDF_Projects/hdf5/build/ci-StdShar-GNUC/tools/test/h5dump && /usr/bin/cmake -E copy_if_different /home/byrn/HDF_Projects/hdf5/dev/tools/test/h5dump/testfiles/tarray2.h5 /home/byrn/HDF_Projects/hdf5/build/ci-StdShar-GNUC/tools/test/h5dump/testfiles/xml/tarray2.h5
[2558/4114] cd /home/byrn/HDF_Projects/hdf5/build/ci-StdShar-GNUC/tools/test/h5dump && /usr/bin/cmake -E copy_if_different /home/byrn/HDF_Projects/hdf5/dev/tools/test/h5dump/expected/xml/tarray2.h5.xml /home/byrn/HDF_Projects/hdf5/build/ci-StdShar-GNUC/tools/test/h5dump/testfiles/xml/tarray2.h5.xml
[2559/4114] cd /home/byrn/HDF_Projects/hdf5/build/ci-StdShar-GNUC/tools/test/h5dump && /usr/bin/cmake -E copy_if_different /home/byrn/HDF_Projects/hdf5/dev/tools/test/h5dump/testfiles/tarray3.h5 /home/byrn/HDF_Projects/hdf5/build/ci-StdShar-GNUC/tools/test/h5dump/testfiles/xml/tarray3.h5
[2560/4114] cd /home/byrn/HDF_Projects/hdf5/build/ci-StdShar-GNUC/tools/test/h5dump && /usr/bin/cmake -E copy_if_different /home/byrn/HDF_Projects/hdf5/dev/tools/test/h5dump/testfiles/tarray6.h5 /home/byrn/HDF_Projects/hdf5/build/ci-StdShar-GNUC/tools/test/h5dump/testfiles/xml/tarray6.h5
[2561/4114] cd /home/byrn/HDF_Projects/hdf5/build/ci-StdShar-GNUC/tools/test/h5dump && /usr/bin/cmake -E copy_if_different /home/byrn/HDF_Projects/hdf5/dev/tools/test/h5dump/testfiles/tarray7.h5 /home/byrn/HDF_Projects/hdf5/build/ci-StdShar-GNUC/tools/test/h5dump/testfiles/xml/tarray7.h5
[2562/4114] cd /home/byrn/HDF_Projects/hdf5/build/ci-StdShar-GNUC/tools/test/h5dump && /usr/bin/cmake -E copy_if_different /home/byrn/HDF_Projects/hdf5/dev/tools/test/h5dump/expected/xml/tarray3.h5.xml /home/byrn/HDF_Projects/hdf5/build/ci-StdShar-GNUC/tools/test/h5dump/testfiles/xml/tarray3.h5.xml
[2563/4114] cd /home/byrn/HDF_Projects/hdf5/build/ci-StdShar-GNUC/tools/test/h5dump && /usr/bin/cmake -E copy_if_different /home/byrn/HDF_Projects/hdf5/dev/tools/test/h5dump/expected/xml/tarray6.h5.xml /home/byrn/HDF_Projects/hdf5/build/ci-StdShar-GNUC/tools/test/h5dump/testfiles/xml/tarray6.h5.xml
[2564/4114] cd /home/byrn/HDF_Projects/hdf5/build/ci-StdShar-GNUC/tools/test/h5dump && /usr/bin/cmake -E copy_if_different /home/byrn/HDF_Projects/hdf5/dev/tools/test/h5dump/expected/xml/tarray7.h5.xml /home/byrn/HDF_Projects/hdf5/build/ci-StdShar-GNUC/tools/test/h5dump/testfiles/xml/tarray7.h5.xml
[2565/4114] cd /home/byrn/HDF_Projects/hdf5/build/ci-StdShar-GNUC/tools/test/h5dump && /usr/bin/cmake -E copy_if_different /home/byrn/HDF_Projects/hdf5/dev/tools/test/h5dump/expected/xml/tattr.h5.xml /home/byrn/HDF_Projects/hdf5/build/ci-StdShar-GNUC/tools/test/h5dump/testfiles/xml/tattr.h5.xml
[2566/4114] cd /home/byrn/HDF_Projects/hdf5/build/ci-StdShar-GNUC/tools/test/h5dump && /usr/bin/cmake -E copy_if_different /home/byrn/HDF_Projects/hdf5/dev/tools/test/h5dump/testfiles/tattr.h5 /home/byrn/HDF_Projects/hdf5/build/ci-StdShar-GNUC/tools/test/h5dump/testfiles/xml/tattr.h5
[2567/4114] cd /home/byrn/HDF_Projects/hdf5/build/ci-StdShar-GNUC/tools/test/h5dump && /usr/bin/cmake -E copy_if_different /home/byrn/HDF_Projects/hdf5/dev/tools/test/h5dump/testfiles/xml/tbitfields.h5 /home/byrn/HDF_Projects/hdf5/build/ci-StdShar-GNUC/tools/test/h5dump/testfiles/xml/tbitfields.h5
[2568/4114] cd /home/byrn/HDF_Projects/hdf5/build/ci-StdShar-GNUC/tools/test/h5dump && /usr/bin/cmake -E copy_if_different /home/byrn/HDF_Projects/hdf5/dev/tools/test/h5dump/expected/xml/tbitfields_le.h5.xml /home/byrn/HDF_Projects/hdf5/build/ci-StdShar-GNUC/tools/test/h5dump/testfiles/xml/tbitfields_le.h5.xml
[2569/4114] cd /home/byrn/HDF_Projects/hdf5/build/ci-StdShar-GNUC/tools/test/h5dump && /usr/bin/cmake -E copy_if_different /home/byrn/HDF_Projects/hdf5/dev/tools/test/h5dump/testfiles/tcompound.h5 /home/byrn/HDF_Projects/hdf5/build/ci-StdShar-GNUC/tools/test/h5dump/testfiles/xml/tcompound.h5
[2570/4114] cd /home/byrn/HDF_Projects/hdf5/build/ci-StdShar-GNUC/tools/test/h5dump && /usr/bin/cmake -E copy_if_different /home/byrn/HDF_Projects/hdf5/dev/tools/test/h5dump/expected/xml/tbitfields_be.h5.xml /home/byrn/HDF_Projects/hdf5/build/ci-StdShar-GNUC/tools/test/h5dump/testfiles/xml/tbitfields_be.h5.xml
[2571/4114] cd /home/byrn/HDF_Projects/hdf5/build/ci-StdShar-GNUC/tools/test/h5dump && /usr/bin/cmake -E copy_if_different /home/byrn/HDF_Projects/hdf5/dev/tools/test/h5dump/testfiles/xml/tcompound2.h5 /home/byrn/HDF_Projects/hdf5/build/ci-StdShar-GNUC/tools/test/h5dump/testfiles/xml/tcompound2.h5
[2572/4114] cd /home/byrn/HDF_Projects/hdf5/build/ci-StdShar-GNUC/tools/test/h5dump && /usr/bin/cmake -E copy_if_different /home/byrn/HDF_Projects/hdf5/dev/tools/test/h5dump/testfiles/tcompound_complex.h5 /home/byrn/HDF_Projects/hdf5/build/ci-StdShar-GNUC/tools/test/h5dump/testfiles/xml/tcompound_complex.h5
[2573/4114] cd /home/byrn/HDF_Projects/hdf5/build/ci-StdShar-GNUC/tools/test/h5dump && /usr/bin/cmake -E copy_if_different /home/byrn/HDF_Projects/hdf5/dev/tools/test/h5dump/expected/xml/tcompound_complex.h5.xml /home/byrn/HDF_Projects/hdf5/build/ci-StdShar-GNUC/tools/test/h5dump/testfiles/xml/tcompound_complex.h5.xml
[2574/4114] cd /home/byrn/HDF_Projects/hdf5/build/ci-StdShar-GNUC/tools/test/h5dump && /usr/bin/cmake -E copy_if_different /home/byrn/HDF_Projects/hdf5/dev/tools/test/h5dump/expected/xml/tcompound.h5.xml /home/byrn/HDF_Projects/hdf5/build/ci-StdShar-GNUC/tools/test/h5dump/testfiles/xml/tcompound.h5.xml
[2575/4114] cd /home/byrn/HDF_Projects/hdf5/build/ci-StdShar-GNUC/tools/test/h5dump && /usr/bin/cmake -E copy_if_different /home/byrn/HDF_Projects/hdf5/dev/tools/test/h5dump/testfiles/tdatareg.h5 /home/byrn/HDF_Projects/hdf5/build/ci-StdShar-GNUC/tools/test/h5dump/testfiles/xml/tdatareg.h5
[2576/4114] cd /home/byrn/HDF_Projects/hdf5/build/ci-StdShar-GNUC/tools/test/h5dump && /usr/bin/cmake -E copy_if_different /home/byrn/HDF_Projects/hdf5/dev/tools/test/h5dump/expected/xml/tcompound2.h5.xml /home/byrn/HDF_Projects/hdf5/build/ci-StdShar-GNUC/tools/test/h5dump/testfiles/xml/tcompound2.h5.xml
[2577/4114] cd /home/byrn/HDF_Projects/hdf5/build/ci-StdShar-GNUC/tools/test/h5dump && /usr/bin/cmake -E copy_if_different /home/byrn/HDF_Projects/hdf5/dev/tools/test/h5dump/expected/xml/tdset.h5.xml /home/byrn/HDF_Projects/hdf5/build/ci-StdShar-GNUC/tools/test/h5dump/testfiles/xml/tdset.h5.xml
[2578/4114] cd /home/byrn/HDF_Projects/hdf5/build/ci-StdShar-GNUC/tools/test/h5dump && /usr/bin/cmake -E copy_if_different /home/byrn/HDF_Projects/hdf5/dev/tools/test/h5dump/testfiles/xml/tdset2.h5 /home/byrn/HDF_Projects/hdf5/build/ci-StdShar-GNUC/tools/test/h5dump/testfiles/xml/tdset2.h5
[2579/4114] cd /home/byrn/HDF_Projects/hdf5/build/ci-StdShar-GNUC/tools/test/h5dump && /usr/bin/cmake -E copy_if_different /home/byrn/HDF_Projects/hdf5/dev/tools/test/h5dump/testfiles/tdset.h5 /home/byrn/HDF_Projects/hdf5/build/ci-StdShar-GNUC/tools/test/h5dump/testfiles/xml/tdset.h5
[2580/4114] cd /home/byrn/HDF_Projects/hdf5/build/ci-StdShar-GNUC/tools/test/h5dump && /usr/bin/cmake -E copy_if_different /home/byrn/HDF_Projects/hdf5/dev/tools/test/h5dump/expected/xml/tempty-dtd-2.h5.xml /home/byrn/HDF_Projects/hdf5/build/ci-StdShar-GNUC/tools/test/h5dump/testfiles/xml/tempty-dtd-2.h5.xml
[2581/4114] cd /home/byrn/HDF_Projects/hdf5/build/ci-StdShar-GNUC/tools/test/h5dump && /usr/bin/cmake -E copy_if_different /home/byrn/HDF_Projects/hdf5/dev/tools/test/h5dump/expected/xml/tdatareg.h5.xml /home/byrn/HDF_Projects/hdf5/build/ci-StdShar-GNUC/tools/test/h5dump/testfiles/xml/tdatareg.h5.xml
[2582/4114] cd /home/byrn/HDF_Projects/hdf5/build/ci-StdShar-GNUC/tools/test/h5dump && /usr/bin/cmake -E copy_if_different /home/byrn/HDF_Projects/hdf5/dev/tools/test/h5dump/expected/xml/tdset2.h5.xml /home/byrn/HDF_Projects/hdf5/build/ci-StdShar-GNUC/tools/test/h5dump/testfiles/xml/tdset2.h5.xml
[2583/4114] cd /home/byrn/HDF_Projects/hdf5/build/ci-StdShar-GNUC/tools/test/h5dump && /usr/bin/cmake -E copy_if_different /home/byrn/HDF_Projects/hdf5/dev/tools/test/h5dump/expected/xml/tempty-dtd-uri.h5.xml /home/byrn/HDF_Projects/hdf5/build/ci-StdShar-GNUC/tools/test/h5dump/testfiles/xml/tempty-dtd-uri.h5.xml
[2584/4114] cd /home/byrn/HDF_Projects/hdf5/build/ci-StdShar-GNUC/tools/test/h5dump && /usr/bin/cmake -E copy_if_different /home/byrn/HDF_Projects/hdf5/dev/tools/test/h5dump/expected/xml/tempty-dtd.h5.xml /home/byrn/HDF_Projects/hdf5/build/ci-StdShar-GNUC/tools/test/h5dump/testfiles/xml/tempty-dtd.h5.xml
[2585/4114] cd /home/byrn/HDF_Projects/hdf5/build/ci-StdShar-GNUC/tools/test/h5dump && /usr/bin/cmake -E copy_if_different /home/byrn/HDF_Projects/hdf5/dev/tools/test/h5dump/expected/xml/tempty-nons-2.h5.xml /home/byrn/HDF_Projects/hdf5/build/ci-StdShar-GNUC/tools/test/h5dump/testfiles/xml/tempty-nons-2.h5.xml
[2586/4114] cd /home/byrn/HDF_Projects/hdf5/build/ci-StdShar-GNUC/tools/test/h5dump && /usr/bin/cmake -E copy_if_different /home/byrn/HDF_Projects/hdf5/dev/tools/test/h5dump/expected/xml/tempty-nons-uri.h5.xml /home/byrn/HDF_Projects/hdf5/build/ci-StdShar-GNUC/tools/test/h5dump/testfiles/xml/tempty-nons-uri.h5.xml
[2587/4114] cd /home/byrn/HDF_Projects/hdf5/build/ci-StdShar-GNUC/tools/test/h5dump && /usr/bin/cmake -E copy_if_different /home/byrn/HDF_Projects/hdf5/dev/tools/test/h5dump/expected/xml/tempty-nons.h5.xml /home/byrn/HDF_Projects/hdf5/build/ci-StdShar-GNUC/tools/test/h5dump/testfiles/xml/tempty-nons.h5.xml
[2588/4114] cd /home/byrn/HDF_Projects/hdf5/build/ci-StdShar-GNUC/tools/test/h5dump && /usr/bin/cmake -E copy_if_different /home/byrn/HDF_Projects/hdf5/dev/tools/test/h5dump/expected/xml/tempty-ns-2.h5.xml /home/byrn/HDF_Projects/hdf5/build/ci-StdShar-GNUC/tools/test/h5dump/testfiles/xml/tempty-ns-2.h5.xml
[2589/4114] cd /home/byrn/HDF_Projects/hdf5/build/ci-StdShar-GNUC/tools/test/h5dump && /usr/bin/cmake -E copy_if_different /home/byrn/HDF_Projects/hdf5/dev/tools/test/h5dump/testfiles/xml/tenum.h5 /home/byrn/HDF_Projects/hdf5/build/ci-StdShar-GNUC/tools/test/h5dump/testfiles/xml/tenum.h5
[2590/4114] cd /home/byrn/HDF_Projects/hdf5/build/ci-StdShar-GNUC/tools/test/h5dump && /usr/bin/cmake -E copy_if_different /home/byrn/HDF_Projects/hdf5/dev/tools/test/h5dump/expected/xml/tempty-ns.h5.xml /home/byrn/HDF_Projects/hdf5/build/ci-StdShar-GNUC/tools/test/h5dump/testfiles/xml/tempty-ns.h5.xml
[2591/4114] cd /home/byrn/HDF_Projects/hdf5/build/ci-StdShar-GNUC/tools/test/h5dump && /usr/bin/cmake -E copy_if_different /home/byrn/HDF_Projects/hdf5/dev/tools/test/h5dump/testfiles/tempty.h5 /home/byrn/HDF_Projects/hdf5/build/ci-StdShar-GNUC/tools/test/h5dump/testfiles/xml/tempty.h5
[2592/4114] cd /home/byrn/HDF_Projects/hdf5/build/ci-StdShar-GNUC/tools/test/h5dump && /usr/bin/cmake -E copy_if_different /home/byrn/HDF_Projects/hdf5/dev/tools/test/h5dump/expected/xml/tempty.h5.xml /home/byrn/HDF_Projects/hdf5/build/ci-StdShar-GNUC/tools/test/h5dump/testfiles/xml/tempty.h5.xml
[2593/4114] cd /home/byrn/HDF_Projects/hdf5/build/ci-StdShar-GNUC/tools/test/h5dump && /usr/bin/cmake -E copy_if_different /home/byrn/HDF_Projects/hdf5/dev/tools/test/h5dump/expected/xml/tenum.h5.xml /home/byrn/HDF_Projects/hdf5/build/ci-StdShar-GNUC/tools/test/h5dump/testfiles/xml/tenum.h5.xml
[2594/4114] cd /home/byrn/HDF_Projects/hdf5/build/ci-StdShar-GNUC/tools/test/h5dump && /usr/bin/cmake -E copy_if_different /home/byrn/HDF_Projects/hdf5/dev/tools/test/h5dump/testfiles/xml/test35.nc /home/byrn/HDF_Projects/hdf5/build/ci-StdShar-GNUC/tools/test/h5dump/testfiles/xml/test35.nc
[2595/4114] cd /home/byrn/HDF_Projects/hdf5/build/ci-StdShar-GNUC/tools/test/h5dump && /usr/bin/cmake -E copy_if_different /home/byrn/HDF_Projects/hdf5/dev/tools/test/h5dump/testfiles/textlink.h5 /home/byrn/HDF_Projects/hdf5/build/ci-StdShar-GNUC/tools/test/h5dump/testfiles/xml/textlink.h5
[2596/4114] cd /home/byrn/HDF_Projects/hdf5/build/ci-StdShar-GNUC/tools/test/h5dump && /usr/bin/cmake -E copy_if_different /home/byrn/HDF_Projects/hdf5/dev/tools/test/h5dump/expected/xml/test35.nc.xml /home/byrn/HDF_Projects/hdf5/build/ci-StdShar-GNUC/tools/test/h5dump/testfiles/xml/test35.nc.xml
[2597/4114] cd /home/byrn/HDF_Projects/hdf5/build/ci-StdShar-GNUC/tools/test/h5dump && /usr/bin/cmake -E copy_if_different /home/byrn/HDF_Projects/hdf5/dev/tools/test/h5dump/expected/xml/textlink.h5.xml /home/byrn/HDF_Projects/hdf5/build/ci-StdShar-GNUC/tools/test/h5dump/testfiles/xml/textlink.h5.xml
[2598/4114] cd /home/byrn/HDF_Projects/hdf5/build/ci-StdShar-GNUC/tools/test/h5dump && /usr/bin/cmake -E copy_if_different /home/byrn/HDF_Projects/hdf5/dev/tools/test/h5dump/testfiles/tfloat16.h5 /home/byrn/HDF_Projects/hdf5/build/ci-StdShar-GNUC/tools/test/h5dump/testfiles/xml/tfloat16.h5
[2599/4114] cd /home/byrn/HDF_Projects/hdf5/build/ci-StdShar-GNUC/tools/test/h5dump && /usr/bin/cmake -E copy_if_different /home/byrn/HDF_Projects/hdf5/dev/tools/test/h5dump/testfiles/tfloat16_be.h5 /home/byrn/HDF_Projects/hdf5/build/ci-StdShar-GNUC/tools/test/h5dump/testfiles/xml/tfloat16_be.h5
[2600/4114] cd /home/byrn/HDF_Projects/hdf5/build/ci-StdShar-GNUC/tools/test/h5dump && /usr/bin/cmake -E copy_if_different /home/byrn/HDF_Projects/hdf5/dev/tools/test/h5dump/expected/xml/tfloat16.h5.xml /home/byrn/HDF_Projects/hdf5/build/ci-StdShar-GNUC/tools/test/h5dump/testfiles/xml/tfloat16.h5.xml
[2601/4114] cd /home/byrn/HDF_Projects/hdf5/build/ci-StdShar-GNUC/tools/test/h5dump && /usr/bin/cmake -E copy_if_different /home/byrn/HDF_Projects/hdf5/dev/tools/test/h5dump/expected/xml/tfloat16_be.h5.xml /home/byrn/HDF_Projects/hdf5/build/ci-StdShar-GNUC/tools/test/h5dump/testfiles/xml/tfloat16_be.h5.xml
[2602/4114] cd /home/byrn/HDF_Projects/hdf5/build/ci-StdShar-GNUC/tools/test/h5dump && /usr/bin/cmake -E copy_if_different /home/byrn/HDF_Projects/hdf5/dev/tools/test/h5dump/testfiles/tfpformat.h5 /home/byrn/HDF_Projects/hdf5/build/ci-StdShar-GNUC/tools/test/h5dump/testfiles/xml/tfpformat.h5
[2603/4114] cd /home/byrn/HDF_Projects/hdf5/build/ci-StdShar-GNUC/tools/test/h5dump && /usr/bin/cmake -E copy_if_different /home/byrn/HDF_Projects/hdf5/dev/tools/test/h5dump/expected/xml/tfpformat.h5.xml /home/byrn/HDF_Projects/hdf5/build/ci-StdShar-GNUC/tools/test/h5dump/testfiles/xml/tfpformat.h5.xml
[2604/4114] cd /home/byrn/HDF_Projects/hdf5/build/ci-StdShar-GNUC/tools/test/h5dump && /usr/bin/cmake -E copy_if_different /home/byrn/HDF_Projects/hdf5/dev/tools/test/h5dump/expected/xml/tgroup.h5.xml /home/byrn/HDF_Projects/hdf5/build/ci-StdShar-GNUC/tools/test/h5dump/testfiles/xml/tgroup.h5.xml
[2605/4114] cd /home/byrn/HDF_Projects/hdf5/build/ci-StdShar-GNUC/tools/test/h5dump && /usr/bin/cmake -E copy_if_different /home/byrn/HDF_Projects/hdf5/dev/tools/test/h5dump/testfiles/tgroup.h5 /home/byrn/HDF_Projects/hdf5/build/ci-StdShar-GNUC/tools/test/h5dump/testfiles/xml/tgroup.h5
[2606/4114] cd /home/byrn/HDF_Projects/hdf5/build/ci-StdShar-GNUC/tools/test/h5dump && /usr/bin/cmake -E copy_if_different /home/byrn/HDF_Projects/hdf5/dev/tools/test/h5dump/testfiles/thlink.h5 /home/byrn/HDF_Projects/hdf5/build/ci-StdShar-GNUC/tools/test/h5dump/testfiles/xml/thlink.h5
[2607/4114] cd /home/byrn/HDF_Projects/hdf5/build/ci-StdShar-GNUC/tools/test/h5dump && /usr/bin/cmake -E copy_if_different /home/byrn/HDF_Projects/hdf5/dev/tools/test/h5dump/testfiles/tloop.h5 /home/byrn/HDF_Projects/hdf5/build/ci-StdShar-GNUC/tools/test/h5dump/testfiles/xml/tloop.h5
[2608/4114] cd /home/byrn/HDF_Projects/hdf5/build/ci-StdShar-GNUC/tools/test/h5dump && /usr/bin/cmake -E copy_if_different /home/byrn/HDF_Projects/hdf5/dev/tools/test/h5dump/expected/xml/thlink.h5.xml /home/byrn/HDF_Projects/hdf5/build/ci-StdShar-GNUC/tools/test/h5dump/testfiles/xml/thlink.h5.xml
[2609/4114] cd /home/byrn/HDF_Projects/hdf5/build/ci-StdShar-GNUC/tools/test/h5dump && /usr/bin/cmake -E copy_if_different /home/byrn/HDF_Projects/hdf5/dev/tools/test/h5dump/testfiles/xml/tloop2.h5 /home/byrn/HDF_Projects/hdf5/build/ci-StdShar-GNUC/tools/test/h5dump/testfiles/xml/tloop2.h5
[2610/4114] cd /home/byrn/HDF_Projects/hdf5/build/ci-StdShar-GNUC/tools/test/h5dump && /usr/bin/cmake -E copy_if_different /home/byrn/HDF_Projects/hdf5/dev/tools/test/h5dump/expected/xml/tloop.h5.xml /home/byrn/HDF_Projects/hdf5/build/ci-StdShar-GNUC/tools/test/h5dump/testfiles/xml/tloop.h5.xml
[2611/4114] cd /home/byrn/HDF_Projects/hdf5/build/ci-StdShar-GNUC/tools/test/h5dump && /usr/bin/cmake -E copy_if_different /home/byrn/HDF_Projects/hdf5/dev/tools/test/h5dump/testfiles/xml/tmany.h5 /home/byrn/HDF_Projects/hdf5/build/ci-StdShar-GNUC/tools/test/h5dump/testfiles/xml/tmany.h5
[2612/4114] cd /home/byrn/HDF_Projects/hdf5/build/ci-StdShar-GNUC/tools/test/h5dump && /usr/bin/cmake -E copy_if_different /home/byrn/HDF_Projects/hdf5/dev/tools/test/h5dump/expected/xml/tloop2.h5.xml /home/byrn/HDF_Projects/hdf5/build/ci-StdShar-GNUC/tools/test/h5dump/testfiles/xml/tloop2.h5.xml
[2613/4114] cd /home/byrn/HDF_Projects/hdf5/build/ci-StdShar-GNUC/tools/test/h5dump && /usr/bin/cmake -E copy_if_different /home/byrn/HDF_Projects/hdf5/dev/tools/test/h5dump/expected/xml/tmany.h5.xml /home/byrn/HDF_Projects/hdf5/build/ci-StdShar-GNUC/tools/test/h5dump/testfiles/xml/tmany.h5.xml
[2614/4114] cd /home/byrn/HDF_Projects/hdf5/build/ci-StdShar-GNUC/tools/test/h5dump && /usr/bin/cmake -E copy_if_different /home/byrn/HDF_Projects/hdf5/dev/tools/test/h5dump/testfiles/xml/tname-amp.h5 /home/byrn/HDF_Projects/hdf5/build/ci-StdShar-GNUC/tools/test/h5dump/testfiles/xml/tname-amp.h5
[2615/4114] cd /home/byrn/HDF_Projects/hdf5/build/ci-StdShar-GNUC/tools/test/h5dump && /usr/bin/cmake -E copy_if_different /home/byrn/HDF_Projects/hdf5/dev/tools/test/h5dump/expected/xml/tname-amp.h5.xml /home/byrn/HDF_Projects/hdf5/build/ci-StdShar-GNUC/tools/test/h5dump/testfiles/xml/tname-amp.h5.xml
[2616/4114] cd /home/byrn/HDF_Projects/hdf5/build/ci-StdShar-GNUC/tools/test/h5dump && /usr/bin/cmake -E copy_if_different /home/byrn/HDF_Projects/hdf5/dev/tools/test/h5dump/testfiles/xml/tname-apos.h5 /home/byrn/HDF_Projects/hdf5/build/ci-StdShar-GNUC/tools/test/h5dump/testfiles/xml/tname-apos.h5
[2617/4114] cd /home/byrn/HDF_Projects/hdf5/build/ci-StdShar-GNUC/tools/test/h5dump && /usr/bin/cmake -E copy_if_different /home/byrn/HDF_Projects/hdf5/dev/tools/test/h5dump/testfiles/xml/tname-gt.h5 /home/byrn/HDF_Projects/hdf5/build/ci-StdShar-GNUC/tools/test/h5dump/testfiles/xml/tname-gt.h5
[2618/4114] cd /home/byrn/HDF_Projects/hdf5/build/ci-StdShar-GNUC/tools/test/h5dump && /usr/bin/cmake -E copy_if_different /home/byrn/HDF_Projects/hdf5/dev/tools/test/h5dump/expected/xml/tname-apos.h5.xml /home/byrn/HDF_Projects/hdf5/build/ci-StdShar-GNUC/tools/test/h5dump/testfiles/xml/tname-apos.h5.xml
[2619/4114] cd /home/byrn/HDF_Projects/hdf5/build/ci-StdShar-GNUC/tools/test/h5dump && /usr/bin/cmake -E copy_if_different /home/byrn/HDF_Projects/hdf5/dev/tools/test/h5dump/expected/xml/tname-gt.h5.xml /home/byrn/HDF_Projects/hdf5/build/ci-StdShar-GNUC/tools/test/h5dump/testfiles/xml/tname-gt.h5.xml
[2620/4114] cd /home/byrn/HDF_Projects/hdf5/build/ci-StdShar-GNUC/tools/test/h5dump && /usr/bin/cmake -E copy_if_different /home/byrn/HDF_Projects/hdf5/dev/tools/test/h5dump/testfiles/xml/tname-lt.h5 /home/byrn/HDF_Projects/hdf5/build/ci-StdShar-GNUC/tools/test/h5dump/testfiles/xml/tname-lt.h5
[2621/4114] cd /home/byrn/HDF_Projects/hdf5/build/ci-StdShar-GNUC/tools/test/h5dump && /usr/bin/cmake -E copy_if_different /home/byrn/HDF_Projects/hdf5/dev/tools/test/h5dump/expected/xml/tname-lt.h5.xml /home/byrn/HDF_Projects/hdf5/build/ci-StdShar-GNUC/tools/test/h5dump/testfiles/xml/tname-lt.h5.xml
[2622/4114] cd /home/byrn/HDF_Projects/hdf5/build/ci-StdShar-GNUC/tools/test/h5dump && /usr/bin/cmake -E copy_if_different /home/byrn/HDF_Projects/hdf5/dev/tools/test/h5dump/testfiles/xml/tname-quot.h5 /home/byrn/HDF_Projects/hdf5/build/ci-StdShar-GNUC/tools/test/h5dump/testfiles/xml/tname-quot.h5
[2623/4114] cd /home/byrn/HDF_Projects/hdf5/build/ci-StdShar-GNUC/tools/test/h5dump && /usr/bin/cmake -E copy_if_different /home/byrn/HDF_Projects/hdf5/dev/tools/test/h5dump/expected/xml/tname-sp.h5.xml /home/byrn/HDF_Projects/hdf5/build/ci-StdShar-GNUC/tools/test/h5dump/testfiles/xml/tname-sp.h5.xml
[2624/4114] cd /home/byrn/HDF_Projects/hdf5/build/ci-StdShar-GNUC/tools/test/h5dump && /usr/bin/cmake -E copy_if_different /home/byrn/HDF_Projects/hdf5/dev/tools/test/h5dump/expected/xml/tname-quot.h5.xml /home/byrn/HDF_Projects/hdf5/build/ci-StdShar-GNUC/tools/test/h5dump/testfiles/xml/tname-quot.h5.xml
[2625/4114] cd /home/byrn/HDF_Projects/hdf5/build/ci-StdShar-GNUC/tools/test/h5dump && /usr/bin/cmake -E copy_if_different /home/byrn/HDF_Projects/hdf5/dev/tools/test/h5dump/testfiles/tnamed_dtype_attr.h5 /home/byrn/HDF_Projects/hdf5/build/ci-StdShar-GNUC/tools/test/h5dump/testfiles/xml/tnamed_dtype_attr.h5
[2626/4114] cd /home/byrn/HDF_Projects/hdf5/build/ci-StdShar-GNUC/tools/test/h5dump && /usr/bin/cmake -E copy_if_different /home/byrn/HDF_Projects/hdf5/dev/tools/test/h5dump/testfiles/xml/tname-sp.h5 /home/byrn/HDF_Projects/hdf5/build/ci-StdShar-GNUC/tools/test/h5dump/testfiles/xml/tname-sp.h5
[2627/4114] cd /home/byrn/HDF_Projects/hdf5/build/ci-StdShar-GNUC/tools/test/h5dump && /usr/bin/cmake -E copy_if_different /home/byrn/HDF_Projects/hdf5/dev/tools/test/h5dump/expected/xml/tnamed_dtype_attr.h5.xml /home/byrn/HDF_Projects/hdf5/build/ci-StdShar-GNUC/tools/test/h5dump/testfiles/xml/tnamed_dtype_attr.h5.xml
[2628/4114] cd /home/byrn/HDF_Projects/hdf5/build/ci-StdShar-GNUC/tools/test/h5dump && /usr/bin/cmake -E copy_if_different /home/byrn/HDF_Projects/hdf5/dev/tools/test/h5dump/testfiles/tnestedcomp.h5 /home/byrn/HDF_Projects/hdf5/build/ci-StdShar-GNUC/tools/test/h5dump/testfiles/xml/tnestedcomp.h5
[2629/4114] cd /home/byrn/HDF_Projects/hdf5/build/ci-StdShar-GNUC/tools/test/h5dump && /usr/bin/cmake -E copy_if_different /home/byrn/HDF_Projects/hdf5/dev/tools/test/h5dump/expected/xml/tnestedcomp.h5.xml /home/byrn/HDF_Projects/hdf5/build/ci-StdShar-GNUC/tools/test/h5dump/testfiles/xml/tnestedcomp.h5.xml
[2630/4114] cd /home/byrn/HDF_Projects/hdf5/build/ci-StdShar-GNUC/tools/test/h5dump && /usr/bin/cmake -E copy_if_different /home/byrn/HDF_Projects/hdf5/dev/tools/test/h5dump/expected/xml/tnodata.h5.xml /home/byrn/HDF_Projects/hdf5/build/ci-StdShar-GNUC/tools/test/h5dump/testfiles/xml/tnodata.h5.xml
[2631/4114] cd /home/byrn/HDF_Projects/hdf5/build/ci-StdShar-GNUC/tools/test/h5dump && /usr/bin/cmake -E copy_if_different /home/byrn/HDF_Projects/hdf5/dev/tools/test/h5dump/testfiles/xml/tnodata.h5 /home/byrn/HDF_Projects/hdf5/build/ci-StdShar-GNUC/tools/test/h5dump/testfiles/xml/tnodata.h5
[2632/4114] cd /home/byrn/HDF_Projects/hdf5/build/ci-StdShar-GNUC/tools/test/h5dump && /usr/bin/cmake -E copy_if_different /home/byrn/HDF_Projects/hdf5/dev/tools/test/h5dump/testfiles/tnullspace.h5 /home/byrn/HDF_Projects/hdf5/build/ci-StdShar-GNUC/tools/test/h5dump/testfiles/xml/tnullspace.h5
[2633/4114] cd /home/byrn/HDF_Projects/hdf5/build/ci-StdShar-GNUC/tools/test/h5dump && /usr/bin/cmake -E copy_if_different /home/byrn/HDF_Projects/hdf5/dev/tools/test/h5dump/testfiles/xml/tobjref.h5 /home/byrn/HDF_Projects/hdf5/build/ci-StdShar-GNUC/tools/test/h5dump/testfiles/xml/tobjref.h5
[2634/4114] cd /home/byrn/HDF_Projects/hdf5/build/ci-StdShar-GNUC/tools/test/h5dump && /usr/bin/cmake -E copy_if_different /home/byrn/HDF_Projects/hdf5/dev/tools/test/h5dump/expected/xml/tnullspace.h5.xml /home/byrn/HDF_Projects/hdf5/build/ci-StdShar-GNUC/tools/test/h5dump/testfiles/xml/tnullspace.h5.xml
[2635/4114] cd /home/byrn/HDF_Projects/hdf5/build/ci-StdShar-GNUC/tools/test/h5dump && /usr/bin/cmake -E copy_if_different /home/byrn/HDF_Projects/hdf5/dev/tools/test/h5dump/expected/xml/topaque.h5.xml /home/byrn/HDF_Projects/hdf5/build/ci-StdShar-GNUC/tools/test/h5dump/testfiles/xml/topaque.h5.xml
[2636/4114] cd /home/byrn/HDF_Projects/hdf5/build/ci-StdShar-GNUC/tools/test/h5dump && /usr/bin/cmake -E copy_if_different /home/byrn/HDF_Projects/hdf5/dev/tools/test/h5dump/expected/xml/tobjref.h5.xml /home/byrn/HDF_Projects/hdf5/build/ci-StdShar-GNUC/tools/test/h5dump/testfiles/xml/tobjref.h5.xml
[2637/4114] cd /home/byrn/HDF_Projects/hdf5/build/ci-StdShar-GNUC/tools/test/h5dump && /usr/bin/cmake -E copy_if_different /home/byrn/HDF_Projects/hdf5/dev/tools/test/h5dump/testfiles/xml/topaque.h5 /home/byrn/HDF_Projects/hdf5/build/ci-StdShar-GNUC/tools/test/h5dump/testfiles/xml/topaque.h5
[2638/4114] cd /home/byrn/HDF_Projects/hdf5/build/ci-StdShar-GNUC/tools/test/h5dump && /usr/bin/cmake -E copy_if_different /home/byrn/HDF_Projects/hdf5/dev/tools/test/h5dump/testfiles/torderattr.h5 /home/byrn/HDF_Projects/hdf5/build/ci-StdShar-GNUC/tools/test/h5dump/testfiles/xml/torderattr.h5
[2639/4114] cd /home/byrn/HDF_Projects/hdf5/build/ci-StdShar-GNUC/tools/test/h5dump && /usr/bin/cmake -E copy_if_different /home/byrn/HDF_Projects/hdf5/dev/tools/test/h5dump/expected/xml/torderattr2.h5.xml /home/byrn/HDF_Projects/hdf5/build/ci-StdShar-GNUC/tools/test/h5dump/testfiles/xml/torderattr2.h5.xml
[2640/4114] cd /home/byrn/HDF_Projects/hdf5/build/ci-StdShar-GNUC/tools/test/h5dump && /usr/bin/cmake -E copy_if_different /home/byrn/HDF_Projects/hdf5/dev/tools/test/h5dump/expected/xml/torderattr1.h5.xml /home/byrn/HDF_Projects/hdf5/build/ci-StdShar-GNUC/tools/test/h5dump/testfiles/xml/torderattr1.h5.xml
[2641/4114] cd /home/byrn/HDF_Projects/hdf5/build/ci-StdShar-GNUC/tools/test/h5dump && /usr/bin/cmake -E copy_if_different /home/byrn/HDF_Projects/hdf5/dev/tools/test/h5dump/expected/xml/torderattr3.h5.xml /home/byrn/HDF_Projects/hdf5/build/ci-StdShar-GNUC/tools/test/h5dump/testfiles/xml/torderattr3.h5.xml
[2642/4114] cd /home/byrn/HDF_Projects/hdf5/build/ci-StdShar-GNUC/tools/test/h5dump && /usr/bin/cmake -E copy_if_different /home/byrn/HDF_Projects/hdf5/dev/tools/test/h5dump/expected/xml/torderattr4.h5.xml /home/byrn/HDF_Projects/hdf5/build/ci-StdShar-GNUC/tools/test/h5dump/testfiles/xml/torderattr4.h5.xml
[2643/4114] cd /home/byrn/HDF_Projects/hdf5/build/ci-StdShar-GNUC/tools/test/h5dump && /usr/bin/cmake -E copy_if_different /home/byrn/HDF_Projects/hdf5/dev/tools/test/h5dump/expected/xml/tref-escapes-at.h5.xml /home/byrn/HDF_Projects/hdf5/build/ci-StdShar-GNUC/tools/test/h5dump/testfiles/xml/tref-escapes-at.h5.xml
[2644/4114] cd /home/byrn/HDF_Projects/hdf5/build/ci-StdShar-GNUC/tools/test/h5dump && /usr/bin/cmake -E copy_if_different /home/byrn/HDF_Projects/hdf5/dev/tools/test/h5dump/testfiles/xml/tref-escapes-at.h5 /home/byrn/HDF_Projects/hdf5/build/ci-StdShar-GNUC/tools/test/h5dump/testfiles/xml/tref-escapes-at.h5
[2645/4114] cd /home/byrn/HDF_Projects/hdf5/build/ci-StdShar-GNUC/tools/test/h5dump && /usr/bin/cmake -E copy_if_different /home/byrn/HDF_Projects/hdf5/dev/tools/test/h5dump/testfiles/xml/tref-escapes.h5 /home/byrn/HDF_Projects/hdf5/build/ci-StdShar-GNUC/tools/test/h5dump/testfiles/xml/tref-escapes.h5
[2646/4114] cd /home/byrn/HDF_Projects/hdf5/build/ci-StdShar-GNUC/tools/test/h5dump && /usr/bin/cmake -E copy_if_different /home/byrn/HDF_Projects/hdf5/dev/tools/test/h5dump/expected/xml/tref-escapes.h5.xml /home/byrn/HDF_Projects/hdf5/build/ci-StdShar-GNUC/tools/test/h5dump/testfiles/xml/tref-escapes.h5.xml
[2647/4114] cd /home/byrn/HDF_Projects/hdf5/build/ci-StdShar-GNUC/tools/test/h5dump && /usr/bin/cmake -E copy_if_different /home/byrn/HDF_Projects/hdf5/dev/tools/test/h5dump/testfiles/xml/tref.h5 /home/byrn/HDF_Projects/hdf5/build/ci-StdShar-GNUC/tools/test/h5dump/testfiles/xml/tref.h5
[2648/4114] cd /home/byrn/HDF_Projects/hdf5/build/ci-StdShar-GNUC/tools/test/h5dump && /usr/bin/cmake -E copy_if_different /home/byrn/HDF_Projects/hdf5/dev/tools/test/h5dump/expected/xml/tref.h5.xml /home/byrn/HDF_Projects/hdf5/build/ci-StdShar-GNUC/tools/test/h5dump/testfiles/xml/tref.h5.xml
[2649/4114] cd /home/byrn/HDF_Projects/hdf5/build/ci-StdShar-GNUC/tools/test/h5dump && /usr/bin/cmake -E copy_if_different /home/byrn/HDF_Projects/hdf5/dev/tools/test/h5dump/testfiles/tsaf.h5 /home/byrn/HDF_Projects/hdf5/build/ci-StdShar-GNUC/tools/test/h5dump/testfiles/xml/tsaf.h5
[2650/4114] cd /home/byrn/HDF_Projects/hdf5/build/ci-StdShar-GNUC/tools/test/h5dump && /usr/bin/cmake -E copy_if_different /home/byrn/HDF_Projects/hdf5/dev/tools/test/h5dump/expected/xml/tsaf.h5.xml /home/byrn/HDF_Projects/hdf5/build/ci-StdShar-GNUC/tools/test/h5dump/testfiles/xml/tsaf.h5.xml
[2651/4114] cd /home/byrn/HDF_Projects/hdf5/build/ci-StdShar-GNUC/tools/test/h5dump && /usr/bin/cmake -E copy_if_different /home/byrn/HDF_Projects/hdf5/dev/tools/test/h5dump/testfiles/tslink.h5 /home/byrn/HDF_Projects/hdf5/build/ci-StdShar-GNUC/tools/test/h5dump/testfiles/xml/tslink.h5
[2652/4114] cd /home/byrn/HDF_Projects/hdf5/build/ci-StdShar-GNUC/tools/test/h5dump && /usr/bin/cmake -E copy_if_different /home/byrn/HDF_Projects/hdf5/dev/tools/test/h5dump/expected/xml/tslink.h5.xml /home/byrn/HDF_Projects/hdf5/build/ci-StdShar-GNUC/tools/test/h5dump/testfiles/xml/tslink.h5.xml
[2653/4114] cd /home/byrn/HDF_Projects/hdf5/build/ci-StdShar-GNUC/tools/test/h5dump && /usr/bin/cmake -E copy_if_different /home/byrn/HDF_Projects/hdf5/dev/tools/test/h5dump/testfiles/tstr.h5 /home/byrn/HDF_Projects/hdf5/build/ci-StdShar-GNUC/tools/test/h5dump/testfiles/xml/tstr.h5
[2654/4114] cd /home/byrn/HDF_Projects/hdf5/build/ci-StdShar-GNUC/tools/test/h5dump && /usr/bin/cmake -E copy_if_different /home/byrn/HDF_Projects/hdf5/dev/tools/test/h5dump/testfiles/tstr2.h5 /home/byrn/HDF_Projects/hdf5/build/ci-StdShar-GNUC/tools/test/h5dump/testfiles/xml/tstr2.h5
[2655/4114] cd /home/byrn/HDF_Projects/hdf5/build/ci-StdShar-GNUC/tools/test/h5dump && /usr/bin/cmake -E copy_if_different /home/byrn/HDF_Projects/hdf5/dev/tools/test/h5dump/testfiles/xml/tstring-at.h5 /home/byrn/HDF_Projects/hdf5/build/ci-StdShar-GNUC/tools/test/h5dump/testfiles/xml/tstring-at.h5
[2656/4114] cd /home/byrn/HDF_Projects/hdf5/build/ci-StdShar-GNUC/tools/test/h5dump && /usr/bin/cmake -E copy_if_different /home/byrn/HDF_Projects/hdf5/dev/tools/test/h5dump/expected/xml/tstr.h5.xml /home/byrn/HDF_Projects/hdf5/build/ci-StdShar-GNUC/tools/test/h5dump/testfiles/xml/tstr.h5.xml
[2657/4114] cd /home/byrn/HDF_Projects/hdf5/build/ci-StdShar-GNUC/tools/test/h5dump && /usr/bin/cmake -E copy_if_different /home/byrn/HDF_Projects/hdf5/dev/tools/test/h5dump/expected/xml/tstr2.h5.xml /home/byrn/HDF_Projects/hdf5/build/ci-StdShar-GNUC/tools/test/h5dump/testfiles/xml/tstr2.h5.xml
[2658/4114] cd /home/byrn/HDF_Projects/hdf5/build/ci-StdShar-GNUC/tools/test/h5dump && /usr/bin/cmake -E copy_if_different /home/byrn/HDF_Projects/hdf5/dev/tools/test/h5dump/expected/xml/tstring-at.h5.xml /home/byrn/HDF_Projects/hdf5/build/ci-StdShar-GNUC/tools/test/h5dump/testfiles/xml/tstring-at.h5.xml
[2659/4114] cd /home/byrn/HDF_Projects/hdf5/build/ci-StdShar-GNUC/tools/test/h5dump && /usr/bin/cmake -E copy_if_different /home/byrn/HDF_Projects/hdf5/dev/tools/test/h5dump/testfiles/xml/tstring.h5 /home/byrn/HDF_Projects/hdf5/build/ci-StdShar-GNUC/tools/test/h5dump/testfiles/xml/tstring.h5
[2660/4114] cd /home/byrn/HDF_Projects/hdf5/build/ci-StdShar-GNUC/tools/test/h5dump && /usr/bin/cmake -E copy_if_different /home/byrn/HDF_Projects/hdf5/dev/tools/test/h5dump/expected/xml/tudlink.h5.xml /home/byrn/HDF_Projects/hdf5/build/ci-StdShar-GNUC/tools/test/h5dump/testfiles/xml/tudlink.h5.xml
[2661/4114] cd /home/byrn/HDF_Projects/hdf5/build/ci-StdShar-GNUC/tools/test/h5dump && /usr/bin/cmake -E copy_if_different /home/byrn/HDF_Projects/hdf5/dev/tools/test/h5dump/expected/xml/tstring.h5.xml /home/byrn/HDF_Projects/hdf5/build/ci-StdShar-GNUC/tools/test/h5dump/testfiles/xml/tstring.h5.xml
[2662/4114] cd /home/byrn/HDF_Projects/hdf5/build/ci-StdShar-GNUC/tools/test/h5dump && /usr/bin/cmake -E copy_if_different /home/byrn/HDF_Projects/hdf5/dev/tools/test/h5dump/testfiles/tudlink.h5 /home/byrn/HDF_Projects/hdf5/build/ci-StdShar-GNUC/tools/test/h5dump/testfiles/xml/tudlink.h5
[2663/4114] cd /home/byrn/HDF_Projects/hdf5/build/ci-StdShar-GNUC/tools/test/h5dump && /usr/bin/cmake -E copy_if_different /home/byrn/HDF_Projects/hdf5/dev/tools/test/h5dump/testfiles/tvldtypes1.h5 /home/byrn/HDF_Projects/hdf5/build/ci-StdShar-GNUC/tools/test/h5dump/testfiles/xml/tvldtypes1.h5
[2664/4114] cd /home/byrn/HDF_Projects/hdf5/build/ci-StdShar-GNUC/tools/test/h5dump && /usr/bin/cmake -E copy_if_different /home/byrn/HDF_Projects/hdf5/dev/tools/test/h5dump/expected/xml/tvldtypes1.h5.xml /home/byrn/HDF_Projects/hdf5/build/ci-StdShar-GNUC/tools/test/h5dump/testfiles/xml/tvldtypes1.h5.xml
[2665/4114] cd /home/byrn/HDF_Projects/hdf5/build/ci-StdShar-GNUC/tools/test/h5dump && /usr/bin/cmake -E copy_if_different /home/byrn/HDF_Projects/hdf5/dev/tools/test/h5dump/testfiles/tvldtypes4.h5 /home/byrn/HDF_Projects/hdf5/build/ci-StdShar-GNUC/tools/test/h5dump/testfiles/xml/tvldtypes4.h5
[2666/4114] cd /home/byrn/HDF_Projects/hdf5/build/ci-StdShar-GNUC/tools/test/h5dump && /usr/bin/cmake -E copy_if_different /home/byrn/HDF_Projects/hdf5/dev/tools/test/h5dump/testfiles/tvldtypes3.h5 /home/byrn/HDF_Projects/hdf5/build/ci-StdShar-GNUC/tools/test/h5dump/testfiles/xml/tvldtypes3.h5
[2667/4114] cd /home/byrn/HDF_Projects/hdf5/build/ci-StdShar-GNUC/tools/test/h5dump && /usr/bin/cmake -E copy_if_different /home/byrn/HDF_Projects/hdf5/dev/tools/test/h5dump/expected/xml/tvldtypes3.h5.xml /home/byrn/HDF_Projects/hdf5/build/ci-StdShar-GNUC/tools/test/h5dump/testfiles/xml/tvldtypes3.h5.xml
[2668/4114] cd /home/byrn/HDF_Projects/hdf5/build/ci-StdShar-GNUC/tools/test/h5dump && /usr/bin/cmake -E copy_if_different /home/byrn/HDF_Projects/hdf5/dev/tools/test/h5dump/testfiles/tvldtypes2.h5 /home/byrn/HDF_Projects/hdf5/build/ci-StdShar-GNUC/tools/test/h5dump/testfiles/xml/tvldtypes2.h5
[2669/4114] cd /home/byrn/HDF_Projects/hdf5/build/ci-StdShar-GNUC/tools/test/h5dump && /usr/bin/cmake -E copy_if_different /home/byrn/HDF_Projects/hdf5/dev/tools/test/h5dump/expected/xml/tvldtypes2.h5.xml /home/byrn/HDF_Projects/hdf5/build/ci-StdShar-GNUC/tools/test/h5dump/testfiles/xml/tvldtypes2.h5.xml
[2670/4114] : && /usr/bin/cc -std=c99  -fstdarg-opt -fdiagnostics-urls=never -fno-diagnostics-color -fmessage-length=0 -O2 -g -DNDEBUG  tools/test/h5repack/CMakeFiles/h5repacktest.dir/__/__/src/h5repack/h5repack_copy.c.o tools/test/h5repack/CMakeFiles/h5repacktest.dir/__/__/src/h5repack/h5repack_filters.c.o tools/test/h5repack/CMakeFiles/h5repacktest.dir/__/__/src/h5repack/h5repack_opttable.c.o tools/test/h5repack/CMakeFiles/h5repacktest.dir/__/__/src/h5repack/h5repack_parse.c.o tools/test/h5repack/CMakeFiles/h5repacktest.dir/__/__/src/h5repack/h5repack_refs.c.o tools/test/h5repack/CMakeFiles/h5repacktest.dir/__/__/src/h5repack/h5repack_verify.c.o tools/test/h5repack/CMakeFiles/h5repacktest.dir/__/__/src/h5repack/h5repack.c.o tools/test/h5repack/CMakeFiles/h5repacktest.dir/h5repacktst.c.o -o bin/h5repacktest  -Wl,-rpath,"\$ORIGIN/../lib:\$ORIGIN/"  bin/libhdf5_tools.a  bin/libhdf5_test.a  bin/libhdf5.a  bin/libzlib.a  bin/libszaec.a  bin/libaec.a  -lm  -ldl && :
[2671/4114] cd /home/byrn/HDF_Projects/hdf5/build/ci-StdShar-GNUC/tools/test/h5dump && /usr/bin/cmake -E copy_if_different /home/byrn/HDF_Projects/hdf5/dev/tools/test/h5dump/expected/xml/tvldtypes4.h5.xml /home/byrn/HDF_Projects/hdf5/build/ci-StdShar-GNUC/tools/test/h5dump/testfiles/xml/tvldtypes4.h5.xml
[2672/4114] cd /home/byrn/HDF_Projects/hdf5/build/ci-StdShar-GNUC/tools/test/h5dump && /usr/bin/cmake -E copy_if_different /home/byrn/HDF_Projects/hdf5/dev/tools/test/h5dump/expected/xml/tvldtypes5.h5.xml /home/byrn/HDF_Projects/hdf5/build/ci-StdShar-GNUC/tools/test/h5dump/testfiles/xml/tvldtypes5.h5.xml
[2673/4114] cd /home/byrn/HDF_Projects/hdf5/build/ci-StdShar-GNUC/tools/test/h5dump && /usr/bin/cmake -E copy_if_different /home/byrn/HDF_Projects/hdf5/dev/tools/test/h5dump/testfiles/tvlstr.h5 /home/byrn/HDF_Projects/hdf5/build/ci-StdShar-GNUC/tools/test/h5dump/testfiles/xml/tvlstr.h5
[2674/4114] cd /home/byrn/HDF_Projects/hdf5/build/ci-StdShar-GNUC/tools/test/h5dump && /usr/bin/cmake -E copy_if_different /home/byrn/HDF_Projects/hdf5/dev/tools/test/h5dump/testfiles/tvldtypes5.h5 /home/byrn/HDF_Projects/hdf5/build/ci-StdShar-GNUC/tools/test/h5dump/testfiles/xml/tvldtypes5.h5
[2675/4114] cd /home/byrn/HDF_Projects/hdf5/build/ci-StdShar-GNUC/tools/test/h5dump && /usr/bin/cmake -E copy_if_different /home/byrn/HDF_Projects/hdf5/dev/tools/test/h5dump/expected/xml/tvlstr.h5.xml /home/byrn/HDF_Projects/hdf5/build/ci-StdShar-GNUC/tools/test/h5dump/testfiles/xml/tvlstr.h5.xml
[2676/4114] cd /home/byrn/HDF_Projects/hdf5/build/ci-StdShar-GNUC/tools/test/h5format_convert && /usr/bin/cmake -E copy_if_different /home/byrn/HDF_Projects/hdf5/dev/tools/test/h5format_convert/expected/h5fc_dname.err /home/byrn/HDF_Projects/hdf5/build/ci-StdShar-GNUC/tools/test/h5format_convert/testfiles/h5fc_dname.err
[2677/4114] cd /home/byrn/HDF_Projects/hdf5/build/ci-StdShar-GNUC/tools/test/h5format_convert && /usr/bin/cmake -E copy_if_different /home/byrn/HDF_Projects/hdf5/dev/tools/test/h5format_convert/expected/h5fc_dname.ddl /home/byrn/HDF_Projects/hdf5/build/ci-StdShar-GNUC/tools/test/h5format_convert/testfiles/h5fc_dname.ddl
[2678/4114] cd /home/byrn/HDF_Projects/hdf5/build/ci-StdShar-GNUC/tools/test/h5format_convert && /usr/bin/cmake -E copy_if_different /home/byrn/HDF_Projects/hdf5/dev/tools/test/h5format_convert/testfiles/h5fc_edge_v3.h5 /home/byrn/HDF_Projects/hdf5/build/ci-StdShar-GNUC/tools/test/h5format_convert/testfiles/h5fc_edge_v3.h5
[2679/4114] cd /home/byrn/HDF_Projects/hdf5/build/ci-StdShar-GNUC/tools/test/h5format_convert && /usr/bin/cmake -E copy_if_different /home/byrn/HDF_Projects/hdf5/dev/tools/test/h5format_convert/expected/h5fc_d_file.ddl /home/byrn/HDF_Projects/hdf5/build/ci-StdShar-GNUC/tools/test/h5format_convert/testfiles/h5fc_d_file.ddl
[2680/4114] cd /home/byrn/HDF_Projects/hdf5/build/ci-StdShar-GNUC/tools/test/h5format_convert && /usr/bin/cmake -E copy_if_different /home/byrn/HDF_Projects/hdf5/dev/tools/test/h5format_convert/testfiles/h5fc_ext1_f.h5 /home/byrn/HDF_Projects/hdf5/build/ci-StdShar-GNUC/tools/test/h5format_convert/testfiles/h5fc_ext1_f.h5
[2681/4114] cd /home/byrn/HDF_Projects/hdf5/build/ci-StdShar-GNUC/tools/test/h5format_convert && /usr/bin/cmake -E copy_if_different /home/byrn/HDF_Projects/hdf5/dev/tools/test/h5format_convert/expected/h5fc_ext1_i.ddl /home/byrn/HDF_Projects/hdf5/build/ci-StdShar-GNUC/tools/test/h5format_convert/testfiles/h5fc_ext1_i.ddl
[2682/4114] cd /home/byrn/HDF_Projects/hdf5/build/ci-StdShar-GNUC/tools/test/h5format_convert && /usr/bin/cmake -E copy_if_different /home/byrn/HDF_Projects/hdf5/dev/tools/test/h5format_convert/expected/h5fc_ext1_f.ddl /home/byrn/HDF_Projects/hdf5/build/ci-StdShar-GNUC/tools/test/h5format_convert/testfiles/h5fc_ext1_f.ddl
[2683/4114] cd /home/byrn/HDF_Projects/hdf5/build/ci-StdShar-GNUC/tools/test/h5format_convert && /usr/bin/cmake -E copy_if_different /home/byrn/HDF_Projects/hdf5/dev/tools/test/h5format_convert/testfiles/h5fc_ext1_i.h5 /home/byrn/HDF_Projects/hdf5/build/ci-StdShar-GNUC/tools/test/h5format_convert/testfiles/h5fc_ext1_i.h5
[2684/4114] cd /home/byrn/HDF_Projects/hdf5/build/ci-StdShar-GNUC/tools/test/h5format_convert && /usr/bin/cmake -E copy_if_different /home/byrn/HDF_Projects/hdf5/dev/tools/test/h5format_convert/testfiles/h5fc_err_level.h5 /home/byrn/HDF_Projects/hdf5/build/ci-StdShar-GNUC/tools/test/h5format_convert/testfiles/h5fc_err_level.h5
[2685/4114] cd /home/byrn/HDF_Projects/hdf5/build/ci-StdShar-GNUC/tools/test/h5format_convert && /usr/bin/cmake -E copy_if_different /home/byrn/HDF_Projects/hdf5/dev/tools/test/h5format_convert/expected/h5fc_ext1_s.ddl /home/byrn/HDF_Projects/hdf5/build/ci-StdShar-GNUC/tools/test/h5format_convert/testfiles/h5fc_ext1_s.ddl
[2686/4114] cd /home/byrn/HDF_Projects/hdf5/build/ci-StdShar-GNUC/tools/test/h5format_convert && /usr/bin/cmake -E copy_if_different /home/byrn/HDF_Projects/hdf5/dev/tools/test/h5format_convert/testfiles/h5fc_ext1_s.h5 /home/byrn/HDF_Projects/hdf5/build/ci-StdShar-GNUC/tools/test/h5format_convert/testfiles/h5fc_ext1_s.h5
[2687/4114] cd /home/byrn/HDF_Projects/hdf5/build/ci-StdShar-GNUC/tools/test/h5format_convert && /usr/bin/cmake -E copy_if_different /home/byrn/HDF_Projects/hdf5/dev/tools/test/h5format_convert/expected/h5fc_ext2_if.ddl /home/byrn/HDF_Projects/hdf5/build/ci-StdShar-GNUC/tools/test/h5format_convert/testfiles/h5fc_ext2_if.ddl
[2688/4114] cd /home/byrn/HDF_Projects/hdf5/build/ci-StdShar-GNUC/tools/test/h5format_convert && /usr/bin/cmake -E copy_if_different /home/byrn/HDF_Projects/hdf5/dev/tools/test/h5format_convert/testfiles/h5fc_ext2_if.h5 /home/byrn/HDF_Projects/hdf5/build/ci-StdShar-GNUC/tools/test/h5format_convert/testfiles/h5fc_ext2_if.h5
[2689/4114] cd /home/byrn/HDF_Projects/hdf5/build/ci-StdShar-GNUC/tools/test/h5format_convert && /usr/bin/cmake -E copy_if_different /home/byrn/HDF_Projects/hdf5/dev/tools/test/h5format_convert/expected/h5fc_ext2_is.ddl /home/byrn/HDF_Projects/hdf5/build/ci-StdShar-GNUC/tools/test/h5format_convert/testfiles/h5fc_ext2_is.ddl
[2690/4114] cd /home/byrn/HDF_Projects/hdf5/build/ci-StdShar-GNUC/tools/test/h5format_convert && /usr/bin/cmake -E copy_if_different /home/byrn/HDF_Projects/hdf5/dev/tools/test/h5format_convert/expected/h5fc_ext2_sf.ddl /home/byrn/HDF_Projects/hdf5/build/ci-StdShar-GNUC/tools/test/h5format_convert/testfiles/h5fc_ext2_sf.ddl
[2691/4114] cd /home/byrn/HDF_Projects/hdf5/build/ci-StdShar-GNUC/tools/test/h5format_convert && /usr/bin/cmake -E copy_if_different /home/byrn/HDF_Projects/hdf5/dev/tools/test/h5format_convert/testfiles/h5fc_ext2_sf.h5 /home/byrn/HDF_Projects/hdf5/build/ci-StdShar-GNUC/tools/test/h5format_convert/testfiles/h5fc_ext2_sf.h5
[2692/4114] cd /home/byrn/HDF_Projects/hdf5/build/ci-StdShar-GNUC/tools/test/h5format_convert && /usr/bin/cmake -E copy_if_different /home/byrn/HDF_Projects/hdf5/dev/tools/test/h5format_convert/testfiles/h5fc_ext2_is.h5 /home/byrn/HDF_Projects/hdf5/build/ci-StdShar-GNUC/tools/test/h5format_convert/testfiles/h5fc_ext2_is.h5
[2693/4114] cd /home/byrn/HDF_Projects/hdf5/build/ci-StdShar-GNUC/tools/test/h5format_convert && /usr/bin/cmake -E copy_if_different /home/byrn/HDF_Projects/hdf5/dev/tools/test/h5format_convert/expected/h5fc_ext3_isf.ddl /home/byrn/HDF_Projects/hdf5/build/ci-StdShar-GNUC/tools/test/h5format_convert/testfiles/h5fc_ext3_isf.ddl
[2694/4114] cd /home/byrn/HDF_Projects/hdf5/build/ci-StdShar-GNUC/tools/test/h5format_convert && /usr/bin/cmake -E copy_if_different /home/byrn/HDF_Projects/hdf5/dev/tools/test/h5format_convert/expected/h5fc_help.ddl /home/byrn/HDF_Projects/hdf5/build/ci-StdShar-GNUC/tools/test/h5format_convert/testfiles/h5fc_help.ddl
[2695/4114] cd /home/byrn/HDF_Projects/hdf5/build/ci-StdShar-GNUC/tools/test/h5format_convert && /usr/bin/cmake -E copy_if_different /home/byrn/HDF_Projects/hdf5/dev/tools/test/h5format_convert/testfiles/h5fc_ext_none.h5 /home/byrn/HDF_Projects/hdf5/build/ci-StdShar-GNUC/tools/test/h5format_convert/testfiles/h5fc_ext_none.h5
[2696/4114] cd /home/byrn/HDF_Projects/hdf5/build/ci-StdShar-GNUC/tools/test/h5format_convert && /usr/bin/cmake -E copy_if_different /home/byrn/HDF_Projects/hdf5/dev/tools/test/h5format_convert/testfiles/h5fc_ext3_isf.h5 /home/byrn/HDF_Projects/hdf5/build/ci-StdShar-GNUC/tools/test/h5format_convert/testfiles/h5fc_ext3_isf.h5
[2697/4114] cd /home/byrn/HDF_Projects/hdf5/build/ci-StdShar-GNUC/tools/test/h5format_convert && /usr/bin/cmake -E copy_if_different /home/byrn/HDF_Projects/hdf5/dev/tools/test/h5format_convert/testfiles/h5fc_non_v3.h5 /home/byrn/HDF_Projects/hdf5/build/ci-StdShar-GNUC/tools/test/h5format_convert/testfiles/h5fc_non_v3.h5
[2698/4114] cd /home/byrn/HDF_Projects/hdf5/build/ci-StdShar-GNUC/tools/test/h5format_convert && /usr/bin/cmake -E copy_if_different /home/byrn/HDF_Projects/hdf5/dev/tools/test/h5format_convert/expected/h5fc_nonexistfile.ddl.err /home/byrn/HDF_Projects/hdf5/build/ci-StdShar-GNUC/tools/test/h5format_convert/testfiles/h5fc_nonexistfile.ddl.err
[2699/4114] cd /home/byrn/HDF_Projects/hdf5/build/ci-StdShar-GNUC/tools/test/h5format_convert && /usr/bin/cmake -E copy_if_different /home/byrn/HDF_Projects/hdf5/dev/tools/test/h5format_convert/expected/h5fc_v_all.ddl /home/byrn/HDF_Projects/hdf5/build/ci-StdShar-GNUC/tools/test/h5format_convert/testfiles/h5fc_v_all.ddl
[2700/4114] cd /home/byrn/HDF_Projects/hdf5/build/ci-StdShar-GNUC/tools/test/h5format_convert && /usr/bin/cmake -E copy_if_different /home/byrn/HDF_Projects/hdf5/dev/tools/test/h5format_convert/expected/h5fc_nooption.ddl /home/byrn/HDF_Projects/hdf5/build/ci-StdShar-GNUC/tools/test/h5format_convert/testfiles/h5fc_nooption.ddl
[2701/4114] cd /home/byrn/HDF_Projects/hdf5/build/ci-StdShar-GNUC/tools/test/h5format_convert && /usr/bin/cmake -E copy_if_different /home/byrn/HDF_Projects/hdf5/dev/tools/test/h5format_convert/expected/h5fc_v_bt1.ddl /home/byrn/HDF_Projects/hdf5/build/ci-StdShar-GNUC/tools/test/h5format_convert/testfiles/h5fc_v_bt1.ddl
[2702/4114] cd /home/byrn/HDF_Projects/hdf5/build/ci-StdShar-GNUC/tools/test/h5format_convert && /usr/bin/cmake -E copy_if_different /home/byrn/HDF_Projects/hdf5/dev/tools/test/h5format_convert/expected/h5fc_v_err.ddl /home/byrn/HDF_Projects/hdf5/build/ci-StdShar-GNUC/tools/test/h5format_convert/testfiles/h5fc_v_err.ddl
[2703/4114] cd /home/byrn/HDF_Projects/hdf5/build/ci-StdShar-GNUC/tools/test/h5format_convert && /usr/bin/cmake -E copy_if_different /home/byrn/HDF_Projects/hdf5/dev/tools/test/h5format_convert/expected/h5fc_v_n_1d.ddl /home/byrn/HDF_Projects/hdf5/build/ci-StdShar-GNUC/tools/test/h5format_convert/testfiles/h5fc_v_n_1d.ddl
[2704/4114] cd /home/byrn/HDF_Projects/hdf5/build/ci-StdShar-GNUC/tools/test/h5format_convert && /usr/bin/cmake -E copy_if_different /home/byrn/HDF_Projects/hdf5/dev/tools/test/h5format_convert/expected/h5fc_v_n_all.ddl /home/byrn/HDF_Projects/hdf5/build/ci-StdShar-GNUC/tools/test/h5format_convert/testfiles/h5fc_v_n_all.ddl
[2705/4114] cd /home/byrn/HDF_Projects/hdf5/build/ci-StdShar-GNUC/tools/test/h5format_convert && /usr/bin/cmake -E copy_if_different /home/byrn/HDF_Projects/hdf5/dev/tools/test/h5format_convert/expected/h5fc_v_non_chunked.ddl /home/byrn/HDF_Projects/hdf5/build/ci-StdShar-GNUC/tools/test/h5format_convert/testfiles/h5fc_v_non_chunked.ddl
[2706/4114] cd /home/byrn/HDF_Projects/hdf5/build/ci-StdShar-GNUC/tools/test/h5format_convert && /usr/bin/cmake -E copy_if_different /home/byrn/HDF_Projects/hdf5/dev/tools/test/h5format_convert/expected/h5fc_v_ndata_bt1.ddl /home/byrn/HDF_Projects/hdf5/build/ci-StdShar-GNUC/tools/test/h5format_convert/testfiles/h5fc_v_ndata_bt1.ddl
[2707/4114] cd /home/byrn/HDF_Projects/hdf5/build/ci-StdShar-GNUC/tools/test/h5format_convert && /usr/bin/cmake -E copy_if_different /home/byrn/HDF_Projects/hdf5/dev/tools/test/h5format_convert/expected/old_h5fc_ext1_f.ddl /home/byrn/HDF_Projects/hdf5/build/ci-StdShar-GNUC/tools/test/h5format_convert/testfiles/old_h5fc_ext1_f.ddl
[2708/4114] cd /home/byrn/HDF_Projects/hdf5/build/ci-StdShar-GNUC/tools/test/h5format_convert && /usr/bin/cmake -E copy_if_different /home/byrn/HDF_Projects/hdf5/dev/tools/test/h5format_convert/expected/old_h5fc_ext1_i.ddl /home/byrn/HDF_Projects/hdf5/build/ci-StdShar-GNUC/tools/test/h5format_convert/testfiles/old_h5fc_ext1_i.ddl
[2709/4114] cd /home/byrn/HDF_Projects/hdf5/build/ci-StdShar-GNUC/tools/test/h5format_convert && /usr/bin/cmake -E copy_if_different /home/byrn/HDF_Projects/hdf5/dev/tools/test/h5format_convert/testfiles/old_h5fc_ext1_f.h5 /home/byrn/HDF_Projects/hdf5/build/ci-StdShar-GNUC/tools/test/h5format_convert/testfiles/old_h5fc_ext1_f.h5
[2710/4114] cd /home/byrn/HDF_Projects/hdf5/build/ci-StdShar-GNUC/tools/test/h5format_convert && /usr/bin/cmake -E copy_if_different /home/byrn/HDF_Projects/hdf5/dev/tools/test/h5format_convert/expected/old_h5fc_ext1_s.ddl /home/byrn/HDF_Projects/hdf5/build/ci-StdShar-GNUC/tools/test/h5format_convert/testfiles/old_h5fc_ext1_s.ddl
[2711/4114] cd /home/byrn/HDF_Projects/hdf5/build/ci-StdShar-GNUC/tools/test/h5format_convert && /usr/bin/cmake -E copy_if_different /home/byrn/HDF_Projects/hdf5/dev/tools/test/h5format_convert/testfiles/old_h5fc_ext1_i.h5 /home/byrn/HDF_Projects/hdf5/build/ci-StdShar-GNUC/tools/test/h5format_convert/testfiles/old_h5fc_ext1_i.h5
[2712/4114] cd /home/byrn/HDF_Projects/hdf5/build/ci-StdShar-GNUC/tools/test/h5format_convert && /usr/bin/cmake -E copy_if_different /home/byrn/HDF_Projects/hdf5/dev/tools/test/h5format_convert/testfiles/old_h5fc_ext1_s.h5 /home/byrn/HDF_Projects/hdf5/build/ci-StdShar-GNUC/tools/test/h5format_convert/testfiles/old_h5fc_ext1_s.h5
[2713/4114] cd /home/byrn/HDF_Projects/hdf5/build/ci-StdShar-GNUC/tools/test/h5format_convert && /usr/bin/cmake -E copy_if_different /home/byrn/HDF_Projects/hdf5/dev/tools/test/h5format_convert/testfiles/old_h5fc_ext2_if.h5 /home/byrn/HDF_Projects/hdf5/build/ci-StdShar-GNUC/tools/test/h5format_convert/testfiles/old_h5fc_ext2_if.h5
[2714/4114] cd /home/byrn/HDF_Projects/hdf5/build/ci-StdShar-GNUC/tools/test/h5format_convert && /usr/bin/cmake -E copy_if_different /home/byrn/HDF_Projects/hdf5/dev/tools/test/h5format_convert/expected/old_h5fc_ext2_is.ddl /home/byrn/HDF_Projects/hdf5/build/ci-StdShar-GNUC/tools/test/h5format_convert/testfiles/old_h5fc_ext2_is.ddl
[2715/4114] cd /home/byrn/HDF_Projects/hdf5/build/ci-StdShar-GNUC/tools/test/h5format_convert && /usr/bin/cmake -E copy_if_different /home/byrn/HDF_Projects/hdf5/dev/tools/test/h5format_convert/expected/old_h5fc_ext2_if.ddl /home/byrn/HDF_Projects/hdf5/build/ci-StdShar-GNUC/tools/test/h5format_convert/testfiles/old_h5fc_ext2_if.ddl
[2716/4114] cd /home/byrn/HDF_Projects/hdf5/build/ci-StdShar-GNUC/tools/test/h5format_convert && /usr/bin/cmake -E copy_if_different /home/byrn/HDF_Projects/hdf5/dev/tools/test/h5format_convert/testfiles/old_h5fc_ext2_is.h5 /home/byrn/HDF_Projects/hdf5/build/ci-StdShar-GNUC/tools/test/h5format_convert/testfiles/old_h5fc_ext2_is.h5
[2717/4114] cd /home/byrn/HDF_Projects/hdf5/build/ci-StdShar-GNUC/tools/test/h5format_convert && /usr/bin/cmake -E copy_if_different /home/byrn/HDF_Projects/hdf5/dev/tools/test/h5format_convert/expected/old_h5fc_ext2_sf.ddl /home/byrn/HDF_Projects/hdf5/build/ci-StdShar-GNUC/tools/test/h5format_convert/testfiles/old_h5fc_ext2_sf.ddl
[2718/4114] cd /home/byrn/HDF_Projects/hdf5/build/ci-StdShar-GNUC/tools/test/h5format_convert && /usr/bin/cmake -E copy_if_different /home/byrn/HDF_Projects/hdf5/dev/tools/test/h5format_convert/expected/old_h5fc_ext3_isf.ddl /home/byrn/HDF_Projects/hdf5/build/ci-StdShar-GNUC/tools/test/h5format_convert/testfiles/old_h5fc_ext3_isf.ddl
[2719/4114] cd /home/byrn/HDF_Projects/hdf5/build/ci-StdShar-GNUC/tools/test/h5format_convert && /usr/bin/cmake -E copy_if_different /home/byrn/HDF_Projects/hdf5/dev/tools/test/h5format_convert/testfiles/old_h5fc_ext3_isf.h5 /home/byrn/HDF_Projects/hdf5/build/ci-StdShar-GNUC/tools/test/h5format_convert/testfiles/old_h5fc_ext3_isf.h5
[2720/4114] cd /home/byrn/HDF_Projects/hdf5/build/ci-StdShar-GNUC/tools/test/h5format_convert && /usr/bin/cmake -E copy_if_different /home/byrn/HDF_Projects/hdf5/dev/tools/test/h5format_convert/testfiles/old_h5fc_ext2_sf.h5 /home/byrn/HDF_Projects/hdf5/build/ci-StdShar-GNUC/tools/test/h5format_convert/testfiles/old_h5fc_ext2_sf.h5
[2721/4114] /usr/bin/cc -D_FILE_OFFSET_BITS=64 -D_GNU_SOURCE -D_LARGEFILE_SOURCE -D_POSIX_C_SOURCE=200809L -I/home/byrn/HDF_Projects/hdf5/dev/src -I/home/byrn/HDF_Projects/hdf5/dev/src/H5FDsubfiling -I/home/byrn/HDF_Projects/hdf5/build/ci-StdShar-GNUC/src -I/home/byrn/HDF_Projects/hdf5/build/ci-StdShar-GNUC/tools/lib -I/home/byrn/HDF_Projects/hdf5/dev/tools/lib -std=c99  -fstdarg-opt -fdiagnostics-urls=never -fno-diagnostics-color -fmessage-length=0 -O2 -g -DNDEBUG -std=gnu99 -fPIE -MD -MT tools/test/h5format_convert/CMakeFiles/h5fc_chk_idx.dir/h5fc_chk_idx.c.o -MF tools/test/h5format_convert/CMakeFiles/h5fc_chk_idx.dir/h5fc_chk_idx.c.o.d -o tools/test/h5format_convert/CMakeFiles/h5fc_chk_idx.dir/h5fc_chk_idx.c.o -c /home/byrn/HDF_Projects/hdf5/dev/tools/test/h5format_convert/h5fc_chk_idx.c
[2722/4114] cd /home/byrn/HDF_Projects/hdf5/build/ci-StdShar-GNUC/tools/test/h5format_convert && /usr/bin/cmake -E copy_if_different /home/byrn/HDF_Projects/hdf5/dev/tools/test/h5format_convert/testfiles/old_h5fc_ext_none.h5 /home/byrn/HDF_Projects/hdf5/build/ci-StdShar-GNUC/tools/test/h5format_convert/testfiles/old_h5fc_ext_none.h5
[2723/4114] /usr/bin/cc -DH5_BUILT_AS_DYNAMIC_LIB -D_FILE_OFFSET_BITS=64 -D_GNU_SOURCE -D_LARGEFILE_SOURCE -D_POSIX_C_SOURCE=200809L -I/home/byrn/HDF_Projects/hdf5/dev/src -I/home/byrn/HDF_Projects/hdf5/dev/src/H5FDsubfiling -I/home/byrn/HDF_Projects/hdf5/build/ci-StdShar-GNUC/src -I/home/byrn/HDF_Projects/hdf5/build/ci-StdShar-GNUC/tools/lib -I/home/byrn/HDF_Projects/hdf5/dev/tools/lib -std=c99  -fstdarg-opt -fdiagnostics-urls=never -fno-diagnostics-color -fmessage-length=0 -O2 -g -DNDEBUG -std=gnu99 -fPIE -MD -MT tools/test/perform/CMakeFiles/iopipe.dir/iopipe.c.o -MF tools/test/perform/CMakeFiles/iopipe.dir/iopipe.c.o.d -o tools/test/perform/CMakeFiles/iopipe.dir/iopipe.c.o -c /home/byrn/HDF_Projects/hdf5/dev/tools/test/perform/iopipe.c
[2724/4114] /usr/bin/cc -D_FILE_OFFSET_BITS=64 -D_GNU_SOURCE -D_LARGEFILE_SOURCE -D_POSIX_C_SOURCE=200809L -I/home/byrn/HDF_Projects/hdf5/dev/src -I/home/byrn/HDF_Projects/hdf5/dev/src/H5FDsubfiling -I/home/byrn/HDF_Projects/hdf5/build/ci-StdShar-GNUC/src -I/home/byrn/HDF_Projects/hdf5/build/ci-StdShar-GNUC/tools/lib -I/home/byrn/HDF_Projects/hdf5/dev/tools/lib -std=c99  -fstdarg-opt -fdiagnostics-urls=never -fno-diagnostics-color -fmessage-length=0 -O2 -g -DNDEBUG -std=gnu99 -fPIE -MD -MT tools/test/h5format_convert/CMakeFiles/h5fc_gentest.dir/h5fc_gentest.c.o -MF tools/test/h5format_convert/CMakeFiles/h5fc_gentest.dir/h5fc_gentest.c.o.d -o tools/test/h5format_convert/CMakeFiles/h5fc_gentest.dir/h5fc_gentest.c.o -c /home/byrn/HDF_Projects/hdf5/dev/tools/test/h5format_convert/h5fc_gentest.c
[2725/4114] /usr/bin/cc -DH5_BUILT_AS_DYNAMIC_LIB -D_FILE_OFFSET_BITS=64 -D_GNU_SOURCE -D_LARGEFILE_SOURCE -D_POSIX_C_SOURCE=200809L -I/home/byrn/HDF_Projects/hdf5/dev/test -I/home/byrn/HDF_Projects/hdf5/dev/src -I/home/byrn/HDF_Projects/hdf5/dev/src/H5FDsubfiling -I/home/byrn/HDF_Projects/hdf5/build/ci-StdShar-GNUC/src -I/home/byrn/HDF_Projects/hdf5/build/ci-StdShar-GNUC/tools/lib -I/home/byrn/HDF_Projects/hdf5/dev/tools/lib -std=c99  -fstdarg-opt -fdiagnostics-urls=never -fno-diagnostics-color -fmessage-length=0 -O2 -g -DNDEBUG -std=gnu99 -fPIE -MD -MT tools/test/perform/CMakeFiles/chunk_cache.dir/chunk_cache.c.o -MF tools/test/perform/CMakeFiles/chunk_cache.dir/chunk_cache.c.o.d -o tools/test/perform/CMakeFiles/chunk_cache.dir/chunk_cache.c.o -c /home/byrn/HDF_Projects/hdf5/dev/tools/test/perform/chunk_cache.c
[2726/4114] /usr/bin/cc -DH5_BUILT_AS_DYNAMIC_LIB -D_FILE_OFFSET_BITS=64 -D_GNU_SOURCE -D_LARGEFILE_SOURCE -D_POSIX_C_SOURCE=200809L -I/home/byrn/HDF_Projects/hdf5/dev/src -I/home/byrn/HDF_Projects/hdf5/dev/src/H5FDsubfiling -I/home/byrn/HDF_Projects/hdf5/build/ci-StdShar-GNUC/src -I/home/byrn/HDF_Projects/hdf5/build/ci-StdShar-GNUC/tools/lib -I/home/byrn/HDF_Projects/hdf5/dev/tools/lib -std=c99  -fstdarg-opt -fdiagnostics-urls=never -fno-diagnostics-color -fmessage-length=0 -O2 -g -DNDEBUG -std=gnu99 -fPIE -MD -MT tools/test/perform/CMakeFiles/overhead.dir/overhead.c.o -MF tools/test/perform/CMakeFiles/overhead.dir/overhead.c.o.d -o tools/test/perform/CMakeFiles/overhead.dir/overhead.c.o -c /home/byrn/HDF_Projects/hdf5/dev/tools/test/perform/overhead.c
[2727/4114] : && /usr/bin/cc -std=c99  -fstdarg-opt -fdiagnostics-urls=never -fno-diagnostics-color -fmessage-length=0 -O2 -g -DNDEBUG  tools/test/perform/CMakeFiles/iopipe.dir/iopipe.c.o -o bin/iopipe  -Wl,-rpath,"\$ORIGIN/../lib:\$ORIGIN/"  bin/libhdf5_tools.so.1000.0.0  bin/libhdf5.so.1000.0.0  -ldl && :
[2728/4114] /usr/bin/cc -DH5_BUILT_AS_DYNAMIC_LIB -D_FILE_OFFSET_BITS=64 -D_GNU_SOURCE -D_LARGEFILE_SOURCE -D_POSIX_C_SOURCE=200809L -I/home/byrn/HDF_Projects/hdf5/dev/src -I/home/byrn/HDF_Projects/hdf5/dev/src/H5FDsubfiling -I/home/byrn/HDF_Projects/hdf5/build/ci-StdShar-GNUC/src -I/home/byrn/HDF_Projects/hdf5/build/ci-StdShar-GNUC/tools/lib -I/home/byrn/HDF_Projects/hdf5/dev/tools/lib -std=c99  -fstdarg-opt -fdiagnostics-urls=never -fno-diagnostics-color -fmessage-length=0 -O2 -g -DNDEBUG -std=gnu99 -fPIE -MD -MT tools/test/perform/CMakeFiles/chunk.dir/chunk.c.o -MF tools/test/perform/CMakeFiles/chunk.dir/chunk.c.o.d -o tools/test/perform/CMakeFiles/chunk.dir/chunk.c.o -c /home/byrn/HDF_Projects/hdf5/dev/tools/test/perform/chunk.c
[2729/4114] : && /usr/bin/cc -std=c99  -fstdarg-opt -fdiagnostics-urls=never -fno-diagnostics-color -fmessage-length=0 -O2 -g -DNDEBUG  tools/test/perform/CMakeFiles/chunk_cache.dir/chunk_cache.c.o -o bin/chunk_cache  -Wl,-rpath,"\$ORIGIN/../lib:\$ORIGIN/"  bin/libhdf5_tools.so.1000.0.0  bin/libhdf5.so.1000.0.0  -ldl && :
[2730/4114] : && /usr/bin/cc -std=c99  -fstdarg-opt -fdiagnostics-urls=never -fno-diagnostics-color -fmessage-length=0 -O2 -g -DNDEBUG  tools/test/perform/CMakeFiles/overhead.dir/overhead.c.o -o bin/overhead  -Wl,-rpath,"\$ORIGIN/../lib:\$ORIGIN/"  bin/libhdf5_tools.so.1000.0.0  bin/libhdf5.so.1000.0.0  -ldl && :
[2731/4114] : && /usr/bin/cc -std=c99  -fstdarg-opt -fdiagnostics-urls=never -fno-diagnostics-color -fmessage-length=0 -O2 -g -DNDEBUG  tools/test/perform/CMakeFiles/chunk.dir/chunk.c.o -o bin/chunk  -Wl,-rpath,"\$ORIGIN/../lib:\$ORIGIN/"  bin/libhdf5_tools.so.1000.0.0  bin/libhdf5.so.1000.0.0  -ldl && :
[2732/4114] : && /usr/bin/cc -std=c99  -fstdarg-opt -fdiagnostics-urls=never -fno-diagnostics-color -fmessage-length=0 -O2 -g -DNDEBUG  tools/test/h5format_convert/CMakeFiles/h5fc_chk_idx.dir/h5fc_chk_idx.c.o -o bin/h5fc_chk_idx  -Wl,-rpath,"\$ORIGIN/../lib:\$ORIGIN/"  bin/libhdf5_tools.a  bin/libhdf5.a  bin/libzlib.a  bin/libszaec.a  bin/libaec.a  -lm  -ldl && :
[2733/4114] /usr/bin/cc -DH5BSHUF_BUILT_AS_DYNAMIC_LIB -DH5PL_BUILT_AS_DYNAMIC_LIB -DH5_BUILT_AS_DYNAMIC_LIB -D_FILE_OFFSET_BITS=64 -D_GNU_SOURCE -D_LARGEFILE_SOURCE -D_POSIX_C_SOURCE=200809L -Dh5bshuf_EXPORTS -I/home/byrn/HDF_Projects/hdf5/dev/src -I/home/byrn/HDF_Projects/hdf5/dev/src/H5FDsubfiling -I/home/byrn/HDF_Projects/hdf5/build/ci-StdShar-GNUC/src -I/home/byrn/HDF_Projects/hdf5/build/ci-StdShar-GNUC/_deps/plugin-build/BSHUF -I/home/byrn/HDF_Projects/hdf5/build/ci-StdShar-GNUC/_deps/plugin-src/BSHUF/src -I/home/byrn/HDF_Projects/hdf5/build/ci-StdShar-GNUC/_deps/plugin-src/BSHUF/src/lib -std=c99  -fstdarg-opt -fdiagnostics-urls=never -fno-diagnostics-color -fmessage-length=0 -std=c99 -fomit-frame-pointer -finline-functions -fno-common -fmessage-length=0 -std=c99 -fomit-frame-pointer -finline-functions -fno-common -fmessage-length=0 -O2 -g -DNDEBUG -std=gnu99 -fPIC -MD -MT _deps/plugin-build/BSHUF/src/CMakeFiles/h5bshuf.dir/bitshuffle.c.o -MF _deps/plugin-build/BSHUF/src/CMakeFiles/h5bshuf.dir/bitshuffle.c.o.d -o _deps/plugin-build/BSHUF/src/CMakeFiles/h5bshuf.dir/bitshuffle.c.o -c /home/byrn/HDF_Projects/hdf5/build/ci-StdShar-GNUC/_deps/plugin-src/BSHUF/src/bitshuffle.c
[2734/4114] /usr/bin/cc -DH5BSHUF_BUILT_AS_DYNAMIC_LIB -DH5PL_BUILT_AS_DYNAMIC_LIB -DH5_BUILT_AS_DYNAMIC_LIB -D_FILE_OFFSET_BITS=64 -D_GNU_SOURCE -D_LARGEFILE_SOURCE -D_POSIX_C_SOURCE=200809L -Dh5bshuf_EXPORTS -I/home/byrn/HDF_Projects/hdf5/dev/src -I/home/byrn/HDF_Projects/hdf5/dev/src/H5FDsubfiling -I/home/byrn/HDF_Projects/hdf5/build/ci-StdShar-GNUC/src -I/home/byrn/HDF_Projects/hdf5/build/ci-StdShar-GNUC/_deps/plugin-build/BSHUF -I/home/byrn/HDF_Projects/hdf5/build/ci-StdShar-GNUC/_deps/plugin-src/BSHUF/src -I/home/byrn/HDF_Projects/hdf5/build/ci-StdShar-GNUC/_deps/plugin-src/BSHUF/src/lib -std=c99  -fstdarg-opt -fdiagnostics-urls=never -fno-diagnostics-color -fmessage-length=0 -std=c99 -fomit-frame-pointer -finline-functions -fno-common -fmessage-length=0 -std=c99 -fomit-frame-pointer -finline-functions -fno-common -fmessage-length=0 -O2 -g -DNDEBUG -std=gnu99 -fPIC -MD -MT _deps/plugin-build/BSHUF/src/CMakeFiles/h5bshuf.dir/iochain.c.o -MF _deps/plugin-build/BSHUF/src/CMakeFiles/h5bshuf.dir/iochain.c.o.d -o _deps/plugin-build/BSHUF/src/CMakeFiles/h5bshuf.dir/iochain.c.o -c /home/byrn/HDF_Projects/hdf5/build/ci-StdShar-GNUC/_deps/plugin-src/BSHUF/src/iochain.c
[2735/4114] /usr/bin/cc -DH5_BUILT_AS_DYNAMIC_LIB -D_FILE_OFFSET_BITS=64 -D_GNU_SOURCE -D_LARGEFILE_SOURCE -D_POSIX_C_SOURCE=200809L -I/home/byrn/HDF_Projects/hdf5/dev/test -I/home/byrn/HDF_Projects/hdf5/dev/src -I/home/byrn/HDF_Projects/hdf5/dev/src/H5FDsubfiling -I/home/byrn/HDF_Projects/hdf5/build/ci-StdShar-GNUC/src -I/home/byrn/HDF_Projects/hdf5/build/ci-StdShar-GNUC/tools/lib -I/home/byrn/HDF_Projects/hdf5/dev/tools/lib -I/home/byrn/HDF_Projects/hdf5/build/ci-StdShar-GNUC/test -std=c99  -fstdarg-opt -fdiagnostics-urls=never -fno-diagnostics-color -fmessage-length=0 -O2 -g -DNDEBUG -std=gnu99 -fPIE -MD -MT tools/test/perform/CMakeFiles/perf_meta.dir/perf_meta.c.o -MF tools/test/perform/CMakeFiles/perf_meta.dir/perf_meta.c.o.d -o tools/test/perform/CMakeFiles/perf_meta.dir/perf_meta.c.o -c /home/byrn/HDF_Projects/hdf5/dev/tools/test/perform/perf_meta.c
[2736/4114] : && /usr/bin/cc -std=c99  -fstdarg-opt -fdiagnostics-urls=never -fno-diagnostics-color -fmessage-length=0 -O2 -g -DNDEBUG  tools/test/perform/CMakeFiles/perf_meta.dir/perf_meta.c.o -o bin/perf_meta  -Wl,-rpath,"\$ORIGIN/../lib:\$ORIGIN/"  bin/libhdf5_tools.so.1000.0.0  bin/libhdf5_test.so.1000.0.0  bin/libhdf5.so.1000.0.0  -lm  -ldl && :
[2737/4114] /usr/bin/cc -DH5BSHUF_BUILT_AS_DYNAMIC_LIB -DH5PL_BUILT_AS_DYNAMIC_LIB -DH5_BUILT_AS_DYNAMIC_LIB -D_FILE_OFFSET_BITS=64 -D_GNU_SOURCE -D_LARGEFILE_SOURCE -D_POSIX_C_SOURCE=200809L -Dh5bshuf_EXPORTS -I/home/byrn/HDF_Projects/hdf5/dev/src -I/home/byrn/HDF_Projects/hdf5/dev/src/H5FDsubfiling -I/home/byrn/HDF_Projects/hdf5/build/ci-StdShar-GNUC/src -I/home/byrn/HDF_Projects/hdf5/build/ci-StdShar-GNUC/_deps/plugin-build/BSHUF -I/home/byrn/HDF_Projects/hdf5/build/ci-StdShar-GNUC/_deps/plugin-src/BSHUF/src -I/home/byrn/HDF_Projects/hdf5/build/ci-StdShar-GNUC/_deps/plugin-src/BSHUF/src/lib -std=c99  -fstdarg-opt -fdiagnostics-urls=never -fno-diagnostics-color -fmessage-length=0 -std=c99 -fomit-frame-pointer -finline-functions -fno-common -fmessage-length=0 -std=c99 -fomit-frame-pointer -finline-functions -fno-common -fmessage-length=0 -O2 -g -DNDEBUG -std=gnu99 -fPIC -MD -MT _deps/plugin-build/BSHUF/src/CMakeFiles/h5bshuf.dir/H5Zbshuf.c.o -MF _deps/plugin-build/BSHUF/src/CMakeFiles/h5bshuf.dir/H5Zbshuf.c.o.d -o _deps/plugin-build/BSHUF/src/CMakeFiles/h5bshuf.dir/H5Zbshuf.c.o -c /home/byrn/HDF_Projects/hdf5/build/ci-StdShar-GNUC/_deps/plugin-src/BSHUF/src/H5Zbshuf.c
[2738/4114] : && /usr/bin/cc -std=c99  -fstdarg-opt -fdiagnostics-urls=never -fno-diagnostics-color -fmessage-length=0 -O2 -g -DNDEBUG  tools/test/h5format_convert/CMakeFiles/h5fc_gentest.dir/h5fc_gentest.c.o -o bin/h5fc_gentest  -Wl,-rpath,"\$ORIGIN/../lib:\$ORIGIN/"  bin/libhdf5_tools.a  bin/libhdf5.a  bin/libzlib.a  bin/libszaec.a  bin/libaec.a  -lm  -ldl && :
[2739/4114] /usr/bin/cc -DH5_BUILT_AS_DYNAMIC_LIB -D_FILE_OFFSET_BITS=64 -D_GNU_SOURCE -D_LARGEFILE_SOURCE -D_POSIX_C_SOURCE=200809L -I/home/byrn/HDF_Projects/hdf5/dev/test -I/home/byrn/HDF_Projects/hdf5/dev/src -I/home/byrn/HDF_Projects/hdf5/dev/src/H5FDsubfiling -I/home/byrn/HDF_Projects/hdf5/build/ci-StdShar-GNUC/src -I/home/byrn/HDF_Projects/hdf5/build/ci-StdShar-GNUC/tools/lib -I/home/byrn/HDF_Projects/hdf5/dev/tools/lib -I/home/byrn/HDF_Projects/hdf5/build/ci-StdShar-GNUC/_deps/hdf5_zlib-build -I/home/byrn/HDF_Projects/hdf5/build/ci-StdShar-GNUC/_deps/hdf5_zlib-src -I/home/byrn/HDF_Projects/hdf5/build/ci-StdShar-GNUC/_deps/szip-build -I/home/byrn/HDF_Projects/hdf5/build/ci-StdShar-GNUC/_deps/szip-src -std=c99  -fstdarg-opt -fdiagnostics-urls=never -fno-diagnostics-color -fmessage-length=0 -O2 -g -DNDEBUG -std=gnu99 -fPIE -MD -MT tools/test/perform/CMakeFiles/zip_perf.dir/zip_perf.c.o -MF tools/test/perform/CMakeFiles/zip_perf.dir/zip_perf.c.o.d -o tools/test/perform/CMakeFiles/zip_perf.dir/zip_perf.c.o -c /home/byrn/HDF_Projects/hdf5/dev/tools/test/perform/zip_perf.c
[2740/4114] : && /usr/bin/cc -std=c99  -fstdarg-opt -fdiagnostics-urls=never -fno-diagnostics-color -fmessage-length=0 -O2 -g -DNDEBUG  tools/test/perform/CMakeFiles/zip_perf.dir/zip_perf.c.o -o bin/zip_perf  -Wl,-rpath,"\$ORIGIN/../lib:\$ORIGIN/"  bin/libhdf5_tools.so.1000.0.0  bin/libhdf5.so.1000.0.0  bin/libzlib.a  bin/libszaec.a  bin/libaec.a  -lm  -ldl && :
[2741/4114] /usr/bin/cc -DH5BLOSC_BUILT_AS_DYNAMIC_LIB -DH5PL_BUILT_AS_DYNAMIC_LIB -DUSING_CMAKE -I/home/byrn/HDF_Projects/hdf5/build/ci-StdShar-GNUC/_deps/blosc-build/blosc -I/home/byrn/HDF_Projects/hdf5/build/ci-StdShar-GNUC/_deps/blosc-src/blosc -I/home/byrn/HDF_Projects/hdf5/build/ci-StdShar-GNUC/_deps/blosc-src/internal-complibs/lz4-1.9.4 -I/home/byrn/HDF_Projects/hdf5/build/ci-StdShar-GNUC/_deps/hdf5_zlib-src -I/home/byrn/HDF_Projects/hdf5/build/ci-StdShar-GNUC/_deps/blosc-src/internal-complibs/zstd-1.5.5 -I/home/byrn/HDF_Projects/hdf5/build/ci-StdShar-GNUC/_deps/blosc-src/internal-complibs/zstd-1.5.5/common -std=c99  -fstdarg-opt -fdiagnostics-urls=never -fno-diagnostics-color -fmessage-length=0 -std=c99 -fomit-frame-pointer -finline-functions -fno-common -fmessage-length=0 -std=c99 -fomit-frame-pointer -finline-functions -fno-common -fmessage-length=0 -std=gnu99 -O2 -g -DNDEBUG -std=gnu99 -fPIC -fvisibility=hidden -Wall -Wwrite-strings -Wno-unused-function -msse2 -MD -MT _deps/blosc-build/blosc/CMakeFiles/blosc_static.dir/shuffle-generic.c.o -MF _deps/blosc-build/blosc/CMakeFiles/blosc_static.dir/shuffle-generic.c.o.d -o _deps/blosc-build/blosc/CMakeFiles/blosc_static.dir/shuffle-generic.c.o -c /home/byrn/HDF_Projects/hdf5/build/ci-StdShar-GNUC/_deps/blosc-src/blosc/shuffle-generic.c
[2742/4114] /usr/bin/cc -DH5BLOSC_BUILT_AS_DYNAMIC_LIB -DH5PL_BUILT_AS_DYNAMIC_LIB -DUSING_CMAKE -I/home/byrn/HDF_Projects/hdf5/build/ci-StdShar-GNUC/_deps/blosc-build/blosc -I/home/byrn/HDF_Projects/hdf5/build/ci-StdShar-GNUC/_deps/blosc-src/blosc -I/home/byrn/HDF_Projects/hdf5/build/ci-StdShar-GNUC/_deps/blosc-src/internal-complibs/lz4-1.9.4 -I/home/byrn/HDF_Projects/hdf5/build/ci-StdShar-GNUC/_deps/hdf5_zlib-src -I/home/byrn/HDF_Projects/hdf5/build/ci-StdShar-GNUC/_deps/blosc-src/internal-complibs/zstd-1.5.5 -I/home/byrn/HDF_Projects/hdf5/build/ci-StdShar-GNUC/_deps/blosc-src/internal-complibs/zstd-1.5.5/common -std=c99  -fstdarg-opt -fdiagnostics-urls=never -fno-diagnostics-color -fmessage-length=0 -std=c99 -fomit-frame-pointer -finline-functions -fno-common -fmessage-length=0 -std=c99 -fomit-frame-pointer -finline-functions -fno-common -fmessage-length=0 -std=gnu99 -O2 -g -DNDEBUG -std=gnu99 -fPIC -fvisibility=hidden -Wall -Wwrite-strings -Wno-unused-function -msse2 -MD -MT _deps/blosc-build/blosc/CMakeFiles/blosc_static.dir/fastcopy.c.o -MF _deps/blosc-build/blosc/CMakeFiles/blosc_static.dir/fastcopy.c.o.d -o _deps/blosc-build/blosc/CMakeFiles/blosc_static.dir/fastcopy.c.o -c /home/byrn/HDF_Projects/hdf5/build/ci-StdShar-GNUC/_deps/blosc-src/blosc/fastcopy.c
[2743/4114] /usr/bin/cc -DH5BLOSC_BUILT_AS_DYNAMIC_LIB -DH5PL_BUILT_AS_DYNAMIC_LIB -DUSING_CMAKE -I/home/byrn/HDF_Projects/hdf5/build/ci-StdShar-GNUC/_deps/blosc-build/blosc -I/home/byrn/HDF_Projects/hdf5/build/ci-StdShar-GNUC/_deps/blosc-src/blosc -I/home/byrn/HDF_Projects/hdf5/build/ci-StdShar-GNUC/_deps/blosc-src/internal-complibs/lz4-1.9.4 -I/home/byrn/HDF_Projects/hdf5/build/ci-StdShar-GNUC/_deps/hdf5_zlib-src -I/home/byrn/HDF_Projects/hdf5/build/ci-StdShar-GNUC/_deps/blosc-src/internal-complibs/zstd-1.5.5 -I/home/byrn/HDF_Projects/hdf5/build/ci-StdShar-GNUC/_deps/blosc-src/internal-complibs/zstd-1.5.5/common -std=c99  -fstdarg-opt -fdiagnostics-urls=never -fno-diagnostics-color -fmessage-length=0 -std=c99 -fomit-frame-pointer -finline-functions -fno-common -fmessage-length=0 -std=c99 -fomit-frame-pointer -finline-functions -fno-common -fmessage-length=0 -std=gnu99 -O2 -g -DNDEBUG -std=gnu99 -fPIC -fvisibility=hidden -Wall -Wwrite-strings -Wno-unused-function -msse2 -MD -MT _deps/blosc-build/blosc/CMakeFiles/blosc_static.dir/bitshuffle-generic.c.o -MF _deps/blosc-build/blosc/CMakeFiles/blosc_static.dir/bitshuffle-generic.c.o.d -o _deps/blosc-build/blosc/CMakeFiles/blosc_static.dir/bitshuffle-generic.c.o -c /home/byrn/HDF_Projects/hdf5/build/ci-StdShar-GNUC/_deps/blosc-src/blosc/bitshuffle-generic.c
[2744/4114] /usr/bin/cc -DH5BLOSC_BUILT_AS_DYNAMIC_LIB -DH5PL_BUILT_AS_DYNAMIC_LIB -DUSING_CMAKE -I/home/byrn/HDF_Projects/hdf5/build/ci-StdShar-GNUC/_deps/blosc-build/blosc -I/home/byrn/HDF_Projects/hdf5/build/ci-StdShar-GNUC/_deps/blosc-src/blosc -I/home/byrn/HDF_Projects/hdf5/build/ci-StdShar-GNUC/_deps/blosc-src/internal-complibs/lz4-1.9.4 -I/home/byrn/HDF_Projects/hdf5/build/ci-StdShar-GNUC/_deps/hdf5_zlib-src -I/home/byrn/HDF_Projects/hdf5/build/ci-StdShar-GNUC/_deps/blosc-src/internal-complibs/zstd-1.5.5 -I/home/byrn/HDF_Projects/hdf5/build/ci-StdShar-GNUC/_deps/blosc-src/internal-complibs/zstd-1.5.5/common -std=c99  -fstdarg-opt -fdiagnostics-urls=never -fno-diagnostics-color -fmessage-length=0 -std=c99 -fomit-frame-pointer -finline-functions -fno-common -fmessage-length=0 -std=c99 -fomit-frame-pointer -finline-functions -fno-common -fmessage-length=0 -std=gnu99 -O2 -g -DNDEBUG -std=gnu99 -fPIC -fvisibility=hidden -Wall -Wwrite-strings -Wno-unused-function -msse2 -MD -MT _deps/blosc-build/blosc/CMakeFiles/blosc_static.dir/blosclz.c.o -MF _deps/blosc-build/blosc/CMakeFiles/blosc_static.dir/blosclz.c.o.d -o _deps/blosc-build/blosc/CMakeFiles/blosc_static.dir/blosclz.c.o -c /home/byrn/HDF_Projects/hdf5/build/ci-StdShar-GNUC/_deps/blosc-src/blosc/blosclz.c
[2745/4114] /usr/bin/cc -DH5BSHUF_BUILT_AS_DYNAMIC_LIB -DH5PL_BUILT_AS_DYNAMIC_LIB -DH5_BUILT_AS_DYNAMIC_LIB -D_FILE_OFFSET_BITS=64 -D_GNU_SOURCE -D_LARGEFILE_SOURCE -D_POSIX_C_SOURCE=200809L -Dh5bshuf_EXPORTS -I/home/byrn/HDF_Projects/hdf5/dev/src -I/home/byrn/HDF_Projects/hdf5/dev/src/H5FDsubfiling -I/home/byrn/HDF_Projects/hdf5/build/ci-StdShar-GNUC/src -I/home/byrn/HDF_Projects/hdf5/build/ci-StdShar-GNUC/_deps/plugin-build/BSHUF -I/home/byrn/HDF_Projects/hdf5/build/ci-StdShar-GNUC/_deps/plugin-src/BSHUF/src -I/home/byrn/HDF_Projects/hdf5/build/ci-StdShar-GNUC/_deps/plugin-src/BSHUF/src/lib -std=c99  -fstdarg-opt -fdiagnostics-urls=never -fno-diagnostics-color -fmessage-length=0 -std=c99 -fomit-frame-pointer -finline-functions -fno-common -fmessage-length=0 -std=c99 -fomit-frame-pointer -finline-functions -fno-common -fmessage-length=0 -O2 -g -DNDEBUG -std=gnu99 -fPIC -MD -MT _deps/plugin-build/BSHUF/src/CMakeFiles/h5bshuf.dir/bitshuffle_core.c.o -MF _deps/plugin-build/BSHUF/src/CMakeFiles/h5bshuf.dir/bitshuffle_core.c.o.d -o _deps/plugin-build/BSHUF/src/CMakeFiles/h5bshuf.dir/bitshuffle_core.c.o -c /home/byrn/HDF_Projects/hdf5/build/ci-StdShar-GNUC/_deps/plugin-src/BSHUF/src/bitshuffle_core.c
[2746/4114] /usr/bin/cc -DH5BLOSC_BUILT_AS_DYNAMIC_LIB -DH5PL_BUILT_AS_DYNAMIC_LIB -DUSING_CMAKE -I/home/byrn/HDF_Projects/hdf5/build/ci-StdShar-GNUC/_deps/blosc-build/blosc -I/home/byrn/HDF_Projects/hdf5/build/ci-StdShar-GNUC/_deps/blosc-src/blosc -I/home/byrn/HDF_Projects/hdf5/build/ci-StdShar-GNUC/_deps/blosc-src/internal-complibs/lz4-1.9.4 -I/home/byrn/HDF_Projects/hdf5/build/ci-StdShar-GNUC/_deps/hdf5_zlib-src -I/home/byrn/HDF_Projects/hdf5/build/ci-StdShar-GNUC/_deps/blosc-src/internal-complibs/zstd-1.5.5 -I/home/byrn/HDF_Projects/hdf5/build/ci-StdShar-GNUC/_deps/blosc-src/internal-complibs/zstd-1.5.5/common -std=c99  -fstdarg-opt -fdiagnostics-urls=never -fno-diagnostics-color -fmessage-length=0 -std=c99 -fomit-frame-pointer -finline-functions -fno-common -fmessage-length=0 -std=c99 -fomit-frame-pointer -finline-functions -fno-common -fmessage-length=0 -std=gnu99 -O2 -g -DNDEBUG -std=gnu99 -fPIC -fvisibility=hidden -Wall -Wwrite-strings -Wno-unused-function -msse2 -msse2 -MD -MT _deps/blosc-build/blosc/CMakeFiles/blosc_static.dir/bitshuffle-sse2.c.o -MF _deps/blosc-build/blosc/CMakeFiles/blosc_static.dir/bitshuffle-sse2.c.o.d -o _deps/blosc-build/blosc/CMakeFiles/blosc_static.dir/bitshuffle-sse2.c.o -c /home/byrn/HDF_Projects/hdf5/build/ci-StdShar-GNUC/_deps/blosc-src/blosc/bitshuffle-sse2.c
[2747/4114] /usr/bin/cc -DH5BLOSC_BUILT_AS_DYNAMIC_LIB -DH5PL_BUILT_AS_DYNAMIC_LIB -DUSING_CMAKE -I/home/byrn/HDF_Projects/hdf5/build/ci-StdShar-GNUC/_deps/blosc-build/blosc -I/home/byrn/HDF_Projects/hdf5/build/ci-StdShar-GNUC/_deps/blosc-src/blosc -I/home/byrn/HDF_Projects/hdf5/build/ci-StdShar-GNUC/_deps/blosc-src/internal-complibs/lz4-1.9.4 -I/home/byrn/HDF_Projects/hdf5/build/ci-StdShar-GNUC/_deps/hdf5_zlib-src -I/home/byrn/HDF_Projects/hdf5/build/ci-StdShar-GNUC/_deps/blosc-src/internal-complibs/zstd-1.5.5 -I/home/byrn/HDF_Projects/hdf5/build/ci-StdShar-GNUC/_deps/blosc-src/internal-complibs/zstd-1.5.5/common -std=c99  -fstdarg-opt -fdiagnostics-urls=never -fno-diagnostics-color -fmessage-length=0 -std=c99 -fomit-frame-pointer -finline-functions -fno-common -fmessage-length=0 -std=c99 -fomit-frame-pointer -finline-functions -fno-common -fmessage-length=0 -std=gnu99 -O2 -g -DNDEBUG -std=gnu99 -fPIC -fvisibility=hidden -Wall -Wwrite-strings -Wno-unused-function -msse2 -msse2 -MD -MT _deps/blosc-build/blosc/CMakeFiles/blosc_static.dir/shuffle-sse2.c.o -MF _deps/blosc-build/blosc/CMakeFiles/blosc_static.dir/shuffle-sse2.c.o.d -o _deps/blosc-build/blosc/CMakeFiles/blosc_static.dir/shuffle-sse2.c.o -c /home/byrn/HDF_Projects/hdf5/build/ci-StdShar-GNUC/_deps/blosc-src/blosc/shuffle-sse2.c
[2748/4114] /usr/bin/cc -DH5BLOSC_BUILT_AS_DYNAMIC_LIB -DH5PL_BUILT_AS_DYNAMIC_LIB -DUSING_CMAKE -I/home/byrn/HDF_Projects/hdf5/build/ci-StdShar-GNUC/_deps/blosc-build/blosc -I/home/byrn/HDF_Projects/hdf5/build/ci-StdShar-GNUC/_deps/blosc-src/blosc -I/home/byrn/HDF_Projects/hdf5/build/ci-StdShar-GNUC/_deps/blosc-src/internal-complibs/lz4-1.9.4 -I/home/byrn/HDF_Projects/hdf5/build/ci-StdShar-GNUC/_deps/hdf5_zlib-src -I/home/byrn/HDF_Projects/hdf5/build/ci-StdShar-GNUC/_deps/blosc-src/internal-complibs/zstd-1.5.5 -I/home/byrn/HDF_Projects/hdf5/build/ci-StdShar-GNUC/_deps/blosc-src/internal-complibs/zstd-1.5.5/common -std=c99  -fstdarg-opt -fdiagnostics-urls=never -fno-diagnostics-color -fmessage-length=0 -std=c99 -fomit-frame-pointer -finline-functions -fno-common -fmessage-length=0 -std=c99 -fomit-frame-pointer -finline-functions -fno-common -fmessage-length=0 -std=gnu99 -O2 -g -DNDEBUG -std=gnu99 -fPIC -fvisibility=hidden -Wall -Wwrite-strings -Wno-unused-function -msse2 -MD -MT _deps/blosc-build/blosc/CMakeFiles/blosc_static.dir/blosc.c.o -MF _deps/blosc-build/blosc/CMakeFiles/blosc_static.dir/blosc.c.o.d -o _deps/blosc-build/blosc/CMakeFiles/blosc_static.dir/blosc.c.o -c /home/byrn/HDF_Projects/hdf5/build/ci-StdShar-GNUC/_deps/blosc-src/blosc/blosc.c
[2749/4114] /usr/bin/cc -DH5BLOSC_BUILT_AS_DYNAMIC_LIB -DH5PL_BUILT_AS_DYNAMIC_LIB -DUSING_CMAKE -I/home/byrn/HDF_Projects/hdf5/build/ci-StdShar-GNUC/_deps/blosc-build/blosc -I/home/byrn/HDF_Projects/hdf5/build/ci-StdShar-GNUC/_deps/blosc-src/blosc -I/home/byrn/HDF_Projects/hdf5/build/ci-StdShar-GNUC/_deps/blosc-src/internal-complibs/lz4-1.9.4 -I/home/byrn/HDF_Projects/hdf5/build/ci-StdShar-GNUC/_deps/hdf5_zlib-src -I/home/byrn/HDF_Projects/hdf5/build/ci-StdShar-GNUC/_deps/blosc-src/internal-complibs/zstd-1.5.5 -I/home/byrn/HDF_Projects/hdf5/build/ci-StdShar-GNUC/_deps/blosc-src/internal-complibs/zstd-1.5.5/common -std=c99  -fstdarg-opt -fdiagnostics-urls=never -fno-diagnostics-color -fmessage-length=0 -std=c99 -fomit-frame-pointer -finline-functions -fno-common -fmessage-length=0 -std=c99 -fomit-frame-pointer -finline-functions -fno-common -fmessage-length=0 -std=gnu99 -O2 -g -DNDEBUG -std=gnu99 -fPIC -fvisibility=hidden -Wall -Wwrite-strings -Wno-unused-function -msse2 -MD -MT _deps/blosc-build/blosc/CMakeFiles/blosc_static.dir/__/__/blosc-src/internal-complibs/zstd-1.5.5/common/debug.c.o -MF _deps/blosc-build/blosc/CMakeFiles/blosc_static.dir/__/__/blosc-src/internal-complibs/zstd-1.5.5/common/debug.c.o.d -o _deps/blosc-build/blosc/CMakeFiles/blosc_static.dir/__/__/blosc-src/internal-complibs/zstd-1.5.5/common/debug.c.o -c /home/byrn/HDF_Projects/hdf5/build/ci-StdShar-GNUC/_deps/blosc-src/internal-complibs/zstd-1.5.5/common/debug.c
[2750/4114] /usr/bin/cc -DH5BLOSC_BUILT_AS_DYNAMIC_LIB -DH5PL_BUILT_AS_DYNAMIC_LIB -DUSING_CMAKE -DSHUFFLE_AVX2_ENABLED -DSHUFFLE_SSE2_ENABLED -I/home/byrn/HDF_Projects/hdf5/build/ci-StdShar-GNUC/_deps/blosc-build/blosc -I/home/byrn/HDF_Projects/hdf5/build/ci-StdShar-GNUC/_deps/blosc-src/blosc -I/home/byrn/HDF_Projects/hdf5/build/ci-StdShar-GNUC/_deps/blosc-src/internal-complibs/lz4-1.9.4 -I/home/byrn/HDF_Projects/hdf5/build/ci-StdShar-GNUC/_deps/hdf5_zlib-src -I/home/byrn/HDF_Projects/hdf5/build/ci-StdShar-GNUC/_deps/blosc-src/internal-complibs/zstd-1.5.5 -I/home/byrn/HDF_Projects/hdf5/build/ci-StdShar-GNUC/_deps/blosc-src/internal-complibs/zstd-1.5.5/common -std=c99  -fstdarg-opt -fdiagnostics-urls=never -fno-diagnostics-color -fmessage-length=0 -std=c99 -fomit-frame-pointer -finline-functions -fno-common -fmessage-length=0 -std=c99 -fomit-frame-pointer -finline-functions -fno-common -fmessage-length=0 -std=gnu99 -O2 -g -DNDEBUG -std=gnu99 -fPIC -fvisibility=hidden -Wall -Wwrite-strings -Wno-unused-function -msse2 -MD -MT _deps/blosc-build/blosc/CMakeFiles/blosc_static.dir/shuffle.c.o -MF _deps/blosc-build/blosc/CMakeFiles/blosc_static.dir/shuffle.c.o.d -o _deps/blosc-build/blosc/CMakeFiles/blosc_static.dir/shuffle.c.o -c /home/byrn/HDF_Projects/hdf5/build/ci-StdShar-GNUC/_deps/blosc-src/blosc/shuffle.c
[2751/4114] /usr/bin/cc -DH5BLOSC_BUILT_AS_DYNAMIC_LIB -DH5PL_BUILT_AS_DYNAMIC_LIB -DUSING_CMAKE -I/home/byrn/HDF_Projects/hdf5/build/ci-StdShar-GNUC/_deps/blosc-build/blosc -I/home/byrn/HDF_Projects/hdf5/build/ci-StdShar-GNUC/_deps/blosc-src/blosc -I/home/byrn/HDF_Projects/hdf5/build/ci-StdShar-GNUC/_deps/blosc-src/internal-complibs/lz4-1.9.4 -I/home/byrn/HDF_Projects/hdf5/build/ci-StdShar-GNUC/_deps/hdf5_zlib-src -I/home/byrn/HDF_Projects/hdf5/build/ci-StdShar-GNUC/_deps/blosc-src/internal-complibs/zstd-1.5.5 -I/home/byrn/HDF_Projects/hdf5/build/ci-StdShar-GNUC/_deps/blosc-src/internal-complibs/zstd-1.5.5/common -std=c99  -fstdarg-opt -fdiagnostics-urls=never -fno-diagnostics-color -fmessage-length=0 -std=c99 -fomit-frame-pointer -finline-functions -fno-common -fmessage-length=0 -std=c99 -fomit-frame-pointer -finline-functions -fno-common -fmessage-length=0 -std=gnu99 -O2 -g -DNDEBUG -std=gnu99 -fPIC -fvisibility=hidden -Wall -Wwrite-strings -Wno-unused-function -msse2 -MD -MT _deps/blosc-build/blosc/CMakeFiles/blosc_static.dir/__/__/blosc-src/internal-complibs/zstd-1.5.5/common/error_private.c.o -MF _deps/blosc-build/blosc/CMakeFiles/blosc_static.dir/__/__/blosc-src/internal-complibs/zstd-1.5.5/common/error_private.c.o.d -o _deps/blosc-build/blosc/CMakeFiles/blosc_static.dir/__/__/blosc-src/internal-complibs/zstd-1.5.5/common/error_private.c.o -c /home/byrn/HDF_Projects/hdf5/build/ci-StdShar-GNUC/_deps/blosc-src/internal-complibs/zstd-1.5.5/common/error_private.c
[2752/4114] /usr/bin/cc -DH5BLOSC_BUILT_AS_DYNAMIC_LIB -DH5PL_BUILT_AS_DYNAMIC_LIB -DUSING_CMAKE -I/home/byrn/HDF_Projects/hdf5/build/ci-StdShar-GNUC/_deps/blosc-build/blosc -I/home/byrn/HDF_Projects/hdf5/build/ci-StdShar-GNUC/_deps/blosc-src/blosc -I/home/byrn/HDF_Projects/hdf5/build/ci-StdShar-GNUC/_deps/blosc-src/internal-complibs/lz4-1.9.4 -I/home/byrn/HDF_Projects/hdf5/build/ci-StdShar-GNUC/_deps/hdf5_zlib-src -I/home/byrn/HDF_Projects/hdf5/build/ci-StdShar-GNUC/_deps/blosc-src/internal-complibs/zstd-1.5.5 -I/home/byrn/HDF_Projects/hdf5/build/ci-StdShar-GNUC/_deps/blosc-src/internal-complibs/zstd-1.5.5/common -std=c99  -fstdarg-opt -fdiagnostics-urls=never -fno-diagnostics-color -fmessage-length=0 -std=c99 -fomit-frame-pointer -finline-functions -fno-common -fmessage-length=0 -std=c99 -fomit-frame-pointer -finline-functions -fno-common -fmessage-length=0 -std=gnu99 -O2 -g -DNDEBUG -std=gnu99 -fPIC -fvisibility=hidden -Wall -Wwrite-strings -Wno-unused-function -msse2 -MD -MT _deps/blosc-build/blosc/CMakeFiles/blosc_static.dir/__/__/blosc-src/internal-complibs/zstd-1.5.5/common/entropy_common.c.o -MF _deps/blosc-build/blosc/CMakeFiles/blosc_static.dir/__/__/blosc-src/internal-complibs/zstd-1.5.5/common/entropy_common.c.o.d -o _deps/blosc-build/blosc/CMakeFiles/blosc_static.dir/__/__/blosc-src/internal-complibs/zstd-1.5.5/common/entropy_common.c.o -c /home/byrn/HDF_Projects/hdf5/build/ci-StdShar-GNUC/_deps/blosc-src/internal-complibs/zstd-1.5.5/common/entropy_common.c
[2753/4114] /usr/bin/cc -DH5BLOSC_BUILT_AS_DYNAMIC_LIB -DH5PL_BUILT_AS_DYNAMIC_LIB -DUSING_CMAKE -I/home/byrn/HDF_Projects/hdf5/build/ci-StdShar-GNUC/_deps/blosc-build/blosc -I/home/byrn/HDF_Projects/hdf5/build/ci-StdShar-GNUC/_deps/blosc-src/blosc -I/home/byrn/HDF_Projects/hdf5/build/ci-StdShar-GNUC/_deps/blosc-src/internal-complibs/lz4-1.9.4 -I/home/byrn/HDF_Projects/hdf5/build/ci-StdShar-GNUC/_deps/hdf5_zlib-src -I/home/byrn/HDF_Projects/hdf5/build/ci-StdShar-GNUC/_deps/blosc-src/internal-complibs/zstd-1.5.5 -I/home/byrn/HDF_Projects/hdf5/build/ci-StdShar-GNUC/_deps/blosc-src/internal-complibs/zstd-1.5.5/common -std=c99  -fstdarg-opt -fdiagnostics-urls=never -fno-diagnostics-color -fmessage-length=0 -std=c99 -fomit-frame-pointer -finline-functions -fno-common -fmessage-length=0 -std=c99 -fomit-frame-pointer -finline-functions -fno-common -fmessage-length=0 -std=gnu99 -O2 -g -DNDEBUG -std=gnu99 -fPIC -fvisibility=hidden -Wall -Wwrite-strings -Wno-unused-function -msse2 -mavx2 -MD -MT _deps/blosc-build/blosc/CMakeFiles/blosc_static.dir/bitshuffle-avx2.c.o -MF _deps/blosc-build/blosc/CMakeFiles/blosc_static.dir/bitshuffle-avx2.c.o.d -o _deps/blosc-build/blosc/CMakeFiles/blosc_static.dir/bitshuffle-avx2.c.o -c /home/byrn/HDF_Projects/hdf5/build/ci-StdShar-GNUC/_deps/blosc-src/blosc/bitshuffle-avx2.c
[2754/4114] /usr/bin/cc -DH5BLOSC_BUILT_AS_DYNAMIC_LIB -DH5PL_BUILT_AS_DYNAMIC_LIB -DUSING_CMAKE -I/home/byrn/HDF_Projects/hdf5/build/ci-StdShar-GNUC/_deps/blosc-build/blosc -I/home/byrn/HDF_Projects/hdf5/build/ci-StdShar-GNUC/_deps/blosc-src/blosc -I/home/byrn/HDF_Projects/hdf5/build/ci-StdShar-GNUC/_deps/blosc-src/internal-complibs/lz4-1.9.4 -I/home/byrn/HDF_Projects/hdf5/build/ci-StdShar-GNUC/_deps/hdf5_zlib-src -I/home/byrn/HDF_Projects/hdf5/build/ci-StdShar-GNUC/_deps/blosc-src/internal-complibs/zstd-1.5.5 -I/home/byrn/HDF_Projects/hdf5/build/ci-StdShar-GNUC/_deps/blosc-src/internal-complibs/zstd-1.5.5/common -std=c99  -fstdarg-opt -fdiagnostics-urls=never -fno-diagnostics-color -fmessage-length=0 -std=c99 -fomit-frame-pointer -finline-functions -fno-common -fmessage-length=0 -std=c99 -fomit-frame-pointer -finline-functions -fno-common -fmessage-length=0 -std=gnu99 -O2 -g -DNDEBUG -std=gnu99 -fPIC -fvisibility=hidden -Wall -Wwrite-strings -Wno-unused-function -msse2 -MD -MT _deps/blosc-build/blosc/CMakeFiles/blosc_static.dir/__/__/blosc-src/internal-complibs/zstd-1.5.5/common/threading.c.o -MF _deps/blosc-build/blosc/CMakeFiles/blosc_static.dir/__/__/blosc-src/internal-complibs/zstd-1.5.5/common/threading.c.o.d -o _deps/blosc-build/blosc/CMakeFiles/blosc_static.dir/__/__/blosc-src/internal-complibs/zstd-1.5.5/common/threading.c.o -c /home/byrn/HDF_Projects/hdf5/build/ci-StdShar-GNUC/_deps/blosc-src/internal-complibs/zstd-1.5.5/common/threading.c
[2755/4114] /usr/bin/cc -DH5BLOSC_BUILT_AS_DYNAMIC_LIB -DH5PL_BUILT_AS_DYNAMIC_LIB -DUSING_CMAKE -I/home/byrn/HDF_Projects/hdf5/build/ci-StdShar-GNUC/_deps/blosc-build/blosc -I/home/byrn/HDF_Projects/hdf5/build/ci-StdShar-GNUC/_deps/blosc-src/blosc -I/home/byrn/HDF_Projects/hdf5/build/ci-StdShar-GNUC/_deps/blosc-src/internal-complibs/lz4-1.9.4 -I/home/byrn/HDF_Projects/hdf5/build/ci-StdShar-GNUC/_deps/hdf5_zlib-src -I/home/byrn/HDF_Projects/hdf5/build/ci-StdShar-GNUC/_deps/blosc-src/internal-complibs/zstd-1.5.5 -I/home/byrn/HDF_Projects/hdf5/build/ci-StdShar-GNUC/_deps/blosc-src/internal-complibs/zstd-1.5.5/common -std=c99  -fstdarg-opt -fdiagnostics-urls=never -fno-diagnostics-color -fmessage-length=0 -std=c99 -fomit-frame-pointer -finline-functions -fno-common -fmessage-length=0 -std=c99 -fomit-frame-pointer -finline-functions -fno-common -fmessage-length=0 -std=gnu99 -O2 -g -DNDEBUG -std=gnu99 -fPIC -fvisibility=hidden -Wall -Wwrite-strings -Wno-unused-function -msse2 -MD -MT _deps/blosc-build/blosc/CMakeFiles/blosc_static.dir/__/__/blosc-src/internal-complibs/zstd-1.5.5/common/pool.c.o -MF _deps/blosc-build/blosc/CMakeFiles/blosc_static.dir/__/__/blosc-src/internal-complibs/zstd-1.5.5/common/pool.c.o.d -o _deps/blosc-build/blosc/CMakeFiles/blosc_static.dir/__/__/blosc-src/internal-complibs/zstd-1.5.5/common/pool.c.o -c /home/byrn/HDF_Projects/hdf5/build/ci-StdShar-GNUC/_deps/blosc-src/internal-complibs/zstd-1.5.5/common/pool.c
[2756/4114] /usr/bin/cc -DH5BLOSC_BUILT_AS_DYNAMIC_LIB -DH5PL_BUILT_AS_DYNAMIC_LIB -DUSING_CMAKE -I/home/byrn/HDF_Projects/hdf5/build/ci-StdShar-GNUC/_deps/blosc-build/blosc -I/home/byrn/HDF_Projects/hdf5/build/ci-StdShar-GNUC/_deps/blosc-src/blosc -I/home/byrn/HDF_Projects/hdf5/build/ci-StdShar-GNUC/_deps/blosc-src/internal-complibs/lz4-1.9.4 -I/home/byrn/HDF_Projects/hdf5/build/ci-StdShar-GNUC/_deps/hdf5_zlib-src -I/home/byrn/HDF_Projects/hdf5/build/ci-StdShar-GNUC/_deps/blosc-src/internal-complibs/zstd-1.5.5 -I/home/byrn/HDF_Projects/hdf5/build/ci-StdShar-GNUC/_deps/blosc-src/internal-complibs/zstd-1.5.5/common -std=c99  -fstdarg-opt -fdiagnostics-urls=never -fno-diagnostics-color -fmessage-length=0 -std=c99 -fomit-frame-pointer -finline-functions -fno-common -fmessage-length=0 -std=c99 -fomit-frame-pointer -finline-functions -fno-common -fmessage-length=0 -std=gnu99 -O2 -g -DNDEBUG -std=gnu99 -fPIC -fvisibility=hidden -Wall -Wwrite-strings -Wno-unused-function -msse2 -MD -MT _deps/blosc-build/blosc/CMakeFiles/blosc_static.dir/__/__/blosc-src/internal-complibs/zstd-1.5.5/common/zstd_common.c.o -MF _deps/blosc-build/blosc/CMakeFiles/blosc_static.dir/__/__/blosc-src/internal-complibs/zstd-1.5.5/common/zstd_common.c.o.d -o _deps/blosc-build/blosc/CMakeFiles/blosc_static.dir/__/__/blosc-src/internal-complibs/zstd-1.5.5/common/zstd_common.c.o -c /home/byrn/HDF_Projects/hdf5/build/ci-StdShar-GNUC/_deps/blosc-src/internal-complibs/zstd-1.5.5/common/zstd_common.c
[2757/4114] /usr/bin/cc -DH5BLOSC_BUILT_AS_DYNAMIC_LIB -DH5PL_BUILT_AS_DYNAMIC_LIB -DUSING_CMAKE -I/home/byrn/HDF_Projects/hdf5/build/ci-StdShar-GNUC/_deps/blosc-build/blosc -I/home/byrn/HDF_Projects/hdf5/build/ci-StdShar-GNUC/_deps/blosc-src/blosc -I/home/byrn/HDF_Projects/hdf5/build/ci-StdShar-GNUC/_deps/blosc-src/internal-complibs/lz4-1.9.4 -I/home/byrn/HDF_Projects/hdf5/build/ci-StdShar-GNUC/_deps/hdf5_zlib-src -I/home/byrn/HDF_Projects/hdf5/build/ci-StdShar-GNUC/_deps/blosc-src/internal-complibs/zstd-1.5.5 -I/home/byrn/HDF_Projects/hdf5/build/ci-StdShar-GNUC/_deps/blosc-src/internal-complibs/zstd-1.5.5/common -std=c99  -fstdarg-opt -fdiagnostics-urls=never -fno-diagnostics-color -fmessage-length=0 -std=c99 -fomit-frame-pointer -finline-functions -fno-common -fmessage-length=0 -std=c99 -fomit-frame-pointer -finline-functions -fno-common -fmessage-length=0 -std=gnu99 -O2 -g -DNDEBUG -std=gnu99 -fPIC -fvisibility=hidden -Wall -Wwrite-strings -Wno-unused-function -msse2 -MD -MT _deps/blosc-build/blosc/CMakeFiles/blosc_static.dir/__/__/blosc-src/internal-complibs/zstd-1.5.5/common/xxhash.c.o -MF _deps/blosc-build/blosc/CMakeFiles/blosc_static.dir/__/__/blosc-src/internal-complibs/zstd-1.5.5/common/xxhash.c.o.d -o _deps/blosc-build/blosc/CMakeFiles/blosc_static.dir/__/__/blosc-src/internal-complibs/zstd-1.5.5/common/xxhash.c.o -c /home/byrn/HDF_Projects/hdf5/build/ci-StdShar-GNUC/_deps/blosc-src/internal-complibs/zstd-1.5.5/common/xxhash.c
[2758/4114] /usr/bin/cc -DH5BLOSC_BUILT_AS_DYNAMIC_LIB -DH5PL_BUILT_AS_DYNAMIC_LIB -DUSING_CMAKE -I/home/byrn/HDF_Projects/hdf5/build/ci-StdShar-GNUC/_deps/blosc-build/blosc -I/home/byrn/HDF_Projects/hdf5/build/ci-StdShar-GNUC/_deps/blosc-src/blosc -I/home/byrn/HDF_Projects/hdf5/build/ci-StdShar-GNUC/_deps/blosc-src/internal-complibs/lz4-1.9.4 -I/home/byrn/HDF_Projects/hdf5/build/ci-StdShar-GNUC/_deps/hdf5_zlib-src -I/home/byrn/HDF_Projects/hdf5/build/ci-StdShar-GNUC/_deps/blosc-src/internal-complibs/zstd-1.5.5 -I/home/byrn/HDF_Projects/hdf5/build/ci-StdShar-GNUC/_deps/blosc-src/internal-complibs/zstd-1.5.5/common -std=c99  -fstdarg-opt -fdiagnostics-urls=never -fno-diagnostics-color -fmessage-length=0 -std=c99 -fomit-frame-pointer -finline-functions -fno-common -fmessage-length=0 -std=c99 -fomit-frame-pointer -finline-functions -fno-common -fmessage-length=0 -std=gnu99 -O2 -g -DNDEBUG -std=gnu99 -fPIC -fvisibility=hidden -Wall -Wwrite-strings -Wno-unused-function -msse2 -mavx2 -MD -MT _deps/blosc-build/blosc/CMakeFiles/blosc_static.dir/shuffle-avx2.c.o -MF _deps/blosc-build/blosc/CMakeFiles/blosc_static.dir/shuffle-avx2.c.o.d -o _deps/blosc-build/blosc/CMakeFiles/blosc_static.dir/shuffle-avx2.c.o -c /home/byrn/HDF_Projects/hdf5/build/ci-StdShar-GNUC/_deps/blosc-src/blosc/shuffle-avx2.c
[2759/4114] /usr/bin/cc -DH5BLOSC_BUILT_AS_DYNAMIC_LIB -DH5PL_BUILT_AS_DYNAMIC_LIB -DUSING_CMAKE -I/home/byrn/HDF_Projects/hdf5/build/ci-StdShar-GNUC/_deps/blosc-build/blosc -I/home/byrn/HDF_Projects/hdf5/build/ci-StdShar-GNUC/_deps/blosc-src/blosc -I/home/byrn/HDF_Projects/hdf5/build/ci-StdShar-GNUC/_deps/blosc-src/internal-complibs/lz4-1.9.4 -I/home/byrn/HDF_Projects/hdf5/build/ci-StdShar-GNUC/_deps/hdf5_zlib-src -I/home/byrn/HDF_Projects/hdf5/build/ci-StdShar-GNUC/_deps/blosc-src/internal-complibs/zstd-1.5.5 -I/home/byrn/HDF_Projects/hdf5/build/ci-StdShar-GNUC/_deps/blosc-src/internal-complibs/zstd-1.5.5/common -std=c99  -fstdarg-opt -fdiagnostics-urls=never -fno-diagnostics-color -fmessage-length=0 -std=c99 -fomit-frame-pointer -finline-functions -fno-common -fmessage-length=0 -std=c99 -fomit-frame-pointer -finline-functions -fno-common -fmessage-length=0 -std=gnu99 -O2 -g -DNDEBUG -std=gnu99 -fPIC -fvisibility=hidden -Wall -Wwrite-strings -Wno-unused-function -msse2 -MD -MT _deps/blosc-build/blosc/CMakeFiles/blosc_static.dir/__/__/blosc-src/internal-complibs/zstd-1.5.5/common/fse_decompress.c.o -MF _deps/blosc-build/blosc/CMakeFiles/blosc_static.dir/__/__/blosc-src/internal-complibs/zstd-1.5.5/common/fse_decompress.c.o.d -o _deps/blosc-build/blosc/CMakeFiles/blosc_static.dir/__/__/blosc-src/internal-complibs/zstd-1.5.5/common/fse_decompress.c.o -c /home/byrn/HDF_Projects/hdf5/build/ci-StdShar-GNUC/_deps/blosc-src/internal-complibs/zstd-1.5.5/common/fse_decompress.c
[2760/4114] /usr/bin/cc -DH5BLOSC_BUILT_AS_DYNAMIC_LIB -DH5PL_BUILT_AS_DYNAMIC_LIB -DUSING_CMAKE -I/home/byrn/HDF_Projects/hdf5/build/ci-StdShar-GNUC/_deps/blosc-build/blosc -I/home/byrn/HDF_Projects/hdf5/build/ci-StdShar-GNUC/_deps/blosc-src/blosc -I/home/byrn/HDF_Projects/hdf5/build/ci-StdShar-GNUC/_deps/blosc-src/internal-complibs/lz4-1.9.4 -I/home/byrn/HDF_Projects/hdf5/build/ci-StdShar-GNUC/_deps/hdf5_zlib-src -I/home/byrn/HDF_Projects/hdf5/build/ci-StdShar-GNUC/_deps/blosc-src/internal-complibs/zstd-1.5.5 -I/home/byrn/HDF_Projects/hdf5/build/ci-StdShar-GNUC/_deps/blosc-src/internal-complibs/zstd-1.5.5/common -std=c99  -fstdarg-opt -fdiagnostics-urls=never -fno-diagnostics-color -fmessage-length=0 -std=c99 -fomit-frame-pointer -finline-functions -fno-common -fmessage-length=0 -std=c99 -fomit-frame-pointer -finline-functions -fno-common -fmessage-length=0 -std=gnu99 -O2 -g -DNDEBUG -std=gnu99 -fPIC -fvisibility=hidden -Wall -Wwrite-strings -Wno-unused-function -msse2 -MD -MT _deps/blosc-build/blosc/CMakeFiles/blosc_static.dir/__/__/blosc-src/internal-complibs/zstd-1.5.5/compress/hist.c.o -MF _deps/blosc-build/blosc/CMakeFiles/blosc_static.dir/__/__/blosc-src/internal-complibs/zstd-1.5.5/compress/hist.c.o.d -o _deps/blosc-build/blosc/CMakeFiles/blosc_static.dir/__/__/blosc-src/internal-complibs/zstd-1.5.5/compress/hist.c.o -c /home/byrn/HDF_Projects/hdf5/build/ci-StdShar-GNUC/_deps/blosc-src/internal-complibs/zstd-1.5.5/compress/hist.c
[2761/4114] /usr/bin/cc -DH5BLOSC_BUILT_AS_DYNAMIC_LIB -DH5PL_BUILT_AS_DYNAMIC_LIB -DUSING_CMAKE -I/home/byrn/HDF_Projects/hdf5/build/ci-StdShar-GNUC/_deps/blosc-build/blosc -I/home/byrn/HDF_Projects/hdf5/build/ci-StdShar-GNUC/_deps/blosc-src/blosc -I/home/byrn/HDF_Projects/hdf5/build/ci-StdShar-GNUC/_deps/blosc-src/internal-complibs/lz4-1.9.4 -I/home/byrn/HDF_Projects/hdf5/build/ci-StdShar-GNUC/_deps/hdf5_zlib-src -I/home/byrn/HDF_Projects/hdf5/build/ci-StdShar-GNUC/_deps/blosc-src/internal-complibs/zstd-1.5.5 -I/home/byrn/HDF_Projects/hdf5/build/ci-StdShar-GNUC/_deps/blosc-src/internal-complibs/zstd-1.5.5/common -std=c99  -fstdarg-opt -fdiagnostics-urls=never -fno-diagnostics-color -fmessage-length=0 -std=c99 -fomit-frame-pointer -finline-functions -fno-common -fmessage-length=0 -std=c99 -fomit-frame-pointer -finline-functions -fno-common -fmessage-length=0 -std=gnu99 -O2 -g -DNDEBUG -std=gnu99 -fPIC -fvisibility=hidden -Wall -Wwrite-strings -Wno-unused-function -msse2 -MD -MT _deps/blosc-build/blosc/CMakeFiles/blosc_static.dir/__/__/blosc-src/internal-complibs/zstd-1.5.5/compress/fse_compress.c.o -MF _deps/blosc-build/blosc/CMakeFiles/blosc_static.dir/__/__/blosc-src/internal-complibs/zstd-1.5.5/compress/fse_compress.c.o.d -o _deps/blosc-build/blosc/CMakeFiles/blosc_static.dir/__/__/blosc-src/internal-complibs/zstd-1.5.5/compress/fse_compress.c.o -c /home/byrn/HDF_Projects/hdf5/build/ci-StdShar-GNUC/_deps/blosc-src/internal-complibs/zstd-1.5.5/compress/fse_compress.c
[2762/4114] /usr/bin/cc -DH5BLOSC_BUILT_AS_DYNAMIC_LIB -DH5PL_BUILT_AS_DYNAMIC_LIB -DUSING_CMAKE -I/home/byrn/HDF_Projects/hdf5/build/ci-StdShar-GNUC/_deps/blosc-build/blosc -I/home/byrn/HDF_Projects/hdf5/build/ci-StdShar-GNUC/_deps/blosc-src/blosc -I/home/byrn/HDF_Projects/hdf5/build/ci-StdShar-GNUC/_deps/blosc-src/internal-complibs/lz4-1.9.4 -I/home/byrn/HDF_Projects/hdf5/build/ci-StdShar-GNUC/_deps/hdf5_zlib-src -I/home/byrn/HDF_Projects/hdf5/build/ci-StdShar-GNUC/_deps/blosc-src/internal-complibs/zstd-1.5.5 -I/home/byrn/HDF_Projects/hdf5/build/ci-StdShar-GNUC/_deps/blosc-src/internal-complibs/zstd-1.5.5/common -std=c99  -fstdarg-opt -fdiagnostics-urls=never -fno-diagnostics-color -fmessage-length=0 -std=c99 -fomit-frame-pointer -finline-functions -fno-common -fmessage-length=0 -std=c99 -fomit-frame-pointer -finline-functions -fno-common -fmessage-length=0 -std=gnu99 -O2 -g -DNDEBUG -std=gnu99 -fPIC -fvisibility=hidden -Wall -Wwrite-strings -Wno-unused-function -msse2 -MD -MT _deps/blosc-build/blosc/CMakeFiles/blosc_static.dir/__/__/blosc-src/internal-complibs/zstd-1.5.5/compress/zstd_compress_literals.c.o -MF _deps/blosc-build/blosc/CMakeFiles/blosc_static.dir/__/__/blosc-src/internal-complibs/zstd-1.5.5/compress/zstd_compress_literals.c.o.d -o _deps/blosc-build/blosc/CMakeFiles/blosc_static.dir/__/__/blosc-src/internal-complibs/zstd-1.5.5/compress/zstd_compress_literals.c.o -c /home/byrn/HDF_Projects/hdf5/build/ci-StdShar-GNUC/_deps/blosc-src/internal-complibs/zstd-1.5.5/compress/zstd_compress_literals.c
[2763/4114] /usr/bin/cc -D_FILE_OFFSET_BITS=64 -D_GNU_SOURCE -D_LARGEFILE_SOURCE -D_POSIX_C_SOURCE=200809L -I/home/byrn/HDF_Projects/hdf5/dev/src -I/home/byrn/HDF_Projects/hdf5/dev/src/H5FDsubfiling -I/home/byrn/HDF_Projects/hdf5/dev/test -I/home/byrn/HDF_Projects/hdf5/build/ci-StdShar-GNUC/src -I/home/byrn/HDF_Projects/hdf5/build/ci-StdShar-GNUC/tools/lib -I/home/byrn/HDF_Projects/hdf5/dev/tools/lib -std=c99  -fstdarg-opt -fdiagnostics-urls=never -fno-diagnostics-color -fmessage-length=0 -O2 -g -DNDEBUG -std=gnu99 -fPIE -MD -MT tools/test/h5dump/CMakeFiles/h5dumpgentest.dir/h5dumpgentest.c.o -MF tools/test/h5dump/CMakeFiles/h5dumpgentest.dir/h5dumpgentest.c.o.d -o tools/test/h5dump/CMakeFiles/h5dumpgentest.dir/h5dumpgentest.c.o -c /home/byrn/HDF_Projects/hdf5/dev/tools/test/h5dump/h5dumpgentest.c
[2764/4114] /usr/bin/cc -DH5BLOSC_BUILT_AS_DYNAMIC_LIB -DH5PL_BUILT_AS_DYNAMIC_LIB -DUSING_CMAKE -I/home/byrn/HDF_Projects/hdf5/build/ci-StdShar-GNUC/_deps/blosc-build/blosc -I/home/byrn/HDF_Projects/hdf5/build/ci-StdShar-GNUC/_deps/blosc-src/blosc -I/home/byrn/HDF_Projects/hdf5/build/ci-StdShar-GNUC/_deps/blosc-src/internal-complibs/lz4-1.9.4 -I/home/byrn/HDF_Projects/hdf5/build/ci-StdShar-GNUC/_deps/hdf5_zlib-src -I/home/byrn/HDF_Projects/hdf5/build/ci-StdShar-GNUC/_deps/blosc-src/internal-complibs/zstd-1.5.5 -I/home/byrn/HDF_Projects/hdf5/build/ci-StdShar-GNUC/_deps/blosc-src/internal-complibs/zstd-1.5.5/common -std=c99  -fstdarg-opt -fdiagnostics-urls=never -fno-diagnostics-color -fmessage-length=0 -std=c99 -fomit-frame-pointer -finline-functions -fno-common -fmessage-length=0 -std=c99 -fomit-frame-pointer -finline-functions -fno-common -fmessage-length=0 -std=gnu99 -O2 -g -DNDEBUG -std=gnu99 -fPIC -fvisibility=hidden -Wall -Wwrite-strings -Wno-unused-function -msse2 -MD -MT _deps/blosc-build/blosc/CMakeFiles/blosc_static.dir/__/__/blosc-src/internal-complibs/zstd-1.5.5/compress/zstd_compress_superblock.c.o -MF _deps/blosc-build/blosc/CMakeFiles/blosc_static.dir/__/__/blosc-src/internal-complibs/zstd-1.5.5/compress/zstd_compress_superblock.c.o.d -o _deps/blosc-build/blosc/CMakeFiles/blosc_static.dir/__/__/blosc-src/internal-complibs/zstd-1.5.5/compress/zstd_compress_superblock.c.o -c /home/byrn/HDF_Projects/hdf5/build/ci-StdShar-GNUC/_deps/blosc-src/internal-complibs/zstd-1.5.5/compress/zstd_compress_superblock.c
[2765/4114] /usr/bin/cc -DH5BLOSC_BUILT_AS_DYNAMIC_LIB -DH5PL_BUILT_AS_DYNAMIC_LIB -DUSING_CMAKE -I/home/byrn/HDF_Projects/hdf5/build/ci-StdShar-GNUC/_deps/blosc-build/blosc -I/home/byrn/HDF_Projects/hdf5/build/ci-StdShar-GNUC/_deps/blosc-src/blosc -I/home/byrn/HDF_Projects/hdf5/build/ci-StdShar-GNUC/_deps/blosc-src/internal-complibs/lz4-1.9.4 -I/home/byrn/HDF_Projects/hdf5/build/ci-StdShar-GNUC/_deps/hdf5_zlib-src -I/home/byrn/HDF_Projects/hdf5/build/ci-StdShar-GNUC/_deps/blosc-src/internal-complibs/zstd-1.5.5 -I/home/byrn/HDF_Projects/hdf5/build/ci-StdShar-GNUC/_deps/blosc-src/internal-complibs/zstd-1.5.5/common -std=c99  -fstdarg-opt -fdiagnostics-urls=never -fno-diagnostics-color -fmessage-length=0 -std=c99 -fomit-frame-pointer -finline-functions -fno-common -fmessage-length=0 -std=c99 -fomit-frame-pointer -finline-functions -fno-common -fmessage-length=0 -std=gnu99 -O2 -g -DNDEBUG -std=gnu99 -fPIC -fvisibility=hidden -Wall -Wwrite-strings -Wno-unused-function -msse2 -MD -MT _deps/blosc-build/blosc/CMakeFiles/blosc_static.dir/__/__/blosc-src/internal-complibs/zstd-1.5.5/compress/zstd_compress_sequences.c.o -MF _deps/blosc-build/blosc/CMakeFiles/blosc_static.dir/__/__/blosc-src/internal-complibs/zstd-1.5.5/compress/zstd_compress_sequences.c.o.d -o _deps/blosc-build/blosc/CMakeFiles/blosc_static.dir/__/__/blosc-src/internal-complibs/zstd-1.5.5/compress/zstd_compress_sequences.c.o -c /home/byrn/HDF_Projects/hdf5/build/ci-StdShar-GNUC/_deps/blosc-src/internal-complibs/zstd-1.5.5/compress/zstd_compress_sequences.c
[2766/4114] : && /usr/bin/cc -std=c99  -fstdarg-opt -fdiagnostics-urls=never -fno-diagnostics-color -fmessage-length=0 -O2 -g -DNDEBUG  tools/test/h5dump/CMakeFiles/h5dumpgentest.dir/h5dumpgentest.c.o -o bin/h5dumpgentest  -Wl,-rpath,"\$ORIGIN/../lib:\$ORIGIN/"  bin/libhdf5_tools.a  bin/libhdf5.a  bin/libzlib.a  bin/libszaec.a  bin/libaec.a  -lm  -ldl && :
[2767/4114] /usr/bin/cc -DH5BSHUF_BUILT_AS_DYNAMIC_LIB -DH5PL_BUILT_AS_DYNAMIC_LIB -DH5_BUILT_AS_DYNAMIC_LIB -D_FILE_OFFSET_BITS=64 -D_GNU_SOURCE -D_LARGEFILE_SOURCE -D_POSIX_C_SOURCE=200809L -Dh5bshuf_EXPORTS -I/home/byrn/HDF_Projects/hdf5/dev/src -I/home/byrn/HDF_Projects/hdf5/dev/src/H5FDsubfiling -I/home/byrn/HDF_Projects/hdf5/build/ci-StdShar-GNUC/src -I/home/byrn/HDF_Projects/hdf5/build/ci-StdShar-GNUC/_deps/plugin-build/BSHUF -I/home/byrn/HDF_Projects/hdf5/build/ci-StdShar-GNUC/_deps/plugin-src/BSHUF/src -I/home/byrn/HDF_Projects/hdf5/build/ci-StdShar-GNUC/_deps/plugin-src/BSHUF/src/lib -std=c99  -fstdarg-opt -fdiagnostics-urls=never -fno-diagnostics-color -fmessage-length=0 -std=c99 -fomit-frame-pointer -finline-functions -fno-common -fmessage-length=0 -std=c99 -fomit-frame-pointer -finline-functions -fno-common -fmessage-length=0 -O2 -g -DNDEBUG -std=gnu99 -fPIC -MD -MT _deps/plugin-build/BSHUF/src/CMakeFiles/h5bshuf.dir/lib/lz4.c.o -MF _deps/plugin-build/BSHUF/src/CMakeFiles/h5bshuf.dir/lib/lz4.c.o.d -o _deps/plugin-build/BSHUF/src/CMakeFiles/h5bshuf.dir/lib/lz4.c.o -c /home/byrn/HDF_Projects/hdf5/build/ci-StdShar-GNUC/_deps/plugin-src/BSHUF/src/lib/lz4.c
[2768/4114] : && /usr/bin/cc -fPIC -std=c99  -fstdarg-opt -fdiagnostics-urls=never -fno-diagnostics-color -fmessage-length=0 -std=c99 -fomit-frame-pointer -finline-functions -fno-common -fmessage-length=0 -std=c99 -fomit-frame-pointer -finline-functions -fno-common -fmessage-length=0 -O2 -g -DNDEBUG   -shared  -o bin/libh5bshuf.so _deps/plugin-build/BSHUF/src/CMakeFiles/h5bshuf.dir/H5Zbshuf.c.o _deps/plugin-build/BSHUF/src/CMakeFiles/h5bshuf.dir/bitshuffle.c.o _deps/plugin-build/BSHUF/src/CMakeFiles/h5bshuf.dir/bitshuffle_core.c.o _deps/plugin-build/BSHUF/src/CMakeFiles/h5bshuf.dir/iochain.c.o _deps/plugin-build/BSHUF/src/CMakeFiles/h5bshuf.dir/lib/lz4.c.o  -Wl,-rpath,"\$ORIGIN/../lib:\$ORIGIN/"  -lm  -ldl  bin/libhdf5.so.1000.0.0  -ldl && cd /home/byrn/HDF_Projects/hdf5/build/ci-StdShar-GNUC/_deps/plugin-build/BSHUF/src && /usr/bin/cmake -E copy_if_different /home/byrn/HDF_Projects/hdf5/build/ci-StdShar-GNUC/bin/libh5bshuf.so /home/byrn/HDF_Projects/hdf5/build/ci-StdShar-GNUC/plugins/libh5bshuf.so
[2769/4114] /usr/bin/cc -DH5BLOSC_BUILT_AS_DYNAMIC_LIB -DH5PL_BUILT_AS_DYNAMIC_LIB -DUSING_CMAKE -I/home/byrn/HDF_Projects/hdf5/build/ci-StdShar-GNUC/_deps/blosc-build/blosc -I/home/byrn/HDF_Projects/hdf5/build/ci-StdShar-GNUC/_deps/blosc-src/blosc -I/home/byrn/HDF_Projects/hdf5/build/ci-StdShar-GNUC/_deps/blosc-src/internal-complibs/lz4-1.9.4 -I/home/byrn/HDF_Projects/hdf5/build/ci-StdShar-GNUC/_deps/hdf5_zlib-src -I/home/byrn/HDF_Projects/hdf5/build/ci-StdShar-GNUC/_deps/blosc-src/internal-complibs/zstd-1.5.5 -I/home/byrn/HDF_Projects/hdf5/build/ci-StdShar-GNUC/_deps/blosc-src/internal-complibs/zstd-1.5.5/common -std=c99  -fstdarg-opt -fdiagnostics-urls=never -fno-diagnostics-color -fmessage-length=0 -std=c99 -fomit-frame-pointer -finline-functions -fno-common -fmessage-length=0 -std=c99 -fomit-frame-pointer -finline-functions -fno-common -fmessage-length=0 -std=gnu99 -O2 -g -DNDEBUG -std=gnu99 -fPIC -fvisibility=hidden -Wall -Wwrite-strings -Wno-unused-function -msse2 -MD -MT _deps/blosc-build/blosc/CMakeFiles/blosc_static.dir/__/__/blosc-src/internal-complibs/zstd-1.5.5/compress/huf_compress.c.o -MF _deps/blosc-build/blosc/CMakeFiles/blosc_static.dir/__/__/blosc-src/internal-complibs/zstd-1.5.5/compress/huf_compress.c.o.d -o _deps/blosc-build/blosc/CMakeFiles/blosc_static.dir/__/__/blosc-src/internal-complibs/zstd-1.5.5/compress/huf_compress.c.o -c /home/byrn/HDF_Projects/hdf5/build/ci-StdShar-GNUC/_deps/blosc-src/internal-complibs/zstd-1.5.5/compress/huf_compress.c
[2770/4114] /usr/bin/cc -DH5BLOSC_BUILT_AS_DYNAMIC_LIB -DH5PL_BUILT_AS_DYNAMIC_LIB -DUSING_CMAKE -I/home/byrn/HDF_Projects/hdf5/build/ci-StdShar-GNUC/_deps/blosc-build/blosc -I/home/byrn/HDF_Projects/hdf5/build/ci-StdShar-GNUC/_deps/blosc-src/blosc -I/home/byrn/HDF_Projects/hdf5/build/ci-StdShar-GNUC/_deps/blosc-src/internal-complibs/lz4-1.9.4 -I/home/byrn/HDF_Projects/hdf5/build/ci-StdShar-GNUC/_deps/hdf5_zlib-src -I/home/byrn/HDF_Projects/hdf5/build/ci-StdShar-GNUC/_deps/blosc-src/internal-complibs/zstd-1.5.5 -I/home/byrn/HDF_Projects/hdf5/build/ci-StdShar-GNUC/_deps/blosc-src/internal-complibs/zstd-1.5.5/common -std=c99  -fstdarg-opt -fdiagnostics-urls=never -fno-diagnostics-color -fmessage-length=0 -std=c99 -fomit-frame-pointer -finline-functions -fno-common -fmessage-length=0 -std=c99 -fomit-frame-pointer -finline-functions -fno-common -fmessage-length=0 -std=gnu99 -O2 -g -DNDEBUG -std=gnu99 -fPIC -fvisibility=hidden -Wall -Wwrite-strings -Wno-unused-function -msse2 -MD -MT _deps/blosc-build/blosc/CMakeFiles/blosc_static.dir/__/__/blosc-src/internal-complibs/zstd-1.5.5/compress/zstd_ldm.c.o -MF _deps/blosc-build/blosc/CMakeFiles/blosc_static.dir/__/__/blosc-src/internal-complibs/zstd-1.5.5/compress/zstd_ldm.c.o.d -o _deps/blosc-build/blosc/CMakeFiles/blosc_static.dir/__/__/blosc-src/internal-complibs/zstd-1.5.5/compress/zstd_ldm.c.o -c /home/byrn/HDF_Projects/hdf5/build/ci-StdShar-GNUC/_deps/blosc-src/internal-complibs/zstd-1.5.5/compress/zstd_ldm.c
[2771/4114] /usr/bin/cc -DH5BLOSC_BUILT_AS_DYNAMIC_LIB -DH5PL_BUILT_AS_DYNAMIC_LIB -DUSING_CMAKE -I/home/byrn/HDF_Projects/hdf5/build/ci-StdShar-GNUC/_deps/blosc-build/blosc -I/home/byrn/HDF_Projects/hdf5/build/ci-StdShar-GNUC/_deps/blosc-src/blosc -I/home/byrn/HDF_Projects/hdf5/build/ci-StdShar-GNUC/_deps/blosc-src/internal-complibs/lz4-1.9.4 -I/home/byrn/HDF_Projects/hdf5/build/ci-StdShar-GNUC/_deps/hdf5_zlib-src -I/home/byrn/HDF_Projects/hdf5/build/ci-StdShar-GNUC/_deps/blosc-src/internal-complibs/zstd-1.5.5 -I/home/byrn/HDF_Projects/hdf5/build/ci-StdShar-GNUC/_deps/blosc-src/internal-complibs/zstd-1.5.5/common -std=c99  -fstdarg-opt -fdiagnostics-urls=never -fno-diagnostics-color -fmessage-length=0 -std=c99 -fomit-frame-pointer -finline-functions -fno-common -fmessage-length=0 -std=c99 -fomit-frame-pointer -finline-functions -fno-common -fmessage-length=0 -std=gnu99 -O2 -g -DNDEBUG -std=gnu99 -fPIC -fvisibility=hidden -Wall -Wwrite-strings -Wno-unused-function -msse2 -MD -MT _deps/blosc-build/blosc/CMakeFiles/blosc_static.dir/__/__/blosc-src/internal-complibs/zstd-1.5.5/compress/zstdmt_compress.c.o -MF _deps/blosc-build/blosc/CMakeFiles/blosc_static.dir/__/__/blosc-src/internal-complibs/zstd-1.5.5/compress/zstdmt_compress.c.o.d -o _deps/blosc-build/blosc/CMakeFiles/blosc_static.dir/__/__/blosc-src/internal-complibs/zstd-1.5.5/compress/zstdmt_compress.c.o -c /home/byrn/HDF_Projects/hdf5/build/ci-StdShar-GNUC/_deps/blosc-src/internal-complibs/zstd-1.5.5/compress/zstdmt_compress.c
[2772/4114] /usr/bin/cc -DH5BLOSC_BUILT_AS_DYNAMIC_LIB -DH5PL_BUILT_AS_DYNAMIC_LIB -DUSING_CMAKE -I/home/byrn/HDF_Projects/hdf5/build/ci-StdShar-GNUC/_deps/blosc-build/blosc -I/home/byrn/HDF_Projects/hdf5/build/ci-StdShar-GNUC/_deps/blosc-src/blosc -I/home/byrn/HDF_Projects/hdf5/build/ci-StdShar-GNUC/_deps/blosc-src/internal-complibs/lz4-1.9.4 -I/home/byrn/HDF_Projects/hdf5/build/ci-StdShar-GNUC/_deps/hdf5_zlib-src -I/home/byrn/HDF_Projects/hdf5/build/ci-StdShar-GNUC/_deps/blosc-src/internal-complibs/zstd-1.5.5 -I/home/byrn/HDF_Projects/hdf5/build/ci-StdShar-GNUC/_deps/blosc-src/internal-complibs/zstd-1.5.5/common -std=c99  -fstdarg-opt -fdiagnostics-urls=never -fno-diagnostics-color -fmessage-length=0 -std=c99 -fomit-frame-pointer -finline-functions -fno-common -fmessage-length=0 -std=c99 -fomit-frame-pointer -finline-functions -fno-common -fmessage-length=0 -std=gnu99 -O2 -g -DNDEBUG -std=gnu99 -fPIC -fvisibility=hidden -Wall -Wwrite-strings -Wno-unused-function -msse2 -MD -MT _deps/blosc-build/blosc/CMakeFiles/blosc_static.dir/__/__/blosc-src/internal-complibs/zstd-1.5.5/compress/zstd_compress.c.o -MF _deps/blosc-build/blosc/CMakeFiles/blosc_static.dir/__/__/blosc-src/internal-complibs/zstd-1.5.5/compress/zstd_compress.c.o.d -o _deps/blosc-build/blosc/CMakeFiles/blosc_static.dir/__/__/blosc-src/internal-complibs/zstd-1.5.5/compress/zstd_compress.c.o -c /home/byrn/HDF_Projects/hdf5/build/ci-StdShar-GNUC/_deps/blosc-src/internal-complibs/zstd-1.5.5/compress/zstd_compress.c
[2773/4114] /usr/bin/cc -DH5BLOSC_BUILT_AS_DYNAMIC_LIB -DH5PL_BUILT_AS_DYNAMIC_LIB -DUSING_CMAKE -I/home/byrn/HDF_Projects/hdf5/build/ci-StdShar-GNUC/_deps/blosc-build/blosc -I/home/byrn/HDF_Projects/hdf5/build/ci-StdShar-GNUC/_deps/blosc-src/blosc -I/home/byrn/HDF_Projects/hdf5/build/ci-StdShar-GNUC/_deps/blosc-src/internal-complibs/lz4-1.9.4 -I/home/byrn/HDF_Projects/hdf5/build/ci-StdShar-GNUC/_deps/hdf5_zlib-src -I/home/byrn/HDF_Projects/hdf5/build/ci-StdShar-GNUC/_deps/blosc-src/internal-complibs/zstd-1.5.5 -I/home/byrn/HDF_Projects/hdf5/build/ci-StdShar-GNUC/_deps/blosc-src/internal-complibs/zstd-1.5.5/common -O2 -g -DNDEBUG -fPIC -Wall -Wwrite-strings -Wno-unused-function -msse2 -MD -MT _deps/blosc-build/blosc/CMakeFiles/blosc_static.dir/__/__/blosc-src/internal-complibs/zstd-1.5.5/decompress/huf_decompress_amd64.S.o -MF _deps/blosc-build/blosc/CMakeFiles/blosc_static.dir/__/__/blosc-src/internal-complibs/zstd-1.5.5/decompress/huf_decompress_amd64.S.o.d -o _deps/blosc-build/blosc/CMakeFiles/blosc_static.dir/__/__/blosc-src/internal-complibs/zstd-1.5.5/decompress/huf_decompress_amd64.S.o -c /home/byrn/HDF_Projects/hdf5/build/ci-StdShar-GNUC/_deps/blosc-src/internal-complibs/zstd-1.5.5/decompress/huf_decompress_amd64.S
[2774/4114] /usr/bin/cc -DH5BLOSC_BUILT_AS_DYNAMIC_LIB -DH5PL_BUILT_AS_DYNAMIC_LIB -DUSING_CMAKE -I/home/byrn/HDF_Projects/hdf5/build/ci-StdShar-GNUC/_deps/blosc-build/blosc -I/home/byrn/HDF_Projects/hdf5/build/ci-StdShar-GNUC/_deps/blosc-src/blosc -I/home/byrn/HDF_Projects/hdf5/build/ci-StdShar-GNUC/_deps/blosc-src/internal-complibs/lz4-1.9.4 -I/home/byrn/HDF_Projects/hdf5/build/ci-StdShar-GNUC/_deps/hdf5_zlib-src -I/home/byrn/HDF_Projects/hdf5/build/ci-StdShar-GNUC/_deps/blosc-src/internal-complibs/zstd-1.5.5 -I/home/byrn/HDF_Projects/hdf5/build/ci-StdShar-GNUC/_deps/blosc-src/internal-complibs/zstd-1.5.5/common -std=c99  -fstdarg-opt -fdiagnostics-urls=never -fno-diagnostics-color -fmessage-length=0 -std=c99 -fomit-frame-pointer -finline-functions -fno-common -fmessage-length=0 -std=c99 -fomit-frame-pointer -finline-functions -fno-common -fmessage-length=0 -std=gnu99 -O2 -g -DNDEBUG -std=gnu99 -fPIC -fvisibility=hidden -Wall -Wwrite-strings -Wno-unused-function -msse2 -MD -MT _deps/blosc-build/blosc/CMakeFiles/blosc_static.dir/__/__/blosc-src/internal-complibs/zstd-1.5.5/decompress/zstd_ddict.c.o -MF _deps/blosc-build/blosc/CMakeFiles/blosc_static.dir/__/__/blosc-src/internal-complibs/zstd-1.5.5/decompress/zstd_ddict.c.o.d -o _deps/blosc-build/blosc/CMakeFiles/blosc_static.dir/__/__/blosc-src/internal-complibs/zstd-1.5.5/decompress/zstd_ddict.c.o -c /home/byrn/HDF_Projects/hdf5/build/ci-StdShar-GNUC/_deps/blosc-src/internal-complibs/zstd-1.5.5/decompress/zstd_ddict.c
[2775/4114] /usr/bin/cc -DH5BLOSC_BUILT_AS_DYNAMIC_LIB -DH5PL_BUILT_AS_DYNAMIC_LIB -DUSING_CMAKE -I/home/byrn/HDF_Projects/hdf5/build/ci-StdShar-GNUC/_deps/blosc-build/blosc -I/home/byrn/HDF_Projects/hdf5/build/ci-StdShar-GNUC/_deps/blosc-src/blosc -I/home/byrn/HDF_Projects/hdf5/build/ci-StdShar-GNUC/_deps/blosc-src/internal-complibs/lz4-1.9.4 -I/home/byrn/HDF_Projects/hdf5/build/ci-StdShar-GNUC/_deps/hdf5_zlib-src -I/home/byrn/HDF_Projects/hdf5/build/ci-StdShar-GNUC/_deps/blosc-src/internal-complibs/zstd-1.5.5 -I/home/byrn/HDF_Projects/hdf5/build/ci-StdShar-GNUC/_deps/blosc-src/internal-complibs/zstd-1.5.5/common -std=c99  -fstdarg-opt -fdiagnostics-urls=never -fno-diagnostics-color -fmessage-length=0 -std=c99 -fomit-frame-pointer -finline-functions -fno-common -fmessage-length=0 -std=c99 -fomit-frame-pointer -finline-functions -fno-common -fmessage-length=0 -std=gnu99 -O2 -g -DNDEBUG -std=gnu99 -fPIC -fvisibility=hidden -Wall -Wwrite-strings -Wno-unused-function -msse2 -MD -MT _deps/blosc-build/blosc/CMakeFiles/blosc_static.dir/__/__/blosc-src/internal-complibs/zstd-1.5.5/compress/zstd_double_fast.c.o -MF _deps/blosc-build/blosc/CMakeFiles/blosc_static.dir/__/__/blosc-src/internal-complibs/zstd-1.5.5/compress/zstd_double_fast.c.o.d -o _deps/blosc-build/blosc/CMakeFiles/blosc_static.dir/__/__/blosc-src/internal-complibs/zstd-1.5.5/compress/zstd_double_fast.c.o -c /home/byrn/HDF_Projects/hdf5/build/ci-StdShar-GNUC/_deps/blosc-src/internal-complibs/zstd-1.5.5/compress/zstd_double_fast.c
[2776/4114] /usr/bin/cc -DH5BLOSC_BUILT_AS_DYNAMIC_LIB -DH5PL_BUILT_AS_DYNAMIC_LIB -DUSING_CMAKE -I/home/byrn/HDF_Projects/hdf5/build/ci-StdShar-GNUC/_deps/blosc-build/blosc -I/home/byrn/HDF_Projects/hdf5/build/ci-StdShar-GNUC/_deps/blosc-src/blosc -I/home/byrn/HDF_Projects/hdf5/build/ci-StdShar-GNUC/_deps/blosc-src/internal-complibs/lz4-1.9.4 -I/home/byrn/HDF_Projects/hdf5/build/ci-StdShar-GNUC/_deps/hdf5_zlib-src -I/home/byrn/HDF_Projects/hdf5/build/ci-StdShar-GNUC/_deps/blosc-src/internal-complibs/zstd-1.5.5 -I/home/byrn/HDF_Projects/hdf5/build/ci-StdShar-GNUC/_deps/blosc-src/internal-complibs/zstd-1.5.5/common -std=c99  -fstdarg-opt -fdiagnostics-urls=never -fno-diagnostics-color -fmessage-length=0 -std=c99 -fomit-frame-pointer -finline-functions -fno-common -fmessage-length=0 -std=c99 -fomit-frame-pointer -finline-functions -fno-common -fmessage-length=0 -std=gnu99 -O2 -g -DNDEBUG -std=gnu99 -fPIC -fvisibility=hidden -Wall -Wwrite-strings -Wno-unused-function -msse2 -MD -MT _deps/blosc-build/blosc/CMakeFiles/blosc_static.dir/__/__/blosc-src/internal-complibs/zstd-1.5.5/compress/zstd_fast.c.o -MF _deps/blosc-build/blosc/CMakeFiles/blosc_static.dir/__/__/blosc-src/internal-complibs/zstd-1.5.5/compress/zstd_fast.c.o.d -o _deps/blosc-build/blosc/CMakeFiles/blosc_static.dir/__/__/blosc-src/internal-complibs/zstd-1.5.5/compress/zstd_fast.c.o -c /home/byrn/HDF_Projects/hdf5/build/ci-StdShar-GNUC/_deps/blosc-src/internal-complibs/zstd-1.5.5/compress/zstd_fast.c
[2777/4114] /usr/bin/cc -DH5BLOSC_BUILT_AS_DYNAMIC_LIB -DH5PL_BUILT_AS_DYNAMIC_LIB -DUSING_CMAKE -I/home/byrn/HDF_Projects/hdf5/build/ci-StdShar-GNUC/_deps/blosc-build/blosc -I/home/byrn/HDF_Projects/hdf5/build/ci-StdShar-GNUC/_deps/blosc-src/blosc -I/home/byrn/HDF_Projects/hdf5/build/ci-StdShar-GNUC/_deps/blosc-src/internal-complibs/lz4-1.9.4 -I/home/byrn/HDF_Projects/hdf5/build/ci-StdShar-GNUC/_deps/hdf5_zlib-src -I/home/byrn/HDF_Projects/hdf5/build/ci-StdShar-GNUC/_deps/blosc-src/internal-complibs/zstd-1.5.5 -I/home/byrn/HDF_Projects/hdf5/build/ci-StdShar-GNUC/_deps/blosc-src/internal-complibs/zstd-1.5.5/common -std=c99  -fstdarg-opt -fdiagnostics-urls=never -fno-diagnostics-color -fmessage-length=0 -std=c99 -fomit-frame-pointer -finline-functions -fno-common -fmessage-length=0 -std=c99 -fomit-frame-pointer -finline-functions -fno-common -fmessage-length=0 -std=gnu99 -O2 -g -DNDEBUG -std=gnu99 -fPIC -fvisibility=hidden -Wall -Wwrite-strings -Wno-unused-function -msse2 -MD -MT _deps/blosc-build/blosc/CMakeFiles/blosc_static.dir/__/__/blosc-src/internal-complibs/lz4-1.9.4/lz4hc.c.o -MF _deps/blosc-build/blosc/CMakeFiles/blosc_static.dir/__/__/blosc-src/internal-complibs/lz4-1.9.4/lz4hc.c.o.d -o _deps/blosc-build/blosc/CMakeFiles/blosc_static.dir/__/__/blosc-src/internal-complibs/lz4-1.9.4/lz4hc.c.o -c /home/byrn/HDF_Projects/hdf5/build/ci-StdShar-GNUC/_deps/blosc-src/internal-complibs/lz4-1.9.4/lz4hc.c
[2778/4114] /usr/bin/cc -DH5BLOSC_BUILT_AS_DYNAMIC_LIB -DH5PL_BUILT_AS_DYNAMIC_LIB -DUSING_CMAKE -I/home/byrn/HDF_Projects/hdf5/build/ci-StdShar-GNUC/_deps/blosc-build/blosc -I/home/byrn/HDF_Projects/hdf5/build/ci-StdShar-GNUC/_deps/blosc-src/blosc -I/home/byrn/HDF_Projects/hdf5/build/ci-StdShar-GNUC/_deps/blosc-src/internal-complibs/lz4-1.9.4 -I/home/byrn/HDF_Projects/hdf5/build/ci-StdShar-GNUC/_deps/hdf5_zlib-src -I/home/byrn/HDF_Projects/hdf5/build/ci-StdShar-GNUC/_deps/blosc-src/internal-complibs/zstd-1.5.5 -I/home/byrn/HDF_Projects/hdf5/build/ci-StdShar-GNUC/_deps/blosc-src/internal-complibs/zstd-1.5.5/common -std=c99  -fstdarg-opt -fdiagnostics-urls=never -fno-diagnostics-color -fmessage-length=0 -std=c99 -fomit-frame-pointer -finline-functions -fno-common -fmessage-length=0 -std=c99 -fomit-frame-pointer -finline-functions -fno-common -fmessage-length=0 -std=gnu99 -O2 -g -DNDEBUG -std=gnu99 -fPIC -fvisibility=hidden -Wall -Wwrite-strings -Wno-unused-function -msse2 -MD -MT _deps/blosc-build/blosc/CMakeFiles/blosc_static.dir/__/__/blosc-src/internal-complibs/zstd-1.5.5/decompress/zstd_decompress.c.o -MF _deps/blosc-build/blosc/CMakeFiles/blosc_static.dir/__/__/blosc-src/internal-complibs/zstd-1.5.5/decompress/zstd_decompress.c.o.d -o _deps/blosc-build/blosc/CMakeFiles/blosc_static.dir/__/__/blosc-src/internal-complibs/zstd-1.5.5/decompress/zstd_decompress.c.o -c /home/byrn/HDF_Projects/hdf5/build/ci-StdShar-GNUC/_deps/blosc-src/internal-complibs/zstd-1.5.5/decompress/zstd_decompress.c
[2779/4114] /usr/bin/cc -DH5BLOSC_BUILT_AS_DYNAMIC_LIB -DH5PL_BUILT_AS_DYNAMIC_LIB -DUSING_CMAKE -I/home/byrn/HDF_Projects/hdf5/build/ci-StdShar-GNUC/_deps/blosc-build/blosc -I/home/byrn/HDF_Projects/hdf5/build/ci-StdShar-GNUC/_deps/blosc-src/blosc -I/home/byrn/HDF_Projects/hdf5/build/ci-StdShar-GNUC/_deps/blosc-src/internal-complibs/lz4-1.9.4 -I/home/byrn/HDF_Projects/hdf5/build/ci-StdShar-GNUC/_deps/hdf5_zlib-src -I/home/byrn/HDF_Projects/hdf5/build/ci-StdShar-GNUC/_deps/blosc-src/internal-complibs/zstd-1.5.5 -I/home/byrn/HDF_Projects/hdf5/build/ci-StdShar-GNUC/_deps/blosc-src/internal-complibs/zstd-1.5.5/common -std=c99  -fstdarg-opt -fdiagnostics-urls=never -fno-diagnostics-color -fmessage-length=0 -std=c99 -fomit-frame-pointer -finline-functions -fno-common -fmessage-length=0 -std=c99 -fomit-frame-pointer -finline-functions -fno-common -fmessage-length=0 -std=gnu99 -O2 -g -DNDEBUG -std=gnu99 -fPIC -fvisibility=hidden -Wall -Wwrite-strings -Wno-unused-function -msse2 -MD -MT _deps/blosc-build/blosc/CMakeFiles/blosc_static.dir/__/__/blosc-src/internal-complibs/zstd-1.5.5/dictBuilder/cover.c.o -MF _deps/blosc-build/blosc/CMakeFiles/blosc_static.dir/__/__/blosc-src/internal-complibs/zstd-1.5.5/dictBuilder/cover.c.o.d -o _deps/blosc-build/blosc/CMakeFiles/blosc_static.dir/__/__/blosc-src/internal-complibs/zstd-1.5.5/dictBuilder/cover.c.o -c /home/byrn/HDF_Projects/hdf5/build/ci-StdShar-GNUC/_deps/blosc-src/internal-complibs/zstd-1.5.5/dictBuilder/cover.c
[2780/4114] /usr/bin/cc -DH5BLOSC_BUILT_AS_DYNAMIC_LIB -DH5PL_BUILT_AS_DYNAMIC_LIB -DUSING_CMAKE -I/home/byrn/HDF_Projects/hdf5/build/ci-StdShar-GNUC/_deps/blosc-build/blosc -I/home/byrn/HDF_Projects/hdf5/build/ci-StdShar-GNUC/_deps/blosc-src/blosc -I/home/byrn/HDF_Projects/hdf5/build/ci-StdShar-GNUC/_deps/blosc-src/internal-complibs/lz4-1.9.4 -I/home/byrn/HDF_Projects/hdf5/build/ci-StdShar-GNUC/_deps/hdf5_zlib-src -I/home/byrn/HDF_Projects/hdf5/build/ci-StdShar-GNUC/_deps/blosc-src/internal-complibs/zstd-1.5.5 -I/home/byrn/HDF_Projects/hdf5/build/ci-StdShar-GNUC/_deps/blosc-src/internal-complibs/zstd-1.5.5/common -std=c99  -fstdarg-opt -fdiagnostics-urls=never -fno-diagnostics-color -fmessage-length=0 -std=c99 -fomit-frame-pointer -finline-functions -fno-common -fmessage-length=0 -std=c99 -fomit-frame-pointer -finline-functions -fno-common -fmessage-length=0 -std=gnu99 -O2 -g -DNDEBUG -std=gnu99 -fPIC -fvisibility=hidden -Wall -Wwrite-strings -Wno-unused-function -msse2 -MD -MT _deps/blosc-build/blosc/CMakeFiles/blosc_static.dir/__/__/blosc-src/internal-complibs/zstd-1.5.5/dictBuilder/fastcover.c.o -MF _deps/blosc-build/blosc/CMakeFiles/blosc_static.dir/__/__/blosc-src/internal-complibs/zstd-1.5.5/dictBuilder/fastcover.c.o.d -o _deps/blosc-build/blosc/CMakeFiles/blosc_static.dir/__/__/blosc-src/internal-complibs/zstd-1.5.5/dictBuilder/fastcover.c.o -c /home/byrn/HDF_Projects/hdf5/build/ci-StdShar-GNUC/_deps/blosc-src/internal-complibs/zstd-1.5.5/dictBuilder/fastcover.c
[2781/4114] /usr/bin/cc -DH5BLOSC_BUILT_AS_DYNAMIC_LIB -DH5PL_BUILT_AS_DYNAMIC_LIB -DH5_BUILT_AS_DYNAMIC_LIB -D_FILE_OFFSET_BITS=64 -D_GNU_SOURCE -D_LARGEFILE_SOURCE -D_POSIX_C_SOURCE=200809L -Dh5blosc_EXPORTS -I/home/byrn/HDF_Projects/hdf5/build/ci-StdShar-GNUC/_deps/blosc-build -I/home/byrn/HDF_Projects/hdf5/build/ci-StdShar-GNUC/_deps/blosc-src/blosc -I/home/byrn/HDF_Projects/hdf5/dev/src -I/home/byrn/HDF_Projects/hdf5/dev/src/H5FDsubfiling -I/home/byrn/HDF_Projects/hdf5/build/ci-StdShar-GNUC/src -I/home/byrn/HDF_Projects/hdf5/build/ci-StdShar-GNUC/_deps/plugin-build/BLOSC -I/home/byrn/HDF_Projects/hdf5/build/ci-StdShar-GNUC/_deps/plugin-src/BLOSC/src -I/home/byrn/HDF_Projects/hdf5/build/ci-StdShar-GNUC/_deps/blosc-src/internal-complibs/lz4-1.9.4 -I/home/byrn/HDF_Projects/hdf5/build/ci-StdShar-GNUC/_deps/hdf5_zlib-src -I/home/byrn/HDF_Projects/hdf5/build/ci-StdShar-GNUC/_deps/blosc-src/internal-complibs/zstd-1.5.5 -I/home/byrn/HDF_Projects/hdf5/build/ci-StdShar-GNUC/_deps/blosc-src/internal-complibs/zstd-1.5.5/common -I/home/byrn/HDF_Projects/hdf5/build/ci-StdShar-GNUC/_deps/blosc-build/blosc -std=c99  -fstdarg-opt -fdiagnostics-urls=never -fno-diagnostics-color -fmessage-length=0 -std=c99 -fomit-frame-pointer -finline-functions -fno-common -fmessage-length=0 -std=c99 -fomit-frame-pointer -finline-functions -fno-common -fmessage-length=0 -O2 -g -DNDEBUG -std=gnu99 -fPIC -MD -MT _deps/plugin-build/BLOSC/src/CMakeFiles/h5blosc.dir/H5Zblosc.c.o -MF _deps/plugin-build/BLOSC/src/CMakeFiles/h5blosc.dir/H5Zblosc.c.o.d -o _deps/plugin-build/BLOSC/src/CMakeFiles/h5blosc.dir/H5Zblosc.c.o -c /home/byrn/HDF_Projects/hdf5/build/ci-StdShar-GNUC/_deps/plugin-src/BLOSC/src/H5Zblosc.c
FAILED: _deps/plugin-build/BLOSC/src/CMakeFiles/h5blosc.dir/H5Zblosc.c.o 
/usr/bin/cc -DH5BLOSC_BUILT_AS_DYNAMIC_LIB -DH5PL_BUILT_AS_DYNAMIC_LIB -DH5_BUILT_AS_DYNAMIC_LIB -D_FILE_OFFSET_BITS=64 -D_GNU_SOURCE -D_LARGEFILE_SOURCE -D_POSIX_C_SOURCE=200809L -Dh5blosc_EXPORTS -I/home/byrn/HDF_Projects/hdf5/build/ci-StdShar-GNUC/_deps/blosc-build -I/home/byrn/HDF_Projects/hdf5/build/ci-StdShar-GNUC/_deps/blosc-src/blosc -I/home/byrn/HDF_Projects/hdf5/dev/src -I/home/byrn/HDF_Projects/hdf5/dev/src/H5FDsubfiling -I/home/byrn/HDF_Projects/hdf5/build/ci-StdShar-GNUC/src -I/home/byrn/HDF_Projects/hdf5/build/ci-StdShar-GNUC/_deps/plugin-build/BLOSC -I/home/byrn/HDF_Projects/hdf5/build/ci-StdShar-GNUC/_deps/plugin-src/BLOSC/src -I/home/byrn/HDF_Projects/hdf5/build/ci-StdShar-GNUC/_deps/blosc-src/internal-complibs/lz4-1.9.4 -I/home/byrn/HDF_Projects/hdf5/build/ci-StdShar-GNUC/_deps/hdf5_zlib-src -I/home/byrn/HDF_Projects/hdf5/build/ci-StdShar-GNUC/_deps/blosc-src/internal-complibs/zstd-1.5.5 -I/home/byrn/HDF_Projects/hdf5/build/ci-StdShar-GNUC/_deps/blosc-src/internal-complibs/zstd-1.5.5/common -I/home/byrn/HDF_Projects/hdf5/build/ci-StdShar-GNUC/_deps/blosc-build/blosc -std=c99  -fstdarg-opt -fdiagnostics-urls=never -fno-diagnostics-color -fmessage-length=0 -std=c99 -fomit-frame-pointer -finline-functions -fno-common -fmessage-length=0 -std=c99 -fomit-frame-pointer -finline-functions -fno-common -fmessage-length=0 -O2 -g -DNDEBUG -std=gnu99 -fPIC -MD -MT _deps/plugin-build/BLOSC/src/CMakeFiles/h5blosc.dir/H5Zblosc.c.o -MF _deps/plugin-build/BLOSC/src/CMakeFiles/h5blosc.dir/H5Zblosc.c.o.d -o _deps/plugin-build/BLOSC/src/CMakeFiles/h5blosc.dir/H5Zblosc.c.o -c /home/byrn/HDF_Projects/hdf5/build/ci-StdShar-GNUC/_deps/plugin-src/BLOSC/src/H5Zblosc.c
/home/byrn/HDF_Projects/hdf5/build/ci-StdShar-GNUC/_deps/plugin-src/BLOSC/src/H5Zblosc.c: In function ‘blosc_filter’:
/home/byrn/HDF_Projects/hdf5/build/ci-StdShar-GNUC/_deps/plugin-src/BLOSC/src/H5Zblosc.c:223:18: warning: assignment discards ‘const’ qualifier from pointer target type [-Wdiscarded-qualifiers]
  223 |         complist = blosc_list_compressors();
      |                  ^
/home/byrn/HDF_Projects/hdf5/build/ci-StdShar-GNUC/_deps/plugin-src/BLOSC/src/H5Zblosc.c:224:53: error: passing argument 2 of ‘blosc_compcode_to_compname’ from incompatible pointer type [-Wincompatible-pointer-types]
  224 |         code = blosc_compcode_to_compname(compcode, &compname);
      |                                                     ^~~~~~~~~
      |                                                     |
      |                                                     char **
In file included from /home/byrn/HDF_Projects/hdf5/build/ci-StdShar-GNUC/_deps/plugin-src/BLOSC/src/H5Zblosc.c:47:
/home/byrn/HDF_Projects/hdf5/build/ci-StdShar-GNUC/_deps/blosc-src/blosc/blosc.h:357:72: note: expected ‘const char **’ but argument is of type ‘char **’
  357 | BLOSC_EXPORT int blosc_compcode_to_compname(int compcode, const char **compname);
      |                                                           ~~~~~~~~~~~~~^~~~~~~~
[2782/4114] /usr/bin/cc -DH5BLOSC_BUILT_AS_DYNAMIC_LIB -DH5PL_BUILT_AS_DYNAMIC_LIB -DUSING_CMAKE -I/home/byrn/HDF_Projects/hdf5/build/ci-StdShar-GNUC/_deps/blosc-build/blosc -I/home/byrn/HDF_Projects/hdf5/build/ci-StdShar-GNUC/_deps/blosc-src/blosc -I/home/byrn/HDF_Projects/hdf5/build/ci-StdShar-GNUC/_deps/blosc-src/internal-complibs/lz4-1.9.4 -I/home/byrn/HDF_Projects/hdf5/build/ci-StdShar-GNUC/_deps/hdf5_zlib-src -I/home/byrn/HDF_Projects/hdf5/build/ci-StdShar-GNUC/_deps/blosc-src/internal-complibs/zstd-1.5.5 -I/home/byrn/HDF_Projects/hdf5/build/ci-StdShar-GNUC/_deps/blosc-src/internal-complibs/zstd-1.5.5/common -std=c99  -fstdarg-opt -fdiagnostics-urls=never -fno-diagnostics-color -fmessage-length=0 -std=c99 -fomit-frame-pointer -finline-functions -fno-common -fmessage-length=0 -std=c99 -fomit-frame-pointer -finline-functions -fno-common -fmessage-length=0 -std=gnu99 -O2 -g -DNDEBUG -std=gnu99 -fPIC -fvisibility=hidden -Wall -Wwrite-strings -Wno-unused-function -msse2 -MD -MT _deps/blosc-build/blosc/CMakeFiles/blosc_static.dir/__/__/blosc-src/internal-complibs/lz4-1.9.4/lz4.c.o -MF _deps/blosc-build/blosc/CMakeFiles/blosc_static.dir/__/__/blosc-src/internal-complibs/lz4-1.9.4/lz4.c.o.d -o _deps/blosc-build/blosc/CMakeFiles/blosc_static.dir/__/__/blosc-src/internal-complibs/lz4-1.9.4/lz4.c.o -c /home/byrn/HDF_Projects/hdf5/build/ci-StdShar-GNUC/_deps/blosc-src/internal-complibs/lz4-1.9.4/lz4.c
[2783/4114] /usr/bin/cc -DH5BLOSC_BUILT_AS_DYNAMIC_LIB -DH5PL_BUILT_AS_DYNAMIC_LIB -DUSING_CMAKE -I/home/byrn/HDF_Projects/hdf5/build/ci-StdShar-GNUC/_deps/blosc-build/blosc -I/home/byrn/HDF_Projects/hdf5/build/ci-StdShar-GNUC/_deps/blosc-src/blosc -I/home/byrn/HDF_Projects/hdf5/build/ci-StdShar-GNUC/_deps/blosc-src/internal-complibs/lz4-1.9.4 -I/home/byrn/HDF_Projects/hdf5/build/ci-StdShar-GNUC/_deps/hdf5_zlib-src -I/home/byrn/HDF_Projects/hdf5/build/ci-StdShar-GNUC/_deps/blosc-src/internal-complibs/zstd-1.5.5 -I/home/byrn/HDF_Projects/hdf5/build/ci-StdShar-GNUC/_deps/blosc-src/internal-complibs/zstd-1.5.5/common -std=c99  -fstdarg-opt -fdiagnostics-urls=never -fno-diagnostics-color -fmessage-length=0 -std=c99 -fomit-frame-pointer -finline-functions -fno-common -fmessage-length=0 -std=c99 -fomit-frame-pointer -finline-functions -fno-common -fmessage-length=0 -std=gnu99 -O2 -g -DNDEBUG -std=gnu99 -fPIC -fvisibility=hidden -Wall -Wwrite-strings -Wno-unused-function -msse2 -MD -MT _deps/blosc-build/blosc/CMakeFiles/blosc_static.dir/__/__/blosc-src/internal-complibs/zstd-1.5.5/dictBuilder/zdict.c.o -MF _deps/blosc-build/blosc/CMakeFiles/blosc_static.dir/__/__/blosc-src/internal-complibs/zstd-1.5.5/dictBuilder/zdict.c.o.d -o _deps/blosc-build/blosc/CMakeFiles/blosc_static.dir/__/__/blosc-src/internal-complibs/zstd-1.5.5/dictBuilder/zdict.c.o -c /home/byrn/HDF_Projects/hdf5/build/ci-StdShar-GNUC/_deps/blosc-src/internal-complibs/zstd-1.5.5/dictBuilder/zdict.c
[2784/4114] /usr/bin/cc -DH5BLOSC_BUILT_AS_DYNAMIC_LIB -DH5PL_BUILT_AS_DYNAMIC_LIB -DUSING_CMAKE -I/home/byrn/HDF_Projects/hdf5/build/ci-StdShar-GNUC/_deps/blosc-build/blosc -I/home/byrn/HDF_Projects/hdf5/build/ci-StdShar-GNUC/_deps/blosc-src/blosc -I/home/byrn/HDF_Projects/hdf5/build/ci-StdShar-GNUC/_deps/blosc-src/internal-complibs/lz4-1.9.4 -I/home/byrn/HDF_Projects/hdf5/build/ci-StdShar-GNUC/_deps/hdf5_zlib-src -I/home/byrn/HDF_Projects/hdf5/build/ci-StdShar-GNUC/_deps/blosc-src/internal-complibs/zstd-1.5.5 -I/home/byrn/HDF_Projects/hdf5/build/ci-StdShar-GNUC/_deps/blosc-src/internal-complibs/zstd-1.5.5/common -std=c99  -fstdarg-opt -fdiagnostics-urls=never -fno-diagnostics-color -fmessage-length=0 -std=c99 -fomit-frame-pointer -finline-functions -fno-common -fmessage-length=0 -std=c99 -fomit-frame-pointer -finline-functions -fno-common -fmessage-length=0 -std=gnu99 -O2 -g -DNDEBUG -std=gnu99 -fPIC -fvisibility=hidden -Wall -Wwrite-strings -Wno-unused-function -msse2 -MD -MT _deps/blosc-build/blosc/CMakeFiles/blosc_static.dir/__/__/blosc-src/internal-complibs/zstd-1.5.5/decompress/huf_decompress.c.o -MF _deps/blosc-build/blosc/CMakeFiles/blosc_static.dir/__/__/blosc-src/internal-complibs/zstd-1.5.5/decompress/huf_decompress.c.o.d -o _deps/blosc-build/blosc/CMakeFiles/blosc_static.dir/__/__/blosc-src/internal-complibs/zstd-1.5.5/decompress/huf_decompress.c.o -c /home/byrn/HDF_Projects/hdf5/build/ci-StdShar-GNUC/_deps/blosc-src/internal-complibs/zstd-1.5.5/decompress/huf_decompress.c
[2785/4114] /usr/bin/cc -DH5BLOSC_BUILT_AS_DYNAMIC_LIB -DH5PL_BUILT_AS_DYNAMIC_LIB -DUSING_CMAKE -I/home/byrn/HDF_Projects/hdf5/build/ci-StdShar-GNUC/_deps/blosc-build/blosc -I/home/byrn/HDF_Projects/hdf5/build/ci-StdShar-GNUC/_deps/blosc-src/blosc -I/home/byrn/HDF_Projects/hdf5/build/ci-StdShar-GNUC/_deps/blosc-src/internal-complibs/lz4-1.9.4 -I/home/byrn/HDF_Projects/hdf5/build/ci-StdShar-GNUC/_deps/hdf5_zlib-src -I/home/byrn/HDF_Projects/hdf5/build/ci-StdShar-GNUC/_deps/blosc-src/internal-complibs/zstd-1.5.5 -I/home/byrn/HDF_Projects/hdf5/build/ci-StdShar-GNUC/_deps/blosc-src/internal-complibs/zstd-1.5.5/common -std=c99  -fstdarg-opt -fdiagnostics-urls=never -fno-diagnostics-color -fmessage-length=0 -std=c99 -fomit-frame-pointer -finline-functions -fno-common -fmessage-length=0 -std=c99 -fomit-frame-pointer -finline-functions -fno-common -fmessage-length=0 -std=gnu99 -O2 -g -DNDEBUG -std=gnu99 -fPIC -fvisibility=hidden -Wall -Wwrite-strings -Wno-unused-function -msse2 -MD -MT _deps/blosc-build/blosc/CMakeFiles/blosc_static.dir/__/__/blosc-src/internal-complibs/zstd-1.5.5/compress/zstd_opt.c.o -MF _deps/blosc-build/blosc/CMakeFiles/blosc_static.dir/__/__/blosc-src/internal-complibs/zstd-1.5.5/compress/zstd_opt.c.o.d -o _deps/blosc-build/blosc/CMakeFiles/blosc_static.dir/__/__/blosc-src/internal-complibs/zstd-1.5.5/compress/zstd_opt.c.o -c /home/byrn/HDF_Projects/hdf5/build/ci-StdShar-GNUC/_deps/blosc-src/internal-complibs/zstd-1.5.5/compress/zstd_opt.c
[2786/4114] /usr/bin/cc -DH5BLOSC_BUILT_AS_DYNAMIC_LIB -DH5PL_BUILT_AS_DYNAMIC_LIB -DUSING_CMAKE -I/home/byrn/HDF_Projects/hdf5/build/ci-StdShar-GNUC/_deps/blosc-build/blosc -I/home/byrn/HDF_Projects/hdf5/build/ci-StdShar-GNUC/_deps/blosc-src/blosc -I/home/byrn/HDF_Projects/hdf5/build/ci-StdShar-GNUC/_deps/blosc-src/internal-complibs/lz4-1.9.4 -I/home/byrn/HDF_Projects/hdf5/build/ci-StdShar-GNUC/_deps/hdf5_zlib-src -I/home/byrn/HDF_Projects/hdf5/build/ci-StdShar-GNUC/_deps/blosc-src/internal-complibs/zstd-1.5.5 -I/home/byrn/HDF_Projects/hdf5/build/ci-StdShar-GNUC/_deps/blosc-src/internal-complibs/zstd-1.5.5/common -std=c99  -fstdarg-opt -fdiagnostics-urls=never -fno-diagnostics-color -fmessage-length=0 -std=c99 -fomit-frame-pointer -finline-functions -fno-common -fmessage-length=0 -std=c99 -fomit-frame-pointer -finline-functions -fno-common -fmessage-length=0 -std=gnu99 -O2 -g -DNDEBUG -std=gnu99 -fPIC -fvisibility=hidden -Wall -Wwrite-strings -Wno-unused-function -msse2 -MD -MT _deps/blosc-build/blosc/CMakeFiles/blosc_static.dir/__/__/blosc-src/internal-complibs/zstd-1.5.5/dictBuilder/divsufsort.c.o -MF _deps/blosc-build/blosc/CMakeFiles/blosc_static.dir/__/__/blosc-src/internal-complibs/zstd-1.5.5/dictBuilder/divsufsort.c.o.d -o _deps/blosc-build/blosc/CMakeFiles/blosc_static.dir/__/__/blosc-src/internal-complibs/zstd-1.5.5/dictBuilder/divsufsort.c.o -c /home/byrn/HDF_Projects/hdf5/build/ci-StdShar-GNUC/_deps/blosc-src/internal-complibs/zstd-1.5.5/dictBuilder/divsufsort.c
[2787/4114] /usr/bin/cc -DH5BLOSC_BUILT_AS_DYNAMIC_LIB -DH5PL_BUILT_AS_DYNAMIC_LIB -DUSING_CMAKE -I/home/byrn/HDF_Projects/hdf5/build/ci-StdShar-GNUC/_deps/blosc-build/blosc -I/home/byrn/HDF_Projects/hdf5/build/ci-StdShar-GNUC/_deps/blosc-src/blosc -I/home/byrn/HDF_Projects/hdf5/build/ci-StdShar-GNUC/_deps/blosc-src/internal-complibs/lz4-1.9.4 -I/home/byrn/HDF_Projects/hdf5/build/ci-StdShar-GNUC/_deps/hdf5_zlib-src -I/home/byrn/HDF_Projects/hdf5/build/ci-StdShar-GNUC/_deps/blosc-src/internal-complibs/zstd-1.5.5 -I/home/byrn/HDF_Projects/hdf5/build/ci-StdShar-GNUC/_deps/blosc-src/internal-complibs/zstd-1.5.5/common -std=c99  -fstdarg-opt -fdiagnostics-urls=never -fno-diagnostics-color -fmessage-length=0 -std=c99 -fomit-frame-pointer -finline-functions -fno-common -fmessage-length=0 -std=c99 -fomit-frame-pointer -finline-functions -fno-common -fmessage-length=0 -std=gnu99 -O2 -g -DNDEBUG -std=gnu99 -fPIC -fvisibility=hidden -Wall -Wwrite-strings -Wno-unused-function -msse2 -MD -MT _deps/blosc-build/blosc/CMakeFiles/blosc_static.dir/__/__/blosc-src/internal-complibs/zstd-1.5.5/decompress/zstd_decompress_block.c.o -MF _deps/blosc-build/blosc/CMakeFiles/blosc_static.dir/__/__/blosc-src/internal-complibs/zstd-1.5.5/decompress/zstd_decompress_block.c.o.d -o _deps/blosc-build/blosc/CMakeFiles/blosc_static.dir/__/__/blosc-src/internal-complibs/zstd-1.5.5/decompress/zstd_decompress_block.c.o -c /home/byrn/HDF_Projects/hdf5/build/ci-StdShar-GNUC/_deps/blosc-src/internal-complibs/zstd-1.5.5/decompress/zstd_decompress_block.c
[2788/4114] /usr/bin/cc -DH5BLOSC_BUILT_AS_DYNAMIC_LIB -DH5PL_BUILT_AS_DYNAMIC_LIB -DUSING_CMAKE -I/home/byrn/HDF_Projects/hdf5/build/ci-StdShar-GNUC/_deps/blosc-build/blosc -I/home/byrn/HDF_Projects/hdf5/build/ci-StdShar-GNUC/_deps/blosc-src/blosc -I/home/byrn/HDF_Projects/hdf5/build/ci-StdShar-GNUC/_deps/blosc-src/internal-complibs/lz4-1.9.4 -I/home/byrn/HDF_Projects/hdf5/build/ci-StdShar-GNUC/_deps/hdf5_zlib-src -I/home/byrn/HDF_Projects/hdf5/build/ci-StdShar-GNUC/_deps/blosc-src/internal-complibs/zstd-1.5.5 -I/home/byrn/HDF_Projects/hdf5/build/ci-StdShar-GNUC/_deps/blosc-src/internal-complibs/zstd-1.5.5/common -std=c99  -fstdarg-opt -fdiagnostics-urls=never -fno-diagnostics-color -fmessage-length=0 -std=c99 -fomit-frame-pointer -finline-functions -fno-common -fmessage-length=0 -std=c99 -fomit-frame-pointer -finline-functions -fno-common -fmessage-length=0 -std=gnu99 -O2 -g -DNDEBUG -std=gnu99 -fPIC -fvisibility=hidden -Wall -Wwrite-strings -Wno-unused-function -msse2 -MD -MT _deps/blosc-build/blosc/CMakeFiles/blosc_static.dir/__/__/blosc-src/internal-complibs/zstd-1.5.5/compress/zstd_lazy.c.o -MF _deps/blosc-build/blosc/CMakeFiles/blosc_static.dir/__/__/blosc-src/internal-complibs/zstd-1.5.5/compress/zstd_lazy.c.o.d -o _deps/blosc-build/blosc/CMakeFiles/blosc_static.dir/__/__/blosc-src/internal-complibs/zstd-1.5.5/compress/zstd_lazy.c.o -c /home/byrn/HDF_Projects/hdf5/build/ci-StdShar-GNUC/_deps/blosc-src/internal-complibs/zstd-1.5.5/compress/zstd_lazy.c
ninja: build stopped: subcommand failed.

